
6. Printing statistics.

=== BFP_PE ===

        +----------Local Count, excluding submodules.
        |        +-Local Area, excluding submodules.
        |        | 
       78        - wires
      552        - wire bits
       44        - public wires
      518        - public wire bits
       10        - ports
      101        - port bits
       67   99.918 cells
       32   24.192   AO22D0BWP30P140
       33   74.844   DFCNQD1BWP30P140
        1    0.504   INR2D0BWP30P140
        1    0.378   NR2D0BWP30P140
       16        - submodules
        4        -   CustomOperator_E5M2_to_E2M1
        4        -   FP32Adder
        4        -   ScaleAddition_E5M2_to_E2M1_scale_UE8M0
        4        -   ScaleToFP32_E5M2_x_E2M1_UE8M0

   Chip area for module '\BFP_PE': 99.918000
     of which used for sequential elements: 74.844000 (74.91%)

=== FP32Adder ===

        +----------Local Count, excluding submodules.
        |        +-Local Area, excluding submodules.
        |        | 
      872        - wires
     1037        - wire bits
        6        - public wires
      171        - public wire bits
        3        - ports
       96        - port bits
      898  554.904 cells
       18    9.072   AN2D0BWP30P140
        5     3.15   AN3D0BWP30P140
        4    3.024   AN4D0BWP30P140
        2    1.512   AO211D0BWP30P140
       13     8.19   AO21D0BWP30P140
        4    3.024   AO22D0BWP30P140
       10      6.3   AOI211D0BWP30P140
       52   26.208   AOI21D0BWP30P140
       10     7.56   AOI221D0BWP30P140
        2    2.016   AOI222D0BWP30P140
       32    20.16   AOI22D0BWP30P140
        2     1.26   AOI31D0BWP30P140
       19   16.758   CKMUX2D0BWP30P140
       65    16.38   CKND0BWP30P140
       72   27.216   CKND2D0BWP30P140
        6     3.78   IAO21D0BWP30P140
       20    10.08   IND2D0BWP30P140
        1     0.63   IND3D0BWP30P140
        2    1.512   IND4D0BWP30P140
       21   10.584   INR2D0BWP30P140
        8     5.04   INR3D0BWP30P140
        3    2.268   INR4D0BWP30P140
        7     4.41   IOA21D0BWP30P140
       30    22.68   MAOI222D0BWP30P140
       15    11.34   MAOI22D0BWP30P140
        4    3.024   MOAI22D0BWP30P140
      114   86.184   MUX2ND0BWP30P140
        1    1.764   MUX3D0BWP30P140
        1    1.638   MUX3ND0BWP30P140
        2    4.788   MUX4D0BWP30P140
       16   36.288   MUX4ND0BWP30P140
       14    7.056   ND3D0BWP30P140
        5     3.15   ND4D0BWP30P140
       99   37.422   NR2D0BWP30P140
       35    17.64   NR3D0BWP30P140
        8     5.04   NR4D0BWP30P140
        2    1.512   OA211D0BWP30P140
        6     3.78   OA21D0BWP30P140
        1    0.882   OA22D0BWP30P140
       13     8.19   OAI211D0BWP30P140
       41   20.664   OAI21D0BWP30P140
        1    0.882   OAI221D0BWP30P140
        1    1.008   OAI222D0BWP30P140
       10      6.3   OAI22D0BWP30P140
        6     3.78   OAI31D0BWP30P140
        3    2.268   OAI32D0BWP30P140
        1    0.882   OAI33D0BWP30P140
        6    3.024   OR2D0BWP30P140
        8     5.04   OR3D0BWP30P140
        2    1.512   OR4D0BWP30P140
       51   44.982   XNR2UD0BWP30P140
        1    1.764   XNR3UD0BWP30P140
       23   20.286   XOR2UD0BWP30P140

   Chip area for module '\FP32Adder': 554.904000
     of which used for sequential elements: 0.000000 (0.00%)

=== ScaleToFP32_E5M2_x_E2M1_UE8M0 ===

        +----------Local Count, excluding submodules.
        |        +-Local Area, excluding submodules.
        |        | 
       77        - wires
      124        - wire bits
        4        - public wires
       51        - public wire bits
        4        - ports
       51        - port bits
       88   53.676 cells
        1    0.756   AN4D0BWP30P140
        9     5.67   AOI211D0BWP30P140
        3    1.512   AOI21D0BWP30P140
        2     1.26   AOI22D0BWP30P140
        1     0.63   AOI31D0BWP30P140
        1    0.882   CKMUX2D0BWP30P140
        4    1.008   CKND0BWP30P140
        6    2.268   CKND2D0BWP30P140
        3    1.512   IND2D0BWP30P140
        4    2.016   INR2D0BWP30P140
        1     0.63   INR3D0BWP30P140
        1    0.756   MAOI222D0BWP30P140
        4    3.024   MUX2ND0BWP30P140
        1     0.63   ND4D0BWP30P140
        8    3.024   NR2D0BWP30P140
        5     2.52   NR3D0BWP30P140
        6     3.78   NR4D0BWP30P140
        1    0.756   OA211D0BWP30P140
        1     0.63   OA21D0BWP30P140
        1     0.63   OAI211D0BWP30P140
        3    1.512   OAI21D0BWP30P140
        3     1.89   OAI31D0BWP30P140
        2    1.512   OAI32D0BWP30P140
        1    0.756   OR4D0BWP30P140
       10     8.82   XNR2UD0BWP30P140
        6    5.292   XOR2UD0BWP30P140

   Chip area for module '\ScaleToFP32_E5M2_x_E2M1_UE8M0': 53.676000
     of which used for sequential elements: 0.000000 (0.00%)

=== ScaleAddition_E5M2_to_E2M1_scale_UE8M0 ===

        +----------Local Count, excluding submodules.
        |        +-Local Area, excluding submodules.
        |        | 
       94        - wires
      134        - wire bits
        8        - public wires
       48        - public wire bits
        8        - ports
       48        - port bits
       96   65.898 cells
        2    1.008   AN2D0BWP30P140
        3     1.89   AN3D0BWP30P140
        4     2.52   AO21D0BWP30P140
        4    2.016   AOI21D0BWP30P140
        6    1.512   CKND0BWP30P140
        9    3.402   CKND2D0BWP30P140
        2    1.008   IND2D0BWP30P140
        5     2.52   INR2D0BWP30P140
        5     3.78   MAOI222D0BWP30P140
        6    3.024   ND3D0BWP30P140
        2     1.26   ND4D0BWP30P140
        6    2.268   NR2D0BWP30P140
        3    1.512   NR3D0BWP30P140
        5     2.52   OAI21D0BWP30P140
        2     1.26   OAI22D0BWP30P140
       11    9.702   XNR2UD0BWP30P140
        3    5.292   XNR3UD0BWP30P140
       14   12.348   XOR2UD0BWP30P140
        4    7.056   XOR3UD0BWP30P140

   Chip area for module '\ScaleAddition_E5M2_to_E2M1_scale_UE8M0': 65.898000
     of which used for sequential elements: 0.000000 (0.00%)

=== CustomOperator_E5M2_to_E2M1 ===

        +----------Local Count, excluding submodules.
        |        +-Local Area, excluding submodules.
        |        | 
       28        - wires
       48        - wire bits
        5        - public wires
       25        - public wire bits
        5        - ports
       25        - port bits
       35   19.656 cells
        2    1.008   AN2D0BWP30P140
        2     1.26   AO21D0BWP30P140
        1     0.63   AOI211D0BWP30P140
        2    1.008   AOI21D0BWP30P140
        1     0.63   AOI31D0BWP30P140
        2    0.504   CKND0BWP30P140
        7    2.646   CKND2D0BWP30P140
        1     0.63   IAO21D0BWP30P140
        4    1.512   NR2D0BWP30P140
        1    0.504   NR3D0BWP30P140
        1     0.63   OAI211D0BWP30P140
        1    0.504   OAI21D0BWP30P140
        1    0.504   OR2D0BWP30P140
        1     0.63   OR3D0BWP30P140
        4    3.528   XNR2UD0BWP30P140
        4    3.528   XOR2UD0BWP30P140

   Chip area for module '\CustomOperator_E5M2_to_E2M1': 19.656000
     of which used for sequential elements: 0.000000 (0.00%)

=== design hierarchy ===

        +----------Count including submodules.
        |        +-Area including submodules.
        |        | 
     4535 2.88E+03 BFP_PE
       35   19.656 CustomOperator_E5M2_to_E2M1
      898  554.904 FP32Adder
       96   65.898 ScaleAddition_E5M2_to_E2M1_scale_UE8M0
       88   53.676 ScaleToFP32_E5M2_x_E2M1_UE8M0

        +----------Count including submodules.
        |        +-Area including submodules.
        |        | 
     4362        - wires
     5924        - wire bits
      136        - public wires
     1698        - public wire bits
       90        - ports
      981        - port bits
        -        - memories
        -        - memory bits
        -        - processes
     4535 2.88E+03 cells
       88   44.352   AN2D0BWP30P140
       32    20.16   AN3D0BWP30P140
       20    15.12   AN4D0BWP30P140
        8    6.048   AO211D0BWP30P140
       76    47.88   AO21D0BWP30P140
       48   36.288   AO22D0BWP30P140
       80     50.4   AOI211D0BWP30P140
      244  122.976   AOI21D0BWP30P140
       40    30.24   AOI221D0BWP30P140
        8    8.064   AOI222D0BWP30P140
      136    85.68   AOI22D0BWP30P140
       16    10.08   AOI31D0BWP30P140
       80    70.56   CKMUX2D0BWP30P140
      308   77.616   CKND0BWP30P140
      376  142.128   CKND2D0BWP30P140
       33   74.844   DFCNQD1BWP30P140
       28    17.64   IAO21D0BWP30P140
      100     50.4   IND2D0BWP30P140
        4     2.52   IND3D0BWP30P140
        8    6.048   IND4D0BWP30P140
      121   60.984   INR2D0BWP30P140
       36    22.68   INR3D0BWP30P140
       12    9.072   INR4D0BWP30P140
       28    17.64   IOA21D0BWP30P140
      144  108.864   MAOI222D0BWP30P140
       60    45.36   MAOI22D0BWP30P140
       16   12.096   MOAI22D0BWP30P140
      472  356.832   MUX2ND0BWP30P140
        4    7.056   MUX3D0BWP30P140
        4    6.552   MUX3ND0BWP30P140
        8   19.152   MUX4D0BWP30P140
       64  145.152   MUX4ND0BWP30P140
       80    40.32   ND3D0BWP30P140
       32    20.16   ND4D0BWP30P140
      469  177.282   NR2D0BWP30P140
      176   88.704   NR3D0BWP30P140
       56    35.28   NR4D0BWP30P140
       12    9.072   OA211D0BWP30P140
       28    17.64   OA21D0BWP30P140
        4    3.528   OA22D0BWP30P140
       60     37.8   OAI211D0BWP30P140
      200    100.8   OAI21D0BWP30P140
        4    3.528   OAI221D0BWP30P140
        4    4.032   OAI222D0BWP30P140
       48    30.24   OAI22D0BWP30P140
       36    22.68   OAI31D0BWP30P140
       20    15.12   OAI32D0BWP30P140
        4    3.528   OAI33D0BWP30P140
       28   14.112   OR2D0BWP30P140
       36    22.68   OR3D0BWP30P140
       12    9.072   OR4D0BWP30P140
      304  268.128   XNR2UD0BWP30P140
       16   28.224   XNR3UD0BWP30P140
      188  165.816   XOR2UD0BWP30P140
       16   28.224   XOR3UD0BWP30P140
       16 2.78E+03 submodules
        4   78.624   CustomOperator_E5M2_to_E2M1
        4 2.22E+03   FP32Adder
        4  263.592   ScaleAddition_E5M2_to_E2M1_scale_UE8M0
        4  214.704   ScaleToFP32_E5M2_x_E2M1_UE8M0

   Chip area for top module '\BFP_PE': 2876.454000
     of which used for sequential elements: 74.844000 (2.60%)

