Startpoint: reset (input port clocked by CORE_CLK)
Endpoint: _068_ (recovery check against rising-edge clock CORE_CLK)
Path Group: asynchronous
Path Type: max

    Delay      Time   Description
-------------------------------------------------------------
   0.0000    0.0000   clock CORE_CLK (rise edge)
   0.0000    0.0000   clock network delay (ideal)
   0.0000    0.0000 ^ input external delay
   0.0000    0.0000 ^ reset (in)
   0.0000    0.0000 ^ _068_/CDN (DFCNQD1BWP30P140)
             0.0000   data arrival time

  20.0000   20.0000   clock CORE_CLK (rise edge)
   0.0000   20.0000   clock network delay (ideal)
  -0.0500   19.9500   clock uncertainty
   0.0000   19.9500   clock reconvergence pessimism
            19.9500 ^ _068_/CP (DFCNQD1BWP30P140)
   0.0258   19.9758   library recovery time
            19.9758   data required time
-------------------------------------------------------------
            19.9758   data required time
            -0.0000   data arrival time
-------------------------------------------------------------
            19.9758   slack (MET)


Startpoint: io_op_a_i[6] (input port clocked by CORE_CLK)
Endpoint: _070_ (rising edge-triggered flip-flop clocked by CORE_CLK)
Path Group: CORE_CLK
Path Type: max

    Delay      Time   Description
-------------------------------------------------------------
   0.0000    0.0000   clock CORE_CLK (rise edge)
   0.0000    0.0000   clock network delay (ideal)
   0.0000    0.0000 v input external delay
   0.0000    0.0000 v io_op_a_i[6] (in)
   0.0130    0.0130 ^ reducedSum_op/_062_/ZN (NR3D0BWP30P140)
   0.0427    0.0557 ^ reducedSum_op/_063_/ZN (INR3D0BWP30P140)
   0.0244    0.0801 ^ reducedSum_op/_108_/ZN (IND2D0BWP30P140)
   0.0437    0.1238 ^ reducedSum_op/_111_/ZN (XNR3UD0BWP30P140)
   0.0197    0.1435 v reducedSum_op/_112_/ZN (IND2D0BWP30P140)
   0.0181    0.1616 ^ reducedSum_op/_123_/ZN (NR2D0BWP30P140)
   0.0091    0.1707 v reducedSum_op/_124_/ZN (NR2D0BWP30P140)
   0.0513    0.2219 ^ reducedSum_op/_125_/Z (XOR2UD0BWP30P140)
   0.0290    0.2509 v reducedSum_sa/_0900_/ZN (CKND2D0BWP30P140)
   0.0225    0.2734 v reducedSum_sa/_0926_/Z (XOR2UD0BWP30P140)
   0.0287    0.3021 v reducedSum_sa/_0949_/ZN (XNR2UD0BWP30P140)
   0.0357    0.3378 v reducedSum_sa/_0957_/Z (XOR2UD0BWP30P140)
   0.0702    0.4080 ^ reducedSum_sa/_0977_/ZN (XNR4D0BWP30P140)
   0.0325    0.4406 ^ reducedSum_sa/_0994_/ZN (XNR2UD0BWP30P140)
   0.0277    0.4683 v reducedSum_sa/_1008_/ZN (MAOI222D0BWP30P140)
   0.0329    0.5012 ^ reducedSum_sa/_1009_/ZN (MAOI222D0BWP30P140)
   0.0263    0.5276 v reducedSum_sa/_1010_/ZN (MAOI222D0BWP30P140)
   0.0342    0.5618 ^ reducedSum_sa/_1011_/ZN (MAOI222D0BWP30P140)
   0.0266    0.5883 v reducedSum_sa/_1012_/ZN (MAOI222D0BWP30P140)
   0.0341    0.6225 ^ reducedSum_sa/_1013_/ZN (MAOI222D0BWP30P140)
   0.0266    0.6490 v reducedSum_sa/_1014_/ZN (MAOI222D0BWP30P140)
   0.0342    0.6832 ^ reducedSum_sa/_1015_/ZN (MAOI222D0BWP30P140)
   0.0263    0.7095 v reducedSum_sa/_1016_/ZN (MAOI222D0BWP30P140)
   0.0376    0.7471 ^ reducedSum_sa/_1017_/ZN (MAOI222D0BWP30P140)
   0.0268    0.7739 v reducedSum_sa/_1019_/ZN (AOI21D0BWP30P140)
   0.0390    0.8129 ^ reducedSum_sa/_1036_/ZN (MAOI222D0BWP30P140)
   0.0333    0.8462 v reducedSum_sa/_1049_/ZN (MAOI222D0BWP30P140)
   0.0290    0.8752 v reducedSum_sa/_1055_/ZN (XNR2UD0BWP30P140)
   0.0163    0.8915 ^ reducedSum_reduced_nextLevel_adder/_0589_/ZN (CKND0BWP30P140)
   0.0206    0.9121 v reducedSum_reduced_nextLevel_adder/_0691_/ZN (OAI22D0BWP30P140)
   0.0337    0.9458 ^ reducedSum_reduced_nextLevel_adder/_0694_/ZN (AOI211D0BWP30P140)
   0.0228    0.9686 v reducedSum_reduced_nextLevel_adder/_0698_/ZN (AOI22D0BWP30P140)
   0.0310    0.9995 v reducedSum_reduced_nextLevel_adder/_0699_/Z (OA211D0BWP30P140)
   0.2778    1.2773 ^ reducedSum_reduced_nextLevel_adder/_0701_/ZN (NR2D0BWP30P140)
   0.0356    1.3129 v reducedSum_reduced_nextLevel_adder/_0702_/ZN (MUX2ND0BWP30P140)
   0.0300    1.3429 ^ reducedSum_reduced_nextLevel_adder/_0712_/ZN (ND3D0BWP30P140)
   0.0292    1.3721 v reducedSum_reduced_nextLevel_adder/_0713_/ZN (OAI21D0BWP30P140)
   0.0291    1.4012 ^ reducedSum_reduced_nextLevel_adder/_0754_/ZN (MUX2ND0BWP30P140)
   0.0380    1.4392 v reducedSum_reduced_nextLevel_adder/_0885_/ZN (OAI221D0BWP30P140)
   0.0294    1.4685 ^ reducedSum_reduced_nextLevel_adder/_0889_/ZN (NR3D0BWP30P140)
   0.0250    1.4935 v reducedSum_reduced_nextLevel_adder/_0893_/ZN (MAOI222D0BWP30P140)
   0.0325    1.5261 ^ reducedSum_reduced_nextLevel_adder/_0894_/ZN (MAOI222D0BWP30P140)
   0.0277    1.5537 v reducedSum_reduced_nextLevel_adder/_0898_/ZN (MAOI222D0BWP30P140)
   0.0314    1.5851 ^ reducedSum_reduced_nextLevel_adder/_0902_/ZN (MAOI222D0BWP30P140)
   0.0182    1.6034 v reducedSum_reduced_nextLevel_adder/_0906_/ZN (AOI21D0BWP30P140)
   0.0194    1.6227 ^ reducedSum_reduced_nextLevel_adder/_0908_/ZN (OAI21D0BWP30P140)
   0.0158    1.6386 v reducedSum_reduced_nextLevel_adder/_0912_/ZN (AOI21D0BWP30P140)
   0.0233    1.6619 v reducedSum_reduced_nextLevel_adder/_0914_/ZN (IAO21D0BWP30P140)
   0.0254    1.6873 ^ reducedSum_reduced_nextLevel_adder/_0918_/ZN (MAOI222D0BWP30P140)
   0.0200    1.7073 v reducedSum_reduced_nextLevel_adder/_0922_/ZN (AOI21D0BWP30P140)
   0.0291    1.7364 ^ reducedSum_reduced_nextLevel_adder/_0926_/ZN (MAOI222D0BWP30P140)
   0.0201    1.7565 v reducedSum_reduced_nextLevel_adder/_0930_/ZN (AOI21D0BWP30P140)
   0.0303    1.7868 ^ reducedSum_reduced_nextLevel_adder/_0931_/ZN (MAOI222D0BWP30P140)
   0.0281    1.8149 v reducedSum_reduced_nextLevel_adder/_0935_/ZN (MAOI222D0BWP30P140)
   0.0319    1.8468 ^ reducedSum_reduced_nextLevel_adder/_0939_/ZN (MAOI222D0BWP30P140)
   0.0201    1.8669 v reducedSum_reduced_nextLevel_adder/_0941_/ZN (AOI21D0BWP30P140)
   0.0293    1.8961 ^ reducedSum_reduced_nextLevel_adder/_0943_/ZN (MAOI222D0BWP30P140)
   0.0217    1.9178 v reducedSum_reduced_nextLevel_adder/_0945_/ZN (AOI21D0BWP30P140)
   0.0329    1.9507 v reducedSum_reduced_nextLevel_adder/_0956_/Z (OA211D0BWP30P140)
   0.1160    2.0667 v reducedSum_reduced_nextLevel_adder/_0978_/ZN (IND2D0BWP30P140)
   0.0551    2.1218 v reducedSum_reduced_nextLevel_adder/_1002_/ZN (MUX2ND0BWP30P140)
   0.0436    2.1653 ^ reducedSum_reduced_nextLevel_adder/_1007_/ZN (NR4D0BWP30P140)
   0.0491    2.2144 ^ reducedSum_reduced_nextLevel_adder/_1022_/Z (AN4D0BWP30P140)
   0.0430    2.2574 ^ reducedSum_reduced_nextLevel_adder/_1036_/ZN (INR4D0BWP30P140)
   0.0493    2.3067 ^ reducedSum_reduced_nextLevel_adder/_1051_/Z (AN4D0BWP30P140)
   0.0455    2.3522 ^ reducedSum_reduced_nextLevel_adder/_1064_/Z (AN4D0BWP30P140)
   0.0564    2.4086 ^ reducedSum_reduced_nextLevel_adder/_1142_/ZN (INR4D0BWP30P140)
   0.0367    2.4453 v reducedSum_reduced_nextLevel_adder/_1147_/ZN (IND4D0BWP30P140)
   0.0437    2.4890 ^ reducedSum_reduced_nextLevel_adder/_1151_/ZN (OAI31D0BWP30P140)
   0.0314    2.5204 v reducedSum_reduced_nextLevel_adder/_1154_/ZN (ND3D0BWP30P140)
   0.0252    2.5456 v reducedSum_reduced_nextLevel_adder/_1156_/ZN (INR2D0BWP30P140)
   0.0255    2.5711 ^ reducedSum_reduced_nextLevel_adder_8/_0608_/ZN (XNR2UD0BWP30P140)
   0.0321    2.6032 v reducedSum_reduced_nextLevel_adder_8/_0613_/ZN (OAI211D0BWP30P140)
   0.0203    2.6235 ^ reducedSum_reduced_nextLevel_adder_8/_0616_/ZN (ND3D0BWP30P140)
   0.0452    2.6687 ^ reducedSum_reduced_nextLevel_adder_8/_0619_/ZN (INR2D0BWP30P140)
   0.0161    2.6848 v reducedSum_reduced_nextLevel_adder_8/_0634_/ZN (NR3D0BWP30P140)
   0.0297    2.7145 v reducedSum_reduced_nextLevel_adder_8/_0699_/Z (OA211D0BWP30P140)
   0.2778    2.9923 ^ reducedSum_reduced_nextLevel_adder_8/_0701_/ZN (NR2D0BWP30P140)
   0.0356    3.0279 v reducedSum_reduced_nextLevel_adder_8/_0702_/ZN (MUX2ND0BWP30P140)
   0.0300    3.0578 ^ reducedSum_reduced_nextLevel_adder_8/_0712_/ZN (ND3D0BWP30P140)
   0.0292    3.0871 v reducedSum_reduced_nextLevel_adder_8/_0713_/ZN (OAI21D0BWP30P140)
   0.0291    3.1161 ^ reducedSum_reduced_nextLevel_adder_8/_0754_/ZN (MUX2ND0BWP30P140)
   0.0380    3.1541 v reducedSum_reduced_nextLevel_adder_8/_0885_/ZN (OAI221D0BWP30P140)
   0.0294    3.1835 ^ reducedSum_reduced_nextLevel_adder_8/_0889_/ZN (NR3D0BWP30P140)
   0.0250    3.2085 v reducedSum_reduced_nextLevel_adder_8/_0893_/ZN (MAOI222D0BWP30P140)
   0.0325    3.2410 ^ reducedSum_reduced_nextLevel_adder_8/_0894_/ZN (MAOI222D0BWP30P140)
   0.0277    3.2687 v reducedSum_reduced_nextLevel_adder_8/_0898_/ZN (MAOI222D0BWP30P140)
   0.0314    3.3001 ^ reducedSum_reduced_nextLevel_adder_8/_0902_/ZN (MAOI222D0BWP30P140)
   0.0182    3.3183 v reducedSum_reduced_nextLevel_adder_8/_0906_/ZN (AOI21D0BWP30P140)
   0.0194    3.3377 ^ reducedSum_reduced_nextLevel_adder_8/_0908_/ZN (OAI21D0BWP30P140)
   0.0158    3.3535 v reducedSum_reduced_nextLevel_adder_8/_0912_/ZN (AOI21D0BWP30P140)
   0.0233    3.3769 v reducedSum_reduced_nextLevel_adder_8/_0914_/ZN (IAO21D0BWP30P140)
   0.0254    3.4022 ^ reducedSum_reduced_nextLevel_adder_8/_0918_/ZN (MAOI222D0BWP30P140)
   0.0200    3.4223 v reducedSum_reduced_nextLevel_adder_8/_0922_/ZN (AOI21D0BWP30P140)
   0.0291    3.4514 ^ reducedSum_reduced_nextLevel_adder_8/_0926_/ZN (MAOI222D0BWP30P140)
   0.0201    3.4715 v reducedSum_reduced_nextLevel_adder_8/_0930_/ZN (AOI21D0BWP30P140)
   0.0303    3.5018 ^ reducedSum_reduced_nextLevel_adder_8/_0931_/ZN (MAOI222D0BWP30P140)
   0.0281    3.5299 v reducedSum_reduced_nextLevel_adder_8/_0935_/ZN (MAOI222D0BWP30P140)
   0.0319    3.5618 ^ reducedSum_reduced_nextLevel_adder_8/_0939_/ZN (MAOI222D0BWP30P140)
   0.0201    3.5818 v reducedSum_reduced_nextLevel_adder_8/_0941_/ZN (AOI21D0BWP30P140)
   0.0293    3.6111 ^ reducedSum_reduced_nextLevel_adder_8/_0943_/ZN (MAOI222D0BWP30P140)
   0.0217    3.6328 v reducedSum_reduced_nextLevel_adder_8/_0945_/ZN (AOI21D0BWP30P140)
   0.0329    3.6657 v reducedSum_reduced_nextLevel_adder_8/_0956_/Z (OA211D0BWP30P140)
   0.1160    3.7817 v reducedSum_reduced_nextLevel_adder_8/_0978_/ZN (IND2D0BWP30P140)
   0.0551    3.8367 v reducedSum_reduced_nextLevel_adder_8/_1002_/ZN (MUX2ND0BWP30P140)
   0.0436    3.8803 ^ reducedSum_reduced_nextLevel_adder_8/_1007_/ZN (NR4D0BWP30P140)
   0.0491    3.9294 ^ reducedSum_reduced_nextLevel_adder_8/_1022_/Z (AN4D0BWP30P140)
   0.0430    3.9724 ^ reducedSum_reduced_nextLevel_adder_8/_1036_/ZN (INR4D0BWP30P140)
   0.0493    4.0217 ^ reducedSum_reduced_nextLevel_adder_8/_1051_/Z (AN4D0BWP30P140)
   0.0455    4.0672 ^ reducedSum_reduced_nextLevel_adder_8/_1064_/Z (AN4D0BWP30P140)
   0.0564    4.1236 ^ reducedSum_reduced_nextLevel_adder_8/_1142_/ZN (INR4D0BWP30P140)
   0.0367    4.1603 v reducedSum_reduced_nextLevel_adder_8/_1147_/ZN (IND4D0BWP30P140)
   0.0437    4.2040 ^ reducedSum_reduced_nextLevel_adder_8/_1151_/ZN (OAI31D0BWP30P140)
   0.0314    4.2354 v reducedSum_reduced_nextLevel_adder_8/_1154_/ZN (ND3D0BWP30P140)
   0.0252    4.2606 v reducedSum_reduced_nextLevel_adder_8/_1156_/ZN (INR2D0BWP30P140)
   0.0255    4.2861 ^ reducedSum_reduced_nextLevel_adder_12/_0608_/ZN (XNR2UD0BWP30P140)
   0.0321    4.3182 v reducedSum_reduced_nextLevel_adder_12/_0613_/ZN (OAI211D0BWP30P140)
   0.0203    4.3385 ^ reducedSum_reduced_nextLevel_adder_12/_0616_/ZN (ND3D0BWP30P140)
   0.0452    4.3837 ^ reducedSum_reduced_nextLevel_adder_12/_0619_/ZN (INR2D0BWP30P140)
   0.0161    4.3997 v reducedSum_reduced_nextLevel_adder_12/_0634_/ZN (NR3D0BWP30P140)
   0.0297    4.4295 v reducedSum_reduced_nextLevel_adder_12/_0699_/Z (OA211D0BWP30P140)
   0.2778    4.7072 ^ reducedSum_reduced_nextLevel_adder_12/_0701_/ZN (NR2D0BWP30P140)
   0.0356    4.7428 v reducedSum_reduced_nextLevel_adder_12/_0702_/ZN (MUX2ND0BWP30P140)
   0.0300    4.7728 ^ reducedSum_reduced_nextLevel_adder_12/_0712_/ZN (ND3D0BWP30P140)
   0.0292    4.8020 v reducedSum_reduced_nextLevel_adder_12/_0713_/ZN (OAI21D0BWP30P140)
   0.0291    4.8311 ^ reducedSum_reduced_nextLevel_adder_12/_0754_/ZN (MUX2ND0BWP30P140)
   0.0380    4.8691 v reducedSum_reduced_nextLevel_adder_12/_0885_/ZN (OAI221D0BWP30P140)
   0.0294    4.8985 ^ reducedSum_reduced_nextLevel_adder_12/_0889_/ZN (NR3D0BWP30P140)
   0.0250    4.9235 v reducedSum_reduced_nextLevel_adder_12/_0893_/ZN (MAOI222D0BWP30P140)
   0.0325    4.9560 ^ reducedSum_reduced_nextLevel_adder_12/_0894_/ZN (MAOI222D0BWP30P140)
   0.0277    4.9837 v reducedSum_reduced_nextLevel_adder_12/_0898_/ZN (MAOI222D0BWP30P140)
   0.0314    5.0151 ^ reducedSum_reduced_nextLevel_adder_12/_0902_/ZN (MAOI222D0BWP30P140)
   0.0182    5.0333 v reducedSum_reduced_nextLevel_adder_12/_0906_/ZN (AOI21D0BWP30P140)
   0.0194    5.0527 ^ reducedSum_reduced_nextLevel_adder_12/_0908_/ZN (OAI21D0BWP30P140)
   0.0158    5.0685 v reducedSum_reduced_nextLevel_adder_12/_0912_/ZN (AOI21D0BWP30P140)
   0.0233    5.0918 v reducedSum_reduced_nextLevel_adder_12/_0914_/ZN (IAO21D0BWP30P140)
   0.0254    5.1172 ^ reducedSum_reduced_nextLevel_adder_12/_0918_/ZN (MAOI222D0BWP30P140)
   0.0200    5.1373 v reducedSum_reduced_nextLevel_adder_12/_0922_/ZN (AOI21D0BWP30P140)
   0.0291    5.1664 ^ reducedSum_reduced_nextLevel_adder_12/_0926_/ZN (MAOI222D0BWP30P140)
   0.0201    5.1865 v reducedSum_reduced_nextLevel_adder_12/_0930_/ZN (AOI21D0BWP30P140)
   0.0303    5.2167 ^ reducedSum_reduced_nextLevel_adder_12/_0931_/ZN (MAOI222D0BWP30P140)
   0.0281    5.2448 v reducedSum_reduced_nextLevel_adder_12/_0935_/ZN (MAOI222D0BWP30P140)
   0.0319    5.2768 ^ reducedSum_reduced_nextLevel_adder_12/_0939_/ZN (MAOI222D0BWP30P140)
   0.0201    5.2968 v reducedSum_reduced_nextLevel_adder_12/_0941_/ZN (AOI21D0BWP30P140)
   0.0293    5.3261 ^ reducedSum_reduced_nextLevel_adder_12/_0943_/ZN (MAOI222D0BWP30P140)
   0.0217    5.3478 v reducedSum_reduced_nextLevel_adder_12/_0945_/ZN (AOI21D0BWP30P140)
   0.0329    5.3807 v reducedSum_reduced_nextLevel_adder_12/_0956_/Z (OA211D0BWP30P140)
   0.1160    5.4967 v reducedSum_reduced_nextLevel_adder_12/_0978_/ZN (IND2D0BWP30P140)
   0.0551    5.5517 v reducedSum_reduced_nextLevel_adder_12/_1002_/ZN (MUX2ND0BWP30P140)
   0.0436    5.5953 ^ reducedSum_reduced_nextLevel_adder_12/_1007_/ZN (NR4D0BWP30P140)
   0.0491    5.6443 ^ reducedSum_reduced_nextLevel_adder_12/_1022_/Z (AN4D0BWP30P140)
   0.0430    5.6874 ^ reducedSum_reduced_nextLevel_adder_12/_1036_/ZN (INR4D0BWP30P140)
   0.0493    5.7367 ^ reducedSum_reduced_nextLevel_adder_12/_1051_/Z (AN4D0BWP30P140)
   0.0455    5.7822 ^ reducedSum_reduced_nextLevel_adder_12/_1064_/Z (AN4D0BWP30P140)
   0.0564    5.8386 ^ reducedSum_reduced_nextLevel_adder_12/_1142_/ZN (INR4D0BWP30P140)
   0.0367    5.8753 v reducedSum_reduced_nextLevel_adder_12/_1147_/ZN (IND4D0BWP30P140)
   0.0437    5.9190 ^ reducedSum_reduced_nextLevel_adder_12/_1151_/ZN (OAI31D0BWP30P140)
   0.0314    5.9504 v reducedSum_reduced_nextLevel_adder_12/_1154_/ZN (ND3D0BWP30P140)
   0.0252    5.9756 v reducedSum_reduced_nextLevel_adder_12/_1156_/ZN (INR2D0BWP30P140)
   0.0255    6.0011 ^ reducedSum_reduced_nextLevel_adder_14/_0608_/ZN (XNR2UD0BWP30P140)
   0.0321    6.0331 v reducedSum_reduced_nextLevel_adder_14/_0613_/ZN (OAI211D0BWP30P140)
   0.0203    6.0535 ^ reducedSum_reduced_nextLevel_adder_14/_0616_/ZN (ND3D0BWP30P140)
   0.0452    6.0986 ^ reducedSum_reduced_nextLevel_adder_14/_0619_/ZN (INR2D0BWP30P140)
   0.0161    6.1147 v reducedSum_reduced_nextLevel_adder_14/_0634_/ZN (NR3D0BWP30P140)
   0.0297    6.1444 v reducedSum_reduced_nextLevel_adder_14/_0699_/Z (OA211D0BWP30P140)
   0.2778    6.4222 ^ reducedSum_reduced_nextLevel_adder_14/_0701_/ZN (NR2D0BWP30P140)
   0.0356    6.4578 v reducedSum_reduced_nextLevel_adder_14/_0702_/ZN (MUX2ND0BWP30P140)
   0.0300    6.4878 ^ reducedSum_reduced_nextLevel_adder_14/_0712_/ZN (ND3D0BWP30P140)
   0.0292    6.5170 v reducedSum_reduced_nextLevel_adder_14/_0713_/ZN (OAI21D0BWP30P140)
   0.0291    6.5461 ^ reducedSum_reduced_nextLevel_adder_14/_0754_/ZN (MUX2ND0BWP30P140)
   0.0380    6.5841 v reducedSum_reduced_nextLevel_adder_14/_0885_/ZN (OAI221D0BWP30P140)
   0.0294    6.6135 ^ reducedSum_reduced_nextLevel_adder_14/_0889_/ZN (NR3D0BWP30P140)
   0.0250    6.6385 v reducedSum_reduced_nextLevel_adder_14/_0893_/ZN (MAOI222D0BWP30P140)
   0.0325    6.6710 ^ reducedSum_reduced_nextLevel_adder_14/_0894_/ZN (MAOI222D0BWP30P140)
   0.0277    6.6987 v reducedSum_reduced_nextLevel_adder_14/_0898_/ZN (MAOI222D0BWP30P140)
   0.0314    6.7301 ^ reducedSum_reduced_nextLevel_adder_14/_0902_/ZN (MAOI222D0BWP30P140)
   0.0182    6.7483 v reducedSum_reduced_nextLevel_adder_14/_0906_/ZN (AOI21D0BWP30P140)
   0.0194    6.7677 ^ reducedSum_reduced_nextLevel_adder_14/_0908_/ZN (OAI21D0BWP30P140)
   0.0158    6.7835 v reducedSum_reduced_nextLevel_adder_14/_0912_/ZN (AOI21D0BWP30P140)
   0.0233    6.8068 v reducedSum_reduced_nextLevel_adder_14/_0914_/ZN (IAO21D0BWP30P140)
   0.0254    6.8322 ^ reducedSum_reduced_nextLevel_adder_14/_0918_/ZN (MAOI222D0BWP30P140)
   0.0200    6.8522 v reducedSum_reduced_nextLevel_adder_14/_0922_/ZN (AOI21D0BWP30P140)
   0.0291    6.8813 ^ reducedSum_reduced_nextLevel_adder_14/_0926_/ZN (MAOI222D0BWP30P140)
   0.0201    6.9014 v reducedSum_reduced_nextLevel_adder_14/_0930_/ZN (AOI21D0BWP30P140)
   0.0303    6.9317 ^ reducedSum_reduced_nextLevel_adder_14/_0931_/ZN (MAOI222D0BWP30P140)
   0.0281    6.9598 v reducedSum_reduced_nextLevel_adder_14/_0935_/ZN (MAOI222D0BWP30P140)
   0.0319    6.9917 ^ reducedSum_reduced_nextLevel_adder_14/_0939_/ZN (MAOI222D0BWP30P140)
   0.0201    7.0118 v reducedSum_reduced_nextLevel_adder_14/_0941_/ZN (AOI21D0BWP30P140)
   0.0293    7.0411 ^ reducedSum_reduced_nextLevel_adder_14/_0943_/ZN (MAOI222D0BWP30P140)
   0.0217    7.0628 v reducedSum_reduced_nextLevel_adder_14/_0945_/ZN (AOI21D0BWP30P140)
   0.0329    7.0957 v reducedSum_reduced_nextLevel_adder_14/_0956_/Z (OA211D0BWP30P140)
   0.1160    7.2116 v reducedSum_reduced_nextLevel_adder_14/_0978_/ZN (IND2D0BWP30P140)
   0.0551    7.2667 v reducedSum_reduced_nextLevel_adder_14/_1002_/ZN (MUX2ND0BWP30P140)
   0.0436    7.3102 ^ reducedSum_reduced_nextLevel_adder_14/_1007_/ZN (NR4D0BWP30P140)
   0.0491    7.3593 ^ reducedSum_reduced_nextLevel_adder_14/_1022_/Z (AN4D0BWP30P140)
   0.0430    7.4024 ^ reducedSum_reduced_nextLevel_adder_14/_1036_/ZN (INR4D0BWP30P140)
   0.0493    7.4517 ^ reducedSum_reduced_nextLevel_adder_14/_1051_/Z (AN4D0BWP30P140)
   0.0455    7.4971 ^ reducedSum_reduced_nextLevel_adder_14/_1064_/Z (AN4D0BWP30P140)
   0.0274    7.5245 ^ reducedSum_reduced_nextLevel_adder_14/_1069_/ZN (INR2D0BWP30P140)
   0.0207    7.5452 v reducedSum_reduced_nextLevel_adder_14/_1075_/ZN (XNR2UD0BWP30P140)
   0.1015    7.6467 ^ reducedSum_conv/_152_/ZN (NR3D0BWP30P140)
   0.0337    7.6805 v reducedSum_conv/_166_/ZN (XNR2UD0BWP30P140)
   0.0284    7.7088 ^ reducedSum_conv/_167_/ZN (OAI21D0BWP30P140)
   0.0297    7.7385 ^ reducedSum_conv/_177_/Z (AO21D0BWP30P140)
   0.0257    7.7642 v reducedSum_conv/_196_/ZN (AOI31D0BWP30P140)
   0.0357    7.7999 ^ reducedSum_conv/_200_/ZN (AOI211D0BWP30P140)
   0.0257    7.8256 ^ reducedSum_conv/_204_/Z (AO21D0BWP30P140)
   0.1081    7.9337 v reducedSum_conv/_208_/ZN (ND3D0BWP30P140)
   0.0724    8.0061 ^ reducedSum_conv/_221_/ZN (AOI21D0BWP30P140)
   0.0280    8.0341 v accAdder/_0897_/ZN (XNR2UD0BWP30P140)
   0.0324    8.0665 ^ accAdder/_0899_/ZN (AOI21D0BWP30P140)
   0.0302    8.0967 v accAdder/_0901_/ZN (MAOI222D0BWP30P140)
   0.0385    8.1352 ^ accAdder/_0902_/ZN (MAOI222D0BWP30P140)
   0.0303    8.1655 v accAdder/_0903_/ZN (MAOI222D0BWP30P140)
   0.0385    8.2041 ^ accAdder/_0966_/ZN (MAOI222D0BWP30P140)
   0.0303    8.2344 v accAdder/_0968_/ZN (MAOI222D0BWP30P140)
   0.0271    8.2615 v accAdder/_0970_/ZN (XNR2UD0BWP30P140)
   0.0213    8.2828 ^ accAdder/_0971_/ZN (NR2D0BWP30P140)
   0.0257    8.3086 ^ accAdder/_0972_/Z (AN2D0BWP30P140)
   0.4170    8.7255 v accAdder/_0975_/ZN (AOI31D0BWP30P140)
   0.4192    9.1448 ^ accAdder/_0991_/ZN (AOI22D0BWP30P140)
   0.0318    9.1766 v accAdder/_1063_/ZN (CKND2D0BWP30P140)
   0.0370    9.2136 ^ accAdder/_1188_/ZN (OAI32D0BWP30P140)
   0.0151    9.2286 v accAdder/_1189_/ZN (AOI21D0BWP30P140)
   0.0396    9.2683 ^ accAdder/_1191_/ZN (OAI221D0BWP30P140)
   0.0211    9.2894 v accAdder/_1196_/ZN (OAI31D0BWP30P140)
   0.0222    9.3116 ^ accAdder/_1198_/ZN (AOI21D0BWP30P140)
   0.0256    9.3372 v accAdder/_1200_/ZN (MAOI222D0BWP30P140)
   0.0396    9.3768 ^ accAdder/_1202_/ZN (MAOI222D0BWP30P140)
   0.0257    9.4025 v accAdder/_1204_/ZN (MAOI222D0BWP30P140)
   0.0277    9.4302 ^ accAdder/_1206_/ZN (AOI21D0BWP30P140)
   0.0253    9.4555 ^ accAdder/_1209_/ZN (IAO21D0BWP30P140)
   0.0247    9.4802 v accAdder/_1211_/ZN (MAOI222D0BWP30P140)
   0.0395    9.5197 ^ accAdder/_1213_/ZN (MAOI222D0BWP30P140)
   0.0265    9.5462 v accAdder/_1221_/ZN (MAOI222D0BWP30P140)
   0.0354    9.5816 v accAdder/_1232_/Z (AO21D0BWP30P140)
   0.0261    9.6076 ^ accAdder/_1242_/ZN (MAOI222D0BWP30P140)
   0.0265    9.6342 v accAdder/_1255_/ZN (MAOI222D0BWP30P140)
   0.0315    9.6657 v accAdder/_1259_/Z (AO21D0BWP30P140)
   0.0182    9.6838 ^ accAdder/_1276_/ZN (AOI21D0BWP30P140)
   0.0258    9.7097 v accAdder/_1280_/ZN (MAOI222D0BWP30P140)
   0.0391    9.7488 ^ accAdder/_1296_/ZN (MAOI222D0BWP30P140)
   0.0262    9.7750 v accAdder/_1300_/ZN (MAOI222D0BWP30P140)
   0.0304    9.8053 ^ accAdder/_1318_/ZN (AOI21D0BWP30P140)
   0.0249    9.8303 v accAdder/_1322_/ZN (MAOI222D0BWP30P140)
   0.0364    9.8667 v accAdder/_1345_/Z (AO21D0BWP30P140)
   0.0156    9.8823 ^ accAdder/_1353_/ZN (MUX2ND0BWP30P140)
   0.0348    9.9172 ^ accAdder/_1354_/ZN (XNR2UD0BWP30P140)
   0.0288    9.9459 ^ accAdder/_1453_/ZN (MAOI22D0BWP30P140)
   0.1281   10.0740 v accAdder/_1456_/ZN (OAI211D0BWP30P140)
   0.0886   10.1626 ^ accAdder/_1531_/Z (MUX4D0BWP30P140)
   0.0194   10.1821 v accAdder/_1534_/ZN (MUX3ND0BWP30P140)
   0.0405   10.2226 ^ accAdder/_1568_/ZN (NR2D0BWP30P140)
   0.0507   10.2733 ^ accAdder/_1577_/ZN (INR4D0BWP30P140)
   0.0510   10.3243 ^ accAdder/_1582_/Z (AN4D0BWP30P140)
   0.0395   10.3638 ^ accAdder/_1590_/Z (AN4D0BWP30P140)
   0.0406   10.4044 ^ accAdder/_1601_/Z (AN4D0BWP30P140)
   0.0349   10.4392 ^ accAdder/_1603_/Z (AN3D0BWP30P140)
   0.0271   10.4664 v accAdder/_1605_/ZN (IND3D0BWP30P140)
   0.0379   10.5043 v accAdder/_1606_/Z (OR3D0BWP30P140)
   0.0368   10.5411 ^ accAdder/_1608_/ZN (INR3D0BWP30P140)
   0.0364   10.5776 v accAdder/_1611_/ZN (MAOI222D0BWP30P140)
   0.0357   10.6132 ^ accAdder/_1616_/ZN (NR4D0BWP30P140)
   0.0219   10.6351 v accAdder/_1619_/ZN (OAI31D0BWP30P140)
   0.0327   10.6678 v accAdder/_1621_/Z (AO21D0BWP30P140)
   0.0312   10.6990 ^ accAdder/_1623_/ZN (AOI21D0BWP30P140)
   0.0237   10.7227 v accAdder/_1626_/ZN (OAI21D0BWP30P140)
   0.0215   10.7442 v accAdder/_1658_/Z (AN3D0BWP30P140)
   0.0613   10.8054 v accAdder/_1659_/Z (OR3D0BWP30P140)
   0.0420   10.8474 ^ accAdder/_1703_/ZN (AOI211D0BWP30P140)
   0.0261   10.8735 ^ _060_/Z (AO22D0BWP30P140)
   0.0000   10.8735 ^ _070_/D (DFCNQD1BWP30P140)
            10.8735   data arrival time

  20.0000   20.0000   clock CORE_CLK (rise edge)
   0.0000   20.0000   clock network delay (ideal)
  -0.0500   19.9500   clock uncertainty
   0.0000   19.9500   clock reconvergence pessimism
            19.9500 ^ _070_/CP (DFCNQD1BWP30P140)
  -0.0174   19.9326   library setup time
            19.9326   data required time
-------------------------------------------------------------
            19.9326   data required time
           -10.8735   data arrival time
-------------------------------------------------------------
             9.0592   slack (MET)


