Startpoint: reset (input port clocked by CORE_CLK)
Endpoint: _46_ (recovery check against rising-edge clock CORE_CLK)
Path Group: asynchronous
Path Type: max

    Delay      Time   Description
-------------------------------------------------------------
   0.0000    0.0000   clock CORE_CLK (rise edge)
   0.0000    0.0000   clock network delay (ideal)
   0.0000    0.0000 ^ input external delay
   0.0000    0.0000 ^ reset (in)
   0.0000    0.0000 ^ _46_/CDN (DFCNQD1BWP30P140)
             0.0000   data arrival time

   2.0000    2.0000   clock CORE_CLK (rise edge)
   0.0000    2.0000   clock network delay (ideal)
  -0.0500    1.9500   clock uncertainty
   0.0000    1.9500   clock reconvergence pessimism
             1.9500 ^ _46_/CP (DFCNQD1BWP30P140)
   0.0258    1.9758   library recovery time
             1.9758   data required time
-------------------------------------------------------------
             1.9758   data required time
            -0.0000   data arrival time
-------------------------------------------------------------
             1.9758   slack (MET)


Startpoint: io_op_b_i[14] (input port clocked by CORE_CLK)
Endpoint: _51_ (rising edge-triggered flip-flop clocked by CORE_CLK)
Path Group: CORE_CLK
Path Type: max

    Delay      Time   Description
-------------------------------------------------------------
   0.0000    0.0000   clock CORE_CLK (rise edge)
   0.0000    0.0000   clock network delay (ideal)
   0.0000    0.0000 v input external delay
   0.0000    0.0000 v io_op_b_i[14] (in)
   0.0130    0.0130 ^ op_1/_065_/ZN (NR3D0BWP30P140)
   0.0429    0.0559 ^ op_1/_066_/ZN (INR3D0BWP30P140)
   0.0273    0.0832 v op_1/_067_/ZN (NR4D0BWP30P140)
   0.0273    0.1105 ^ op_1/_081_/ZN (AOI21D0BWP30P140)
   0.0187    0.1292 ^ op_1/_083_/Z (OR2D0BWP30P140)
   0.0234    0.1525 ^ op_1/_090_/Z (AO21D0BWP30P140)
   0.0263    0.1789 ^ op_1/_130_/Z (AN3D0BWP30P140)
   0.0110    0.1899 v op_1/_131_/ZN (NR2D0BWP30P140)
   0.0162    0.2061 ^ tree/_2811_/ZN (CKND0BWP30P140)
   0.0175    0.2236 v tree/_2830_/ZN (AOI22D0BWP30P140)
   0.0287    0.2523 ^ tree/_2832_/ZN (AOI221D0BWP30P140)
   0.0462    0.2985 v tree/_2834_/ZN (MOAI22D0BWP30P140)
   0.0377    0.3362 v tree/_2845_/ZN (MUX2ND0BWP30P140)
   0.0264    0.3626 ^ tree/_2847_/ZN (AOI22D0BWP30P140)
   0.0247    0.3874 ^ tree/_2848_/Z (OA21D0BWP30P140)
   0.0208    0.4082 ^ tree/_2853_/Z (OA21D0BWP30P140)
   0.0450    0.4532 ^ tree/_2855_/Z (OA22D0BWP30P140)
   0.0344    0.4876 ^ tree/_2860_/ZN (MUX2ND0BWP30P140)
   0.0297    0.5173 v tree/_2866_/ZN (MAOI222D0BWP30P140)
   0.0193    0.5366 ^ tree/_2874_/ZN (OAI21D0BWP30P140)
   0.0271    0.5637 v tree/_2881_/ZN (AOI31D0BWP30P140)
   0.0686    0.6322 ^ tree/_2887_/ZN (OAI21D0BWP30P140)
   0.0515    0.6838 v tree/_3163_/Z (CKMUX2D0BWP30P140)
   0.0404    0.7242 ^ tree/_3440_/ZN (MAOI222D0BWP30P140)
   0.0439    0.7681 v tree/_3443_/ZN (OAI221D0BWP30P140)
   0.0387    0.8068 ^ tree/_3446_/ZN (AOI31D0BWP30P140)
   0.0598    0.8666 v tree/_3452_/ZN (XNR2UD0BWP30P140)
   0.1422    1.0088 ^ tree/_3471_/ZN (AOI211D0BWP30P140)
   0.0176    1.0264 v tree/_3490_/ZN (MUX2ND0BWP30P140)
   0.0444    1.0708 ^ tree/_3518_/ZN (AOI211D0BWP30P140)
   0.0577    1.1285 v tree/_3598_/ZN (ND4D0BWP30P140)
   0.0346    1.1631 ^ tree/_3599_/ZN (NR2D0BWP30P140)
   0.0288    1.1920 ^ tree/_4668_/ZN (MUX2ND0BWP30P140)
   0.0569    1.2488 v tree/_4677_/Z (XOR3UD0BWP30P140)
   0.0546    1.3034 v tree/_4683_/ZN (XNR3UD0BWP30P140)
   0.0305    1.3339 v tree/_4684_/Z (OR2D0BWP30P140)
   0.0318    1.3657 ^ tree/_4686_/ZN (MAOI222D0BWP30P140)
   0.0308    1.3965 v tree/_4688_/ZN (MAOI222D0BWP30P140)
   0.0300    1.4266 ^ tree/_4690_/ZN (OAI21D0BWP30P140)
   0.0219    1.4484 v tree/_4692_/ZN (AOI21D0BWP30P140)
   0.0255    1.4739 ^ tree/_4694_/ZN (OAI21D0BWP30P140)
   0.0214    1.4953 v tree/_4696_/ZN (AOI21D0BWP30P140)
   0.0253    1.5205 ^ tree/_4698_/ZN (OAI21D0BWP30P140)
   0.0214    1.5419 v tree/_4700_/ZN (AOI21D0BWP30P140)
   0.0252    1.5671 ^ tree/_4703_/ZN (OAI21D0BWP30P140)
   0.0214    1.5885 v tree/_4705_/ZN (AOI21D0BWP30P140)
   0.0263    1.6148 ^ tree/_4708_/ZN (OAI21D0BWP30P140)
   0.0286    1.6434 v tree/_4710_/ZN (MAOI222D0BWP30P140)
   0.0313    1.6747 ^ tree/_4713_/ZN (OAI21D0BWP30P140)
   0.0291    1.7038 v tree/_4715_/ZN (MAOI222D0BWP30P140)
   0.0301    1.7338 ^ tree/_4717_/ZN (OAI21D0BWP30P140)
   0.0219    1.7557 v tree/_4719_/ZN (AOI21D0BWP30P140)
   0.0254    1.7811 ^ tree/_4722_/ZN (OAI21D0BWP30P140)
   0.0206    1.8017 v tree/_4725_/ZN (AOI21D0BWP30P140)
   0.0260    1.8277 ^ tree/_4729_/ZN (OAI211D0BWP30P140)
   0.0281    1.8558 v tree/_4731_/ZN (AOI31D0BWP30P140)
   0.0281    1.8839 ^ tree/_4733_/ZN (OAI21D0BWP30P140)
   0.0227    1.9066 v tree/_4735_/ZN (AOI21D0BWP30P140)
   0.0346    1.9412 ^ tree/_4737_/ZN (MAOI222D0BWP30P140)
   0.0248    1.9660 v tree/_4739_/ZN (AOI21D0BWP30P140)
   0.0355    2.0015 ^ tree/_4741_/ZN (MAOI222D0BWP30P140)
   0.0236    2.0251 v tree/_4744_/ZN (AOI21D0BWP30P140)
   0.0273    2.0524 ^ tree/_4747_/ZN (OAI21D0BWP30P140)
   0.0287    2.0811 v tree/_4749_/ZN (MAOI222D0BWP30P140)
   0.0301    2.1112 ^ tree/_4752_/ZN (OAI21D0BWP30P140)
   0.0219    2.1331 v tree/_4754_/ZN (AOI21D0BWP30P140)
   0.0266    2.1597 ^ tree/_4757_/ZN (OAI21D0BWP30P140)
   0.0297    2.1894 v tree/_4759_/ZN (MAOI222D0BWP30P140)
   0.0397    2.2291 ^ tree/_4761_/ZN (MAOI222D0BWP30P140)
   0.0236    2.2527 v tree/_4763_/ZN (AOI21D0BWP30P140)
   0.0274    2.2801 ^ tree/_4766_/ZN (OAI21D0BWP30P140)
   0.0287    2.3089 v tree/_4768_/ZN (MAOI222D0BWP30P140)
   0.0300    2.3388 ^ tree/_4771_/ZN (OAI21D0BWP30P140)
   0.0218    2.3607 v tree/_4774_/ZN (AOI21D0BWP30P140)
   0.0255    2.3861 ^ tree/_4777_/ZN (OAI21D0BWP30P140)
   0.0214    2.4075 v tree/_4779_/ZN (AOI21D0BWP30P140)
   0.0253    2.4328 ^ tree/_4781_/ZN (OAI21D0BWP30P140)
   0.0214    2.4541 v tree/_4783_/ZN (AOI21D0BWP30P140)
   0.0232    2.4773 ^ tree/_4785_/ZN (OAI21D0BWP30P140)
   0.0207    2.4981 v tree/_4790_/ZN (AOI211D0BWP30P140)
   0.0308    2.5289 ^ tree/_4792_/ZN (OAI31D0BWP30P140)
   0.0229    2.5517 v tree/_4794_/ZN (AOI21D0BWP30P140)
   0.0259    2.5777 ^ tree/_4797_/ZN (OAI21D0BWP30P140)
   0.0214    2.5991 v tree/_4799_/ZN (AOI21D0BWP30P140)
   0.0253    2.6244 ^ tree/_4802_/ZN (OAI21D0BWP30P140)
   0.0214    2.6457 v tree/_4804_/ZN (AOI21D0BWP30P140)
   0.0264    2.6721 ^ tree/_4807_/ZN (OAI21D0BWP30P140)
   0.0286    2.7007 v tree/_4809_/ZN (MAOI222D0BWP30P140)
   0.0301    2.7308 ^ tree/_4812_/ZN (OAI21D0BWP30P140)
   0.0214    2.7522 v tree/_4814_/ZN (AOI21D0BWP30P140)
   0.0235    2.7757 ^ tree/_4819_/ZN (OAI211D0BWP30P140)
   0.0275    2.8032 v tree/_4821_/ZN (AOI31D0BWP30P140)
   0.0300    2.8332 ^ tree/_4823_/ZN (OAI21D0BWP30P140)
   0.0290    2.8622 v tree/_4825_/ZN (MAOI222D0BWP30P140)
   0.0325    2.8947 ^ tree/_4828_/ZN (OAI21D0BWP30P140)
   0.0192    2.9139 v tree/_4831_/ZN (AOI211D0BWP30P140)
   0.0304    2.9442 ^ tree/_4833_/ZN (OAI31D0BWP30P140)
   0.0172    2.9615 v tree/_4834_/ZN (AOI21D0BWP30P140)
   0.0277    2.9892 v tree/_4836_/ZN (IAO21D0BWP30P140)
   0.1067    3.0959 ^ tree/_4837_/ZN (NR2D0BWP30P140)
   0.1023    3.1982 v tree/_4838_/ZN (CKND0BWP30P140)
   0.0304    3.2286 ^ tree/_5126_/ZN (CKND2D0BWP30P140)
   0.0380    3.2666 ^ tree/_5127_/Z (XOR2UD0BWP30P140)
   0.0137    3.2803 v tree/_5234_/ZN (IOA21D0BWP30P140)
   0.0214    3.3017 v tree/_5235_/ZN (IOA21D0BWP30P140)
   0.0215    3.3231 v tree/_5236_/ZN (IOA21D0BWP30P140)
   0.0215    3.3446 v tree/_5237_/ZN (IOA21D0BWP30P140)
   0.0215    3.3661 v tree/_5238_/ZN (IOA21D0BWP30P140)
   0.0214    3.3875 v tree/_5239_/ZN (IOA21D0BWP30P140)
   0.0215    3.4089 v tree/_5240_/ZN (IOA21D0BWP30P140)
   0.0215    3.4304 v tree/_5241_/ZN (IOA21D0BWP30P140)
   0.0215    3.4519 v tree/_5242_/ZN (IOA21D0BWP30P140)
   0.0214    3.4733 v tree/_5243_/ZN (IOA21D0BWP30P140)
   0.0211    3.4944 v tree/_5244_/ZN (IOA21D0BWP30P140)
   0.0215    3.5159 v tree/_5245_/ZN (IOA21D0BWP30P140)
   0.0215    3.5374 v tree/_5246_/ZN (IOA21D0BWP30P140)
   0.0215    3.5589 v tree/_5247_/ZN (IOA21D0BWP30P140)
   0.0215    3.5805 v tree/_5248_/ZN (IOA21D0BWP30P140)
   0.0215    3.6020 v tree/_5249_/ZN (IOA21D0BWP30P140)
   0.0215    3.6235 v tree/_5250_/ZN (IOA21D0BWP30P140)
   0.0168    3.6402 ^ tree/_5251_/ZN (AOI21D0BWP30P140)
   0.0145    3.6548 v tree/_5252_/ZN (OAI21D0BWP30P140)
   0.0164    3.6711 ^ tree/_5253_/ZN (AOI21D0BWP30P140)
   0.0141    3.6852 v tree/_5254_/ZN (OAI21D0BWP30P140)
   0.0163    3.7015 ^ tree/_5255_/ZN (AOI21D0BWP30P140)
   0.0141    3.7156 v tree/_5256_/ZN (OAI21D0BWP30P140)
   0.0161    3.7317 ^ tree/_5257_/ZN (AOI21D0BWP30P140)
   0.0139    3.7456 v tree/_5258_/ZN (OAI21D0BWP30P140)
   0.0213    3.7669 v tree/_5259_/ZN (IOA21D0BWP30P140)
   0.0211    3.7880 v tree/_5260_/ZN (IOA21D0BWP30P140)
   0.0208    3.8087 v tree/_5261_/ZN (IOA21D0BWP30P140)
   0.0207    3.8295 v tree/_5262_/ZN (IOA21D0BWP30P140)
   0.0160    3.8454 ^ tree/_5263_/ZN (AOI21D0BWP30P140)
   0.0146    3.8600 v tree/_5264_/ZN (OAI21D0BWP30P140)
   0.3485    4.2085 v tree/_5265_/Z (AO22D0BWP30P140)
   0.1227    4.3313 v tree/_5277_/ZN (MUX4ND0BWP30P140)
   0.0499    4.3812 ^ tree/_5448_/ZN (MUX2ND0BWP30P140)
   0.0243    4.4055 v tree/_5449_/ZN (MUX3ND0BWP30P140)
   0.0400    4.4454 ^ tree/_5453_/ZN (AOI211D0BWP30P140)
   0.0292    4.4747 v tree/_5454_/ZN (OAI21D0BWP30P140)
   0.0325    4.5072 ^ tree/_5561_/ZN (AOI211D0BWP30P140)
   0.0276    4.5347 v tree/_5564_/ZN (ND4D0BWP30P140)
   0.0287    4.5635 ^ tree/_5566_/ZN (OAI211D0BWP30P140)
   0.0231    4.5865 v tree/_5569_/ZN (NR4D0BWP30P140)
   0.0490    4.6356 v tree/_5571_/Z (XOR2UD0BWP30P140)
   0.0322    4.6678 ^ sa/_569_/ZN (CKND2D0BWP30P140)
   0.0227    4.6905 ^ sa/_572_/ZN (IAO21D0BWP30P140)
   0.0277    4.7183 ^ sa/_596_/ZN (XNR2UD0BWP30P140)
   0.0320    4.7503 ^ sa/_606_/Z (XOR2UD0BWP30P140)
   0.0356    4.7859 v sa/_608_/ZN (AOI32D0BWP30P140)
   0.0618    4.8477 ^ sa/_611_/ZN (XNR4D0BWP30P140)
   0.0329    4.8805 ^ sa/_627_/ZN (XNR2UD0BWP30P140)
   0.0280    4.9086 v sa/_653_/ZN (MAOI222D0BWP30P140)
   0.0339    4.9424 ^ sa/_654_/ZN (MAOI222D0BWP30P140)
   0.0267    4.9691 v sa/_655_/ZN (MAOI222D0BWP30P140)
   0.0338    5.0030 ^ sa/_656_/ZN (MAOI222D0BWP30P140)
   0.0294    5.0324 v sa/_657_/ZN (MAOI222D0BWP30P140)
   0.0301    5.0624 ^ sa/_659_/ZN (AOI21D0BWP30P140)
   0.0238    5.0862 v sa/_662_/ZN (OAI21D0BWP30P140)
   0.0354    5.1216 ^ sa/_664_/ZN (MAOI222D0BWP30P140)
   0.0150    5.1367 v sa/_668_/Z (XOR2UD0BWP30P140)
   0.0147    5.1513 ^ conv/_148_/ZN (CKND0BWP30P140)
   0.0108    5.1621 v conv/_170_/ZN (NR2D0BWP30P140)
   0.1401    5.3022 ^ conv/_178_/ZN (AOI21D0BWP30P140)
   0.0599    5.3621 v conv/_211_/ZN (MUX4ND0BWP30P140)
   0.0424    5.4045 ^ conv/_212_/ZN (NR2D0BWP30P140)
   0.0391    5.4436 ^ conv/_214_/Z (AN4D0BWP30P140)
   0.0322    5.4758 v conv/_221_/ZN (IND4D0BWP30P140)
   0.0412    5.5169 ^ conv/_234_/ZN (INR4D0BWP30P140)
   0.0543    5.5713 ^ conv/_237_/ZN (INR4D0BWP30P140)
   0.0416    5.6129 v conv/_243_/ZN (AOI21D0BWP30P140)
   0.0321    5.6451 ^ conv/_261_/ZN (NR4D0BWP30P140)
   0.0356    5.6806 ^ conv/_265_/Z (AO21D0BWP30P140)
   0.0186    5.6993 v conv/_281_/ZN (INR3D0BWP30P140)
   0.0182    5.7174 v accAdder/_0556_/ZN (INR2D0BWP30P140)
   0.0270    5.7444 ^ accAdder/_0557_/ZN (MAOI222D0BWP30P140)
   0.0394    5.7838 ^ accAdder/_0567_/ZN (XNR2UD0BWP30P140)
   0.0237    5.8075 v accAdder/_0568_/ZN (ND3D0BWP30P140)
   0.0282    5.8357 v accAdder/_0571_/ZN (IND2D0BWP30P140)
   0.0196    5.8553 ^ accAdder/_0580_/ZN (NR3D0BWP30P140)
   0.0430    5.8982 v accAdder/_0594_/ZN (IND4D0BWP30P140)
   0.0483    5.9465 ^ accAdder/_0626_/ZN (AOI211D0BWP30P140)
   0.0770    6.0236 v accAdder/_0629_/ZN (NR2D0BWP30P140)
   0.1306    6.1542 ^ accAdder/_0649_/ZN (OAI31D0BWP30P140)
   0.0575    6.2117 v accAdder/_0666_/ZN (NR3D0BWP30P140)
   0.0458    6.2574 ^ accAdder/_0693_/ZN (AOI22D0BWP30P140)
   0.0373    6.2947 v accAdder/_0698_/ZN (MUX4ND0BWP30P140)
   0.0439    6.3386 ^ accAdder/_0767_/ZN (AOI22D0BWP30P140)
   0.0357    6.3743 v accAdder/_0775_/ZN (ND4D0BWP30P140)
   0.0354    6.4096 ^ accAdder/_0777_/ZN (AOI211D0BWP30P140)
   0.0166    6.4263 v accAdder/_0781_/ZN (OAI21D0BWP30P140)
   0.0161    6.4424 ^ accAdder/_0782_/ZN (OAI21D0BWP30P140)
   0.0168    6.4592 v accAdder/_0784_/ZN (AOI21D0BWP30P140)
   0.0249    6.4841 v accAdder/_0789_/ZN (IAO21D0BWP30P140)
   0.0253    6.5094 v accAdder/_0807_/Z (OA211D0BWP30P140)
   0.0219    6.5313 ^ accAdder/_0820_/ZN (OAI32D0BWP30P140)
   0.0272    6.5585 v accAdder/_0831_/ZN (MAOI222D0BWP30P140)
   0.0343    6.5928 ^ accAdder/_0849_/ZN (MAOI222D0BWP30P140)
   0.0162    6.6090 v accAdder/_0871_/ZN (MUX2ND0BWP30P140)
   0.0345    6.6435 v accAdder/_0872_/ZN (XNR2UD0BWP30P140)
   0.0310    6.6744 ^ accAdder/_0943_/ZN (OAI221D0BWP30P140)
   0.1190    6.7934 v accAdder/_0944_/ZN (OAI21D0BWP30P140)
   0.0855    6.8789 ^ accAdder/_0982_/ZN (MUX4ND0BWP30P140)
   0.0448    6.9237 v accAdder/_0987_/ZN (IND4D0BWP30P140)
   0.0662    6.9899 ^ accAdder/_0989_/ZN (INR4D0BWP30P140)
   0.0463    7.0361 v accAdder/_0997_/ZN (ND4D0BWP30P140)
   0.0312    7.0673 ^ accAdder/_1000_/ZN (NR3D0BWP30P140)
   0.0217    7.0890 v accAdder/_1001_/ZN (IND2D0BWP30P140)
   0.0322    7.1212 v accAdder/_1003_/ZN (IND3D0BWP30P140)
   0.0340    7.1552 ^ accAdder/_1004_/ZN (MAOI222D0BWP30P140)
   0.0402    7.1955 v accAdder/_1007_/ZN (AOI32D0BWP30P140)
   0.0432    7.2387 v accAdder/_1009_/Z (AO211D0BWP30P140)
   0.0290    7.2677 ^ accAdder/_1013_/ZN (OAI22D0BWP30P140)
   0.0199    7.2876 ^ accAdder/_1019_/ZN (IND3D0BWP30P140)
   0.0311    7.3187 v accAdder/_1020_/ZN (OAI211D0BWP30P140)
   0.0622    7.3809 v accAdder/_1038_/Z (AO21D0BWP30P140)
   0.0358    7.4167 ^ accAdder/_1060_/ZN (INR4D0BWP30P140)
   0.0257    7.4424 ^ _35_/Z (AO22D0BWP30P140)
   0.0000    7.4424 ^ _51_/D (DFCNQD1BWP30P140)
             7.4424   data arrival time

   2.0000    2.0000   clock CORE_CLK (rise edge)
   0.0000    2.0000   clock network delay (ideal)
  -0.0500    1.9500   clock uncertainty
   0.0000    1.9500   clock reconvergence pessimism
             1.9500 ^ _51_/CP (DFCNQD1BWP30P140)
  -0.0171    1.9329   library setup time
             1.9329   data required time
-------------------------------------------------------------
             1.9329   data required time
            -7.4424   data arrival time
-------------------------------------------------------------
            -5.5095   slack (VIOLATED)


