
===========================================================================
 report_power
============================================================================
======================= Fastest Corner ===================================

Group                  Internal  Switching    Leakage      Total
                          Power      Power      Power      Power (Watts)
----------------------------------------------------------------
Sequential             9.51e-05   5.81e-05   5.15e-10   1.53e-04   1.7%
Combinational          3.61e-03   5.04e-03   1.21e-08   8.66e-03  97.5%
Clock                  4.26e-05   2.54e-05   4.06e-09   6.80e-05   0.8%
Macro                  0.00e+00   0.00e+00   0.00e+00   0.00e+00   0.0%
Pad                    0.00e+00   0.00e+00   0.00e+00   0.00e+00   0.0%
----------------------------------------------------------------
Total                  3.75e-03   5.13e-03   1.67e-08   8.88e-03 100.0%
                          42.3%      57.7%       0.0%

======================= Slowest Corner ===================================

Group                  Internal  Switching    Leakage      Total
                          Power      Power      Power      Power (Watts)
----------------------------------------------------------------
Sequential             6.53e-05   3.83e-05   4.74e-07   1.04e-04   1.7%
Combinational          2.65e-03   3.34e-03   8.40e-06   6.00e-03  97.5%
Clock                  3.04e-05   1.63e-05   1.10e-07   4.68e-05   0.8%
Macro                  0.00e+00   0.00e+00   0.00e+00   0.00e+00   0.0%
Pad                    0.00e+00   0.00e+00   0.00e+00   0.00e+00   0.0%
----------------------------------------------------------------
Total                  2.75e-03   3.40e-03   8.98e-06   6.15e-03 100.0%
                          44.6%      55.2%       0.1%

======================= Typical Corner ===================================

Group                  Internal  Switching    Leakage      Total
                          Power      Power      Power      Power (Watts)
----------------------------------------------------------------
Sequential             8.26e-05   4.89e-05   2.78e-10   1.32e-04   1.7%
Combinational          3.27e-03   4.26e-03   6.71e-09   7.53e-03  97.5%
Clock                  3.72e-05   2.13e-05   3.78e-09   5.86e-05   0.8%
Macro                  0.00e+00   0.00e+00   0.00e+00   0.00e+00   0.0%
Pad                    0.00e+00   0.00e+00   0.00e+00   0.00e+00   0.0%
----------------------------------------------------------------
Total                  3.39e-03   4.33e-03   1.08e-08   7.72e-03 100.0%
                          43.9%      56.1%       0.0%

