
===========================================================================
 report_power
============================================================================
======================= Fastest Corner ===================================

Group                  Internal  Switching    Leakage      Total
                          Power      Power      Power      Power (Watts)
----------------------------------------------------------------
Sequential             9.99e-05   5.99e-05   5.32e-10   1.60e-04   1.0%
Combinational          7.67e-03   8.40e-03   1.28e-08   1.61e-02  98.6%
Clock                  4.13e-05   2.56e-05   3.87e-09   6.68e-05   0.4%
Macro                  0.00e+00   0.00e+00   0.00e+00   0.00e+00   0.0%
Pad                    0.00e+00   0.00e+00   0.00e+00   0.00e+00   0.0%
----------------------------------------------------------------
Total                  7.81e-03   8.48e-03   1.72e-08   1.63e-02 100.0%
                          47.9%      52.1%       0.0%

======================= Slowest Corner ===================================

Group                  Internal  Switching    Leakage      Total
                          Power      Power      Power      Power (Watts)
----------------------------------------------------------------
Sequential             6.85e-05   3.95e-05   4.78e-07   1.08e-04   1.0%
Combinational          5.57e-03   5.57e-03   8.33e-06   1.11e-02  98.6%
Clock                  2.95e-05   1.63e-05   1.03e-07   4.59e-05   0.4%
Macro                  0.00e+00   0.00e+00   0.00e+00   0.00e+00   0.0%
Pad                    0.00e+00   0.00e+00   0.00e+00   0.00e+00   0.0%
----------------------------------------------------------------
Total                  5.67e-03   5.63e-03   8.91e-06   1.13e-02 100.0%
                          50.1%      49.8%       0.1%

======================= Typical Corner ===================================

Group                  Internal  Switching    Leakage      Total
                          Power      Power      Power      Power (Watts)
----------------------------------------------------------------
Sequential             8.69e-05   5.04e-05   2.80e-10   1.37e-04   1.0%
Combinational          6.86e-03   7.10e-03   6.56e-09   1.40e-02  98.6%
Clock                  3.61e-05   2.14e-05   3.59e-09   5.75e-05   0.4%
Macro                  0.00e+00   0.00e+00   0.00e+00   0.00e+00   0.0%
Pad                    0.00e+00   0.00e+00   0.00e+00   0.00e+00   0.0%
----------------------------------------------------------------
Total                  6.98e-03   7.17e-03   1.04e-08   1.42e-02 100.0%
                          49.4%      50.6%       0.0%

