Startpoint: reset (input port clocked by CORE_CLK)
Endpoint: _068_ (recovery check against rising-edge clock CORE_CLK)
Path Group: asynchronous
Path Type: max

    Delay      Time   Description
-------------------------------------------------------------
   0.0000    0.0000   clock CORE_CLK (rise edge)
   0.0000    0.0000   clock network delay (ideal)
   0.0000    0.0000 ^ input external delay
   0.0000    0.0000 ^ reset (in)
   0.0000    0.0000 ^ _068_/CDN (DFCNQD1BWP30P140)
             0.0000   data arrival time

  20.0000   20.0000   clock CORE_CLK (rise edge)
   0.0000   20.0000   clock network delay (ideal)
  -0.0500   19.9500   clock uncertainty
   0.0000   19.9500   clock reconvergence pessimism
            19.9500 ^ _068_/CP (DFCNQD1BWP30P140)
   0.0258   19.9758   library recovery time
            19.9758   data required time
-------------------------------------------------------------
            19.9758   data required time
            -0.0000   data arrival time
-------------------------------------------------------------
            19.9758   slack (MET)


Startpoint: io_share_exp_B_i[3] (input port clocked by CORE_CLK)
Endpoint: _070_ (rising edge-triggered flip-flop clocked by CORE_CLK)
Path Group: CORE_CLK
Path Type: max

    Delay      Time   Description
-------------------------------------------------------------
   0.0000    0.0000   clock CORE_CLK (rise edge)
   0.0000    0.0000   clock network delay (ideal)
   0.0000    0.0000 ^ input external delay
   0.0000    0.0000 ^ io_share_exp_B_i[3] (in)
   0.0102    0.0102 v reducedSum_sa/_434_/ZN (CKND2D0BWP30P140)
   0.0607    0.0709 v reducedSum_sa/_448_/ZN (XNR3UD0BWP30P140)
   0.0610    0.1319 v reducedSum_sa/_454_/Z (XOR3UD0BWP30P140)
   0.0287    0.1606 v reducedSum_sa/_455_/Z (XOR2UD0BWP30P140)
   0.0334    0.1941 v reducedSum_sa/_456_/ZN (XNR2UD0BWP30P140)
   0.0577    0.2518 v reducedSum_sa/_492_/ZN (XNR3UD0BWP30P140)
   0.0707    0.3225 v reducedSum_sa/_654_/Z (XOR3UD0BWP30P140)
   0.0255    0.3480 ^ reducedSum_sa/_688_/ZN (CKND2D0BWP30P140)
   0.0208    0.3688 v reducedSum_sa/_706_/ZN (XNR2UD0BWP30P140)
   0.0670    0.4358 v reducedSum_sa/_724_/Z (XOR3UD0BWP30P140)
   0.0566    0.4924 v reducedSum_sa/_741_/ZN (XNR3UD0BWP30P140)
   0.0308    0.5232 ^ reducedSum_sa/_800_/ZN (MAOI222D0BWP30P140)
   0.0267    0.5499 v reducedSum_sa/_801_/ZN (MAOI222D0BWP30P140)
   0.0341    0.5841 ^ reducedSum_sa/_802_/ZN (MAOI222D0BWP30P140)
   0.0267    0.6107 v reducedSum_sa/_803_/ZN (MAOI222D0BWP30P140)
   0.0331    0.6438 ^ reducedSum_sa/_804_/ZN (MAOI222D0BWP30P140)
   0.0295    0.6733 v reducedSum_sa/_805_/ZN (MAOI222D0BWP30P140)
   0.0263    0.6996 ^ reducedSum_sa/_808_/ZN (AOI21D0BWP30P140)
   0.0352    0.7348 ^ reducedSum_sa/_820_/ZN (XNR3UD0BWP30P140)
   0.0124    0.7472 v reducedSum_reduced_nextLevel_adder/_0571_/ZN (CKND0BWP30P140)
   0.0125    0.7597 ^ reducedSum_reduced_nextLevel_adder/_0636_/ZN (CKND2D0BWP30P140)
   0.0159    0.7756 v reducedSum_reduced_nextLevel_adder/_0637_/ZN (OAI21D0BWP30P140)
   0.0335    0.8091 ^ reducedSum_reduced_nextLevel_adder/_0638_/ZN (AOI211D0BWP30P140)
   0.0250    0.8341 v reducedSum_reduced_nextLevel_adder/_0640_/ZN (OAI211D0BWP30P140)
   0.0241    0.8582 v reducedSum_reduced_nextLevel_adder/_0643_/Z (OA21D0BWP30P140)
   0.0123    0.8705 ^ reducedSum_reduced_nextLevel_adder/_0646_/ZN (OAI21D0BWP30P140)
   0.1750    1.0455 ^ reducedSum_reduced_nextLevel_adder/_0648_/Z (AO21D0BWP30P140)
   0.0337    1.0792 ^ reducedSum_reduced_nextLevel_adder/_0695_/ZN (MUX2ND0BWP30P140)
   0.0320    1.1112 ^ reducedSum_reduced_nextLevel_adder/_0706_/Z (CKMUX2D0BWP30P140)
   0.0287    1.1399 v reducedSum_reduced_nextLevel_adder/_0738_/ZN (MUX4ND0BWP30P140)
   0.0339    1.1738 ^ reducedSum_reduced_nextLevel_adder/_0811_/ZN (AOI22D0BWP30P140)
   0.0181    1.1919 v reducedSum_reduced_nextLevel_adder/_0812_/ZN (OAI21D0BWP30P140)
   0.0345    1.2263 v reducedSum_reduced_nextLevel_adder/_0813_/Z (AO22D0BWP30P140)
   0.0269    1.2533 ^ reducedSum_reduced_nextLevel_adder/_0932_/ZN (MAOI222D0BWP30P140)
   0.0254    1.2787 ^ reducedSum_reduced_nextLevel_adder/_0933_/ZN (IAO21D0BWP30P140)
   0.0195    1.2982 v reducedSum_reduced_nextLevel_adder/_0934_/ZN (OAI21D0BWP30P140)
   0.0351    1.3333 v reducedSum_reduced_nextLevel_adder/_0936_/Z (AO211D0BWP30P140)
   0.0218    1.3551 ^ reducedSum_reduced_nextLevel_adder/_0937_/ZN (AOI31D0BWP30P140)
   0.0249    1.3800 v reducedSum_reduced_nextLevel_adder/_0938_/ZN (MAOI222D0BWP30P140)
   0.0310    1.4110 v reducedSum_reduced_nextLevel_adder/_0939_/Z (AO21D0BWP30P140)
   0.0185    1.4295 ^ reducedSum_reduced_nextLevel_adder/_0940_/ZN (AOI21D0BWP30P140)
   0.0241    1.4537 v reducedSum_reduced_nextLevel_adder/_0941_/ZN (MAOI222D0BWP30P140)
   0.0310    1.4847 v reducedSum_reduced_nextLevel_adder/_0942_/Z (AO21D0BWP30P140)
   0.0179    1.5026 ^ reducedSum_reduced_nextLevel_adder/_0943_/ZN (AOI21D0BWP30P140)
   0.0241    1.5267 v reducedSum_reduced_nextLevel_adder/_0944_/ZN (MAOI222D0BWP30P140)
   0.0261    1.5528 ^ reducedSum_reduced_nextLevel_adder/_0945_/ZN (AOI21D0BWP30P140)
   0.0245    1.5772 v reducedSum_reduced_nextLevel_adder/_0946_/ZN (MAOI222D0BWP30P140)
   0.0260    1.6032 ^ reducedSum_reduced_nextLevel_adder/_0947_/ZN (AOI21D0BWP30P140)
   0.0203    1.6235 ^ reducedSum_reduced_nextLevel_adder/_0948_/ZN (INR2D0BWP30P140)
   0.0103    1.6338 v reducedSum_reduced_nextLevel_adder/_0949_/ZN (INR3D0BWP30P140)
   0.0198    1.6537 v reducedSum_reduced_nextLevel_adder/_0950_/Z (AN2D0BWP30P140)
   0.1352    1.7889 ^ reducedSum_reduced_nextLevel_adder/_0951_/ZN (NR2D0BWP30P140)
   0.0337    1.8226 ^ reducedSum_reduced_nextLevel_adder/_0970_/ZN (MUX2ND0BWP30P140)
   0.0436    1.8662 v reducedSum_reduced_nextLevel_adder/_0980_/ZN (ND4D0BWP30P140)
   0.0274    1.8937 ^ reducedSum_reduced_nextLevel_adder/_0995_/ZN (NR4D0BWP30P140)
   0.0348    1.9284 v reducedSum_reduced_nextLevel_adder/_1011_/ZN (ND4D0BWP30P140)
   0.0319    1.9603 ^ reducedSum_reduced_nextLevel_adder/_1026_/ZN (NR4D0BWP30P140)
   0.0451    2.0054 v reducedSum_reduced_nextLevel_adder/_1041_/ZN (ND4D0BWP30P140)
   0.0580    2.0634 v reducedSum_reduced_nextLevel_adder/_1115_/Z (OR4D0BWP30P140)
   0.0213    2.0847 v reducedSum_reduced_nextLevel_adder/_1134_/Z (OA21D0BWP30P140)
   0.0288    2.1135 v reducedSum_reduced_nextLevel_adder/_1135_/Z (XOR2UD0BWP30P140)
   0.0370    2.1505 v reducedSum_reduced_nextLevel_adder_16/_0589_/ZN (XNR2UD0BWP30P140)
   0.0346    2.1852 v reducedSum_reduced_nextLevel_adder_16/_0590_/Z (AO21D0BWP30P140)
   0.0238    2.2090 ^ reducedSum_reduced_nextLevel_adder_16/_0593_/ZN (AOI211D0BWP30P140)
   0.0246    2.2336 v reducedSum_reduced_nextLevel_adder_16/_0595_/ZN (OAI31D0BWP30P140)
   0.0218    2.2554 ^ reducedSum_reduced_nextLevel_adder_16/_0596_/ZN (OAI21D0BWP30P140)
   0.0282    2.2836 ^ reducedSum_reduced_nextLevel_adder_16/_0602_/Z (XOR2UD0BWP30P140)
   0.0411    2.3247 v reducedSum_reduced_nextLevel_adder_16/_0615_/ZN (AOI32D0BWP30P140)
   0.0306    2.3553 ^ reducedSum_reduced_nextLevel_adder_16/_0657_/ZN (NR2D0BWP30P140)
   0.0312    2.3864 ^ reducedSum_reduced_nextLevel_adder_16/_0659_/Z (XOR2UD0BWP30P140)
   0.0289    2.4154 ^ reducedSum_reduced_nextLevel_adder_16/_0665_/Z (AO21D0BWP30P140)
   0.1765    2.5918 v reducedSum_reduced_nextLevel_adder_16/_0674_/ZN (IND3D0BWP30P140)
   0.0762    2.6681 ^ reducedSum_reduced_nextLevel_adder_16/_0735_/Z (CKMUX2D0BWP30P140)
   0.0299    2.6980 v reducedSum_reduced_nextLevel_adder_16/_0738_/ZN (MUX4ND0BWP30P140)
   0.0339    2.7319 ^ reducedSum_reduced_nextLevel_adder_16/_0811_/ZN (AOI22D0BWP30P140)
   0.0181    2.7499 v reducedSum_reduced_nextLevel_adder_16/_0812_/ZN (OAI21D0BWP30P140)
   0.0345    2.7844 v reducedSum_reduced_nextLevel_adder_16/_0813_/Z (AO22D0BWP30P140)
   0.0269    2.8114 ^ reducedSum_reduced_nextLevel_adder_16/_0932_/ZN (MAOI222D0BWP30P140)
   0.0254    2.8368 ^ reducedSum_reduced_nextLevel_adder_16/_0933_/ZN (IAO21D0BWP30P140)
   0.0195    2.8563 v reducedSum_reduced_nextLevel_adder_16/_0934_/ZN (OAI21D0BWP30P140)
   0.0351    2.8914 v reducedSum_reduced_nextLevel_adder_16/_0936_/Z (AO211D0BWP30P140)
   0.0218    2.9132 ^ reducedSum_reduced_nextLevel_adder_16/_0937_/ZN (AOI31D0BWP30P140)
   0.0249    2.9381 v reducedSum_reduced_nextLevel_adder_16/_0938_/ZN (MAOI222D0BWP30P140)
   0.0310    2.9691 v reducedSum_reduced_nextLevel_adder_16/_0939_/Z (AO21D0BWP30P140)
   0.0185    2.9876 ^ reducedSum_reduced_nextLevel_adder_16/_0940_/ZN (AOI21D0BWP30P140)
   0.0241    3.0117 v reducedSum_reduced_nextLevel_adder_16/_0941_/ZN (MAOI222D0BWP30P140)
   0.0310    3.0428 v reducedSum_reduced_nextLevel_adder_16/_0942_/Z (AO21D0BWP30P140)
   0.0179    3.0607 ^ reducedSum_reduced_nextLevel_adder_16/_0943_/ZN (AOI21D0BWP30P140)
   0.0241    3.0848 v reducedSum_reduced_nextLevel_adder_16/_0944_/ZN (MAOI222D0BWP30P140)
   0.0261    3.1109 ^ reducedSum_reduced_nextLevel_adder_16/_0945_/ZN (AOI21D0BWP30P140)
   0.0245    3.1353 v reducedSum_reduced_nextLevel_adder_16/_0946_/ZN (MAOI222D0BWP30P140)
   0.0260    3.1613 ^ reducedSum_reduced_nextLevel_adder_16/_0947_/ZN (AOI21D0BWP30P140)
   0.0203    3.1816 ^ reducedSum_reduced_nextLevel_adder_16/_0948_/ZN (INR2D0BWP30P140)
   0.0103    3.1919 v reducedSum_reduced_nextLevel_adder_16/_0949_/ZN (INR3D0BWP30P140)
   0.0198    3.2117 v reducedSum_reduced_nextLevel_adder_16/_0950_/Z (AN2D0BWP30P140)
   0.1352    3.3470 ^ reducedSum_reduced_nextLevel_adder_16/_0951_/ZN (NR2D0BWP30P140)
   0.0337    3.3807 ^ reducedSum_reduced_nextLevel_adder_16/_0970_/ZN (MUX2ND0BWP30P140)
   0.0436    3.4243 v reducedSum_reduced_nextLevel_adder_16/_0980_/ZN (ND4D0BWP30P140)
   0.0274    3.4517 ^ reducedSum_reduced_nextLevel_adder_16/_0995_/ZN (NR4D0BWP30P140)
   0.0348    3.4865 v reducedSum_reduced_nextLevel_adder_16/_1011_/ZN (ND4D0BWP30P140)
   0.0319    3.5184 ^ reducedSum_reduced_nextLevel_adder_16/_1026_/ZN (NR4D0BWP30P140)
   0.0451    3.5635 v reducedSum_reduced_nextLevel_adder_16/_1041_/ZN (ND4D0BWP30P140)
   0.0580    3.6215 v reducedSum_reduced_nextLevel_adder_16/_1115_/Z (OR4D0BWP30P140)
   0.0213    3.6428 v reducedSum_reduced_nextLevel_adder_16/_1134_/Z (OA21D0BWP30P140)
   0.0288    3.6716 v reducedSum_reduced_nextLevel_adder_16/_1135_/Z (XOR2UD0BWP30P140)
   0.0370    3.7086 v reducedSum_reduced_nextLevel_adder_24/_0589_/ZN (XNR2UD0BWP30P140)
   0.0346    3.7433 v reducedSum_reduced_nextLevel_adder_24/_0590_/Z (AO21D0BWP30P140)
   0.0238    3.7671 ^ reducedSum_reduced_nextLevel_adder_24/_0593_/ZN (AOI211D0BWP30P140)
   0.0246    3.7917 v reducedSum_reduced_nextLevel_adder_24/_0595_/ZN (OAI31D0BWP30P140)
   0.0218    3.8135 ^ reducedSum_reduced_nextLevel_adder_24/_0596_/ZN (OAI21D0BWP30P140)
   0.0282    3.8417 ^ reducedSum_reduced_nextLevel_adder_24/_0602_/Z (XOR2UD0BWP30P140)
   0.0411    3.8828 v reducedSum_reduced_nextLevel_adder_24/_0615_/ZN (AOI32D0BWP30P140)
   0.0306    3.9133 ^ reducedSum_reduced_nextLevel_adder_24/_0657_/ZN (NR2D0BWP30P140)
   0.0312    3.9445 ^ reducedSum_reduced_nextLevel_adder_24/_0659_/Z (XOR2UD0BWP30P140)
   0.0289    3.9735 ^ reducedSum_reduced_nextLevel_adder_24/_0665_/Z (AO21D0BWP30P140)
   0.1765    4.1499 v reducedSum_reduced_nextLevel_adder_24/_0674_/ZN (IND3D0BWP30P140)
   0.0762    4.2262 ^ reducedSum_reduced_nextLevel_adder_24/_0735_/Z (CKMUX2D0BWP30P140)
   0.0299    4.2561 v reducedSum_reduced_nextLevel_adder_24/_0738_/ZN (MUX4ND0BWP30P140)
   0.0339    4.2900 ^ reducedSum_reduced_nextLevel_adder_24/_0811_/ZN (AOI22D0BWP30P140)
   0.0181    4.3080 v reducedSum_reduced_nextLevel_adder_24/_0812_/ZN (OAI21D0BWP30P140)
   0.0345    4.3425 v reducedSum_reduced_nextLevel_adder_24/_0813_/Z (AO22D0BWP30P140)
   0.0269    4.3694 ^ reducedSum_reduced_nextLevel_adder_24/_0932_/ZN (MAOI222D0BWP30P140)
   0.0254    4.3949 ^ reducedSum_reduced_nextLevel_adder_24/_0933_/ZN (IAO21D0BWP30P140)
   0.0195    4.4144 v reducedSum_reduced_nextLevel_adder_24/_0934_/ZN (OAI21D0BWP30P140)
   0.0351    4.4495 v reducedSum_reduced_nextLevel_adder_24/_0936_/Z (AO211D0BWP30P140)
   0.0218    4.4713 ^ reducedSum_reduced_nextLevel_adder_24/_0937_/ZN (AOI31D0BWP30P140)
   0.0249    4.4962 v reducedSum_reduced_nextLevel_adder_24/_0938_/ZN (MAOI222D0BWP30P140)
   0.0310    4.5272 v reducedSum_reduced_nextLevel_adder_24/_0939_/Z (AO21D0BWP30P140)
   0.0185    4.5457 ^ reducedSum_reduced_nextLevel_adder_24/_0940_/ZN (AOI21D0BWP30P140)
   0.0241    4.5698 v reducedSum_reduced_nextLevel_adder_24/_0941_/ZN (MAOI222D0BWP30P140)
   0.0310    4.6008 v reducedSum_reduced_nextLevel_adder_24/_0942_/Z (AO21D0BWP30P140)
   0.0179    4.6187 ^ reducedSum_reduced_nextLevel_adder_24/_0943_/ZN (AOI21D0BWP30P140)
   0.0241    4.6429 v reducedSum_reduced_nextLevel_adder_24/_0944_/ZN (MAOI222D0BWP30P140)
   0.0261    4.6689 ^ reducedSum_reduced_nextLevel_adder_24/_0945_/ZN (AOI21D0BWP30P140)
   0.0245    4.6934 v reducedSum_reduced_nextLevel_adder_24/_0946_/ZN (MAOI222D0BWP30P140)
   0.0260    4.7194 ^ reducedSum_reduced_nextLevel_adder_24/_0947_/ZN (AOI21D0BWP30P140)
   0.0203    4.7397 ^ reducedSum_reduced_nextLevel_adder_24/_0948_/ZN (INR2D0BWP30P140)
   0.0103    4.7500 v reducedSum_reduced_nextLevel_adder_24/_0949_/ZN (INR3D0BWP30P140)
   0.0198    4.7698 v reducedSum_reduced_nextLevel_adder_24/_0950_/Z (AN2D0BWP30P140)
   0.1352    4.9051 ^ reducedSum_reduced_nextLevel_adder_24/_0951_/ZN (NR2D0BWP30P140)
   0.0337    4.9388 ^ reducedSum_reduced_nextLevel_adder_24/_0970_/ZN (MUX2ND0BWP30P140)
   0.0436    4.9824 v reducedSum_reduced_nextLevel_adder_24/_0980_/ZN (ND4D0BWP30P140)
   0.0274    5.0098 ^ reducedSum_reduced_nextLevel_adder_24/_0995_/ZN (NR4D0BWP30P140)
   0.0348    5.0446 v reducedSum_reduced_nextLevel_adder_24/_1011_/ZN (ND4D0BWP30P140)
   0.0319    5.0765 ^ reducedSum_reduced_nextLevel_adder_24/_1026_/ZN (NR4D0BWP30P140)
   0.0451    5.1216 v reducedSum_reduced_nextLevel_adder_24/_1041_/ZN (ND4D0BWP30P140)
   0.0580    5.1796 v reducedSum_reduced_nextLevel_adder_24/_1115_/Z (OR4D0BWP30P140)
   0.0213    5.2009 v reducedSum_reduced_nextLevel_adder_24/_1134_/Z (OA21D0BWP30P140)
   0.0288    5.2297 v reducedSum_reduced_nextLevel_adder_24/_1135_/Z (XOR2UD0BWP30P140)
   0.0370    5.2667 v reducedSum_reduced_nextLevel_adder_28/_0589_/ZN (XNR2UD0BWP30P140)
   0.0346    5.3014 v reducedSum_reduced_nextLevel_adder_28/_0590_/Z (AO21D0BWP30P140)
   0.0238    5.3251 ^ reducedSum_reduced_nextLevel_adder_28/_0593_/ZN (AOI211D0BWP30P140)
   0.0246    5.3498 v reducedSum_reduced_nextLevel_adder_28/_0595_/ZN (OAI31D0BWP30P140)
   0.0218    5.3716 ^ reducedSum_reduced_nextLevel_adder_28/_0596_/ZN (OAI21D0BWP30P140)
   0.0282    5.3998 ^ reducedSum_reduced_nextLevel_adder_28/_0602_/Z (XOR2UD0BWP30P140)
   0.0411    5.4409 v reducedSum_reduced_nextLevel_adder_28/_0615_/ZN (AOI32D0BWP30P140)
   0.0306    5.4714 ^ reducedSum_reduced_nextLevel_adder_28/_0657_/ZN (NR2D0BWP30P140)
   0.0312    5.5026 ^ reducedSum_reduced_nextLevel_adder_28/_0659_/Z (XOR2UD0BWP30P140)
   0.0289    5.5315 ^ reducedSum_reduced_nextLevel_adder_28/_0665_/Z (AO21D0BWP30P140)
   0.1765    5.7080 v reducedSum_reduced_nextLevel_adder_28/_0674_/ZN (IND3D0BWP30P140)
   0.0762    5.7842 ^ reducedSum_reduced_nextLevel_adder_28/_0735_/Z (CKMUX2D0BWP30P140)
   0.0299    5.8142 v reducedSum_reduced_nextLevel_adder_28/_0738_/ZN (MUX4ND0BWP30P140)
   0.0339    5.8480 ^ reducedSum_reduced_nextLevel_adder_28/_0811_/ZN (AOI22D0BWP30P140)
   0.0181    5.8661 v reducedSum_reduced_nextLevel_adder_28/_0812_/ZN (OAI21D0BWP30P140)
   0.0345    5.9006 v reducedSum_reduced_nextLevel_adder_28/_0813_/Z (AO22D0BWP30P140)
   0.0269    5.9275 ^ reducedSum_reduced_nextLevel_adder_28/_0932_/ZN (MAOI222D0BWP30P140)
   0.0254    5.9530 ^ reducedSum_reduced_nextLevel_adder_28/_0933_/ZN (IAO21D0BWP30P140)
   0.0195    5.9725 v reducedSum_reduced_nextLevel_adder_28/_0934_/ZN (OAI21D0BWP30P140)
   0.0351    6.0076 v reducedSum_reduced_nextLevel_adder_28/_0936_/Z (AO211D0BWP30P140)
   0.0218    6.0294 ^ reducedSum_reduced_nextLevel_adder_28/_0937_/ZN (AOI31D0BWP30P140)
   0.0249    6.0543 v reducedSum_reduced_nextLevel_adder_28/_0938_/ZN (MAOI222D0BWP30P140)
   0.0310    6.0853 v reducedSum_reduced_nextLevel_adder_28/_0939_/Z (AO21D0BWP30P140)
   0.0185    6.1038 ^ reducedSum_reduced_nextLevel_adder_28/_0940_/ZN (AOI21D0BWP30P140)
   0.0241    6.1279 v reducedSum_reduced_nextLevel_adder_28/_0941_/ZN (MAOI222D0BWP30P140)
   0.0310    6.1589 v reducedSum_reduced_nextLevel_adder_28/_0942_/Z (AO21D0BWP30P140)
   0.0179    6.1768 ^ reducedSum_reduced_nextLevel_adder_28/_0943_/ZN (AOI21D0BWP30P140)
   0.0241    6.2009 v reducedSum_reduced_nextLevel_adder_28/_0944_/ZN (MAOI222D0BWP30P140)
   0.0261    6.2270 ^ reducedSum_reduced_nextLevel_adder_28/_0945_/ZN (AOI21D0BWP30P140)
   0.0245    6.2515 v reducedSum_reduced_nextLevel_adder_28/_0946_/ZN (MAOI222D0BWP30P140)
   0.0260    6.2775 ^ reducedSum_reduced_nextLevel_adder_28/_0947_/ZN (AOI21D0BWP30P140)
   0.0203    6.2978 ^ reducedSum_reduced_nextLevel_adder_28/_0948_/ZN (INR2D0BWP30P140)
   0.0103    6.3081 v reducedSum_reduced_nextLevel_adder_28/_0949_/ZN (INR3D0BWP30P140)
   0.0198    6.3279 v reducedSum_reduced_nextLevel_adder_28/_0950_/Z (AN2D0BWP30P140)
   0.1352    6.4631 ^ reducedSum_reduced_nextLevel_adder_28/_0951_/ZN (NR2D0BWP30P140)
   0.0337    6.4969 ^ reducedSum_reduced_nextLevel_adder_28/_0970_/ZN (MUX2ND0BWP30P140)
   0.0436    6.5405 v reducedSum_reduced_nextLevel_adder_28/_0980_/ZN (ND4D0BWP30P140)
   0.0274    6.5679 ^ reducedSum_reduced_nextLevel_adder_28/_0995_/ZN (NR4D0BWP30P140)
   0.0348    6.6027 v reducedSum_reduced_nextLevel_adder_28/_1011_/ZN (ND4D0BWP30P140)
   0.0319    6.6346 ^ reducedSum_reduced_nextLevel_adder_28/_1026_/ZN (NR4D0BWP30P140)
   0.0451    6.6797 v reducedSum_reduced_nextLevel_adder_28/_1041_/ZN (ND4D0BWP30P140)
   0.0580    6.7377 v reducedSum_reduced_nextLevel_adder_28/_1115_/Z (OR4D0BWP30P140)
   0.0213    6.7590 v reducedSum_reduced_nextLevel_adder_28/_1134_/Z (OA21D0BWP30P140)
   0.0288    6.7878 v reducedSum_reduced_nextLevel_adder_28/_1135_/Z (XOR2UD0BWP30P140)
   0.0370    6.8248 v reducedSum_reduced_nextLevel_adder_30/_0589_/ZN (XNR2UD0BWP30P140)
   0.0346    6.8594 v reducedSum_reduced_nextLevel_adder_30/_0590_/Z (AO21D0BWP30P140)
   0.0238    6.8832 ^ reducedSum_reduced_nextLevel_adder_30/_0593_/ZN (AOI211D0BWP30P140)
   0.0246    6.9079 v reducedSum_reduced_nextLevel_adder_30/_0595_/ZN (OAI31D0BWP30P140)
   0.0218    6.9296 ^ reducedSum_reduced_nextLevel_adder_30/_0596_/ZN (OAI21D0BWP30P140)
   0.0282    6.9579 ^ reducedSum_reduced_nextLevel_adder_30/_0602_/Z (XOR2UD0BWP30P140)
   0.0411    6.9990 v reducedSum_reduced_nextLevel_adder_30/_0615_/ZN (AOI32D0BWP30P140)
   0.0306    7.0295 ^ reducedSum_reduced_nextLevel_adder_30/_0657_/ZN (NR2D0BWP30P140)
   0.0312    7.0607 ^ reducedSum_reduced_nextLevel_adder_30/_0659_/Z (XOR2UD0BWP30P140)
   0.0289    7.0896 ^ reducedSum_reduced_nextLevel_adder_30/_0665_/Z (AO21D0BWP30P140)
   0.1765    7.2661 v reducedSum_reduced_nextLevel_adder_30/_0674_/ZN (IND3D0BWP30P140)
   0.0762    7.3423 ^ reducedSum_reduced_nextLevel_adder_30/_0735_/Z (CKMUX2D0BWP30P140)
   0.0299    7.3723 v reducedSum_reduced_nextLevel_adder_30/_0738_/ZN (MUX4ND0BWP30P140)
   0.0339    7.4061 ^ reducedSum_reduced_nextLevel_adder_30/_0811_/ZN (AOI22D0BWP30P140)
   0.0181    7.4242 v reducedSum_reduced_nextLevel_adder_30/_0812_/ZN (OAI21D0BWP30P140)
   0.0345    7.4587 v reducedSum_reduced_nextLevel_adder_30/_0813_/Z (AO22D0BWP30P140)
   0.0269    7.4856 ^ reducedSum_reduced_nextLevel_adder_30/_0932_/ZN (MAOI222D0BWP30P140)
   0.0254    7.5111 ^ reducedSum_reduced_nextLevel_adder_30/_0933_/ZN (IAO21D0BWP30P140)
   0.0195    7.5306 v reducedSum_reduced_nextLevel_adder_30/_0934_/ZN (OAI21D0BWP30P140)
   0.0351    7.5657 v reducedSum_reduced_nextLevel_adder_30/_0936_/Z (AO211D0BWP30P140)
   0.0218    7.5875 ^ reducedSum_reduced_nextLevel_adder_30/_0937_/ZN (AOI31D0BWP30P140)
   0.0249    7.6124 v reducedSum_reduced_nextLevel_adder_30/_0938_/ZN (MAOI222D0BWP30P140)
   0.0310    7.6434 v reducedSum_reduced_nextLevel_adder_30/_0939_/Z (AO21D0BWP30P140)
   0.0185    7.6619 ^ reducedSum_reduced_nextLevel_adder_30/_0940_/ZN (AOI21D0BWP30P140)
   0.0241    7.6860 v reducedSum_reduced_nextLevel_adder_30/_0941_/ZN (MAOI222D0BWP30P140)
   0.0310    7.7170 v reducedSum_reduced_nextLevel_adder_30/_0942_/Z (AO21D0BWP30P140)
   0.0179    7.7349 ^ reducedSum_reduced_nextLevel_adder_30/_0943_/ZN (AOI21D0BWP30P140)
   0.0241    7.7590 v reducedSum_reduced_nextLevel_adder_30/_0944_/ZN (MAOI222D0BWP30P140)
   0.0261    7.7851 ^ reducedSum_reduced_nextLevel_adder_30/_0945_/ZN (AOI21D0BWP30P140)
   0.0245    7.8096 v reducedSum_reduced_nextLevel_adder_30/_0946_/ZN (MAOI222D0BWP30P140)
   0.0260    7.8356 ^ reducedSum_reduced_nextLevel_adder_30/_0947_/ZN (AOI21D0BWP30P140)
   0.0203    7.8559 ^ reducedSum_reduced_nextLevel_adder_30/_0948_/ZN (INR2D0BWP30P140)
   0.0103    7.8662 v reducedSum_reduced_nextLevel_adder_30/_0949_/ZN (INR3D0BWP30P140)
   0.0198    7.8860 v reducedSum_reduced_nextLevel_adder_30/_0950_/Z (AN2D0BWP30P140)
   0.1352    8.0212 ^ reducedSum_reduced_nextLevel_adder_30/_0951_/ZN (NR2D0BWP30P140)
   0.0337    8.0549 ^ reducedSum_reduced_nextLevel_adder_30/_0970_/ZN (MUX2ND0BWP30P140)
   0.0436    8.0986 v reducedSum_reduced_nextLevel_adder_30/_0980_/ZN (ND4D0BWP30P140)
   0.0369    8.1355 v reducedSum_reduced_nextLevel_adder_30/_0987_/ZN (IND2D0BWP30P140)
   0.0355    8.1710 v reducedSum_reduced_nextLevel_adder_30/_0996_/Z (OR3D0BWP30P140)
   0.0252    8.1962 ^ reducedSum_reduced_nextLevel_adder_30/_1001_/ZN (NR2D0BWP30P140)
   0.0315    8.2277 ^ reducedSum_reduced_nextLevel_adder_30/_1010_/Z (AN3D0BWP30P140)
   0.0164    8.2440 v reducedSum_reduced_nextLevel_adder_30/_1057_/ZN (NR2D0BWP30P140)
   0.0254    8.2694 ^ reducedSum_conv/_144_/ZN (NR4D0BWP30P140)
   0.0186    8.2881 v reducedSum_conv/_145_/ZN (OAI31D0BWP30P140)
   0.0232    8.3112 ^ reducedSum_conv/_149_/ZN (AOI211D0BWP30P140)
   0.0149    8.3262 v reducedSum_conv/_150_/ZN (NR3D0BWP30P140)
   0.0657    8.3919 ^ reducedSum_conv/_151_/ZN (NR3D0BWP30P140)
   0.0424    8.4343 v reducedSum_conv/_167_/ZN (MAOI222D0BWP30P140)
   0.0435    8.4778 ^ reducedSum_conv/_193_/ZN (AOI211D0BWP30P140)
   0.0176    8.4954 v reducedSum_conv/_195_/ZN (NR3D0BWP30P140)
   0.0484    8.5438 v reducedSum_conv/_198_/ZN (IND4D0BWP30P140)
   0.0579    8.6017 ^ reducedSum_conv/_203_/ZN (AOI211D0BWP30P140)
   0.0616    8.6634 ^ reducedSum_conv/_207_/Z (AO21D0BWP30P140)
   0.0244    8.6878 v reducedSum_conv/_219_/ZN (NR2D0BWP30P140)
   0.0290    8.7167 v accAdder/_0897_/ZN (XNR2UD0BWP30P140)
   0.0314    8.7481 ^ accAdder/_0899_/ZN (AOI21D0BWP30P140)
   0.0301    8.7782 v accAdder/_0901_/ZN (MAOI222D0BWP30P140)
   0.0357    8.8139 ^ accAdder/_0902_/ZN (MAOI222D0BWP30P140)
   0.0302    8.8441 v accAdder/_0903_/ZN (MAOI222D0BWP30P140)
   0.0364    8.8805 ^ accAdder/_0966_/ZN (MAOI222D0BWP30P140)
   0.0303    8.9108 v accAdder/_0968_/ZN (MAOI222D0BWP30P140)
   0.0257    8.9364 v accAdder/_0970_/ZN (XNR2UD0BWP30P140)
   0.0212    8.9576 ^ accAdder/_0971_/ZN (NR2D0BWP30P140)
   0.0257    8.9834 ^ accAdder/_0972_/Z (AN2D0BWP30P140)
   0.4170    9.4003 v accAdder/_0975_/ZN (AOI31D0BWP30P140)
   0.4192    9.8196 ^ accAdder/_0991_/ZN (AOI22D0BWP30P140)
   0.0318    9.8514 v accAdder/_1063_/ZN (CKND2D0BWP30P140)
   0.0370    9.8884 ^ accAdder/_1188_/ZN (OAI32D0BWP30P140)
   0.0151    9.9035 v accAdder/_1189_/ZN (AOI21D0BWP30P140)
   0.0396    9.9431 ^ accAdder/_1191_/ZN (OAI221D0BWP30P140)
   0.0211    9.9642 v accAdder/_1196_/ZN (OAI31D0BWP30P140)
   0.0222    9.9864 ^ accAdder/_1198_/ZN (AOI21D0BWP30P140)
   0.0256   10.0120 v accAdder/_1200_/ZN (MAOI222D0BWP30P140)
   0.0396   10.0516 ^ accAdder/_1202_/ZN (MAOI222D0BWP30P140)
   0.0257   10.0773 v accAdder/_1204_/ZN (MAOI222D0BWP30P140)
   0.0277   10.1051 ^ accAdder/_1206_/ZN (AOI21D0BWP30P140)
   0.0253   10.1303 ^ accAdder/_1209_/ZN (IAO21D0BWP30P140)
   0.0247   10.1550 v accAdder/_1211_/ZN (MAOI222D0BWP30P140)
   0.0395   10.1945 ^ accAdder/_1213_/ZN (MAOI222D0BWP30P140)
   0.0265   10.2210 v accAdder/_1221_/ZN (MAOI222D0BWP30P140)
   0.0354   10.2564 v accAdder/_1232_/Z (AO21D0BWP30P140)
   0.0261   10.2824 ^ accAdder/_1242_/ZN (MAOI222D0BWP30P140)
   0.0265   10.3090 v accAdder/_1255_/ZN (MAOI222D0BWP30P140)
   0.0315   10.3405 v accAdder/_1259_/Z (AO21D0BWP30P140)
   0.0182   10.3587 ^ accAdder/_1276_/ZN (AOI21D0BWP30P140)
   0.0258   10.3845 v accAdder/_1280_/ZN (MAOI222D0BWP30P140)
   0.0391   10.4236 ^ accAdder/_1296_/ZN (MAOI222D0BWP30P140)
   0.0262   10.4498 v accAdder/_1300_/ZN (MAOI222D0BWP30P140)
   0.0304   10.4802 ^ accAdder/_1318_/ZN (AOI21D0BWP30P140)
   0.0249   10.5051 v accAdder/_1322_/ZN (MAOI222D0BWP30P140)
   0.0364   10.5415 v accAdder/_1345_/Z (AO21D0BWP30P140)
   0.0156   10.5572 ^ accAdder/_1353_/ZN (MUX2ND0BWP30P140)
   0.0347   10.5919 ^ accAdder/_1354_/ZN (XNR2UD0BWP30P140)
   0.0288   10.6206 ^ accAdder/_1453_/ZN (MAOI22D0BWP30P140)
   0.1281   10.7487 v accAdder/_1456_/ZN (OAI211D0BWP30P140)
   0.0886   10.8373 ^ accAdder/_1531_/Z (MUX4D0BWP30P140)
   0.0194   10.8568 v accAdder/_1534_/ZN (MUX3ND0BWP30P140)
   0.0405   10.8973 ^ accAdder/_1568_/ZN (NR2D0BWP30P140)
   0.0507   10.9480 ^ accAdder/_1577_/ZN (INR4D0BWP30P140)
   0.0510   10.9990 ^ accAdder/_1582_/Z (AN4D0BWP30P140)
   0.0395   11.0385 ^ accAdder/_1590_/Z (AN4D0BWP30P140)
   0.0406   11.0791 ^ accAdder/_1601_/Z (AN4D0BWP30P140)
   0.0349   11.1139 ^ accAdder/_1603_/Z (AN3D0BWP30P140)
   0.0271   11.1411 v accAdder/_1605_/ZN (IND3D0BWP30P140)
   0.0379   11.1790 v accAdder/_1606_/Z (OR3D0BWP30P140)
   0.0368   11.2158 ^ accAdder/_1608_/ZN (INR3D0BWP30P140)
   0.0364   11.2523 v accAdder/_1611_/ZN (MAOI222D0BWP30P140)
   0.0357   11.2879 ^ accAdder/_1616_/ZN (NR4D0BWP30P140)
   0.0219   11.3098 v accAdder/_1619_/ZN (OAI31D0BWP30P140)
   0.0327   11.3425 v accAdder/_1621_/Z (AO21D0BWP30P140)
   0.0312   11.3737 ^ accAdder/_1623_/ZN (AOI21D0BWP30P140)
   0.0237   11.3974 v accAdder/_1626_/ZN (OAI21D0BWP30P140)
   0.0215   11.4189 v accAdder/_1658_/Z (AN3D0BWP30P140)
   0.0613   11.4801 v accAdder/_1659_/Z (OR3D0BWP30P140)
   0.0420   11.5221 ^ accAdder/_1703_/ZN (AOI211D0BWP30P140)
   0.0261   11.5482 ^ _060_/Z (AO22D0BWP30P140)
   0.0000   11.5482 ^ _070_/D (DFCNQD1BWP30P140)
            11.5482   data arrival time

  20.0000   20.0000   clock CORE_CLK (rise edge)
   0.0000   20.0000   clock network delay (ideal)
  -0.0500   19.9500   clock uncertainty
   0.0000   19.9500   clock reconvergence pessimism
            19.9500 ^ _070_/CP (DFCNQD1BWP30P140)
  -0.0174   19.9326   library setup time
            19.9326   data required time
-------------------------------------------------------------
            19.9326   data required time
           -11.5482   data arrival time
-------------------------------------------------------------
             8.3844   slack (MET)


