
6. Printing statistics.

=== BFP_PE ===

        +----------Local Count, excluding submodules.
        |        +-Local Area, excluding submodules.
        |        | 
      333        - wires
     2496        - wire bits
      299        - public wires
     2462        - public wire bits
       10        - ports
      437        - port bits
       67   99.918 cells
       32   24.192   AO22D0BWP30P140
       33   74.844   DFCNQD1BWP30P140
        1    0.504   INR2D0BWP30P140
        1    0.378   NR2D0BWP30P140
       97        - submodules
       31        -   CustomFPAdder_exp7_mant16
       32        -   CustomOperator_E4M3_to_E2M1
        1        -   FP32Adder
       32        -   ScaleAddition_E4M3_to_E2M1_scale_UE4M4
        1        -   ScaleToFP32_E4M3_x_E2M1_UE4M4

   Chip area for module '\BFP_PE': 99.918000
     of which used for sequential elements: 74.844000 (74.91%)

=== FP32Adder ===

        +----------Local Count, excluding submodules.
        |        +-Local Area, excluding submodules.
        |        | 
      872        - wires
     1037        - wire bits
        6        - public wires
      171        - public wire bits
        3        - ports
       96        - port bits
      898  554.904 cells
       18    9.072   AN2D0BWP30P140
        5     3.15   AN3D0BWP30P140
        4    3.024   AN4D0BWP30P140
        2    1.512   AO211D0BWP30P140
       13     8.19   AO21D0BWP30P140
        4    3.024   AO22D0BWP30P140
       10      6.3   AOI211D0BWP30P140
       52   26.208   AOI21D0BWP30P140
       10     7.56   AOI221D0BWP30P140
        2    2.016   AOI222D0BWP30P140
       32    20.16   AOI22D0BWP30P140
        2     1.26   AOI31D0BWP30P140
       19   16.758   CKMUX2D0BWP30P140
       65    16.38   CKND0BWP30P140
       72   27.216   CKND2D0BWP30P140
        6     3.78   IAO21D0BWP30P140
       20    10.08   IND2D0BWP30P140
        1     0.63   IND3D0BWP30P140
        2    1.512   IND4D0BWP30P140
       21   10.584   INR2D0BWP30P140
        8     5.04   INR3D0BWP30P140
        3    2.268   INR4D0BWP30P140
        7     4.41   IOA21D0BWP30P140
       30    22.68   MAOI222D0BWP30P140
       15    11.34   MAOI22D0BWP30P140
        4    3.024   MOAI22D0BWP30P140
      114   86.184   MUX2ND0BWP30P140
        1    1.764   MUX3D0BWP30P140
        1    1.638   MUX3ND0BWP30P140
        2    4.788   MUX4D0BWP30P140
       16   36.288   MUX4ND0BWP30P140
       14    7.056   ND3D0BWP30P140
        5     3.15   ND4D0BWP30P140
       99   37.422   NR2D0BWP30P140
       35    17.64   NR3D0BWP30P140
        8     5.04   NR4D0BWP30P140
        2    1.512   OA211D0BWP30P140
        6     3.78   OA21D0BWP30P140
        1    0.882   OA22D0BWP30P140
       13     8.19   OAI211D0BWP30P140
       41   20.664   OAI21D0BWP30P140
        1    0.882   OAI221D0BWP30P140
        1    1.008   OAI222D0BWP30P140
       10      6.3   OAI22D0BWP30P140
        6     3.78   OAI31D0BWP30P140
        3    2.268   OAI32D0BWP30P140
        1    0.882   OAI33D0BWP30P140
        6    3.024   OR2D0BWP30P140
        8     5.04   OR3D0BWP30P140
        2    1.512   OR4D0BWP30P140
       51   44.982   XNR2UD0BWP30P140
        1    1.764   XNR3UD0BWP30P140
       23   20.286   XOR2UD0BWP30P140

   Chip area for module '\FP32Adder': 554.904000
     of which used for sequential elements: 0.000000 (0.00%)

=== ScaleToFP32_E4M3_x_E2M1_UE4M4 ===

        +----------Local Count, excluding submodules.
        |        +-Local Area, excluding submodules.
        |        | 
      108        - wires
      160        - wire bits
        4        - public wires
       56        - public wire bits
        4        - ports
       56        - port bits
      128   75.474 cells
        6    3.024   AN2D0BWP30P140
        1    0.756   AN4D0BWP30P140
        2     1.26   AO21D0BWP30P140
        3     1.89   AOI211D0BWP30P140
        2    1.008   AOI21D0BWP30P140
        1     0.63   AOI22D0BWP30P140
       10     8.82   CKMUX2D0BWP30P140
        5     1.26   CKND0BWP30P140
        7    2.646   CKND2D0BWP30P140
        6     3.78   IAO21D0BWP30P140
        7    3.528   IND2D0BWP30P140
        1     0.63   IND3D0BWP30P140
        3    1.512   INR2D0BWP30P140
        1     0.63   INR3D0BWP30P140
        1     0.63   IOA21D0BWP30P140
       17   12.852   MUX2ND0BWP30P140
        3    1.512   ND3D0BWP30P140
        1     0.63   ND4D0BWP30P140
       15     5.67   NR2D0BWP30P140
        3    1.512   NR3D0BWP30P140
        3     1.89   NR4D0BWP30P140
        1    0.756   OA211D0BWP30P140
        1     0.63   OA21D0BWP30P140
        2     1.26   OAI211D0BWP30P140
        9    4.536   OAI21D0BWP30P140
        1     0.63   OAI22D0BWP30P140
        4     2.52   OAI31D0BWP30P140
        3    1.512   OR2D0BWP30P140
        1     0.63   OR3D0BWP30P140
        1    0.756   OR4D0BWP30P140
        4    3.528   XNR2UD0BWP30P140
        3    2.646   XOR2UD0BWP30P140

   Chip area for module '\ScaleToFP32_E4M3_x_E2M1_UE4M4': 75.474000
     of which used for sequential elements: 0.000000 (0.00%)

=== CustomFPAdder_exp7_mant16 ===

        +----------Local Count, excluding submodules.
        |        +-Local Area, excluding submodules.
        |        | 
      463        - wires
      544        - wire bits
       10        - public wires
       91        - public wire bits
        9        - ports
       72        - port bits
      477  308.826 cells
       12    6.048   AN2D0BWP30P140
        2    1.512   AN4D0BWP30P140
        2    1.512   AO211D0BWP30P140
        5     3.15   AO21D0BWP30P140
        1    0.756   AO22D0BWP30P140
        2     1.26   AOI211D0BWP30P140
       23   11.592   AOI21D0BWP30P140
        3    2.268   AOI221D0BWP30P140
       12     7.56   AOI22D0BWP30P140
        4     2.52   AOI31D0BWP30P140
        4    3.024   AOI32D0BWP30P140
        7    6.174   CKMUX2D0BWP30P140
       36    9.072   CKND0BWP30P140
       24    9.072   CKND2D0BWP30P140
        8     5.04   IAO21D0BWP30P140
       23   11.592   IND2D0BWP30P140
        4     2.52   IND3D0BWP30P140
        2    1.512   IND4D0BWP30P140
       21   10.584   INR2D0BWP30P140
        1     0.63   INR3D0BWP30P140
        1    0.756   INR4D0BWP30P140
        2     1.26   IOA21D0BWP30P140
       10     7.56   MAOI222D0BWP30P140
        2    1.512   MAOI22D0BWP30P140
        3    2.268   MOAI22D0BWP30P140
       68   51.408   MUX2ND0BWP30P140
        2    3.276   MUX3ND0BWP30P140
       11   24.948   MUX4ND0BWP30P140
        6    3.024   ND3D0BWP30P140
        2     1.26   ND4D0BWP30P140
       33   12.474   NR2D0BWP30P140
        6    3.024   NR3D0BWP30P140
        9     5.67   NR4D0BWP30P140
        4    3.024   OA211D0BWP30P140
        5     3.15   OA21D0BWP30P140
        7     4.41   OAI211D0BWP30P140
       23   11.592   OAI21D0BWP30P140
        1    0.882   OAI221D0BWP30P140
        6     3.78   OAI22D0BWP30P140
        6     3.78   OAI31D0BWP30P140
        2    1.512   OAI32D0BWP30P140
        6    3.024   OR2D0BWP30P140
        1     0.63   OR3D0BWP30P140
        1    0.756   OR4D0BWP30P140
       44   38.808   XNR2UD0BWP30P140
       20    17.64   XOR2UD0BWP30P140

   Chip area for module '\CustomFPAdder_exp7_mant16': 308.826000
     of which used for sequential elements: 0.000000 (0.00%)

=== ScaleAddition_E4M3_to_E2M1_scale_UE4M4 ===

        +----------Local Count, excluding submodules.
        |        +-Local Area, excluding submodules.
        |        | 
      349        - wires
      394        - wire bits
        8        - public wires
       53        - public wire bits
        8        - ports
       53        - port bits
      364   265.23 cells
       15     7.56   AN2D0BWP30P140
        3     1.89   AN3D0BWP30P140
        4    3.024   AN4D0BWP30P140
        6     3.78   AO21D0BWP30P140
        5     3.78   AO22D0BWP30P140
        9    4.536   AOI21D0BWP30P140
        6     3.78   AOI22D0BWP30P140
        6     3.78   AOI31D0BWP30P140
        4    3.024   AOI32D0BWP30P140
       16    4.032   CKND0BWP30P140
       76   28.728   CKND2D0BWP30P140
        1     0.63   IAO21D0BWP30P140
        4    2.016   IND2D0BWP30P140
        8    4.032   INR2D0BWP30P140
        1     0.63   IOA21D0BWP30P140
       41   30.996   MAOI222D0BWP30P140
       12    6.048   ND3D0BWP30P140
        6     3.78   ND4D0BWP30P140
       13    4.914   NR2D0BWP30P140
        2    1.008   NR3D0BWP30P140
        1     0.63   OA21D0BWP30P140
        1     0.63   OAI211D0BWP30P140
        6    3.024   OAI21D0BWP30P140
        3     1.89   OAI22D0BWP30P140
        3    1.512   OR2D0BWP30P140
        2    1.512   OR4D0BWP30P140
       36   31.752   XNR2UD0BWP30P140
       21   37.044   XNR3UD0BWP30P140
        6   15.876   XNR4D0BWP30P140
       38   33.516   XOR2UD0BWP30P140
        9   15.876   XOR3UD0BWP30P140

   Chip area for module '\ScaleAddition_E4M3_to_E2M1_scale_UE4M4': 265.230000
     of which used for sequential elements: 0.000000 (0.00%)

=== CustomOperator_E4M3_to_E2M1 ===

        +----------Local Count, excluding submodules.
        |        +-Local Area, excluding submodules.
        |        | 
       30        - wires
       50        - wire bits
        5        - public wires
       25        - public wire bits
        5        - ports
       25        - port bits
       37   22.176 cells
        1     0.63   AOI211D0BWP30P140
        1    0.504   AOI21D0BWP30P140
        4    1.008   CKND0BWP30P140
        6    2.268   CKND2D0BWP30P140
        2    1.008   INR2D0BWP30P140
        2    1.512   MAOI222D0BWP30P140
        3    1.134   NR2D0BWP30P140
        1     0.63   NR4D0BWP30P140
        1     0.63   OAI211D0BWP30P140
        5     2.52   OAI21D0BWP30P140
        1    0.756   OAI32D0BWP30P140
        1    0.756   OR4D0BWP30P140
        5     4.41   XNR2UD0BWP30P140
        3    2.646   XOR2UD0BWP30P140
        1    1.764   XOR3UD0BWP30P140

   Chip area for module '\CustomOperator_E4M3_to_E2M1': 22.176000
     of which used for sequential elements: 0.000000 (0.00%)

=== design hierarchy ===

        +----------Count including submodules.
        |        +-Area including submodules.
        |        | 
    28712 1.95E+04 BFP_PE
      477  308.826 CustomFPAdder_exp7_mant16
       37   22.176 CustomOperator_E4M3_to_E2M1
      898  554.904 FP32Adder
      364   265.23 ScaleAddition_E4M3_to_E2M1_scale_UE4M4
      128   75.474 ScaleToFP32_E4M3_x_E2M1_UE4M4

        +----------Count including submodules.
        |        +-Area including submodules.
        |        | 
    27794        - wires
    34765        - wire bits
     1035        - public wires
     8006        - public wire bits
      712        - ports
     5317        - port bits
        -        - memories
        -        - memory bits
        -        - processes
    28712 1.95E+04 cells
      876  441.504   AN2D0BWP30P140
      101    63.63   AN3D0BWP30P140
      195   147.42   AN4D0BWP30P140
       64   48.384   AO211D0BWP30P140
      362   228.06   AO21D0BWP30P140
      227  171.612   AO22D0BWP30P140
      107    67.41   AOI211D0BWP30P140
     1087  547.848   AOI21D0BWP30P140
      103   77.868   AOI221D0BWP30P140
        2    2.016   AOI222D0BWP30P140
      597   376.11   AOI22D0BWP30P140
      318   200.34   AOI31D0BWP30P140
      252  190.512   AOI32D0BWP30P140
      246  216.972   CKMUX2D0BWP30P140
     1826  460.152   CKND0BWP30P140
     3447  1.3E+03   CKND2D0BWP30P140
       33   74.844   DFCNQD1BWP30P140
      292   183.96   IAO21D0BWP30P140
      868  437.472   IND2D0BWP30P140
      126    79.38   IND3D0BWP30P140
       64   48.384   IND4D0BWP30P140
      996  501.984   INR2D0BWP30P140
       40     25.2   INR3D0BWP30P140
       34   25.704   INR4D0BWP30P140
      102    64.26   IOA21D0BWP30P140
     1716  1.3E+03   MAOI222D0BWP30P140
       77   58.212   MAOI22D0BWP30P140
       97   73.332   MOAI22D0BWP30P140
     2239 1.69E+03   MUX2ND0BWP30P140
        1    1.764   MUX3D0BWP30P140
       63  103.194   MUX3ND0BWP30P140
        2    4.788   MUX4D0BWP30P140
      357  809.676   MUX4ND0BWP30P140
      587  295.848   ND3D0BWP30P140
      260    163.8   ND4D0BWP30P140
     1650    623.7   NR2D0BWP30P140
      288  145.152   NR3D0BWP30P140
      322   202.86   NR4D0BWP30P140
      127   96.012   OA211D0BWP30P140
      194   122.22   OA21D0BWP30P140
        1    0.882   OA22D0BWP30P140
      296   186.48   OAI211D0BWP30P140
     1115   561.96   OAI21D0BWP30P140
       32   28.224   OAI221D0BWP30P140
        1    1.008   OAI222D0BWP30P140
      293   184.59   OAI22D0BWP30P140
      196   123.48   OAI31D0BWP30P140
       97   73.332   OAI32D0BWP30P140
        1    0.882   OAI33D0BWP30P140
      291  146.664   OR2D0BWP30P140
       40     25.2   OR3D0BWP30P140
      130    98.28   OR4D0BWP30P140
     2731 2.41E+03   XNR2UD0BWP30P140
      673 1.19E+03   XNR3UD0BWP30P140
      192  508.032   XNR4D0BWP30P140
     1958 1.73E+03   XOR2UD0BWP30P140
      320   564.48   XOR3UD0BWP30P140
       97 1.94E+04 submodules
       31 9.57E+03   CustomFPAdder_exp7_mant16
       32  709.632   CustomOperator_E4M3_to_E2M1
        1  554.904   FP32Adder
       32  8487.36   ScaleAddition_E4M3_to_E2M1_scale_UE4M4
        1   75.474   ScaleToFP32_E4M3_x_E2M1_UE4M4

   Chip area for top module '\BFP_PE': 19500.894000
     of which used for sequential elements: 74.844000 (0.38%)

