Startpoint: reset (input port clocked by CORE_CLK)
Endpoint: _40_ (recovery check against rising-edge clock CORE_CLK)
Path Group: asynchronous
Path Type: max

    Delay      Time   Description
-------------------------------------------------------------
   0.0000    0.0000   clock CORE_CLK (rise edge)
   0.0000    0.0000   clock network delay (ideal)
   0.0000    0.0000 ^ input external delay
   0.0000    0.0000 ^ reset (in)
   0.0000    0.0000 ^ _40_/CDN (DFCNQD1BWP30P140)
             0.0000   data arrival time

   2.0000    2.0000   clock CORE_CLK (rise edge)
   0.0000    2.0000   clock network delay (ideal)
  -0.0500    1.9500   clock uncertainty
   0.0000    1.9500   clock reconvergence pessimism
             1.9500 ^ _40_/CP (DFCNQD1BWP30P140)
   0.0258    1.9758   library recovery time
             1.9758   data required time
-------------------------------------------------------------
             1.9758   data required time
            -0.0000   data arrival time
-------------------------------------------------------------
             1.9758   slack (MET)


Startpoint: io_op_b_i[9] (input port clocked by CORE_CLK)
Endpoint: _42_ (rising edge-triggered flip-flop clocked by CORE_CLK)
Path Group: CORE_CLK
Path Type: max

    Delay      Time   Description
-------------------------------------------------------------
   0.0000    0.0000   clock CORE_CLK (rise edge)
   0.0000    0.0000   clock network delay (ideal)
   0.0000    0.0000 v input external delay
   0.0000    0.0000 v io_op_b_i[9] (in)
   0.0177    0.0177 ^ op_1/_081_/ZN (NR2D0BWP30P140)
   0.0320    0.0497 ^ op_1/_084_/ZN (IOA21D0BWP30P140)
   0.0169    0.0665 ^ tree/_3684_/ZN (IND2D0BWP30P140)
   0.0208    0.0874 v tree/_3687_/ZN (AOI221D0BWP30P140)
   0.0177    0.1051 ^ tree/_3690_/ZN (OAI21D0BWP30P140)
   0.0348    0.1399 v tree/_3692_/ZN (MAOI22D0BWP30P140)
   0.0339    0.1738 v tree/_3700_/ZN (MUX2ND0BWP30P140)
   0.0222    0.1960 ^ tree/_3703_/ZN (OAI22D0BWP30P140)
   0.0230    0.2190 v tree/_3705_/ZN (AOI221D0BWP30P140)
   0.0472    0.2662 v tree/_3706_/ZN (MOAI22D0BWP30P140)
   0.0372    0.3034 v tree/_3713_/ZN (MUX2ND0BWP30P140)
   0.0230    0.3264 ^ tree/_3714_/ZN (OAI22D0BWP30P140)
   0.0256    0.3520 ^ tree/_3717_/Z (OA21D0BWP30P140)
   0.0279    0.3799 v tree/_3722_/ZN (OAI21D0BWP30P140)
   0.0216    0.4015 ^ tree/_3735_/ZN (ND3D0BWP30P140)
   0.0249    0.4264 v tree/_3740_/ZN (AOI33D0BWP30P140)
   0.0247    0.4511 ^ tree/_3744_/ZN (AOI21D0BWP30P140)
   0.0368    0.4879 v tree/_3749_/ZN (OAI21D0BWP30P140)
   0.0314    0.5192 v tree/_3759_/Z (OA211D0BWP30P140)
   0.0265    0.5457 ^ tree/_3760_/ZN (OAI33D0BWP30P140)
   0.0146    0.5603 v tree/_3769_/ZN (AOI21D0BWP30P140)
   0.0378    0.5981 ^ tree/_3773_/ZN (OAI21D0BWP30P140)
   0.0433    0.6413 ^ tree/_3785_/Z (OA211D0BWP30P140)
   0.0133    0.6546 v tree/_3792_/ZN (OAI33D0BWP30P140)
   0.0279    0.6825 ^ tree/_3793_/ZN (AOI31D0BWP30P140)
   0.0344    0.7169 v tree/_3797_/ZN (OAI21D0BWP30P140)
   0.0302    0.7471 v tree/_3809_/Z (OA211D0BWP30P140)
   0.0267    0.7738 ^ tree/_3810_/ZN (OAI33D0BWP30P140)
   0.0248    0.7986 ^ tree/_3820_/Z (AO21D0BWP30P140)
   0.0280    0.8266 ^ tree/_3824_/Z (AO21D0BWP30P140)
   0.0360    0.8626 ^ tree/_3836_/Z (OA211D0BWP30P140)
   0.0210    0.8836 v tree/_3837_/ZN (OAI33D0BWP30P140)
   0.0223    0.9059 ^ tree/_3845_/ZN (AOI221D0BWP30P140)
   0.0355    0.9414 v tree/_3849_/ZN (OAI21D0BWP30P140)
   0.0304    0.9718 v tree/_3860_/Z (OA211D0BWP30P140)
   0.0267    0.9985 ^ tree/_3861_/ZN (OAI33D0BWP30P140)
   0.0248    1.0233 ^ tree/_3871_/Z (AO21D0BWP30P140)
   0.0315    1.0548 ^ tree/_3875_/Z (AO21D0BWP30P140)
   0.0398    1.0946 ^ tree/_3888_/Z (OA211D0BWP30P140)
   0.0132    1.1078 v tree/_3895_/ZN (OAI33D0BWP30P140)
   0.0279    1.1357 ^ tree/_3896_/ZN (AOI31D0BWP30P140)
   0.0344    1.1701 v tree/_3900_/ZN (OAI21D0BWP30P140)
   0.0302    1.2003 v tree/_3912_/Z (OA211D0BWP30P140)
   0.0267    1.2270 ^ tree/_3913_/ZN (OAI33D0BWP30P140)
   0.0248    1.2517 ^ tree/_3924_/Z (AO21D0BWP30P140)
   0.0314    1.2831 ^ tree/_3928_/Z (AO21D0BWP30P140)
   0.0369    1.3200 ^ tree/_3940_/Z (OA211D0BWP30P140)
   0.0204    1.3404 v tree/_3941_/ZN (OAI33D0BWP30P140)
   0.0240    1.3644 v tree/_3952_/Z (AO21D0BWP30P140)
   0.0396    1.4040 v tree/_3957_/Z (AO211D0BWP30P140)
   0.0249    1.4289 v tree/_3969_/Z (OA211D0BWP30P140)
   0.0265    1.4554 ^ tree/_3970_/ZN (OAI33D0BWP30P140)
   0.0251    1.4805 ^ tree/_3980_/Z (AO21D0BWP30P140)
   0.0338    1.5142 v tree/_3984_/ZN (AOI221D0BWP30P140)
   0.0428    1.5570 v tree/_3997_/Z (OR4D0BWP30P140)
   0.0232    1.5803 ^ tree/_3999_/ZN (AOI33D0BWP30P140)
   0.0257    1.6060 ^ tree/_4005_/Z (AO211D0BWP30P140)
   0.0334    1.6393 ^ tree/_4008_/Z (AO21D0BWP30P140)
   0.0433    1.6827 ^ tree/_4029_/Z (AN4D0BWP30P140)
   0.0218    1.7044 ^ tree/_4033_/Z (OR3D0BWP30P140)
   0.0360    1.7404 ^ tree/_4036_/Z (AN4D0BWP30P140)
   0.0229    1.7633 v tree/_4039_/ZN (AOI221D0BWP30P140)
   0.0773    1.8406 ^ tree/_4044_/ZN (OAI31D0BWP30P140)
   0.1268    1.9674 v tree/_4053_/ZN (OAI21D0BWP30P140)
   0.0605    2.0279 v tree/_4158_/ZN (XNR2UD0BWP30P140)
   0.0346    2.0625 ^ tree/_4162_/ZN (AOI211D0BWP30P140)
   0.0281    2.0906 v tree/_4166_/ZN (OAI31D0BWP30P140)
   0.1430    2.2336 ^ tree/_4179_/ZN (AOI211D0BWP30P140)
   0.0656    2.2992 ^ tree/_4219_/Z (MUX4D0BWP30P140)
   0.0338    2.3330 v tree/_4223_/ZN (ND3D0BWP30P140)
   0.0309    2.3639 v tree/_4225_/Z (OA21D0BWP30P140)
   0.0194    2.3832 v tree/_6655_/ZN (XNR2UD0BWP30P140)
   0.0668    2.4500 v tree/_6719_/ZN (XNR3UD0BWP30P140)
   0.0648    2.5148 v tree/_6777_/Z (XOR3UD0BWP30P140)
   0.0650    2.5799 v tree/_6835_/Z (XOR3UD0BWP30P140)
   0.0662    2.6461 v tree/_6876_/Z (XOR3UD0BWP30P140)
   0.0350    2.6811 ^ tree/_6881_/ZN (MAOI222D0BWP30P140)
   0.0544    2.7355 ^ tree/_6900_/Z (XOR3UD0BWP30P140)
   0.0291    2.7646 ^ tree/_6908_/ZN (XNR2UD0BWP30P140)
   0.0236    2.7882 v tree/_6909_/ZN (OAI21D0BWP30P140)
   0.0317    2.8199 ^ tree/_6911_/ZN (MAOI222D0BWP30P140)
   0.0268    2.8467 v tree/_6912_/ZN (MAOI222D0BWP30P140)
   0.0377    2.8844 ^ tree/_6913_/ZN (MAOI222D0BWP30P140)
   0.0251    2.9095 v tree/_6916_/ZN (OAI21D0BWP30P140)
   0.0359    2.9454 ^ tree/_6918_/ZN (MAOI222D0BWP30P140)
   0.0253    2.9707 v tree/_6920_/ZN (OAI21D0BWP30P140)
   0.0359    3.0066 ^ tree/_6922_/ZN (MAOI222D0BWP30P140)
   0.0250    3.0316 v tree/_6924_/ZN (OAI21D0BWP30P140)
   0.0358    3.0674 ^ tree/_6926_/ZN (MAOI222D0BWP30P140)
   0.0208    3.0882 v tree/_6928_/ZN (OAI21D0BWP30P140)
   0.0343    3.1225 ^ tree/_6929_/ZN (MAOI222D0BWP30P140)
   0.0267    3.1492 v tree/_6931_/ZN (OAI21D0BWP30P140)
   0.0285    3.1777 ^ tree/_6934_/ZN (AOI211D0BWP30P140)
   0.0232    3.2010 v tree/_6936_/ZN (OAI31D0BWP30P140)
   0.0364    3.2374 ^ tree/_6938_/ZN (MAOI222D0BWP30P140)
   0.0205    3.2579 v tree/_6940_/ZN (OAI21D0BWP30P140)
   0.0314    3.2893 ^ tree/_6941_/ZN (MAOI222D0BWP30P140)
   0.0335    3.3229 ^ tree/_6949_/ZN (XNR2UD0BWP30P140)
   0.0453    3.3681 v tree/_6950_/ZN (CKND0BWP30P140)
   0.0336    3.4017 ^ tree/_6974_/ZN (OAI31D0BWP30P140)
   0.0367    3.4385 v tree/_6980_/ZN (ND4D0BWP30P140)
   0.0322    3.4707 ^ tree/_6986_/ZN (NR4D0BWP30P140)
   0.0330    3.5037 v tree/_7010_/ZN (ND4D0BWP30P140)
   0.0379    3.5416 ^ tree/_7018_/ZN (OAI31D0BWP30P140)
   0.0229    3.5645 v tree/_7022_/ZN (ND3D0BWP30P140)
   0.0273    3.5918 v tree/_7027_/ZN (IAO21D0BWP30P140)
   0.0249    3.6167 v tree/_7030_/ZN (IAO21D0BWP30P140)
   0.0238    3.6404 ^ tree/_7031_/ZN (XNR2UD0BWP30P140)
   0.0126    3.6530 v tree/_7033_/ZN (CKND2D0BWP30P140)
   0.1600    3.8130 ^ tree/_7061_/ZN (NR2D0BWP30P140)
   0.0302    3.8432 ^ tree/_7128_/ZN (MUX2ND0BWP30P140)
   0.0220    3.8652 v tree/_7156_/ZN (OAI31D0BWP30P140)
   0.0324    3.8976 ^ tree/_7163_/ZN (AOI221D0BWP30P140)
   0.0386    3.9362 v tree/_7166_/ZN (OAI211D0BWP30P140)
   0.0405    3.9767 ^ tree/_7171_/ZN (INR4D0BWP30P140)
   0.0324    4.0091 v tree/_7172_/ZN (ND3D0BWP30P140)
   0.0271    4.0362 ^ tree/_7174_/ZN (NR3D0BWP30P140)
   0.0385    4.0746 v tree/_7212_/ZN (IND4D0BWP30P140)
   0.0374    4.1121 ^ tree/_7215_/ZN (NR4D0BWP30P140)
   0.0146    4.1267 v tree/_7216_/ZN (INR2D0BWP30P140)
   0.0564    4.1830 v d2fpn/_079_/Z (XOR3UD0BWP30P140)
   0.0287    4.2117 v d2fpn/_085_/ZN (XNR2UD0BWP30P140)
   0.0284    4.2401 ^ d2fpn/_096_/Z (XOR2UD0BWP30P140)
   0.0315    4.2715 v d2fpn/_097_/ZN (AOI32D0BWP30P140)
   0.0410    4.3126 ^ d2fpn/_099_/ZN (MAOI222D0BWP30P140)
   0.0274    4.3399 v d2fpn/_101_/ZN (MAOI222D0BWP30P140)
   0.0344    4.3743 ^ d2fpn/_102_/ZN (MAOI222D0BWP30P140)
   0.0237    4.3981 ^ d2fpn/_105_/ZN (XNR2UD0BWP30P140)
   0.0808    4.4789 v d2fpn/_124_/ZN (OAI211D0BWP30P140)
   0.0583    4.5372 ^ d2fpn/_129_/ZN (NR2D0BWP30P140)
   0.0258    4.5630 ^ accAdder/_461_/ZN (XNR2UD0BWP30P140)
   0.0293    4.5923 ^ accAdder/_462_/Z (AO21D0BWP30P140)
   0.0165    4.6087 v accAdder/_465_/ZN (AOI211D0BWP30P140)
   0.0332    4.6420 ^ accAdder/_467_/ZN (OAI31D0BWP30P140)
   0.0299    4.6718 v accAdder/_470_/ZN (OAI211D0BWP30P140)
   0.0294    4.7012 ^ accAdder/_492_/ZN (AOI21D0BWP30P140)
   0.0467    4.7479 v accAdder/_494_/ZN (OAI211D0BWP30P140)
   0.0876    4.8355 v accAdder/_518_/ZN (MUX2ND0BWP30P140)
   0.0860    4.9215 ^ accAdder/_543_/ZN (AOI31D0BWP30P140)
   0.0611    4.9825 v accAdder/_549_/ZN (ND3D0BWP30P140)
   0.0399    5.0225 v accAdder/_566_/Z (OA21D0BWP30P140)
   0.0311    5.0535 ^ accAdder/_589_/ZN (MUX3ND0BWP30P140)
   0.0331    5.0867 v accAdder/_677_/ZN (AOI221D0BWP30P140)
   0.0251    5.1118 ^ accAdder/_678_/ZN (ND3D0BWP30P140)
   0.0175    5.1293 v accAdder/_680_/ZN (OAI21D0BWP30P140)
   0.0236    5.1529 ^ accAdder/_681_/ZN (AOI21D0BWP30P140)
   0.0255    5.1783 v accAdder/_682_/ZN (MAOI222D0BWP30P140)
   0.0329    5.2112 ^ accAdder/_684_/ZN (MAOI222D0BWP30P140)
   0.0301    5.2413 v accAdder/_686_/ZN (MAOI222D0BWP30P140)
   0.0324    5.2737 ^ accAdder/_687_/ZN (AOI211D0BWP30P140)
   0.0238    5.2975 v accAdder/_688_/ZN (OAI32D0BWP30P140)
   0.0302    5.3277 ^ accAdder/_698_/ZN (AOI211D0BWP30P140)
   0.0230    5.3508 ^ accAdder/_700_/Z (OR2D0BWP30P140)
   0.1489    5.4997 v accAdder/_751_/ZN (AOI31D0BWP30P140)
   0.0882    5.5878 v accAdder/_791_/ZN (MUX4ND0BWP30P140)
   0.0430    5.6309 ^ accAdder/_792_/ZN (NR4D0BWP30P140)
   0.0345    5.6654 v accAdder/_798_/ZN (IND4D0BWP30P140)
   0.0296    5.6949 ^ accAdder/_801_/ZN (NR3D0BWP30P140)
   0.0291    5.7241 v accAdder/_803_/ZN (IND3D0BWP30P140)
   0.0406    5.7647 ^ accAdder/_805_/ZN (MAOI222D0BWP30P140)
   0.0426    5.8073 v accAdder/_810_/ZN (IND4D0BWP30P140)
   0.0444    5.8518 ^ accAdder/_820_/ZN (AOI211D0BWP30P140)
   0.0333    5.8851 ^ accAdder/_821_/Z (AN3D0BWP30P140)
   0.0241    5.9092 ^ accAdder/_828_/ZN (MAOI22D0BWP30P140)
   0.0569    5.9661 v accAdder/_855_/ZN (OAI31D0BWP30P140)
   0.0427    6.0088 ^ accAdder/_877_/ZN (INR4D0BWP30P140)
   0.0262    6.0350 ^ _32_/Z (AO22D0BWP30P140)
   0.0000    6.0350 ^ _42_/D (DFCNQD1BWP30P140)
             6.0350   data arrival time

   2.0000    2.0000   clock CORE_CLK (rise edge)
   0.0000    2.0000   clock network delay (ideal)
  -0.0500    1.9500   clock uncertainty
   0.0000    1.9500   clock reconvergence pessimism
             1.9500 ^ _42_/CP (DFCNQD1BWP30P140)
  -0.0170    1.9330   library setup time
             1.9330   data required time
-------------------------------------------------------------
             1.9330   data required time
            -6.0350   data arrival time
-------------------------------------------------------------
            -4.1020   slack (VIOLATED)


