Startpoint: reset (input port clocked by CORE_CLK)
Endpoint: _068_ (recovery check against rising-edge clock CORE_CLK)
Path Group: asynchronous
Path Type: max

    Delay      Time   Description
-------------------------------------------------------------
   0.0000    0.0000   clock CORE_CLK (rise edge)
   0.0000    0.0000   clock network delay (ideal)
   0.0000    0.0000 ^ input external delay
   0.0000    0.0000 ^ reset (in)
   0.0000    0.0000 ^ _068_/CDN (DFCNQD1BWP30P140)
             0.0000   data arrival time

  20.0000   20.0000   clock CORE_CLK (rise edge)
   0.0000   20.0000   clock network delay (ideal)
  -0.0500   19.9500   clock uncertainty
   0.0000   19.9500   clock reconvergence pessimism
            19.9500 ^ _068_/CP (DFCNQD1BWP30P140)
   0.0258   19.9758   library recovery time
            19.9758   data required time
-------------------------------------------------------------
            19.9758   data required time
            -0.0000   data arrival time
-------------------------------------------------------------
            19.9758   slack (MET)


Startpoint: io_op_b_i[9] (input port clocked by CORE_CLK)
Endpoint: _070_ (rising edge-triggered flip-flop clocked by CORE_CLK)
Path Group: CORE_CLK
Path Type: max

    Delay      Time   Description
-------------------------------------------------------------
   0.0000    0.0000   clock CORE_CLK (rise edge)
   0.0000    0.0000   clock network delay (ideal)
   0.0000    0.0000 v input external delay
   0.0000    0.0000 v io_op_b_i[9] (in)
   0.0147    0.0147 ^ reducedSum_op_1/_056_/ZN (NR2D0BWP30P140)
   0.0278    0.0425 v reducedSum_op_1/_061_/ZN (IND2D0BWP30P140)
   0.0229    0.0654 ^ reducedSum_op_1/_067_/ZN (CKND2D0BWP30P140)
   0.0523    0.1177 ^ reducedSum_op_1/_079_/ZN (XNR3UD0BWP30P140)
   0.0364    0.1540 ^ reducedSum_op_1/_080_/Z (AN3D0BWP30P140)
   0.0304    0.1845 v reducedSum_op_1/_082_/ZN (MAOI222D0BWP30P140)
   0.0405    0.2250 ^ reducedSum_op_1/_107_/ZN (MAOI222D0BWP30P140)
   0.0317    0.2567 v reducedSum_op_1/_109_/ZN (MAOI222D0BWP30P140)
   0.0394    0.2961 ^ reducedSum_op_1/_111_/ZN (MAOI222D0BWP30P140)
   0.0293    0.3254 ^ reducedSum_op_1/_116_/ZN (XNR2UD0BWP30P140)
   0.0202    0.3457 v reducedSum_sa_1/_390_/ZN (CKND2D0BWP30P140)
   0.0504    0.3960 v reducedSum_sa_1/_393_/ZN (XNR3UD0BWP30P140)
   0.0302    0.4262 v reducedSum_sa_1/_394_/ZN (XNR3UD0BWP30P140)
   0.0307    0.4569 v reducedSum_sa_1/_395_/Z (XOR2UD0BWP30P140)
   0.0297    0.4867 v reducedSum_sa_1/_397_/ZN (XNR2UD0BWP30P140)
   0.0219    0.5085 ^ reducedSum_sa_1/_398_/ZN (NR2D0BWP30P140)
   0.0160    0.5245 v reducedSum_sa_1/_474_/ZN (AOI21D0BWP30P140)
   0.0364    0.5609 ^ reducedSum_sa_1/_476_/ZN (MAOI222D0BWP30P140)
   0.0312    0.5921 v reducedSum_sa_1/_478_/ZN (MAOI222D0BWP30P140)
   0.0400    0.6322 ^ reducedSum_sa_1/_480_/ZN (MAOI222D0BWP30P140)
   0.0305    0.6626 v reducedSum_sa_1/_482_/ZN (MAOI222D0BWP30P140)
   0.0299    0.6926 ^ reducedSum_sa_1/_500_/ZN (OAI21D0BWP30P140)
   0.0220    0.7146 v reducedSum_sa_1/_585_/ZN (MAOI22D0BWP30P140)
   0.0298    0.7444 ^ reducedSum_sa_1/_594_/ZN (OAI21D0BWP30P140)
   0.0130    0.7573 v reducedSum_reduced_nextLevel_adder/_0529_/ZN (CKND0BWP30P140)
   0.0209    0.7782 ^ reducedSum_reduced_nextLevel_adder/_0636_/ZN (AOI22D0BWP30P140)
   0.0289    0.8072 v reducedSum_reduced_nextLevel_adder/_0638_/ZN (OAI211D0BWP30P140)
   0.0324    0.8396 ^ reducedSum_reduced_nextLevel_adder/_0640_/ZN (AOI211D0BWP30P140)
   0.0172    0.8568 v reducedSum_reduced_nextLevel_adder/_0641_/ZN (OAI21D0BWP30P140)
   0.2951    1.1519 ^ reducedSum_reduced_nextLevel_adder/_0645_/ZN (AOI21D0BWP30P140)
   0.0401    1.1920 v reducedSum_reduced_nextLevel_adder/_0680_/ZN (MUX2ND0BWP30P140)
   0.0630    1.2550 ^ reducedSum_reduced_nextLevel_adder/_0756_/ZN (MUX4ND0BWP30P140)
   0.0363    1.2913 ^ reducedSum_reduced_nextLevel_adder/_0757_/Z (MUX3D0BWP30P140)
   0.0254    1.3167 ^ reducedSum_reduced_nextLevel_adder/_0794_/ZN (MOAI22D0BWP30P140)
   0.0115    1.3282 v reducedSum_reduced_nextLevel_adder/_0796_/ZN (NR2D0BWP30P140)
   0.0295    1.3577 ^ reducedSum_reduced_nextLevel_adder/_0801_/ZN (AOI31D0BWP30P140)
   0.0256    1.3832 v reducedSum_reduced_nextLevel_adder/_0804_/ZN (MAOI222D0BWP30P140)
   0.0368    1.4200 ^ reducedSum_reduced_nextLevel_adder/_0808_/ZN (MAOI222D0BWP30P140)
   0.0252    1.4452 v reducedSum_reduced_nextLevel_adder/_0813_/ZN (MAOI222D0BWP30P140)
   0.0289    1.4741 v reducedSum_reduced_nextLevel_adder/_0817_/Z (AO21D0BWP30P140)
   0.0176    1.4917 ^ reducedSum_reduced_nextLevel_adder/_0821_/ZN (AOI21D0BWP30P140)
   0.0237    1.5154 v reducedSum_reduced_nextLevel_adder/_0826_/ZN (MAOI222D0BWP30P140)
   0.0256    1.5410 ^ reducedSum_reduced_nextLevel_adder/_0829_/ZN (AOI21D0BWP30P140)
   0.0274    1.5685 v reducedSum_reduced_nextLevel_adder/_0833_/ZN (MAOI222D0BWP30P140)
   0.0323    1.6007 ^ reducedSum_reduced_nextLevel_adder/_0842_/ZN (AOI211D0BWP30P140)
   0.0145    1.6153 v reducedSum_reduced_nextLevel_adder/_0848_/ZN (OAI31D0BWP30P140)
   0.0259    1.6411 ^ reducedSum_reduced_nextLevel_adder/_0849_/ZN (AOI31D0BWP30P140)
   0.0332    1.6743 v reducedSum_reduced_nextLevel_adder/_0858_/ZN (OAI211D0BWP30P140)
   0.0625    1.7368 v reducedSum_reduced_nextLevel_adder/_0882_/Z (OA211D0BWP30P140)
   0.0417    1.7785 v reducedSum_reduced_nextLevel_adder/_0897_/ZN (MUX2ND0BWP30P140)
   0.0315    1.8100 ^ reducedSum_reduced_nextLevel_adder/_0907_/ZN (NR4D0BWP30P140)
   0.0453    1.8553 v reducedSum_reduced_nextLevel_adder/_0923_/ZN (ND4D0BWP30P140)
   0.0632    1.9185 v reducedSum_reduced_nextLevel_adder/_0940_/ZN (IND4D0BWP30P140)
   0.0430    1.9615 ^ reducedSum_reduced_nextLevel_adder/_0956_/ZN (NR4D0BWP30P140)
   0.0469    2.0083 ^ reducedSum_reduced_nextLevel_adder/_1025_/Z (AN4D0BWP30P140)
   0.0474    2.0558 ^ reducedSum_reduced_nextLevel_adder/_1033_/ZN (INR4D0BWP30P140)
   0.0151    2.0709 v reducedSum_reduced_nextLevel_adder/_1042_/ZN (NR2D0BWP30P140)
   0.0317    2.1026 v reducedSum_reduced_nextLevel_adder/_1045_/Z (XOR2UD0BWP30P140)
   0.0236    2.1262 v reducedSum_reduced_nextLevel_adder_16/_0542_/ZN (INR2D0BWP30P140)
   0.0095    2.1357 ^ reducedSum_reduced_nextLevel_adder_16/_0543_/ZN (CKND0BWP30P140)
   0.0338    2.1695 ^ reducedSum_reduced_nextLevel_adder_16/_0553_/Z (OA211D0BWP30P140)
   0.0207    2.1902 v reducedSum_reduced_nextLevel_adder_16/_0555_/ZN (OAI31D0BWP30P140)
   0.0221    2.2123 ^ reducedSum_reduced_nextLevel_adder_16/_0580_/ZN (XNR2UD0BWP30P140)
   0.0309    2.2432 ^ reducedSum_reduced_nextLevel_adder_16/_0581_/ZN (INR3D0BWP30P140)
   0.0496    2.2928 v reducedSum_reduced_nextLevel_adder_16/_0588_/ZN (ND4D0BWP30P140)
   0.0219    2.3147 ^ reducedSum_reduced_nextLevel_adder_16/_0644_/ZN (NR3D0BWP30P140)
   0.2315    2.5461 v reducedSum_reduced_nextLevel_adder_16/_0645_/ZN (AOI21D0BWP30P140)
   0.1037    2.6498 ^ reducedSum_reduced_nextLevel_adder_16/_0678_/ZN (MUX2ND0BWP30P140)
   0.0444    2.6942 v reducedSum_reduced_nextLevel_adder_16/_0694_/ZN (MUX4ND0BWP30P140)
   0.0420    2.7362 v reducedSum_reduced_nextLevel_adder_16/_0696_/Z (CKMUX2D0BWP30P140)
   0.0338    2.7700 v reducedSum_reduced_nextLevel_adder_16/_0706_/Z (AO211D0BWP30P140)
   0.0270    2.7970 ^ reducedSum_reduced_nextLevel_adder_16/_0726_/ZN (AOI21D0BWP30P140)
   0.0241    2.8211 v reducedSum_reduced_nextLevel_adder_16/_0801_/ZN (AOI31D0BWP30P140)
   0.0328    2.8540 ^ reducedSum_reduced_nextLevel_adder_16/_0804_/ZN (MAOI222D0BWP30P140)
   0.0283    2.8822 v reducedSum_reduced_nextLevel_adder_16/_0808_/ZN (MAOI222D0BWP30P140)
   0.0316    2.9139 ^ reducedSum_reduced_nextLevel_adder_16/_0813_/ZN (MAOI222D0BWP30P140)
   0.0256    2.9395 ^ reducedSum_reduced_nextLevel_adder_16/_0817_/Z (AO21D0BWP30P140)
   0.0150    2.9545 v reducedSum_reduced_nextLevel_adder_16/_0821_/ZN (AOI21D0BWP30P140)
   0.0270    2.9815 ^ reducedSum_reduced_nextLevel_adder_16/_0826_/ZN (MAOI222D0BWP30P140)
   0.0198    3.0013 v reducedSum_reduced_nextLevel_adder_16/_0829_/ZN (AOI21D0BWP30P140)
   0.0320    3.0333 ^ reducedSum_reduced_nextLevel_adder_16/_0833_/ZN (MAOI222D0BWP30P140)
   0.0210    3.0543 v reducedSum_reduced_nextLevel_adder_16/_0842_/ZN (AOI211D0BWP30P140)
   0.0204    3.0747 ^ reducedSum_reduced_nextLevel_adder_16/_0848_/ZN (OAI31D0BWP30P140)
   0.0260    3.1008 v reducedSum_reduced_nextLevel_adder_16/_0849_/ZN (AOI31D0BWP30P140)
   0.0335    3.1342 ^ reducedSum_reduced_nextLevel_adder_16/_0858_/ZN (OAI211D0BWP30P140)
   0.0761    3.2103 ^ reducedSum_reduced_nextLevel_adder_16/_0882_/Z (OA211D0BWP30P140)
   0.0298    3.2401 v reducedSum_reduced_nextLevel_adder_16/_0897_/ZN (MUX2ND0BWP30P140)
   0.0315    3.2715 ^ reducedSum_reduced_nextLevel_adder_16/_0907_/ZN (NR4D0BWP30P140)
   0.0453    3.3168 v reducedSum_reduced_nextLevel_adder_16/_0923_/ZN (ND4D0BWP30P140)
   0.0632    3.3800 v reducedSum_reduced_nextLevel_adder_16/_0940_/ZN (IND4D0BWP30P140)
   0.0430    3.4230 ^ reducedSum_reduced_nextLevel_adder_16/_0956_/ZN (NR4D0BWP30P140)
   0.0469    3.4699 ^ reducedSum_reduced_nextLevel_adder_16/_1025_/Z (AN4D0BWP30P140)
   0.0474    3.5173 ^ reducedSum_reduced_nextLevel_adder_16/_1033_/ZN (INR4D0BWP30P140)
   0.0151    3.5325 v reducedSum_reduced_nextLevel_adder_16/_1042_/ZN (NR2D0BWP30P140)
   0.0317    3.5642 v reducedSum_reduced_nextLevel_adder_16/_1045_/Z (XOR2UD0BWP30P140)
   0.0236    3.5878 v reducedSum_reduced_nextLevel_adder_24/_0542_/ZN (INR2D0BWP30P140)
   0.0095    3.5972 ^ reducedSum_reduced_nextLevel_adder_24/_0543_/ZN (CKND0BWP30P140)
   0.0338    3.6311 ^ reducedSum_reduced_nextLevel_adder_24/_0553_/Z (OA211D0BWP30P140)
   0.0207    3.6517 v reducedSum_reduced_nextLevel_adder_24/_0555_/ZN (OAI31D0BWP30P140)
   0.0221    3.6739 ^ reducedSum_reduced_nextLevel_adder_24/_0580_/ZN (XNR2UD0BWP30P140)
   0.0309    3.7048 ^ reducedSum_reduced_nextLevel_adder_24/_0581_/ZN (INR3D0BWP30P140)
   0.0496    3.7544 v reducedSum_reduced_nextLevel_adder_24/_0588_/ZN (ND4D0BWP30P140)
   0.0219    3.7762 ^ reducedSum_reduced_nextLevel_adder_24/_0644_/ZN (NR3D0BWP30P140)
   0.2315    4.0077 v reducedSum_reduced_nextLevel_adder_24/_0645_/ZN (AOI21D0BWP30P140)
   0.1037    4.1114 ^ reducedSum_reduced_nextLevel_adder_24/_0678_/ZN (MUX2ND0BWP30P140)
   0.0444    4.1557 v reducedSum_reduced_nextLevel_adder_24/_0694_/ZN (MUX4ND0BWP30P140)
   0.0420    4.1977 v reducedSum_reduced_nextLevel_adder_24/_0696_/Z (CKMUX2D0BWP30P140)
   0.0338    4.2315 v reducedSum_reduced_nextLevel_adder_24/_0706_/Z (AO211D0BWP30P140)
   0.0270    4.2586 ^ reducedSum_reduced_nextLevel_adder_24/_0726_/ZN (AOI21D0BWP30P140)
   0.0241    4.2827 v reducedSum_reduced_nextLevel_adder_24/_0801_/ZN (AOI31D0BWP30P140)
   0.0328    4.3155 ^ reducedSum_reduced_nextLevel_adder_24/_0804_/ZN (MAOI222D0BWP30P140)
   0.0283    4.3438 v reducedSum_reduced_nextLevel_adder_24/_0808_/ZN (MAOI222D0BWP30P140)
   0.0316    4.3754 ^ reducedSum_reduced_nextLevel_adder_24/_0813_/ZN (MAOI222D0BWP30P140)
   0.0256    4.4011 ^ reducedSum_reduced_nextLevel_adder_24/_0817_/Z (AO21D0BWP30P140)
   0.0150    4.4161 v reducedSum_reduced_nextLevel_adder_24/_0821_/ZN (AOI21D0BWP30P140)
   0.0270    4.4430 ^ reducedSum_reduced_nextLevel_adder_24/_0826_/ZN (MAOI222D0BWP30P140)
   0.0198    4.4628 v reducedSum_reduced_nextLevel_adder_24/_0829_/ZN (AOI21D0BWP30P140)
   0.0320    4.4948 ^ reducedSum_reduced_nextLevel_adder_24/_0833_/ZN (MAOI222D0BWP30P140)
   0.0210    4.5159 v reducedSum_reduced_nextLevel_adder_24/_0842_/ZN (AOI211D0BWP30P140)
   0.0204    4.5363 ^ reducedSum_reduced_nextLevel_adder_24/_0848_/ZN (OAI31D0BWP30P140)
   0.0260    4.5623 v reducedSum_reduced_nextLevel_adder_24/_0849_/ZN (AOI31D0BWP30P140)
   0.0335    4.5958 ^ reducedSum_reduced_nextLevel_adder_24/_0858_/ZN (OAI211D0BWP30P140)
   0.0761    4.6718 ^ reducedSum_reduced_nextLevel_adder_24/_0882_/Z (OA211D0BWP30P140)
   0.0298    4.7016 v reducedSum_reduced_nextLevel_adder_24/_0897_/ZN (MUX2ND0BWP30P140)
   0.0315    4.7331 ^ reducedSum_reduced_nextLevel_adder_24/_0907_/ZN (NR4D0BWP30P140)
   0.0453    4.7784 v reducedSum_reduced_nextLevel_adder_24/_0923_/ZN (ND4D0BWP30P140)
   0.0632    4.8416 v reducedSum_reduced_nextLevel_adder_24/_0940_/ZN (IND4D0BWP30P140)
   0.0430    4.8846 ^ reducedSum_reduced_nextLevel_adder_24/_0956_/ZN (NR4D0BWP30P140)
   0.0469    4.9315 ^ reducedSum_reduced_nextLevel_adder_24/_1025_/Z (AN4D0BWP30P140)
   0.0474    4.9789 ^ reducedSum_reduced_nextLevel_adder_24/_1033_/ZN (INR4D0BWP30P140)
   0.0151    4.9940 v reducedSum_reduced_nextLevel_adder_24/_1042_/ZN (NR2D0BWP30P140)
   0.0317    5.0257 v reducedSum_reduced_nextLevel_adder_24/_1045_/Z (XOR2UD0BWP30P140)
   0.0236    5.0493 v reducedSum_reduced_nextLevel_adder_28/_0542_/ZN (INR2D0BWP30P140)
   0.0095    5.0588 ^ reducedSum_reduced_nextLevel_adder_28/_0543_/ZN (CKND0BWP30P140)
   0.0338    5.0926 ^ reducedSum_reduced_nextLevel_adder_28/_0553_/Z (OA211D0BWP30P140)
   0.0207    5.1133 v reducedSum_reduced_nextLevel_adder_28/_0555_/ZN (OAI31D0BWP30P140)
   0.0221    5.1354 ^ reducedSum_reduced_nextLevel_adder_28/_0580_/ZN (XNR2UD0BWP30P140)
   0.0309    5.1663 ^ reducedSum_reduced_nextLevel_adder_28/_0581_/ZN (INR3D0BWP30P140)
   0.0496    5.2159 v reducedSum_reduced_nextLevel_adder_28/_0588_/ZN (ND4D0BWP30P140)
   0.0219    5.2378 ^ reducedSum_reduced_nextLevel_adder_28/_0644_/ZN (NR3D0BWP30P140)
   0.2315    5.4693 v reducedSum_reduced_nextLevel_adder_28/_0645_/ZN (AOI21D0BWP30P140)
   0.1037    5.5729 ^ reducedSum_reduced_nextLevel_adder_28/_0678_/ZN (MUX2ND0BWP30P140)
   0.0444    5.6173 v reducedSum_reduced_nextLevel_adder_28/_0694_/ZN (MUX4ND0BWP30P140)
   0.0420    5.6593 v reducedSum_reduced_nextLevel_adder_28/_0696_/Z (CKMUX2D0BWP30P140)
   0.0338    5.6931 v reducedSum_reduced_nextLevel_adder_28/_0706_/Z (AO211D0BWP30P140)
   0.0270    5.7201 ^ reducedSum_reduced_nextLevel_adder_28/_0726_/ZN (AOI21D0BWP30P140)
   0.0241    5.7443 v reducedSum_reduced_nextLevel_adder_28/_0801_/ZN (AOI31D0BWP30P140)
   0.0328    5.7771 ^ reducedSum_reduced_nextLevel_adder_28/_0804_/ZN (MAOI222D0BWP30P140)
   0.0283    5.8054 v reducedSum_reduced_nextLevel_adder_28/_0808_/ZN (MAOI222D0BWP30P140)
   0.0316    5.8370 ^ reducedSum_reduced_nextLevel_adder_28/_0813_/ZN (MAOI222D0BWP30P140)
   0.0256    5.8626 ^ reducedSum_reduced_nextLevel_adder_28/_0817_/Z (AO21D0BWP30P140)
   0.0150    5.8776 v reducedSum_reduced_nextLevel_adder_28/_0821_/ZN (AOI21D0BWP30P140)
   0.0270    5.9046 ^ reducedSum_reduced_nextLevel_adder_28/_0826_/ZN (MAOI222D0BWP30P140)
   0.0198    5.9244 v reducedSum_reduced_nextLevel_adder_28/_0829_/ZN (AOI21D0BWP30P140)
   0.0320    5.9564 ^ reducedSum_reduced_nextLevel_adder_28/_0833_/ZN (MAOI222D0BWP30P140)
   0.0210    5.9774 v reducedSum_reduced_nextLevel_adder_28/_0842_/ZN (AOI211D0BWP30P140)
   0.0204    5.9978 ^ reducedSum_reduced_nextLevel_adder_28/_0848_/ZN (OAI31D0BWP30P140)
   0.0260    6.0239 v reducedSum_reduced_nextLevel_adder_28/_0849_/ZN (AOI31D0BWP30P140)
   0.0335    6.0573 ^ reducedSum_reduced_nextLevel_adder_28/_0858_/ZN (OAI211D0BWP30P140)
   0.0761    6.1334 ^ reducedSum_reduced_nextLevel_adder_28/_0882_/Z (OA211D0BWP30P140)
   0.0298    6.1632 v reducedSum_reduced_nextLevel_adder_28/_0897_/ZN (MUX2ND0BWP30P140)
   0.0315    6.1946 ^ reducedSum_reduced_nextLevel_adder_28/_0907_/ZN (NR4D0BWP30P140)
   0.0453    6.2400 v reducedSum_reduced_nextLevel_adder_28/_0923_/ZN (ND4D0BWP30P140)
   0.0632    6.3031 v reducedSum_reduced_nextLevel_adder_28/_0940_/ZN (IND4D0BWP30P140)
   0.0430    6.3461 ^ reducedSum_reduced_nextLevel_adder_28/_0956_/ZN (NR4D0BWP30P140)
   0.0469    6.3930 ^ reducedSum_reduced_nextLevel_adder_28/_1025_/Z (AN4D0BWP30P140)
   0.0474    6.4404 ^ reducedSum_reduced_nextLevel_adder_28/_1033_/ZN (INR4D0BWP30P140)
   0.0151    6.4556 v reducedSum_reduced_nextLevel_adder_28/_1042_/ZN (NR2D0BWP30P140)
   0.0317    6.4873 v reducedSum_reduced_nextLevel_adder_28/_1045_/Z (XOR2UD0BWP30P140)
   0.0236    6.5109 v reducedSum_reduced_nextLevel_adder_30/_0542_/ZN (INR2D0BWP30P140)
   0.0095    6.5204 ^ reducedSum_reduced_nextLevel_adder_30/_0543_/ZN (CKND0BWP30P140)
   0.0338    6.5542 ^ reducedSum_reduced_nextLevel_adder_30/_0553_/Z (OA211D0BWP30P140)
   0.0207    6.5748 v reducedSum_reduced_nextLevel_adder_30/_0555_/ZN (OAI31D0BWP30P140)
   0.0221    6.5970 ^ reducedSum_reduced_nextLevel_adder_30/_0580_/ZN (XNR2UD0BWP30P140)
   0.0309    6.6279 ^ reducedSum_reduced_nextLevel_adder_30/_0581_/ZN (INR3D0BWP30P140)
   0.0496    6.6775 v reducedSum_reduced_nextLevel_adder_30/_0588_/ZN (ND4D0BWP30P140)
   0.0219    6.6994 ^ reducedSum_reduced_nextLevel_adder_30/_0644_/ZN (NR3D0BWP30P140)
   0.2315    6.9308 v reducedSum_reduced_nextLevel_adder_30/_0645_/ZN (AOI21D0BWP30P140)
   0.1037    7.0345 ^ reducedSum_reduced_nextLevel_adder_30/_0678_/ZN (MUX2ND0BWP30P140)
   0.0444    7.0789 v reducedSum_reduced_nextLevel_adder_30/_0694_/ZN (MUX4ND0BWP30P140)
   0.0420    7.1208 v reducedSum_reduced_nextLevel_adder_30/_0696_/Z (CKMUX2D0BWP30P140)
   0.0338    7.1546 v reducedSum_reduced_nextLevel_adder_30/_0706_/Z (AO211D0BWP30P140)
   0.0270    7.1817 ^ reducedSum_reduced_nextLevel_adder_30/_0726_/ZN (AOI21D0BWP30P140)
   0.0241    7.2058 v reducedSum_reduced_nextLevel_adder_30/_0801_/ZN (AOI31D0BWP30P140)
   0.0328    7.2386 ^ reducedSum_reduced_nextLevel_adder_30/_0804_/ZN (MAOI222D0BWP30P140)
   0.0283    7.2669 v reducedSum_reduced_nextLevel_adder_30/_0808_/ZN (MAOI222D0BWP30P140)
   0.0316    7.2985 ^ reducedSum_reduced_nextLevel_adder_30/_0813_/ZN (MAOI222D0BWP30P140)
   0.0256    7.3242 ^ reducedSum_reduced_nextLevel_adder_30/_0817_/Z (AO21D0BWP30P140)
   0.0150    7.3392 v reducedSum_reduced_nextLevel_adder_30/_0821_/ZN (AOI21D0BWP30P140)
   0.0270    7.3661 ^ reducedSum_reduced_nextLevel_adder_30/_0826_/ZN (MAOI222D0BWP30P140)
   0.0198    7.3859 v reducedSum_reduced_nextLevel_adder_30/_0829_/ZN (AOI21D0BWP30P140)
   0.0320    7.4179 ^ reducedSum_reduced_nextLevel_adder_30/_0833_/ZN (MAOI222D0BWP30P140)
   0.0210    7.4390 v reducedSum_reduced_nextLevel_adder_30/_0842_/ZN (AOI211D0BWP30P140)
   0.0204    7.4594 ^ reducedSum_reduced_nextLevel_adder_30/_0848_/ZN (OAI31D0BWP30P140)
   0.0260    7.4854 v reducedSum_reduced_nextLevel_adder_30/_0849_/ZN (AOI31D0BWP30P140)
   0.0335    7.5189 ^ reducedSum_reduced_nextLevel_adder_30/_0858_/ZN (OAI211D0BWP30P140)
   0.0761    7.5949 ^ reducedSum_reduced_nextLevel_adder_30/_0882_/Z (OA211D0BWP30P140)
   0.0298    7.6247 v reducedSum_reduced_nextLevel_adder_30/_0897_/ZN (MUX2ND0BWP30P140)
   0.0315    7.6562 ^ reducedSum_reduced_nextLevel_adder_30/_0907_/ZN (NR4D0BWP30P140)
   0.0453    7.7015 v reducedSum_reduced_nextLevel_adder_30/_0923_/ZN (ND4D0BWP30P140)
   0.0632    7.7647 v reducedSum_reduced_nextLevel_adder_30/_0940_/ZN (IND4D0BWP30P140)
   0.0430    7.8077 ^ reducedSum_reduced_nextLevel_adder_30/_0956_/ZN (NR4D0BWP30P140)
   0.0242    7.8319 v reducedSum_reduced_nextLevel_adder_30/_0964_/ZN (ND3D0BWP30P140)
   0.0246    7.8565 v reducedSum_reduced_nextLevel_adder_30/_0966_/ZN (INR2D0BWP30P140)
   0.0130    7.8694 ^ reducedSum_conv/_127_/ZN (NR2D0BWP30P140)
   0.0943    7.9637 v reducedSum_conv/_143_/ZN (OAI31D0BWP30P140)
   0.0660    8.0297 ^ reducedSum_conv/_156_/Z (XOR2UD0BWP30P140)
   0.0378    8.0675 v reducedSum_conv/_160_/ZN (OAI211D0BWP30P140)
   0.0378    8.1053 v reducedSum_conv/_163_/Z (AO21D0BWP30P140)
   0.0302    8.1355 ^ reducedSum_conv/_169_/ZN (AOI211D0BWP30P140)
   0.0236    8.1592 v reducedSum_conv/_173_/ZN (AOI22D0BWP30P140)
   0.0276    8.1867 ^ reducedSum_conv/_175_/ZN (AOI32D0BWP30P140)
   0.0862    8.2729 v reducedSum_conv/_176_/ZN (OAI21D0BWP30P140)
   0.0809    8.3538 ^ reducedSum_conv/_200_/ZN (INR4D0BWP30P140)
   0.0282    8.3820 v accAdder/_0897_/ZN (XNR2UD0BWP30P140)
   0.0326    8.4145 ^ accAdder/_0899_/ZN (AOI21D0BWP30P140)
   0.0302    8.4448 v accAdder/_0901_/ZN (MAOI222D0BWP30P140)
   0.0370    8.4817 ^ accAdder/_0902_/ZN (MAOI222D0BWP30P140)
   0.0303    8.5120 v accAdder/_0903_/ZN (MAOI222D0BWP30P140)
   0.0372    8.5492 ^ accAdder/_0966_/ZN (MAOI222D0BWP30P140)
   0.0303    8.5795 v accAdder/_0968_/ZN (MAOI222D0BWP30P140)
   0.0269    8.6063 v accAdder/_0970_/ZN (XNR2UD0BWP30P140)
   0.0212    8.6275 ^ accAdder/_0971_/ZN (NR2D0BWP30P140)
   0.0257    8.6533 ^ accAdder/_0972_/Z (AN2D0BWP30P140)
   0.4170    9.0702 v accAdder/_0975_/ZN (AOI31D0BWP30P140)
   0.4192    9.4895 ^ accAdder/_0991_/ZN (AOI22D0BWP30P140)
   0.0318    9.5213 v accAdder/_1063_/ZN (CKND2D0BWP30P140)
   0.0370    9.5583 ^ accAdder/_1188_/ZN (OAI32D0BWP30P140)
   0.0151    9.5733 v accAdder/_1189_/ZN (AOI21D0BWP30P140)
   0.0396    9.6130 ^ accAdder/_1191_/ZN (OAI221D0BWP30P140)
   0.0211    9.6341 v accAdder/_1196_/ZN (OAI31D0BWP30P140)
   0.0222    9.6563 ^ accAdder/_1198_/ZN (AOI21D0BWP30P140)
   0.0256    9.6819 v accAdder/_1200_/ZN (MAOI222D0BWP30P140)
   0.0396    9.7215 ^ accAdder/_1202_/ZN (MAOI222D0BWP30P140)
   0.0257    9.7472 v accAdder/_1204_/ZN (MAOI222D0BWP30P140)
   0.0277    9.7749 ^ accAdder/_1206_/ZN (AOI21D0BWP30P140)
   0.0253    9.8002 ^ accAdder/_1209_/ZN (IAO21D0BWP30P140)
   0.0247    9.8249 v accAdder/_1211_/ZN (MAOI222D0BWP30P140)
   0.0395    9.8644 ^ accAdder/_1213_/ZN (MAOI222D0BWP30P140)
   0.0265    9.8909 v accAdder/_1221_/ZN (MAOI222D0BWP30P140)
   0.0354    9.9263 v accAdder/_1232_/Z (AO21D0BWP30P140)
   0.0261    9.9523 ^ accAdder/_1242_/ZN (MAOI222D0BWP30P140)
   0.0265    9.9789 v accAdder/_1255_/ZN (MAOI222D0BWP30P140)
   0.0315   10.0104 v accAdder/_1259_/Z (AO21D0BWP30P140)
   0.0182   10.0286 ^ accAdder/_1276_/ZN (AOI21D0BWP30P140)
   0.0258   10.0544 v accAdder/_1280_/ZN (MAOI222D0BWP30P140)
   0.0391   10.0935 ^ accAdder/_1296_/ZN (MAOI222D0BWP30P140)
   0.0262   10.1197 v accAdder/_1300_/ZN (MAOI222D0BWP30P140)
   0.0304   10.1501 ^ accAdder/_1318_/ZN (AOI21D0BWP30P140)
   0.0249   10.1750 v accAdder/_1322_/ZN (MAOI222D0BWP30P140)
   0.0364   10.2114 v accAdder/_1345_/Z (AO21D0BWP30P140)
   0.0156   10.2270 ^ accAdder/_1353_/ZN (MUX2ND0BWP30P140)
   0.0348   10.2619 ^ accAdder/_1354_/ZN (XNR2UD0BWP30P140)
   0.0288   10.2906 ^ accAdder/_1453_/ZN (MAOI22D0BWP30P140)
   0.1281   10.4187 v accAdder/_1456_/ZN (OAI211D0BWP30P140)
   0.0886   10.5073 ^ accAdder/_1531_/Z (MUX4D0BWP30P140)
   0.0194   10.5268 v accAdder/_1534_/ZN (MUX3ND0BWP30P140)
   0.0405   10.5673 ^ accAdder/_1568_/ZN (NR2D0BWP30P140)
   0.0507   10.6179 ^ accAdder/_1577_/ZN (INR4D0BWP30P140)
   0.0510   10.6690 ^ accAdder/_1582_/Z (AN4D0BWP30P140)
   0.0395   10.7085 ^ accAdder/_1590_/Z (AN4D0BWP30P140)
   0.0406   10.7490 ^ accAdder/_1601_/Z (AN4D0BWP30P140)
   0.0349   10.7839 ^ accAdder/_1603_/Z (AN3D0BWP30P140)
   0.0271   10.8110 v accAdder/_1605_/ZN (IND3D0BWP30P140)
   0.0379   10.8490 v accAdder/_1606_/Z (OR3D0BWP30P140)
   0.0368   10.8858 ^ accAdder/_1608_/ZN (INR3D0BWP30P140)
   0.0364   10.9222 v accAdder/_1611_/ZN (MAOI222D0BWP30P140)
   0.0357   10.9579 ^ accAdder/_1616_/ZN (NR4D0BWP30P140)
   0.0219   10.9798 v accAdder/_1619_/ZN (OAI31D0BWP30P140)
   0.0327   11.0125 v accAdder/_1621_/Z (AO21D0BWP30P140)
   0.0312   11.0437 ^ accAdder/_1623_/ZN (AOI21D0BWP30P140)
   0.0237   11.0674 v accAdder/_1626_/ZN (OAI21D0BWP30P140)
   0.0215   11.0888 v accAdder/_1658_/Z (AN3D0BWP30P140)
   0.0613   11.1501 v accAdder/_1659_/Z (OR3D0BWP30P140)
   0.0420   11.1921 ^ accAdder/_1703_/ZN (AOI211D0BWP30P140)
   0.0261   11.2182 ^ _060_/Z (AO22D0BWP30P140)
   0.0000   11.2182 ^ _070_/D (DFCNQD1BWP30P140)
            11.2182   data arrival time

  20.0000   20.0000   clock CORE_CLK (rise edge)
   0.0000   20.0000   clock network delay (ideal)
  -0.0500   19.9500   clock uncertainty
   0.0000   19.9500   clock reconvergence pessimism
            19.9500 ^ _070_/CP (DFCNQD1BWP30P140)
  -0.0174   19.9326   library setup time
            19.9326   data required time
-------------------------------------------------------------
            19.9326   data required time
           -11.2182   data arrival time
-------------------------------------------------------------
             8.7145   slack (MET)


