
6. Printing statistics.

=== BFP_PE ===

        +----------Local Count, excluding submodules.
        |        +-Local Area, excluding submodules.
        |        | 
      174        - wires
     2056        - wire bits
      140        - public wires
     2022        - public wire bits
       10        - ports
      277        - port bits
       67   99.918 cells
       32   24.192   AO22D0BWP30P140
       33   74.844   DFCNQD1BWP30P140
        1    0.504   INR2D0BWP30P140
        1    0.378   NR2D0BWP30P140
       64        - submodules
       16        -   CustomOperator_INT8_to_E3M2
       16        -   FP32Adder
       16        -   ScaleAddition_INT8_to_E3M2_scale_UE6M2
       16        -   ScaleToFP32_INT8_x_E3M2_UE6M2

   Chip area for module '\BFP_PE': 99.918000
     of which used for sequential elements: 74.844000 (74.91%)

=== FP32Adder ===

        +----------Local Count, excluding submodules.
        |        +-Local Area, excluding submodules.
        |        | 
      872        - wires
     1037        - wire bits
        6        - public wires
      171        - public wire bits
        3        - ports
       96        - port bits
      898  554.904 cells
       18    9.072   AN2D0BWP30P140
        5     3.15   AN3D0BWP30P140
        4    3.024   AN4D0BWP30P140
        2    1.512   AO211D0BWP30P140
       13     8.19   AO21D0BWP30P140
        4    3.024   AO22D0BWP30P140
       10      6.3   AOI211D0BWP30P140
       52   26.208   AOI21D0BWP30P140
       10     7.56   AOI221D0BWP30P140
        2    2.016   AOI222D0BWP30P140
       32    20.16   AOI22D0BWP30P140
        2     1.26   AOI31D0BWP30P140
       19   16.758   CKMUX2D0BWP30P140
       65    16.38   CKND0BWP30P140
       72   27.216   CKND2D0BWP30P140
        6     3.78   IAO21D0BWP30P140
       20    10.08   IND2D0BWP30P140
        1     0.63   IND3D0BWP30P140
        2    1.512   IND4D0BWP30P140
       21   10.584   INR2D0BWP30P140
        8     5.04   INR3D0BWP30P140
        3    2.268   INR4D0BWP30P140
        7     4.41   IOA21D0BWP30P140
       30    22.68   MAOI222D0BWP30P140
       15    11.34   MAOI22D0BWP30P140
        4    3.024   MOAI22D0BWP30P140
      114   86.184   MUX2ND0BWP30P140
        1    1.764   MUX3D0BWP30P140
        1    1.638   MUX3ND0BWP30P140
        2    4.788   MUX4D0BWP30P140
       16   36.288   MUX4ND0BWP30P140
       14    7.056   ND3D0BWP30P140
        5     3.15   ND4D0BWP30P140
       99   37.422   NR2D0BWP30P140
       35    17.64   NR3D0BWP30P140
        8     5.04   NR4D0BWP30P140
        2    1.512   OA211D0BWP30P140
        6     3.78   OA21D0BWP30P140
        1    0.882   OA22D0BWP30P140
       13     8.19   OAI211D0BWP30P140
       41   20.664   OAI21D0BWP30P140
        1    0.882   OAI221D0BWP30P140
        1    1.008   OAI222D0BWP30P140
       10      6.3   OAI22D0BWP30P140
        6     3.78   OAI31D0BWP30P140
        3    2.268   OAI32D0BWP30P140
        1    0.882   OAI33D0BWP30P140
        6    3.024   OR2D0BWP30P140
        8     5.04   OR3D0BWP30P140
        2    1.512   OR4D0BWP30P140
       51   44.982   XNR2UD0BWP30P140
        1    1.764   XNR3UD0BWP30P140
       23   20.286   XOR2UD0BWP30P140

   Chip area for module '\FP32Adder': 554.904000
     of which used for sequential elements: 0.000000 (0.00%)

=== ScaleToFP32_INT8_x_E3M2_UE6M2 ===

        +----------Local Count, excluding submodules.
        |        +-Local Area, excluding submodules.
        |        | 
      127        - wires
      181        - wire bits
        4        - public wires
       58        - public wire bits
        4        - ports
       58        - port bits
      147    90.09 cells
        1    0.504   AN2D0BWP30P140
        1     0.63   AN3D0BWP30P140
        1     0.63   AO21D0BWP30P140
        1    0.756   AO22D0BWP30P140
        4     2.52   AOI211D0BWP30P140
        5     2.52   AOI21D0BWP30P140
        2     1.26   AOI22D0BWP30P140
        1    0.756   AOI32D0BWP30P140
        8    7.056   CKMUX2D0BWP30P140
        3    0.756   CKND0BWP30P140
        6    2.268   CKND2D0BWP30P140
        9     5.67   IAO21D0BWP30P140
        1    0.504   IND2D0BWP30P140
        1     0.63   IND3D0BWP30P140
        4    2.016   INR2D0BWP30P140
        3     1.89   INR3D0BWP30P140
        1    0.756   INR4D0BWP30P140
        2     1.26   IOA21D0BWP30P140
       17   12.852   MUX2ND0BWP30P140
        1    1.638   MUX3ND0BWP30P140
        2    1.008   ND3D0BWP30P140
        1     0.63   ND4D0BWP30P140
       13    4.914   NR2D0BWP30P140
       19    9.576   NR3D0BWP30P140
       12     7.56   NR4D0BWP30P140
        4     2.52   OA21D0BWP30P140
        3     1.89   OAI211D0BWP30P140
        4    2.016   OAI21D0BWP30P140
        1    0.882   OAI221D0BWP30P140
        2     1.26   OAI22D0BWP30P140
        2     1.26   OAI31D0BWP30P140
        2    1.008   OR2D0BWP30P140
        1    0.756   OR4D0BWP30P140
        5     4.41   XNR2UD0BWP30P140
        4    3.528   XOR2UD0BWP30P140

   Chip area for module '\ScaleToFP32_INT8_x_E3M2_UE6M2': 90.090000
     of which used for sequential elements: 0.000000 (0.00%)

=== ScaleAddition_INT8_to_E3M2_scale_UE6M2 ===

        +----------Local Count, excluding submodules.
        |        +-Local Area, excluding submodules.
        |        | 
      294        - wires
      345        - wire bits
        8        - public wires
       59        - public wire bits
        8        - ports
       59        - port bits
      310  217.098 cells
        6    3.024   AN2D0BWP30P140
        3     1.89   AN3D0BWP30P140
        1    0.756   AO211D0BWP30P140
       14    7.056   AOI21D0BWP30P140
        3     1.89   AOI22D0BWP30P140
        1     0.63   AOI31D0BWP30P140
       13    3.276   CKND0BWP30P140
       70    26.46   CKND2D0BWP30P140
        2     1.26   IAO21D0BWP30P140
        4    2.016   IND2D0BWP30P140
        7    3.528   INR2D0BWP30P140
        1     0.63   INR3D0BWP30P140
        1     0.63   IOA21D0BWP30P140
       35    26.46   MAOI222D0BWP30P140
        1    0.756   MAOI22D0BWP30P140
        3    1.512   ND3D0BWP30P140
        2     1.26   ND4D0BWP30P140
       16    6.048   NR2D0BWP30P140
        3    1.512   NR3D0BWP30P140
        1     0.63   OA21D0BWP30P140
       11    5.544   OAI21D0BWP30P140
        6     3.78   OAI22D0BWP30P140
        6    3.024   OR2D0BWP30P140
        2    1.512   OR4D0BWP30P140
       51   44.982   XNR2UD0BWP30P140
       19   33.516   XNR3UD0BWP30P140
        2    5.292   XNR4D0BWP30P140
       20    17.64   XOR2UD0BWP30P140
        6   10.584   XOR3UD0BWP30P140

   Chip area for module '\ScaleAddition_INT8_to_E3M2_scale_UE6M2': 217.098000
     of which used for sequential elements: 0.000000 (0.00%)

=== CustomOperator_INT8_to_E3M2 ===

        +----------Local Count, excluding submodules.
        |        +-Local Area, excluding submodules.
        |        | 
       73        - wires
      106        - wire bits
        7        - public wires
       40        - public wire bits
        5        - ports
       31        - port bits
       80   52.038 cells
        2    1.008   AN2D0BWP30P140
        1     0.63   AN3D0BWP30P140
        3    1.512   AOI21D0BWP30P140
        1     0.63   AOI22D0BWP30P140
        4    1.008   CKND0BWP30P140
       20     7.56   CKND2D0BWP30P140
        1     0.63   IAO21D0BWP30P140
        1    0.504   IND2D0BWP30P140
        2    1.008   INR2D0BWP30P140
        2     1.26   IOA21D0BWP30P140
        9    6.804   MAOI222D0BWP30P140
        2    0.756   NR2D0BWP30P140
        3    1.512   OAI21D0BWP30P140
        1     0.63   OAI22D0BWP30P140
        2     1.26   OAI31D0BWP30P140
        1     0.63   OR3D0BWP30P140
       14   12.348   XNR2UD0BWP30P140
        3    5.292   XNR3UD0BWP30P140
        8    7.056   XOR2UD0BWP30P140

   Chip area for module '\CustomOperator_INT8_to_E3M2': 52.038000
     of which used for sequential elements: 0.000000 (0.00%)

=== design hierarchy ===

        +----------Count including submodules.
        |        +-Area including submodules.
        |        | 
    23027 1.47E+04 BFP_PE
       80   52.038 CustomOperator_INT8_to_E3M2
      898  554.904 FP32Adder
      310  217.098 ScaleAddition_INT8_to_E3M2_scale_UE6M2
      147    90.09 ScaleToFP32_INT8_x_E3M2_UE6M2

        +----------Count including submodules.
        |        +-Area including submodules.
        |        | 
    22030        - wires
    28760        - wire bits
      540        - public wires
     7270        - public wire bits
      330        - ports
     4181        - port bits
        -        - memories
        -        - memory bits
        -        - processes
    23027 1.47E+04 cells
      432  217.728   AN2D0BWP30P140
      160    100.8   AN3D0BWP30P140
       64   48.384   AN4D0BWP30P140
       48   36.288   AO211D0BWP30P140
      224   141.12   AO21D0BWP30P140
      112   84.672   AO22D0BWP30P140
      224   141.12   AOI211D0BWP30P140
     1184  596.736   AOI21D0BWP30P140
      160   120.96   AOI221D0BWP30P140
       32   32.256   AOI222D0BWP30P140
      608   383.04   AOI22D0BWP30P140
       48    30.24   AOI31D0BWP30P140
       16   12.096   AOI32D0BWP30P140
      432  381.024   CKMUX2D0BWP30P140
     1360   342.72   CKND0BWP30P140
     2688 1.02E+03   CKND2D0BWP30P140
       33   74.844   DFCNQD1BWP30P140
      288   181.44   IAO21D0BWP30P140
      416  209.664   IND2D0BWP30P140
       32    20.16   IND3D0BWP30P140
       32   24.192   IND4D0BWP30P140
      545   274.68   INR2D0BWP30P140
      192   120.96   INR3D0BWP30P140
       64   48.384   INR4D0BWP30P140
      192   120.96   IOA21D0BWP30P140
     1184  895.104   MAOI222D0BWP30P140
      256  193.536   MAOI22D0BWP30P140
       64   48.384   MOAI22D0BWP30P140
     2096 1.58E+03   MUX2ND0BWP30P140
       16   28.224   MUX3D0BWP30P140
       32   52.416   MUX3ND0BWP30P140
       32   76.608   MUX4D0BWP30P140
      256  580.608   MUX4ND0BWP30P140
      304  153.216   ND3D0BWP30P140
      128    80.64   ND4D0BWP30P140
     2081  786.618   NR2D0BWP30P140
      912  459.648   NR3D0BWP30P140
      320    201.6   NR4D0BWP30P140
       32   24.192   OA211D0BWP30P140
      176   110.88   OA21D0BWP30P140
       16   14.112   OA22D0BWP30P140
      256   161.28   OAI211D0BWP30P140
      944  475.776   OAI21D0BWP30P140
       32   28.224   OAI221D0BWP30P140
       16   16.128   OAI222D0BWP30P140
      304   191.52   OAI22D0BWP30P140
      160    100.8   OAI31D0BWP30P140
       48   36.288   OAI32D0BWP30P140
       16   14.112   OAI33D0BWP30P140
      224  112.896   OR2D0BWP30P140
      144    90.72   OR3D0BWP30P140
       80    60.48   OR4D0BWP30P140
     1936 1.71E+03   XNR2UD0BWP30P140
      368  649.152   XNR3UD0BWP30P140
       32   84.672   XNR4D0BWP30P140
      880   776.16   XOR2UD0BWP30P140
       96  169.344   XOR3UD0BWP30P140
       64 1.46E+04 submodules
       16  832.608   CustomOperator_INT8_to_E3M2
       16 8.88E+03   FP32Adder
       16 3.47E+03   ScaleAddition_INT8_to_E3M2_scale_UE6M2
       16  1441.44   ScaleToFP32_INT8_x_E3M2_UE6M2

   Chip area for top module '\BFP_PE': 14725.998000
     of which used for sequential elements: 74.844000 (0.51%)

