Startpoint: reset (input port clocked by CORE_CLK)
Endpoint: _068_ (recovery check against rising-edge clock CORE_CLK)
Path Group: asynchronous
Path Type: max

    Delay      Time   Description
-------------------------------------------------------------
   0.0000    0.0000   clock CORE_CLK (rise edge)
   0.0000    0.0000   clock network delay (ideal)
   0.0000    0.0000 ^ input external delay
   0.0000    0.0000 ^ reset (in)
   0.0000    0.0000 ^ _068_/CDN (DFCNQD1BWP30P140)
             0.0000   data arrival time

  20.0000   20.0000   clock CORE_CLK (rise edge)
   0.0000   20.0000   clock network delay (ideal)
  -0.0500   19.9500   clock uncertainty
   0.0000   19.9500   clock reconvergence pessimism
            19.9500 ^ _068_/CP (DFCNQD1BWP30P140)
   0.0258   19.9758   library recovery time
            19.9758   data required time
-------------------------------------------------------------
            19.9758   data required time
            -0.0000   data arrival time
-------------------------------------------------------------
            19.9758   slack (MET)


Startpoint: io_op_b_i[4] (input port clocked by CORE_CLK)
Endpoint: _070_ (rising edge-triggered flip-flop clocked by CORE_CLK)
Path Group: CORE_CLK
Path Type: max

    Delay      Time   Description
-------------------------------------------------------------
   0.0000    0.0000   clock CORE_CLK (rise edge)
   0.0000    0.0000   clock network delay (ideal)
   0.0000    0.0000 ^ input external delay
   0.0000    0.0000 ^ io_op_b_i[4] (in)
   0.0263    0.0263 ^ reducedSum_op/_056_/Z (OA21D0BWP30P140)
   0.0139    0.0402 v reducedSum_op/_063_/ZN (AOI21D0BWP30P140)
   0.0635    0.1037 v reducedSum_sa/_123_/Z (XOR3UD0BWP30P140)
   0.0611    0.1648 v reducedSum_sa/_137_/Z (XOR3UD0BWP30P140)
   0.0211    0.1859 ^ reducedSum_sa/_138_/ZN (NR2D0BWP30P140)
   0.0197    0.2056 v reducedSum_sa/_140_/ZN (OAI21D0BWP30P140)
   0.0253    0.2308 ^ reducedSum_sa/_142_/ZN (AOI21D0BWP30P140)
   0.0216    0.2524 v reducedSum_sa/_144_/ZN (OAI21D0BWP30P140)
   0.0207    0.2731 v reducedSum_sa/_165_/Z (AN3D0BWP30P140)
   0.0181    0.2913 ^ reducedSum_sa/_166_/ZN (NR2D0BWP30P140)
   0.0325    0.3237 ^ reducedSum_reduced_nextLevel_adder/_449_/ZN (XNR2UD0BWP30P140)
   0.0295    0.3533 v reducedSum_reduced_nextLevel_adder/_451_/ZN (OAI211D0BWP30P140)
   0.0310    0.3843 ^ reducedSum_reduced_nextLevel_adder/_453_/ZN (AOI31D0BWP30P140)
   0.0259    0.4103 ^ reducedSum_reduced_nextLevel_adder/_454_/Z (AO21D0BWP30P140)
   0.0180    0.4283 ^ reducedSum_reduced_nextLevel_adder/_462_/ZN (XNR2UD0BWP30P140)
   0.0411    0.4693 v reducedSum_reduced_nextLevel_adder/_471_/ZN (AOI32D0BWP30P140)
   0.1350    0.6043 v reducedSum_reduced_nextLevel_adder/_515_/Z (AO21D0BWP30P140)
   0.0591    0.6635 v reducedSum_reduced_nextLevel_adder/_598_/ZN (MUX2ND0BWP30P140)
   0.0398    0.7033 v reducedSum_reduced_nextLevel_adder/_599_/Z (CKMUX2D0BWP30P140)
   0.0206    0.7239 ^ reducedSum_reduced_nextLevel_adder/_600_/ZN (OAI32D0BWP30P140)
   0.0151    0.7390 v reducedSum_reduced_nextLevel_adder/_601_/ZN (AOI21D0BWP30P140)
   0.0286    0.7677 v reducedSum_reduced_nextLevel_adder/_603_/Z (AO21D0BWP30P140)
   0.0219    0.7895 v reducedSum_reduced_nextLevel_adder/_618_/ZN (XNR2UD0BWP30P140)
   0.0278    0.8174 ^ reducedSum_reduced_nextLevel_adder/_619_/ZN (AOI21D0BWP30P140)
   0.0255    0.8429 v reducedSum_reduced_nextLevel_adder/_620_/ZN (MAOI222D0BWP30P140)
   0.0361    0.8790 ^ reducedSum_reduced_nextLevel_adder/_622_/ZN (MAOI222D0BWP30P140)
   0.0264    0.9053 v reducedSum_reduced_nextLevel_adder/_626_/ZN (MAOI222D0BWP30P140)
   0.0281    0.9334 v reducedSum_reduced_nextLevel_adder/_631_/Z (AO21D0BWP30P140)
   0.0256    0.9590 ^ reducedSum_reduced_nextLevel_adder/_635_/ZN (MAOI222D0BWP30P140)
   0.0277    0.9868 v reducedSum_reduced_nextLevel_adder/_639_/ZN (MAOI222D0BWP30P140)
   0.0320    1.0187 ^ reducedSum_reduced_nextLevel_adder/_643_/ZN (AOI211D0BWP30P140)
   0.0239    1.0426 v reducedSum_reduced_nextLevel_adder/_644_/ZN (OAI32D0BWP30P140)
   0.0364    1.0790 v reducedSum_reduced_nextLevel_adder/_655_/Z (AO211D0BWP30P140)
   0.0421    1.1211 v reducedSum_reduced_nextLevel_adder/_670_/Z (AN2D0BWP30P140)
   0.0299    1.1511 v reducedSum_reduced_nextLevel_adder/_700_/Z (CKMUX2D0BWP30P140)
   0.0470    1.1981 v reducedSum_reduced_nextLevel_adder/_701_/ZN (IND4D0BWP30P140)
   0.0565    1.2546 v reducedSum_reduced_nextLevel_adder/_717_/ZN (IND4D0BWP30P140)
   0.0543    1.3089 v reducedSum_reduced_nextLevel_adder/_733_/ZN (IND4D0BWP30P140)
   0.0311    1.3399 ^ reducedSum_reduced_nextLevel_adder/_819_/ZN (OAI31D0BWP30P140)
   0.0314    1.3714 ^ reducedSum_reduced_nextLevel_adder/_820_/ZN (XNR2UD0BWP30P140)
   0.0347    1.4061 ^ reducedSum_reduced_nextLevel_adder_16/_422_/ZN (XNR2UD0BWP30P140)
   0.0236    1.4297 v reducedSum_reduced_nextLevel_adder_16/_423_/ZN (AOI21D0BWP30P140)
   0.0294    1.4591 v reducedSum_reduced_nextLevel_adder_16/_427_/Z (OA211D0BWP30P140)
   0.0310    1.4902 ^ reducedSum_reduced_nextLevel_adder_16/_430_/ZN (OAI31D0BWP30P140)
   0.0284    1.5186 v reducedSum_reduced_nextLevel_adder_16/_451_/ZN (OAI211D0BWP30P140)
   0.0310    1.5496 ^ reducedSum_reduced_nextLevel_adder_16/_453_/ZN (AOI31D0BWP30P140)
   0.0259    1.5756 ^ reducedSum_reduced_nextLevel_adder_16/_454_/Z (AO21D0BWP30P140)
   0.0180    1.5936 ^ reducedSum_reduced_nextLevel_adder_16/_462_/ZN (XNR2UD0BWP30P140)
   0.0411    1.6346 v reducedSum_reduced_nextLevel_adder_16/_471_/ZN (AOI32D0BWP30P140)
   0.1350    1.7696 v reducedSum_reduced_nextLevel_adder_16/_515_/Z (AO21D0BWP30P140)
   0.0610    1.8307 v reducedSum_reduced_nextLevel_adder_16/_516_/ZN (MUX2ND0BWP30P140)
   0.0420    1.8726 v reducedSum_reduced_nextLevel_adder_16/_535_/Z (CKMUX2D0BWP30P140)
   0.0220    1.8947 ^ reducedSum_reduced_nextLevel_adder_16/_538_/ZN (MUX2ND0BWP30P140)
   0.0175    1.9121 v reducedSum_reduced_nextLevel_adder_16/_602_/ZN (AOI21D0BWP30P140)
   0.0327    1.9449 v reducedSum_reduced_nextLevel_adder_16/_603_/Z (AO21D0BWP30P140)
   0.0219    1.9667 v reducedSum_reduced_nextLevel_adder_16/_618_/ZN (XNR2UD0BWP30P140)
   0.0278    1.9946 ^ reducedSum_reduced_nextLevel_adder_16/_619_/ZN (AOI21D0BWP30P140)
   0.0255    2.0201 v reducedSum_reduced_nextLevel_adder_16/_620_/ZN (MAOI222D0BWP30P140)
   0.0361    2.0562 ^ reducedSum_reduced_nextLevel_adder_16/_622_/ZN (MAOI222D0BWP30P140)
   0.0264    2.0825 v reducedSum_reduced_nextLevel_adder_16/_626_/ZN (MAOI222D0BWP30P140)
   0.0281    2.1106 v reducedSum_reduced_nextLevel_adder_16/_631_/Z (AO21D0BWP30P140)
   0.0256    2.1362 ^ reducedSum_reduced_nextLevel_adder_16/_635_/ZN (MAOI222D0BWP30P140)
   0.0277    2.1640 v reducedSum_reduced_nextLevel_adder_16/_639_/ZN (MAOI222D0BWP30P140)
   0.0320    2.1959 ^ reducedSum_reduced_nextLevel_adder_16/_643_/ZN (AOI211D0BWP30P140)
   0.0239    2.2198 v reducedSum_reduced_nextLevel_adder_16/_644_/ZN (OAI32D0BWP30P140)
   0.0364    2.2562 v reducedSum_reduced_nextLevel_adder_16/_655_/Z (AO211D0BWP30P140)
   0.0421    2.2983 v reducedSum_reduced_nextLevel_adder_16/_670_/Z (AN2D0BWP30P140)
   0.0299    2.3283 v reducedSum_reduced_nextLevel_adder_16/_700_/Z (CKMUX2D0BWP30P140)
   0.0470    2.3753 v reducedSum_reduced_nextLevel_adder_16/_701_/ZN (IND4D0BWP30P140)
   0.0565    2.4318 v reducedSum_reduced_nextLevel_adder_16/_717_/ZN (IND4D0BWP30P140)
   0.0543    2.4861 v reducedSum_reduced_nextLevel_adder_16/_733_/ZN (IND4D0BWP30P140)
   0.0311    2.5171 ^ reducedSum_reduced_nextLevel_adder_16/_819_/ZN (OAI31D0BWP30P140)
   0.0314    2.5486 ^ reducedSum_reduced_nextLevel_adder_16/_820_/ZN (XNR2UD0BWP30P140)
   0.0347    2.5833 ^ reducedSum_reduced_nextLevel_adder_24/_422_/ZN (XNR2UD0BWP30P140)
   0.0236    2.6069 v reducedSum_reduced_nextLevel_adder_24/_423_/ZN (AOI21D0BWP30P140)
   0.0294    2.6363 v reducedSum_reduced_nextLevel_adder_24/_427_/Z (OA211D0BWP30P140)
   0.0310    2.6674 ^ reducedSum_reduced_nextLevel_adder_24/_430_/ZN (OAI31D0BWP30P140)
   0.0284    2.6958 v reducedSum_reduced_nextLevel_adder_24/_451_/ZN (OAI211D0BWP30P140)
   0.0310    2.7268 ^ reducedSum_reduced_nextLevel_adder_24/_453_/ZN (AOI31D0BWP30P140)
   0.0259    2.7528 ^ reducedSum_reduced_nextLevel_adder_24/_454_/Z (AO21D0BWP30P140)
   0.0180    2.7708 ^ reducedSum_reduced_nextLevel_adder_24/_462_/ZN (XNR2UD0BWP30P140)
   0.0411    2.8118 v reducedSum_reduced_nextLevel_adder_24/_471_/ZN (AOI32D0BWP30P140)
   0.1350    2.9468 v reducedSum_reduced_nextLevel_adder_24/_515_/Z (AO21D0BWP30P140)
   0.0610    3.0079 v reducedSum_reduced_nextLevel_adder_24/_516_/ZN (MUX2ND0BWP30P140)
   0.0420    3.0498 v reducedSum_reduced_nextLevel_adder_24/_535_/Z (CKMUX2D0BWP30P140)
   0.0220    3.0719 ^ reducedSum_reduced_nextLevel_adder_24/_538_/ZN (MUX2ND0BWP30P140)
   0.0175    3.0893 v reducedSum_reduced_nextLevel_adder_24/_602_/ZN (AOI21D0BWP30P140)
   0.0327    3.1221 v reducedSum_reduced_nextLevel_adder_24/_603_/Z (AO21D0BWP30P140)
   0.0219    3.1439 v reducedSum_reduced_nextLevel_adder_24/_618_/ZN (XNR2UD0BWP30P140)
   0.0278    3.1718 ^ reducedSum_reduced_nextLevel_adder_24/_619_/ZN (AOI21D0BWP30P140)
   0.0255    3.1973 v reducedSum_reduced_nextLevel_adder_24/_620_/ZN (MAOI222D0BWP30P140)
   0.0361    3.2334 ^ reducedSum_reduced_nextLevel_adder_24/_622_/ZN (MAOI222D0BWP30P140)
   0.0264    3.2597 v reducedSum_reduced_nextLevel_adder_24/_626_/ZN (MAOI222D0BWP30P140)
   0.0281    3.2878 v reducedSum_reduced_nextLevel_adder_24/_631_/Z (AO21D0BWP30P140)
   0.0256    3.3135 ^ reducedSum_reduced_nextLevel_adder_24/_635_/ZN (MAOI222D0BWP30P140)
   0.0277    3.3412 v reducedSum_reduced_nextLevel_adder_24/_639_/ZN (MAOI222D0BWP30P140)
   0.0320    3.3731 ^ reducedSum_reduced_nextLevel_adder_24/_643_/ZN (AOI211D0BWP30P140)
   0.0239    3.3970 v reducedSum_reduced_nextLevel_adder_24/_644_/ZN (OAI32D0BWP30P140)
   0.0364    3.4334 v reducedSum_reduced_nextLevel_adder_24/_655_/Z (AO211D0BWP30P140)
   0.0421    3.4755 v reducedSum_reduced_nextLevel_adder_24/_670_/Z (AN2D0BWP30P140)
   0.0299    3.5055 v reducedSum_reduced_nextLevel_adder_24/_700_/Z (CKMUX2D0BWP30P140)
   0.0470    3.5525 v reducedSum_reduced_nextLevel_adder_24/_701_/ZN (IND4D0BWP30P140)
   0.0565    3.6090 v reducedSum_reduced_nextLevel_adder_24/_717_/ZN (IND4D0BWP30P140)
   0.0543    3.6633 v reducedSum_reduced_nextLevel_adder_24/_733_/ZN (IND4D0BWP30P140)
   0.0311    3.6943 ^ reducedSum_reduced_nextLevel_adder_24/_819_/ZN (OAI31D0BWP30P140)
   0.0314    3.7258 ^ reducedSum_reduced_nextLevel_adder_24/_820_/ZN (XNR2UD0BWP30P140)
   0.0347    3.7605 ^ reducedSum_reduced_nextLevel_adder_28/_422_/ZN (XNR2UD0BWP30P140)
   0.0236    3.7841 v reducedSum_reduced_nextLevel_adder_28/_423_/ZN (AOI21D0BWP30P140)
   0.0294    3.8135 v reducedSum_reduced_nextLevel_adder_28/_427_/Z (OA211D0BWP30P140)
   0.0310    3.8446 ^ reducedSum_reduced_nextLevel_adder_28/_430_/ZN (OAI31D0BWP30P140)
   0.0284    3.8730 v reducedSum_reduced_nextLevel_adder_28/_451_/ZN (OAI211D0BWP30P140)
   0.0310    3.9040 ^ reducedSum_reduced_nextLevel_adder_28/_453_/ZN (AOI31D0BWP30P140)
   0.0259    3.9300 ^ reducedSum_reduced_nextLevel_adder_28/_454_/Z (AO21D0BWP30P140)
   0.0180    3.9480 ^ reducedSum_reduced_nextLevel_adder_28/_462_/ZN (XNR2UD0BWP30P140)
   0.0411    3.9890 v reducedSum_reduced_nextLevel_adder_28/_471_/ZN (AOI32D0BWP30P140)
   0.1350    4.1240 v reducedSum_reduced_nextLevel_adder_28/_515_/Z (AO21D0BWP30P140)
   0.0610    4.1851 v reducedSum_reduced_nextLevel_adder_28/_516_/ZN (MUX2ND0BWP30P140)
   0.0420    4.2270 v reducedSum_reduced_nextLevel_adder_28/_535_/Z (CKMUX2D0BWP30P140)
   0.0220    4.2491 ^ reducedSum_reduced_nextLevel_adder_28/_538_/ZN (MUX2ND0BWP30P140)
   0.0175    4.2665 v reducedSum_reduced_nextLevel_adder_28/_602_/ZN (AOI21D0BWP30P140)
   0.0327    4.2993 v reducedSum_reduced_nextLevel_adder_28/_603_/Z (AO21D0BWP30P140)
   0.0219    4.3211 v reducedSum_reduced_nextLevel_adder_28/_618_/ZN (XNR2UD0BWP30P140)
   0.0278    4.3490 ^ reducedSum_reduced_nextLevel_adder_28/_619_/ZN (AOI21D0BWP30P140)
   0.0255    4.3745 v reducedSum_reduced_nextLevel_adder_28/_620_/ZN (MAOI222D0BWP30P140)
   0.0361    4.4106 ^ reducedSum_reduced_nextLevel_adder_28/_622_/ZN (MAOI222D0BWP30P140)
   0.0264    4.4369 v reducedSum_reduced_nextLevel_adder_28/_626_/ZN (MAOI222D0BWP30P140)
   0.0281    4.4650 v reducedSum_reduced_nextLevel_adder_28/_631_/Z (AO21D0BWP30P140)
   0.0256    4.4907 ^ reducedSum_reduced_nextLevel_adder_28/_635_/ZN (MAOI222D0BWP30P140)
   0.0277    4.5184 v reducedSum_reduced_nextLevel_adder_28/_639_/ZN (MAOI222D0BWP30P140)
   0.0320    4.5503 ^ reducedSum_reduced_nextLevel_adder_28/_643_/ZN (AOI211D0BWP30P140)
   0.0239    4.5742 v reducedSum_reduced_nextLevel_adder_28/_644_/ZN (OAI32D0BWP30P140)
   0.0364    4.6106 v reducedSum_reduced_nextLevel_adder_28/_655_/Z (AO211D0BWP30P140)
   0.0421    4.6527 v reducedSum_reduced_nextLevel_adder_28/_670_/Z (AN2D0BWP30P140)
   0.0299    4.6827 v reducedSum_reduced_nextLevel_adder_28/_700_/Z (CKMUX2D0BWP30P140)
   0.0470    4.7297 v reducedSum_reduced_nextLevel_adder_28/_701_/ZN (IND4D0BWP30P140)
   0.0565    4.7862 v reducedSum_reduced_nextLevel_adder_28/_717_/ZN (IND4D0BWP30P140)
   0.0543    4.8405 v reducedSum_reduced_nextLevel_adder_28/_733_/ZN (IND4D0BWP30P140)
   0.0311    4.8715 ^ reducedSum_reduced_nextLevel_adder_28/_819_/ZN (OAI31D0BWP30P140)
   0.0314    4.9030 ^ reducedSum_reduced_nextLevel_adder_28/_820_/ZN (XNR2UD0BWP30P140)
   0.0347    4.9377 ^ reducedSum_reduced_nextLevel_adder_30/_422_/ZN (XNR2UD0BWP30P140)
   0.0236    4.9613 v reducedSum_reduced_nextLevel_adder_30/_423_/ZN (AOI21D0BWP30P140)
   0.0294    4.9907 v reducedSum_reduced_nextLevel_adder_30/_427_/Z (OA211D0BWP30P140)
   0.0310    5.0218 ^ reducedSum_reduced_nextLevel_adder_30/_430_/ZN (OAI31D0BWP30P140)
   0.0284    5.0502 v reducedSum_reduced_nextLevel_adder_30/_451_/ZN (OAI211D0BWP30P140)
   0.0310    5.0812 ^ reducedSum_reduced_nextLevel_adder_30/_453_/ZN (AOI31D0BWP30P140)
   0.0259    5.1072 ^ reducedSum_reduced_nextLevel_adder_30/_454_/Z (AO21D0BWP30P140)
   0.0180    5.1252 ^ reducedSum_reduced_nextLevel_adder_30/_462_/ZN (XNR2UD0BWP30P140)
   0.0411    5.1662 v reducedSum_reduced_nextLevel_adder_30/_471_/ZN (AOI32D0BWP30P140)
   0.1350    5.3012 v reducedSum_reduced_nextLevel_adder_30/_515_/Z (AO21D0BWP30P140)
   0.0610    5.3623 v reducedSum_reduced_nextLevel_adder_30/_516_/ZN (MUX2ND0BWP30P140)
   0.0420    5.4042 v reducedSum_reduced_nextLevel_adder_30/_535_/Z (CKMUX2D0BWP30P140)
   0.0220    5.4263 ^ reducedSum_reduced_nextLevel_adder_30/_538_/ZN (MUX2ND0BWP30P140)
   0.0175    5.4437 v reducedSum_reduced_nextLevel_adder_30/_602_/ZN (AOI21D0BWP30P140)
   0.0327    5.4765 v reducedSum_reduced_nextLevel_adder_30/_603_/Z (AO21D0BWP30P140)
   0.0219    5.4983 v reducedSum_reduced_nextLevel_adder_30/_618_/ZN (XNR2UD0BWP30P140)
   0.0278    5.5262 ^ reducedSum_reduced_nextLevel_adder_30/_619_/ZN (AOI21D0BWP30P140)
   0.0255    5.5517 v reducedSum_reduced_nextLevel_adder_30/_620_/ZN (MAOI222D0BWP30P140)
   0.0361    5.5878 ^ reducedSum_reduced_nextLevel_adder_30/_622_/ZN (MAOI222D0BWP30P140)
   0.0264    5.6141 v reducedSum_reduced_nextLevel_adder_30/_626_/ZN (MAOI222D0BWP30P140)
   0.0281    5.6422 v reducedSum_reduced_nextLevel_adder_30/_631_/Z (AO21D0BWP30P140)
   0.0256    5.6679 ^ reducedSum_reduced_nextLevel_adder_30/_635_/ZN (MAOI222D0BWP30P140)
   0.0277    5.6956 v reducedSum_reduced_nextLevel_adder_30/_639_/ZN (MAOI222D0BWP30P140)
   0.0320    5.7276 ^ reducedSum_reduced_nextLevel_adder_30/_643_/ZN (AOI211D0BWP30P140)
   0.0239    5.7514 v reducedSum_reduced_nextLevel_adder_30/_644_/ZN (OAI32D0BWP30P140)
   0.0364    5.7878 v reducedSum_reduced_nextLevel_adder_30/_655_/Z (AO211D0BWP30P140)
   0.0421    5.8299 v reducedSum_reduced_nextLevel_adder_30/_670_/Z (AN2D0BWP30P140)
   0.0299    5.8599 v reducedSum_reduced_nextLevel_adder_30/_700_/Z (CKMUX2D0BWP30P140)
   0.0470    5.9069 v reducedSum_reduced_nextLevel_adder_30/_701_/ZN (IND4D0BWP30P140)
   0.0565    5.9634 v reducedSum_reduced_nextLevel_adder_30/_717_/ZN (IND4D0BWP30P140)
   0.0320    5.9954 ^ reducedSum_reduced_nextLevel_adder_30/_724_/ZN (INR2D0BWP30P140)
   0.0253    6.0207 ^ reducedSum_reduced_nextLevel_adder_30/_729_/Z (AN2D0BWP30P140)
   0.0172    6.0378 v reducedSum_reduced_nextLevel_adder_30/_734_/Z (XOR2UD0BWP30P140)
   0.1212    6.1590 ^ reducedSum_conv/_131_/ZN (AOI211D0BWP30P140)
   0.0392    6.1982 ^ reducedSum_conv/_142_/ZN (XNR2UD0BWP30P140)
   0.0364    6.2346 v reducedSum_conv/_145_/ZN (OAI211D0BWP30P140)
   0.0362    6.2707 v reducedSum_conv/_146_/Z (AO21D0BWP30P140)
   0.0271    6.2979 v reducedSum_conv/_150_/Z (AO21D0BWP30P140)
   0.0296    6.3274 ^ reducedSum_conv/_156_/ZN (OAI31D0BWP30P140)
   0.0255    6.3530 ^ reducedSum_conv/_167_/ZN (MUX2ND0BWP30P140)
   0.0181    6.3711 ^ reducedSum_conv/_178_/ZN (IND4D0BWP30P140)
   0.0879    6.4589 v reducedSum_conv/_179_/ZN (OAI211D0BWP30P140)
   0.0701    6.5290 ^ reducedSum_conv/_196_/ZN (AOI21D0BWP30P140)
   0.0268    6.5558 v accAdder/_0897_/ZN (XNR2UD0BWP30P140)
   0.0314    6.5872 ^ accAdder/_0899_/ZN (AOI21D0BWP30P140)
   0.0301    6.6173 v accAdder/_0901_/ZN (MAOI222D0BWP30P140)
   0.0372    6.6545 ^ accAdder/_0902_/ZN (MAOI222D0BWP30P140)
   0.0303    6.6848 v accAdder/_0903_/ZN (MAOI222D0BWP30P140)
   0.0372    6.7220 ^ accAdder/_0966_/ZN (MAOI222D0BWP30P140)
   0.0303    6.7523 v accAdder/_0968_/ZN (MAOI222D0BWP30P140)
   0.0270    6.7793 v accAdder/_0970_/ZN (XNR2UD0BWP30P140)
   0.0212    6.8005 ^ accAdder/_0971_/ZN (NR2D0BWP30P140)
   0.0257    6.8262 ^ accAdder/_0972_/Z (AN2D0BWP30P140)
   0.4170    7.2432 v accAdder/_0975_/ZN (AOI31D0BWP30P140)
   0.4192    7.6624 ^ accAdder/_0991_/ZN (AOI22D0BWP30P140)
   0.0318    7.6943 v accAdder/_1063_/ZN (CKND2D0BWP30P140)
   0.0370    7.7312 ^ accAdder/_1188_/ZN (OAI32D0BWP30P140)
   0.0151    7.7463 v accAdder/_1189_/ZN (AOI21D0BWP30P140)
   0.0396    7.7859 ^ accAdder/_1191_/ZN (OAI221D0BWP30P140)
   0.0211    7.8070 v accAdder/_1196_/ZN (OAI31D0BWP30P140)
   0.0222    7.8293 ^ accAdder/_1198_/ZN (AOI21D0BWP30P140)
   0.0256    7.8548 v accAdder/_1200_/ZN (MAOI222D0BWP30P140)
   0.0396    7.8944 ^ accAdder/_1202_/ZN (MAOI222D0BWP30P140)
   0.0257    7.9201 v accAdder/_1204_/ZN (MAOI222D0BWP30P140)
   0.0277    7.9479 ^ accAdder/_1206_/ZN (AOI21D0BWP30P140)
   0.0253    7.9732 ^ accAdder/_1209_/ZN (IAO21D0BWP30P140)
   0.0247    7.9978 v accAdder/_1211_/ZN (MAOI222D0BWP30P140)
   0.0395    8.0373 ^ accAdder/_1213_/ZN (MAOI222D0BWP30P140)
   0.0265    8.0638 v accAdder/_1221_/ZN (MAOI222D0BWP30P140)
   0.0354    8.0992 v accAdder/_1232_/Z (AO21D0BWP30P140)
   0.0261    8.1253 ^ accAdder/_1242_/ZN (MAOI222D0BWP30P140)
   0.0265    8.1518 v accAdder/_1255_/ZN (MAOI222D0BWP30P140)
   0.0315    8.1833 v accAdder/_1259_/Z (AO21D0BWP30P140)
   0.0182    8.2015 ^ accAdder/_1276_/ZN (AOI21D0BWP30P140)
   0.0258    8.2273 v accAdder/_1280_/ZN (MAOI222D0BWP30P140)
   0.0391    8.2664 ^ accAdder/_1296_/ZN (MAOI222D0BWP30P140)
   0.0262    8.2926 v accAdder/_1300_/ZN (MAOI222D0BWP30P140)
   0.0304    8.3230 ^ accAdder/_1318_/ZN (AOI21D0BWP30P140)
   0.0249    8.3479 v accAdder/_1322_/ZN (MAOI222D0BWP30P140)
   0.0364    8.3844 v accAdder/_1345_/Z (AO21D0BWP30P140)
   0.0156    8.4000 ^ accAdder/_1353_/ZN (MUX2ND0BWP30P140)
   0.0348    8.4348 ^ accAdder/_1354_/ZN (XNR2UD0BWP30P140)
   0.0288    8.4635 ^ accAdder/_1453_/ZN (MAOI22D0BWP30P140)
   0.1281    8.5916 v accAdder/_1456_/ZN (OAI211D0BWP30P140)
   0.0886    8.6802 ^ accAdder/_1531_/Z (MUX4D0BWP30P140)
   0.0194    8.6997 v accAdder/_1534_/ZN (MUX3ND0BWP30P140)
   0.0405    8.7402 ^ accAdder/_1568_/ZN (NR2D0BWP30P140)
   0.0507    8.7909 ^ accAdder/_1577_/ZN (INR4D0BWP30P140)
   0.0510    8.8419 ^ accAdder/_1582_/Z (AN4D0BWP30P140)
   0.0395    8.8814 ^ accAdder/_1590_/Z (AN4D0BWP30P140)
   0.0406    8.9219 ^ accAdder/_1601_/Z (AN4D0BWP30P140)
   0.0349    8.9568 ^ accAdder/_1603_/Z (AN3D0BWP30P140)
   0.0271    8.9840 v accAdder/_1605_/ZN (IND3D0BWP30P140)
   0.0379    9.0219 v accAdder/_1606_/Z (OR3D0BWP30P140)
   0.0368    9.0587 ^ accAdder/_1608_/ZN (INR3D0BWP30P140)
   0.0364    9.0951 v accAdder/_1611_/ZN (MAOI222D0BWP30P140)
   0.0357    9.1308 ^ accAdder/_1616_/ZN (NR4D0BWP30P140)
   0.0219    9.1527 v accAdder/_1619_/ZN (OAI31D0BWP30P140)
   0.0327    9.1854 v accAdder/_1621_/Z (AO21D0BWP30P140)
   0.0312    9.2166 ^ accAdder/_1623_/ZN (AOI21D0BWP30P140)
   0.0237    9.2403 v accAdder/_1626_/ZN (OAI21D0BWP30P140)
   0.0215    9.2618 v accAdder/_1658_/Z (AN3D0BWP30P140)
   0.0613    9.3230 v accAdder/_1659_/Z (OR3D0BWP30P140)
   0.0420    9.3650 ^ accAdder/_1703_/ZN (AOI211D0BWP30P140)
   0.0261    9.3911 ^ _060_/Z (AO22D0BWP30P140)
   0.0000    9.3911 ^ _070_/D (DFCNQD1BWP30P140)
             9.3911   data arrival time

  20.0000   20.0000   clock CORE_CLK (rise edge)
   0.0000   20.0000   clock network delay (ideal)
  -0.0500   19.9500   clock uncertainty
   0.0000   19.9500   clock reconvergence pessimism
            19.9500 ^ _070_/CP (DFCNQD1BWP30P140)
  -0.0174   19.9326   library setup time
            19.9326   data required time
-------------------------------------------------------------
            19.9326   data required time
            -9.3911   data arrival time
-------------------------------------------------------------
            10.5416   slack (MET)


