
6. Printing statistics.

=== BFP_PE ===

        +----------Local Count, excluding submodules.
        |        +-Local Area, excluding submodules.
        |        | 
       74        - wires
      612        - wire bits
       40        - public wires
      578        - public wire bits
       10        - ports
      117        - port bits
       67   99.918 cells
       32   24.192   AO22D0BWP30P140
       33   74.844   DFCNQD1BWP30P140
        1    0.504   INR2D0BWP30P140
        1    0.378   NR2D0BWP30P140
       16        - submodules
        4        -   CustomOperator_INT8_to_INT8
        4        -   FP32Adder
        4        -   ScaleAddition_INT8_to_INT8_scale_UE8M0
        4        -   ScaleToFP32_INT8_x_INT8_UE8M0

   Chip area for module '\BFP_PE': 99.918000
     of which used for sequential elements: 74.844000 (74.91%)

=== FP32Adder ===

        +----------Local Count, excluding submodules.
        |        +-Local Area, excluding submodules.
        |        | 
      872        - wires
     1037        - wire bits
        6        - public wires
      171        - public wire bits
        3        - ports
       96        - port bits
      898  554.904 cells
       18    9.072   AN2D0BWP30P140
        5     3.15   AN3D0BWP30P140
        4    3.024   AN4D0BWP30P140
        2    1.512   AO211D0BWP30P140
       13     8.19   AO21D0BWP30P140
        4    3.024   AO22D0BWP30P140
       10      6.3   AOI211D0BWP30P140
       52   26.208   AOI21D0BWP30P140
       10     7.56   AOI221D0BWP30P140
        2    2.016   AOI222D0BWP30P140
       32    20.16   AOI22D0BWP30P140
        2     1.26   AOI31D0BWP30P140
       19   16.758   CKMUX2D0BWP30P140
       65    16.38   CKND0BWP30P140
       72   27.216   CKND2D0BWP30P140
        6     3.78   IAO21D0BWP30P140
       20    10.08   IND2D0BWP30P140
        1     0.63   IND3D0BWP30P140
        2    1.512   IND4D0BWP30P140
       21   10.584   INR2D0BWP30P140
        8     5.04   INR3D0BWP30P140
        3    2.268   INR4D0BWP30P140
        7     4.41   IOA21D0BWP30P140
       30    22.68   MAOI222D0BWP30P140
       15    11.34   MAOI22D0BWP30P140
        4    3.024   MOAI22D0BWP30P140
      114   86.184   MUX2ND0BWP30P140
        1    1.764   MUX3D0BWP30P140
        1    1.638   MUX3ND0BWP30P140
        2    4.788   MUX4D0BWP30P140
       16   36.288   MUX4ND0BWP30P140
       14    7.056   ND3D0BWP30P140
        5     3.15   ND4D0BWP30P140
       99   37.422   NR2D0BWP30P140
       35    17.64   NR3D0BWP30P140
        8     5.04   NR4D0BWP30P140
        2    1.512   OA211D0BWP30P140
        6     3.78   OA21D0BWP30P140
        1    0.882   OA22D0BWP30P140
       13     8.19   OAI211D0BWP30P140
       41   20.664   OAI21D0BWP30P140
        1    0.882   OAI221D0BWP30P140
        1    1.008   OAI222D0BWP30P140
       10      6.3   OAI22D0BWP30P140
        6     3.78   OAI31D0BWP30P140
        3    2.268   OAI32D0BWP30P140
        1    0.882   OAI33D0BWP30P140
        6    3.024   OR2D0BWP30P140
        8     5.04   OR3D0BWP30P140
        2    1.512   OR4D0BWP30P140
       51   44.982   XNR2UD0BWP30P140
        1    1.764   XNR3UD0BWP30P140
       23   20.286   XOR2UD0BWP30P140

   Chip area for module '\FP32Adder': 554.904000
     of which used for sequential elements: 0.000000 (0.00%)

=== ScaleToFP32_INT8_x_INT8_UE8M0 ===

        +----------Local Count, excluding submodules.
        |        +-Local Area, excluding submodules.
        |        | 
      143        - wires
      199        - wire bits
        4        - public wires
       60        - public wire bits
        4        - ports
       60        - port bits
      163   96.516 cells
        2    1.008   AN2D0BWP30P140
        2     1.26   AO21D0BWP30P140
       12     7.56   AOI211D0BWP30P140
        5     2.52   AOI21D0BWP30P140
        1    0.756   AOI221D0BWP30P140
        1     0.63   AOI22D0BWP30P140
        1    0.756   AOI32D0BWP30P140
        9    7.938   CKMUX2D0BWP30P140
        6    1.512   CKND0BWP30P140
       12    4.536   CKND2D0BWP30P140
        6     3.78   IAO21D0BWP30P140
        3    1.512   IND2D0BWP30P140
        5     2.52   INR2D0BWP30P140
        4     2.52   INR3D0BWP30P140
        1     0.63   IOA21D0BWP30P140
        2    1.512   MOAI22D0BWP30P140
       19   14.364   MUX2ND0BWP30P140
        4    2.016   ND3D0BWP30P140
        2     1.26   ND4D0BWP30P140
       11    4.158   NR2D0BWP30P140
       16    8.064   NR3D0BWP30P140
        4     2.52   NR4D0BWP30P140
        2     1.26   OA21D0BWP30P140
        1     0.63   OAI211D0BWP30P140
        8    4.032   OAI21D0BWP30P140
        4     2.52   OAI22D0BWP30P140
        3     1.89   OAI31D0BWP30P140
        3    1.512   OR2D0BWP30P140
        3     1.89   OR3D0BWP30P140
        2    1.512   OR4D0BWP30P140
        4    3.528   XNR2UD0BWP30P140
        5     4.41   XOR2UD0BWP30P140

   Chip area for module '\ScaleToFP32_INT8_x_INT8_UE8M0': 96.516000
     of which used for sequential elements: 0.000000 (0.00%)

=== ScaleAddition_INT8_to_INT8_scale_UE8M0 ===

        +----------Local Count, excluding submodules.
        |        +-Local Area, excluding submodules.
        |        | 
       64        - wires
      116        - wire bits
        7        - public wires
       59        - public wire bits
        7        - ports
       59        - port bits
       67   51.156 cells
        1    0.504   AN2D0BWP30P140
        1    0.756   AN4D0BWP30P140
        2     1.26   AO21D0BWP30P140
        1     0.63   AOI22D0BWP30P140
        3    0.756   CKND0BWP30P140
        6    2.268   CKND2D0BWP30P140
        1     0.63   IAO21D0BWP30P140
        4    2.016   IND2D0BWP30P140
        2    1.008   INR2D0BWP30P140
        1     0.63   INR3D0BWP30P140
        6    4.536   MAOI222D0BWP30P140
        4    2.016   ND3D0BWP30P140
        2     1.26   ND4D0BWP30P140
        2    0.756   NR2D0BWP30P140
        1    0.504   OAI21D0BWP30P140
        1     0.63   OAI22D0BWP30P140
        2    1.008   OR2D0BWP30P140
       13   11.466   XNR2UD0BWP30P140
        2    3.528   XNR3UD0BWP30P140
        1    2.646   XNR4D0BWP30P140
        9    7.938   XOR2UD0BWP30P140
        1    1.764   XOR3UD0BWP30P140
        1    2.646   XOR4D0BWP30P140

   Chip area for module '\ScaleAddition_INT8_to_INT8_scale_UE8M0': 51.156000
     of which used for sequential elements: 0.000000 (0.00%)

=== CustomOperator_INT8_to_INT8 ===

        +----------Local Count, excluding submodules.
        |        +-Local Area, excluding submodules.
        |        | 
      225        - wires
      252        - wire bits
        4        - public wires
       31        - public wire bits
        4        - ports
       31        - port bits
      236  166.446 cells
        3    1.512   AN2D0BWP30P140
        4     2.52   AN3D0BWP30P140
        1    0.756   AO211D0BWP30P140
        1     0.63   AO21D0BWP30P140
        1    0.756   AO22D0BWP30P140
        6    3.024   AOI21D0BWP30P140
        3     1.89   AOI22D0BWP30P140
        1     0.63   AOI31D0BWP30P140
       11    2.772   CKND0BWP30P140
       21    7.938   CKND2D0BWP30P140
        1     0.63   IAO21D0BWP30P140
       11    5.544   IND2D0BWP30P140
        5     2.52   INR2D0BWP30P140
        1     0.63   INR3D0BWP30P140
       21   15.876   MAOI222D0BWP30P140
        1    0.756   MOAI22D0BWP30P140
        3    1.512   ND3D0BWP30P140
       33   12.474   NR2D0BWP30P140
        5     2.52   NR3D0BWP30P140
        1     0.63   NR4D0BWP30P140
        1     0.63   OA21D0BWP30P140
        2    1.764   OA22D0BWP30P140
        1     0.63   OAI211D0BWP30P140
        5     2.52   OAI21D0BWP30P140
        4     2.52   OAI22D0BWP30P140
        4     2.52   OAI31D0BWP30P140
        5     2.52   OR2D0BWP30P140
        1     0.63   OR3D0BWP30P140
        1    0.756   OR4D0BWP30P140
       28   24.696   XNR2UD0BWP30P140
        9   15.876   XNR3UD0BWP30P140
        1    2.646   XNR4D0BWP30P140
       31   27.342   XOR2UD0BWP30P140
        9   15.876   XOR3UD0BWP30P140

   Chip area for module '\CustomOperator_INT8_to_INT8': 166.446000
     of which used for sequential elements: 0.000000 (0.00%)

=== design hierarchy ===

        +----------Count including submodules.
        |        +-Area including submodules.
        |        | 
     5523 3.58E+03 BFP_PE
      236  166.446 CustomOperator_INT8_to_INT8
      898  554.904 FP32Adder
       67   51.156 ScaleAddition_INT8_to_INT8_scale_UE8M0
      163   96.516 ScaleToFP32_INT8_x_INT8_UE8M0

        +----------Count including submodules.
        |        +-Area including submodules.
        |        | 
     5290        - wires
     7028        - wire bits
      124        - public wires
     1862        - public wire bits
       82        - ports
     1101        - port bits
        -        - memories
        -        - memory bits
        -        - processes
     5523 3.58E+03 cells
       96   48.384   AN2D0BWP30P140
       36    22.68   AN3D0BWP30P140
       20    15.12   AN4D0BWP30P140
       12    9.072   AO211D0BWP30P140
       72    45.36   AO21D0BWP30P140
       52   39.312   AO22D0BWP30P140
       88    55.44   AOI211D0BWP30P140
      252  127.008   AOI21D0BWP30P140
       44   33.264   AOI221D0BWP30P140
        8    8.064   AOI222D0BWP30P140
      148    93.24   AOI22D0BWP30P140
       12     7.56   AOI31D0BWP30P140
        4    3.024   AOI32D0BWP30P140
      112   98.784   CKMUX2D0BWP30P140
      340    85.68   CKND0BWP30P140
      444  167.832   CKND2D0BWP30P140
       33   74.844   DFCNQD1BWP30P140
       56    35.28   IAO21D0BWP30P140
      152   76.608   IND2D0BWP30P140
        4     2.52   IND3D0BWP30P140
        8    6.048   IND4D0BWP30P140
      133   67.032   INR2D0BWP30P140
       56    35.28   INR3D0BWP30P140
       12    9.072   INR4D0BWP30P140
       32    20.16   IOA21D0BWP30P140
      228  172.368   MAOI222D0BWP30P140
       60    45.36   MAOI22D0BWP30P140
       28   21.168   MOAI22D0BWP30P140
      532  402.192   MUX2ND0BWP30P140
        4    7.056   MUX3D0BWP30P140
        4    6.552   MUX3ND0BWP30P140
        8   19.152   MUX4D0BWP30P140
       64  145.152   MUX4ND0BWP30P140
      100     50.4   ND3D0BWP30P140
       36    22.68   ND4D0BWP30P140
      581  219.618   NR2D0BWP30P140
      224  112.896   NR3D0BWP30P140
       52    32.76   NR4D0BWP30P140
        8    6.048   OA211D0BWP30P140
       36    22.68   OA21D0BWP30P140
       12   10.584   OA22D0BWP30P140
       60     37.8   OAI211D0BWP30P140
      220   110.88   OAI21D0BWP30P140
        4    3.528   OAI221D0BWP30P140
        4    4.032   OAI222D0BWP30P140
       76    47.88   OAI22D0BWP30P140
       52    32.76   OAI31D0BWP30P140
       12    9.072   OAI32D0BWP30P140
        4    3.528   OAI33D0BWP30P140
       64   32.256   OR2D0BWP30P140
       48    30.24   OR3D0BWP30P140
       20    15.12   OR4D0BWP30P140
      384  338.688   XNR2UD0BWP30P140
       48   84.672   XNR3UD0BWP30P140
        8   21.168   XNR4D0BWP30P140
      272  239.904   XOR2UD0BWP30P140
       40    70.56   XOR3UD0BWP30P140
        4   10.584   XOR4D0BWP30P140
       16 3.48E+03 submodules
        4  665.784   CustomOperator_INT8_to_INT8
        4 2.22E+03   FP32Adder
        4  204.624   ScaleAddition_INT8_to_INT8_scale_UE8M0
        4  386.064   ScaleToFP32_INT8_x_INT8_UE8M0

   Chip area for top module '\BFP_PE': 3576.006000
     of which used for sequential elements: 74.844000 (2.09%)

