Startpoint: reset (input port clocked by CORE_CLK)
Endpoint: _42_ (recovery check against rising-edge clock CORE_CLK)
Path Group: asynchronous
Path Type: max

    Delay      Time   Description
-------------------------------------------------------------
   0.0000    0.0000   clock CORE_CLK (rise edge)
   0.0000    0.0000   clock network delay (ideal)
   0.0000    0.0000 ^ input external delay
   0.0000    0.0000 ^ reset (in)
   0.0000    0.0000 ^ _42_/CDN (DFCNQD1BWP30P140)
             0.0000   data arrival time

   2.0000    2.0000   clock CORE_CLK (rise edge)
   0.0000    2.0000   clock network delay (ideal)
  -0.0500    1.9500   clock uncertainty
   0.0000    1.9500   clock reconvergence pessimism
             1.9500 ^ _42_/CP (DFCNQD1BWP30P140)
   0.0258    1.9758   library recovery time
             1.9758   data required time
-------------------------------------------------------------
             1.9758   data required time
            -0.0000   data arrival time
-------------------------------------------------------------
             1.9758   slack (MET)


Startpoint: io_op_a_i[13] (input port clocked by CORE_CLK)
Endpoint: _57_ (rising edge-triggered flip-flop clocked by CORE_CLK)
Path Group: CORE_CLK
Path Type: max

    Delay      Time   Description
-------------------------------------------------------------
   0.0000    0.0000   clock CORE_CLK (rise edge)
   0.0000    0.0000   clock network delay (ideal)
   0.0000    0.0000 v input external delay
   0.0000    0.0000 v io_op_a_i[13] (in)
   0.0267    0.0267 v op_1/_059_/Z (OR3D0BWP30P140)
   0.0316    0.0583 ^ op_1/_060_/ZN (INR2D0BWP30P140)
   0.0247    0.0831 v op_1/_102_/ZN (NR4D0BWP30P140)
   0.0360    0.1191 ^ op_1/_104_/ZN (MAOI222D0BWP30P140)
   0.0272    0.1463 v op_1/_106_/ZN (MAOI222D0BWP30P140)
   0.0216    0.1679 ^ op_1/_107_/ZN (CKND2D0BWP30P140)
   0.0122    0.1801 v op_1/_108_/ZN (CKND2D0BWP30P140)
   0.0508    0.2308 v op_1/_116_/ZN (XNR3UD0BWP30P140)
   0.0162    0.2470 ^ tree/_2277_/ZN (CKND0BWP30P140)
   0.0170    0.2640 v tree/_2301_/ZN (AOI22D0BWP30P140)
   0.0289    0.2929 ^ tree/_2303_/ZN (AOI221D0BWP30P140)
   0.0449    0.3379 v tree/_2305_/ZN (OAI22D0BWP30P140)
   0.0364    0.3743 v tree/_2307_/ZN (MUX2ND0BWP30P140)
   0.0282    0.4025 v tree/_2308_/ZN (MOAI22D0BWP30P140)
   0.0169    0.4194 ^ tree/_2315_/ZN (AOI21D0BWP30P140)
   0.0330    0.4524 v tree/_2320_/ZN (OAI222D0BWP30P140)
   0.0504    0.5028 v tree/_2322_/Z (AO22D0BWP30P140)
   0.0304    0.5332 v tree/_2334_/ZN (MUX2ND0BWP30P140)
   0.0356    0.5688 v tree/_2337_/Z (XOR2UD0BWP30P140)
   0.0353    0.6041 v tree/_2342_/Z (AO211D0BWP30P140)
   0.0237    0.6278 v tree/_2351_/Z (AO21D0BWP30P140)
   0.0476    0.6753 v tree/_2359_/Z (AO21D0BWP30P140)
   0.0545    0.7298 ^ tree/_2370_/Z (CKMUX2D0BWP30P140)
   0.0332    0.7630 v tree/_2376_/ZN (MAOI222D0BWP30P140)
   0.0319    0.7949 ^ tree/_2379_/ZN (AOI211D0BWP30P140)
   0.0234    0.8183 v tree/_2387_/ZN (OAI31D0BWP30P140)
   0.0609    0.8792 ^ tree/_2390_/ZN (AOI21D0BWP30P140)
   0.0265    0.9057 v tree/_2404_/ZN (AOI31D0BWP30P140)
   0.0827    0.9884 ^ tree/_2410_/ZN (NR2D0BWP30P140)
   0.0576    1.0459 ^ tree/_2437_/Z (MUX4D0BWP30P140)
   0.0293    1.0752 v tree/_2480_/ZN (OAI211D0BWP30P140)
   0.0344    1.1096 ^ tree/_2528_/ZN (AOI31D0BWP30P140)
   0.0111    1.1207 v tree/_2529_/ZN (CKND2D0BWP30P140)
   0.0375    1.1581 v tree/_3807_/Z (XOR2UD0BWP30P140)
   0.0664    1.2246 v tree/_3821_/ZN (XNR3UD0BWP30P140)
   0.0610    1.2856 v tree/_3834_/Z (XOR3UD0BWP30P140)
   0.0311    1.3166 v tree/_3850_/Z (XOR2UD0BWP30P140)
   0.0271    1.3437 v tree/_3851_/ZN (IAO21D0BWP30P140)
   0.0291    1.3728 ^ tree/_3852_/ZN (MAOI222D0BWP30P140)
   0.0245    1.3973 v tree/_3854_/ZN (AOI21D0BWP30P140)
   0.0354    1.4327 ^ tree/_3856_/ZN (MAOI222D0BWP30P140)
   0.0195    1.4522 v tree/_3858_/ZN (AOI21D0BWP30P140)
   0.0345    1.4867 ^ tree/_3859_/ZN (MAOI222D0BWP30P140)
   0.0316    1.5182 v tree/_3861_/ZN (MAOI222D0BWP30P140)
   0.0387    1.5569 ^ tree/_3863_/ZN (MAOI222D0BWP30P140)
   0.0243    1.5812 v tree/_3865_/ZN (AOI21D0BWP30P140)
   0.0356    1.6168 ^ tree/_3867_/ZN (MAOI222D0BWP30P140)
   0.0286    1.6454 ^ tree/_3870_/ZN (IOA21D0BWP30P140)
   0.0190    1.6644 v tree/_3872_/ZN (AOI21D0BWP30P140)
   0.0215    1.6859 ^ tree/_3874_/ZN (OAI21D0BWP30P140)
   0.0284    1.7142 v tree/_3875_/ZN (MAOI222D0BWP30P140)
   0.0392    1.7534 ^ tree/_3877_/ZN (MAOI222D0BWP30P140)
   0.0246    1.7781 v tree/_3879_/ZN (AOI21D0BWP30P140)
   0.0356    1.8137 ^ tree/_3881_/ZN (MAOI222D0BWP30P140)
   0.0285    1.8421 ^ tree/_3884_/ZN (IOA21D0BWP30P140)
   0.0265    1.8686 ^ tree/_3887_/Z (AO21D0BWP30P140)
   0.0164    1.8850 v tree/_3891_/ZN (AOI211D0BWP30P140)
   0.0307    1.9157 ^ tree/_3893_/ZN (OAI31D0BWP30P140)
   0.0310    1.9467 v tree/_3895_/ZN (MAOI222D0BWP30P140)
   0.0395    1.9862 ^ tree/_3897_/ZN (MAOI222D0BWP30P140)
   0.0263    2.0125 v tree/_3899_/ZN (AOI21D0BWP30P140)
   0.0255    2.0380 ^ tree/_3902_/ZN (OAI211D0BWP30P140)
   0.0222    2.0602 v tree/_3904_/ZN (AOI31D0BWP30P140)
   0.0310    2.0912 ^ tree/_3907_/ZN (OAI31D0BWP30P140)
   0.0240    2.1152 v tree/_3909_/ZN (AOI21D0BWP30P140)
   0.0351    2.1503 ^ tree/_3911_/ZN (MAOI222D0BWP30P140)
   0.0246    2.1749 v tree/_3914_/ZN (AOI21D0BWP30P140)
   0.0365    2.2115 ^ tree/_3916_/ZN (MAOI222D0BWP30P140)
   0.0337    2.2451 v tree/_3918_/ZN (MAOI222D0BWP30P140)
   0.0292    2.2744 ^ tree/_3921_/ZN (OAI211D0BWP30P140)
   0.0277    2.3021 v tree/_3923_/ZN (AOI31D0BWP30P140)
   0.0284    2.3304 ^ tree/_3925_/ZN (OAI21D0BWP30P140)
   0.0274    2.3578 ^ tree/_3927_/Z (AO21D0BWP30P140)
   0.0189    2.3767 v tree/_3929_/ZN (AOI21D0BWP30P140)
   0.0275    2.4042 v tree/_3931_/ZN (IAO21D0BWP30P140)
   0.0324    2.4366 ^ tree/_3933_/ZN (MAOI222D0BWP30P140)
   0.0201    2.4567 v tree/_3937_/ZN (AOI211D0BWP30P140)
   0.0307    2.4874 ^ tree/_3939_/ZN (OAI31D0BWP30P140)
   0.0229    2.5104 v tree/_3941_/ZN (AOI21D0BWP30P140)
   0.0259    2.5362 ^ tree/_3943_/ZN (OAI21D0BWP30P140)
   0.0244    2.5607 v tree/_3945_/ZN (AOI21D0BWP30P140)
   0.0303    2.5910 ^ tree/_3949_/ZN (OAI211D0BWP30P140)
   0.0629    2.6538 ^ tree/_3951_/Z (AO21D0BWP30P140)
   0.0702    2.7240 v tree/_3952_/ZN (CKND0BWP30P140)
   0.0334    2.7574 ^ tree/_4006_/ZN (OAI31D0BWP30P140)
   0.0351    2.7925 v tree/_4010_/ZN (IND4D0BWP30P140)
   0.0285    2.8210 ^ tree/_4015_/ZN (NR4D0BWP30P140)
   0.0346    2.8557 v tree/_4019_/ZN (IND4D0BWP30P140)
   0.0287    2.8843 ^ tree/_4025_/ZN (NR4D0BWP30P140)
   0.0275    2.9118 v tree/_4029_/ZN (ND4D0BWP30P140)
   0.0278    2.9396 v tree/_4055_/ZN (IAO21D0BWP30P140)
   0.0250    2.9646 ^ tree/_4056_/ZN (AOI21D0BWP30P140)
   0.0288    2.9934 ^ tree/_4057_/Z (OA21D0BWP30P140)
   0.0212    3.0146 ^ tree/_4059_/Z (AN2D0BWP30P140)
   0.0161    3.0307 v tree/_4060_/ZN (IOA21D0BWP30P140)
   0.0218    3.0525 ^ tree/_4066_/ZN (NR4D0BWP30P140)
   0.0325    3.0850 ^ tree/_4068_/Z (AN3D0BWP30P140)
   0.0229    3.1078 ^ tree/_4076_/Z (AO21D0BWP30P140)
   0.0258    3.1336 ^ tree/_4077_/Z (OA21D0BWP30P140)
   0.0166    3.1502 v tree/_4078_/ZN (IOA21D0BWP30P140)
   0.0415    3.1917 v tree/_4081_/Z (AO211D0BWP30P140)
   0.0178    3.2095 ^ tree/_4082_/ZN (NR2D0BWP30P140)
   0.0123    3.2218 v tree/_4083_/ZN (NR2D0BWP30P140)
   0.0238    3.2456 ^ tree/_4094_/Z (XOR2UD0BWP30P140)
   0.5407    3.7863 v tree/_4243_/ZN (AOI31D0BWP30P140)
   0.2223    4.0086 ^ tree/_4377_/ZN (MUX4ND0BWP30P140)
   0.0470    4.0556 v tree/_4378_/ZN (MUX4ND0BWP30P140)
   0.0518    4.1074 v tree/_4381_/Z (CKMUX2D0BWP30P140)
   0.0125    4.1198 ^ tree/_4476_/ZN (ND4D0BWP30P140)
   0.0130    4.1328 v tree/_4477_/ZN (OAI31D0BWP30P140)
   0.0240    4.1568 v tree/_4499_/Z (AN4D0BWP30P140)
   0.0299    4.1867 ^ tree/_4501_/ZN (INR4D0BWP30P140)
   0.0319    4.2186 v tree/_4502_/ZN (ND3D0BWP30P140)
   0.0366    4.2552 ^ tree/_4504_/ZN (NR3D0BWP30P140)
   0.0447    4.3000 ^ tree/_4531_/Z (AN4D0BWP30P140)
   0.0180    4.3180 v tree/_4545_/ZN (XNR2UD0BWP30P140)
   0.0615    4.3795 v d2fpn/_089_/ZN (XNR3UD0BWP30P140)
   0.0296    4.4091 v d2fpn/_096_/Z (XOR2UD0BWP30P140)
   0.0293    4.4385 v d2fpn/_110_/ZN (XNR2UD0BWP30P140)
   0.0299    4.4684 ^ d2fpn/_111_/ZN (AOI21D0BWP30P140)
   0.0222    4.4905 v d2fpn/_114_/ZN (OAI21D0BWP30P140)
   0.0267    4.5172 ^ d2fpn/_116_/ZN (AOI21D0BWP30P140)
   0.0370    4.5542 ^ d2fpn/_124_/ZN (IAO21D0BWP30P140)
   0.0206    4.5748 ^ d2fpn/_130_/Z (OR3D0BWP30P140)
   0.0693    4.6441 v d2fpn/_146_/ZN (ND3D0BWP30P140)
   0.0543    4.6984 ^ d2fpn/_156_/ZN (NR3D0BWP30P140)
   0.0134    4.7119 v accAdder/_0518_/ZN (IND2D0BWP30P140)
   0.0270    4.7388 v accAdder/_0519_/ZN (IOA21D0BWP30P140)
   0.0413    4.7801 v accAdder/_0533_/Z (XOR2UD0BWP30P140)
   0.0304    4.8105 ^ accAdder/_0534_/ZN (NR2D0BWP30P140)
   0.0166    4.8271 v accAdder/_0540_/ZN (CKND2D0BWP30P140)
   0.0205    4.8475 ^ accAdder/_0549_/ZN (NR3D0BWP30P140)
   0.0533    4.9008 ^ accAdder/_0561_/ZN (INR4D0BWP30P140)
   0.0946    4.9954 v accAdder/_0588_/Z (CKMUX2D0BWP30P140)
   0.1083    5.1037 ^ accAdder/_0616_/ZN (OAI31D0BWP30P140)
   0.0321    5.1357 v accAdder/_0618_/ZN (NR3D0BWP30P140)
   0.0487    5.1844 ^ accAdder/_0697_/ZN (AOI222D0BWP30P140)
   0.0161    5.2005 v accAdder/_0768_/ZN (AOI211D0BWP30P140)
   0.0485    5.2490 ^ accAdder/_0772_/ZN (AOI211D0BWP30P140)
   0.0239    5.2729 v accAdder/_0774_/ZN (ND3D0BWP30P140)
   0.0228    5.2957 ^ accAdder/_0776_/ZN (OAI21D0BWP30P140)
   0.0237    5.3194 v accAdder/_0778_/ZN (MAOI222D0BWP30P140)
   0.0231    5.3426 ^ accAdder/_0779_/ZN (OAI21D0BWP30P140)
   0.0235    5.3661 ^ accAdder/_0780_/Z (AO21D0BWP30P140)
   0.0230    5.3891 v accAdder/_0781_/ZN (MAOI222D0BWP30P140)
   0.0336    5.4227 ^ accAdder/_0783_/ZN (MAOI222D0BWP30P140)
   0.0263    5.4490 ^ accAdder/_0785_/Z (AO21D0BWP30P140)
   0.0132    5.4622 v accAdder/_0795_/ZN (AOI211D0BWP30P140)
   0.0343    5.4965 ^ accAdder/_0796_/ZN (AOI21D0BWP30P140)
   0.0211    5.5176 ^ accAdder/_0799_/Z (XOR2UD0BWP30P140)
   0.0189    5.5365 v accAdder/_0869_/ZN (AOI211D0BWP30P140)
   0.1133    5.6498 ^ accAdder/_0870_/ZN (NR2D0BWP30P140)
   0.0524    5.7021 v accAdder/_0893_/ZN (MUX3ND0BWP30P140)
   0.0383    5.7404 ^ accAdder/_0903_/ZN (NR3D0BWP30P140)
   0.0411    5.7815 v accAdder/_0907_/ZN (ND4D0BWP30P140)
   0.0482    5.8298 ^ accAdder/_0917_/ZN (INR4D0BWP30P140)
   0.0337    5.8635 ^ accAdder/_0919_/ZN (INR3D0BWP30P140)
   0.0242    5.8877 ^ accAdder/_0920_/ZN (INR2D0BWP30P140)
   0.0341    5.9218 v accAdder/_0921_/ZN (MAOI222D0BWP30P140)
   0.0498    5.9716 v accAdder/_0927_/Z (OR4D0BWP30P140)
   0.0333    6.0049 v accAdder/_0937_/Z (AO211D0BWP30P140)
   0.0247    6.0296 ^ accAdder/_0941_/ZN (OAI31D0BWP30P140)
   0.1007    6.1303 v accAdder/_0944_/ZN (OAI211D0BWP30P140)
   0.0461    6.1765 ^ accAdder/_0957_/ZN (INR3D0BWP30P140)
   0.0279    6.2044 ^ _39_/Z (AO22D0BWP30P140)
   0.0000    6.2044 ^ _57_/D (DFCNQD1BWP30P140)
             6.2044   data arrival time

   2.0000    2.0000   clock CORE_CLK (rise edge)
   0.0000    2.0000   clock network delay (ideal)
  -0.0500    1.9500   clock uncertainty
   0.0000    1.9500   clock reconvergence pessimism
             1.9500 ^ _57_/CP (DFCNQD1BWP30P140)
  -0.0171    1.9329   library setup time
             1.9329   data required time
-------------------------------------------------------------
             1.9329   data required time
            -6.2044   data arrival time
-------------------------------------------------------------
            -4.2714   slack (VIOLATED)


