Startpoint: reset (input port clocked by CORE_CLK)
Endpoint: _068_ (recovery check against rising-edge clock CORE_CLK)
Path Group: asynchronous
Path Type: max

    Delay      Time   Description
-------------------------------------------------------------
   0.0000    0.0000   clock CORE_CLK (rise edge)
   0.0000    0.0000   clock network delay (ideal)
   0.0000    0.0000 ^ input external delay
   0.0000    0.0000 ^ reset (in)
   0.0000    0.0000 ^ _068_/CDN (DFCNQD1BWP30P140)
             0.0000   data arrival time

  20.0000   20.0000   clock CORE_CLK (rise edge)
   0.0000   20.0000   clock network delay (ideal)
  -0.0500   19.9500   clock uncertainty
   0.0000   19.9500   clock reconvergence pessimism
            19.9500 ^ _068_/CP (DFCNQD1BWP30P140)
   0.0258   19.9758   library recovery time
            19.9758   data required time
-------------------------------------------------------------
            19.9758   data required time
            -0.0000   data arrival time
-------------------------------------------------------------
            19.9758   slack (MET)


Startpoint: io_op_a_i[7] (input port clocked by CORE_CLK)
Endpoint: _070_ (rising edge-triggered flip-flop clocked by CORE_CLK)
Path Group: CORE_CLK
Path Type: max

    Delay      Time   Description
-------------------------------------------------------------
   0.0000    0.0000   clock CORE_CLK (rise edge)
   0.0000    0.0000   clock network delay (ideal)
   0.0000    0.0000 ^ input external delay
   0.0000    0.0000 ^ io_op_a_i[7] (in)
   0.0149    0.0149 v reducedSum_op/_078_/ZN (OAI21D0BWP30P140)
   0.0307    0.0457 ^ reducedSum_op/_080_/ZN (OAI22D0BWP30P140)
   0.0190    0.0646 v reducedSum_op/_081_/ZN (CKND2D0BWP30P140)
   0.0630    0.1276 v reducedSum_op/_091_/ZN (XNR3UD0BWP30P140)
   0.0649    0.1925 v reducedSum_op/_109_/Z (XOR3UD0BWP30P140)
   0.0353    0.2278 ^ reducedSum_op/_113_/ZN (MAOI222D0BWP30P140)
   0.0337    0.2615 v reducedSum_op/_115_/ZN (MAOI222D0BWP30P140)
   0.0406    0.3021 ^ reducedSum_op/_151_/ZN (MAOI222D0BWP30P140)
   0.0317    0.3338 v reducedSum_op/_153_/ZN (MAOI222D0BWP30P140)
   0.0397    0.3735 ^ reducedSum_op/_155_/ZN (MAOI222D0BWP30P140)
   0.0552    0.4287 v reducedSum_op/_160_/ZN (OAI21D0BWP30P140)
   0.0369    0.4655 ^ reducedSum_sa/_1233_/ZN (CKND2D0BWP30P140)
   0.0118    0.4773 v reducedSum_sa/_1276_/Z (XOR2UD0BWP30P140)
   0.0305    0.5078 v reducedSum_sa/_1316_/ZN (XNR2UD0BWP30P140)
   0.0289    0.5367 v reducedSum_sa/_1322_/ZN (XNR2UD0BWP30P140)
   0.0294    0.5660 v reducedSum_sa/_1357_/ZN (XNR2UD0BWP30P140)
   0.0279    0.5939 ^ reducedSum_sa/_1372_/Z (XOR2UD0BWP30P140)
   0.0366    0.6305 v reducedSum_sa/_1373_/ZN (AOI33D0BWP30P140)
   0.0696    0.7001 ^ reducedSum_sa/_1381_/ZN (XNR4D0BWP30P140)
   0.0460    0.7461 v reducedSum_sa/_1420_/ZN (XNR3UD0BWP30P140)
   0.0352    0.7813 v reducedSum_sa/_1453_/Z (XOR2UD0BWP30P140)
   0.0316    0.8129 ^ reducedSum_sa/_1585_/ZN (MAOI222D0BWP30P140)
   0.0267    0.8396 v reducedSum_sa/_1586_/ZN (MAOI222D0BWP30P140)
   0.0334    0.8730 ^ reducedSum_sa/_1587_/ZN (MAOI222D0BWP30P140)
   0.0266    0.8996 v reducedSum_sa/_1588_/ZN (MAOI222D0BWP30P140)
   0.0384    0.9380 ^ reducedSum_sa/_1589_/ZN (MAOI222D0BWP30P140)
   0.0304    0.9684 v reducedSum_sa/_1591_/ZN (MAOI222D0BWP30P140)
   0.0311    0.9995 ^ reducedSum_sa/_1593_/ZN (AOI21D0BWP30P140)
   0.0239    1.0234 v reducedSum_sa/_1596_/ZN (OAI21D0BWP30P140)
   0.0385    1.0619 ^ reducedSum_sa/_1598_/ZN (MAOI222D0BWP30P140)
   0.0151    1.0771 v reducedSum_sa/_1620_/ZN (NR3D0BWP30P140)
   0.0219    1.0990 ^ reducedSum_sa/_1638_/ZN (OAI21D0BWP30P140)
   0.0161    1.1151 v reducedSum_sa/_1683_/ZN (AOI21D0BWP30P140)
   0.0405    1.1556 v reducedSum_sa/_1685_/Z (OR4D0BWP30P140)
   0.1385    1.2941 ^ reducedSum_conv/_247_/ZN (AOI211D0BWP30P140)
   0.1064    1.4005 v reducedSum_conv/_248_/ZN (CKND0BWP30P140)
   0.0613    1.4619 v reducedSum_conv/_274_/ZN (MUX4ND0BWP30P140)
   0.0437    1.5056 ^ reducedSum_conv/_331_/ZN (NR2D0BWP30P140)
   0.0465    1.5521 ^ reducedSum_conv/_353_/ZN (INR4D0BWP30P140)
   0.0506    1.6027 v reducedSum_conv/_357_/ZN (ND4D0BWP30P140)
   0.0399    1.6426 ^ reducedSum_conv/_361_/ZN (NR4D0BWP30P140)
   0.0513    1.6939 v reducedSum_conv/_367_/ZN (IND4D0BWP30P140)
   0.0344    1.7283 ^ reducedSum_conv/_376_/ZN (NR4D0BWP30P140)
   0.0322    1.7605 v reducedSum_conv/_378_/ZN (IND3D0BWP30P140)
   0.0345    1.7950 ^ reducedSum_conv/_380_/ZN (NR4D0BWP30P140)
   0.0491    1.8441 v reducedSum_conv/_385_/ZN (IND4D0BWP30P140)
   0.0305    1.8746 v reducedSum_conv/_418_/ZN (XNR2UD0BWP30P140)
   0.0285    1.9032 ^ reducedSum_conv/_419_/ZN (NR2D0BWP30P140)
   0.0315    1.9347 v reducedSum_nextLevel_adder/_0897_/ZN (XNR2UD0BWP30P140)
   0.0321    1.9668 ^ reducedSum_nextLevel_adder/_0899_/ZN (AOI21D0BWP30P140)
   0.0302    1.9970 v reducedSum_nextLevel_adder/_0901_/ZN (MAOI222D0BWP30P140)
   0.0355    2.0325 ^ reducedSum_nextLevel_adder/_0902_/ZN (MAOI222D0BWP30P140)
   0.0307    2.0631 v reducedSum_nextLevel_adder/_0903_/ZN (MAOI222D0BWP30P140)
   0.0361    2.0993 ^ reducedSum_nextLevel_adder/_0966_/ZN (MAOI222D0BWP30P140)
   0.0302    2.1295 v reducedSum_nextLevel_adder/_0968_/ZN (MAOI222D0BWP30P140)
   0.0260    2.1555 v reducedSum_nextLevel_adder/_0970_/ZN (XNR2UD0BWP30P140)
   0.0214    2.1769 ^ reducedSum_nextLevel_adder/_0971_/ZN (NR2D0BWP30P140)
   0.0257    2.2026 ^ reducedSum_nextLevel_adder/_0972_/Z (AN2D0BWP30P140)
   0.4170    2.6196 v reducedSum_nextLevel_adder/_0975_/ZN (AOI31D0BWP30P140)
   0.4192    3.0388 ^ reducedSum_nextLevel_adder/_0991_/ZN (AOI22D0BWP30P140)
   0.0318    3.0707 v reducedSum_nextLevel_adder/_1063_/ZN (CKND2D0BWP30P140)
   0.0370    3.1076 ^ reducedSum_nextLevel_adder/_1188_/ZN (OAI32D0BWP30P140)
   0.0151    3.1227 v reducedSum_nextLevel_adder/_1189_/ZN (AOI21D0BWP30P140)
   0.0396    3.1623 ^ reducedSum_nextLevel_adder/_1191_/ZN (OAI221D0BWP30P140)
   0.0211    3.1834 v reducedSum_nextLevel_adder/_1196_/ZN (OAI31D0BWP30P140)
   0.0222    3.2057 ^ reducedSum_nextLevel_adder/_1198_/ZN (AOI21D0BWP30P140)
   0.0256    3.2312 v reducedSum_nextLevel_adder/_1200_/ZN (MAOI222D0BWP30P140)
   0.0396    3.2709 ^ reducedSum_nextLevel_adder/_1202_/ZN (MAOI222D0BWP30P140)
   0.0257    3.2966 v reducedSum_nextLevel_adder/_1204_/ZN (MAOI222D0BWP30P140)
   0.0277    3.3243 ^ reducedSum_nextLevel_adder/_1206_/ZN (AOI21D0BWP30P140)
   0.0253    3.3496 ^ reducedSum_nextLevel_adder/_1209_/ZN (IAO21D0BWP30P140)
   0.0247    3.3742 v reducedSum_nextLevel_adder/_1211_/ZN (MAOI222D0BWP30P140)
   0.0395    3.4138 ^ reducedSum_nextLevel_adder/_1213_/ZN (MAOI222D0BWP30P140)
   0.0265    3.4402 v reducedSum_nextLevel_adder/_1221_/ZN (MAOI222D0BWP30P140)
   0.0354    3.4756 v reducedSum_nextLevel_adder/_1232_/Z (AO21D0BWP30P140)
   0.0261    3.5017 ^ reducedSum_nextLevel_adder/_1242_/ZN (MAOI222D0BWP30P140)
   0.0265    3.5282 v reducedSum_nextLevel_adder/_1255_/ZN (MAOI222D0BWP30P140)
   0.0315    3.5597 v reducedSum_nextLevel_adder/_1259_/Z (AO21D0BWP30P140)
   0.0182    3.5779 ^ reducedSum_nextLevel_adder/_1276_/ZN (AOI21D0BWP30P140)
   0.0258    3.6037 v reducedSum_nextLevel_adder/_1280_/ZN (MAOI222D0BWP30P140)
   0.0391    3.6428 ^ reducedSum_nextLevel_adder/_1296_/ZN (MAOI222D0BWP30P140)
   0.0262    3.6690 v reducedSum_nextLevel_adder/_1300_/ZN (MAOI222D0BWP30P140)
   0.0304    3.6994 ^ reducedSum_nextLevel_adder/_1318_/ZN (AOI21D0BWP30P140)
   0.0249    3.7243 v reducedSum_nextLevel_adder/_1322_/ZN (MAOI222D0BWP30P140)
   0.0364    3.7608 v reducedSum_nextLevel_adder/_1345_/Z (AO21D0BWP30P140)
   0.0156    3.7764 ^ reducedSum_nextLevel_adder/_1353_/ZN (MUX2ND0BWP30P140)
   0.0347    3.8111 ^ reducedSum_nextLevel_adder/_1354_/ZN (XNR2UD0BWP30P140)
   0.0288    3.8399 ^ reducedSum_nextLevel_adder/_1453_/ZN (MAOI22D0BWP30P140)
   0.1281    3.9680 v reducedSum_nextLevel_adder/_1456_/ZN (OAI211D0BWP30P140)
   0.0886    4.0566 ^ reducedSum_nextLevel_adder/_1531_/Z (MUX4D0BWP30P140)
   0.0194    4.0760 v reducedSum_nextLevel_adder/_1534_/ZN (MUX3ND0BWP30P140)
   0.0405    4.1165 ^ reducedSum_nextLevel_adder/_1568_/ZN (NR2D0BWP30P140)
   0.0507    4.1672 ^ reducedSum_nextLevel_adder/_1577_/ZN (INR4D0BWP30P140)
   0.0510    4.2183 ^ reducedSum_nextLevel_adder/_1582_/Z (AN4D0BWP30P140)
   0.0395    4.2577 ^ reducedSum_nextLevel_adder/_1590_/Z (AN4D0BWP30P140)
   0.0406    4.2983 ^ reducedSum_nextLevel_adder/_1601_/Z (AN4D0BWP30P140)
   0.0349    4.3332 ^ reducedSum_nextLevel_adder/_1603_/Z (AN3D0BWP30P140)
   0.0271    4.3603 v reducedSum_nextLevel_adder/_1605_/ZN (IND3D0BWP30P140)
   0.0379    4.3982 v reducedSum_nextLevel_adder/_1606_/Z (OR3D0BWP30P140)
   0.0368    4.4351 ^ reducedSum_nextLevel_adder/_1608_/ZN (INR3D0BWP30P140)
   0.0364    4.4715 v reducedSum_nextLevel_adder/_1611_/ZN (MAOI222D0BWP30P140)
   0.0357    4.5072 ^ reducedSum_nextLevel_adder/_1616_/ZN (NR4D0BWP30P140)
   0.0219    4.5291 v reducedSum_nextLevel_adder/_1619_/ZN (OAI31D0BWP30P140)
   0.0327    4.5617 v reducedSum_nextLevel_adder/_1621_/Z (AO21D0BWP30P140)
   0.0312    4.5930 ^ reducedSum_nextLevel_adder/_1623_/ZN (AOI21D0BWP30P140)
   0.0248    4.6178 ^ reducedSum_nextLevel_adder/_1625_/Z (OR3D0BWP30P140)
   0.0144    4.6321 v reducedSum_nextLevel_adder/_1647_/ZN (AOI21D0BWP30P140)
   0.0314    4.6635 v reducedSum_nextLevel_adder/_1648_/Z (OR2D0BWP30P140)
   0.0267    4.6903 ^ reducedSum_nextLevel_adder/_1653_/ZN (NR2D0BWP30P140)
   0.0319    4.7221 v reducedSum_nextLevel_adder_8/_0897_/ZN (XNR2UD0BWP30P140)
   0.0322    4.7543 ^ reducedSum_nextLevel_adder_8/_0899_/ZN (AOI21D0BWP30P140)
   0.0302    4.7845 v reducedSum_nextLevel_adder_8/_0901_/ZN (MAOI222D0BWP30P140)
   0.0360    4.8205 ^ reducedSum_nextLevel_adder_8/_0902_/ZN (MAOI222D0BWP30P140)
   0.0302    4.8508 v reducedSum_nextLevel_adder_8/_0903_/ZN (MAOI222D0BWP30P140)
   0.0360    4.8868 ^ reducedSum_nextLevel_adder_8/_0966_/ZN (MAOI222D0BWP30P140)
   0.0302    4.9170 v reducedSum_nextLevel_adder_8/_0968_/ZN (MAOI222D0BWP30P140)
   0.0257    4.9427 v reducedSum_nextLevel_adder_8/_0970_/ZN (XNR2UD0BWP30P140)
   0.0213    4.9640 ^ reducedSum_nextLevel_adder_8/_0971_/ZN (NR2D0BWP30P140)
   0.0257    4.9897 ^ reducedSum_nextLevel_adder_8/_0972_/Z (AN2D0BWP30P140)
   0.4170    5.4067 v reducedSum_nextLevel_adder_8/_0975_/ZN (AOI31D0BWP30P140)
   0.4192    5.8259 ^ reducedSum_nextLevel_adder_8/_0991_/ZN (AOI22D0BWP30P140)
   0.0318    5.8577 v reducedSum_nextLevel_adder_8/_1063_/ZN (CKND2D0BWP30P140)
   0.0370    5.8947 ^ reducedSum_nextLevel_adder_8/_1188_/ZN (OAI32D0BWP30P140)
   0.0151    5.9098 v reducedSum_nextLevel_adder_8/_1189_/ZN (AOI21D0BWP30P140)
   0.0396    5.9494 ^ reducedSum_nextLevel_adder_8/_1191_/ZN (OAI221D0BWP30P140)
   0.0211    5.9705 v reducedSum_nextLevel_adder_8/_1196_/ZN (OAI31D0BWP30P140)
   0.0222    5.9928 ^ reducedSum_nextLevel_adder_8/_1198_/ZN (AOI21D0BWP30P140)
   0.0256    6.0183 v reducedSum_nextLevel_adder_8/_1200_/ZN (MAOI222D0BWP30P140)
   0.0396    6.0579 ^ reducedSum_nextLevel_adder_8/_1202_/ZN (MAOI222D0BWP30P140)
   0.0257    6.0836 v reducedSum_nextLevel_adder_8/_1204_/ZN (MAOI222D0BWP30P140)
   0.0277    6.1114 ^ reducedSum_nextLevel_adder_8/_1206_/ZN (AOI21D0BWP30P140)
   0.0253    6.1367 ^ reducedSum_nextLevel_adder_8/_1209_/ZN (IAO21D0BWP30P140)
   0.0247    6.1613 v reducedSum_nextLevel_adder_8/_1211_/ZN (MAOI222D0BWP30P140)
   0.0395    6.2008 ^ reducedSum_nextLevel_adder_8/_1213_/ZN (MAOI222D0BWP30P140)
   0.0265    6.2273 v reducedSum_nextLevel_adder_8/_1221_/ZN (MAOI222D0BWP30P140)
   0.0354    6.2627 v reducedSum_nextLevel_adder_8/_1232_/Z (AO21D0BWP30P140)
   0.0261    6.2888 ^ reducedSum_nextLevel_adder_8/_1242_/ZN (MAOI222D0BWP30P140)
   0.0265    6.3153 v reducedSum_nextLevel_adder_8/_1255_/ZN (MAOI222D0BWP30P140)
   0.0315    6.3468 v reducedSum_nextLevel_adder_8/_1259_/Z (AO21D0BWP30P140)
   0.0182    6.3650 ^ reducedSum_nextLevel_adder_8/_1276_/ZN (AOI21D0BWP30P140)
   0.0258    6.3908 v reducedSum_nextLevel_adder_8/_1280_/ZN (MAOI222D0BWP30P140)
   0.0391    6.4299 ^ reducedSum_nextLevel_adder_8/_1296_/ZN (MAOI222D0BWP30P140)
   0.0262    6.4561 v reducedSum_nextLevel_adder_8/_1300_/ZN (MAOI222D0BWP30P140)
   0.0304    6.4865 ^ reducedSum_nextLevel_adder_8/_1318_/ZN (AOI21D0BWP30P140)
   0.0249    6.5114 v reducedSum_nextLevel_adder_8/_1322_/ZN (MAOI222D0BWP30P140)
   0.0364    6.5479 v reducedSum_nextLevel_adder_8/_1345_/Z (AO21D0BWP30P140)
   0.0156    6.5635 ^ reducedSum_nextLevel_adder_8/_1353_/ZN (MUX2ND0BWP30P140)
   0.0347    6.5982 ^ reducedSum_nextLevel_adder_8/_1354_/ZN (XNR2UD0BWP30P140)
   0.0288    6.6270 ^ reducedSum_nextLevel_adder_8/_1453_/ZN (MAOI22D0BWP30P140)
   0.1281    6.7551 v reducedSum_nextLevel_adder_8/_1456_/ZN (OAI211D0BWP30P140)
   0.0886    6.8437 ^ reducedSum_nextLevel_adder_8/_1531_/Z (MUX4D0BWP30P140)
   0.0194    6.8631 v reducedSum_nextLevel_adder_8/_1534_/ZN (MUX3ND0BWP30P140)
   0.0405    6.9036 ^ reducedSum_nextLevel_adder_8/_1568_/ZN (NR2D0BWP30P140)
   0.0507    6.9543 ^ reducedSum_nextLevel_adder_8/_1577_/ZN (INR4D0BWP30P140)
   0.0510    7.0054 ^ reducedSum_nextLevel_adder_8/_1582_/Z (AN4D0BWP30P140)
   0.0395    7.0448 ^ reducedSum_nextLevel_adder_8/_1590_/Z (AN4D0BWP30P140)
   0.0406    7.0854 ^ reducedSum_nextLevel_adder_8/_1601_/Z (AN4D0BWP30P140)
   0.0349    7.1203 ^ reducedSum_nextLevel_adder_8/_1603_/Z (AN3D0BWP30P140)
   0.0271    7.1474 v reducedSum_nextLevel_adder_8/_1605_/ZN (IND3D0BWP30P140)
   0.0379    7.1853 v reducedSum_nextLevel_adder_8/_1606_/Z (OR3D0BWP30P140)
   0.0368    7.2222 ^ reducedSum_nextLevel_adder_8/_1608_/ZN (INR3D0BWP30P140)
   0.0364    7.2586 v reducedSum_nextLevel_adder_8/_1611_/ZN (MAOI222D0BWP30P140)
   0.0357    7.2943 ^ reducedSum_nextLevel_adder_8/_1616_/ZN (NR4D0BWP30P140)
   0.0219    7.3162 v reducedSum_nextLevel_adder_8/_1619_/ZN (OAI31D0BWP30P140)
   0.0327    7.3488 v reducedSum_nextLevel_adder_8/_1621_/Z (AO21D0BWP30P140)
   0.0312    7.3801 ^ reducedSum_nextLevel_adder_8/_1623_/ZN (AOI21D0BWP30P140)
   0.0248    7.4049 ^ reducedSum_nextLevel_adder_8/_1625_/Z (OR3D0BWP30P140)
   0.0144    7.4192 v reducedSum_nextLevel_adder_8/_1647_/ZN (AOI21D0BWP30P140)
   0.0314    7.4506 v reducedSum_nextLevel_adder_8/_1648_/Z (OR2D0BWP30P140)
   0.0267    7.4774 ^ reducedSum_nextLevel_adder_8/_1653_/ZN (NR2D0BWP30P140)
   0.0319    7.5093 v reducedSum_nextLevel_adder_12/_0897_/ZN (XNR2UD0BWP30P140)
   0.0322    7.5414 ^ reducedSum_nextLevel_adder_12/_0899_/ZN (AOI21D0BWP30P140)
   0.0302    7.5716 v reducedSum_nextLevel_adder_12/_0901_/ZN (MAOI222D0BWP30P140)
   0.0360    7.6076 ^ reducedSum_nextLevel_adder_12/_0902_/ZN (MAOI222D0BWP30P140)
   0.0302    7.6379 v reducedSum_nextLevel_adder_12/_0903_/ZN (MAOI222D0BWP30P140)
   0.0360    7.6739 ^ reducedSum_nextLevel_adder_12/_0966_/ZN (MAOI222D0BWP30P140)
   0.0302    7.7041 v reducedSum_nextLevel_adder_12/_0968_/ZN (MAOI222D0BWP30P140)
   0.0257    7.7298 v reducedSum_nextLevel_adder_12/_0970_/ZN (XNR2UD0BWP30P140)
   0.0213    7.7511 ^ reducedSum_nextLevel_adder_12/_0971_/ZN (NR2D0BWP30P140)
   0.0257    7.7768 ^ reducedSum_nextLevel_adder_12/_0972_/Z (AN2D0BWP30P140)
   0.4170    8.1938 v reducedSum_nextLevel_adder_12/_0975_/ZN (AOI31D0BWP30P140)
   0.4192    8.6130 ^ reducedSum_nextLevel_adder_12/_0991_/ZN (AOI22D0BWP30P140)
   0.0318    8.6449 v reducedSum_nextLevel_adder_12/_1063_/ZN (CKND2D0BWP30P140)
   0.0370    8.6818 ^ reducedSum_nextLevel_adder_12/_1188_/ZN (OAI32D0BWP30P140)
   0.0151    8.6969 v reducedSum_nextLevel_adder_12/_1189_/ZN (AOI21D0BWP30P140)
   0.0396    8.7365 ^ reducedSum_nextLevel_adder_12/_1191_/ZN (OAI221D0BWP30P140)
   0.0211    8.7576 v reducedSum_nextLevel_adder_12/_1196_/ZN (OAI31D0BWP30P140)
   0.0222    8.7799 ^ reducedSum_nextLevel_adder_12/_1198_/ZN (AOI21D0BWP30P140)
   0.0256    8.8054 v reducedSum_nextLevel_adder_12/_1200_/ZN (MAOI222D0BWP30P140)
   0.0396    8.8450 ^ reducedSum_nextLevel_adder_12/_1202_/ZN (MAOI222D0BWP30P140)
   0.0257    8.8707 v reducedSum_nextLevel_adder_12/_1204_/ZN (MAOI222D0BWP30P140)
   0.0277    8.8985 ^ reducedSum_nextLevel_adder_12/_1206_/ZN (AOI21D0BWP30P140)
   0.0253    8.9238 ^ reducedSum_nextLevel_adder_12/_1209_/ZN (IAO21D0BWP30P140)
   0.0247    8.9484 v reducedSum_nextLevel_adder_12/_1211_/ZN (MAOI222D0BWP30P140)
   0.0395    8.9879 ^ reducedSum_nextLevel_adder_12/_1213_/ZN (MAOI222D0BWP30P140)
   0.0265    9.0144 v reducedSum_nextLevel_adder_12/_1221_/ZN (MAOI222D0BWP30P140)
   0.0354    9.0498 v reducedSum_nextLevel_adder_12/_1232_/Z (AO21D0BWP30P140)
   0.0261    9.0759 ^ reducedSum_nextLevel_adder_12/_1242_/ZN (MAOI222D0BWP30P140)
   0.0265    9.1024 v reducedSum_nextLevel_adder_12/_1255_/ZN (MAOI222D0BWP30P140)
   0.0315    9.1339 v reducedSum_nextLevel_adder_12/_1259_/Z (AO21D0BWP30P140)
   0.0182    9.1521 ^ reducedSum_nextLevel_adder_12/_1276_/ZN (AOI21D0BWP30P140)
   0.0258    9.1779 v reducedSum_nextLevel_adder_12/_1280_/ZN (MAOI222D0BWP30P140)
   0.0391    9.2170 ^ reducedSum_nextLevel_adder_12/_1296_/ZN (MAOI222D0BWP30P140)
   0.0262    9.2432 v reducedSum_nextLevel_adder_12/_1300_/ZN (MAOI222D0BWP30P140)
   0.0304    9.2736 ^ reducedSum_nextLevel_adder_12/_1318_/ZN (AOI21D0BWP30P140)
   0.0249    9.2985 v reducedSum_nextLevel_adder_12/_1322_/ZN (MAOI222D0BWP30P140)
   0.0364    9.3350 v reducedSum_nextLevel_adder_12/_1345_/Z (AO21D0BWP30P140)
   0.0156    9.3506 ^ reducedSum_nextLevel_adder_12/_1353_/ZN (MUX2ND0BWP30P140)
   0.0347    9.3853 ^ reducedSum_nextLevel_adder_12/_1354_/ZN (XNR2UD0BWP30P140)
   0.0288    9.4141 ^ reducedSum_nextLevel_adder_12/_1453_/ZN (MAOI22D0BWP30P140)
   0.1281    9.5422 v reducedSum_nextLevel_adder_12/_1456_/ZN (OAI211D0BWP30P140)
   0.0886    9.6308 ^ reducedSum_nextLevel_adder_12/_1531_/Z (MUX4D0BWP30P140)
   0.0194    9.6502 v reducedSum_nextLevel_adder_12/_1534_/ZN (MUX3ND0BWP30P140)
   0.0405    9.6907 ^ reducedSum_nextLevel_adder_12/_1568_/ZN (NR2D0BWP30P140)
   0.0507    9.7414 ^ reducedSum_nextLevel_adder_12/_1577_/ZN (INR4D0BWP30P140)
   0.0510    9.7925 ^ reducedSum_nextLevel_adder_12/_1582_/Z (AN4D0BWP30P140)
   0.0395    9.8319 ^ reducedSum_nextLevel_adder_12/_1590_/Z (AN4D0BWP30P140)
   0.0406    9.8725 ^ reducedSum_nextLevel_adder_12/_1601_/Z (AN4D0BWP30P140)
   0.0349    9.9074 ^ reducedSum_nextLevel_adder_12/_1603_/Z (AN3D0BWP30P140)
   0.0271    9.9345 v reducedSum_nextLevel_adder_12/_1605_/ZN (IND3D0BWP30P140)
   0.0379    9.9725 v reducedSum_nextLevel_adder_12/_1606_/Z (OR3D0BWP30P140)
   0.0368   10.0093 ^ reducedSum_nextLevel_adder_12/_1608_/ZN (INR3D0BWP30P140)
   0.0364   10.0457 v reducedSum_nextLevel_adder_12/_1611_/ZN (MAOI222D0BWP30P140)
   0.0357   10.0814 ^ reducedSum_nextLevel_adder_12/_1616_/ZN (NR4D0BWP30P140)
   0.0219   10.1033 v reducedSum_nextLevel_adder_12/_1619_/ZN (OAI31D0BWP30P140)
   0.0327   10.1360 v reducedSum_nextLevel_adder_12/_1621_/Z (AO21D0BWP30P140)
   0.0312   10.1672 ^ reducedSum_nextLevel_adder_12/_1623_/ZN (AOI21D0BWP30P140)
   0.0248   10.1920 ^ reducedSum_nextLevel_adder_12/_1625_/Z (OR3D0BWP30P140)
   0.0144   10.2063 v reducedSum_nextLevel_adder_12/_1647_/ZN (AOI21D0BWP30P140)
   0.0314   10.2377 v reducedSum_nextLevel_adder_12/_1648_/Z (OR2D0BWP30P140)
   0.0267   10.2645 ^ reducedSum_nextLevel_adder_12/_1653_/ZN (NR2D0BWP30P140)
   0.0319   10.2964 v reducedSum_nextLevel_adder_14/_0897_/ZN (XNR2UD0BWP30P140)
   0.0322   10.3285 ^ reducedSum_nextLevel_adder_14/_0899_/ZN (AOI21D0BWP30P140)
   0.0302   10.3587 v reducedSum_nextLevel_adder_14/_0901_/ZN (MAOI222D0BWP30P140)
   0.0360   10.3948 ^ reducedSum_nextLevel_adder_14/_0902_/ZN (MAOI222D0BWP30P140)
   0.0302   10.4250 v reducedSum_nextLevel_adder_14/_0903_/ZN (MAOI222D0BWP30P140)
   0.0360   10.4610 ^ reducedSum_nextLevel_adder_14/_0966_/ZN (MAOI222D0BWP30P140)
   0.0302   10.4912 v reducedSum_nextLevel_adder_14/_0968_/ZN (MAOI222D0BWP30P140)
   0.0257   10.5169 v reducedSum_nextLevel_adder_14/_0970_/ZN (XNR2UD0BWP30P140)
   0.0213   10.5382 ^ reducedSum_nextLevel_adder_14/_0971_/ZN (NR2D0BWP30P140)
   0.0257   10.5639 ^ reducedSum_nextLevel_adder_14/_0972_/Z (AN2D0BWP30P140)
   0.4170   10.9809 v reducedSum_nextLevel_adder_14/_0975_/ZN (AOI31D0BWP30P140)
   0.4192   11.4001 ^ reducedSum_nextLevel_adder_14/_0991_/ZN (AOI22D0BWP30P140)
   0.0318   11.4320 v reducedSum_nextLevel_adder_14/_1063_/ZN (CKND2D0BWP30P140)
   0.0370   11.4689 ^ reducedSum_nextLevel_adder_14/_1188_/ZN (OAI32D0BWP30P140)
   0.0151   11.4840 v reducedSum_nextLevel_adder_14/_1189_/ZN (AOI21D0BWP30P140)
   0.0396   11.5236 ^ reducedSum_nextLevel_adder_14/_1191_/ZN (OAI221D0BWP30P140)
   0.0211   11.5447 v reducedSum_nextLevel_adder_14/_1196_/ZN (OAI31D0BWP30P140)
   0.0222   11.5670 ^ reducedSum_nextLevel_adder_14/_1198_/ZN (AOI21D0BWP30P140)
   0.0256   11.5925 v reducedSum_nextLevel_adder_14/_1200_/ZN (MAOI222D0BWP30P140)
   0.0396   11.6322 ^ reducedSum_nextLevel_adder_14/_1202_/ZN (MAOI222D0BWP30P140)
   0.0257   11.6579 v reducedSum_nextLevel_adder_14/_1204_/ZN (MAOI222D0BWP30P140)
   0.0277   11.6856 ^ reducedSum_nextLevel_adder_14/_1206_/ZN (AOI21D0BWP30P140)
   0.0253   11.7109 ^ reducedSum_nextLevel_adder_14/_1209_/ZN (IAO21D0BWP30P140)
   0.0247   11.7355 v reducedSum_nextLevel_adder_14/_1211_/ZN (MAOI222D0BWP30P140)
   0.0395   11.7751 ^ reducedSum_nextLevel_adder_14/_1213_/ZN (MAOI222D0BWP30P140)
   0.0265   11.8015 v reducedSum_nextLevel_adder_14/_1221_/ZN (MAOI222D0BWP30P140)
   0.0354   11.8369 v reducedSum_nextLevel_adder_14/_1232_/Z (AO21D0BWP30P140)
   0.0261   11.8630 ^ reducedSum_nextLevel_adder_14/_1242_/ZN (MAOI222D0BWP30P140)
   0.0265   11.8895 v reducedSum_nextLevel_adder_14/_1255_/ZN (MAOI222D0BWP30P140)
   0.0315   11.9210 v reducedSum_nextLevel_adder_14/_1259_/Z (AO21D0BWP30P140)
   0.0182   11.9392 ^ reducedSum_nextLevel_adder_14/_1276_/ZN (AOI21D0BWP30P140)
   0.0258   11.9650 v reducedSum_nextLevel_adder_14/_1280_/ZN (MAOI222D0BWP30P140)
   0.0391   12.0041 ^ reducedSum_nextLevel_adder_14/_1296_/ZN (MAOI222D0BWP30P140)
   0.0262   12.0303 v reducedSum_nextLevel_adder_14/_1300_/ZN (MAOI222D0BWP30P140)
   0.0304   12.0607 ^ reducedSum_nextLevel_adder_14/_1318_/ZN (AOI21D0BWP30P140)
   0.0249   12.0856 v reducedSum_nextLevel_adder_14/_1322_/ZN (MAOI222D0BWP30P140)
   0.0364   12.1221 v reducedSum_nextLevel_adder_14/_1345_/Z (AO21D0BWP30P140)
   0.0156   12.1377 ^ reducedSum_nextLevel_adder_14/_1353_/ZN (MUX2ND0BWP30P140)
   0.0347   12.1724 ^ reducedSum_nextLevel_adder_14/_1354_/ZN (XNR2UD0BWP30P140)
   0.0288   12.2012 ^ reducedSum_nextLevel_adder_14/_1453_/ZN (MAOI22D0BWP30P140)
   0.1281   12.3293 v reducedSum_nextLevel_adder_14/_1456_/ZN (OAI211D0BWP30P140)
   0.0886   12.4179 ^ reducedSum_nextLevel_adder_14/_1531_/Z (MUX4D0BWP30P140)
   0.0194   12.4373 v reducedSum_nextLevel_adder_14/_1534_/ZN (MUX3ND0BWP30P140)
   0.0405   12.4779 ^ reducedSum_nextLevel_adder_14/_1568_/ZN (NR2D0BWP30P140)
   0.0507   12.5285 ^ reducedSum_nextLevel_adder_14/_1577_/ZN (INR4D0BWP30P140)
   0.0510   12.5796 ^ reducedSum_nextLevel_adder_14/_1582_/Z (AN4D0BWP30P140)
   0.0395   12.6191 ^ reducedSum_nextLevel_adder_14/_1590_/Z (AN4D0BWP30P140)
   0.0406   12.6596 ^ reducedSum_nextLevel_adder_14/_1601_/Z (AN4D0BWP30P140)
   0.0349   12.6945 ^ reducedSum_nextLevel_adder_14/_1603_/Z (AN3D0BWP30P140)
   0.0271   12.7216 v reducedSum_nextLevel_adder_14/_1605_/ZN (IND3D0BWP30P140)
   0.0379   12.7596 v reducedSum_nextLevel_adder_14/_1606_/Z (OR3D0BWP30P140)
   0.0368   12.7964 ^ reducedSum_nextLevel_adder_14/_1608_/ZN (INR3D0BWP30P140)
   0.0364   12.8328 v reducedSum_nextLevel_adder_14/_1611_/ZN (MAOI222D0BWP30P140)
   0.0357   12.8685 ^ reducedSum_nextLevel_adder_14/_1616_/ZN (NR4D0BWP30P140)
   0.0219   12.8904 v reducedSum_nextLevel_adder_14/_1619_/ZN (OAI31D0BWP30P140)
   0.0327   12.9231 v reducedSum_nextLevel_adder_14/_1621_/Z (AO21D0BWP30P140)
   0.0312   12.9543 ^ reducedSum_nextLevel_adder_14/_1623_/ZN (AOI21D0BWP30P140)
   0.0248   12.9791 ^ reducedSum_nextLevel_adder_14/_1625_/Z (OR3D0BWP30P140)
   0.0144   12.9935 v reducedSum_nextLevel_adder_14/_1647_/ZN (AOI21D0BWP30P140)
   0.0314   13.0249 v reducedSum_nextLevel_adder_14/_1648_/Z (OR2D0BWP30P140)
   0.0303   13.0551 ^ reducedSum_nextLevel_adder_14/_1653_/ZN (NR2D0BWP30P140)
   0.0246   13.0797 v accAdder/_0897_/ZN (XNR2UD0BWP30P140)
   0.0314   13.1111 ^ accAdder/_0899_/ZN (AOI21D0BWP30P140)
   0.0301   13.1412 v accAdder/_0901_/ZN (MAOI222D0BWP30P140)
   0.0360   13.1772 ^ accAdder/_0902_/ZN (MAOI222D0BWP30P140)
   0.0302   13.2074 v accAdder/_0903_/ZN (MAOI222D0BWP30P140)
   0.0360   13.2434 ^ accAdder/_0966_/ZN (MAOI222D0BWP30P140)
   0.0302   13.2737 v accAdder/_0968_/ZN (MAOI222D0BWP30P140)
   0.0257   13.2993 v accAdder/_0970_/ZN (XNR2UD0BWP30P140)
   0.0212   13.3205 ^ accAdder/_0971_/ZN (NR2D0BWP30P140)
   0.0257   13.3463 ^ accAdder/_0972_/Z (AN2D0BWP30P140)
   0.4170   13.7632 v accAdder/_0975_/ZN (AOI31D0BWP30P140)
   0.4192   14.1825 ^ accAdder/_0991_/ZN (AOI22D0BWP30P140)
   0.0318   14.2143 v accAdder/_1063_/ZN (CKND2D0BWP30P140)
   0.0370   14.2513 ^ accAdder/_1188_/ZN (OAI32D0BWP30P140)
   0.0151   14.2663 v accAdder/_1189_/ZN (AOI21D0BWP30P140)
   0.0396   14.3060 ^ accAdder/_1191_/ZN (OAI221D0BWP30P140)
   0.0211   14.3271 v accAdder/_1196_/ZN (OAI31D0BWP30P140)
   0.0222   14.3493 ^ accAdder/_1198_/ZN (AOI21D0BWP30P140)
   0.0256   14.3749 v accAdder/_1200_/ZN (MAOI222D0BWP30P140)
   0.0396   14.4145 ^ accAdder/_1202_/ZN (MAOI222D0BWP30P140)
   0.0257   14.4402 v accAdder/_1204_/ZN (MAOI222D0BWP30P140)
   0.0277   14.4679 ^ accAdder/_1206_/ZN (AOI21D0BWP30P140)
   0.0253   14.4932 ^ accAdder/_1209_/ZN (IAO21D0BWP30P140)
   0.0247   14.5179 v accAdder/_1211_/ZN (MAOI222D0BWP30P140)
   0.0395   14.5574 ^ accAdder/_1213_/ZN (MAOI222D0BWP30P140)
   0.0265   14.5839 v accAdder/_1221_/ZN (MAOI222D0BWP30P140)
   0.0354   14.6193 v accAdder/_1232_/Z (AO21D0BWP30P140)
   0.0261   14.6453 ^ accAdder/_1242_/ZN (MAOI222D0BWP30P140)
   0.0265   14.6719 v accAdder/_1255_/ZN (MAOI222D0BWP30P140)
   0.0315   14.7034 v accAdder/_1259_/Z (AO21D0BWP30P140)
   0.0182   14.7215 ^ accAdder/_1276_/ZN (AOI21D0BWP30P140)
   0.0258   14.7474 v accAdder/_1280_/ZN (MAOI222D0BWP30P140)
   0.0391   14.7865 ^ accAdder/_1296_/ZN (MAOI222D0BWP30P140)
   0.0262   14.8126 v accAdder/_1300_/ZN (MAOI222D0BWP30P140)
   0.0304   14.8430 ^ accAdder/_1318_/ZN (AOI21D0BWP30P140)
   0.0249   14.8680 v accAdder/_1322_/ZN (MAOI222D0BWP30P140)
   0.0364   14.9044 v accAdder/_1345_/Z (AO21D0BWP30P140)
   0.0156   14.9200 ^ accAdder/_1353_/ZN (MUX2ND0BWP30P140)
   0.0347   14.9548 ^ accAdder/_1354_/ZN (XNR2UD0BWP30P140)
   0.0288   14.9835 ^ accAdder/_1453_/ZN (MAOI22D0BWP30P140)
   0.1281   15.1116 v accAdder/_1456_/ZN (OAI211D0BWP30P140)
   0.0886   15.2002 ^ accAdder/_1531_/Z (MUX4D0BWP30P140)
   0.0194   15.2197 v accAdder/_1534_/ZN (MUX3ND0BWP30P140)
   0.0405   15.2602 ^ accAdder/_1568_/ZN (NR2D0BWP30P140)
   0.0507   15.3109 ^ accAdder/_1577_/ZN (INR4D0BWP30P140)
   0.0511   15.3619 ^ accAdder/_1582_/Z (AN4D0BWP30P140)
   0.0395   15.4014 ^ accAdder/_1590_/Z (AN4D0BWP30P140)
   0.0406   15.4420 ^ accAdder/_1601_/Z (AN4D0BWP30P140)
   0.0349   15.4768 ^ accAdder/_1603_/Z (AN3D0BWP30P140)
   0.0271   15.5040 v accAdder/_1605_/ZN (IND3D0BWP30P140)
   0.0379   15.5419 v accAdder/_1606_/Z (OR3D0BWP30P140)
   0.0368   15.5787 ^ accAdder/_1608_/ZN (INR3D0BWP30P140)
   0.0364   15.6152 v accAdder/_1611_/ZN (MAOI222D0BWP30P140)
   0.0357   15.6508 ^ accAdder/_1616_/ZN (NR4D0BWP30P140)
   0.0219   15.6727 v accAdder/_1619_/ZN (OAI31D0BWP30P140)
   0.0327   15.7054 v accAdder/_1621_/Z (AO21D0BWP30P140)
   0.0312   15.7366 ^ accAdder/_1623_/ZN (AOI21D0BWP30P140)
   0.0237   15.7603 v accAdder/_1626_/ZN (OAI21D0BWP30P140)
   0.0215   15.7818 v accAdder/_1658_/Z (AN3D0BWP30P140)
   0.0613   15.8430 v accAdder/_1659_/Z (OR3D0BWP30P140)
   0.0420   15.8850 ^ accAdder/_1703_/ZN (AOI211D0BWP30P140)
   0.0261   15.9111 ^ _060_/Z (AO22D0BWP30P140)
   0.0000   15.9111 ^ _070_/D (DFCNQD1BWP30P140)
            15.9111   data arrival time

  20.0000   20.0000   clock CORE_CLK (rise edge)
   0.0000   20.0000   clock network delay (ideal)
  -0.0500   19.9500   clock uncertainty
   0.0000   19.9500   clock reconvergence pessimism
            19.9500 ^ _070_/CP (DFCNQD1BWP30P140)
  -0.0174   19.9326   library setup time
            19.9326   data required time
-------------------------------------------------------------
            19.9326   data required time
           -15.9111   data arrival time
-------------------------------------------------------------
             4.0215   slack (MET)


