
6. Printing statistics.

=== BFP_PE ===

        +----------Local Count, excluding submodules.
        |        +-Local Area, excluding submodules.
        |        | 
       78        - wires
      600        - wire bits
       44        - public wires
      566        - public wire bits
       10        - ports
      109        - port bits
       67   99.918 cells
       32   24.192   AO22D0BWP30P140
       33   74.844   DFCNQD1BWP30P140
        1    0.504   INR2D0BWP30P140
        1    0.378   NR2D0BWP30P140
       16        - submodules
        4        -   CustomOperator_INT8_to_E2M3
        4        -   FP32Adder
        4        -   ScaleAddition_INT8_to_E2M3_scale_UE8M0
        4        -   ScaleToFP32_INT8_x_E2M3_UE8M0

   Chip area for module '\BFP_PE': 99.918000
     of which used for sequential elements: 74.844000 (74.91%)

=== FP32Adder ===

        +----------Local Count, excluding submodules.
        |        +-Local Area, excluding submodules.
        |        | 
      872        - wires
     1037        - wire bits
        6        - public wires
      171        - public wire bits
        3        - ports
       96        - port bits
      898  554.904 cells
       18    9.072   AN2D0BWP30P140
        5     3.15   AN3D0BWP30P140
        4    3.024   AN4D0BWP30P140
        2    1.512   AO211D0BWP30P140
       13     8.19   AO21D0BWP30P140
        4    3.024   AO22D0BWP30P140
       10      6.3   AOI211D0BWP30P140
       52   26.208   AOI21D0BWP30P140
       10     7.56   AOI221D0BWP30P140
        2    2.016   AOI222D0BWP30P140
       32    20.16   AOI22D0BWP30P140
        2     1.26   AOI31D0BWP30P140
       19   16.758   CKMUX2D0BWP30P140
       65    16.38   CKND0BWP30P140
       72   27.216   CKND2D0BWP30P140
        6     3.78   IAO21D0BWP30P140
       20    10.08   IND2D0BWP30P140
        1     0.63   IND3D0BWP30P140
        2    1.512   IND4D0BWP30P140
       21   10.584   INR2D0BWP30P140
        8     5.04   INR3D0BWP30P140
        3    2.268   INR4D0BWP30P140
        7     4.41   IOA21D0BWP30P140
       30    22.68   MAOI222D0BWP30P140
       15    11.34   MAOI22D0BWP30P140
        4    3.024   MOAI22D0BWP30P140
      114   86.184   MUX2ND0BWP30P140
        1    1.764   MUX3D0BWP30P140
        1    1.638   MUX3ND0BWP30P140
        2    4.788   MUX4D0BWP30P140
       16   36.288   MUX4ND0BWP30P140
       14    7.056   ND3D0BWP30P140
        5     3.15   ND4D0BWP30P140
       99   37.422   NR2D0BWP30P140
       35    17.64   NR3D0BWP30P140
        8     5.04   NR4D0BWP30P140
        2    1.512   OA211D0BWP30P140
        6     3.78   OA21D0BWP30P140
        1    0.882   OA22D0BWP30P140
       13     8.19   OAI211D0BWP30P140
       41   20.664   OAI21D0BWP30P140
        1    0.882   OAI221D0BWP30P140
        1    1.008   OAI222D0BWP30P140
       10      6.3   OAI22D0BWP30P140
        6     3.78   OAI31D0BWP30P140
        3    2.268   OAI32D0BWP30P140
        1    0.882   OAI33D0BWP30P140
        6    3.024   OR2D0BWP30P140
        8     5.04   OR3D0BWP30P140
        2    1.512   OR4D0BWP30P140
       51   44.982   XNR2UD0BWP30P140
        1    1.764   XNR3UD0BWP30P140
       23   20.286   XOR2UD0BWP30P140

   Chip area for module '\FP32Adder': 554.904000
     of which used for sequential elements: 0.000000 (0.00%)

=== ScaleToFP32_INT8_x_E2M3_UE8M0 ===

        +----------Local Count, excluding submodules.
        |        +-Local Area, excluding submodules.
        |        | 
      120        - wires
      173        - wire bits
        4        - public wires
       57        - public wire bits
        4        - ports
       57        - port bits
      137   79.758 cells
        1     0.63   AN3D0BWP30P140
        1     0.63   AO21D0BWP30P140
        7     4.41   AOI211D0BWP30P140
       16    8.064   AOI21D0BWP30P140
        1     0.63   AOI22D0BWP30P140
        1     0.63   AOI31D0BWP30P140
        5     4.41   CKMUX2D0BWP30P140
       12    3.024   CKND0BWP30P140
        6    2.268   CKND2D0BWP30P140
        3     1.89   IAO21D0BWP30P140
        5     2.52   IND2D0BWP30P140
        1    0.756   IND4D0BWP30P140
        6    3.024   INR2D0BWP30P140
        1     0.63   INR3D0BWP30P140
        1    0.756   INR4D0BWP30P140
        2    1.512   MAOI222D0BWP30P140
        1    0.756   MAOI22D0BWP30P140
       13    9.828   MUX2ND0BWP30P140
        1    0.504   ND3D0BWP30P140
       16    6.048   NR2D0BWP30P140
        4    2.016   NR3D0BWP30P140
        6     3.78   NR4D0BWP30P140
        2     1.26   OAI211D0BWP30P140
        5     2.52   OAI21D0BWP30P140
        1    1.008   OAI222D0BWP30P140
        2     1.26   OAI31D0BWP30P140
       10     8.82   XNR2UD0BWP30P140
        7    6.174   XOR2UD0BWP30P140

   Chip area for module '\ScaleToFP32_INT8_x_E2M3_UE8M0': 79.758000
     of which used for sequential elements: 0.000000 (0.00%)

=== ScaleAddition_INT8_to_E2M3_scale_UE8M0 ===

        +----------Local Count, excluding submodules.
        |        +-Local Area, excluding submodules.
        |        | 
       93        - wires
      143        - wire bits
        8        - public wires
       58        - public wire bits
        8        - ports
       58        - port bits
       95   65.646 cells
        2    1.008   AN2D0BWP30P140
        3     1.89   AN3D0BWP30P140
        4     2.52   AO21D0BWP30P140
        4    2.016   AOI21D0BWP30P140
        5     1.26   CKND0BWP30P140
        9    3.402   CKND2D0BWP30P140
        2    1.008   IND2D0BWP30P140
        5     2.52   INR2D0BWP30P140
        5     3.78   MAOI222D0BWP30P140
        6    3.024   ND3D0BWP30P140
        2     1.26   ND4D0BWP30P140
        6    2.268   NR2D0BWP30P140
        3    1.512   NR3D0BWP30P140
        5     2.52   OAI21D0BWP30P140
        2     1.26   OAI22D0BWP30P140
       11    9.702   XNR2UD0BWP30P140
        3    5.292   XNR3UD0BWP30P140
       14   12.348   XOR2UD0BWP30P140
        4    7.056   XOR3UD0BWP30P140

   Chip area for module '\ScaleAddition_INT8_to_E2M3_scale_UE8M0': 65.646000
     of which used for sequential elements: 0.000000 (0.00%)

=== CustomOperator_INT8_to_E2M3 ===

        +----------Local Count, excluding submodules.
        |        +-Local Area, excluding submodules.
        |        | 
       99        - wires
      127        - wire bits
        6        - public wires
       34        - public wire bits
        5        - ports
       31        - port bits
      108    73.71 cells
        8    4.032   AN2D0BWP30P140
        1     0.63   AO21D0BWP30P140
        1    0.756   AO22D0BWP30P140
        2    1.008   AOI21D0BWP30P140
        1     0.63   AOI22D0BWP30P140
        5     1.26   CKND0BWP30P140
       22    8.316   CKND2D0BWP30P140
        2    1.008   IND2D0BWP30P140
        3    1.512   INR2D0BWP30P140
        1     0.63   IOA21D0BWP30P140
       12    9.072   MAOI222D0BWP30P140
        1    0.504   ND3D0BWP30P140
        5     1.89   NR2D0BWP30P140
        1    0.504   NR3D0BWP30P140
        5     2.52   OAI21D0BWP30P140
        1     0.63   OAI22D0BWP30P140
        2     1.26   OAI31D0BWP30P140
        1    0.504   OR2D0BWP30P140
       17   14.994   XNR2UD0BWP30P140
        4    7.056   XNR3UD0BWP30P140
        9    7.938   XOR2UD0BWP30P140
        4    7.056   XOR3UD0BWP30P140

   Chip area for module '\CustomOperator_INT8_to_E2M3': 73.710000
     of which used for sequential elements: 0.000000 (0.00%)

=== design hierarchy ===

        +----------Count including submodules.
        |        +-Area including submodules.
        |        | 
     5019  3195.99 BFP_PE
      108    73.71 CustomOperator_INT8_to_E2M3
      898  554.904 FP32Adder
       95   65.646 ScaleAddition_INT8_to_E2M3_scale_UE8M0
      137   79.758 ScaleToFP32_INT8_x_E2M3_UE8M0

        +----------Count including submodules.
        |        +-Area including submodules.
        |        | 
     4814        - wires
     6520        - wire bits
      140        - public wires
     1846        - public wire bits
       90        - ports
     1077        - port bits
        -        - memories
        -        - memory bits
        -        - processes
     5019  3195.99 cells
      112   56.448   AN2D0BWP30P140
       36    22.68   AN3D0BWP30P140
       16   12.096   AN4D0BWP30P140
        8    6.048   AO211D0BWP30P140
       76    47.88   AO21D0BWP30P140
       52   39.312   AO22D0BWP30P140
       68    42.84   AOI211D0BWP30P140
      296  149.184   AOI21D0BWP30P140
       40    30.24   AOI221D0BWP30P140
        8    8.064   AOI222D0BWP30P140
      136    85.68   AOI22D0BWP30P140
       12     7.56   AOI31D0BWP30P140
       96   84.672   CKMUX2D0BWP30P140
      348   87.696   CKND0BWP30P140
      436  164.808   CKND2D0BWP30P140
       33   74.844   DFCNQD1BWP30P140
       36    22.68   IAO21D0BWP30P140
      116   58.464   IND2D0BWP30P140
        4     2.52   IND3D0BWP30P140
       12    9.072   IND4D0BWP30P140
      141   71.064   INR2D0BWP30P140
       36    22.68   INR3D0BWP30P140
       16   12.096   INR4D0BWP30P140
       32    20.16   IOA21D0BWP30P140
      196  148.176   MAOI222D0BWP30P140
       64   48.384   MAOI22D0BWP30P140
       16   12.096   MOAI22D0BWP30P140
      508  384.048   MUX2ND0BWP30P140
        4    7.056   MUX3D0BWP30P140
        4    6.552   MUX3ND0BWP30P140
        8   19.152   MUX4D0BWP30P140
       64  145.152   MUX4ND0BWP30P140
       88   44.352   ND3D0BWP30P140
       28    17.64   ND4D0BWP30P140
      505   190.89   NR2D0BWP30P140
      172   86.688   NR3D0BWP30P140
       56    35.28   NR4D0BWP30P140
        8    6.048   OA211D0BWP30P140
       24    15.12   OA21D0BWP30P140
        4    3.528   OA22D0BWP30P140
       60     37.8   OAI211D0BWP30P140
      224  112.896   OAI21D0BWP30P140
        4    3.528   OAI221D0BWP30P140
        8    8.064   OAI222D0BWP30P140
       52    32.76   OAI22D0BWP30P140
       40     25.2   OAI31D0BWP30P140
       12    9.072   OAI32D0BWP30P140
        4    3.528   OAI33D0BWP30P140
       28   14.112   OR2D0BWP30P140
       32    20.16   OR3D0BWP30P140
        8    6.048   OR4D0BWP30P140
      356  313.992   XNR2UD0BWP30P140
       32   56.448   XNR3UD0BWP30P140
      212  186.984   XOR2UD0BWP30P140
       32   56.448   XOR3UD0BWP30P140
       16  3.1E+03 submodules
        4   294.84   CustomOperator_INT8_to_E2M3
        4 2.22E+03   FP32Adder
        4  262.584   ScaleAddition_INT8_to_E2M3_scale_UE8M0
        4  319.032   ScaleToFP32_INT8_x_E2M3_UE8M0

   Chip area for top module '\BFP_PE': 3195.990000
     of which used for sequential elements: 74.844000 (2.34%)

