
6. Printing statistics.

=== BFP_PE ===

        +----------Local Count, excluding submodules.
        |        +-Local Area, excluding submodules.
        |        | 
      174        - wires
     1944        - wire bits
      140        - public wires
     1910        - public wire bits
       10        - ports
      277        - port bits
       67   99.918 cells
       32   24.192   AO22D0BWP30P140
       33   74.844   DFCNQD1BWP30P140
        1    0.504   INR2D0BWP30P140
        1    0.378   NR2D0BWP30P140
       64        - submodules
       16        -   CustomOperator_E5M2_to_E2M3
       16        -   FP32Adder
       16        -   ScaleAddition_E5M2_to_E2M3_scale_UE8M0
       16        -   ScaleToFP32_E5M2_x_E2M3_UE8M0

   Chip area for module '\BFP_PE': 99.918000
     of which used for sequential elements: 74.844000 (74.91%)

=== FP32Adder ===

        +----------Local Count, excluding submodules.
        |        +-Local Area, excluding submodules.
        |        | 
      872        - wires
     1037        - wire bits
        6        - public wires
      171        - public wire bits
        3        - ports
       96        - port bits
      898  554.904 cells
       18    9.072   AN2D0BWP30P140
        5     3.15   AN3D0BWP30P140
        4    3.024   AN4D0BWP30P140
        2    1.512   AO211D0BWP30P140
       13     8.19   AO21D0BWP30P140
        4    3.024   AO22D0BWP30P140
       10      6.3   AOI211D0BWP30P140
       52   26.208   AOI21D0BWP30P140
       10     7.56   AOI221D0BWP30P140
        2    2.016   AOI222D0BWP30P140
       32    20.16   AOI22D0BWP30P140
        2     1.26   AOI31D0BWP30P140
       19   16.758   CKMUX2D0BWP30P140
       65    16.38   CKND0BWP30P140
       72   27.216   CKND2D0BWP30P140
        6     3.78   IAO21D0BWP30P140
       20    10.08   IND2D0BWP30P140
        1     0.63   IND3D0BWP30P140
        2    1.512   IND4D0BWP30P140
       21   10.584   INR2D0BWP30P140
        8     5.04   INR3D0BWP30P140
        3    2.268   INR4D0BWP30P140
        7     4.41   IOA21D0BWP30P140
       30    22.68   MAOI222D0BWP30P140
       15    11.34   MAOI22D0BWP30P140
        4    3.024   MOAI22D0BWP30P140
      114   86.184   MUX2ND0BWP30P140
        1    1.764   MUX3D0BWP30P140
        1    1.638   MUX3ND0BWP30P140
        2    4.788   MUX4D0BWP30P140
       16   36.288   MUX4ND0BWP30P140
       14    7.056   ND3D0BWP30P140
        5     3.15   ND4D0BWP30P140
       99   37.422   NR2D0BWP30P140
       35    17.64   NR3D0BWP30P140
        8     5.04   NR4D0BWP30P140
        2    1.512   OA211D0BWP30P140
        6     3.78   OA21D0BWP30P140
        1    0.882   OA22D0BWP30P140
       13     8.19   OAI211D0BWP30P140
       41   20.664   OAI21D0BWP30P140
        1    0.882   OAI221D0BWP30P140
        1    1.008   OAI222D0BWP30P140
       10      6.3   OAI22D0BWP30P140
        6     3.78   OAI31D0BWP30P140
        3    2.268   OAI32D0BWP30P140
        1    0.882   OAI33D0BWP30P140
        6    3.024   OR2D0BWP30P140
        8     5.04   OR3D0BWP30P140
        2    1.512   OR4D0BWP30P140
       51   44.982   XNR2UD0BWP30P140
        1    1.764   XNR3UD0BWP30P140
       23   20.286   XOR2UD0BWP30P140

   Chip area for module '\FP32Adder': 554.904000
     of which used for sequential elements: 0.000000 (0.00%)

=== ScaleToFP32_E5M2_x_E2M3_UE8M0 ===

        +----------Local Count, excluding submodules.
        |        +-Local Area, excluding submodules.
        |        | 
       94        - wires
      143        - wire bits
        4        - public wires
       53        - public wire bits
        4        - ports
       53        - port bits
      107   65.142 cells
        1    0.504   AN2D0BWP30P140
        9     5.67   AOI211D0BWP30P140
        5     2.52   AOI21D0BWP30P140
        1     0.63   AOI22D0BWP30P140
        2     1.26   AOI31D0BWP30P140
        2    1.764   CKMUX2D0BWP30P140
        5     1.26   CKND0BWP30P140
        6    2.268   CKND2D0BWP30P140
        2     1.26   IAO21D0BWP30P140
        3    1.512   IND2D0BWP30P140
        3    1.512   INR2D0BWP30P140
        2     1.26   INR3D0BWP30P140
        1     0.63   IOA21D0BWP30P140
        2    1.512   MAOI222D0BWP30P140
        5     3.78   MUX2ND0BWP30P140
        2     1.26   ND4D0BWP30P140
        8    3.024   NR2D0BWP30P140
        6    3.024   NR3D0BWP30P140
        8     5.04   NR4D0BWP30P140
        1    0.756   OA211D0BWP30P140
        1     0.63   OA21D0BWP30P140
        2     1.26   OAI211D0BWP30P140
        3    1.512   OAI21D0BWP30P140
        2     1.26   OAI22D0BWP30P140
        2     1.26   OAI31D0BWP30P140
        2    1.512   OAI32D0BWP30P140
        3    1.512   OR2D0BWP30P140
        1    0.756   OR4D0BWP30P140
       12   10.584   XNR2UD0BWP30P140
        5     4.41   XOR2UD0BWP30P140

   Chip area for module '\ScaleToFP32_E5M2_x_E2M3_UE8M0': 65.142000
     of which used for sequential elements: 0.000000 (0.00%)

=== ScaleAddition_E5M2_to_E2M3_scale_UE8M0 ===

        +----------Local Count, excluding submodules.
        |        +-Local Area, excluding submodules.
        |        | 
       94        - wires
      138        - wire bits
        8        - public wires
       52        - public wire bits
        8        - ports
       52        - port bits
       96   65.898 cells
        2    1.008   AN2D0BWP30P140
        3     1.89   AN3D0BWP30P140
        4     2.52   AO21D0BWP30P140
        4    2.016   AOI21D0BWP30P140
        6    1.512   CKND0BWP30P140
        9    3.402   CKND2D0BWP30P140
        2    1.008   IND2D0BWP30P140
        5     2.52   INR2D0BWP30P140
        5     3.78   MAOI222D0BWP30P140
        6    3.024   ND3D0BWP30P140
        2     1.26   ND4D0BWP30P140
        6    2.268   NR2D0BWP30P140
        3    1.512   NR3D0BWP30P140
        5     2.52   OAI21D0BWP30P140
        2     1.26   OAI22D0BWP30P140
       11    9.702   XNR2UD0BWP30P140
        3    5.292   XNR3UD0BWP30P140
       14   12.348   XOR2UD0BWP30P140
        4    7.056   XOR3UD0BWP30P140

   Chip area for module '\ScaleAddition_E5M2_to_E2M3_scale_UE8M0': 65.898000
     of which used for sequential elements: 0.000000 (0.00%)

=== CustomOperator_E5M2_to_E2M3 ===

        +----------Local Count, excluding submodules.
        |        +-Local Area, excluding submodules.
        |        | 
       42        - wires
       66        - wire bits
        5        - public wires
       29        - public wire bits
        5        - ports
       29        - port bits
       51   32.634 cells
        2    1.008   AN2D0BWP30P140
        1     0.63   AN3D0BWP30P140
        4    2.016   AOI21D0BWP30P140
        1     0.63   AOI22D0BWP30P140
        1     0.63   AOI31D0BWP30P140
        3    0.756   CKND0BWP30P140
        7    2.646   CKND2D0BWP30P140
        1     0.63   IAO21D0BWP30P140
        2    1.008   IND2D0BWP30P140
        1    0.504   INR2D0BWP30P140
        1     0.63   IOA21D0BWP30P140
        4    3.024   MAOI222D0BWP30P140
        1    0.504   ND3D0BWP30P140
        2    0.756   NR2D0BWP30P140
        1    0.504   NR3D0BWP30P140
        6    3.024   OAI21D0BWP30P140
        1    0.504   OR2D0BWP30P140
        3    2.646   XNR2UD0BWP30P140
        2    3.528   XNR3UD0BWP30P140
        6    5.292   XOR2UD0BWP30P140
        1    1.764   XOR3UD0BWP30P140

   Chip area for module '\CustomOperator_E5M2_to_E2M3': 32.634000
     of which used for sequential elements: 0.000000 (0.00%)

=== design hierarchy ===

        +----------Count including submodules.
        |        +-Area including submodules.
        |        | 
    18499 1.16E+04 BFP_PE
       51   32.634 CustomOperator_E5M2_to_E2M3
      898  554.904 FP32Adder
       96   65.898 ScaleAddition_E5M2_to_E2M3_scale_UE8M0
      107   65.142 ScaleToFP32_E5M2_x_E2M3_UE8M0

        +----------Count including submodules.
        |        +-Area including submodules.
        |        | 
    17806        - wires
    24088        - wire bits
      508        - public wires
     6790        - public wire bits
      330        - ports
     3957        - port bits
        -        - memories
        -        - memory bits
        -        - processes
    18499 1.16E+04 cells
      368  185.472   AN2D0BWP30P140
      144    90.72   AN3D0BWP30P140
       64   48.384   AN4D0BWP30P140
       32   24.192   AO211D0BWP30P140
      272   171.36   AO21D0BWP30P140
       96   72.576   AO22D0BWP30P140
      304   191.52   AOI211D0BWP30P140
     1040   524.16   AOI21D0BWP30P140
      160   120.96   AOI221D0BWP30P140
       32   32.256   AOI222D0BWP30P140
      544   342.72   AOI22D0BWP30P140
       80     50.4   AOI31D0BWP30P140
      336  296.352   CKMUX2D0BWP30P140
     1264  318.528   CKND0BWP30P140
     1504  568.512   CKND2D0BWP30P140
       33   74.844   DFCNQD1BWP30P140
      144    90.72   IAO21D0BWP30P140
      432  217.728   IND2D0BWP30P140
       16    10.08   IND3D0BWP30P140
       32   24.192   IND4D0BWP30P140
      481  242.424   INR2D0BWP30P140
      160    100.8   INR3D0BWP30P140
       48   36.288   INR4D0BWP30P140
      144    90.72   IOA21D0BWP30P140
      656  495.936   MAOI222D0BWP30P140
      240   181.44   MAOI22D0BWP30P140
       64   48.384   MOAI22D0BWP30P140
     1904 1.44E+03   MUX2ND0BWP30P140
       16   28.224   MUX3D0BWP30P140
       16   26.208   MUX3ND0BWP30P140
       32   76.608   MUX4D0BWP30P140
      256  580.608   MUX4ND0BWP30P140
      336  169.344   ND3D0BWP30P140
      144    90.72   ND4D0BWP30P140
     1841  695.898   NR2D0BWP30P140
      720   362.88   NR3D0BWP30P140
      256   161.28   NR4D0BWP30P140
       48   36.288   OA211D0BWP30P140
      112    70.56   OA21D0BWP30P140
       16   14.112   OA22D0BWP30P140
      240    151.2   OAI211D0BWP30P140
      880   443.52   OAI21D0BWP30P140
       16   14.112   OAI221D0BWP30P140
       16   16.128   OAI222D0BWP30P140
      224   141.12   OAI22D0BWP30P140
      128    80.64   OAI31D0BWP30P140
       80    60.48   OAI32D0BWP30P140
       16   14.112   OAI33D0BWP30P140
      160    80.64   OR2D0BWP30P140
      128    80.64   OR3D0BWP30P140
       48   36.288   OR4D0BWP30P140
     1232 1.09E+03   XNR2UD0BWP30P140
       96  169.344   XNR3UD0BWP30P140
      768  677.376   XOR2UD0BWP30P140
       80   141.12   XOR3UD0BWP30P140
       64 1.15E+04 submodules
       16  522.144   CustomOperator_E5M2_to_E2M3
       16 8.88E+03   FP32Adder
       16 1.05E+03   ScaleAddition_E5M2_to_E2M3_scale_UE8M0
       16 1.04E+03   ScaleToFP32_E5M2_x_E2M3_UE8M0

   Chip area for top module '\BFP_PE': 11597.166000
     of which used for sequential elements: 74.844000 (0.65%)

