Startpoint: reset (input port clocked by CORE_CLK)
Endpoint: _068_ (recovery check against rising-edge clock CORE_CLK)
Path Group: asynchronous
Path Type: max

    Delay      Time   Description
-------------------------------------------------------------
   0.0000    0.0000   clock CORE_CLK (rise edge)
   0.0000    0.0000   clock network delay (ideal)
   0.0000    0.0000 ^ input external delay
   0.0000    0.0000 ^ reset (in)
   0.0000    0.0000 ^ _068_/CDN (DFCNQD1BWP30P140)
             0.0000   data arrival time

  20.0000   20.0000   clock CORE_CLK (rise edge)
   0.0000   20.0000   clock network delay (ideal)
  -0.0500   19.9500   clock uncertainty
   0.0000   19.9500   clock reconvergence pessimism
            19.9500 ^ _068_/CP (DFCNQD1BWP30P140)
   0.0258   19.9758   library recovery time
            19.9758   data required time
-------------------------------------------------------------
            19.9758   data required time
            -0.0000   data arrival time
-------------------------------------------------------------
            19.9758   slack (MET)


Startpoint: io_op_a_i[6] (input port clocked by CORE_CLK)
Endpoint: _070_ (rising edge-triggered flip-flop clocked by CORE_CLK)
Path Group: CORE_CLK
Path Type: max

    Delay      Time   Description
-------------------------------------------------------------
   0.0000    0.0000   clock CORE_CLK (rise edge)
   0.0000    0.0000   clock network delay (ideal)
   0.0000    0.0000 v input external delay
   0.0000    0.0000 v io_op_a_i[6] (in)
   0.0130    0.0130 ^ reducedSum_op/_062_/ZN (NR3D0BWP30P140)
   0.0427    0.0557 ^ reducedSum_op/_063_/ZN (INR3D0BWP30P140)
   0.0244    0.0801 ^ reducedSum_op/_108_/ZN (IND2D0BWP30P140)
   0.0437    0.1238 ^ reducedSum_op/_111_/ZN (XNR3UD0BWP30P140)
   0.0197    0.1435 v reducedSum_op/_112_/ZN (IND2D0BWP30P140)
   0.0181    0.1616 ^ reducedSum_op/_123_/ZN (NR2D0BWP30P140)
   0.0091    0.1707 v reducedSum_op/_124_/ZN (NR2D0BWP30P140)
   0.0426    0.2132 v reducedSum_op/_125_/Z (XOR2UD0BWP30P140)
   0.0315    0.2447 ^ reducedSum_sa/_569_/ZN (CKND2D0BWP30P140)
   0.0227    0.2674 ^ reducedSum_sa/_572_/ZN (IAO21D0BWP30P140)
   0.0277    0.2951 ^ reducedSum_sa/_596_/ZN (XNR2UD0BWP30P140)
   0.0320    0.3271 ^ reducedSum_sa/_606_/Z (XOR2UD0BWP30P140)
   0.0356    0.3627 v reducedSum_sa/_608_/ZN (AOI32D0BWP30P140)
   0.0614    0.4241 ^ reducedSum_sa/_611_/ZN (XNR4D0BWP30P140)
   0.0329    0.4570 ^ reducedSum_sa/_627_/ZN (XNR2UD0BWP30P140)
   0.0280    0.4850 v reducedSum_sa/_653_/ZN (MAOI222D0BWP30P140)
   0.0339    0.5188 ^ reducedSum_sa/_654_/ZN (MAOI222D0BWP30P140)
   0.0267    0.5455 v reducedSum_sa/_655_/ZN (MAOI222D0BWP30P140)
   0.0338    0.5794 ^ reducedSum_sa/_656_/ZN (MAOI222D0BWP30P140)
   0.0294    0.6088 v reducedSum_sa/_657_/ZN (MAOI222D0BWP30P140)
   0.0301    0.6388 ^ reducedSum_sa/_659_/ZN (AOI21D0BWP30P140)
   0.0238    0.6626 v reducedSum_sa/_662_/ZN (OAI21D0BWP30P140)
   0.0354    0.6980 ^ reducedSum_sa/_664_/ZN (MAOI222D0BWP30P140)
   0.0224    0.7205 ^ reducedSum_sa/_668_/Z (XOR2UD0BWP30P140)
   0.0128    0.7332 v reducedSum_reduced_nextLevel_adder/_0524_/ZN (CKND0BWP30P140)
   0.0224    0.7556 ^ reducedSum_reduced_nextLevel_adder/_0585_/ZN (OAI22D0BWP30P140)
   0.0162    0.7719 v reducedSum_reduced_nextLevel_adder/_0588_/ZN (AOI211D0BWP30P140)
   0.0170    0.7888 ^ reducedSum_reduced_nextLevel_adder/_0591_/ZN (OAI211D0BWP30P140)
   0.0125    0.8013 v reducedSum_reduced_nextLevel_adder/_0592_/ZN (AOI211D0BWP30P140)
   0.3577    1.1590 ^ reducedSum_reduced_nextLevel_adder/_0594_/ZN (OAI31D0BWP30P140)
   0.0261    1.1851 ^ reducedSum_reduced_nextLevel_adder/_0634_/ZN (MUX2ND0BWP30P140)
   0.0356    1.2207 v reducedSum_reduced_nextLevel_adder/_0649_/ZN (OAI211D0BWP30P140)
   0.0318    1.2525 ^ reducedSum_reduced_nextLevel_adder/_0660_/ZN (OAI211D0BWP30P140)
   0.0284    1.2809 ^ reducedSum_reduced_nextLevel_adder/_0778_/ZN (MAOI22D0BWP30P140)
   0.0438    1.3247 v reducedSum_reduced_nextLevel_adder/_0779_/ZN (OAI221D0BWP30P140)
   0.0310    1.3557 ^ reducedSum_reduced_nextLevel_adder/_0783_/ZN (NR3D0BWP30P140)
   0.0251    1.3808 v reducedSum_reduced_nextLevel_adder/_0786_/ZN (MAOI222D0BWP30P140)
   0.0326    1.4135 ^ reducedSum_reduced_nextLevel_adder/_0789_/ZN (MAOI222D0BWP30P140)
   0.0287    1.4422 v reducedSum_reduced_nextLevel_adder/_0792_/ZN (MAOI222D0BWP30P140)
   0.0318    1.4739 ^ reducedSum_reduced_nextLevel_adder/_0797_/ZN (MAOI222D0BWP30P140)
   0.0269    1.5008 ^ reducedSum_reduced_nextLevel_adder/_0802_/Z (AO21D0BWP30P140)
   0.0219    1.5227 v reducedSum_reduced_nextLevel_adder/_0806_/ZN (MAOI222D0BWP30P140)
   0.0283    1.5509 v reducedSum_reduced_nextLevel_adder/_0811_/ZN (IAO21D0BWP30P140)
   0.0172    1.5682 ^ reducedSum_reduced_nextLevel_adder/_0824_/ZN (OAI21D0BWP30P140)
   0.0224    1.5906 v reducedSum_reduced_nextLevel_adder/_0832_/ZN (AOI31D0BWP30P140)
   0.0336    1.6242 ^ reducedSum_reduced_nextLevel_adder/_0833_/ZN (MAOI222D0BWP30P140)
   0.0315    1.6556 ^ reducedSum_reduced_nextLevel_adder/_0839_/Z (AO211D0BWP30P140)
   0.0280    1.6836 v reducedSum_reduced_nextLevel_adder/_0840_/ZN (AOI31D0BWP30P140)
   0.0322    1.7158 ^ reducedSum_reduced_nextLevel_adder/_0850_/ZN (OAI211D0BWP30P140)
   0.0419    1.7577 v reducedSum_reduced_nextLevel_adder/_0883_/ZN (CKND2D0BWP30P140)
   0.0228    1.7805 ^ reducedSum_reduced_nextLevel_adder/_0908_/ZN (CKND2D0BWP30P140)
   0.0405    1.8210 v reducedSum_reduced_nextLevel_adder/_0910_/ZN (ND4D0BWP30P140)
   0.0529    1.8740 v reducedSum_reduced_nextLevel_adder/_0922_/Z (OR4D0BWP30P140)
   0.0386    1.9125 v reducedSum_reduced_nextLevel_adder/_0930_/Z (OR3D0BWP30P140)
   0.0447    1.9573 v reducedSum_reduced_nextLevel_adder/_0942_/Z (OR4D0BWP30P140)
   0.0234    1.9807 ^ reducedSum_reduced_nextLevel_adder/_0952_/ZN (NR3D0BWP30P140)
   0.0349    2.0156 v reducedSum_reduced_nextLevel_adder/_0961_/ZN (ND3D0BWP30P140)
   0.0394    2.0550 ^ reducedSum_reduced_nextLevel_adder/_1020_/ZN (INR4D0BWP30P140)
   0.0192    2.0742 v reducedSum_reduced_nextLevel_adder/_1030_/ZN (NR2D0BWP30P140)
   0.0319    2.1061 v reducedSum_reduced_nextLevel_adder/_1037_/Z (XOR2UD0BWP30P140)
   0.0184    2.1245 ^ reducedSum_reduced_nextLevel_adder_16/_0512_/ZN (CKND0BWP30P140)
   0.0295    2.1540 v reducedSum_reduced_nextLevel_adder_16/_0540_/ZN (MAOI222D0BWP30P140)
   0.0327    2.1868 ^ reducedSum_reduced_nextLevel_adder_16/_0543_/ZN (AOI211D0BWP30P140)
   0.0247    2.2114 v reducedSum_reduced_nextLevel_adder_16/_0545_/ZN (OAI31D0BWP30P140)
   0.0293    2.2407 v reducedSum_reduced_nextLevel_adder_16/_0547_/Z (OA211D0BWP30P140)
   0.0217    2.2624 v reducedSum_reduced_nextLevel_adder_16/_0550_/Z (OA21D0BWP30P140)
   0.0275    2.2899 ^ reducedSum_reduced_nextLevel_adder_16/_0551_/ZN (NR2D0BWP30P140)
   0.0178    2.3078 v reducedSum_reduced_nextLevel_adder_16/_0568_/ZN (ND3D0BWP30P140)
   0.3604    2.6682 ^ reducedSum_reduced_nextLevel_adder_16/_0594_/ZN (OAI31D0BWP30P140)
   0.0261    2.6943 ^ reducedSum_reduced_nextLevel_adder_16/_0634_/ZN (MUX2ND0BWP30P140)
   0.0356    2.7299 v reducedSum_reduced_nextLevel_adder_16/_0649_/ZN (OAI211D0BWP30P140)
   0.0318    2.7617 ^ reducedSum_reduced_nextLevel_adder_16/_0660_/ZN (OAI211D0BWP30P140)
   0.0284    2.7901 ^ reducedSum_reduced_nextLevel_adder_16/_0778_/ZN (MAOI22D0BWP30P140)
   0.0438    2.8339 v reducedSum_reduced_nextLevel_adder_16/_0779_/ZN (OAI221D0BWP30P140)
   0.0310    2.8649 ^ reducedSum_reduced_nextLevel_adder_16/_0783_/ZN (NR3D0BWP30P140)
   0.0251    2.8901 v reducedSum_reduced_nextLevel_adder_16/_0786_/ZN (MAOI222D0BWP30P140)
   0.0326    2.9227 ^ reducedSum_reduced_nextLevel_adder_16/_0789_/ZN (MAOI222D0BWP30P140)
   0.0287    2.9514 v reducedSum_reduced_nextLevel_adder_16/_0792_/ZN (MAOI222D0BWP30P140)
   0.0318    2.9831 ^ reducedSum_reduced_nextLevel_adder_16/_0797_/ZN (MAOI222D0BWP30P140)
   0.0269    3.0100 ^ reducedSum_reduced_nextLevel_adder_16/_0802_/Z (AO21D0BWP30P140)
   0.0219    3.0319 v reducedSum_reduced_nextLevel_adder_16/_0806_/ZN (MAOI222D0BWP30P140)
   0.0283    3.0602 v reducedSum_reduced_nextLevel_adder_16/_0811_/ZN (IAO21D0BWP30P140)
   0.0172    3.0774 ^ reducedSum_reduced_nextLevel_adder_16/_0824_/ZN (OAI21D0BWP30P140)
   0.0224    3.0998 v reducedSum_reduced_nextLevel_adder_16/_0832_/ZN (AOI31D0BWP30P140)
   0.0336    3.1334 ^ reducedSum_reduced_nextLevel_adder_16/_0833_/ZN (MAOI222D0BWP30P140)
   0.0315    3.1649 ^ reducedSum_reduced_nextLevel_adder_16/_0839_/Z (AO211D0BWP30P140)
   0.0280    3.1928 v reducedSum_reduced_nextLevel_adder_16/_0840_/ZN (AOI31D0BWP30P140)
   0.0322    3.2250 ^ reducedSum_reduced_nextLevel_adder_16/_0850_/ZN (OAI211D0BWP30P140)
   0.0419    3.2669 v reducedSum_reduced_nextLevel_adder_16/_0883_/ZN (CKND2D0BWP30P140)
   0.0228    3.2897 ^ reducedSum_reduced_nextLevel_adder_16/_0908_/ZN (CKND2D0BWP30P140)
   0.0405    3.3302 v reducedSum_reduced_nextLevel_adder_16/_0910_/ZN (ND4D0BWP30P140)
   0.0529    3.3832 v reducedSum_reduced_nextLevel_adder_16/_0922_/Z (OR4D0BWP30P140)
   0.0386    3.4218 v reducedSum_reduced_nextLevel_adder_16/_0930_/Z (OR3D0BWP30P140)
   0.0447    3.4665 v reducedSum_reduced_nextLevel_adder_16/_0942_/Z (OR4D0BWP30P140)
   0.0234    3.4899 ^ reducedSum_reduced_nextLevel_adder_16/_0952_/ZN (NR3D0BWP30P140)
   0.0349    3.5248 v reducedSum_reduced_nextLevel_adder_16/_0961_/ZN (ND3D0BWP30P140)
   0.0394    3.5642 ^ reducedSum_reduced_nextLevel_adder_16/_1020_/ZN (INR4D0BWP30P140)
   0.0192    3.5834 v reducedSum_reduced_nextLevel_adder_16/_1030_/ZN (NR2D0BWP30P140)
   0.0319    3.6153 v reducedSum_reduced_nextLevel_adder_16/_1037_/Z (XOR2UD0BWP30P140)
   0.0184    3.6337 ^ reducedSum_reduced_nextLevel_adder_24/_0512_/ZN (CKND0BWP30P140)
   0.0295    3.6633 v reducedSum_reduced_nextLevel_adder_24/_0540_/ZN (MAOI222D0BWP30P140)
   0.0327    3.6960 ^ reducedSum_reduced_nextLevel_adder_24/_0543_/ZN (AOI211D0BWP30P140)
   0.0247    3.7207 v reducedSum_reduced_nextLevel_adder_24/_0545_/ZN (OAI31D0BWP30P140)
   0.0293    3.7500 v reducedSum_reduced_nextLevel_adder_24/_0547_/Z (OA211D0BWP30P140)
   0.0217    3.7716 v reducedSum_reduced_nextLevel_adder_24/_0550_/Z (OA21D0BWP30P140)
   0.0275    3.7991 ^ reducedSum_reduced_nextLevel_adder_24/_0551_/ZN (NR2D0BWP30P140)
   0.0178    3.8170 v reducedSum_reduced_nextLevel_adder_24/_0568_/ZN (ND3D0BWP30P140)
   0.3604    4.1774 ^ reducedSum_reduced_nextLevel_adder_24/_0594_/ZN (OAI31D0BWP30P140)
   0.0261    4.2035 ^ reducedSum_reduced_nextLevel_adder_24/_0634_/ZN (MUX2ND0BWP30P140)
   0.0356    4.2392 v reducedSum_reduced_nextLevel_adder_24/_0649_/ZN (OAI211D0BWP30P140)
   0.0318    4.2709 ^ reducedSum_reduced_nextLevel_adder_24/_0660_/ZN (OAI211D0BWP30P140)
   0.0284    4.2993 ^ reducedSum_reduced_nextLevel_adder_24/_0778_/ZN (MAOI22D0BWP30P140)
   0.0438    4.3431 v reducedSum_reduced_nextLevel_adder_24/_0779_/ZN (OAI221D0BWP30P140)
   0.0310    4.3742 ^ reducedSum_reduced_nextLevel_adder_24/_0783_/ZN (NR3D0BWP30P140)
   0.0251    4.3993 v reducedSum_reduced_nextLevel_adder_24/_0786_/ZN (MAOI222D0BWP30P140)
   0.0326    4.4319 ^ reducedSum_reduced_nextLevel_adder_24/_0789_/ZN (MAOI222D0BWP30P140)
   0.0287    4.4606 v reducedSum_reduced_nextLevel_adder_24/_0792_/ZN (MAOI222D0BWP30P140)
   0.0318    4.4924 ^ reducedSum_reduced_nextLevel_adder_24/_0797_/ZN (MAOI222D0BWP30P140)
   0.0269    4.5193 ^ reducedSum_reduced_nextLevel_adder_24/_0802_/Z (AO21D0BWP30P140)
   0.0219    4.5411 v reducedSum_reduced_nextLevel_adder_24/_0806_/ZN (MAOI222D0BWP30P140)
   0.0283    4.5694 v reducedSum_reduced_nextLevel_adder_24/_0811_/ZN (IAO21D0BWP30P140)
   0.0172    4.5866 ^ reducedSum_reduced_nextLevel_adder_24/_0824_/ZN (OAI21D0BWP30P140)
   0.0224    4.6090 v reducedSum_reduced_nextLevel_adder_24/_0832_/ZN (AOI31D0BWP30P140)
   0.0336    4.6426 ^ reducedSum_reduced_nextLevel_adder_24/_0833_/ZN (MAOI222D0BWP30P140)
   0.0315    4.6741 ^ reducedSum_reduced_nextLevel_adder_24/_0839_/Z (AO211D0BWP30P140)
   0.0280    4.7020 v reducedSum_reduced_nextLevel_adder_24/_0840_/ZN (AOI31D0BWP30P140)
   0.0322    4.7343 ^ reducedSum_reduced_nextLevel_adder_24/_0850_/ZN (OAI211D0BWP30P140)
   0.0419    4.7761 v reducedSum_reduced_nextLevel_adder_24/_0883_/ZN (CKND2D0BWP30P140)
   0.0228    4.7989 ^ reducedSum_reduced_nextLevel_adder_24/_0908_/ZN (CKND2D0BWP30P140)
   0.0405    4.8395 v reducedSum_reduced_nextLevel_adder_24/_0910_/ZN (ND4D0BWP30P140)
   0.0529    4.8924 v reducedSum_reduced_nextLevel_adder_24/_0922_/Z (OR4D0BWP30P140)
   0.0386    4.9310 v reducedSum_reduced_nextLevel_adder_24/_0930_/Z (OR3D0BWP30P140)
   0.0447    4.9757 v reducedSum_reduced_nextLevel_adder_24/_0942_/Z (OR4D0BWP30P140)
   0.0234    4.9991 ^ reducedSum_reduced_nextLevel_adder_24/_0952_/ZN (NR3D0BWP30P140)
   0.0349    5.0341 v reducedSum_reduced_nextLevel_adder_24/_0961_/ZN (ND3D0BWP30P140)
   0.0394    5.0734 ^ reducedSum_reduced_nextLevel_adder_24/_1020_/ZN (INR4D0BWP30P140)
   0.0192    5.0926 v reducedSum_reduced_nextLevel_adder_24/_1030_/ZN (NR2D0BWP30P140)
   0.0319    5.1245 v reducedSum_reduced_nextLevel_adder_24/_1037_/Z (XOR2UD0BWP30P140)
   0.0184    5.1430 ^ reducedSum_reduced_nextLevel_adder_28/_0512_/ZN (CKND0BWP30P140)
   0.0295    5.1725 v reducedSum_reduced_nextLevel_adder_28/_0540_/ZN (MAOI222D0BWP30P140)
   0.0327    5.2052 ^ reducedSum_reduced_nextLevel_adder_28/_0543_/ZN (AOI211D0BWP30P140)
   0.0247    5.2299 v reducedSum_reduced_nextLevel_adder_28/_0545_/ZN (OAI31D0BWP30P140)
   0.0293    5.2592 v reducedSum_reduced_nextLevel_adder_28/_0547_/Z (OA211D0BWP30P140)
   0.0217    5.2808 v reducedSum_reduced_nextLevel_adder_28/_0550_/Z (OA21D0BWP30P140)
   0.0275    5.3084 ^ reducedSum_reduced_nextLevel_adder_28/_0551_/ZN (NR2D0BWP30P140)
   0.0178    5.3262 v reducedSum_reduced_nextLevel_adder_28/_0568_/ZN (ND3D0BWP30P140)
   0.3604    5.6867 ^ reducedSum_reduced_nextLevel_adder_28/_0594_/ZN (OAI31D0BWP30P140)
   0.0261    5.7127 ^ reducedSum_reduced_nextLevel_adder_28/_0634_/ZN (MUX2ND0BWP30P140)
   0.0356    5.7484 v reducedSum_reduced_nextLevel_adder_28/_0649_/ZN (OAI211D0BWP30P140)
   0.0318    5.7801 ^ reducedSum_reduced_nextLevel_adder_28/_0660_/ZN (OAI211D0BWP30P140)
   0.0284    5.8085 ^ reducedSum_reduced_nextLevel_adder_28/_0778_/ZN (MAOI22D0BWP30P140)
   0.0438    5.8524 v reducedSum_reduced_nextLevel_adder_28/_0779_/ZN (OAI221D0BWP30P140)
   0.0310    5.8834 ^ reducedSum_reduced_nextLevel_adder_28/_0783_/ZN (NR3D0BWP30P140)
   0.0251    5.9085 v reducedSum_reduced_nextLevel_adder_28/_0786_/ZN (MAOI222D0BWP30P140)
   0.0326    5.9411 ^ reducedSum_reduced_nextLevel_adder_28/_0789_/ZN (MAOI222D0BWP30P140)
   0.0287    5.9698 v reducedSum_reduced_nextLevel_adder_28/_0792_/ZN (MAOI222D0BWP30P140)
   0.0318    6.0016 ^ reducedSum_reduced_nextLevel_adder_28/_0797_/ZN (MAOI222D0BWP30P140)
   0.0269    6.0285 ^ reducedSum_reduced_nextLevel_adder_28/_0802_/Z (AO21D0BWP30P140)
   0.0219    6.0503 v reducedSum_reduced_nextLevel_adder_28/_0806_/ZN (MAOI222D0BWP30P140)
   0.0283    6.0786 v reducedSum_reduced_nextLevel_adder_28/_0811_/ZN (IAO21D0BWP30P140)
   0.0172    6.0958 ^ reducedSum_reduced_nextLevel_adder_28/_0824_/ZN (OAI21D0BWP30P140)
   0.0224    6.1182 v reducedSum_reduced_nextLevel_adder_28/_0832_/ZN (AOI31D0BWP30P140)
   0.0336    6.1518 ^ reducedSum_reduced_nextLevel_adder_28/_0833_/ZN (MAOI222D0BWP30P140)
   0.0315    6.1833 ^ reducedSum_reduced_nextLevel_adder_28/_0839_/Z (AO211D0BWP30P140)
   0.0280    6.2113 v reducedSum_reduced_nextLevel_adder_28/_0840_/ZN (AOI31D0BWP30P140)
   0.0322    6.2435 ^ reducedSum_reduced_nextLevel_adder_28/_0850_/ZN (OAI211D0BWP30P140)
   0.0419    6.2853 v reducedSum_reduced_nextLevel_adder_28/_0883_/ZN (CKND2D0BWP30P140)
   0.0228    6.3081 ^ reducedSum_reduced_nextLevel_adder_28/_0908_/ZN (CKND2D0BWP30P140)
   0.0405    6.3487 v reducedSum_reduced_nextLevel_adder_28/_0910_/ZN (ND4D0BWP30P140)
   0.0529    6.4016 v reducedSum_reduced_nextLevel_adder_28/_0922_/Z (OR4D0BWP30P140)
   0.0386    6.4402 v reducedSum_reduced_nextLevel_adder_28/_0930_/Z (OR3D0BWP30P140)
   0.0447    6.4849 v reducedSum_reduced_nextLevel_adder_28/_0942_/Z (OR4D0BWP30P140)
   0.0234    6.5083 ^ reducedSum_reduced_nextLevel_adder_28/_0952_/ZN (NR3D0BWP30P140)
   0.0349    6.5433 v reducedSum_reduced_nextLevel_adder_28/_0961_/ZN (ND3D0BWP30P140)
   0.0394    6.5827 ^ reducedSum_reduced_nextLevel_adder_28/_1020_/ZN (INR4D0BWP30P140)
   0.0192    6.6018 v reducedSum_reduced_nextLevel_adder_28/_1030_/ZN (NR2D0BWP30P140)
   0.0319    6.6337 v reducedSum_reduced_nextLevel_adder_28/_1037_/Z (XOR2UD0BWP30P140)
   0.0184    6.6522 ^ reducedSum_reduced_nextLevel_adder_30/_0512_/ZN (CKND0BWP30P140)
   0.0295    6.6817 v reducedSum_reduced_nextLevel_adder_30/_0540_/ZN (MAOI222D0BWP30P140)
   0.0327    6.7144 ^ reducedSum_reduced_nextLevel_adder_30/_0543_/ZN (AOI211D0BWP30P140)
   0.0247    6.7391 v reducedSum_reduced_nextLevel_adder_30/_0545_/ZN (OAI31D0BWP30P140)
   0.0293    6.7684 v reducedSum_reduced_nextLevel_adder_30/_0547_/Z (OA211D0BWP30P140)
   0.0217    6.7901 v reducedSum_reduced_nextLevel_adder_30/_0550_/Z (OA21D0BWP30P140)
   0.0275    6.8176 ^ reducedSum_reduced_nextLevel_adder_30/_0551_/ZN (NR2D0BWP30P140)
   0.0178    6.8354 v reducedSum_reduced_nextLevel_adder_30/_0568_/ZN (ND3D0BWP30P140)
   0.3604    7.1959 ^ reducedSum_reduced_nextLevel_adder_30/_0594_/ZN (OAI31D0BWP30P140)
   0.0261    7.2220 ^ reducedSum_reduced_nextLevel_adder_30/_0634_/ZN (MUX2ND0BWP30P140)
   0.0356    7.2576 v reducedSum_reduced_nextLevel_adder_30/_0649_/ZN (OAI211D0BWP30P140)
   0.0318    7.2894 ^ reducedSum_reduced_nextLevel_adder_30/_0660_/ZN (OAI211D0BWP30P140)
   0.0284    7.3178 ^ reducedSum_reduced_nextLevel_adder_30/_0778_/ZN (MAOI22D0BWP30P140)
   0.0438    7.3616 v reducedSum_reduced_nextLevel_adder_30/_0779_/ZN (OAI221D0BWP30P140)
   0.0310    7.3926 ^ reducedSum_reduced_nextLevel_adder_30/_0783_/ZN (NR3D0BWP30P140)
   0.0251    7.4177 v reducedSum_reduced_nextLevel_adder_30/_0786_/ZN (MAOI222D0BWP30P140)
   0.0326    7.4503 ^ reducedSum_reduced_nextLevel_adder_30/_0789_/ZN (MAOI222D0BWP30P140)
   0.0287    7.4790 v reducedSum_reduced_nextLevel_adder_30/_0792_/ZN (MAOI222D0BWP30P140)
   0.0318    7.5108 ^ reducedSum_reduced_nextLevel_adder_30/_0797_/ZN (MAOI222D0BWP30P140)
   0.0269    7.5377 ^ reducedSum_reduced_nextLevel_adder_30/_0802_/Z (AO21D0BWP30P140)
   0.0219    7.5596 v reducedSum_reduced_nextLevel_adder_30/_0806_/ZN (MAOI222D0BWP30P140)
   0.0283    7.5878 v reducedSum_reduced_nextLevel_adder_30/_0811_/ZN (IAO21D0BWP30P140)
   0.0172    7.6051 ^ reducedSum_reduced_nextLevel_adder_30/_0824_/ZN (OAI21D0BWP30P140)
   0.0224    7.6275 v reducedSum_reduced_nextLevel_adder_30/_0832_/ZN (AOI31D0BWP30P140)
   0.0336    7.6611 ^ reducedSum_reduced_nextLevel_adder_30/_0833_/ZN (MAOI222D0BWP30P140)
   0.0315    7.6925 ^ reducedSum_reduced_nextLevel_adder_30/_0839_/Z (AO211D0BWP30P140)
   0.0280    7.7205 v reducedSum_reduced_nextLevel_adder_30/_0840_/ZN (AOI31D0BWP30P140)
   0.0322    7.7527 ^ reducedSum_reduced_nextLevel_adder_30/_0850_/ZN (OAI211D0BWP30P140)
   0.0419    7.7946 v reducedSum_reduced_nextLevel_adder_30/_0883_/ZN (CKND2D0BWP30P140)
   0.0228    7.8174 ^ reducedSum_reduced_nextLevel_adder_30/_0908_/ZN (CKND2D0BWP30P140)
   0.0405    7.8579 v reducedSum_reduced_nextLevel_adder_30/_0910_/ZN (ND4D0BWP30P140)
   0.0529    7.9108 v reducedSum_reduced_nextLevel_adder_30/_0922_/Z (OR4D0BWP30P140)
   0.0386    7.9494 v reducedSum_reduced_nextLevel_adder_30/_0930_/Z (OR3D0BWP30P140)
   0.0447    7.9941 v reducedSum_reduced_nextLevel_adder_30/_0942_/Z (OR4D0BWP30P140)
   0.0234    8.0176 ^ reducedSum_reduced_nextLevel_adder_30/_0952_/ZN (NR3D0BWP30P140)
   0.0349    8.0525 v reducedSum_reduced_nextLevel_adder_30/_0961_/ZN (ND3D0BWP30P140)
   0.0318    8.0842 v reducedSum_reduced_nextLevel_adder_30/_0967_/ZN (XNR2UD0BWP30P140)
   0.0428    8.1271 ^ reducedSum_conv/_140_/ZN (NR4D0BWP30P140)
   0.0286    8.1557 v reducedSum_conv/_142_/ZN (ND3D0BWP30P140)
   0.0398    8.1955 v reducedSum_conv/_143_/Z (AN2D0BWP30P140)
   0.0342    8.2297 v reducedSum_conv/_147_/ZN (XNR2UD0BWP30P140)
   0.0358    8.2655 v reducedSum_conv/_149_/Z (AO21D0BWP30P140)
   0.0236    8.2891 v reducedSum_conv/_160_/Z (AO21D0BWP30P140)
   0.0311    8.3202 ^ reducedSum_conv/_162_/ZN (AOI21D0BWP30P140)
   0.0304    8.3505 v reducedSum_conv/_168_/ZN (OAI211D0BWP30P140)
   0.0828    8.4334 ^ reducedSum_conv/_178_/ZN (OAI31D0BWP30P140)
   0.0277    8.4610 v reducedSum_conv/_191_/ZN (NR2D0BWP30P140)
   0.0316    8.4927 v accAdder/_0897_/ZN (XNR2UD0BWP30P140)
   0.0314    8.5240 ^ accAdder/_0899_/ZN (AOI21D0BWP30P140)
   0.0301    8.5541 v accAdder/_0901_/ZN (MAOI222D0BWP30P140)
   0.0374    8.5916 ^ accAdder/_0902_/ZN (MAOI222D0BWP30P140)
   0.0303    8.6219 v accAdder/_0903_/ZN (MAOI222D0BWP30P140)
   0.0367    8.6586 ^ accAdder/_0966_/ZN (MAOI222D0BWP30P140)
   0.0303    8.6889 v accAdder/_0968_/ZN (MAOI222D0BWP30P140)
   0.0255    8.7144 v accAdder/_0970_/ZN (XNR2UD0BWP30P140)
   0.0212    8.7356 ^ accAdder/_0971_/ZN (NR2D0BWP30P140)
   0.0257    8.7613 ^ accAdder/_0972_/Z (AN2D0BWP30P140)
   0.4170    9.1783 v accAdder/_0975_/ZN (AOI31D0BWP30P140)
   0.4192    9.5975 ^ accAdder/_0991_/ZN (AOI22D0BWP30P140)
   0.0318    9.6294 v accAdder/_1063_/ZN (CKND2D0BWP30P140)
   0.0370    9.6664 ^ accAdder/_1188_/ZN (OAI32D0BWP30P140)
   0.0151    9.6814 v accAdder/_1189_/ZN (AOI21D0BWP30P140)
   0.0396    9.7211 ^ accAdder/_1191_/ZN (OAI221D0BWP30P140)
   0.0211    9.7421 v accAdder/_1196_/ZN (OAI31D0BWP30P140)
   0.0222    9.7644 ^ accAdder/_1198_/ZN (AOI21D0BWP30P140)
   0.0256    9.7900 v accAdder/_1200_/ZN (MAOI222D0BWP30P140)
   0.0396    9.8296 ^ accAdder/_1202_/ZN (MAOI222D0BWP30P140)
   0.0257    9.8553 v accAdder/_1204_/ZN (MAOI222D0BWP30P140)
   0.0277    9.8830 ^ accAdder/_1206_/ZN (AOI21D0BWP30P140)
   0.0253    9.9083 ^ accAdder/_1209_/ZN (IAO21D0BWP30P140)
   0.0247    9.9330 v accAdder/_1211_/ZN (MAOI222D0BWP30P140)
   0.0395    9.9725 ^ accAdder/_1213_/ZN (MAOI222D0BWP30P140)
   0.0265    9.9990 v accAdder/_1221_/ZN (MAOI222D0BWP30P140)
   0.0354   10.0344 v accAdder/_1232_/Z (AO21D0BWP30P140)
   0.0261   10.0604 ^ accAdder/_1242_/ZN (MAOI222D0BWP30P140)
   0.0265   10.0870 v accAdder/_1255_/ZN (MAOI222D0BWP30P140)
   0.0315   10.1184 v accAdder/_1259_/Z (AO21D0BWP30P140)
   0.0182   10.1366 ^ accAdder/_1276_/ZN (AOI21D0BWP30P140)
   0.0258   10.1625 v accAdder/_1280_/ZN (MAOI222D0BWP30P140)
   0.0391   10.2016 ^ accAdder/_1296_/ZN (MAOI222D0BWP30P140)
   0.0262   10.2277 v accAdder/_1300_/ZN (MAOI222D0BWP30P140)
   0.0304   10.2581 ^ accAdder/_1318_/ZN (AOI21D0BWP30P140)
   0.0249   10.2831 v accAdder/_1322_/ZN (MAOI222D0BWP30P140)
   0.0364   10.3195 v accAdder/_1345_/Z (AO21D0BWP30P140)
   0.0156   10.3351 ^ accAdder/_1353_/ZN (MUX2ND0BWP30P140)
   0.0347   10.3699 ^ accAdder/_1354_/ZN (XNR2UD0BWP30P140)
   0.0288   10.3986 ^ accAdder/_1453_/ZN (MAOI22D0BWP30P140)
   0.1281   10.5267 v accAdder/_1456_/ZN (OAI211D0BWP30P140)
   0.0886   10.6153 ^ accAdder/_1531_/Z (MUX4D0BWP30P140)
   0.0194   10.6348 v accAdder/_1534_/ZN (MUX3ND0BWP30P140)
   0.0405   10.6753 ^ accAdder/_1568_/ZN (NR2D0BWP30P140)
   0.0507   10.7259 ^ accAdder/_1577_/ZN (INR4D0BWP30P140)
   0.0510   10.7770 ^ accAdder/_1582_/Z (AN4D0BWP30P140)
   0.0395   10.8165 ^ accAdder/_1590_/Z (AN4D0BWP30P140)
   0.0406   10.8570 ^ accAdder/_1601_/Z (AN4D0BWP30P140)
   0.0349   10.8919 ^ accAdder/_1603_/Z (AN3D0BWP30P140)
   0.0271   10.9191 v accAdder/_1605_/ZN (IND3D0BWP30P140)
   0.0379   10.9570 v accAdder/_1606_/Z (OR3D0BWP30P140)
   0.0368   10.9938 ^ accAdder/_1608_/ZN (INR3D0BWP30P140)
   0.0364   11.0302 v accAdder/_1611_/ZN (MAOI222D0BWP30P140)
   0.0357   11.0659 ^ accAdder/_1616_/ZN (NR4D0BWP30P140)
   0.0219   11.0878 v accAdder/_1619_/ZN (OAI31D0BWP30P140)
   0.0327   11.1205 v accAdder/_1621_/Z (AO21D0BWP30P140)
   0.0312   11.1517 ^ accAdder/_1623_/ZN (AOI21D0BWP30P140)
   0.0237   11.1754 v accAdder/_1626_/ZN (OAI21D0BWP30P140)
   0.0215   11.1968 v accAdder/_1658_/Z (AN3D0BWP30P140)
   0.0613   11.2581 v accAdder/_1659_/Z (OR3D0BWP30P140)
   0.0420   11.3001 ^ accAdder/_1703_/ZN (AOI211D0BWP30P140)
   0.0261   11.3262 ^ _060_/Z (AO22D0BWP30P140)
   0.0000   11.3262 ^ _070_/D (DFCNQD1BWP30P140)
            11.3262   data arrival time

  20.0000   20.0000   clock CORE_CLK (rise edge)
   0.0000   20.0000   clock network delay (ideal)
  -0.0500   19.9500   clock uncertainty
   0.0000   19.9500   clock reconvergence pessimism
            19.9500 ^ _070_/CP (DFCNQD1BWP30P140)
  -0.0174   19.9326   library setup time
            19.9326   data required time
-------------------------------------------------------------
            19.9326   data required time
           -11.3262   data arrival time
-------------------------------------------------------------
             8.6065   slack (MET)


