Startpoint: reset (input port clocked by CORE_CLK)
Endpoint: _068_ (recovery check against rising-edge clock CORE_CLK)
Path Group: asynchronous
Path Type: max

    Delay      Time   Description
-------------------------------------------------------------
   0.0000    0.0000   clock CORE_CLK (rise edge)
   0.0000    0.0000   clock network delay (ideal)
   0.0000    0.0000 ^ input external delay
   0.0000    0.0000 ^ reset (in)
   0.0000    0.0000 ^ _068_/CDN (DFCNQD1BWP30P140)
             0.0000   data arrival time

  20.0000   20.0000   clock CORE_CLK (rise edge)
   0.0000   20.0000   clock network delay (ideal)
  -0.0500   19.9500   clock uncertainty
   0.0000   19.9500   clock reconvergence pessimism
            19.9500 ^ _068_/CP (DFCNQD1BWP30P140)
   0.0258   19.9758   library recovery time
            19.9758   data required time
-------------------------------------------------------------
            19.9758   data required time
            -0.0000   data arrival time
-------------------------------------------------------------
            19.9758   slack (MET)


Startpoint: io_op_a_i[0] (input port clocked by CORE_CLK)
Endpoint: _070_ (rising edge-triggered flip-flop clocked by CORE_CLK)
Path Group: CORE_CLK
Path Type: max

    Delay      Time   Description
-------------------------------------------------------------
   0.0000    0.0000   clock CORE_CLK (rise edge)
   0.0000    0.0000   clock network delay (ideal)
   0.0000    0.0000 ^ input external delay
   0.0000    0.0000 ^ io_op_a_i[0] (in)
   0.0217    0.0217 v reducedSum_op/_066_/ZN (OAI31D0BWP30P140)
   0.0603    0.0819 v reducedSum_op/_071_/Z (XOR3UD0BWP30P140)
   0.0207    0.1027 ^ reducedSum_op/_072_/ZN (NR2D0BWP30P140)
   0.0286    0.1313 v reducedSum_op/_073_/ZN (MAOI222D0BWP30P140)
   0.0360    0.1673 ^ reducedSum_op/_075_/ZN (MAOI222D0BWP30P140)
   0.0402    0.2075 ^ reducedSum_op/_076_/ZN (MOAI22D0BWP30P140)
   0.0268    0.2343 v reducedSum_sa/_519_/ZN (CKND2D0BWP30P140)
   0.0269    0.2612 v reducedSum_sa/_521_/ZN (IAO21D0BWP30P140)
   0.0263    0.2875 v reducedSum_sa/_522_/Z (XOR2UD0BWP30P140)
   0.0374    0.3249 v reducedSum_sa/_524_/Z (XOR2UD0BWP30P140)
   0.0521    0.3770 v reducedSum_sa/_527_/Z (XOR4D0BWP30P140)
   0.0705    0.4475 ^ reducedSum_sa/_596_/ZN (XNR4D0BWP30P140)
   0.0261    0.4736 v reducedSum_sa/_625_/ZN (MAOI222D0BWP30P140)
   0.0372    0.5107 ^ reducedSum_sa/_626_/ZN (MAOI222D0BWP30P140)
   0.0288    0.5395 v reducedSum_sa/_782_/ZN (MAOI222D0BWP30P140)
   0.0341    0.5736 ^ reducedSum_sa/_783_/ZN (MAOI222D0BWP30P140)
   0.0266    0.6002 v reducedSum_sa/_784_/ZN (MAOI222D0BWP30P140)
   0.0367    0.6369 ^ reducedSum_sa/_785_/ZN (MAOI222D0BWP30P140)
   0.0351    0.6720 v reducedSum_sa/_789_/ZN (OAI221D0BWP30P140)
   0.0358    0.7079 ^ reducedSum_sa/_833_/ZN (AOI32D0BWP30P140)
   0.0218    0.7297 v reducedSum_sa/_848_/ZN (XNR2UD0BWP30P140)
   0.0259    0.7556 v reducedSum_reduced_nextLevel_adder/_0616_/ZN (IND2D0BWP30P140)
   0.0197    0.7753 v reducedSum_reduced_nextLevel_adder/_0617_/Z (OA21D0BWP30P140)
   0.0135    0.7888 ^ reducedSum_reduced_nextLevel_adder/_0618_/ZN (OAI211D0BWP30P140)
   0.0178    0.8066 v reducedSum_reduced_nextLevel_adder/_0622_/ZN (OAI22D0BWP30P140)
   0.0318    0.8384 ^ reducedSum_reduced_nextLevel_adder/_0623_/ZN (AOI221D0BWP30P140)
   0.2167    1.0551 v reducedSum_reduced_nextLevel_adder/_0625_/ZN (OAI21D0BWP30P140)
   0.0807    1.1358 ^ reducedSum_reduced_nextLevel_adder/_0629_/ZN (MUX2ND0BWP30P140)
   0.0219    1.1577 v reducedSum_reduced_nextLevel_adder/_0650_/ZN (AOI211D0BWP30P140)
   0.0433    1.2010 ^ reducedSum_reduced_nextLevel_adder/_0653_/ZN (AOI21D0BWP30P140)
   0.0193    1.2204 v reducedSum_reduced_nextLevel_adder/_0794_/ZN (OAI32D0BWP30P140)
   0.0408    1.2612 ^ reducedSum_reduced_nextLevel_adder/_0795_/ZN (AOI211D0BWP30P140)
   0.0290    1.2902 v reducedSum_reduced_nextLevel_adder/_0796_/ZN (ND3D0BWP30P140)
   0.0332    1.3233 ^ reducedSum_reduced_nextLevel_adder/_0799_/ZN (MAOI222D0BWP30P140)
   0.0257    1.3491 ^ reducedSum_reduced_nextLevel_adder/_0802_/Z (AO21D0BWP30P140)
   0.0213    1.3704 ^ reducedSum_reduced_nextLevel_adder/_0805_/Z (AO21D0BWP30P140)
   0.0219    1.3922 ^ reducedSum_reduced_nextLevel_adder/_0809_/Z (AO21D0BWP30P140)
   0.0219    1.4141 v reducedSum_reduced_nextLevel_adder/_0813_/ZN (MAOI222D0BWP30P140)
   0.0261    1.4402 v reducedSum_reduced_nextLevel_adder/_0817_/ZN (IAO21D0BWP30P140)
   0.0187    1.4589 ^ reducedSum_reduced_nextLevel_adder/_0822_/ZN (OAI21D0BWP30P140)
   0.0175    1.4763 v reducedSum_reduced_nextLevel_adder/_0826_/ZN (AOI211D0BWP30P140)
   0.0231    1.4995 ^ reducedSum_reduced_nextLevel_adder/_0827_/ZN (OAI31D0BWP30P140)
   0.0180    1.5174 v reducedSum_reduced_nextLevel_adder/_0828_/ZN (AOI21D0BWP30P140)
   0.0210    1.5384 ^ reducedSum_reduced_nextLevel_adder/_0829_/ZN (OAI211D0BWP30P140)
   0.0225    1.5609 v reducedSum_reduced_nextLevel_adder/_0835_/ZN (AOI31D0BWP30P140)
   0.0327    1.5936 ^ reducedSum_reduced_nextLevel_adder/_0836_/ZN (OAI32D0BWP30P140)
   0.0953    1.6889 v reducedSum_reduced_nextLevel_adder/_0874_/ZN (AOI21D0BWP30P140)
   0.0580    1.7470 ^ reducedSum_reduced_nextLevel_adder/_0890_/Z (CKMUX2D0BWP30P140)
   0.0476    1.7945 ^ reducedSum_reduced_nextLevel_adder/_0899_/Z (AN4D0BWP30P140)
   0.0490    1.8435 v reducedSum_reduced_nextLevel_adder/_0910_/ZN (ND4D0BWP30P140)
   0.0341    1.8776 ^ reducedSum_reduced_nextLevel_adder/_0926_/ZN (NR4D0BWP30P140)
   0.0456    1.9232 v reducedSum_reduced_nextLevel_adder/_0943_/ZN (ND4D0BWP30P140)
   0.0518    1.9751 v reducedSum_reduced_nextLevel_adder/_0963_/ZN (IND4D0BWP30P140)
   0.0302    2.0053 ^ reducedSum_reduced_nextLevel_adder/_1030_/ZN (NR2D0BWP30P140)
   0.0149    2.0202 v reducedSum_reduced_nextLevel_adder/_1045_/ZN (AOI21D0BWP30P140)
   0.0306    2.0508 v reducedSum_reduced_nextLevel_adder/_1046_/Z (XOR2UD0BWP30P140)
   0.0353    2.0861 v reducedSum_reduced_nextLevel_adder_16/_0539_/ZN (XNR2UD0BWP30P140)
   0.0320    2.1181 ^ reducedSum_reduced_nextLevel_adder_16/_0540_/ZN (AOI21D0BWP30P140)
   0.0355    2.1536 ^ reducedSum_reduced_nextLevel_adder_16/_0544_/Z (OA211D0BWP30P140)
   0.0195    2.1731 v reducedSum_reduced_nextLevel_adder_16/_0547_/ZN (OAI31D0BWP30P140)
   0.0413    2.2145 ^ reducedSum_reduced_nextLevel_adder_16/_0548_/ZN (MAOI222D0BWP30P140)
   0.0326    2.2471 ^ reducedSum_reduced_nextLevel_adder_16/_0550_/Z (XOR2UD0BWP30P140)
   0.0253    2.2724 ^ reducedSum_reduced_nextLevel_adder_16/_0624_/Z (AO21D0BWP30P140)
   0.2028    2.4752 v reducedSum_reduced_nextLevel_adder_16/_0625_/ZN (OAI21D0BWP30P140)
   0.0807    2.5559 ^ reducedSum_reduced_nextLevel_adder_16/_0629_/ZN (MUX2ND0BWP30P140)
   0.0219    2.5779 v reducedSum_reduced_nextLevel_adder_16/_0650_/ZN (AOI211D0BWP30P140)
   0.0433    2.6212 ^ reducedSum_reduced_nextLevel_adder_16/_0653_/ZN (AOI21D0BWP30P140)
   0.0193    2.6405 v reducedSum_reduced_nextLevel_adder_16/_0794_/ZN (OAI32D0BWP30P140)
   0.0408    2.6814 ^ reducedSum_reduced_nextLevel_adder_16/_0795_/ZN (AOI211D0BWP30P140)
   0.0290    2.7103 v reducedSum_reduced_nextLevel_adder_16/_0796_/ZN (ND3D0BWP30P140)
   0.0332    2.7435 ^ reducedSum_reduced_nextLevel_adder_16/_0799_/ZN (MAOI222D0BWP30P140)
   0.0257    2.7692 ^ reducedSum_reduced_nextLevel_adder_16/_0802_/Z (AO21D0BWP30P140)
   0.0213    2.7905 ^ reducedSum_reduced_nextLevel_adder_16/_0805_/Z (AO21D0BWP30P140)
   0.0219    2.8124 ^ reducedSum_reduced_nextLevel_adder_16/_0809_/Z (AO21D0BWP30P140)
   0.0219    2.8343 v reducedSum_reduced_nextLevel_adder_16/_0813_/ZN (MAOI222D0BWP30P140)
   0.0261    2.8603 v reducedSum_reduced_nextLevel_adder_16/_0817_/ZN (IAO21D0BWP30P140)
   0.0187    2.8790 ^ reducedSum_reduced_nextLevel_adder_16/_0822_/ZN (OAI21D0BWP30P140)
   0.0175    2.8965 v reducedSum_reduced_nextLevel_adder_16/_0826_/ZN (AOI211D0BWP30P140)
   0.0231    2.9196 ^ reducedSum_reduced_nextLevel_adder_16/_0827_/ZN (OAI31D0BWP30P140)
   0.0180    2.9376 v reducedSum_reduced_nextLevel_adder_16/_0828_/ZN (AOI21D0BWP30P140)
   0.0210    2.9586 ^ reducedSum_reduced_nextLevel_adder_16/_0829_/ZN (OAI211D0BWP30P140)
   0.0225    2.9811 v reducedSum_reduced_nextLevel_adder_16/_0835_/ZN (AOI31D0BWP30P140)
   0.0327    3.0137 ^ reducedSum_reduced_nextLevel_adder_16/_0836_/ZN (OAI32D0BWP30P140)
   0.0953    3.1091 v reducedSum_reduced_nextLevel_adder_16/_0874_/ZN (AOI21D0BWP30P140)
   0.0580    3.1671 ^ reducedSum_reduced_nextLevel_adder_16/_0890_/Z (CKMUX2D0BWP30P140)
   0.0476    3.2147 ^ reducedSum_reduced_nextLevel_adder_16/_0899_/Z (AN4D0BWP30P140)
   0.0490    3.2637 v reducedSum_reduced_nextLevel_adder_16/_0910_/ZN (ND4D0BWP30P140)
   0.0341    3.2978 ^ reducedSum_reduced_nextLevel_adder_16/_0926_/ZN (NR4D0BWP30P140)
   0.0456    3.3434 v reducedSum_reduced_nextLevel_adder_16/_0943_/ZN (ND4D0BWP30P140)
   0.0518    3.3952 v reducedSum_reduced_nextLevel_adder_16/_0963_/ZN (IND4D0BWP30P140)
   0.0302    3.4255 ^ reducedSum_reduced_nextLevel_adder_16/_1030_/ZN (NR2D0BWP30P140)
   0.0149    3.4403 v reducedSum_reduced_nextLevel_adder_16/_1045_/ZN (AOI21D0BWP30P140)
   0.0306    3.4709 v reducedSum_reduced_nextLevel_adder_16/_1046_/Z (XOR2UD0BWP30P140)
   0.0353    3.5063 v reducedSum_reduced_nextLevel_adder_24/_0539_/ZN (XNR2UD0BWP30P140)
   0.0320    3.5383 ^ reducedSum_reduced_nextLevel_adder_24/_0540_/ZN (AOI21D0BWP30P140)
   0.0355    3.5738 ^ reducedSum_reduced_nextLevel_adder_24/_0544_/Z (OA211D0BWP30P140)
   0.0195    3.5933 v reducedSum_reduced_nextLevel_adder_24/_0547_/ZN (OAI31D0BWP30P140)
   0.0413    3.6346 ^ reducedSum_reduced_nextLevel_adder_24/_0548_/ZN (MAOI222D0BWP30P140)
   0.0326    3.6673 ^ reducedSum_reduced_nextLevel_adder_24/_0550_/Z (XOR2UD0BWP30P140)
   0.0253    3.6926 ^ reducedSum_reduced_nextLevel_adder_24/_0624_/Z (AO21D0BWP30P140)
   0.2028    3.8954 v reducedSum_reduced_nextLevel_adder_24/_0625_/ZN (OAI21D0BWP30P140)
   0.0807    3.9761 ^ reducedSum_reduced_nextLevel_adder_24/_0629_/ZN (MUX2ND0BWP30P140)
   0.0219    3.9980 v reducedSum_reduced_nextLevel_adder_24/_0650_/ZN (AOI211D0BWP30P140)
   0.0433    4.0414 ^ reducedSum_reduced_nextLevel_adder_24/_0653_/ZN (AOI21D0BWP30P140)
   0.0193    4.0607 v reducedSum_reduced_nextLevel_adder_24/_0794_/ZN (OAI32D0BWP30P140)
   0.0408    4.1015 ^ reducedSum_reduced_nextLevel_adder_24/_0795_/ZN (AOI211D0BWP30P140)
   0.0290    4.1305 v reducedSum_reduced_nextLevel_adder_24/_0796_/ZN (ND3D0BWP30P140)
   0.0332    4.1637 ^ reducedSum_reduced_nextLevel_adder_24/_0799_/ZN (MAOI222D0BWP30P140)
   0.0257    4.1894 ^ reducedSum_reduced_nextLevel_adder_24/_0802_/Z (AO21D0BWP30P140)
   0.0213    4.2107 ^ reducedSum_reduced_nextLevel_adder_24/_0805_/Z (AO21D0BWP30P140)
   0.0219    4.2325 ^ reducedSum_reduced_nextLevel_adder_24/_0809_/Z (AO21D0BWP30P140)
   0.0219    4.2544 v reducedSum_reduced_nextLevel_adder_24/_0813_/ZN (MAOI222D0BWP30P140)
   0.0261    4.2805 v reducedSum_reduced_nextLevel_adder_24/_0817_/ZN (IAO21D0BWP30P140)
   0.0187    4.2992 ^ reducedSum_reduced_nextLevel_adder_24/_0822_/ZN (OAI21D0BWP30P140)
   0.0175    4.3166 v reducedSum_reduced_nextLevel_adder_24/_0826_/ZN (AOI211D0BWP30P140)
   0.0231    4.3398 ^ reducedSum_reduced_nextLevel_adder_24/_0827_/ZN (OAI31D0BWP30P140)
   0.0180    4.3577 v reducedSum_reduced_nextLevel_adder_24/_0828_/ZN (AOI21D0BWP30P140)
   0.0210    4.3787 ^ reducedSum_reduced_nextLevel_adder_24/_0829_/ZN (OAI211D0BWP30P140)
   0.0225    4.4012 v reducedSum_reduced_nextLevel_adder_24/_0835_/ZN (AOI31D0BWP30P140)
   0.0327    4.4339 ^ reducedSum_reduced_nextLevel_adder_24/_0836_/ZN (OAI32D0BWP30P140)
   0.0953    4.5292 v reducedSum_reduced_nextLevel_adder_24/_0874_/ZN (AOI21D0BWP30P140)
   0.0580    4.5873 ^ reducedSum_reduced_nextLevel_adder_24/_0890_/Z (CKMUX2D0BWP30P140)
   0.0476    4.6349 ^ reducedSum_reduced_nextLevel_adder_24/_0899_/Z (AN4D0BWP30P140)
   0.0490    4.6838 v reducedSum_reduced_nextLevel_adder_24/_0910_/ZN (ND4D0BWP30P140)
   0.0341    4.7179 ^ reducedSum_reduced_nextLevel_adder_24/_0926_/ZN (NR4D0BWP30P140)
   0.0456    4.7636 v reducedSum_reduced_nextLevel_adder_24/_0943_/ZN (ND4D0BWP30P140)
   0.0518    4.8154 v reducedSum_reduced_nextLevel_adder_24/_0963_/ZN (IND4D0BWP30P140)
   0.0302    4.8456 ^ reducedSum_reduced_nextLevel_adder_24/_1030_/ZN (NR2D0BWP30P140)
   0.0149    4.8605 v reducedSum_reduced_nextLevel_adder_24/_1045_/ZN (AOI21D0BWP30P140)
   0.0306    4.8911 v reducedSum_reduced_nextLevel_adder_24/_1046_/Z (XOR2UD0BWP30P140)
   0.0353    4.9264 v reducedSum_reduced_nextLevel_adder_28/_0539_/ZN (XNR2UD0BWP30P140)
   0.0320    4.9585 ^ reducedSum_reduced_nextLevel_adder_28/_0540_/ZN (AOI21D0BWP30P140)
   0.0355    4.9939 ^ reducedSum_reduced_nextLevel_adder_28/_0544_/Z (OA211D0BWP30P140)
   0.0195    5.0135 v reducedSum_reduced_nextLevel_adder_28/_0547_/ZN (OAI31D0BWP30P140)
   0.0413    5.0548 ^ reducedSum_reduced_nextLevel_adder_28/_0548_/ZN (MAOI222D0BWP30P140)
   0.0326    5.0874 ^ reducedSum_reduced_nextLevel_adder_28/_0550_/Z (XOR2UD0BWP30P140)
   0.0253    5.1127 ^ reducedSum_reduced_nextLevel_adder_28/_0624_/Z (AO21D0BWP30P140)
   0.2028    5.3156 v reducedSum_reduced_nextLevel_adder_28/_0625_/ZN (OAI21D0BWP30P140)
   0.0807    5.3963 ^ reducedSum_reduced_nextLevel_adder_28/_0629_/ZN (MUX2ND0BWP30P140)
   0.0219    5.4182 v reducedSum_reduced_nextLevel_adder_28/_0650_/ZN (AOI211D0BWP30P140)
   0.0433    5.4615 ^ reducedSum_reduced_nextLevel_adder_28/_0653_/ZN (AOI21D0BWP30P140)
   0.0193    5.4808 v reducedSum_reduced_nextLevel_adder_28/_0794_/ZN (OAI32D0BWP30P140)
   0.0408    5.5217 ^ reducedSum_reduced_nextLevel_adder_28/_0795_/ZN (AOI211D0BWP30P140)
   0.0290    5.5507 v reducedSum_reduced_nextLevel_adder_28/_0796_/ZN (ND3D0BWP30P140)
   0.0332    5.5838 ^ reducedSum_reduced_nextLevel_adder_28/_0799_/ZN (MAOI222D0BWP30P140)
   0.0257    5.6095 ^ reducedSum_reduced_nextLevel_adder_28/_0802_/Z (AO21D0BWP30P140)
   0.0213    5.6308 ^ reducedSum_reduced_nextLevel_adder_28/_0805_/Z (AO21D0BWP30P140)
   0.0219    5.6527 ^ reducedSum_reduced_nextLevel_adder_28/_0809_/Z (AO21D0BWP30P140)
   0.0219    5.6746 v reducedSum_reduced_nextLevel_adder_28/_0813_/ZN (MAOI222D0BWP30P140)
   0.0261    5.7006 v reducedSum_reduced_nextLevel_adder_28/_0817_/ZN (IAO21D0BWP30P140)
   0.0187    5.7193 ^ reducedSum_reduced_nextLevel_adder_28/_0822_/ZN (OAI21D0BWP30P140)
   0.0175    5.7368 v reducedSum_reduced_nextLevel_adder_28/_0826_/ZN (AOI211D0BWP30P140)
   0.0231    5.7599 ^ reducedSum_reduced_nextLevel_adder_28/_0827_/ZN (OAI31D0BWP30P140)
   0.0180    5.7779 v reducedSum_reduced_nextLevel_adder_28/_0828_/ZN (AOI21D0BWP30P140)
   0.0210    5.7989 ^ reducedSum_reduced_nextLevel_adder_28/_0829_/ZN (OAI211D0BWP30P140)
   0.0225    5.8214 v reducedSum_reduced_nextLevel_adder_28/_0835_/ZN (AOI31D0BWP30P140)
   0.0327    5.8541 ^ reducedSum_reduced_nextLevel_adder_28/_0836_/ZN (OAI32D0BWP30P140)
   0.0953    5.9494 v reducedSum_reduced_nextLevel_adder_28/_0874_/ZN (AOI21D0BWP30P140)
   0.0580    6.0074 ^ reducedSum_reduced_nextLevel_adder_28/_0890_/Z (CKMUX2D0BWP30P140)
   0.0476    6.0550 ^ reducedSum_reduced_nextLevel_adder_28/_0899_/Z (AN4D0BWP30P140)
   0.0490    6.1040 v reducedSum_reduced_nextLevel_adder_28/_0910_/ZN (ND4D0BWP30P140)
   0.0341    6.1381 ^ reducedSum_reduced_nextLevel_adder_28/_0926_/ZN (NR4D0BWP30P140)
   0.0456    6.1837 v reducedSum_reduced_nextLevel_adder_28/_0943_/ZN (ND4D0BWP30P140)
   0.0518    6.2355 v reducedSum_reduced_nextLevel_adder_28/_0963_/ZN (IND4D0BWP30P140)
   0.0302    6.2658 ^ reducedSum_reduced_nextLevel_adder_28/_1030_/ZN (NR2D0BWP30P140)
   0.0149    6.2807 v reducedSum_reduced_nextLevel_adder_28/_1045_/ZN (AOI21D0BWP30P140)
   0.0306    6.3113 v reducedSum_reduced_nextLevel_adder_28/_1046_/Z (XOR2UD0BWP30P140)
   0.0353    6.3466 v reducedSum_reduced_nextLevel_adder_30/_0539_/ZN (XNR2UD0BWP30P140)
   0.0320    6.3786 ^ reducedSum_reduced_nextLevel_adder_30/_0540_/ZN (AOI21D0BWP30P140)
   0.0355    6.4141 ^ reducedSum_reduced_nextLevel_adder_30/_0544_/Z (OA211D0BWP30P140)
   0.0195    6.4336 v reducedSum_reduced_nextLevel_adder_30/_0547_/ZN (OAI31D0BWP30P140)
   0.0413    6.4750 ^ reducedSum_reduced_nextLevel_adder_30/_0548_/ZN (MAOI222D0BWP30P140)
   0.0326    6.5076 ^ reducedSum_reduced_nextLevel_adder_30/_0550_/Z (XOR2UD0BWP30P140)
   0.0253    6.5329 ^ reducedSum_reduced_nextLevel_adder_30/_0624_/Z (AO21D0BWP30P140)
   0.2028    6.7357 v reducedSum_reduced_nextLevel_adder_30/_0625_/ZN (OAI21D0BWP30P140)
   0.0807    6.8164 ^ reducedSum_reduced_nextLevel_adder_30/_0629_/ZN (MUX2ND0BWP30P140)
   0.0219    6.8383 v reducedSum_reduced_nextLevel_adder_30/_0650_/ZN (AOI211D0BWP30P140)
   0.0433    6.8817 ^ reducedSum_reduced_nextLevel_adder_30/_0653_/ZN (AOI21D0BWP30P140)
   0.0193    6.9010 v reducedSum_reduced_nextLevel_adder_30/_0794_/ZN (OAI32D0BWP30P140)
   0.0408    6.9419 ^ reducedSum_reduced_nextLevel_adder_30/_0795_/ZN (AOI211D0BWP30P140)
   0.0290    6.9708 v reducedSum_reduced_nextLevel_adder_30/_0796_/ZN (ND3D0BWP30P140)
   0.0332    7.0040 ^ reducedSum_reduced_nextLevel_adder_30/_0799_/ZN (MAOI222D0BWP30P140)
   0.0257    7.0297 ^ reducedSum_reduced_nextLevel_adder_30/_0802_/Z (AO21D0BWP30P140)
   0.0213    7.0510 ^ reducedSum_reduced_nextLevel_adder_30/_0805_/Z (AO21D0BWP30P140)
   0.0219    7.0729 ^ reducedSum_reduced_nextLevel_adder_30/_0809_/Z (AO21D0BWP30P140)
   0.0219    7.0947 v reducedSum_reduced_nextLevel_adder_30/_0813_/ZN (MAOI222D0BWP30P140)
   0.0261    7.1208 v reducedSum_reduced_nextLevel_adder_30/_0817_/ZN (IAO21D0BWP30P140)
   0.0187    7.1395 ^ reducedSum_reduced_nextLevel_adder_30/_0822_/ZN (OAI21D0BWP30P140)
   0.0175    7.1570 v reducedSum_reduced_nextLevel_adder_30/_0826_/ZN (AOI211D0BWP30P140)
   0.0231    7.1801 ^ reducedSum_reduced_nextLevel_adder_30/_0827_/ZN (OAI31D0BWP30P140)
   0.0180    7.1981 v reducedSum_reduced_nextLevel_adder_30/_0828_/ZN (AOI21D0BWP30P140)
   0.0210    7.2190 ^ reducedSum_reduced_nextLevel_adder_30/_0829_/ZN (OAI211D0BWP30P140)
   0.0225    7.2416 v reducedSum_reduced_nextLevel_adder_30/_0835_/ZN (AOI31D0BWP30P140)
   0.0327    7.2742 ^ reducedSum_reduced_nextLevel_adder_30/_0836_/ZN (OAI32D0BWP30P140)
   0.0953    7.3696 v reducedSum_reduced_nextLevel_adder_30/_0874_/ZN (AOI21D0BWP30P140)
   0.0580    7.4276 ^ reducedSum_reduced_nextLevel_adder_30/_0890_/Z (CKMUX2D0BWP30P140)
   0.0476    7.4752 ^ reducedSum_reduced_nextLevel_adder_30/_0899_/Z (AN4D0BWP30P140)
   0.0490    7.5242 v reducedSum_reduced_nextLevel_adder_30/_0910_/ZN (ND4D0BWP30P140)
   0.0341    7.5583 ^ reducedSum_reduced_nextLevel_adder_30/_0926_/ZN (NR4D0BWP30P140)
   0.0456    7.6039 v reducedSum_reduced_nextLevel_adder_30/_0943_/ZN (ND4D0BWP30P140)
   0.0358    7.6397 v reducedSum_reduced_nextLevel_adder_30/_0949_/ZN (IND2D0BWP30P140)
   0.0261    7.6657 v reducedSum_reduced_nextLevel_adder_30/_0956_/ZN (IND2D0BWP30P140)
   0.0251    7.6908 v reducedSum_reduced_nextLevel_adder_30/_0964_/ZN (XNR2UD0BWP30P140)
   0.0193    7.7101 ^ reducedSum_conv/_115_/ZN (NR2D0BWP30P140)
   0.0449    7.7550 v reducedSum_conv/_122_/ZN (OAI31D0BWP30P140)
   0.0659    7.8209 ^ reducedSum_conv/_123_/ZN (CKND0BWP30P140)
   0.0407    7.8616 v reducedSum_conv/_137_/ZN (MAOI222D0BWP30P140)
   0.0272    7.8888 v reducedSum_conv/_148_/ZN (XNR2UD0BWP30P140)
   0.0233    7.9121 v reducedSum_conv/_150_/Z (AN2D0BWP30P140)
   0.0246    7.9367 ^ reducedSum_conv/_184_/ZN (NR3D0BWP30P140)
   0.0317    7.9685 v accAdder/_0901_/ZN (MAOI222D0BWP30P140)
   0.0355    8.0039 ^ accAdder/_0902_/ZN (MAOI222D0BWP30P140)
   0.0302    8.0341 v accAdder/_0903_/ZN (MAOI222D0BWP30P140)
   0.0355    8.0696 ^ accAdder/_0966_/ZN (MAOI222D0BWP30P140)
   0.0302    8.0998 v accAdder/_0968_/ZN (MAOI222D0BWP30P140)
   0.0262    8.1260 v accAdder/_0970_/ZN (XNR2UD0BWP30P140)
   0.0212    8.1473 ^ accAdder/_0971_/ZN (NR2D0BWP30P140)
   0.0257    8.1730 ^ accAdder/_0972_/Z (AN2D0BWP30P140)
   0.4170    8.5899 v accAdder/_0975_/ZN (AOI31D0BWP30P140)
   0.4192    9.0092 ^ accAdder/_0991_/ZN (AOI22D0BWP30P140)
   0.0318    9.0410 v accAdder/_1063_/ZN (CKND2D0BWP30P140)
   0.0370    9.0780 ^ accAdder/_1188_/ZN (OAI32D0BWP30P140)
   0.0151    9.0931 v accAdder/_1189_/ZN (AOI21D0BWP30P140)
   0.0396    9.1327 ^ accAdder/_1191_/ZN (OAI221D0BWP30P140)
   0.0211    9.1538 v accAdder/_1196_/ZN (OAI31D0BWP30P140)
   0.0222    9.1760 ^ accAdder/_1198_/ZN (AOI21D0BWP30P140)
   0.0256    9.2016 v accAdder/_1200_/ZN (MAOI222D0BWP30P140)
   0.0396    9.2412 ^ accAdder/_1202_/ZN (MAOI222D0BWP30P140)
   0.0257    9.2669 v accAdder/_1204_/ZN (MAOI222D0BWP30P140)
   0.0277    9.2947 ^ accAdder/_1206_/ZN (AOI21D0BWP30P140)
   0.0253    9.3200 ^ accAdder/_1209_/ZN (IAO21D0BWP30P140)
   0.0247    9.3446 v accAdder/_1211_/ZN (MAOI222D0BWP30P140)
   0.0395    9.3841 ^ accAdder/_1213_/ZN (MAOI222D0BWP30P140)
   0.0265    9.4106 v accAdder/_1221_/ZN (MAOI222D0BWP30P140)
   0.0354    9.4460 v accAdder/_1232_/Z (AO21D0BWP30P140)
   0.0261    9.4721 ^ accAdder/_1242_/ZN (MAOI222D0BWP30P140)
   0.0265    9.4986 v accAdder/_1255_/ZN (MAOI222D0BWP30P140)
   0.0315    9.5301 v accAdder/_1259_/Z (AO21D0BWP30P140)
   0.0182    9.5483 ^ accAdder/_1276_/ZN (AOI21D0BWP30P140)
   0.0258    9.5741 v accAdder/_1280_/ZN (MAOI222D0BWP30P140)
   0.0391    9.6132 ^ accAdder/_1296_/ZN (MAOI222D0BWP30P140)
   0.0262    9.6394 v accAdder/_1300_/ZN (MAOI222D0BWP30P140)
   0.0304    9.6698 ^ accAdder/_1318_/ZN (AOI21D0BWP30P140)
   0.0249    9.6947 v accAdder/_1322_/ZN (MAOI222D0BWP30P140)
   0.0364    9.7311 v accAdder/_1345_/Z (AO21D0BWP30P140)
   0.0156    9.7468 ^ accAdder/_1353_/ZN (MUX2ND0BWP30P140)
   0.0347    9.7815 ^ accAdder/_1354_/ZN (XNR2UD0BWP30P140)
   0.0288    9.8103 ^ accAdder/_1453_/ZN (MAOI22D0BWP30P140)
   0.1281    9.9383 v accAdder/_1456_/ZN (OAI211D0BWP30P140)
   0.0886   10.0270 ^ accAdder/_1531_/Z (MUX4D0BWP30P140)
   0.0194   10.0464 v accAdder/_1534_/ZN (MUX3ND0BWP30P140)
   0.0405   10.0869 ^ accAdder/_1568_/ZN (NR2D0BWP30P140)
   0.0507   10.1376 ^ accAdder/_1577_/ZN (INR4D0BWP30P140)
   0.0510   10.1886 ^ accAdder/_1582_/Z (AN4D0BWP30P140)
   0.0395   10.2281 ^ accAdder/_1590_/Z (AN4D0BWP30P140)
   0.0406   10.2687 ^ accAdder/_1601_/Z (AN4D0BWP30P140)
   0.0349   10.3035 ^ accAdder/_1603_/Z (AN3D0BWP30P140)
   0.0271   10.3307 v accAdder/_1605_/ZN (IND3D0BWP30P140)
   0.0379   10.3686 v accAdder/_1606_/Z (OR3D0BWP30P140)
   0.0368   10.4055 ^ accAdder/_1608_/ZN (INR3D0BWP30P140)
   0.0364   10.4419 v accAdder/_1611_/ZN (MAOI222D0BWP30P140)
   0.0357   10.4775 ^ accAdder/_1616_/ZN (NR4D0BWP30P140)
   0.0219   10.4994 v accAdder/_1619_/ZN (OAI31D0BWP30P140)
   0.0327   10.5321 v accAdder/_1621_/Z (AO21D0BWP30P140)
   0.0312   10.5633 ^ accAdder/_1623_/ZN (AOI21D0BWP30P140)
   0.0237   10.5870 v accAdder/_1626_/ZN (OAI21D0BWP30P140)
   0.0215   10.6085 v accAdder/_1658_/Z (AN3D0BWP30P140)
   0.0613   10.6697 v accAdder/_1659_/Z (OR3D0BWP30P140)
   0.0420   10.7117 ^ accAdder/_1703_/ZN (AOI211D0BWP30P140)
   0.0261   10.7378 ^ _060_/Z (AO22D0BWP30P140)
   0.0000   10.7378 ^ _070_/D (DFCNQD1BWP30P140)
            10.7378   data arrival time

  20.0000   20.0000   clock CORE_CLK (rise edge)
   0.0000   20.0000   clock network delay (ideal)
  -0.0500   19.9500   clock uncertainty
   0.0000   19.9500   clock reconvergence pessimism
            19.9500 ^ _070_/CP (DFCNQD1BWP30P140)
  -0.0174   19.9326   library setup time
            19.9326   data required time
-------------------------------------------------------------
            19.9326   data required time
           -10.7378   data arrival time
-------------------------------------------------------------
             9.1948   slack (MET)


