Startpoint: reset (input port clocked by CORE_CLK)
Endpoint: _068_ (recovery check against rising-edge clock CORE_CLK)
Path Group: asynchronous
Path Type: max

    Delay      Time   Description
-------------------------------------------------------------
   0.0000    0.0000   clock CORE_CLK (rise edge)
   0.0000    0.0000   clock network delay (ideal)
   0.0000    0.0000 ^ input external delay
   0.0000    0.0000 ^ reset (in)
   0.0000    0.0000 ^ _068_/CDN (DFCNQD1BWP30P140)
             0.0000   data arrival time

  20.0000   20.0000   clock CORE_CLK (rise edge)
   0.0000   20.0000   clock network delay (ideal)
  -0.0500   19.9500   clock uncertainty
   0.0000   19.9500   clock reconvergence pessimism
            19.9500 ^ _068_/CP (DFCNQD1BWP30P140)
   0.0258   19.9758   library recovery time
            19.9758   data required time
-------------------------------------------------------------
            19.9758   data required time
            -0.0000   data arrival time
-------------------------------------------------------------
            19.9758   slack (MET)


Startpoint: io_share_exp_A_i[5] (input port clocked by CORE_CLK)
Endpoint: _070_ (rising edge-triggered flip-flop clocked by CORE_CLK)
Path Group: CORE_CLK
Path Type: max

    Delay      Time   Description
-------------------------------------------------------------
   0.0000    0.0000   clock CORE_CLK (rise edge)
   0.0000    0.0000   clock network delay (ideal)
   0.0000    0.0000 v input external delay
   0.0000    0.0000 v io_share_exp_A_i[5] (in)
   0.0356    0.0356 v reducedSum_sa_1/_272_/Z (OR4D0BWP30P140)
   0.0247    0.0603 ^ reducedSum_sa_1/_274_/ZN (OAI21D0BWP30P140)
   0.0434    0.1037 v reducedSum_sa_1/_280_/Z (XOR3UD0BWP30P140)
   0.0285    0.1323 ^ reducedSum_sa_1/_281_/ZN (NR2D0BWP30P140)
   0.0268    0.1591 v reducedSum_sa_1/_307_/ZN (MAOI222D0BWP30P140)
   0.0533    0.2124 v reducedSum_sa_1/_308_/Z (XOR2UD0BWP30P140)
   0.0301    0.2425 ^ reducedSum_sa_1/_373_/ZN (CKND2D0BWP30P140)
   0.0597    0.3023 ^ reducedSum_sa_1/_409_/ZN (XNR3UD0BWP30P140)
   0.0644    0.3666 ^ reducedSum_sa_1/_429_/Z (XOR4D0BWP30P140)
   0.0335    0.4001 ^ reducedSum_sa_1/_437_/ZN (XNR2UD0BWP30P140)
   0.0281    0.4282 v reducedSum_sa_1/_440_/ZN (MAOI222D0BWP30P140)
   0.0376    0.4658 ^ reducedSum_sa_1/_441_/ZN (MAOI222D0BWP30P140)
   0.0242    0.4900 v reducedSum_sa_1/_443_/ZN (OAI21D0BWP30P140)
   0.0277    0.5177 ^ reducedSum_sa_1/_445_/ZN (AOI21D0BWP30P140)
   0.0226    0.5402 v reducedSum_sa_1/_447_/ZN (OAI21D0BWP30P140)
   0.0286    0.5689 v reducedSum_sa_1/_450_/ZN (IOA21D0BWP30P140)
   0.0278    0.5967 v reducedSum_sa_1/_453_/ZN (IOA21D0BWP30P140)
   0.0339    0.6306 ^ reducedSum_sa_1/_455_/ZN (MAOI222D0BWP30P140)
   0.0357    0.6663 v reducedSum_sa_1/_462_/ZN (OAI211D0BWP30P140)
   0.0258    0.6922 ^ reducedSum_reduced_nextLevel_adder/_0613_/ZN (MAOI22D0BWP30P140)
   0.0219    0.7141 v reducedSum_reduced_nextLevel_adder/_0614_/ZN (AOI211D0BWP30P140)
   0.2215    0.9355 ^ reducedSum_reduced_nextLevel_adder/_0616_/ZN (NR2D0BWP30P140)
   0.0407    0.9762 ^ reducedSum_reduced_nextLevel_adder/_0620_/ZN (MUX2ND0BWP30P140)
   0.0252    1.0014 v reducedSum_reduced_nextLevel_adder/_0691_/ZN (MUX2ND0BWP30P140)
   0.0293    1.0307 ^ reducedSum_reduced_nextLevel_adder/_0693_/ZN (AOI33D0BWP30P140)
   0.0222    1.0529 v reducedSum_reduced_nextLevel_adder/_0694_/ZN (OAI21D0BWP30P140)
   0.0485    1.1014 v reducedSum_reduced_nextLevel_adder/_0708_/ZN (IND4D0BWP30P140)
   0.0355    1.1369 ^ reducedSum_reduced_nextLevel_adder/_0772_/ZN (OAI31D0BWP30P140)
   0.0251    1.1620 v reducedSum_reduced_nextLevel_adder/_0773_/ZN (MAOI222D0BWP30P140)
   0.0260    1.1880 v reducedSum_reduced_nextLevel_adder/_0777_/ZN (IAO21D0BWP30P140)
   0.0171    1.2051 ^ reducedSum_reduced_nextLevel_adder/_0781_/ZN (OAI21D0BWP30P140)
   0.0233    1.2284 v reducedSum_reduced_nextLevel_adder/_0785_/ZN (MAOI222D0BWP30P140)
   0.0268    1.2553 v reducedSum_reduced_nextLevel_adder/_0791_/ZN (IAO21D0BWP30P140)
   0.0261    1.2814 ^ reducedSum_reduced_nextLevel_adder/_0797_/ZN (MAOI222D0BWP30P140)
   0.0274    1.3089 v reducedSum_reduced_nextLevel_adder/_0802_/ZN (MAOI222D0BWP30P140)
   0.0314    1.3402 ^ reducedSum_reduced_nextLevel_adder/_0807_/ZN (MAOI222D0BWP30P140)
   0.0197    1.3599 v reducedSum_reduced_nextLevel_adder/_0810_/ZN (AOI21D0BWP30P140)
   0.0321    1.3920 ^ reducedSum_reduced_nextLevel_adder/_0814_/ZN (MAOI222D0BWP30P140)
   0.0184    1.4104 v reducedSum_reduced_nextLevel_adder/_0823_/ZN (AOI21D0BWP30P140)
   0.0247    1.4351 ^ reducedSum_reduced_nextLevel_adder/_0825_/ZN (OAI31D0BWP30P140)
   0.1352    1.5704 v reducedSum_reduced_nextLevel_adder/_0850_/ZN (OAI211D0BWP30P140)
   0.0744    1.6447 ^ reducedSum_reduced_nextLevel_adder/_0852_/ZN (MUX2ND0BWP30P140)
   0.0543    1.6991 v reducedSum_reduced_nextLevel_adder/_0888_/ZN (ND4D0BWP30P140)
   0.0339    1.7330 ^ reducedSum_reduced_nextLevel_adder/_0905_/ZN (NR4D0BWP30P140)
   0.0462    1.7792 v reducedSum_reduced_nextLevel_adder/_0919_/ZN (ND4D0BWP30P140)
   0.0409    1.8201 ^ reducedSum_reduced_nextLevel_adder/_0933_/ZN (NR4D0BWP30P140)
   0.0481    1.8682 v reducedSum_reduced_nextLevel_adder/_0982_/ZN (IND4D0BWP30P140)
   0.0323    1.9005 v reducedSum_reduced_nextLevel_adder/_1001_/Z (OA21D0BWP30P140)
   0.0282    1.9287 v reducedSum_reduced_nextLevel_adder/_1002_/Z (XOR2UD0BWP30P140)
   0.0370    1.9657 ^ reducedSum_reduced_nextLevel_adder_16/_0512_/ZN (XNR2UD0BWP30P140)
   0.0242    1.9899 v reducedSum_reduced_nextLevel_adder_16/_0513_/ZN (AOI21D0BWP30P140)
   0.0296    2.0194 v reducedSum_reduced_nextLevel_adder_16/_0535_/Z (OA211D0BWP30P140)
   0.0335    2.0529 ^ reducedSum_reduced_nextLevel_adder_16/_0537_/ZN (OAI31D0BWP30P140)
   0.0265    2.0795 v reducedSum_reduced_nextLevel_adder_16/_0540_/ZN (OAI211D0BWP30P140)
   0.0265    2.1059 v reducedSum_reduced_nextLevel_adder_16/_0547_/Z (AN3D0BWP30P140)
   0.0346    2.1405 ^ reducedSum_reduced_nextLevel_adder_16/_0556_/ZN (OAI211D0BWP30P140)
   0.0210    2.1615 v reducedSum_reduced_nextLevel_adder_16/_0614_/ZN (AOI211D0BWP30P140)
   0.2215    2.3830 ^ reducedSum_reduced_nextLevel_adder_16/_0616_/ZN (NR2D0BWP30P140)
   0.0407    2.4236 ^ reducedSum_reduced_nextLevel_adder_16/_0620_/ZN (MUX2ND0BWP30P140)
   0.0252    2.4488 v reducedSum_reduced_nextLevel_adder_16/_0691_/ZN (MUX2ND0BWP30P140)
   0.0293    2.4781 ^ reducedSum_reduced_nextLevel_adder_16/_0693_/ZN (AOI33D0BWP30P140)
   0.0222    2.5003 v reducedSum_reduced_nextLevel_adder_16/_0694_/ZN (OAI21D0BWP30P140)
   0.0485    2.5488 v reducedSum_reduced_nextLevel_adder_16/_0708_/ZN (IND4D0BWP30P140)
   0.0355    2.5843 ^ reducedSum_reduced_nextLevel_adder_16/_0772_/ZN (OAI31D0BWP30P140)
   0.0251    2.6094 v reducedSum_reduced_nextLevel_adder_16/_0773_/ZN (MAOI222D0BWP30P140)
   0.0260    2.6354 v reducedSum_reduced_nextLevel_adder_16/_0777_/ZN (IAO21D0BWP30P140)
   0.0171    2.6525 ^ reducedSum_reduced_nextLevel_adder_16/_0781_/ZN (OAI21D0BWP30P140)
   0.0233    2.6759 v reducedSum_reduced_nextLevel_adder_16/_0785_/ZN (MAOI222D0BWP30P140)
   0.0268    2.7027 v reducedSum_reduced_nextLevel_adder_16/_0791_/ZN (IAO21D0BWP30P140)
   0.0261    2.7288 ^ reducedSum_reduced_nextLevel_adder_16/_0797_/ZN (MAOI222D0BWP30P140)
   0.0274    2.7563 v reducedSum_reduced_nextLevel_adder_16/_0802_/ZN (MAOI222D0BWP30P140)
   0.0314    2.7877 ^ reducedSum_reduced_nextLevel_adder_16/_0807_/ZN (MAOI222D0BWP30P140)
   0.0197    2.8073 v reducedSum_reduced_nextLevel_adder_16/_0810_/ZN (AOI21D0BWP30P140)
   0.0321    2.8394 ^ reducedSum_reduced_nextLevel_adder_16/_0814_/ZN (MAOI222D0BWP30P140)
   0.0184    2.8578 v reducedSum_reduced_nextLevel_adder_16/_0823_/ZN (AOI21D0BWP30P140)
   0.0247    2.8825 ^ reducedSum_reduced_nextLevel_adder_16/_0825_/ZN (OAI31D0BWP30P140)
   0.1352    3.0178 v reducedSum_reduced_nextLevel_adder_16/_0850_/ZN (OAI211D0BWP30P140)
   0.0744    3.0921 ^ reducedSum_reduced_nextLevel_adder_16/_0852_/ZN (MUX2ND0BWP30P140)
   0.0543    3.1465 v reducedSum_reduced_nextLevel_adder_16/_0888_/ZN (ND4D0BWP30P140)
   0.0339    3.1804 ^ reducedSum_reduced_nextLevel_adder_16/_0905_/ZN (NR4D0BWP30P140)
   0.0462    3.2266 v reducedSum_reduced_nextLevel_adder_16/_0919_/ZN (ND4D0BWP30P140)
   0.0409    3.2675 ^ reducedSum_reduced_nextLevel_adder_16/_0933_/ZN (NR4D0BWP30P140)
   0.0481    3.3156 v reducedSum_reduced_nextLevel_adder_16/_0982_/ZN (IND4D0BWP30P140)
   0.0323    3.3479 v reducedSum_reduced_nextLevel_adder_16/_1001_/Z (OA21D0BWP30P140)
   0.0282    3.3761 v reducedSum_reduced_nextLevel_adder_16/_1002_/Z (XOR2UD0BWP30P140)
   0.0370    3.4131 ^ reducedSum_reduced_nextLevel_adder_24/_0512_/ZN (XNR2UD0BWP30P140)
   0.0242    3.4373 v reducedSum_reduced_nextLevel_adder_24/_0513_/ZN (AOI21D0BWP30P140)
   0.0296    3.4668 v reducedSum_reduced_nextLevel_adder_24/_0535_/Z (OA211D0BWP30P140)
   0.0335    3.5003 ^ reducedSum_reduced_nextLevel_adder_24/_0537_/ZN (OAI31D0BWP30P140)
   0.0265    3.5269 v reducedSum_reduced_nextLevel_adder_24/_0540_/ZN (OAI211D0BWP30P140)
   0.0265    3.5534 v reducedSum_reduced_nextLevel_adder_24/_0547_/Z (AN3D0BWP30P140)
   0.0346    3.5879 ^ reducedSum_reduced_nextLevel_adder_24/_0556_/ZN (OAI211D0BWP30P140)
   0.0210    3.6089 v reducedSum_reduced_nextLevel_adder_24/_0614_/ZN (AOI211D0BWP30P140)
   0.2215    3.8304 ^ reducedSum_reduced_nextLevel_adder_24/_0616_/ZN (NR2D0BWP30P140)
   0.0407    3.8711 ^ reducedSum_reduced_nextLevel_adder_24/_0620_/ZN (MUX2ND0BWP30P140)
   0.0252    3.8962 v reducedSum_reduced_nextLevel_adder_24/_0691_/ZN (MUX2ND0BWP30P140)
   0.0293    3.9255 ^ reducedSum_reduced_nextLevel_adder_24/_0693_/ZN (AOI33D0BWP30P140)
   0.0222    3.9477 v reducedSum_reduced_nextLevel_adder_24/_0694_/ZN (OAI21D0BWP30P140)
   0.0485    3.9962 v reducedSum_reduced_nextLevel_adder_24/_0708_/ZN (IND4D0BWP30P140)
   0.0355    4.0318 ^ reducedSum_reduced_nextLevel_adder_24/_0772_/ZN (OAI31D0BWP30P140)
   0.0251    4.0568 v reducedSum_reduced_nextLevel_adder_24/_0773_/ZN (MAOI222D0BWP30P140)
   0.0260    4.0829 v reducedSum_reduced_nextLevel_adder_24/_0777_/ZN (IAO21D0BWP30P140)
   0.0171    4.0999 ^ reducedSum_reduced_nextLevel_adder_24/_0781_/ZN (OAI21D0BWP30P140)
   0.0233    4.1233 v reducedSum_reduced_nextLevel_adder_24/_0785_/ZN (MAOI222D0BWP30P140)
   0.0268    4.1501 v reducedSum_reduced_nextLevel_adder_24/_0791_/ZN (IAO21D0BWP30P140)
   0.0261    4.1762 ^ reducedSum_reduced_nextLevel_adder_24/_0797_/ZN (MAOI222D0BWP30P140)
   0.0274    4.2037 v reducedSum_reduced_nextLevel_adder_24/_0802_/ZN (MAOI222D0BWP30P140)
   0.0314    4.2351 ^ reducedSum_reduced_nextLevel_adder_24/_0807_/ZN (MAOI222D0BWP30P140)
   0.0197    4.2547 v reducedSum_reduced_nextLevel_adder_24/_0810_/ZN (AOI21D0BWP30P140)
   0.0321    4.2868 ^ reducedSum_reduced_nextLevel_adder_24/_0814_/ZN (MAOI222D0BWP30P140)
   0.0184    4.3052 v reducedSum_reduced_nextLevel_adder_24/_0823_/ZN (AOI21D0BWP30P140)
   0.0247    4.3299 ^ reducedSum_reduced_nextLevel_adder_24/_0825_/ZN (OAI31D0BWP30P140)
   0.1352    4.4652 v reducedSum_reduced_nextLevel_adder_24/_0850_/ZN (OAI211D0BWP30P140)
   0.0744    4.5396 ^ reducedSum_reduced_nextLevel_adder_24/_0852_/ZN (MUX2ND0BWP30P140)
   0.0543    4.5939 v reducedSum_reduced_nextLevel_adder_24/_0888_/ZN (ND4D0BWP30P140)
   0.0339    4.6278 ^ reducedSum_reduced_nextLevel_adder_24/_0905_/ZN (NR4D0BWP30P140)
   0.0462    4.6740 v reducedSum_reduced_nextLevel_adder_24/_0919_/ZN (ND4D0BWP30P140)
   0.0409    4.7149 ^ reducedSum_reduced_nextLevel_adder_24/_0933_/ZN (NR4D0BWP30P140)
   0.0481    4.7630 v reducedSum_reduced_nextLevel_adder_24/_0982_/ZN (IND4D0BWP30P140)
   0.0323    4.7953 v reducedSum_reduced_nextLevel_adder_24/_1001_/Z (OA21D0BWP30P140)
   0.0282    4.8235 v reducedSum_reduced_nextLevel_adder_24/_1002_/Z (XOR2UD0BWP30P140)
   0.0370    4.8605 ^ reducedSum_reduced_nextLevel_adder_28/_0512_/ZN (XNR2UD0BWP30P140)
   0.0242    4.8847 v reducedSum_reduced_nextLevel_adder_28/_0513_/ZN (AOI21D0BWP30P140)
   0.0296    4.9142 v reducedSum_reduced_nextLevel_adder_28/_0535_/Z (OA211D0BWP30P140)
   0.0335    4.9477 ^ reducedSum_reduced_nextLevel_adder_28/_0537_/ZN (OAI31D0BWP30P140)
   0.0265    4.9743 v reducedSum_reduced_nextLevel_adder_28/_0540_/ZN (OAI211D0BWP30P140)
   0.0265    5.0008 v reducedSum_reduced_nextLevel_adder_28/_0547_/Z (AN3D0BWP30P140)
   0.0346    5.0353 ^ reducedSum_reduced_nextLevel_adder_28/_0556_/ZN (OAI211D0BWP30P140)
   0.0210    5.0563 v reducedSum_reduced_nextLevel_adder_28/_0614_/ZN (AOI211D0BWP30P140)
   0.2215    5.2778 ^ reducedSum_reduced_nextLevel_adder_28/_0616_/ZN (NR2D0BWP30P140)
   0.0407    5.3185 ^ reducedSum_reduced_nextLevel_adder_28/_0620_/ZN (MUX2ND0BWP30P140)
   0.0252    5.3436 v reducedSum_reduced_nextLevel_adder_28/_0691_/ZN (MUX2ND0BWP30P140)
   0.0293    5.3729 ^ reducedSum_reduced_nextLevel_adder_28/_0693_/ZN (AOI33D0BWP30P140)
   0.0222    5.3951 v reducedSum_reduced_nextLevel_adder_28/_0694_/ZN (OAI21D0BWP30P140)
   0.0485    5.4436 v reducedSum_reduced_nextLevel_adder_28/_0708_/ZN (IND4D0BWP30P140)
   0.0355    5.4792 ^ reducedSum_reduced_nextLevel_adder_28/_0772_/ZN (OAI31D0BWP30P140)
   0.0251    5.5043 v reducedSum_reduced_nextLevel_adder_28/_0773_/ZN (MAOI222D0BWP30P140)
   0.0260    5.5303 v reducedSum_reduced_nextLevel_adder_28/_0777_/ZN (IAO21D0BWP30P140)
   0.0171    5.5474 ^ reducedSum_reduced_nextLevel_adder_28/_0781_/ZN (OAI21D0BWP30P140)
   0.0233    5.5707 v reducedSum_reduced_nextLevel_adder_28/_0785_/ZN (MAOI222D0BWP30P140)
   0.0268    5.5975 v reducedSum_reduced_nextLevel_adder_28/_0791_/ZN (IAO21D0BWP30P140)
   0.0261    5.6237 ^ reducedSum_reduced_nextLevel_adder_28/_0797_/ZN (MAOI222D0BWP30P140)
   0.0274    5.6511 v reducedSum_reduced_nextLevel_adder_28/_0802_/ZN (MAOI222D0BWP30P140)
   0.0314    5.6825 ^ reducedSum_reduced_nextLevel_adder_28/_0807_/ZN (MAOI222D0BWP30P140)
   0.0197    5.7022 v reducedSum_reduced_nextLevel_adder_28/_0810_/ZN (AOI21D0BWP30P140)
   0.0321    5.7342 ^ reducedSum_reduced_nextLevel_adder_28/_0814_/ZN (MAOI222D0BWP30P140)
   0.0184    5.7527 v reducedSum_reduced_nextLevel_adder_28/_0823_/ZN (AOI21D0BWP30P140)
   0.0247    5.7774 ^ reducedSum_reduced_nextLevel_adder_28/_0825_/ZN (OAI31D0BWP30P140)
   0.1352    5.9126 v reducedSum_reduced_nextLevel_adder_28/_0850_/ZN (OAI211D0BWP30P140)
   0.0744    5.9870 ^ reducedSum_reduced_nextLevel_adder_28/_0852_/ZN (MUX2ND0BWP30P140)
   0.0543    6.0413 v reducedSum_reduced_nextLevel_adder_28/_0888_/ZN (ND4D0BWP30P140)
   0.0339    6.0752 ^ reducedSum_reduced_nextLevel_adder_28/_0905_/ZN (NR4D0BWP30P140)
   0.0462    6.1214 v reducedSum_reduced_nextLevel_adder_28/_0919_/ZN (ND4D0BWP30P140)
   0.0409    6.1623 ^ reducedSum_reduced_nextLevel_adder_28/_0933_/ZN (NR4D0BWP30P140)
   0.0481    6.2104 v reducedSum_reduced_nextLevel_adder_28/_0982_/ZN (IND4D0BWP30P140)
   0.0323    6.2427 v reducedSum_reduced_nextLevel_adder_28/_1001_/Z (OA21D0BWP30P140)
   0.0282    6.2709 v reducedSum_reduced_nextLevel_adder_28/_1002_/Z (XOR2UD0BWP30P140)
   0.0370    6.3079 ^ reducedSum_reduced_nextLevel_adder_30/_0512_/ZN (XNR2UD0BWP30P140)
   0.0242    6.3321 v reducedSum_reduced_nextLevel_adder_30/_0513_/ZN (AOI21D0BWP30P140)
   0.0296    6.3617 v reducedSum_reduced_nextLevel_adder_30/_0535_/Z (OA211D0BWP30P140)
   0.0335    6.3952 ^ reducedSum_reduced_nextLevel_adder_30/_0537_/ZN (OAI31D0BWP30P140)
   0.0265    6.4217 v reducedSum_reduced_nextLevel_adder_30/_0540_/ZN (OAI211D0BWP30P140)
   0.0265    6.4482 v reducedSum_reduced_nextLevel_adder_30/_0547_/Z (AN3D0BWP30P140)
   0.0346    6.4827 ^ reducedSum_reduced_nextLevel_adder_30/_0556_/ZN (OAI211D0BWP30P140)
   0.0210    6.5037 v reducedSum_reduced_nextLevel_adder_30/_0614_/ZN (AOI211D0BWP30P140)
   0.2215    6.7252 ^ reducedSum_reduced_nextLevel_adder_30/_0616_/ZN (NR2D0BWP30P140)
   0.0407    6.7659 ^ reducedSum_reduced_nextLevel_adder_30/_0620_/ZN (MUX2ND0BWP30P140)
   0.0252    6.7910 v reducedSum_reduced_nextLevel_adder_30/_0691_/ZN (MUX2ND0BWP30P140)
   0.0293    6.8203 ^ reducedSum_reduced_nextLevel_adder_30/_0693_/ZN (AOI33D0BWP30P140)
   0.0222    6.8425 v reducedSum_reduced_nextLevel_adder_30/_0694_/ZN (OAI21D0BWP30P140)
   0.0485    6.8911 v reducedSum_reduced_nextLevel_adder_30/_0708_/ZN (IND4D0BWP30P140)
   0.0355    6.9266 ^ reducedSum_reduced_nextLevel_adder_30/_0772_/ZN (OAI31D0BWP30P140)
   0.0251    6.9517 v reducedSum_reduced_nextLevel_adder_30/_0773_/ZN (MAOI222D0BWP30P140)
   0.0260    6.9777 v reducedSum_reduced_nextLevel_adder_30/_0777_/ZN (IAO21D0BWP30P140)
   0.0171    6.9948 ^ reducedSum_reduced_nextLevel_adder_30/_0781_/ZN (OAI21D0BWP30P140)
   0.0233    7.0181 v reducedSum_reduced_nextLevel_adder_30/_0785_/ZN (MAOI222D0BWP30P140)
   0.0268    7.0449 v reducedSum_reduced_nextLevel_adder_30/_0791_/ZN (IAO21D0BWP30P140)
   0.0261    7.0711 ^ reducedSum_reduced_nextLevel_adder_30/_0797_/ZN (MAOI222D0BWP30P140)
   0.0274    7.0985 v reducedSum_reduced_nextLevel_adder_30/_0802_/ZN (MAOI222D0BWP30P140)
   0.0314    7.1299 ^ reducedSum_reduced_nextLevel_adder_30/_0807_/ZN (MAOI222D0BWP30P140)
   0.0197    7.1496 v reducedSum_reduced_nextLevel_adder_30/_0810_/ZN (AOI21D0BWP30P140)
   0.0321    7.1816 ^ reducedSum_reduced_nextLevel_adder_30/_0814_/ZN (MAOI222D0BWP30P140)
   0.0184    7.2001 v reducedSum_reduced_nextLevel_adder_30/_0823_/ZN (AOI21D0BWP30P140)
   0.0247    7.2248 ^ reducedSum_reduced_nextLevel_adder_30/_0825_/ZN (OAI31D0BWP30P140)
   0.1352    7.3600 v reducedSum_reduced_nextLevel_adder_30/_0850_/ZN (OAI211D0BWP30P140)
   0.0744    7.4344 ^ reducedSum_reduced_nextLevel_adder_30/_0852_/ZN (MUX2ND0BWP30P140)
   0.0543    7.4887 v reducedSum_reduced_nextLevel_adder_30/_0888_/ZN (ND4D0BWP30P140)
   0.0339    7.5226 ^ reducedSum_reduced_nextLevel_adder_30/_0905_/ZN (NR4D0BWP30P140)
   0.0462    7.5688 v reducedSum_reduced_nextLevel_adder_30/_0919_/ZN (ND4D0BWP30P140)
   0.0409    7.6097 ^ reducedSum_reduced_nextLevel_adder_30/_0933_/ZN (NR4D0BWP30P140)
   0.0229    7.6326 v reducedSum_reduced_nextLevel_adder_30/_0938_/ZN (IND2D0BWP30P140)
   0.0259    7.6585 v reducedSum_reduced_nextLevel_adder_30/_0944_/ZN (XNR2UD0BWP30P140)
   0.0191    7.6776 ^ reducedSum_conv/_119_/ZN (NR2D0BWP30P140)
   0.0872    7.7648 v reducedSum_conv/_140_/ZN (OAI31D0BWP30P140)
   0.0565    7.8212 ^ reducedSum_conv/_155_/Z (XOR2UD0BWP30P140)
   0.0140    7.8353 v reducedSum_conv/_156_/ZN (CKND0BWP30P140)
   0.0316    7.8669 ^ reducedSum_conv/_161_/ZN (OAI31D0BWP30P140)
   0.0298    7.8967 v reducedSum_conv/_164_/ZN (AOI21D0BWP30P140)
   0.0435    7.9402 v reducedSum_conv/_170_/Z (OR4D0BWP30P140)
   0.0195    7.9598 ^ reducedSum_conv/_173_/ZN (AOI32D0BWP30P140)
   0.0184    7.9782 v reducedSum_conv/_174_/ZN (IND2D0BWP30P140)
   0.0593    8.0375 v reducedSum_conv/_188_/Z (AO21D0BWP30P140)
   0.0375    8.0750 ^ reducedSum_conv/_196_/ZN (NR3D0BWP30P140)
   0.0237    8.0986 v accAdder/_0897_/ZN (XNR2UD0BWP30P140)
   0.0314    8.1300 ^ accAdder/_0899_/ZN (AOI21D0BWP30P140)
   0.0301    8.1601 v accAdder/_0901_/ZN (MAOI222D0BWP30P140)
   0.0372    8.1973 ^ accAdder/_0902_/ZN (MAOI222D0BWP30P140)
   0.0303    8.2276 v accAdder/_0903_/ZN (MAOI222D0BWP30P140)
   0.0363    8.2639 ^ accAdder/_0966_/ZN (MAOI222D0BWP30P140)
   0.0302    8.2941 v accAdder/_0968_/ZN (MAOI222D0BWP30P140)
   0.0260    8.3201 v accAdder/_0970_/ZN (XNR2UD0BWP30P140)
   0.0212    8.3413 ^ accAdder/_0971_/ZN (NR2D0BWP30P140)
   0.0257    8.3670 ^ accAdder/_0972_/Z (AN2D0BWP30P140)
   0.4170    8.7840 v accAdder/_0975_/ZN (AOI31D0BWP30P140)
   0.4192    9.2032 ^ accAdder/_0991_/ZN (AOI22D0BWP30P140)
   0.0318    9.2351 v accAdder/_1063_/ZN (CKND2D0BWP30P140)
   0.0370    9.2720 ^ accAdder/_1188_/ZN (OAI32D0BWP30P140)
   0.0151    9.2871 v accAdder/_1189_/ZN (AOI21D0BWP30P140)
   0.0396    9.3267 ^ accAdder/_1191_/ZN (OAI221D0BWP30P140)
   0.0211    9.3478 v accAdder/_1196_/ZN (OAI31D0BWP30P140)
   0.0222    9.3701 ^ accAdder/_1198_/ZN (AOI21D0BWP30P140)
   0.0256    9.3956 v accAdder/_1200_/ZN (MAOI222D0BWP30P140)
   0.0396    9.4353 ^ accAdder/_1202_/ZN (MAOI222D0BWP30P140)
   0.0257    9.4610 v accAdder/_1204_/ZN (MAOI222D0BWP30P140)
   0.0277    9.4887 ^ accAdder/_1206_/ZN (AOI21D0BWP30P140)
   0.0253    9.5140 ^ accAdder/_1209_/ZN (IAO21D0BWP30P140)
   0.0247    9.5386 v accAdder/_1211_/ZN (MAOI222D0BWP30P140)
   0.0395    9.5781 ^ accAdder/_1213_/ZN (MAOI222D0BWP30P140)
   0.0265    9.6046 v accAdder/_1221_/ZN (MAOI222D0BWP30P140)
   0.0354    9.6400 v accAdder/_1232_/Z (AO21D0BWP30P140)
   0.0261    9.6661 ^ accAdder/_1242_/ZN (MAOI222D0BWP30P140)
   0.0265    9.6926 v accAdder/_1255_/ZN (MAOI222D0BWP30P140)
   0.0315    9.7241 v accAdder/_1259_/Z (AO21D0BWP30P140)
   0.0182    9.7423 ^ accAdder/_1276_/ZN (AOI21D0BWP30P140)
   0.0258    9.7681 v accAdder/_1280_/ZN (MAOI222D0BWP30P140)
   0.0391    9.8072 ^ accAdder/_1296_/ZN (MAOI222D0BWP30P140)
   0.0262    9.8334 v accAdder/_1300_/ZN (MAOI222D0BWP30P140)
   0.0304    9.8638 ^ accAdder/_1318_/ZN (AOI21D0BWP30P140)
   0.0249    9.8887 v accAdder/_1322_/ZN (MAOI222D0BWP30P140)
   0.0364    9.9252 v accAdder/_1345_/Z (AO21D0BWP30P140)
   0.0156    9.9408 ^ accAdder/_1353_/ZN (MUX2ND0BWP30P140)
   0.0347    9.9755 ^ accAdder/_1354_/ZN (XNR2UD0BWP30P140)
   0.0288   10.0043 ^ accAdder/_1453_/ZN (MAOI22D0BWP30P140)
   0.1281   10.1324 v accAdder/_1456_/ZN (OAI211D0BWP30P140)
   0.0886   10.2210 ^ accAdder/_1531_/Z (MUX4D0BWP30P140)
   0.0194   10.2404 v accAdder/_1534_/ZN (MUX3ND0BWP30P140)
   0.0405   10.2809 ^ accAdder/_1568_/ZN (NR2D0BWP30P140)
   0.0507   10.3316 ^ accAdder/_1577_/ZN (INR4D0BWP30P140)
   0.0510   10.3827 ^ accAdder/_1582_/Z (AN4D0BWP30P140)
   0.0395   10.4221 ^ accAdder/_1590_/Z (AN4D0BWP30P140)
   0.0406   10.4627 ^ accAdder/_1601_/Z (AN4D0BWP30P140)
   0.0349   10.4976 ^ accAdder/_1603_/Z (AN3D0BWP30P140)
   0.0271   10.5247 v accAdder/_1605_/ZN (IND3D0BWP30P140)
   0.0379   10.5626 v accAdder/_1606_/Z (OR3D0BWP30P140)
   0.0368   10.5995 ^ accAdder/_1608_/ZN (INR3D0BWP30P140)
   0.0364   10.6359 v accAdder/_1611_/ZN (MAOI222D0BWP30P140)
   0.0357   10.6716 ^ accAdder/_1616_/ZN (NR4D0BWP30P140)
   0.0219   10.6935 v accAdder/_1619_/ZN (OAI31D0BWP30P140)
   0.0327   10.7261 v accAdder/_1621_/Z (AO21D0BWP30P140)
   0.0312   10.7574 ^ accAdder/_1623_/ZN (AOI21D0BWP30P140)
   0.0237   10.7810 v accAdder/_1626_/ZN (OAI21D0BWP30P140)
   0.0215   10.8025 v accAdder/_1658_/Z (AN3D0BWP30P140)
   0.0613   10.8638 v accAdder/_1659_/Z (OR3D0BWP30P140)
   0.0420   10.9058 ^ accAdder/_1703_/ZN (AOI211D0BWP30P140)
   0.0261   10.9318 ^ _060_/Z (AO22D0BWP30P140)
   0.0000   10.9318 ^ _070_/D (DFCNQD1BWP30P140)
            10.9318   data arrival time

  20.0000   20.0000   clock CORE_CLK (rise edge)
   0.0000   20.0000   clock network delay (ideal)
  -0.0500   19.9500   clock uncertainty
   0.0000   19.9500   clock reconvergence pessimism
            19.9500 ^ _070_/CP (DFCNQD1BWP30P140)
  -0.0174   19.9326   library setup time
            19.9326   data required time
-------------------------------------------------------------
            19.9326   data required time
           -10.9318   data arrival time
-------------------------------------------------------------
             9.0008   slack (MET)


