Startpoint: reset (input port clocked by CORE_CLK)
Endpoint: _40_ (recovery check against rising-edge clock CORE_CLK)
Path Group: asynchronous
Path Type: max

    Delay      Time   Description
-------------------------------------------------------------
   0.0000    0.0000   clock CORE_CLK (rise edge)
   0.0000    0.0000   clock network delay (ideal)
   0.0000    0.0000 ^ input external delay
   0.0000    0.0000 ^ reset (in)
   0.0000    0.0000 ^ _40_/CDN (DFCNQD1BWP30P140)
             0.0000   data arrival time

   2.0000    2.0000   clock CORE_CLK (rise edge)
   0.0000    2.0000   clock network delay (ideal)
  -0.0500    1.9500   clock uncertainty
   0.0000    1.9500   clock reconvergence pessimism
             1.9500 ^ _40_/CP (DFCNQD1BWP30P140)
   0.0258    1.9758   library recovery time
             1.9758   data required time
-------------------------------------------------------------
             1.9758   data required time
            -0.0000   data arrival time
-------------------------------------------------------------
             1.9758   slack (MET)


Startpoint: io_op_b_i[9] (input port clocked by CORE_CLK)
Endpoint: _42_ (rising edge-triggered flip-flop clocked by CORE_CLK)
Path Group: CORE_CLK
Path Type: max

    Delay      Time   Description
-------------------------------------------------------------
   0.0000    0.0000   clock CORE_CLK (rise edge)
   0.0000    0.0000   clock network delay (ideal)
   0.0000    0.0000 ^ input external delay
   0.0000    0.0000 ^ io_op_b_i[9] (in)
   0.0076    0.0076 v op_1/_075_/ZN (NR2D0BWP30P140)
   0.0301    0.0377 v op_1/_078_/ZN (IOA21D0BWP30P140)
   0.0227    0.0604 v tree/_0969_/ZN (IND2D0BWP30P140)
   0.0274    0.0878 ^ tree/_0972_/ZN (AOI221D0BWP30P140)
   0.0230    0.1108 v tree/_0976_/ZN (OAI21D0BWP30P140)
   0.0399    0.1506 ^ tree/_0979_/ZN (AOI21D0BWP30P140)
   0.0287    0.1793 ^ tree/_0985_/ZN (MUX2ND0BWP30P140)
   0.0256    0.2049 ^ tree/_0986_/ZN (MAOI22D0BWP30P140)
   0.0320    0.2369 ^ tree/_1004_/Z (OA211D0BWP30P140)
   0.0304    0.2674 ^ tree/_1005_/Z (OR2D0BWP30P140)
   0.0335    0.3009 ^ tree/_1006_/ZN (MUX2ND0BWP30P140)
   0.0298    0.3307 v tree/_1015_/ZN (MAOI222D0BWP30P140)
   0.0240    0.3547 ^ tree/_1022_/ZN (AOI21D0BWP30P140)
   0.0219    0.3765 ^ tree/_1024_/ZN (IAO21D0BWP30P140)
   0.0276    0.4042 v tree/_1031_/ZN (OAI21D0BWP30P140)
   0.0410    0.4452 v tree/_1038_/Z (AN2D0BWP30P140)
   0.0449    0.4901 v tree/_1040_/ZN (MUX2ND0BWP30P140)
   0.0441    0.5342 ^ tree/_1148_/ZN (MAOI222D0BWP30P140)
   0.0297    0.5638 v tree/_1151_/ZN (OAI221D0BWP30P140)
   0.0417    0.6055 ^ tree/_1155_/ZN (AOI32D0BWP30P140)
   0.1552    0.7607 v tree/_1167_/ZN (ND3D0BWP30P140)
   0.0806    0.8413 v tree/_1184_/ZN (MUX4ND0BWP30P140)
   0.0312    0.8725 ^ tree/_1201_/ZN (MUX2ND0BWP30P140)
   0.0240    0.8966 v tree/_1212_/ZN (CKND2D0BWP30P140)
   0.0252    0.9218 ^ tree/_1217_/ZN (AOI21D0BWP30P140)
   0.0213    0.9430 v tree/_1600_/ZN (MAOI22D0BWP30P140)
   0.0641    1.0071 v tree/_1613_/ZN (XNR3UD0BWP30P140)
   0.0632    1.0704 v tree/_1620_/Z (XOR3UD0BWP30P140)
   0.0213    1.0916 ^ tree/_1621_/ZN (CKND2D0BWP30P140)
   0.0272    1.1188 v tree/_1623_/ZN (MAOI222D0BWP30P140)
   0.0324    1.1511 ^ tree/_1625_/ZN (AOI21D0BWP30P140)
   0.0293    1.1805 v tree/_1627_/ZN (MAOI222D0BWP30P140)
   0.0306    1.2111 v tree/_1630_/ZN (IOA21D0BWP30P140)
   0.0213    1.2324 ^ tree/_1632_/ZN (AOI21D0BWP30P140)
   0.0279    1.2603 v tree/_1633_/ZN (MAOI222D0BWP30P140)
   0.0310    1.2913 ^ tree/_1635_/ZN (AOI21D0BWP30P140)
   0.0263    1.3176 v tree/_1637_/ZN (MAOI222D0BWP30P140)
   0.0327    1.3503 ^ tree/_1638_/ZN (MAOI222D0BWP30P140)
   0.0296    1.3799 v tree/_1639_/ZN (MAOI222D0BWP30P140)
   0.0310    1.4109 ^ tree/_1641_/ZN (AOI21D0BWP30P140)
   0.0301    1.4411 v tree/_1643_/ZN (MAOI222D0BWP30P140)
   0.0408    1.4818 ^ tree/_1645_/ZN (MAOI222D0BWP30P140)
   0.0319    1.5137 v tree/_1647_/ZN (MAOI222D0BWP30P140)
   0.0398    1.5534 ^ tree/_1649_/ZN (MAOI222D0BWP30P140)
   0.0207    1.5741 v tree/_1651_/ZN (OAI21D0BWP30P140)
   0.0348    1.6089 ^ tree/_1652_/ZN (MAOI222D0BWP30P140)
   0.0348    1.6438 v tree/_1657_/ZN (OAI211D0BWP30P140)
   0.0441    1.6879 v tree/_1659_/Z (AN2D0BWP30P140)
   0.0316    1.7195 v tree/_1688_/Z (OA21D0BWP30P140)
   0.0213    1.7408 ^ tree/_1694_/ZN (AOI31D0BWP30P140)
   0.0163    1.7571 v tree/_1698_/ZN (NR4D0BWP30P140)
   0.0251    1.7822 v tree/_1702_/Z (AO21D0BWP30P140)
   0.0224    1.8046 ^ tree/_1705_/ZN (AOI31D0BWP30P140)
   0.0208    1.8255 ^ tree/_1707_/ZN (XNR2UD0BWP30P140)
   0.0095    1.8349 v tree/_1708_/ZN (CKND0BWP30P140)
   0.0224    1.8573 ^ tree/_1709_/ZN (NR2D0BWP30P140)
   0.1440    2.0013 v tree/_1747_/ZN (ND3D0BWP30P140)
   0.0722    2.0735 ^ tree/_1776_/Z (MUX4D0BWP30P140)
   0.0200    2.0935 ^ tree/_1847_/Z (OR4D0BWP30P140)
   0.0076    2.1010 v tree/_1848_/ZN (INR3D0BWP30P140)
   0.0309    2.1319 v tree/_1849_/Z (OA22D0BWP30P140)
   0.0420    2.1740 v tree/_1854_/Z (OR4D0BWP30P140)
   0.0370    2.2110 v tree/_1856_/Z (OR4D0BWP30P140)
   0.0217    2.2327 ^ tree/_1858_/ZN (NR3D0BWP30P140)
   0.0448    2.2775 ^ tree/_1860_/Z (XOR2UD0BWP30P140)
   0.0254    2.3029 v sa/_0769_/ZN (CKND2D0BWP30P140)
   0.0210    2.3239 v sa/_0932_/Z (XOR2UD0BWP30P140)
   0.0304    2.3543 v sa/_0963_/ZN (XNR2UD0BWP30P140)
   0.0289    2.3832 v sa/_0969_/ZN (XNR2UD0BWP30P140)
   0.0293    2.4125 v sa/_0992_/ZN (XNR2UD0BWP30P140)
   0.0176    2.4301 ^ sa/_0993_/ZN (CKND2D0BWP30P140)
   0.0187    2.4488 ^ sa/_1004_/ZN (INR2D0BWP30P140)
   0.0368    2.4856 ^ sa/_1015_/ZN (XNR3UD0BWP30P140)
   0.0535    2.5391 v sa/_1025_/ZN (XNR3UD0BWP30P140)
   0.0582    2.5973 v sa/_1033_/ZN (XNR3UD0BWP30P140)
   0.0352    2.6324 ^ sa/_1035_/ZN (MAOI222D0BWP30P140)
   0.0242    2.6566 v sa/_1037_/ZN (OAI21D0BWP30P140)
   0.0277    2.6843 ^ sa/_1039_/ZN (AOI21D0BWP30P140)
   0.0227    2.7071 v sa/_1041_/ZN (OAI21D0BWP30P140)
   0.0273    2.7344 ^ sa/_1043_/ZN (AOI21D0BWP30P140)
   0.0228    2.7572 v sa/_1045_/ZN (OAI21D0BWP30P140)
   0.0272    2.7843 ^ sa/_1047_/ZN (AOI21D0BWP30P140)
   0.0237    2.8080 v sa/_1049_/ZN (OAI21D0BWP30P140)
   0.0354    2.8434 ^ sa/_1051_/ZN (MAOI222D0BWP30P140)
   0.0269    2.8703 v sa/_1075_/ZN (OAI21D0BWP30P140)
   0.0233    2.8936 ^ conv/_182_/ZN (NR2D0BWP30P140)
   0.1395    3.0331 v conv/_191_/ZN (AOI21D0BWP30P140)
   0.0778    3.1109 v conv/_192_/ZN (MUX4ND0BWP30P140)
   0.0374    3.1484 ^ conv/_194_/ZN (MUX2ND0BWP30P140)
   0.0260    3.1744 v conv/_251_/ZN (MUX2ND0BWP30P140)
   0.0483    3.2227 v conv/_264_/Z (OR4D0BWP30P140)
   0.0318    3.2546 ^ conv/_266_/ZN (NR4D0BWP30P140)
   0.0357    3.2903 ^ conv/_268_/ZN (INR3D0BWP30P140)
   0.0255    3.3158 ^ conv/_269_/Z (AN2D0BWP30P140)
   0.0212    3.3370 ^ conv/_272_/Z (AN2D0BWP30P140)
   0.0076    3.3446 v conv/_308_/ZN (NR2D0BWP30P140)
   0.0252    3.3698 ^ conv/_309_/ZN (NR3D0BWP30P140)
   0.0233    3.3931 ^ accAdder/_461_/ZN (XNR2UD0BWP30P140)
   0.0293    3.4223 ^ accAdder/_462_/Z (AO21D0BWP30P140)
   0.0165    3.4388 v accAdder/_465_/ZN (AOI211D0BWP30P140)
   0.0332    3.4721 ^ accAdder/_467_/ZN (OAI31D0BWP30P140)
   0.0299    3.5019 v accAdder/_470_/ZN (OAI211D0BWP30P140)
   0.0294    3.5313 ^ accAdder/_492_/ZN (AOI21D0BWP30P140)
   0.0467    3.5780 v accAdder/_494_/ZN (OAI211D0BWP30P140)
   0.0876    3.6656 v accAdder/_518_/ZN (MUX2ND0BWP30P140)
   0.0860    3.7515 ^ accAdder/_543_/ZN (AOI31D0BWP30P140)
   0.0611    3.8126 v accAdder/_549_/ZN (ND3D0BWP30P140)
   0.0399    3.8525 v accAdder/_566_/Z (OA21D0BWP30P140)
   0.0311    3.8836 ^ accAdder/_589_/ZN (MUX3ND0BWP30P140)
   0.0331    3.9167 v accAdder/_677_/ZN (AOI221D0BWP30P140)
   0.0251    3.9419 ^ accAdder/_678_/ZN (ND3D0BWP30P140)
   0.0175    3.9593 v accAdder/_680_/ZN (OAI21D0BWP30P140)
   0.0236    3.9830 ^ accAdder/_681_/ZN (AOI21D0BWP30P140)
   0.0255    4.0084 v accAdder/_682_/ZN (MAOI222D0BWP30P140)
   0.0329    4.0413 ^ accAdder/_684_/ZN (MAOI222D0BWP30P140)
   0.0301    4.0714 v accAdder/_686_/ZN (MAOI222D0BWP30P140)
   0.0324    4.1038 ^ accAdder/_687_/ZN (AOI211D0BWP30P140)
   0.0238    4.1276 v accAdder/_688_/ZN (OAI32D0BWP30P140)
   0.0302    4.1578 ^ accAdder/_698_/ZN (AOI211D0BWP30P140)
   0.0230    4.1808 ^ accAdder/_700_/Z (OR2D0BWP30P140)
   0.1489    4.3297 v accAdder/_751_/ZN (AOI31D0BWP30P140)
   0.0882    4.4179 v accAdder/_791_/ZN (MUX4ND0BWP30P140)
   0.0430    4.4609 ^ accAdder/_792_/ZN (NR4D0BWP30P140)
   0.0345    4.4954 v accAdder/_798_/ZN (IND4D0BWP30P140)
   0.0296    4.5250 ^ accAdder/_801_/ZN (NR3D0BWP30P140)
   0.0291    4.5541 v accAdder/_803_/ZN (IND3D0BWP30P140)
   0.0406    4.5947 ^ accAdder/_805_/ZN (MAOI222D0BWP30P140)
   0.0426    4.6374 v accAdder/_810_/ZN (IND4D0BWP30P140)
   0.0444    4.6818 ^ accAdder/_820_/ZN (AOI211D0BWP30P140)
   0.0333    4.7151 ^ accAdder/_821_/Z (AN3D0BWP30P140)
   0.0241    4.7392 ^ accAdder/_828_/ZN (MAOI22D0BWP30P140)
   0.0569    4.7961 v accAdder/_855_/ZN (OAI31D0BWP30P140)
   0.0427    4.8388 ^ accAdder/_877_/ZN (INR4D0BWP30P140)
   0.0262    4.8650 ^ _32_/Z (AO22D0BWP30P140)
   0.0000    4.8650 ^ _42_/D (DFCNQD1BWP30P140)
             4.8650   data arrival time

   2.0000    2.0000   clock CORE_CLK (rise edge)
   0.0000    2.0000   clock network delay (ideal)
  -0.0500    1.9500   clock uncertainty
   0.0000    1.9500   clock reconvergence pessimism
             1.9500 ^ _42_/CP (DFCNQD1BWP30P140)
  -0.0170    1.9330   library setup time
             1.9330   data required time
-------------------------------------------------------------
             1.9330   data required time
            -4.8650   data arrival time
-------------------------------------------------------------
            -2.9321   slack (VIOLATED)


