Startpoint: reset (input port clocked by CORE_CLK)
Endpoint: _068_ (recovery check against rising-edge clock CORE_CLK)
Path Group: asynchronous
Path Type: max

    Delay      Time   Description
-------------------------------------------------------------
   0.0000    0.0000   clock CORE_CLK (rise edge)
   0.0000    0.0000   clock network delay (ideal)
   0.0000    0.0000 ^ input external delay
   0.0000    0.0000 ^ reset (in)
   0.0000    0.0000 ^ _068_/CDN (DFCNQD1BWP30P140)
             0.0000   data arrival time

  20.0000   20.0000   clock CORE_CLK (rise edge)
   0.0000   20.0000   clock network delay (ideal)
  -0.0500   19.9500   clock uncertainty
   0.0000   19.9500   clock reconvergence pessimism
            19.9500 ^ _068_/CP (DFCNQD1BWP30P140)
   0.0258   19.9758   library recovery time
            19.9758   data required time
-------------------------------------------------------------
            19.9758   data required time
            -0.0000   data arrival time
-------------------------------------------------------------
            19.9758   slack (MET)


Startpoint: io_op_a_i[1] (input port clocked by CORE_CLK)
Endpoint: _070_ (rising edge-triggered flip-flop clocked by CORE_CLK)
Path Group: CORE_CLK
Path Type: max

    Delay      Time   Description
-------------------------------------------------------------
   0.0000    0.0000   clock CORE_CLK (rise edge)
   0.0000    0.0000   clock network delay (ideal)
   0.0000    0.0000 v input external delay
   0.0000    0.0000 v io_op_a_i[1] (in)
   0.0133    0.0133 ^ reducedSum_op/_083_/ZN (OAI21D0BWP30P140)
   0.0324    0.0457 ^ reducedSum_op/_087_/ZN (XNR2UD0BWP30P140)
   0.0211    0.0669 v reducedSum_op/_109_/ZN (CKND2D0BWP30P140)
   0.0589    0.1258 v reducedSum_op/_134_/Z (XOR3UD0BWP30P140)
   0.0301    0.1559 v reducedSum_op/_137_/Z (XOR2UD0BWP30P140)
   0.0344    0.1903 v reducedSum_op/_141_/ZN (XNR2UD0BWP30P140)
   0.0631    0.2534 v reducedSum_op/_172_/ZN (XNR3UD0BWP30P140)
   0.0254    0.2788 ^ reducedSum_sa/_479_/ZN (CKND2D0BWP30P140)
   0.0468    0.3256 ^ reducedSum_sa/_482_/ZN (XNR3UD0BWP30P140)
   0.0436    0.3692 ^ reducedSum_sa/_484_/Z (OA211D0BWP30P140)
   0.0441    0.4134 v reducedSum_sa/_487_/ZN (XNR4D0BWP30P140)
   0.0312    0.4446 v reducedSum_sa/_501_/ZN (XNR2UD0BWP30P140)
   0.0321    0.4767 ^ reducedSum_sa/_511_/ZN (MAOI222D0BWP30P140)
   0.0262    0.5029 v reducedSum_sa/_512_/ZN (MAOI222D0BWP30P140)
   0.0339    0.5369 ^ reducedSum_sa/_513_/ZN (MAOI222D0BWP30P140)
   0.0263    0.5632 v reducedSum_sa/_514_/ZN (MAOI222D0BWP30P140)
   0.0376    0.6008 ^ reducedSum_sa/_515_/ZN (MAOI222D0BWP30P140)
   0.0305    0.6313 v reducedSum_sa/_517_/ZN (MAOI222D0BWP30P140)
   0.0336    0.6649 ^ reducedSum_sa/_519_/ZN (AOI21D0BWP30P140)
   0.0307    0.6956 v reducedSum_sa/_564_/ZN (OAI211D0BWP30P140)
   0.0212    0.7168 ^ reducedSum_sa/_565_/ZN (ND3D0BWP30P140)
   0.0285    0.7453 ^ reducedSum_sa/_638_/ZN (INR2D0BWP30P140)
   0.0267    0.7720 ^ reducedSum_reduced_nextLevel_adder/_0678_/ZN (XNR2UD0BWP30P140)
   0.0235    0.7955 v reducedSum_reduced_nextLevel_adder/_0679_/ZN (OAI211D0BWP30P140)
   0.0347    0.8302 ^ reducedSum_reduced_nextLevel_adder/_0680_/ZN (AOI211D0BWP30P140)
   0.0373    0.8675 v reducedSum_reduced_nextLevel_adder/_0685_/ZN (OAI211D0BWP30P140)
   0.1007    0.9682 ^ reducedSum_reduced_nextLevel_adder/_0687_/ZN (CKND2D0BWP30P140)
   0.0421    1.0103 v reducedSum_reduced_nextLevel_adder/_0688_/ZN (MUX2ND0BWP30P140)
   0.0360    1.0463 ^ reducedSum_reduced_nextLevel_adder/_0755_/ZN (OAI211D0BWP30P140)
   0.0245    1.0708 v reducedSum_reduced_nextLevel_adder/_0874_/ZN (ND4D0BWP30P140)
   0.0282    1.0990 v reducedSum_reduced_nextLevel_adder/_0877_/Z (OA211D0BWP30P140)
   0.0165    1.1155 ^ reducedSum_reduced_nextLevel_adder/_0878_/ZN (OAI21D0BWP30P140)
   0.0234    1.1389 ^ reducedSum_reduced_nextLevel_adder/_0879_/Z (OR3D0BWP30P140)
   0.0224    1.1613 v reducedSum_reduced_nextLevel_adder/_0883_/ZN (MAOI222D0BWP30P140)
   0.0294    1.1908 v reducedSum_reduced_nextLevel_adder/_0884_/Z (AO21D0BWP30P140)
   0.0210    1.2118 v reducedSum_reduced_nextLevel_adder/_0888_/Z (AO21D0BWP30P140)
   0.0255    1.2373 ^ reducedSum_reduced_nextLevel_adder/_0891_/ZN (MAOI222D0BWP30P140)
   0.0259    1.2632 v reducedSum_reduced_nextLevel_adder/_0895_/ZN (MAOI222D0BWP30P140)
   0.0328    1.2960 ^ reducedSum_reduced_nextLevel_adder/_0900_/ZN (MAOI222D0BWP30P140)
   0.0254    1.3213 ^ reducedSum_reduced_nextLevel_adder/_0902_/ZN (IAO21D0BWP30P140)
   0.0230    1.3444 v reducedSum_reduced_nextLevel_adder/_0906_/ZN (MAOI222D0BWP30P140)
   0.0284    1.3727 ^ reducedSum_reduced_nextLevel_adder/_0910_/ZN (AOI21D0BWP30P140)
   0.0254    1.3981 v reducedSum_reduced_nextLevel_adder/_0912_/ZN (OAI211D0BWP30P140)
   0.0264    1.4245 ^ reducedSum_reduced_nextLevel_adder/_0913_/ZN (AOI31D0BWP30P140)
   0.0313    1.4557 ^ reducedSum_reduced_nextLevel_adder/_0914_/ZN (IAO21D0BWP30P140)
   0.0344    1.4902 ^ reducedSum_reduced_nextLevel_adder/_0921_/Z (OA211D0BWP30P140)
   0.0217    1.5119 v reducedSum_reduced_nextLevel_adder/_0931_/ZN (OAI31D0BWP30P140)
   0.1271    1.6390 ^ reducedSum_reduced_nextLevel_adder/_0957_/ZN (NR2D0BWP30P140)
   0.0341    1.6731 v reducedSum_reduced_nextLevel_adder/_0982_/ZN (AOI21D0BWP30P140)
   0.0336    1.7067 ^ reducedSum_reduced_nextLevel_adder/_0987_/ZN (NR4D0BWP30P140)
   0.0459    1.7526 ^ reducedSum_reduced_nextLevel_adder/_1004_/Z (AN4D0BWP30P140)
   0.0434    1.7960 ^ reducedSum_reduced_nextLevel_adder/_1021_/ZN (INR4D0BWP30P140)
   0.0523    1.8483 v reducedSum_reduced_nextLevel_adder/_1039_/ZN (ND4D0BWP30P140)
   0.0486    1.8969 ^ reducedSum_reduced_nextLevel_adder/_1112_/ZN (NR4D0BWP30P140)
   0.0173    1.9142 v reducedSum_reduced_nextLevel_adder/_1114_/ZN (CKND2D0BWP30P140)
   0.0210    1.9352 v reducedSum_reduced_nextLevel_adder/_1134_/Z (AN3D0BWP30P140)
   0.0193    1.9545 ^ reducedSum_reduced_nextLevel_adder/_1135_/ZN (NR2D0BWP30P140)
   0.0314    1.9860 ^ reducedSum_reduced_nextLevel_adder_16/_0585_/ZN (XNR2UD0BWP30P140)
   0.0228    2.0088 v reducedSum_reduced_nextLevel_adder_16/_0586_/ZN (AOI21D0BWP30P140)
   0.0291    2.0379 v reducedSum_reduced_nextLevel_adder_16/_0590_/Z (OA211D0BWP30P140)
   0.0303    2.0682 ^ reducedSum_reduced_nextLevel_adder_16/_0600_/ZN (OAI31D0BWP30P140)
   0.0392    2.1074 ^ reducedSum_reduced_nextLevel_adder_16/_0611_/Z (OA211D0BWP30P140)
   0.0185    2.1259 v reducedSum_reduced_nextLevel_adder_16/_0620_/ZN (OAI31D0BWP30P140)
   0.0424    2.1683 v reducedSum_reduced_nextLevel_adder_16/_0622_/ZN (XNR2UD0BWP30P140)
   0.0434    2.2117 v reducedSum_reduced_nextLevel_adder_16/_0625_/Z (OR4D0BWP30P140)
   0.0360    2.2477 ^ reducedSum_reduced_nextLevel_adder_16/_0629_/ZN (AOI211D0BWP30P140)
   0.0767    2.3244 v reducedSum_reduced_nextLevel_adder_16/_0636_/ZN (IND3D0BWP30P140)
   0.0475    2.3719 ^ reducedSum_reduced_nextLevel_adder_16/_0650_/ZN (OAI211D0BWP30P140)
   0.0661    2.4380 v reducedSum_reduced_nextLevel_adder_16/_0652_/ZN (CKND2D0BWP30P140)
   0.0452    2.4832 ^ reducedSum_reduced_nextLevel_adder_16/_0755_/ZN (OAI211D0BWP30P140)
   0.0245    2.5078 v reducedSum_reduced_nextLevel_adder_16/_0874_/ZN (ND4D0BWP30P140)
   0.0282    2.5360 v reducedSum_reduced_nextLevel_adder_16/_0877_/Z (OA211D0BWP30P140)
   0.0165    2.5525 ^ reducedSum_reduced_nextLevel_adder_16/_0878_/ZN (OAI21D0BWP30P140)
   0.0234    2.5759 ^ reducedSum_reduced_nextLevel_adder_16/_0879_/Z (OR3D0BWP30P140)
   0.0224    2.5983 v reducedSum_reduced_nextLevel_adder_16/_0883_/ZN (MAOI222D0BWP30P140)
   0.0294    2.6277 v reducedSum_reduced_nextLevel_adder_16/_0884_/Z (AO21D0BWP30P140)
   0.0210    2.6487 v reducedSum_reduced_nextLevel_adder_16/_0888_/Z (AO21D0BWP30P140)
   0.0255    2.6743 ^ reducedSum_reduced_nextLevel_adder_16/_0891_/ZN (MAOI222D0BWP30P140)
   0.0259    2.7001 v reducedSum_reduced_nextLevel_adder_16/_0895_/ZN (MAOI222D0BWP30P140)
   0.0328    2.7329 ^ reducedSum_reduced_nextLevel_adder_16/_0900_/ZN (MAOI222D0BWP30P140)
   0.0254    2.7583 ^ reducedSum_reduced_nextLevel_adder_16/_0902_/ZN (IAO21D0BWP30P140)
   0.0230    2.7813 v reducedSum_reduced_nextLevel_adder_16/_0906_/ZN (MAOI222D0BWP30P140)
   0.0284    2.8097 ^ reducedSum_reduced_nextLevel_adder_16/_0910_/ZN (AOI21D0BWP30P140)
   0.0254    2.8351 v reducedSum_reduced_nextLevel_adder_16/_0912_/ZN (OAI211D0BWP30P140)
   0.0264    2.8614 ^ reducedSum_reduced_nextLevel_adder_16/_0913_/ZN (AOI31D0BWP30P140)
   0.0313    2.8927 ^ reducedSum_reduced_nextLevel_adder_16/_0914_/ZN (IAO21D0BWP30P140)
   0.0344    2.9271 ^ reducedSum_reduced_nextLevel_adder_16/_0921_/Z (OA211D0BWP30P140)
   0.0217    2.9488 v reducedSum_reduced_nextLevel_adder_16/_0931_/ZN (OAI31D0BWP30P140)
   0.1271    3.0760 ^ reducedSum_reduced_nextLevel_adder_16/_0957_/ZN (NR2D0BWP30P140)
   0.0341    3.1101 v reducedSum_reduced_nextLevel_adder_16/_0982_/ZN (AOI21D0BWP30P140)
   0.0336    3.1437 ^ reducedSum_reduced_nextLevel_adder_16/_0987_/ZN (NR4D0BWP30P140)
   0.0459    3.1896 ^ reducedSum_reduced_nextLevel_adder_16/_1004_/Z (AN4D0BWP30P140)
   0.0434    3.2330 ^ reducedSum_reduced_nextLevel_adder_16/_1021_/ZN (INR4D0BWP30P140)
   0.0523    3.2853 v reducedSum_reduced_nextLevel_adder_16/_1039_/ZN (ND4D0BWP30P140)
   0.0486    3.3339 ^ reducedSum_reduced_nextLevel_adder_16/_1112_/ZN (NR4D0BWP30P140)
   0.0173    3.3512 v reducedSum_reduced_nextLevel_adder_16/_1114_/ZN (CKND2D0BWP30P140)
   0.0210    3.3722 v reducedSum_reduced_nextLevel_adder_16/_1134_/Z (AN3D0BWP30P140)
   0.0193    3.3915 ^ reducedSum_reduced_nextLevel_adder_16/_1135_/ZN (NR2D0BWP30P140)
   0.0314    3.4229 ^ reducedSum_reduced_nextLevel_adder_24/_0585_/ZN (XNR2UD0BWP30P140)
   0.0228    3.4458 v reducedSum_reduced_nextLevel_adder_24/_0586_/ZN (AOI21D0BWP30P140)
   0.0291    3.4749 v reducedSum_reduced_nextLevel_adder_24/_0590_/Z (OA211D0BWP30P140)
   0.0303    3.5052 ^ reducedSum_reduced_nextLevel_adder_24/_0600_/ZN (OAI31D0BWP30P140)
   0.0392    3.5444 ^ reducedSum_reduced_nextLevel_adder_24/_0611_/Z (OA211D0BWP30P140)
   0.0185    3.5629 v reducedSum_reduced_nextLevel_adder_24/_0620_/ZN (OAI31D0BWP30P140)
   0.0424    3.6053 v reducedSum_reduced_nextLevel_adder_24/_0622_/ZN (XNR2UD0BWP30P140)
   0.0434    3.6487 v reducedSum_reduced_nextLevel_adder_24/_0625_/Z (OR4D0BWP30P140)
   0.0360    3.6847 ^ reducedSum_reduced_nextLevel_adder_24/_0629_/ZN (AOI211D0BWP30P140)
   0.0767    3.7614 v reducedSum_reduced_nextLevel_adder_24/_0636_/ZN (IND3D0BWP30P140)
   0.0475    3.8089 ^ reducedSum_reduced_nextLevel_adder_24/_0650_/ZN (OAI211D0BWP30P140)
   0.0661    3.8750 v reducedSum_reduced_nextLevel_adder_24/_0652_/ZN (CKND2D0BWP30P140)
   0.0452    3.9202 ^ reducedSum_reduced_nextLevel_adder_24/_0755_/ZN (OAI211D0BWP30P140)
   0.0245    3.9447 v reducedSum_reduced_nextLevel_adder_24/_0874_/ZN (ND4D0BWP30P140)
   0.0282    3.9729 v reducedSum_reduced_nextLevel_adder_24/_0877_/Z (OA211D0BWP30P140)
   0.0165    3.9895 ^ reducedSum_reduced_nextLevel_adder_24/_0878_/ZN (OAI21D0BWP30P140)
   0.0234    4.0129 ^ reducedSum_reduced_nextLevel_adder_24/_0879_/Z (OR3D0BWP30P140)
   0.0224    4.0353 v reducedSum_reduced_nextLevel_adder_24/_0883_/ZN (MAOI222D0BWP30P140)
   0.0294    4.0647 v reducedSum_reduced_nextLevel_adder_24/_0884_/Z (AO21D0BWP30P140)
   0.0210    4.0857 v reducedSum_reduced_nextLevel_adder_24/_0888_/Z (AO21D0BWP30P140)
   0.0255    4.1112 ^ reducedSum_reduced_nextLevel_adder_24/_0891_/ZN (MAOI222D0BWP30P140)
   0.0259    4.1371 v reducedSum_reduced_nextLevel_adder_24/_0895_/ZN (MAOI222D0BWP30P140)
   0.0328    4.1699 ^ reducedSum_reduced_nextLevel_adder_24/_0900_/ZN (MAOI222D0BWP30P140)
   0.0254    4.1953 ^ reducedSum_reduced_nextLevel_adder_24/_0902_/ZN (IAO21D0BWP30P140)
   0.0230    4.2183 v reducedSum_reduced_nextLevel_adder_24/_0906_/ZN (MAOI222D0BWP30P140)
   0.0284    4.2467 ^ reducedSum_reduced_nextLevel_adder_24/_0910_/ZN (AOI21D0BWP30P140)
   0.0254    4.2720 v reducedSum_reduced_nextLevel_adder_24/_0912_/ZN (OAI211D0BWP30P140)
   0.0264    4.2984 ^ reducedSum_reduced_nextLevel_adder_24/_0913_/ZN (AOI31D0BWP30P140)
   0.0313    4.3297 ^ reducedSum_reduced_nextLevel_adder_24/_0914_/ZN (IAO21D0BWP30P140)
   0.0344    4.3641 ^ reducedSum_reduced_nextLevel_adder_24/_0921_/Z (OA211D0BWP30P140)
   0.0217    4.3858 v reducedSum_reduced_nextLevel_adder_24/_0931_/ZN (OAI31D0BWP30P140)
   0.1271    4.5129 ^ reducedSum_reduced_nextLevel_adder_24/_0957_/ZN (NR2D0BWP30P140)
   0.0341    4.5470 v reducedSum_reduced_nextLevel_adder_24/_0982_/ZN (AOI21D0BWP30P140)
   0.0336    4.5807 ^ reducedSum_reduced_nextLevel_adder_24/_0987_/ZN (NR4D0BWP30P140)
   0.0459    4.6266 ^ reducedSum_reduced_nextLevel_adder_24/_1004_/Z (AN4D0BWP30P140)
   0.0434    4.6700 ^ reducedSum_reduced_nextLevel_adder_24/_1021_/ZN (INR4D0BWP30P140)
   0.0523    4.7222 v reducedSum_reduced_nextLevel_adder_24/_1039_/ZN (ND4D0BWP30P140)
   0.0486    4.7708 ^ reducedSum_reduced_nextLevel_adder_24/_1112_/ZN (NR4D0BWP30P140)
   0.0173    4.7881 v reducedSum_reduced_nextLevel_adder_24/_1114_/ZN (CKND2D0BWP30P140)
   0.0210    4.8091 v reducedSum_reduced_nextLevel_adder_24/_1134_/Z (AN3D0BWP30P140)
   0.0193    4.8285 ^ reducedSum_reduced_nextLevel_adder_24/_1135_/ZN (NR2D0BWP30P140)
   0.0314    4.8599 ^ reducedSum_reduced_nextLevel_adder_28/_0585_/ZN (XNR2UD0BWP30P140)
   0.0228    4.8827 v reducedSum_reduced_nextLevel_adder_28/_0586_/ZN (AOI21D0BWP30P140)
   0.0291    4.9119 v reducedSum_reduced_nextLevel_adder_28/_0590_/Z (OA211D0BWP30P140)
   0.0303    4.9421 ^ reducedSum_reduced_nextLevel_adder_28/_0600_/ZN (OAI31D0BWP30P140)
   0.0392    4.9813 ^ reducedSum_reduced_nextLevel_adder_28/_0611_/Z (OA211D0BWP30P140)
   0.0185    4.9998 v reducedSum_reduced_nextLevel_adder_28/_0620_/ZN (OAI31D0BWP30P140)
   0.0424    5.0422 v reducedSum_reduced_nextLevel_adder_28/_0622_/ZN (XNR2UD0BWP30P140)
   0.0434    5.0857 v reducedSum_reduced_nextLevel_adder_28/_0625_/Z (OR4D0BWP30P140)
   0.0360    5.1216 ^ reducedSum_reduced_nextLevel_adder_28/_0629_/ZN (AOI211D0BWP30P140)
   0.0767    5.1984 v reducedSum_reduced_nextLevel_adder_28/_0636_/ZN (IND3D0BWP30P140)
   0.0475    5.2459 ^ reducedSum_reduced_nextLevel_adder_28/_0650_/ZN (OAI211D0BWP30P140)
   0.0661    5.3119 v reducedSum_reduced_nextLevel_adder_28/_0652_/ZN (CKND2D0BWP30P140)
   0.0452    5.3572 ^ reducedSum_reduced_nextLevel_adder_28/_0755_/ZN (OAI211D0BWP30P140)
   0.0245    5.3817 v reducedSum_reduced_nextLevel_adder_28/_0874_/ZN (ND4D0BWP30P140)
   0.0282    5.4099 v reducedSum_reduced_nextLevel_adder_28/_0877_/Z (OA211D0BWP30P140)
   0.0165    5.4264 ^ reducedSum_reduced_nextLevel_adder_28/_0878_/ZN (OAI21D0BWP30P140)
   0.0234    5.4499 ^ reducedSum_reduced_nextLevel_adder_28/_0879_/Z (OR3D0BWP30P140)
   0.0224    5.4722 v reducedSum_reduced_nextLevel_adder_28/_0883_/ZN (MAOI222D0BWP30P140)
   0.0294    5.5017 v reducedSum_reduced_nextLevel_adder_28/_0884_/Z (AO21D0BWP30P140)
   0.0210    5.5227 v reducedSum_reduced_nextLevel_adder_28/_0888_/Z (AO21D0BWP30P140)
   0.0255    5.5482 ^ reducedSum_reduced_nextLevel_adder_28/_0891_/ZN (MAOI222D0BWP30P140)
   0.0259    5.5741 v reducedSum_reduced_nextLevel_adder_28/_0895_/ZN (MAOI222D0BWP30P140)
   0.0328    5.6069 ^ reducedSum_reduced_nextLevel_adder_28/_0900_/ZN (MAOI222D0BWP30P140)
   0.0254    5.6322 ^ reducedSum_reduced_nextLevel_adder_28/_0902_/ZN (IAO21D0BWP30P140)
   0.0230    5.6553 v reducedSum_reduced_nextLevel_adder_28/_0906_/ZN (MAOI222D0BWP30P140)
   0.0284    5.6837 ^ reducedSum_reduced_nextLevel_adder_28/_0910_/ZN (AOI21D0BWP30P140)
   0.0254    5.7090 v reducedSum_reduced_nextLevel_adder_28/_0912_/ZN (OAI211D0BWP30P140)
   0.0264    5.7354 ^ reducedSum_reduced_nextLevel_adder_28/_0913_/ZN (AOI31D0BWP30P140)
   0.0313    5.7666 ^ reducedSum_reduced_nextLevel_adder_28/_0914_/ZN (IAO21D0BWP30P140)
   0.0344    5.8011 ^ reducedSum_reduced_nextLevel_adder_28/_0921_/Z (OA211D0BWP30P140)
   0.0217    5.8228 v reducedSum_reduced_nextLevel_adder_28/_0931_/ZN (OAI31D0BWP30P140)
   0.1271    5.9499 ^ reducedSum_reduced_nextLevel_adder_28/_0957_/ZN (NR2D0BWP30P140)
   0.0341    5.9840 v reducedSum_reduced_nextLevel_adder_28/_0982_/ZN (AOI21D0BWP30P140)
   0.0336    6.0176 ^ reducedSum_reduced_nextLevel_adder_28/_0987_/ZN (NR4D0BWP30P140)
   0.0459    6.0635 ^ reducedSum_reduced_nextLevel_adder_28/_1004_/Z (AN4D0BWP30P140)
   0.0434    6.1069 ^ reducedSum_reduced_nextLevel_adder_28/_1021_/ZN (INR4D0BWP30P140)
   0.0523    6.1592 v reducedSum_reduced_nextLevel_adder_28/_1039_/ZN (ND4D0BWP30P140)
   0.0486    6.2078 ^ reducedSum_reduced_nextLevel_adder_28/_1112_/ZN (NR4D0BWP30P140)
   0.0173    6.2251 v reducedSum_reduced_nextLevel_adder_28/_1114_/ZN (CKND2D0BWP30P140)
   0.0210    6.2461 v reducedSum_reduced_nextLevel_adder_28/_1134_/Z (AN3D0BWP30P140)
   0.0193    6.2654 ^ reducedSum_reduced_nextLevel_adder_28/_1135_/ZN (NR2D0BWP30P140)
   0.0314    6.2969 ^ reducedSum_reduced_nextLevel_adder_30/_0585_/ZN (XNR2UD0BWP30P140)
   0.0228    6.3197 v reducedSum_reduced_nextLevel_adder_30/_0586_/ZN (AOI21D0BWP30P140)
   0.0291    6.3488 v reducedSum_reduced_nextLevel_adder_30/_0590_/Z (OA211D0BWP30P140)
   0.0303    6.3791 ^ reducedSum_reduced_nextLevel_adder_30/_0600_/ZN (OAI31D0BWP30P140)
   0.0392    6.4183 ^ reducedSum_reduced_nextLevel_adder_30/_0611_/Z (OA211D0BWP30P140)
   0.0185    6.4368 v reducedSum_reduced_nextLevel_adder_30/_0620_/ZN (OAI31D0BWP30P140)
   0.0424    6.4792 v reducedSum_reduced_nextLevel_adder_30/_0622_/ZN (XNR2UD0BWP30P140)
   0.0434    6.5226 v reducedSum_reduced_nextLevel_adder_30/_0625_/Z (OR4D0BWP30P140)
   0.0360    6.5586 ^ reducedSum_reduced_nextLevel_adder_30/_0629_/ZN (AOI211D0BWP30P140)
   0.0767    6.6353 v reducedSum_reduced_nextLevel_adder_30/_0636_/ZN (IND3D0BWP30P140)
   0.0475    6.6828 ^ reducedSum_reduced_nextLevel_adder_30/_0650_/ZN (OAI211D0BWP30P140)
   0.0661    6.7489 v reducedSum_reduced_nextLevel_adder_30/_0652_/ZN (CKND2D0BWP30P140)
   0.0452    6.7942 ^ reducedSum_reduced_nextLevel_adder_30/_0755_/ZN (OAI211D0BWP30P140)
   0.0245    6.8187 v reducedSum_reduced_nextLevel_adder_30/_0874_/ZN (ND4D0BWP30P140)
   0.0282    6.8469 v reducedSum_reduced_nextLevel_adder_30/_0877_/Z (OA211D0BWP30P140)
   0.0165    6.8634 ^ reducedSum_reduced_nextLevel_adder_30/_0878_/ZN (OAI21D0BWP30P140)
   0.0234    6.8868 ^ reducedSum_reduced_nextLevel_adder_30/_0879_/Z (OR3D0BWP30P140)
   0.0224    6.9092 v reducedSum_reduced_nextLevel_adder_30/_0883_/ZN (MAOI222D0BWP30P140)
   0.0294    6.9386 v reducedSum_reduced_nextLevel_adder_30/_0884_/Z (AO21D0BWP30P140)
   0.0210    6.9596 v reducedSum_reduced_nextLevel_adder_30/_0888_/Z (AO21D0BWP30P140)
   0.0255    6.9852 ^ reducedSum_reduced_nextLevel_adder_30/_0891_/ZN (MAOI222D0BWP30P140)
   0.0259    7.0111 v reducedSum_reduced_nextLevel_adder_30/_0895_/ZN (MAOI222D0BWP30P140)
   0.0328    7.0439 ^ reducedSum_reduced_nextLevel_adder_30/_0900_/ZN (MAOI222D0BWP30P140)
   0.0254    7.0692 ^ reducedSum_reduced_nextLevel_adder_30/_0902_/ZN (IAO21D0BWP30P140)
   0.0230    7.0922 v reducedSum_reduced_nextLevel_adder_30/_0906_/ZN (MAOI222D0BWP30P140)
   0.0284    7.1206 ^ reducedSum_reduced_nextLevel_adder_30/_0910_/ZN (AOI21D0BWP30P140)
   0.0254    7.1460 v reducedSum_reduced_nextLevel_adder_30/_0912_/ZN (OAI211D0BWP30P140)
   0.0264    7.1723 ^ reducedSum_reduced_nextLevel_adder_30/_0913_/ZN (AOI31D0BWP30P140)
   0.0313    7.2036 ^ reducedSum_reduced_nextLevel_adder_30/_0914_/ZN (IAO21D0BWP30P140)
   0.0344    7.2381 ^ reducedSum_reduced_nextLevel_adder_30/_0921_/Z (OA211D0BWP30P140)
   0.0217    7.2597 v reducedSum_reduced_nextLevel_adder_30/_0931_/ZN (OAI31D0BWP30P140)
   0.1271    7.3869 ^ reducedSum_reduced_nextLevel_adder_30/_0957_/ZN (NR2D0BWP30P140)
   0.0341    7.4210 v reducedSum_reduced_nextLevel_adder_30/_0982_/ZN (AOI21D0BWP30P140)
   0.0336    7.4546 ^ reducedSum_reduced_nextLevel_adder_30/_0987_/ZN (NR4D0BWP30P140)
   0.0459    7.5005 ^ reducedSum_reduced_nextLevel_adder_30/_1004_/Z (AN4D0BWP30P140)
   0.0434    7.5439 ^ reducedSum_reduced_nextLevel_adder_30/_1021_/ZN (INR4D0BWP30P140)
   0.0523    7.5962 v reducedSum_reduced_nextLevel_adder_30/_1039_/ZN (ND4D0BWP30P140)
   0.0329    7.6291 ^ reducedSum_reduced_nextLevel_adder_30/_1043_/ZN (NR2D0BWP30P140)
   0.0206    7.6497 v reducedSum_reduced_nextLevel_adder_30/_1048_/ZN (XNR2UD0BWP30P140)
   0.0203    7.6700 ^ reducedSum_conv/_131_/ZN (NR2D0BWP30P140)
   0.0965    7.7665 v reducedSum_conv/_160_/ZN (OAI31D0BWP30P140)
   0.0555    7.8221 v reducedSum_conv/_173_/Z (XOR2UD0BWP30P140)
   0.0248    7.8468 ^ reducedSum_conv/_174_/ZN (CKND0BWP30P140)
   0.0225    7.8693 v reducedSum_conv/_179_/ZN (OAI31D0BWP30P140)
   0.0281    7.8975 ^ reducedSum_conv/_182_/ZN (AOI21D0BWP30P140)
   0.0326    7.9301 v reducedSum_conv/_185_/ZN (OAI22D0BWP30P140)
   0.0331    7.9632 ^ reducedSum_conv/_189_/ZN (NR4D0BWP30P140)
   0.0214    7.9846 ^ reducedSum_conv/_193_/ZN (IAO21D0BWP30P140)
   0.0283    8.0129 v reducedSum_conv/_194_/ZN (OAI22D0BWP30P140)
   0.0542    8.0671 v reducedSum_conv/_209_/Z (AO21D0BWP30P140)
   0.0331    8.1002 ^ reducedSum_conv/_216_/ZN (NR3D0BWP30P140)
   0.0234    8.1236 v accAdder/_0897_/ZN (XNR2UD0BWP30P140)
   0.0314    8.1550 ^ accAdder/_0899_/ZN (AOI21D0BWP30P140)
   0.0301    8.1851 v accAdder/_0901_/ZN (MAOI222D0BWP30P140)
   0.0371    8.2222 ^ accAdder/_0902_/ZN (MAOI222D0BWP30P140)
   0.0303    8.2525 v accAdder/_0903_/ZN (MAOI222D0BWP30P140)
   0.0361    8.2885 ^ accAdder/_0966_/ZN (MAOI222D0BWP30P140)
   0.0302    8.3187 v accAdder/_0968_/ZN (MAOI222D0BWP30P140)
   0.0261    8.3448 v accAdder/_0970_/ZN (XNR2UD0BWP30P140)
   0.0212    8.3660 ^ accAdder/_0971_/ZN (NR2D0BWP30P140)
   0.0257    8.3918 ^ accAdder/_0972_/Z (AN2D0BWP30P140)
   0.4170    8.8087 v accAdder/_0975_/ZN (AOI31D0BWP30P140)
   0.4192    9.2280 ^ accAdder/_0991_/ZN (AOI22D0BWP30P140)
   0.0318    9.2598 v accAdder/_1063_/ZN (CKND2D0BWP30P140)
   0.0370    9.2968 ^ accAdder/_1188_/ZN (OAI32D0BWP30P140)
   0.0151    9.3118 v accAdder/_1189_/ZN (AOI21D0BWP30P140)
   0.0396    9.3515 ^ accAdder/_1191_/ZN (OAI221D0BWP30P140)
   0.0211    9.3726 v accAdder/_1196_/ZN (OAI31D0BWP30P140)
   0.0222    9.3948 ^ accAdder/_1198_/ZN (AOI21D0BWP30P140)
   0.0256    9.4204 v accAdder/_1200_/ZN (MAOI222D0BWP30P140)
   0.0396    9.4600 ^ accAdder/_1202_/ZN (MAOI222D0BWP30P140)
   0.0257    9.4857 v accAdder/_1204_/ZN (MAOI222D0BWP30P140)
   0.0277    9.5134 ^ accAdder/_1206_/ZN (AOI21D0BWP30P140)
   0.0253    9.5387 ^ accAdder/_1209_/ZN (IAO21D0BWP30P140)
   0.0247    9.5634 v accAdder/_1211_/ZN (MAOI222D0BWP30P140)
   0.0395    9.6029 ^ accAdder/_1213_/ZN (MAOI222D0BWP30P140)
   0.0265    9.6294 v accAdder/_1221_/ZN (MAOI222D0BWP30P140)
   0.0354    9.6648 v accAdder/_1232_/Z (AO21D0BWP30P140)
   0.0261    9.6908 ^ accAdder/_1242_/ZN (MAOI222D0BWP30P140)
   0.0265    9.7174 v accAdder/_1255_/ZN (MAOI222D0BWP30P140)
   0.0315    9.7489 v accAdder/_1259_/Z (AO21D0BWP30P140)
   0.0182    9.7670 ^ accAdder/_1276_/ZN (AOI21D0BWP30P140)
   0.0258    9.7929 v accAdder/_1280_/ZN (MAOI222D0BWP30P140)
   0.0391    9.8320 ^ accAdder/_1296_/ZN (MAOI222D0BWP30P140)
   0.0262    9.8582 v accAdder/_1300_/ZN (MAOI222D0BWP30P140)
   0.0304    9.8885 ^ accAdder/_1318_/ZN (AOI21D0BWP30P140)
   0.0249    9.9135 v accAdder/_1322_/ZN (MAOI222D0BWP30P140)
   0.0364    9.9499 v accAdder/_1345_/Z (AO21D0BWP30P140)
   0.0156    9.9655 ^ accAdder/_1353_/ZN (MUX2ND0BWP30P140)
   0.0347   10.0003 ^ accAdder/_1354_/ZN (XNR2UD0BWP30P140)
   0.0288   10.0290 ^ accAdder/_1453_/ZN (MAOI22D0BWP30P140)
   0.1281   10.1571 v accAdder/_1456_/ZN (OAI211D0BWP30P140)
   0.0886   10.2457 ^ accAdder/_1531_/Z (MUX4D0BWP30P140)
   0.0194   10.2652 v accAdder/_1534_/ZN (MUX3ND0BWP30P140)
   0.0405   10.3057 ^ accAdder/_1568_/ZN (NR2D0BWP30P140)
   0.0507   10.3564 ^ accAdder/_1577_/ZN (INR4D0BWP30P140)
   0.0510   10.4074 ^ accAdder/_1582_/Z (AN4D0BWP30P140)
   0.0395   10.4469 ^ accAdder/_1590_/Z (AN4D0BWP30P140)
   0.0406   10.4874 ^ accAdder/_1601_/Z (AN4D0BWP30P140)
   0.0349   10.5223 ^ accAdder/_1603_/Z (AN3D0BWP30P140)
   0.0271   10.5495 v accAdder/_1605_/ZN (IND3D0BWP30P140)
   0.0379   10.5874 v accAdder/_1606_/Z (OR3D0BWP30P140)
   0.0368   10.6242 ^ accAdder/_1608_/ZN (INR3D0BWP30P140)
   0.0364   10.6606 v accAdder/_1611_/ZN (MAOI222D0BWP30P140)
   0.0357   10.6963 ^ accAdder/_1616_/ZN (NR4D0BWP30P140)
   0.0219   10.7182 v accAdder/_1619_/ZN (OAI31D0BWP30P140)
   0.0327   10.7509 v accAdder/_1621_/Z (AO21D0BWP30P140)
   0.0312   10.7821 ^ accAdder/_1623_/ZN (AOI21D0BWP30P140)
   0.0237   10.8058 v accAdder/_1626_/ZN (OAI21D0BWP30P140)
   0.0215   10.8273 v accAdder/_1658_/Z (AN3D0BWP30P140)
   0.0613   10.8885 v accAdder/_1659_/Z (OR3D0BWP30P140)
   0.0420   10.9305 ^ accAdder/_1703_/ZN (AOI211D0BWP30P140)
   0.0261   10.9566 ^ _060_/Z (AO22D0BWP30P140)
   0.0000   10.9566 ^ _070_/D (DFCNQD1BWP30P140)
            10.9566   data arrival time

  20.0000   20.0000   clock CORE_CLK (rise edge)
   0.0000   20.0000   clock network delay (ideal)
  -0.0500   19.9500   clock uncertainty
   0.0000   19.9500   clock reconvergence pessimism
            19.9500 ^ _070_/CP (DFCNQD1BWP30P140)
  -0.0174   19.9326   library setup time
            19.9326   data required time
-------------------------------------------------------------
            19.9326   data required time
           -10.9566   data arrival time
-------------------------------------------------------------
             8.9761   slack (MET)


