
6. Printing statistics.

=== BFP_PE ===

        +----------Local Count, excluding submodules.
        |        +-Local Area, excluding submodules.
        |        | 
      333        - wires
     3099        - wire bits
      299        - public wires
     3065        - public wire bits
       10        - ports
      565        - port bits
       67   99.918 cells
       32   24.192   AO22D0BWP30P140
       33   74.844   DFCNQD1BWP30P140
        1    0.504   INR2D0BWP30P140
        1    0.378   NR2D0BWP30P140
       97        - submodules
       31        -   CustomFPAdder_exp7_mant21
       32        -   CustomOperator_INT8_to_E4M3
        1        -   FP32Adder
       32        -   ScaleAddition_INT8_to_E4M3_scale_UE4M4
        1        -   ScaleToFP32_INT8_x_E4M3_UE4M4

   Chip area for module '\BFP_PE': 99.918000
     of which used for sequential elements: 74.844000 (74.91%)

=== FP32Adder ===

        +----------Local Count, excluding submodules.
        |        +-Local Area, excluding submodules.
        |        | 
      872        - wires
     1037        - wire bits
        6        - public wires
      171        - public wire bits
        3        - ports
       96        - port bits
      898  554.904 cells
       18    9.072   AN2D0BWP30P140
        5     3.15   AN3D0BWP30P140
        4    3.024   AN4D0BWP30P140
        2    1.512   AO211D0BWP30P140
       13     8.19   AO21D0BWP30P140
        4    3.024   AO22D0BWP30P140
       10      6.3   AOI211D0BWP30P140
       52   26.208   AOI21D0BWP30P140
       10     7.56   AOI221D0BWP30P140
        2    2.016   AOI222D0BWP30P140
       32    20.16   AOI22D0BWP30P140
        2     1.26   AOI31D0BWP30P140
       19   16.758   CKMUX2D0BWP30P140
       65    16.38   CKND0BWP30P140
       72   27.216   CKND2D0BWP30P140
        6     3.78   IAO21D0BWP30P140
       20    10.08   IND2D0BWP30P140
        1     0.63   IND3D0BWP30P140
        2    1.512   IND4D0BWP30P140
       21   10.584   INR2D0BWP30P140
        8     5.04   INR3D0BWP30P140
        3    2.268   INR4D0BWP30P140
        7     4.41   IOA21D0BWP30P140
       30    22.68   MAOI222D0BWP30P140
       15    11.34   MAOI22D0BWP30P140
        4    3.024   MOAI22D0BWP30P140
      114   86.184   MUX2ND0BWP30P140
        1    1.764   MUX3D0BWP30P140
        1    1.638   MUX3ND0BWP30P140
        2    4.788   MUX4D0BWP30P140
       16   36.288   MUX4ND0BWP30P140
       14    7.056   ND3D0BWP30P140
        5     3.15   ND4D0BWP30P140
       99   37.422   NR2D0BWP30P140
       35    17.64   NR3D0BWP30P140
        8     5.04   NR4D0BWP30P140
        2    1.512   OA211D0BWP30P140
        6     3.78   OA21D0BWP30P140
        1    0.882   OA22D0BWP30P140
       13     8.19   OAI211D0BWP30P140
       41   20.664   OAI21D0BWP30P140
        1    0.882   OAI221D0BWP30P140
        1    1.008   OAI222D0BWP30P140
       10      6.3   OAI22D0BWP30P140
        6     3.78   OAI31D0BWP30P140
        3    2.268   OAI32D0BWP30P140
        1    0.882   OAI33D0BWP30P140
        6    3.024   OR2D0BWP30P140
        8     5.04   OR3D0BWP30P140
        2    1.512   OR4D0BWP30P140
       51   44.982   XNR2UD0BWP30P140
        1    1.764   XNR3UD0BWP30P140
       23   20.286   XOR2UD0BWP30P140

   Chip area for module '\FP32Adder': 554.904000
     of which used for sequential elements: 0.000000 (0.00%)

=== ScaleToFP32_INT8_x_E4M3_UE4M4 ===

        +----------Local Count, excluding submodules.
        |        +-Local Area, excluding submodules.
        |        | 
      141        - wires
      198        - wire bits
        4        - public wires
       61        - public wire bits
        4        - ports
       61        - port bits
      166  100.548 cells
        7    3.528   AN2D0BWP30P140
        1     0.63   AN3D0BWP30P140
        1    0.756   AO211D0BWP30P140
        3     1.89   AO21D0BWP30P140
        4     2.52   AOI211D0BWP30P140
        8    4.032   AOI21D0BWP30P140
        2    1.512   AOI221D0BWP30P140
       18   15.876   CKMUX2D0BWP30P140
        8    2.016   CKND0BWP30P140
        7    2.646   CKND2D0BWP30P140
        3     1.89   IAO21D0BWP30P140
        2    1.008   IND2D0BWP30P140
        4    2.016   INR2D0BWP30P140
        1     0.63   INR3D0BWP30P140
        1     0.63   IOA21D0BWP30P140
        1    0.756   MAOI222D0BWP30P140
        1    0.756   MAOI22D0BWP30P140
        1    0.756   MOAI22D0BWP30P140
       28   21.168   MUX2ND0BWP30P140
        1    0.504   ND3D0BWP30P140
       22    8.316   NR2D0BWP30P140
        8    4.032   NR3D0BWP30P140
        4     2.52   NR4D0BWP30P140
        3     1.89   OA21D0BWP30P140
        1     0.63   OAI211D0BWP30P140
        7    3.528   OAI21D0BWP30P140
        1    0.882   OAI221D0BWP30P140
        1     0.63   OAI22D0BWP30P140
        4     2.52   OAI31D0BWP30P140
        2    1.008   OR2D0BWP30P140
        1     0.63   OR3D0BWP30P140
        3    2.268   OR4D0BWP30P140
        3    2.646   XNR2UD0BWP30P140
        4    3.528   XOR2UD0BWP30P140

   Chip area for module '\ScaleToFP32_INT8_x_E4M3_UE4M4': 100.548000
     of which used for sequential elements: 0.000000 (0.00%)

=== CustomFPAdder_exp7_mant21 ===

        +----------Local Count, excluding submodules.
        |        +-Local Area, excluding submodules.
        |        | 
      606        - wires
      707        - wire bits
       10        - public wires
      111        - public wire bits
        9        - ports
       87        - port bits
      625  403.956 cells
       16    8.064   AN2D0BWP30P140
        3     1.89   AN3D0BWP30P140
        1    0.756   AO211D0BWP30P140
        4     2.52   AO21D0BWP30P140
        1    0.756   AO22D0BWP30P140
        7     4.41   AOI211D0BWP30P140
       27   13.608   AOI21D0BWP30P140
        9    6.804   AOI221D0BWP30P140
        8     5.04   AOI22D0BWP30P140
       13     8.19   AOI31D0BWP30P140
        1    0.756   AOI32D0BWP30P140
       23   20.286   CKMUX2D0BWP30P140
       50     12.6   CKND0BWP30P140
       34   12.852   CKND2D0BWP30P140
        7     4.41   IAO21D0BWP30P140
       24   12.096   IND2D0BWP30P140
        2     1.26   IND3D0BWP30P140
        1    0.756   IND4D0BWP30P140
       24   12.096   INR2D0BWP30P140
        3     1.89   INR3D0BWP30P140
        2    1.512   INR4D0BWP30P140
        7    5.292   MAOI222D0BWP30P140
        8    6.048   MAOI22D0BWP30P140
        1    0.756   MOAI22D0BWP30P140
       73   55.188   MUX2ND0BWP30P140
        1    1.638   MUX3ND0BWP30P140
        1    2.394   MUX4D0BWP30P140
       19   43.092   MUX4ND0BWP30P140
        9    4.536   ND3D0BWP30P140
        5     3.15   ND4D0BWP30P140
       53   20.034   NR2D0BWP30P140
       18    9.072   NR3D0BWP30P140
        6     3.78   NR4D0BWP30P140
        3    2.268   OA211D0BWP30P140
        4     2.52   OA21D0BWP30P140
        2    1.764   OA22D0BWP30P140
       14     8.82   OAI211D0BWP30P140
       32   16.128   OAI21D0BWP30P140
        2    1.764   OAI221D0BWP30P140
       12     7.56   OAI22D0BWP30P140
        9     5.67   OAI31D0BWP30P140
        4    3.024   OAI32D0BWP30P140
       13    6.552   OR2D0BWP30P140
        1     0.63   OR3D0BWP30P140
        2    1.512   OR4D0BWP30P140
       45    39.69   XNR2UD0BWP30P140
       21   18.522   XOR2UD0BWP30P140

   Chip area for module '\CustomFPAdder_exp7_mant21': 403.956000
     of which used for sequential elements: 0.000000 (0.00%)

=== ScaleAddition_INT8_to_E4M3_scale_UE4M4 ===

        +----------Local Count, excluding submodules.
        |        +-Local Area, excluding submodules.
        |        | 
      545        - wires
      600        - wire bits
        8        - public wires
       63        - public wire bits
        8        - ports
       63        - port bits
      565  419.076 cells
       10     5.04   AN2D0BWP30P140
        3     1.89   AN3D0BWP30P140
        2    1.512   AN4D0BWP30P140
        3     1.89   AO21D0BWP30P140
        1    0.756   AO22D0BWP30P140
       10     5.04   AOI21D0BWP30P140
        3     1.89   AOI22D0BWP30P140
        4     2.52   AOI31D0BWP30P140
        1    0.756   AOI32D0BWP30P140
       20     5.04   CKND0BWP30P140
      144   54.432   CKND2D0BWP30P140
        1     0.63   IAO21D0BWP30P140
       13    6.552   IND2D0BWP30P140
        1    0.756   IND4D0BWP30P140
       15     7.56   INR2D0BWP30P140
        5     3.15   IOA21D0BWP30P140
       78   58.968   MAOI222D0BWP30P140
        2    1.008   ND3D0BWP30P140
        1     0.63   ND4D0BWP30P140
       30    11.34   NR2D0BWP30P140
        5     2.52   NR3D0BWP30P140
        1     0.63   NR4D0BWP30P140
        1    0.756   OA211D0BWP30P140
        1     0.63   OA21D0BWP30P140
        1     0.63   OAI211D0BWP30P140
       10     5.04   OAI21D0BWP30P140
        2    1.764   OAI221D0BWP30P140
        2     1.26   OAI22D0BWP30P140
        1    0.756   OAI32D0BWP30P140
        8    4.032   OR2D0BWP30P140
        1     0.63   OR3D0BWP30P140
        2    1.512   OR4D0BWP30P140
       56   49.392   XNR2UD0BWP30P140
       54   95.256   XNR3UD0BWP30P140
        2    5.292   XNR4D0BWP30P140
       54   47.628   XOR2UD0BWP30P140
       17   29.988   XOR3UD0BWP30P140

   Chip area for module '\ScaleAddition_INT8_to_E4M3_scale_UE4M4': 419.076000
     of which used for sequential elements: 0.000000 (0.00%)

=== CustomOperator_INT8_to_E4M3 ===

        +----------Local Count, excluding submodules.
        |        +-Local Area, excluding submodules.
        |        | 
       86        - wires
      119        - wire bits
        6        - public wires
       39        - public wire bits
        5        - ports
       34        - port bits
       96   67.536 cells
        9    4.536   AN2D0BWP30P140
        1    0.756   AO22D0BWP30P140
        1     0.63   AOI22D0BWP30P140
        4    1.008   CKND0BWP30P140
       17    6.426   CKND2D0BWP30P140
        2    1.008   IND2D0BWP30P140
        2    1.008   INR2D0BWP30P140
        1     0.63   INR3D0BWP30P140
       10     7.56   MAOI222D0BWP30P140
        1    0.504   ND3D0BWP30P140
        4    1.512   NR2D0BWP30P140
        1    0.504   NR3D0BWP30P140
        2     1.26   OAI211D0BWP30P140
        6    3.024   OAI21D0BWP30P140
        2     1.26   OAI22D0BWP30P140
        1     0.63   OAI31D0BWP30P140
        2    1.008   OR2D0BWP30P140
        1    0.756   OR4D0BWP30P140
       12   10.584   XNR2UD0BWP30P140
        5     8.82   XNR3UD0BWP30P140
        8    7.056   XOR2UD0BWP30P140
        4    7.056   XOR3UD0BWP30P140

   Chip area for module '\CustomOperator_INT8_to_E4M3': 67.536000
     of which used for sequential elements: 0.000000 (0.00%)

=== design hierarchy ===

        +----------Count including submodules.
        |        +-Area including submodules.
        |        | 
    41658 2.88E+04 BFP_PE
      625  403.956 CustomFPAdder_exp7_mant21
       96   67.536 CustomOperator_INT8_to_E4M3
      898  554.904 FP32Adder
      565  419.076 ScaleAddition_INT8_to_E4M3_scale_UE4M4
      166  100.548 ScaleToFP32_INT8_x_E4M3_UE4M4

        +----------Count including submodules.
        |        +-Area including submodules.
        |        | 
    40324        - wires
    49259        - wire bits
     1067        - public wires
    10002        - public wire bits
      712        - ports
     6523        - port bits
        -        - memories
        -        - memory bits
        -        - processes
    41658 2.88E+04 cells
     1129  569.016   AN2D0BWP30P140
      195   122.85   AN3D0BWP30P140
       68   51.408   AN4D0BWP30P140
       34   25.704   AO211D0BWP30P140
      236   148.68   AO21D0BWP30P140
      131   99.036   AO22D0BWP30P140
      231   145.53   AOI211D0BWP30P140
     1217  613.368   AOI21D0BWP30P140
      291  219.996   AOI221D0BWP30P140
        2    2.016   AOI222D0BWP30P140
      408   257.04   AOI22D0BWP30P140
      533   335.79   AOI31D0BWP30P140
       63   47.628   AOI32D0BWP30P140
      750    661.5   CKMUX2D0BWP30P140
     2391  602.532   CKND0BWP30P140
     6285  2375.73   CKND2D0BWP30P140
       33   74.844   DFCNQD1BWP30P140
      258   162.54   IAO21D0BWP30P140
     1246  627.984   IND2D0BWP30P140
       63    39.69   IND3D0BWP30P140
       65    49.14   IND4D0BWP30P140
     1314  662.256   INR2D0BWP30P140
      134    84.42   INR3D0BWP30P140
       65    49.14   INR4D0BWP30P140
      168   105.84   IOA21D0BWP30P140
     3064 2.32E+03   MAOI222D0BWP30P140
      264  199.584   MAOI22D0BWP30P140
       36   27.216   MOAI22D0BWP30P140
     2405  1818.18   MUX2ND0BWP30P140
        1    1.764   MUX3D0BWP30P140
       32   52.416   MUX3ND0BWP30P140
       33   79.002   MUX4D0BWP30P140
      605  1372.14   MUX4ND0BWP30P140
      390   196.56   ND3D0BWP30P140
      192   120.96   ND4D0BWP30P140
     2853 1.08E+03   NR2D0BWP30P140
      793  399.672   NR3D0BWP30P140
      230    144.9   NR4D0BWP30P140
      127   96.012   OA211D0BWP30P140
      165   103.95   OA21D0BWP30P140
       63   55.566   OA22D0BWP30P140
      544   342.72   OAI211D0BWP30P140
     1552  782.208   OAI21D0BWP30P140
      128  112.896   OAI221D0BWP30P140
        1    1.008   OAI222D0BWP30P140
      511   321.93   OAI22D0BWP30P140
      321   202.23   OAI31D0BWP30P140
      159  120.204   OAI32D0BWP30P140
        1    0.882   OAI33D0BWP30P140
      731  368.424   OR2D0BWP30P140
       72    45.36   OR3D0BWP30P140
      163  123.228   OR4D0BWP30P140
     3625  3197.25   XNR2UD0BWP30P140
     1889 3.33E+03   XNR3UD0BWP30P140
       64  169.344   XNR4D0BWP30P140
     2662 2.35E+03   XOR2UD0BWP30P140
      672 1.19E+03   XOR3UD0BWP30P140
       97 2.87E+04 submodules
       31 1.25E+04   CustomFPAdder_exp7_mant21
       32 2.16E+03   CustomOperator_INT8_to_E4M3
        1  554.904   FP32Adder
       32 1.34E+04   ScaleAddition_INT8_to_E4M3_scale_UE4M4
        1  100.548   ScaleToFP32_INT8_x_E4M3_UE4M4

   Chip area for top module '\BFP_PE': 28849.590000
     of which used for sequential elements: 74.844000 (0.26%)

