
6. Printing statistics.

=== BFP_PE ===

        +----------Local Count, excluding submodules.
        |        +-Local Area, excluding submodules.
        |        | 
       88        - wires
      633        - wire bits
       68        - public wires
      613        - public wire bits
       10        - ports
      277        - port bits
       39   57.582 cells
       18   13.608   AO22D0BWP30P140
       19   43.092   DFCNQD1BWP30P140
        1    0.504   INR2D0BWP30P140
        1    0.378   NR2D0BWP30P140
       20        - submodules
       16        -   CustomOperator_E4M3_to_E2M3
        1        -   FPNAdder
        1        -   FixedFPTree_exp6_mant8_out8_vec16_range14
        1        -   ScaleAddition_E4M3_to_E2M3_scale_UE4M4
        1        -   ScaleToFP9b_E4M3_x_E2M3_UE4M4

   Chip area for module '\BFP_PE': 57.582000
     of which used for sequential elements: 43.092000 (74.84%)

=== FPNAdder ===

        +----------Local Count, excluding submodules.
        |        +-Local Area, excluding submodules.
        |        | 
      448        - wires
      529        - wire bits
        6        - public wires
       87        - public wire bits
        3        - ports
       54        - port bits
      460  285.516 cells
       21   10.584   AN2D0BWP30P140
        6     3.78   AN3D0BWP30P140
        8     5.04   AO21D0BWP30P140
        3    2.268   AO22D0BWP30P140
       12     7.56   AOI211D0BWP30P140
       19    9.576   AOI21D0BWP30P140
        5     3.78   AOI221D0BWP30P140
        1    1.008   AOI222D0BWP30P140
        6     3.78   AOI22D0BWP30P140
        5     3.15   AOI31D0BWP30P140
        1    0.756   AOI32D0BWP30P140
        1    0.882   AOI33D0BWP30P140
        8    7.056   CKMUX2D0BWP30P140
       27    6.804   CKND0BWP30P140
       28   10.584   CKND2D0BWP30P140
        5     3.15   IAO21D0BWP30P140
       16    8.064   IND2D0BWP30P140
        1     0.63   IND3D0BWP30P140
        2    1.512   IND4D0BWP30P140
       16    8.064   INR2D0BWP30P140
        2     1.26   INR3D0BWP30P140
        4    3.024   INR4D0BWP30P140
        1     0.63   IOA21D0BWP30P140
        6    4.536   MAOI222D0BWP30P140
        3    2.268   MAOI22D0BWP30P140
        3    2.268   MOAI22D0BWP30P140
       35    26.46   MUX2ND0BWP30P140
        3    5.292   MUX3D0BWP30P140
        1    1.638   MUX3ND0BWP30P140
        1    2.394   MUX4D0BWP30P140
        5    11.34   MUX4ND0BWP30P140
       11    5.544   ND3D0BWP30P140
        9     5.67   ND4D0BWP30P140
       43   16.254   NR2D0BWP30P140
       19    9.576   NR3D0BWP30P140
        7     4.41   NR4D0BWP30P140
        3    2.268   OA211D0BWP30P140
       11     6.93   OA21D0BWP30P140
        1    0.882   OA22D0BWP30P140
       12     7.56   OAI211D0BWP30P140
       12    6.048   OAI21D0BWP30P140
        3    2.646   OAI221D0BWP30P140
        7     4.41   OAI22D0BWP30P140
        6     3.78   OAI31D0BWP30P140
        1    0.756   OAI32D0BWP30P140
        1    0.882   OAI33D0BWP30P140
        9    4.536   OR2D0BWP30P140
        2     1.26   OR3D0BWP30P140
        2    1.512   OR4D0BWP30P140
       30    26.46   XNR2UD0BWP30P140
       15    13.23   XOR2UD0BWP30P140
        1    1.764   XOR3UD0BWP30P140

   Chip area for module '\FPNAdder': 285.516000
     of which used for sequential elements: 0.000000 (0.00%)

=== ScaleToFP9b_E4M3_x_E2M3_UE4M4 ===

        +----------Local Count, excluding submodules.
        |        +-Local Area, excluding submodules.
        |        | 
      147        - wires
      187        - wire bits
        4        - public wires
       44        - public wire bits
        4        - ports
       44        - port bits
      161  109.494 cells
        3    1.512   AN2D0BWP30P140
        1     0.63   AN3D0BWP30P140
        1     0.63   AO21D0BWP30P140
        2     1.26   AOI211D0BWP30P140
        8    4.032   AOI21D0BWP30P140
        1    0.756   AOI221D0BWP30P140
        1     0.63   AOI22D0BWP30P140
        4     2.52   AOI31D0BWP30P140
        1    0.882   CKMUX2D0BWP30P140
        7    1.764   CKND0BWP30P140
       11    4.158   CKND2D0BWP30P140
        6     3.78   IAO21D0BWP30P140
        4    2.016   IND2D0BWP30P140
        1    0.756   IND4D0BWP30P140
        6    3.024   INR2D0BWP30P140
        1     0.63   INR3D0BWP30P140
        1    0.756   INR4D0BWP30P140
        1    0.756   MAOI222D0BWP30P140
        1    0.756   MOAI22D0BWP30P140
       14   10.584   MUX2ND0BWP30P140
        1    1.638   MUX3ND0BWP30P140
        9   20.412   MUX4ND0BWP30P140
        3    1.512   ND3D0BWP30P140
        1     0.63   ND4D0BWP30P140
       12    4.536   NR2D0BWP30P140
        9    4.536   NR3D0BWP30P140
        5     3.15   NR4D0BWP30P140
        2     1.26   OA21D0BWP30P140
        1     0.63   OAI211D0BWP30P140
       15     7.56   OAI21D0BWP30P140
        4     2.52   OAI31D0BWP30P140
        3    1.512   OR2D0BWP30P140
        2     1.26   OR3D0BWP30P140
        2    1.512   OR4D0BWP30P140
       12   10.584   XNR2UD0BWP30P140
        5     4.41   XOR2UD0BWP30P140

   Chip area for module '\ScaleToFP9b_E4M3_x_E2M3_UE4M4': 109.494000
     of which used for sequential elements: 0.000000 (0.00%)

=== ScaleAddition_E4M3_to_E2M3_scale_UE4M4 ===

        +----------Local Count, excluding submodules.
        |        +-Local Area, excluding submodules.
        |        | 
      436        - wires
      485        - wire bits
        8        - public wires
       57        - public wire bits
        8        - ports
       57        - port bits
      453  326.592 cells
       13    6.552   AN2D0BWP30P140
        2     1.26   AN3D0BWP30P140
        3    2.268   AN4D0BWP30P140
        6     3.78   AO21D0BWP30P140
        1    0.756   AO22D0BWP30P140
        8    4.032   AOI21D0BWP30P140
        7     4.41   AOI22D0BWP30P140
        8     5.04   AOI31D0BWP30P140
        1    0.756   AOI32D0BWP30P140
       15     3.78   CKND0BWP30P140
       99   37.422   CKND2D0BWP30P140
        4     2.52   IAO21D0BWP30P140
        5     2.52   IND2D0BWP30P140
        1     0.63   IND3D0BWP30P140
       17    8.568   INR2D0BWP30P140
        2     1.26   INR3D0BWP30P140
        1     0.63   IOA21D0BWP30P140
       50     37.8   MAOI222D0BWP30P140
        9    4.536   ND3D0BWP30P140
        3     1.89   ND4D0BWP30P140
       25     9.45   NR2D0BWP30P140
        3    1.512   NR3D0BWP30P140
        3     1.89   OA21D0BWP30P140
        1     0.63   OAI211D0BWP30P140
        9    4.536   OAI21D0BWP30P140
        2     1.26   OAI22D0BWP30P140
        5     2.52   OR2D0BWP30P140
        2    1.512   OR4D0BWP30P140
       59   52.038   XNR2UD0BWP30P140
       29   51.156   XNR3UD0BWP30P140
        2    5.292   XNR4D0BWP30P140
       43   37.926   XOR2UD0BWP30P140
       15    26.46   XOR3UD0BWP30P140

   Chip area for module '\ScaleAddition_E4M3_to_E2M3_scale_UE4M4': 326.592000
     of which used for sequential elements: 0.000000 (0.00%)

=== FixedFPTree_exp6_mant8_out8_vec16_range14 ===

        +----------Local Count, excluding submodules.
        |        +-Local Area, excluding submodules.
        |        | 
     4695        - wires
     5347        - wire bits
       67        - public wires
      719        - public wire bits
       51        - ports
      255        - port bits
     4643  3230.01 cells
      122   61.488   AN2D0BWP30P140
       19    11.97   AN3D0BWP30P140
       16   12.096   AN4D0BWP30P140
       12    9.072   AO211D0BWP30P140
      188   118.44   AO21D0BWP30P140
       19   14.364   AO22D0BWP30P140
       59    37.17   AOI211D0BWP30P140
      239  120.456   AOI21D0BWP30P140
        8    6.048   AOI221D0BWP30P140
        1    1.008   AOI222D0BWP30P140
       49    30.87   AOI22D0BWP30P140
       52    32.76   AOI31D0BWP30P140
       18   13.608   AOI32D0BWP30P140
        6    5.292   AOI33D0BWP30P140
       63   55.566   CKMUX2D0BWP30P140
      238   59.976   CKND0BWP30P140
      346  130.788   CKND2D0BWP30P140
       49    30.87   IAO21D0BWP30P140
      113   56.952   IND2D0BWP30P140
       12     7.56   IND3D0BWP30P140
       10     7.56   IND4D0BWP30P140
       92   46.368   INR2D0BWP30P140
        2     1.26   INR3D0BWP30P140
        7    5.292   INR4D0BWP30P140
       82    51.66   IOA21D0BWP30P140
        6    5.292   IOA22D0BWP30P140
      217  164.052   MAOI222D0BWP30P140
       37   27.972   MAOI22D0BWP30P140
       15    11.34   MOAI22D0BWP30P140
      207  156.492   MUX2ND0BWP30P140
        8   14.112   MUX3D0BWP30P140
       14   22.932   MUX3ND0BWP30P140
       13   31.122   MUX4D0BWP30P140
       64  145.152   MUX4ND0BWP30P140
       62   31.248   ND3D0BWP30P140
       26    16.38   ND4D0BWP30P140
      461  174.258   NR2D0BWP30P140
       80    40.32   NR3D0BWP30P140
       30     18.9   NR4D0BWP30P140
       35    26.46   OA211D0BWP30P140
       28    17.64   OA21D0BWP30P140
       17   14.994   OA22D0BWP30P140
       33    20.79   OAI211D0BWP30P140
      138   69.552   OAI21D0BWP30P140
        1    0.882   OAI221D0BWP30P140
        1    1.008   OAI222D0BWP30P140
       53    33.39   OAI22D0BWP30P140
       24    15.12   OAI31D0BWP30P140
       24   18.144   OAI32D0BWP30P140
       20    17.64   OAI33D0BWP30P140
       75     37.8   OR2D0BWP30P140
       13     8.19   OR3D0BWP30P140
       10     7.56   OR4D0BWP30P140
      438  386.316   XNR2UD0BWP30P140
       86  151.704   XNR3UD0BWP30P140
        7   18.522   XNR4D0BWP30P140
      481  424.242   XOR2UD0BWP30P140
       96  169.344   XOR3UD0BWP30P140
        1    2.646   XOR4D0BWP30P140

   Chip area for module '\FixedFPTree_exp6_mant8_out8_vec16_range14': 3230.010000
     of which used for sequential elements: 0.000000 (0.00%)

=== CustomOperator_E4M3_to_E2M3 ===

        +----------Local Count, excluding submodules.
        |        +-Local Area, excluding submodules.
        |        | 
       60        - wires
       84        - wire bits
        5        - public wires
       29        - public wire bits
        5        - ports
       29        - port bits
       69   46.242 cells
        3    1.512   AN2D0BWP30P140
        2     1.26   AN3D0BWP30P140
        3    1.512   AOI21D0BWP30P140
        2     1.26   AOI22D0BWP30P140
        1     0.63   AOI31D0BWP30P140
        1    0.252   CKND0BWP30P140
        9    3.402   CKND2D0BWP30P140
        3    1.512   IND2D0BWP30P140
        1     0.63   IND3D0BWP30P140
        3    1.512   INR2D0BWP30P140
        5     3.78   MAOI222D0BWP30P140
        2    1.008   ND3D0BWP30P140
        1     0.63   ND4D0BWP30P140
        5     1.89   NR2D0BWP30P140
        2    1.008   NR3D0BWP30P140
        1     0.63   NR4D0BWP30P140
        1     0.63   OAI211D0BWP30P140
        4    2.016   OAI21D0BWP30P140
        2    1.008   OR2D0BWP30P140
        1    0.756   OR4D0BWP30P140
        7    6.174   XNR2UD0BWP30P140
        3    5.292   XNR3UD0BWP30P140
        5     4.41   XOR2UD0BWP30P140
        2    3.528   XOR3UD0BWP30P140

   Chip area for module '\CustomOperator_E4M3_to_E2M3': 46.242000
     of which used for sequential elements: 0.000000 (0.00%)

=== design hierarchy ===

        +----------Count including submodules.
        |        +-Area including submodules.
        |        | 
     6860 4.75E+03 BFP_PE
       69   46.242 CustomOperator_E4M3_to_E2M3
      460  285.516 FPNAdder
     4643  3230.01 FixedFPTree_exp6_mant8_out8_vec16_range14
      453  326.592 ScaleAddition_E4M3_to_E2M3_scale_UE4M4
      161  109.494 ScaleToFP9b_E4M3_x_E2M3_UE4M4

        +----------Count including submodules.
        |        +-Area including submodules.
        |        | 
     6774        - wires
     8525        - wire bits
      233        - public wires
     1984        - public wire bits
      156        - ports
     1151        - port bits
        -        - memories
        -        - memory bits
        -        - processes
     6860 4.75E+03 cells
      207  104.328   AN2D0BWP30P140
       60     37.8   AN3D0BWP30P140
       19   14.364   AN4D0BWP30P140
       12    9.072   AO211D0BWP30P140
      203   127.89   AO21D0BWP30P140
       41   30.996   AO22D0BWP30P140
       73    45.99   AOI211D0BWP30P140
      322  162.288   AOI21D0BWP30P140
       14   10.584   AOI221D0BWP30P140
        2    2.016   AOI222D0BWP30P140
       95    59.85   AOI22D0BWP30P140
       85    53.55   AOI31D0BWP30P140
       20    15.12   AOI32D0BWP30P140
        7    6.174   AOI33D0BWP30P140
       72   63.504   CKMUX2D0BWP30P140
      303   76.356   CKND0BWP30P140
      628  237.384   CKND2D0BWP30P140
       19   43.092   DFCNQD1BWP30P140
       64    40.32   IAO21D0BWP30P140
      186   93.744   IND2D0BWP30P140
       30     18.9   IND3D0BWP30P140
       13    9.828   IND4D0BWP30P140
      180    90.72   INR2D0BWP30P140
        7     4.41   INR3D0BWP30P140
       12    9.072   INR4D0BWP30P140
       84    52.92   IOA21D0BWP30P140
        6    5.292   IOA22D0BWP30P140
      354  267.624   MAOI222D0BWP30P140
       40    30.24   MAOI22D0BWP30P140
       19   14.364   MOAI22D0BWP30P140
      256  193.536   MUX2ND0BWP30P140
       11   19.404   MUX3D0BWP30P140
       16   26.208   MUX3ND0BWP30P140
       14   33.516   MUX4D0BWP30P140
       78  176.904   MUX4ND0BWP30P140
      117   58.968   ND3D0BWP30P140
       55    34.65   ND4D0BWP30P140
      622  235.116   NR2D0BWP30P140
      143   72.072   NR3D0BWP30P140
       58    36.54   NR4D0BWP30P140
       38   28.728   OA211D0BWP30P140
       44    27.72   OA21D0BWP30P140
       18   15.876   OA22D0BWP30P140
       63    39.69   OAI211D0BWP30P140
      238  119.952   OAI21D0BWP30P140
        4    3.528   OAI221D0BWP30P140
        1    1.008   OAI222D0BWP30P140
       62    39.06   OAI22D0BWP30P140
       34    21.42   OAI31D0BWP30P140
       25     18.9   OAI32D0BWP30P140
       21   18.522   OAI33D0BWP30P140
      124   62.496   OR2D0BWP30P140
       17    10.71   OR3D0BWP30P140
       32   24.192   OR4D0BWP30P140
      651  574.182   XNR2UD0BWP30P140
      163  287.532   XNR3UD0BWP30P140
        9   23.814   XNR4D0BWP30P140
      624  550.368   XOR2UD0BWP30P140
      144  254.016   XOR3UD0BWP30P140
        1    2.646   XOR4D0BWP30P140
       20 4.69E+03 submodules
       16  739.872   CustomOperator_E4M3_to_E2M3
        1  285.516   FPNAdder
        1  3230.01   FixedFPTree_exp6_mant8_out8_vec16_range14
        1  326.592   ScaleAddition_E4M3_to_E2M3_scale_UE4M4
        1  109.494   ScaleToFP9b_E4M3_x_E2M3_UE4M4

   Chip area for top module '\BFP_PE': 4749.066000
     of which used for sequential elements: 43.092000 (0.91%)

