
6. Printing statistics.

=== BFP_PE ===

        +----------Local Count, excluding submodules.
        |        +-Local Area, excluding submodules.
        |        | 
       78        - wires
      588        - wire bits
       44        - public wires
      554        - public wire bits
       10        - ports
      109        - port bits
       67   99.918 cells
       32   24.192   AO22D0BWP30P140
       33   74.844   DFCNQD1BWP30P140
        1    0.504   INR2D0BWP30P140
        1    0.378   NR2D0BWP30P140
       16        - submodules
        4        -   CustomOperator_E4M3_to_E3M2
        4        -   FP32Adder
        4        -   ScaleAddition_E4M3_to_E3M2_scale_UE4M4
        4        -   ScaleToFP32_E4M3_x_E3M2_UE4M4

   Chip area for module '\BFP_PE': 99.918000
     of which used for sequential elements: 74.844000 (74.91%)

=== FP32Adder ===

        +----------Local Count, excluding submodules.
        |        +-Local Area, excluding submodules.
        |        | 
      872        - wires
     1037        - wire bits
        6        - public wires
      171        - public wire bits
        3        - ports
       96        - port bits
      898  554.904 cells
       18    9.072   AN2D0BWP30P140
        5     3.15   AN3D0BWP30P140
        4    3.024   AN4D0BWP30P140
        2    1.512   AO211D0BWP30P140
       13     8.19   AO21D0BWP30P140
        4    3.024   AO22D0BWP30P140
       10      6.3   AOI211D0BWP30P140
       52   26.208   AOI21D0BWP30P140
       10     7.56   AOI221D0BWP30P140
        2    2.016   AOI222D0BWP30P140
       32    20.16   AOI22D0BWP30P140
        2     1.26   AOI31D0BWP30P140
       19   16.758   CKMUX2D0BWP30P140
       65    16.38   CKND0BWP30P140
       72   27.216   CKND2D0BWP30P140
        6     3.78   IAO21D0BWP30P140
       20    10.08   IND2D0BWP30P140
        1     0.63   IND3D0BWP30P140
        2    1.512   IND4D0BWP30P140
       21   10.584   INR2D0BWP30P140
        8     5.04   INR3D0BWP30P140
        3    2.268   INR4D0BWP30P140
        7     4.41   IOA21D0BWP30P140
       30    22.68   MAOI222D0BWP30P140
       15    11.34   MAOI22D0BWP30P140
        4    3.024   MOAI22D0BWP30P140
      114   86.184   MUX2ND0BWP30P140
        1    1.764   MUX3D0BWP30P140
        1    1.638   MUX3ND0BWP30P140
        2    4.788   MUX4D0BWP30P140
       16   36.288   MUX4ND0BWP30P140
       14    7.056   ND3D0BWP30P140
        5     3.15   ND4D0BWP30P140
       99   37.422   NR2D0BWP30P140
       35    17.64   NR3D0BWP30P140
        8     5.04   NR4D0BWP30P140
        2    1.512   OA211D0BWP30P140
        6     3.78   OA21D0BWP30P140
        1    0.882   OA22D0BWP30P140
       13     8.19   OAI211D0BWP30P140
       41   20.664   OAI21D0BWP30P140
        1    0.882   OAI221D0BWP30P140
        1    1.008   OAI222D0BWP30P140
       10      6.3   OAI22D0BWP30P140
        6     3.78   OAI31D0BWP30P140
        3    2.268   OAI32D0BWP30P140
        1    0.882   OAI33D0BWP30P140
        6    3.024   OR2D0BWP30P140
        8     5.04   OR3D0BWP30P140
        2    1.512   OR4D0BWP30P140
       51   44.982   XNR2UD0BWP30P140
        1    1.764   XNR3UD0BWP30P140
       23   20.286   XOR2UD0BWP30P140

   Chip area for module '\FP32Adder': 554.904000
     of which used for sequential elements: 0.000000 (0.00%)

=== ScaleToFP32_E4M3_x_E3M2_UE4M4 ===

        +----------Local Count, excluding submodules.
        |        +-Local Area, excluding submodules.
        |        | 
      117        - wires
      170        - wire bits
        4        - public wires
       57        - public wire bits
        4        - ports
       57        - port bits
      138   81.396 cells
        8    4.032   AN2D0BWP30P140
        1     0.63   AN3D0BWP30P140
        1     0.63   AO21D0BWP30P140
        1     0.63   AOI211D0BWP30P140
        9    4.536   AOI21D0BWP30P140
        3    2.268   AOI221D0BWP30P140
        1     0.63   AOI31D0BWP30P140
        7    6.174   CKMUX2D0BWP30P140
        6    1.512   CKND0BWP30P140
        4    1.512   CKND2D0BWP30P140
        8     5.04   IAO21D0BWP30P140
        4    2.016   IND2D0BWP30P140
        5     2.52   INR2D0BWP30P140
        2     1.26   IOA21D0BWP30P140
        1    0.756   MAOI222D0BWP30P140
       22   16.632   MUX2ND0BWP30P140
        1    0.504   ND3D0BWP30P140
        1     0.63   ND4D0BWP30P140
       16    6.048   NR2D0BWP30P140
       10     5.04   NR3D0BWP30P140
        4     2.52   NR4D0BWP30P140
        1    0.756   OA211D0BWP30P140
        1     0.63   OA21D0BWP30P140
        6    3.024   OAI21D0BWP30P140
        2     1.26   OAI22D0BWP30P140
        2     1.26   OAI31D0BWP30P140
        1    0.504   OR2D0BWP30P140
        1     0.63   OR3D0BWP30P140
        1    0.756   OR4D0BWP30P140
        7    6.174   XNR2UD0BWP30P140
        1    0.882   XOR2UD0BWP30P140

   Chip area for module '\ScaleToFP32_E4M3_x_E3M2_UE4M4': 81.396000
     of which used for sequential elements: 0.000000 (0.00%)

=== ScaleAddition_E4M3_to_E3M2_scale_UE4M4 ===

        +----------Local Count, excluding submodules.
        |        +-Local Area, excluding submodules.
        |        | 
      422        - wires
      469        - wire bits
        8        - public wires
       55        - public wire bits
        8        - ports
       55        - port bits
      438  325.458 cells
       21   10.584   AN2D0BWP30P140
        2     1.26   AN3D0BWP30P140
        4    3.024   AN4D0BWP30P140
        5     3.15   AO21D0BWP30P140
        3    2.268   AO22D0BWP30P140
        1     0.63   AOI211D0BWP30P140
        5     2.52   AOI21D0BWP30P140
        5     3.15   AOI22D0BWP30P140
        7     4.41   AOI31D0BWP30P140
        4    3.024   AOI32D0BWP30P140
       29    7.308   CKND0BWP30P140
       73   27.594   CKND2D0BWP30P140
        4     2.52   IAO21D0BWP30P140
       14    7.056   IND2D0BWP30P140
        3    2.268   IND4D0BWP30P140
        9    4.536   INR2D0BWP30P140
        1     0.63   IOA21D0BWP30P140
       45    34.02   MAOI222D0BWP30P140
        1    0.756   MAOI22D0BWP30P140
        2    1.512   MOAI22D0BWP30P140
       13    6.552   ND3D0BWP30P140
        3     1.89   ND4D0BWP30P140
       23    8.694   NR2D0BWP30P140
        5     2.52   NR3D0BWP30P140
        1     0.63   NR4D0BWP30P140
        5     3.15   OA21D0BWP30P140
        1    0.882   OA22D0BWP30P140
        1     0.63   OAI211D0BWP30P140
        5     2.52   OAI21D0BWP30P140
        1    0.882   OAI221D0BWP30P140
        4     2.52   OAI22D0BWP30P140
        1     0.63   OAI31D0BWP30P140
        7    3.528   OR2D0BWP30P140
        2    1.512   OR4D0BWP30P140
       47   41.454   XNR2UD0BWP30P140
       28   49.392   XNR3UD0BWP30P140
        7   18.522   XNR4D0BWP30P140
       31   27.342   XOR2UD0BWP30P140
       11   19.404   XOR3UD0BWP30P140
        4   10.584   XOR4D0BWP30P140

   Chip area for module '\ScaleAddition_E4M3_to_E3M2_scale_UE4M4': 325.458000
     of which used for sequential elements: 0.000000 (0.00%)

=== CustomOperator_E4M3_to_E3M2 ===

        +----------Local Count, excluding submodules.
        |        +-Local Area, excluding submodules.
        |        | 
       51        - wires
       74        - wire bits
        5        - public wires
       28        - public wire bits
        5        - ports
       28        - port bits
       59    40.95 cells
        2    1.008   AN2D0BWP30P140
        1     0.63   AN3D0BWP30P140
        1    0.756   AN4D0BWP30P140
        2    1.008   AOI21D0BWP30P140
        1     0.63   AOI22D0BWP30P140
        1     0.63   AOI31D0BWP30P140
        2    0.504   CKND0BWP30P140
        8    3.024   CKND2D0BWP30P140
        1    0.504   INR2D0BWP30P140
        6    4.536   MAOI222D0BWP30P140
        1    0.756   MOAI22D0BWP30P140
        1    0.504   ND3D0BWP30P140
        4    1.512   NR2D0BWP30P140
        1    0.504   NR3D0BWP30P140
        1     0.63   NR4D0BWP30P140
        1    0.504   OAI21D0BWP30P140
        2     1.26   OAI22D0BWP30P140
        2     1.26   OAI31D0BWP30P140
        2    1.008   OR2D0BWP30P140
        1     0.63   OR3D0BWP30P140
        2    1.512   OR4D0BWP30P140
        3    2.646   XNR2UD0BWP30P140
        1    1.764   XNR3UD0BWP30P140
        9    7.938   XOR2UD0BWP30P140
        3    5.292   XOR3UD0BWP30P140

   Chip area for module '\CustomOperator_E4M3_to_E3M2': 40.950000
     of which used for sequential elements: 0.000000 (0.00%)

=== design hierarchy ===

        +----------Count including submodules.
        |        +-Area including submodules.
        |        | 
     6199  4110.75 BFP_PE
       59    40.95 CustomOperator_E4M3_to_E3M2
      898  554.904 FP32Adder
      438  325.458 ScaleAddition_E4M3_to_E3M2_scale_UE4M4
      138   81.396 ScaleToFP32_E4M3_x_E3M2_UE4M4

        +----------Count including submodules.
        |        +-Area including submodules.
        |        | 
     5926        - wires
     7588        - wire bits
      136        - public wires
     1798        - public wire bits
       90        - ports
     1053        - port bits
        -        - memories
        -        - memory bits
        -        - processes
     6199  4110.75 cells
      196   98.784   AN2D0BWP30P140
       36    22.68   AN3D0BWP30P140
       36   27.216   AN4D0BWP30P140
        8    6.048   AO211D0BWP30P140
       76    47.88   AO21D0BWP30P140
       60    45.36   AO22D0BWP30P140
       48    30.24   AOI211D0BWP30P140
      272  137.088   AOI21D0BWP30P140
       52   39.312   AOI221D0BWP30P140
        8    8.064   AOI222D0BWP30P140
      152    95.76   AOI22D0BWP30P140
       44    27.72   AOI31D0BWP30P140
       16   12.096   AOI32D0BWP30P140
      104   91.728   CKMUX2D0BWP30P140
      408  102.816   CKND0BWP30P140
      628  237.384   CKND2D0BWP30P140
       33   74.844   DFCNQD1BWP30P140
       72    45.36   IAO21D0BWP30P140
      152   76.608   IND2D0BWP30P140
        4     2.52   IND3D0BWP30P140
       20    15.12   IND4D0BWP30P140
      145    73.08   INR2D0BWP30P140
       32    20.16   INR3D0BWP30P140
       12    9.072   INR4D0BWP30P140
       40     25.2   IOA21D0BWP30P140
      328  247.968   MAOI222D0BWP30P140
       64   48.384   MAOI22D0BWP30P140
       28   21.168   MOAI22D0BWP30P140
      544  411.264   MUX2ND0BWP30P140
        4    7.056   MUX3D0BWP30P140
        4    6.552   MUX3ND0BWP30P140
        8   19.152   MUX4D0BWP30P140
       64  145.152   MUX4ND0BWP30P140
      116   58.464   ND3D0BWP30P140
       36    22.68   ND4D0BWP30P140
      569  215.082   NR2D0BWP30P140
      204  102.816   NR3D0BWP30P140
       56    35.28   NR4D0BWP30P140
       12    9.072   OA211D0BWP30P140
       48    30.24   OA21D0BWP30P140
        8    7.056   OA22D0BWP30P140
       56    35.28   OAI211D0BWP30P140
      212  106.848   OAI21D0BWP30P140
        8    7.056   OAI221D0BWP30P140
        4    4.032   OAI222D0BWP30P140
       72    45.36   OAI22D0BWP30P140
       44    27.72   OAI31D0BWP30P140
       12    9.072   OAI32D0BWP30P140
        4    3.528   OAI33D0BWP30P140
       64   32.256   OR2D0BWP30P140
       40     25.2   OR3D0BWP30P140
       28   21.168   OR4D0BWP30P140
      432  381.024   XNR2UD0BWP30P140
      120   211.68   XNR3UD0BWP30P140
       28   74.088   XNR4D0BWP30P140
      256  225.792   XOR2UD0BWP30P140
       56   98.784   XOR3UD0BWP30P140
       16   42.336   XOR4D0BWP30P140
       16 4.01E+03 submodules
        4    163.8   CustomOperator_E4M3_to_E3M2
        4 2.22E+03   FP32Adder
        4  1.3E+03   ScaleAddition_E4M3_to_E3M2_scale_UE4M4
        4  325.584   ScaleToFP32_E4M3_x_E3M2_UE4M4

   Chip area for top module '\BFP_PE': 4110.750000
     of which used for sequential elements: 74.844000 (1.82%)

