
6. Printing statistics.

=== BFP_PE ===

        +----------Local Count, excluding submodules.
        |        +-Local Area, excluding submodules.
        |        | 
       78        - wires
      628        - wire bits
       44        - public wires
      594        - public wire bits
       10        - ports
      117        - port bits
       67   99.918 cells
       32   24.192   AO22D0BWP30P140
       33   74.844   DFCNQD1BWP30P140
        1    0.504   INR2D0BWP30P140
        1    0.378   NR2D0BWP30P140
       16        - submodules
        4        -   CustomOperator_INT8_to_E4M3
        4        -   FP32Adder
        4        -   ScaleAddition_INT8_to_E4M3_scale_UE4M4
        4        -   ScaleToFP32_INT8_x_E4M3_UE4M4

   Chip area for module '\BFP_PE': 99.918000
     of which used for sequential elements: 74.844000 (74.91%)

=== FP32Adder ===

        +----------Local Count, excluding submodules.
        |        +-Local Area, excluding submodules.
        |        | 
      872        - wires
     1037        - wire bits
        6        - public wires
      171        - public wire bits
        3        - ports
       96        - port bits
      898  554.904 cells
       18    9.072   AN2D0BWP30P140
        5     3.15   AN3D0BWP30P140
        4    3.024   AN4D0BWP30P140
        2    1.512   AO211D0BWP30P140
       13     8.19   AO21D0BWP30P140
        4    3.024   AO22D0BWP30P140
       10      6.3   AOI211D0BWP30P140
       52   26.208   AOI21D0BWP30P140
       10     7.56   AOI221D0BWP30P140
        2    2.016   AOI222D0BWP30P140
       32    20.16   AOI22D0BWP30P140
        2     1.26   AOI31D0BWP30P140
       19   16.758   CKMUX2D0BWP30P140
       65    16.38   CKND0BWP30P140
       72   27.216   CKND2D0BWP30P140
        6     3.78   IAO21D0BWP30P140
       20    10.08   IND2D0BWP30P140
        1     0.63   IND3D0BWP30P140
        2    1.512   IND4D0BWP30P140
       21   10.584   INR2D0BWP30P140
        8     5.04   INR3D0BWP30P140
        3    2.268   INR4D0BWP30P140
        7     4.41   IOA21D0BWP30P140
       30    22.68   MAOI222D0BWP30P140
       15    11.34   MAOI22D0BWP30P140
        4    3.024   MOAI22D0BWP30P140
      114   86.184   MUX2ND0BWP30P140
        1    1.764   MUX3D0BWP30P140
        1    1.638   MUX3ND0BWP30P140
        2    4.788   MUX4D0BWP30P140
       16   36.288   MUX4ND0BWP30P140
       14    7.056   ND3D0BWP30P140
        5     3.15   ND4D0BWP30P140
       99   37.422   NR2D0BWP30P140
       35    17.64   NR3D0BWP30P140
        8     5.04   NR4D0BWP30P140
        2    1.512   OA211D0BWP30P140
        6     3.78   OA21D0BWP30P140
        1    0.882   OA22D0BWP30P140
       13     8.19   OAI211D0BWP30P140
       41   20.664   OAI21D0BWP30P140
        1    0.882   OAI221D0BWP30P140
        1    1.008   OAI222D0BWP30P140
       10      6.3   OAI22D0BWP30P140
        6     3.78   OAI31D0BWP30P140
        3    2.268   OAI32D0BWP30P140
        1    0.882   OAI33D0BWP30P140
        6    3.024   OR2D0BWP30P140
        8     5.04   OR3D0BWP30P140
        2    1.512   OR4D0BWP30P140
       51   44.982   XNR2UD0BWP30P140
        1    1.764   XNR3UD0BWP30P140
       23   20.286   XOR2UD0BWP30P140

   Chip area for module '\FP32Adder': 554.904000
     of which used for sequential elements: 0.000000 (0.00%)

=== ScaleToFP32_INT8_x_E4M3_UE4M4 ===

        +----------Local Count, excluding submodules.
        |        +-Local Area, excluding submodules.
        |        | 
      141        - wires
      198        - wire bits
        4        - public wires
       61        - public wire bits
        4        - ports
       61        - port bits
      166  100.548 cells
        7    3.528   AN2D0BWP30P140
        1     0.63   AN3D0BWP30P140
        1    0.756   AO211D0BWP30P140
        3     1.89   AO21D0BWP30P140
        4     2.52   AOI211D0BWP30P140
        8    4.032   AOI21D0BWP30P140
        2    1.512   AOI221D0BWP30P140
       18   15.876   CKMUX2D0BWP30P140
        8    2.016   CKND0BWP30P140
        7    2.646   CKND2D0BWP30P140
        3     1.89   IAO21D0BWP30P140
        2    1.008   IND2D0BWP30P140
        4    2.016   INR2D0BWP30P140
        1     0.63   INR3D0BWP30P140
        1     0.63   IOA21D0BWP30P140
        1    0.756   MAOI222D0BWP30P140
        1    0.756   MAOI22D0BWP30P140
        1    0.756   MOAI22D0BWP30P140
       28   21.168   MUX2ND0BWP30P140
        1    0.504   ND3D0BWP30P140
       22    8.316   NR2D0BWP30P140
        8    4.032   NR3D0BWP30P140
        4     2.52   NR4D0BWP30P140
        3     1.89   OA21D0BWP30P140
        1     0.63   OAI211D0BWP30P140
        7    3.528   OAI21D0BWP30P140
        1    0.882   OAI221D0BWP30P140
        1     0.63   OAI22D0BWP30P140
        4     2.52   OAI31D0BWP30P140
        2    1.008   OR2D0BWP30P140
        1     0.63   OR3D0BWP30P140
        3    2.268   OR4D0BWP30P140
        3    2.646   XNR2UD0BWP30P140
        4    3.528   XOR2UD0BWP30P140

   Chip area for module '\ScaleToFP32_INT8_x_E4M3_UE4M4': 100.548000
     of which used for sequential elements: 0.000000 (0.00%)

=== ScaleAddition_INT8_to_E4M3_scale_UE4M4 ===

        +----------Local Count, excluding submodules.
        |        +-Local Area, excluding submodules.
        |        | 
      545        - wires
      600        - wire bits
        8        - public wires
       63        - public wire bits
        8        - ports
       63        - port bits
      565  419.076 cells
       10     5.04   AN2D0BWP30P140
        3     1.89   AN3D0BWP30P140
        2    1.512   AN4D0BWP30P140
        3     1.89   AO21D0BWP30P140
        1    0.756   AO22D0BWP30P140
       10     5.04   AOI21D0BWP30P140
        3     1.89   AOI22D0BWP30P140
        4     2.52   AOI31D0BWP30P140
        1    0.756   AOI32D0BWP30P140
       20     5.04   CKND0BWP30P140
      144   54.432   CKND2D0BWP30P140
        1     0.63   IAO21D0BWP30P140
       13    6.552   IND2D0BWP30P140
        1    0.756   IND4D0BWP30P140
       15     7.56   INR2D0BWP30P140
        5     3.15   IOA21D0BWP30P140
       78   58.968   MAOI222D0BWP30P140
        2    1.008   ND3D0BWP30P140
        1     0.63   ND4D0BWP30P140
       30    11.34   NR2D0BWP30P140
        5     2.52   NR3D0BWP30P140
        1     0.63   NR4D0BWP30P140
        1    0.756   OA211D0BWP30P140
        1     0.63   OA21D0BWP30P140
        1     0.63   OAI211D0BWP30P140
       10     5.04   OAI21D0BWP30P140
        2    1.764   OAI221D0BWP30P140
        2     1.26   OAI22D0BWP30P140
        1    0.756   OAI32D0BWP30P140
        8    4.032   OR2D0BWP30P140
        1     0.63   OR3D0BWP30P140
        2    1.512   OR4D0BWP30P140
       56   49.392   XNR2UD0BWP30P140
       54   95.256   XNR3UD0BWP30P140
        2    5.292   XNR4D0BWP30P140
       54   47.628   XOR2UD0BWP30P140
       17   29.988   XOR3UD0BWP30P140

   Chip area for module '\ScaleAddition_INT8_to_E4M3_scale_UE4M4': 419.076000
     of which used for sequential elements: 0.000000 (0.00%)

=== CustomOperator_INT8_to_E4M3 ===

        +----------Local Count, excluding submodules.
        |        +-Local Area, excluding submodules.
        |        | 
      104        - wires
      137        - wire bits
        6        - public wires
       39        - public wire bits
        5        - ports
       34        - port bits
      115    79.38 cells
        7    3.528   AN2D0BWP30P140
        2    1.512   AN4D0BWP30P140
        1     0.63   AO21D0BWP30P140
        1    0.756   AO22D0BWP30P140
        2    1.008   AOI21D0BWP30P140
        5     1.26   CKND0BWP30P140
       25     9.45   CKND2D0BWP30P140
        3    1.512   IND2D0BWP30P140
        2    1.008   INR2D0BWP30P140
        2     1.26   IOA21D0BWP30P140
       12    9.072   MAOI222D0BWP30P140
        2    1.008   ND3D0BWP30P140
        3    1.134   NR2D0BWP30P140
        1    0.504   NR3D0BWP30P140
        1     0.63   OAI211D0BWP30P140
        6    3.024   OAI21D0BWP30P140
        1     0.63   OAI22D0BWP30P140
        2     1.26   OAI31D0BWP30P140
        1    0.504   OR2D0BWP30P140
       18   15.876   XNR2UD0BWP30P140
        6   10.584   XNR3UD0BWP30P140
        9    7.938   XOR2UD0BWP30P140
        3    5.292   XOR3UD0BWP30P140

   Chip area for module '\CustomOperator_INT8_to_E4M3': 79.380000
     of which used for sequential elements: 0.000000 (0.00%)

=== design hierarchy ===

        +----------Count including submodules.
        |        +-Area including submodules.
        |        | 
     7043  4715.55 BFP_PE
      115    79.38 CustomOperator_INT8_to_E4M3
      898  554.904 FP32Adder
      565  419.076 ScaleAddition_INT8_to_E4M3_scale_UE4M4
      166  100.548 ScaleToFP32_INT8_x_E4M3_UE4M4

        +----------Count including submodules.
        |        +-Area including submodules.
        |        | 
     6726        - wires
     8516        - wire bits
      140        - public wires
     1930        - public wire bits
       90        - ports
     1133        - port bits
        -        - memories
        -        - memory bits
        -        - processes
     7043  4715.55 cells
      168   84.672   AN2D0BWP30P140
       36    22.68   AN3D0BWP30P140
       32   24.192   AN4D0BWP30P140
       12    9.072   AO211D0BWP30P140
       80     50.4   AO21D0BWP30P140
       56   42.336   AO22D0BWP30P140
       56    35.28   AOI211D0BWP30P140
      288  145.152   AOI21D0BWP30P140
       48   36.288   AOI221D0BWP30P140
        8    8.064   AOI222D0BWP30P140
      140     88.2   AOI22D0BWP30P140
       24    15.12   AOI31D0BWP30P140
        4    3.024   AOI32D0BWP30P140
      148  130.536   CKMUX2D0BWP30P140
      392   98.784   CKND0BWP30P140
      992  374.976   CKND2D0BWP30P140
       33   74.844   DFCNQD1BWP30P140
       40     25.2   IAO21D0BWP30P140
      152   76.608   IND2D0BWP30P140
        4     2.52   IND3D0BWP30P140
       12    9.072   IND4D0BWP30P140
      169   85.176   INR2D0BWP30P140
       36    22.68   INR3D0BWP30P140
       12    9.072   INR4D0BWP30P140
       60     37.8   IOA21D0BWP30P140
      484  365.904   MAOI222D0BWP30P140
       64   48.384   MAOI22D0BWP30P140
       20    15.12   MOAI22D0BWP30P140
      568  429.408   MUX2ND0BWP30P140
        4    7.056   MUX3D0BWP30P140
        4    6.552   MUX3ND0BWP30P140
        8   19.152   MUX4D0BWP30P140
       64  145.152   MUX4ND0BWP30P140
       76   38.304   ND3D0BWP30P140
       24    15.12   ND4D0BWP30P140
      617  233.226   NR2D0BWP30P140
      196   98.784   NR3D0BWP30P140
       52    32.76   NR4D0BWP30P140
       12    9.072   OA211D0BWP30P140
       40     25.2   OA21D0BWP30P140
        4    3.528   OA22D0BWP30P140
       64    40.32   OAI211D0BWP30P140
      256  129.024   OAI21D0BWP30P140
       16   14.112   OAI221D0BWP30P140
        4    4.032   OAI222D0BWP30P140
       56    35.28   OAI22D0BWP30P140
       48    30.24   OAI31D0BWP30P140
       16   12.096   OAI32D0BWP30P140
        4    3.528   OAI33D0BWP30P140
       68   34.272   OR2D0BWP30P140
       40     25.2   OR3D0BWP30P140
       28   21.168   OR4D0BWP30P140
      512  451.584   XNR2UD0BWP30P140
      244  430.416   XNR3UD0BWP30P140
        8   21.168   XNR4D0BWP30P140
      360   317.52   XOR2UD0BWP30P140
       80   141.12   XOR3UD0BWP30P140
       16 4.62E+03 submodules
        4   317.52   CustomOperator_INT8_to_E4M3
        4 2.22E+03   FP32Adder
        4 1.68E+03   ScaleAddition_INT8_to_E4M3_scale_UE4M4
        4  402.192   ScaleToFP32_INT8_x_E4M3_UE4M4

   Chip area for top module '\BFP_PE': 4715.550000
     of which used for sequential elements: 74.844000 (1.59%)

