
6. Printing statistics.

=== BFP_PE ===

        +----------Local Count, excluding submodules.
        |        +-Local Area, excluding submodules.
        |        | 
       89        - wires
      637        - wire bits
       68        - public wires
      616        - public wire bits
       10        - ports
      277        - port bits
       41   60.606 cells
       19   14.364   AO22D0BWP30P140
       20    45.36   DFCNQD1BWP30P140
        1    0.504   INR2D0BWP30P140
        1    0.378   NR2D0BWP30P140
       20        - submodules
       16        -   CustomOperator_E5M2_to_E2M3
        1        -   FPNAdder
        1        -   FixedFPTree_exp7_mant7_out7_vec16_range30
        1        -   ScaleAddition_E5M2_to_E2M3_scale_UE4M4
        1        -   ScaleToFP10b_E5M2_x_E2M3_UE4M4

   Chip area for module '\BFP_PE': 60.606000
     of which used for sequential elements: 45.360000 (74.84%)

=== FPNAdder ===

        +----------Local Count, excluding submodules.
        |        +-Local Area, excluding submodules.
        |        | 
      508        - wires
      595        - wire bits
        6        - public wires
       93        - public wire bits
        3        - ports
       57        - port bits
      521  319.662 cells
        6    3.024   AN2D0BWP30P140
        6     3.78   AN3D0BWP30P140
        1    0.756   AN4D0BWP30P140
        1    0.756   AO211D0BWP30P140
        9     5.67   AO21D0BWP30P140
       16    10.08   AOI211D0BWP30P140
       25     12.6   AOI21D0BWP30P140
        5     3.78   AOI221D0BWP30P140
        2    2.016   AOI222D0BWP30P140
        5     3.15   AOI22D0BWP30P140
        4     2.52   AOI31D0BWP30P140
        5     3.78   AOI32D0BWP30P140
       12   10.584   CKMUX2D0BWP30P140
       24    6.048   CKND0BWP30P140
       27   10.206   CKND2D0BWP30P140
        7     4.41   IAO21D0BWP30P140
       29   14.616   IND2D0BWP30P140
        2     1.26   IND3D0BWP30P140
        1    0.756   IND4D0BWP30P140
       15     7.56   INR2D0BWP30P140
        4     2.52   INR3D0BWP30P140
        2    1.512   INR4D0BWP30P140
        2     1.26   IOA21D0BWP30P140
        7    5.292   MAOI222D0BWP30P140
        1    0.756   MAOI22D0BWP30P140
        3    2.268   MOAI22D0BWP30P140
       47   35.532   MUX2ND0BWP30P140
        3    4.914   MUX3ND0BWP30P140
        1    2.394   MUX4D0BWP30P140
        3    6.804   MUX4ND0BWP30P140
       14    7.056   ND3D0BWP30P140
        4     2.52   ND4D0BWP30P140
       48   18.144   NR2D0BWP30P140
       26   13.104   NR3D0BWP30P140
       29    18.27   NR4D0BWP30P140
        3    2.268   OA211D0BWP30P140
        3     1.89   OA21D0BWP30P140
        1    0.882   OA22D0BWP30P140
        6     3.78   OAI211D0BWP30P140
       22   11.088   OAI21D0BWP30P140
        2    1.764   OAI221D0BWP30P140
        1    1.008   OAI222D0BWP30P140
        7     4.41   OAI22D0BWP30P140
        9     5.67   OAI31D0BWP30P140
        3    2.268   OAI32D0BWP30P140
       14    7.056   OR2D0BWP30P140
        1     0.63   OR3D0BWP30P140
        3    2.268   OR4D0BWP30P140
       32   28.224   XNR2UD0BWP30P140
        1    1.764   XNR3UD0BWP30P140
       17   14.994   XOR2UD0BWP30P140

   Chip area for module '\FPNAdder': 319.662000
     of which used for sequential elements: 0.000000 (0.00%)

=== ScaleToFP10b_E5M2_x_E2M3_UE4M4 ===

        +----------Local Count, excluding submodules.
        |        +-Local Area, excluding submodules.
        |        | 
      169        - wires
      210        - wire bits
        4        - public wires
       45        - public wire bits
        4        - ports
       45        - port bits
      184   112.77 cells
        7    3.528   AN2D0BWP30P140
        2     1.26   AN3D0BWP30P140
        3     1.89   AO21D0BWP30P140
        5     3.15   AOI211D0BWP30P140
       16    8.064   AOI21D0BWP30P140
        2    1.512   AOI221D0BWP30P140
        6    5.292   CKMUX2D0BWP30P140
        9    2.268   CKND0BWP30P140
       12    4.536   CKND2D0BWP30P140
        3     1.89   IAO21D0BWP30P140
        2    1.008   IND2D0BWP30P140
        1     0.63   IND3D0BWP30P140
        1    0.756   IND4D0BWP30P140
        5     2.52   INR2D0BWP30P140
        1     0.63   INR3D0BWP30P140
        4    3.024   INR4D0BWP30P140
        6     3.78   IOA21D0BWP30P140
        3    2.268   MAOI222D0BWP30P140
        1    0.756   MOAI22D0BWP30P140
       12    9.072   MUX2ND0BWP30P140
        2    3.276   MUX3ND0BWP30P140
        3    6.804   MUX4ND0BWP30P140
        1    0.504   ND3D0BWP30P140
        1     0.63   ND4D0BWP30P140
       17    6.426   NR2D0BWP30P140
       12    6.048   NR3D0BWP30P140
        7     4.41   NR4D0BWP30P140
        4     2.52   OA21D0BWP30P140
        2     1.26   OAI211D0BWP30P140
        8    4.032   OAI21D0BWP30P140
        1     0.63   OAI22D0BWP30P140
        4     2.52   OAI31D0BWP30P140
        1    0.756   OAI32D0BWP30P140
        6    3.024   OR2D0BWP30P140
        1     0.63   OR3D0BWP30P140
       11    9.702   XNR2UD0BWP30P140
        2    1.764   XOR2UD0BWP30P140

   Chip area for module '\ScaleToFP10b_E5M2_x_E2M3_UE4M4': 112.770000
     of which used for sequential elements: 0.000000 (0.00%)

=== ScaleAddition_E5M2_to_E2M3_scale_UE4M4 ===

        +----------Local Count, excluding submodules.
        |        +-Local Area, excluding submodules.
        |        | 
      414        - wires
      463        - wire bits
        8        - public wires
       57        - public wire bits
        8        - ports
       57        - port bits
      431  324.324 cells
       22   11.088   AN2D0BWP30P140
        8     5.04   AN3D0BWP30P140
        2    1.512   AN4D0BWP30P140
        1    0.756   AO211D0BWP30P140
        5     3.15   AO21D0BWP30P140
        3    2.268   AO22D0BWP30P140
        1     0.63   AOI211D0BWP30P140
       14    7.056   AOI21D0BWP30P140
        6     3.78   AOI22D0BWP30P140
        6     3.78   AOI31D0BWP30P140
        3    2.268   AOI32D0BWP30P140
       26    6.552   CKND0BWP30P140
       76   28.728   CKND2D0BWP30P140
        6     3.78   IAO21D0BWP30P140
        8    4.032   IND2D0BWP30P140
        2    1.512   IND4D0BWP30P140
        9    4.536   INR2D0BWP30P140
        1     0.63   INR3D0BWP30P140
        1     0.63   IOA21D0BWP30P140
       46   34.776   MAOI222D0BWP30P140
        2    1.512   MOAI22D0BWP30P140
        9    4.536   ND3D0BWP30P140
        4     2.52   ND4D0BWP30P140
       18    6.804   NR2D0BWP30P140
        3    1.512   NR3D0BWP30P140
        4     2.52   OA21D0BWP30P140
        2    1.764   OA22D0BWP30P140
        5     2.52   OAI21D0BWP30P140
        2     1.26   OAI22D0BWP30P140
        1    0.756   OAI32D0BWP30P140
        6    3.024   OR2D0BWP30P140
        2    1.512   OR4D0BWP30P140
       40    35.28   XNR2UD0BWP30P140
       29   51.156   XNR3UD0BWP30P140
       12   31.752   XNR4D0BWP30P140
       36   31.752   XOR2UD0BWP30P140
       10    17.64   XOR3UD0BWP30P140

   Chip area for module '\ScaleAddition_E5M2_to_E2M3_scale_UE4M4': 324.324000
     of which used for sequential elements: 0.000000 (0.00%)

=== FixedFPTree_exp7_mant7_out7_vec16_range30 ===

        +----------Local Count, excluding submodules.
        |        +-Local Area, excluding submodules.
        |        | 
     6931        - wires
     7897        - wire bits
       72        - public wires
     1038        - public wire bits
       51        - ports
      255        - port bits
     6874 4.69E+03 cells
      183   92.232   AN2D0BWP30P140
       37    23.31   AN3D0BWP30P140
       20    15.12   AN4D0BWP30P140
       21   15.876   AO211D0BWP30P140
      231   145.53   AO21D0BWP30P140
       17   12.852   AO22D0BWP30P140
      104    65.52   AOI211D0BWP30P140
      333  167.832   AOI21D0BWP30P140
       16   12.096   AOI221D0BWP30P140
       32    20.16   AOI22D0BWP30P140
       49    30.87   AOI31D0BWP30P140
       34   25.704   AOI32D0BWP30P140
        9    7.938   AOI33D0BWP30P140
       88   77.616   CKMUX2D0BWP30P140
      365    91.98   CKND0BWP30P140
      661  249.858   CKND2D0BWP30P140
       70     44.1   IAO21D0BWP30P140
        1    0.882   IAO22D0BWP30P140
      144   72.576   IND2D0BWP30P140
       24    15.12   IND3D0BWP30P140
        7    5.292   IND4D0BWP30P140
      117   58.968   INR2D0BWP30P140
       11     6.93   INR3D0BWP30P140
       11    8.316   INR4D0BWP30P140
      155    97.65   IOA21D0BWP30P140
      341  257.796   MAOI222D0BWP30P140
       23   17.388   MAOI22D0BWP30P140
       31   23.436   MOAI22D0BWP30P140
      214  161.784   MUX2ND0BWP30P140
        7   12.348   MUX3D0BWP30P140
       37   60.606   MUX3ND0BWP30P140
       14   33.516   MUX4D0BWP30P140
       64  145.152   MUX4ND0BWP30P140
      123   61.992   ND3D0BWP30P140
       46    28.98   ND4D0BWP30P140
      676  255.528   NR2D0BWP30P140
      127   64.008   NR3D0BWP30P140
       28    17.64   NR4D0BWP30P140
       12    9.072   OA211D0BWP30P140
       71    44.73   OA21D0BWP30P140
        8    7.056   OA22D0BWP30P140
       35    22.05   OAI211D0BWP30P140
      204  102.816   OAI21D0BWP30P140
        3    2.646   OAI221D0BWP30P140
        3    3.024   OAI222D0BWP30P140
       30     18.9   OAI22D0BWP30P140
       65    40.95   OAI31D0BWP30P140
       28   21.168   OAI32D0BWP30P140
       10     8.82   OAI33D0BWP30P140
      119   59.976   OR2D0BWP30P140
       15     9.45   OR3D0BWP30P140
        9    6.804   OR4D0BWP30P140
      860   758.52   XNR2UD0BWP30P140
      136  239.904   XNR3UD0BWP30P140
       12   31.752   XNR4D0BWP30P140
      662  583.884   XOR2UD0BWP30P140
      118  208.152   XOR3UD0BWP30P140
        3    7.938   XOR4D0BWP30P140

   Chip area for module '\FixedFPTree_exp7_mant7_out7_vec16_range30': 4692.114000
     of which used for sequential elements: 0.000000 (0.00%)

=== CustomOperator_E5M2_to_E2M3 ===

        +----------Local Count, excluding submodules.
        |        +-Local Area, excluding submodules.
        |        | 
       39        - wires
       63        - wire bits
        5        - public wires
       29        - public wire bits
        5        - ports
       29        - port bits
       48   32.004 cells
        1    0.504   AN2D0BWP30P140
        1    0.504   AOI21D0BWP30P140
        1     0.63   AOI22D0BWP30P140
        1     0.63   AOI31D0BWP30P140
        6    2.268   CKND2D0BWP30P140
        1     0.63   IAO21D0BWP30P140
        3    1.512   IND2D0BWP30P140
        2    1.008   INR2D0BWP30P140
        3    2.268   MAOI222D0BWP30P140
        2    1.008   ND3D0BWP30P140
        1    0.504   NR3D0BWP30P140
        1     0.63   OAI211D0BWP30P140
        8    4.032   OAI21D0BWP30P140
        1     0.63   OAI22D0BWP30P140
        1    0.504   OR2D0BWP30P140
        1     0.63   OR3D0BWP30P140
        5     4.41   XNR2UD0BWP30P140
        2    3.528   XNR3UD0BWP30P140
        7    6.174   XOR2UD0BWP30P140

   Chip area for module '\CustomOperator_E5M2_to_E2M3': 32.004000
     of which used for sequential elements: 0.000000 (0.00%)

=== design hierarchy ===

        +----------Count including submodules.
        |        +-Area including submodules.
        |        | 
     8819  6021.54 BFP_PE
       48   32.004 CustomOperator_E5M2_to_E2M3
      521  319.662 FPNAdder
     6874 4.69E+03 FixedFPTree_exp7_mant7_out7_vec16_range30
      431  324.324 ScaleAddition_E5M2_to_E2M3_scale_UE4M4
      184   112.77 ScaleToFP10b_E5M2_x_E2M3_UE4M4

        +----------Count including submodules.
        |        +-Area including submodules.
        |        | 
     8735        - wires
    10810        - wire bits
      238        - public wires
     2313        - public wire bits
      156        - ports
     1155        - port bits
        -        - memories
        -        - memory bits
        -        - processes
     8819  6021.54 cells
      234  117.936   AN2D0BWP30P140
       53    33.39   AN3D0BWP30P140
       23   17.388   AN4D0BWP30P140
       23   17.388   AO211D0BWP30P140
      248   156.24   AO21D0BWP30P140
       39   29.484   AO22D0BWP30P140
      126    79.38   AOI211D0BWP30P140
      404  203.616   AOI21D0BWP30P140
       23   17.388   AOI221D0BWP30P140
        2    2.016   AOI222D0BWP30P140
       59    37.17   AOI22D0BWP30P140
       75    47.25   AOI31D0BWP30P140
       42   31.752   AOI32D0BWP30P140
        9    7.938   AOI33D0BWP30P140
      106   93.492   CKMUX2D0BWP30P140
      424  106.848   CKND0BWP30P140
      872  329.616   CKND2D0BWP30P140
       20    45.36   DFCNQD1BWP30P140
      102    64.26   IAO21D0BWP30P140
        1    0.882   IAO22D0BWP30P140
      231  116.424   IND2D0BWP30P140
       27    17.01   IND3D0BWP30P140
       11    8.316   IND4D0BWP30P140
      179   90.216   INR2D0BWP30P140
       17    10.71   INR3D0BWP30P140
       17   12.852   INR4D0BWP30P140
      164   103.32   IOA21D0BWP30P140
      445   336.42   MAOI222D0BWP30P140
       24   18.144   MAOI22D0BWP30P140
       37   27.972   MOAI22D0BWP30P140
      273  206.388   MUX2ND0BWP30P140
        7   12.348   MUX3D0BWP30P140
       42   68.796   MUX3ND0BWP30P140
       15    35.91   MUX4D0BWP30P140
       70   158.76   MUX4ND0BWP30P140
      179   90.216   ND3D0BWP30P140
       55    34.65   ND4D0BWP30P140
      760   287.28   NR2D0BWP30P140
      184   92.736   NR3D0BWP30P140
       64    40.32   NR4D0BWP30P140
       15    11.34   OA211D0BWP30P140
       82    51.66   OA21D0BWP30P140
       11    9.702   OA22D0BWP30P140
       59    37.17   OAI211D0BWP30P140
      367  184.968   OAI21D0BWP30P140
        5     4.41   OAI221D0BWP30P140
        4    4.032   OAI222D0BWP30P140
       56    35.28   OAI22D0BWP30P140
       78    49.14   OAI31D0BWP30P140
       33   24.948   OAI32D0BWP30P140
       10     8.82   OAI33D0BWP30P140
      161   81.144   OR2D0BWP30P140
       33    20.79   OR3D0BWP30P140
       14   10.584   OR4D0BWP30P140
     1023  902.286   XNR2UD0BWP30P140
      198  349.272   XNR3UD0BWP30P140
       24   63.504   XNR4D0BWP30P140
      829  731.178   XOR2UD0BWP30P140
      128  225.792   XOR3UD0BWP30P140
        3    7.938   XOR4D0BWP30P140
       20 5.96E+03 submodules
       16  512.064   CustomOperator_E5M2_to_E2M3
        1  319.662   FPNAdder
        1 4.69E+03   FixedFPTree_exp7_mant7_out7_vec16_range30
        1  324.324   ScaleAddition_E5M2_to_E2M3_scale_UE4M4
        1   112.77   ScaleToFP10b_E5M2_x_E2M3_UE4M4

   Chip area for top module '\BFP_PE': 6021.540000
     of which used for sequential elements: 45.360000 (0.75%)

