
6. Printing statistics.

=== BFP_PE ===

        +----------Local Count, excluding submodules.
        |        +-Local Area, excluding submodules.
        |        | 
       52        - wires
      295        - wire bits
       32        - public wires
      275        - public wire bits
       10        - ports
      109        - port bits
       39   57.582 cells
       18   13.608   AO22D0BWP30P140
       19   43.092   DFCNQD1BWP30P140
        1    0.504   INR2D0BWP30P140
        1    0.378   NR2D0BWP30P140
        8        - submodules
        4        -   CustomOperator_INT8_to_E3M2
        1        -   FPNAdder
        1        -   FixedFPTree_exp6_mant10_out10_vec4_range5
        1        -   ScaleAddition_INT8_to_E3M2_scale_UE6M2
        1        -   ScaleToFP9b_INT8_x_E3M2_UE6M2

   Chip area for module '\BFP_PE': 57.582000
     of which used for sequential elements: 43.092000 (74.84%)

=== FPNAdder ===

        +----------Local Count, excluding submodules.
        |        +-Local Area, excluding submodules.
        |        | 
      448        - wires
      529        - wire bits
        6        - public wires
       87        - public wire bits
        3        - ports
       54        - port bits
      460  285.516 cells
       21   10.584   AN2D0BWP30P140
        6     3.78   AN3D0BWP30P140
        8     5.04   AO21D0BWP30P140
        3    2.268   AO22D0BWP30P140
       12     7.56   AOI211D0BWP30P140
       19    9.576   AOI21D0BWP30P140
        5     3.78   AOI221D0BWP30P140
        1    1.008   AOI222D0BWP30P140
        6     3.78   AOI22D0BWP30P140
        5     3.15   AOI31D0BWP30P140
        1    0.756   AOI32D0BWP30P140
        1    0.882   AOI33D0BWP30P140
        8    7.056   CKMUX2D0BWP30P140
       27    6.804   CKND0BWP30P140
       28   10.584   CKND2D0BWP30P140
        5     3.15   IAO21D0BWP30P140
       16    8.064   IND2D0BWP30P140
        1     0.63   IND3D0BWP30P140
        2    1.512   IND4D0BWP30P140
       16    8.064   INR2D0BWP30P140
        2     1.26   INR3D0BWP30P140
        4    3.024   INR4D0BWP30P140
        1     0.63   IOA21D0BWP30P140
        6    4.536   MAOI222D0BWP30P140
        3    2.268   MAOI22D0BWP30P140
        3    2.268   MOAI22D0BWP30P140
       35    26.46   MUX2ND0BWP30P140
        3    5.292   MUX3D0BWP30P140
        1    1.638   MUX3ND0BWP30P140
        1    2.394   MUX4D0BWP30P140
        5    11.34   MUX4ND0BWP30P140
       11    5.544   ND3D0BWP30P140
        9     5.67   ND4D0BWP30P140
       43   16.254   NR2D0BWP30P140
       19    9.576   NR3D0BWP30P140
        7     4.41   NR4D0BWP30P140
        3    2.268   OA211D0BWP30P140
       11     6.93   OA21D0BWP30P140
        1    0.882   OA22D0BWP30P140
       12     7.56   OAI211D0BWP30P140
       12    6.048   OAI21D0BWP30P140
        3    2.646   OAI221D0BWP30P140
        7     4.41   OAI22D0BWP30P140
        6     3.78   OAI31D0BWP30P140
        1    0.756   OAI32D0BWP30P140
        1    0.882   OAI33D0BWP30P140
        9    4.536   OR2D0BWP30P140
        2     1.26   OR3D0BWP30P140
        2    1.512   OR4D0BWP30P140
       30    26.46   XNR2UD0BWP30P140
       15    13.23   XOR2UD0BWP30P140
        1    1.764   XOR3UD0BWP30P140

   Chip area for module '\FPNAdder': 285.516000
     of which used for sequential elements: 0.000000 (0.00%)

=== ScaleToFP9b_INT8_x_E3M2_UE6M2 ===

        +----------Local Count, excluding submodules.
        |        +-Local Area, excluding submodules.
        |        | 
      154        - wires
      194        - wire bits
        4        - public wires
       44        - public wire bits
        4        - ports
       44        - port bits
      168  110.376 cells
        5     2.52   AN2D0BWP30P140
        3     1.89   AN3D0BWP30P140
        1    0.756   AN4D0BWP30P140
        2    1.512   AO211D0BWP30P140
        2     1.26   AO21D0BWP30P140
        4     2.52   AOI211D0BWP30P140
        8    4.032   AOI21D0BWP30P140
        1    0.756   AOI221D0BWP30P140
        1     0.63   AOI22D0BWP30P140
        2     1.26   AOI31D0BWP30P140
        5     4.41   CKMUX2D0BWP30P140
       10     2.52   CKND0BWP30P140
        6    2.268   CKND2D0BWP30P140
        5     3.15   IAO21D0BWP30P140
        1    0.504   IND2D0BWP30P140
        1     0.63   IND3D0BWP30P140
        5     2.52   INR2D0BWP30P140
        2     1.26   INR3D0BWP30P140
        2    1.512   INR4D0BWP30P140
        1     0.63   IOA21D0BWP30P140
        3    2.268   MAOI222D0BWP30P140
        9    6.804   MUX2ND0BWP30P140
        1    1.638   MUX3ND0BWP30P140
        6   13.608   MUX4ND0BWP30P140
        5     2.52   ND3D0BWP30P140
        1     0.63   ND4D0BWP30P140
       22    8.316   NR2D0BWP30P140
        6    3.024   NR3D0BWP30P140
       12     7.56   NR4D0BWP30P140
        1    0.756   OA211D0BWP30P140
        1    0.882   OA22D0BWP30P140
        1     0.63   OAI211D0BWP30P140
        5     2.52   OAI21D0BWP30P140
        1    0.882   OAI221D0BWP30P140
        1     0.63   OAI22D0BWP30P140
        1     0.63   OAI31D0BWP30P140
        2    1.512   OAI32D0BWP30P140
        2    1.008   OR2D0BWP30P140
        2     1.26   OR3D0BWP30P140
       15    13.23   XNR2UD0BWP30P140
        4    3.528   XOR2UD0BWP30P140

   Chip area for module '\ScaleToFP9b_INT8_x_E3M2_UE6M2': 110.376000
     of which used for sequential elements: 0.000000 (0.00%)

=== ScaleAddition_INT8_to_E3M2_scale_UE6M2 ===

        +----------Local Count, excluding submodules.
        |        +-Local Area, excluding submodules.
        |        | 
      294        - wires
      345        - wire bits
        8        - public wires
       59        - public wire bits
        8        - ports
       59        - port bits
      310  217.098 cells
        6    3.024   AN2D0BWP30P140
        3     1.89   AN3D0BWP30P140
        1    0.756   AO211D0BWP30P140
       14    7.056   AOI21D0BWP30P140
        3     1.89   AOI22D0BWP30P140
        1     0.63   AOI31D0BWP30P140
       13    3.276   CKND0BWP30P140
       70    26.46   CKND2D0BWP30P140
        2     1.26   IAO21D0BWP30P140
        4    2.016   IND2D0BWP30P140
        7    3.528   INR2D0BWP30P140
        1     0.63   INR3D0BWP30P140
        1     0.63   IOA21D0BWP30P140
       35    26.46   MAOI222D0BWP30P140
        1    0.756   MAOI22D0BWP30P140
        3    1.512   ND3D0BWP30P140
        2     1.26   ND4D0BWP30P140
       16    6.048   NR2D0BWP30P140
        3    1.512   NR3D0BWP30P140
        1     0.63   OA21D0BWP30P140
       11    5.544   OAI21D0BWP30P140
        6     3.78   OAI22D0BWP30P140
        6    3.024   OR2D0BWP30P140
        2    1.512   OR4D0BWP30P140
       51   44.982   XNR2UD0BWP30P140
       19   33.516   XNR3UD0BWP30P140
        2    5.292   XNR4D0BWP30P140
       20    17.64   XOR2UD0BWP30P140
        6   10.584   XOR3UD0BWP30P140

   Chip area for module '\ScaleAddition_INT8_to_E3M2_scale_UE6M2': 217.098000
     of which used for sequential elements: 0.000000 (0.00%)

=== FixedFPTree_exp6_mant10_out10_vec4_range5 ===

        +----------Local Count, excluding submodules.
        |        +-Local Area, excluding submodules.
        |        | 
      968        - wires
     1114        - wire bits
       19        - public wires
      165        - public wire bits
       15        - ports
       85        - port bits
      966  664.902 cells
       26   13.104   AN2D0BWP30P140
        4     2.52   AN3D0BWP30P140
        1    0.756   AN4D0BWP30P140
        4    3.024   AO211D0BWP30P140
       16    10.08   AO21D0BWP30P140
        4    3.024   AO22D0BWP30P140
        9     5.67   AOI211D0BWP30P140
       51   25.704   AOI21D0BWP30P140
        5     3.78   AOI221D0BWP30P140
        2    2.016   AOI222D0BWP30P140
       22    13.86   AOI22D0BWP30P140
        5     3.15   AOI31D0BWP30P140
        5     3.78   AOI32D0BWP30P140
       13   11.466   CKMUX2D0BWP30P140
       76   19.152   CKND0BWP30P140
       73   27.594   CKND2D0BWP30P140
       15     9.45   IAO21D0BWP30P140
       21   10.584   IND2D0BWP30P140
        4     2.52   IND3D0BWP30P140
        1    0.756   IND4D0BWP30P140
       21   10.584   INR2D0BWP30P140
        3     1.89   INR3D0BWP30P140
       14     8.82   IOA21D0BWP30P140
       48   36.288   MAOI222D0BWP30P140
        5     3.78   MAOI22D0BWP30P140
        6    4.536   MOAI22D0BWP30P140
       91   68.796   MUX2ND0BWP30P140
        4    9.576   MUX4D0BWP30P140
       15    34.02   MUX4ND0BWP30P140
       13    6.552   ND3D0BWP30P140
        4     2.52   ND4D0BWP30P140
       58   21.924   NR2D0BWP30P140
       11    5.544   NR3D0BWP30P140
        3     1.89   NR4D0BWP30P140
        5     3.78   OA211D0BWP30P140
       13     8.19   OA21D0BWP30P140
        1    0.882   OA22D0BWP30P140
       12     7.56   OAI211D0BWP30P140
       37   18.648   OAI21D0BWP30P140
        3    2.646   OAI221D0BWP30P140
        3     1.89   OAI22D0BWP30P140
        3     1.89   OAI31D0BWP30P140
        2    1.512   OAI32D0BWP30P140
       22   11.088   OR2D0BWP30P140
        5     3.78   OR4D0BWP30P140
       99   87.318   XNR2UD0BWP30P140
       28   49.392   XNR3UD0BWP30P140
       72   63.504   XOR2UD0BWP30P140
        8   14.112   XOR3UD0BWP30P140

   Chip area for module '\FixedFPTree_exp6_mant10_out10_vec4_range5': 664.902000
     of which used for sequential elements: 0.000000 (0.00%)

=== CustomOperator_INT8_to_E3M2 ===

        +----------Local Count, excluding submodules.
        |        +-Local Area, excluding submodules.
        |        | 
       73        - wires
      106        - wire bits
        7        - public wires
       40        - public wire bits
        5        - ports
       31        - port bits
       80   52.038 cells
        2    1.008   AN2D0BWP30P140
        1     0.63   AN3D0BWP30P140
        3    1.512   AOI21D0BWP30P140
        1     0.63   AOI22D0BWP30P140
        4    1.008   CKND0BWP30P140
       20     7.56   CKND2D0BWP30P140
        1     0.63   IAO21D0BWP30P140
        1    0.504   IND2D0BWP30P140
        2    1.008   INR2D0BWP30P140
        2     1.26   IOA21D0BWP30P140
        9    6.804   MAOI222D0BWP30P140
        2    0.756   NR2D0BWP30P140
        3    1.512   OAI21D0BWP30P140
        1     0.63   OAI22D0BWP30P140
        2     1.26   OAI31D0BWP30P140
        1     0.63   OR3D0BWP30P140
       14   12.348   XNR2UD0BWP30P140
        3    5.292   XNR3UD0BWP30P140
        8    7.056   XOR2UD0BWP30P140

   Chip area for module '\CustomOperator_INT8_to_E3M2': 52.038000
     of which used for sequential elements: 0.000000 (0.00%)

=== design hierarchy ===

        +----------Count including submodules.
        |        +-Area including submodules.
        |        | 
     2263 1.54E+03 BFP_PE
       80   52.038 CustomOperator_INT8_to_E3M2
      460  285.516 FPNAdder
      966  664.902 FixedFPTree_exp6_mant10_out10_vec4_range5
      310  217.098 ScaleAddition_INT8_to_E3M2_scale_UE6M2
      168  110.376 ScaleToFP9b_INT8_x_E3M2_UE6M2

        +----------Count including submodules.
        |        +-Area including submodules.
        |        | 
     2208        - wires
     2901        - wire bits
       97        - public wires
      790        - public wire bits
       60        - ports
      475        - port bits
        -        - memories
        -        - memory bits
        -        - processes
     2263 1.54E+03 cells
       66   33.264   AN2D0BWP30P140
       20     12.6   AN3D0BWP30P140
        2    1.512   AN4D0BWP30P140
        7    5.292   AO211D0BWP30P140
       26    16.38   AO21D0BWP30P140
       25     18.9   AO22D0BWP30P140
       25    15.75   AOI211D0BWP30P140
      104   52.416   AOI21D0BWP30P140
       11    8.316   AOI221D0BWP30P140
        3    3.024   AOI222D0BWP30P140
       36    22.68   AOI22D0BWP30P140
       13     8.19   AOI31D0BWP30P140
        6    4.536   AOI32D0BWP30P140
        1    0.882   AOI33D0BWP30P140
       26   22.932   CKMUX2D0BWP30P140
      142   35.784   CKND0BWP30P140
      257   97.146   CKND2D0BWP30P140
       19   43.092   DFCNQD1BWP30P140
       31    19.53   IAO21D0BWP30P140
       46   23.184   IND2D0BWP30P140
        6     3.78   IND3D0BWP30P140
        3    2.268   IND4D0BWP30P140
       58   29.232   INR2D0BWP30P140
        8     5.04   INR3D0BWP30P140
        6    4.536   INR4D0BWP30P140
       25    15.75   IOA21D0BWP30P140
      128   96.768   MAOI222D0BWP30P140
        9    6.804   MAOI22D0BWP30P140
        9    6.804   MOAI22D0BWP30P140
      135   102.06   MUX2ND0BWP30P140
        3    5.292   MUX3D0BWP30P140
        2    3.276   MUX3ND0BWP30P140
        5    11.97   MUX4D0BWP30P140
       26   58.968   MUX4ND0BWP30P140
       32   16.128   ND3D0BWP30P140
       16    10.08   ND4D0BWP30P140
      148   55.944   NR2D0BWP30P140
       39   19.656   NR3D0BWP30P140
       22    13.86   NR4D0BWP30P140
        9    6.804   OA211D0BWP30P140
       25    15.75   OA21D0BWP30P140
        3    2.646   OA22D0BWP30P140
       25    15.75   OAI211D0BWP30P140
       77   38.808   OAI21D0BWP30P140
        7    6.174   OAI221D0BWP30P140
       21    13.23   OAI22D0BWP30P140
       18    11.34   OAI31D0BWP30P140
        5     3.78   OAI32D0BWP30P140
        1    0.882   OAI33D0BWP30P140
       39   19.656   OR2D0BWP30P140
        8     5.04   OR3D0BWP30P140
        9    6.804   OR4D0BWP30P140
      251  221.382   XNR2UD0BWP30P140
       59  104.076   XNR3UD0BWP30P140
        2    5.292   XNR4D0BWP30P140
      143  126.126   XOR2UD0BWP30P140
       15    26.46   XOR3UD0BWP30P140
        8 1.49E+03 submodules
        4  208.152   CustomOperator_INT8_to_E3M2
        1  285.516   FPNAdder
        1  664.902   FixedFPTree_exp6_mant10_out10_vec4_range5
        1  217.098   ScaleAddition_INT8_to_E3M2_scale_UE6M2
        1  110.376   ScaleToFP9b_INT8_x_E3M2_UE6M2

   Chip area for top module '\BFP_PE': 1543.626000
     of which used for sequential elements: 43.092000 (2.79%)

