Startpoint: reset (input port clocked by CORE_CLK)
Endpoint: _068_ (recovery check against rising-edge clock CORE_CLK)
Path Group: asynchronous
Path Type: max

    Delay      Time   Description
-------------------------------------------------------------
   0.0000    0.0000   clock CORE_CLK (rise edge)
   0.0000    0.0000   clock network delay (ideal)
   0.0000    0.0000 ^ input external delay
   0.0000    0.0000 ^ reset (in)
   0.0000    0.0000 ^ _068_/CDN (DFCNQD1BWP30P140)
             0.0000   data arrival time

  20.0000   20.0000   clock CORE_CLK (rise edge)
   0.0000   20.0000   clock network delay (ideal)
  -0.0500   19.9500   clock uncertainty
   0.0000   19.9500   clock reconvergence pessimism
            19.9500 ^ _068_/CP (DFCNQD1BWP30P140)
   0.0258   19.9758   library recovery time
            19.9758   data required time
-------------------------------------------------------------
            19.9758   data required time
            -0.0000   data arrival time
-------------------------------------------------------------
            19.9758   slack (MET)


Startpoint: io_op_a_i[1] (input port clocked by CORE_CLK)
Endpoint: _070_ (rising edge-triggered flip-flop clocked by CORE_CLK)
Path Group: CORE_CLK
Path Type: max

    Delay      Time   Description
-------------------------------------------------------------
   0.0000    0.0000   clock CORE_CLK (rise edge)
   0.0000    0.0000   clock network delay (ideal)
   0.0000    0.0000 v input external delay
   0.0000    0.0000 v io_op_a_i[1] (in)
   0.0133    0.0133 ^ reducedSum_op/_083_/ZN (OAI21D0BWP30P140)
   0.0324    0.0457 ^ reducedSum_op/_087_/ZN (XNR2UD0BWP30P140)
   0.0211    0.0669 v reducedSum_op/_109_/ZN (CKND2D0BWP30P140)
   0.0589    0.1258 v reducedSum_op/_134_/Z (XOR3UD0BWP30P140)
   0.0301    0.1559 v reducedSum_op/_137_/Z (XOR2UD0BWP30P140)
   0.0344    0.1903 v reducedSum_op/_141_/ZN (XNR2UD0BWP30P140)
   0.0327    0.2230 ^ reducedSum_op/_143_/ZN (MAOI222D0BWP30P140)
   0.0304    0.2534 v reducedSum_op/_144_/ZN (MAOI222D0BWP30P140)
   0.0416    0.2950 ^ reducedSum_op/_146_/ZN (MAOI222D0BWP30P140)
   0.0334    0.3284 v reducedSum_op/_157_/ZN (MAOI222D0BWP30P140)
   0.0675    0.3959 ^ reducedSum_op/_171_/ZN (OAI21D0BWP30P140)
   0.0269    0.4228 v reducedSum_sa/_1376_/ZN (CKND2D0BWP30P140)
   0.0357    0.4585 ^ reducedSum_sa/_1456_/ZN (NR2D0BWP30P140)
   0.0145    0.4730 v reducedSum_sa/_1494_/ZN (NR2D0BWP30P140)
   0.0211    0.4942 v reducedSum_sa/_1495_/Z (AN2D0BWP30P140)
   0.0155    0.5097 ^ reducedSum_sa/_1528_/ZN (NR2D0BWP30P140)
   0.0248    0.5345 ^ reducedSum_sa/_1535_/ZN (XNR2UD0BWP30P140)
   0.0390    0.5734 ^ reducedSum_sa/_1550_/Z (XOR3UD0BWP30P140)
   0.0535    0.6269 v reducedSum_sa/_1566_/ZN (XNR3UD0BWP30P140)
   0.0570    0.6838 v reducedSum_sa/_1571_/ZN (XNR3UD0BWP30P140)
   0.0315    0.7153 ^ reducedSum_sa/_1573_/ZN (MAOI222D0BWP30P140)
   0.0267    0.7420 v reducedSum_sa/_1574_/ZN (MAOI222D0BWP30P140)
   0.0339    0.7759 ^ reducedSum_sa/_1575_/ZN (MAOI222D0BWP30P140)
   0.0266    0.8025 v reducedSum_sa/_1576_/ZN (MAOI222D0BWP30P140)
   0.0334    0.8359 ^ reducedSum_sa/_1577_/ZN (MAOI222D0BWP30P140)
   0.0266    0.8625 v reducedSum_sa/_1578_/ZN (MAOI222D0BWP30P140)
   0.0339    0.8964 ^ reducedSum_sa/_1579_/ZN (MAOI222D0BWP30P140)
   0.0301    0.9265 v reducedSum_sa/_1580_/ZN (MAOI222D0BWP30P140)
   0.0401    0.9666 ^ reducedSum_sa/_1582_/ZN (MAOI222D0BWP30P140)
   0.0314    0.9980 v reducedSum_sa/_1584_/ZN (MAOI222D0BWP30P140)
   0.0416    1.0396 ^ reducedSum_sa/_1586_/ZN (MAOI222D0BWP30P140)
   0.0144    1.0540 v reducedSum_sa/_1605_/ZN (NR3D0BWP30P140)
   0.0247    1.0787 ^ reducedSum_sa/_1656_/ZN (OAI31D0BWP30P140)
   0.0167    1.0955 v reducedSum_sa/_1661_/ZN (AOI21D0BWP30P140)
   0.0431    1.1386 v reducedSum_sa/_1663_/Z (AO211D0BWP30P140)
   0.1486    1.2872 ^ reducedSum_conv/_252_/ZN (AOI211D0BWP30P140)
   0.0897    1.3768 v reducedSum_conv/_253_/ZN (CKND0BWP30P140)
   0.0545    1.4313 ^ reducedSum_conv/_331_/Z (MUX4D0BWP30P140)
   0.0279    1.4592 v reducedSum_conv/_354_/ZN (OAI211D0BWP30P140)
   0.0428    1.5020 ^ reducedSum_conv/_358_/ZN (INR4D0BWP30P140)
   0.0416    1.5436 v reducedSum_conv/_362_/ZN (ND4D0BWP30P140)
   0.0401    1.5837 ^ reducedSum_conv/_368_/ZN (NR4D0BWP30P140)
   0.0521    1.6358 v reducedSum_conv/_373_/ZN (IND4D0BWP30P140)
   0.0345    1.6703 ^ reducedSum_conv/_382_/ZN (NR4D0BWP30P140)
   0.0322    1.7025 v reducedSum_conv/_384_/ZN (IND3D0BWP30P140)
   0.0373    1.7399 ^ reducedSum_conv/_386_/ZN (NR4D0BWP30P140)
   0.0343    1.7741 v reducedSum_conv/_392_/ZN (IND4D0BWP30P140)
   0.0246    1.7987 ^ reducedSum_conv/_396_/ZN (NR2D0BWP30P140)
   0.0172    1.8159 v reducedSum_conv/_436_/ZN (NR3D0BWP30P140)
   0.0386    1.8545 v reducedSum_nextLevel_adder/_0897_/ZN (XNR2UD0BWP30P140)
   0.0318    1.8863 ^ reducedSum_nextLevel_adder/_0899_/ZN (AOI21D0BWP30P140)
   0.0302    1.9165 v reducedSum_nextLevel_adder/_0901_/ZN (MAOI222D0BWP30P140)
   0.0355    1.9520 ^ reducedSum_nextLevel_adder/_0902_/ZN (MAOI222D0BWP30P140)
   0.0307    1.9827 v reducedSum_nextLevel_adder/_0903_/ZN (MAOI222D0BWP30P140)
   0.0361    2.0188 ^ reducedSum_nextLevel_adder/_0966_/ZN (MAOI222D0BWP30P140)
   0.0302    2.0491 v reducedSum_nextLevel_adder/_0968_/ZN (MAOI222D0BWP30P140)
   0.0263    2.0754 v reducedSum_nextLevel_adder/_0970_/ZN (XNR2UD0BWP30P140)
   0.0216    2.0969 ^ reducedSum_nextLevel_adder/_0971_/ZN (NR2D0BWP30P140)
   0.0257    2.1226 ^ reducedSum_nextLevel_adder/_0972_/Z (AN2D0BWP30P140)
   0.4170    2.5396 v reducedSum_nextLevel_adder/_0975_/ZN (AOI31D0BWP30P140)
   0.4192    2.9588 ^ reducedSum_nextLevel_adder/_0991_/ZN (AOI22D0BWP30P140)
   0.0318    2.9907 v reducedSum_nextLevel_adder/_1063_/ZN (CKND2D0BWP30P140)
   0.0370    3.0277 ^ reducedSum_nextLevel_adder/_1188_/ZN (OAI32D0BWP30P140)
   0.0151    3.0427 v reducedSum_nextLevel_adder/_1189_/ZN (AOI21D0BWP30P140)
   0.0396    3.0824 ^ reducedSum_nextLevel_adder/_1191_/ZN (OAI221D0BWP30P140)
   0.0211    3.1034 v reducedSum_nextLevel_adder/_1196_/ZN (OAI31D0BWP30P140)
   0.0222    3.1257 ^ reducedSum_nextLevel_adder/_1198_/ZN (AOI21D0BWP30P140)
   0.0256    3.1513 v reducedSum_nextLevel_adder/_1200_/ZN (MAOI222D0BWP30P140)
   0.0396    3.1909 ^ reducedSum_nextLevel_adder/_1202_/ZN (MAOI222D0BWP30P140)
   0.0257    3.2166 v reducedSum_nextLevel_adder/_1204_/ZN (MAOI222D0BWP30P140)
   0.0277    3.2443 ^ reducedSum_nextLevel_adder/_1206_/ZN (AOI21D0BWP30P140)
   0.0253    3.2696 ^ reducedSum_nextLevel_adder/_1209_/ZN (IAO21D0BWP30P140)
   0.0247    3.2943 v reducedSum_nextLevel_adder/_1211_/ZN (MAOI222D0BWP30P140)
   0.0395    3.3338 ^ reducedSum_nextLevel_adder/_1213_/ZN (MAOI222D0BWP30P140)
   0.0265    3.3603 v reducedSum_nextLevel_adder/_1221_/ZN (MAOI222D0BWP30P140)
   0.0354    3.3957 v reducedSum_nextLevel_adder/_1232_/Z (AO21D0BWP30P140)
   0.0261    3.4217 ^ reducedSum_nextLevel_adder/_1242_/ZN (MAOI222D0BWP30P140)
   0.0265    3.4483 v reducedSum_nextLevel_adder/_1255_/ZN (MAOI222D0BWP30P140)
   0.0315    3.4797 v reducedSum_nextLevel_adder/_1259_/Z (AO21D0BWP30P140)
   0.0182    3.4979 ^ reducedSum_nextLevel_adder/_1276_/ZN (AOI21D0BWP30P140)
   0.0258    3.5238 v reducedSum_nextLevel_adder/_1280_/ZN (MAOI222D0BWP30P140)
   0.0391    3.5629 ^ reducedSum_nextLevel_adder/_1296_/ZN (MAOI222D0BWP30P140)
   0.0262    3.5890 v reducedSum_nextLevel_adder/_1300_/ZN (MAOI222D0BWP30P140)
   0.0304    3.6194 ^ reducedSum_nextLevel_adder/_1318_/ZN (AOI21D0BWP30P140)
   0.0249    3.6444 v reducedSum_nextLevel_adder/_1322_/ZN (MAOI222D0BWP30P140)
   0.0364    3.6808 v reducedSum_nextLevel_adder/_1345_/Z (AO21D0BWP30P140)
   0.0156    3.6964 ^ reducedSum_nextLevel_adder/_1353_/ZN (MUX2ND0BWP30P140)
   0.0347    3.7312 ^ reducedSum_nextLevel_adder/_1354_/ZN (XNR2UD0BWP30P140)
   0.0288    3.7599 ^ reducedSum_nextLevel_adder/_1453_/ZN (MAOI22D0BWP30P140)
   0.1281    3.8880 v reducedSum_nextLevel_adder/_1456_/ZN (OAI211D0BWP30P140)
   0.0886    3.9766 ^ reducedSum_nextLevel_adder/_1531_/Z (MUX4D0BWP30P140)
   0.0194    3.9961 v reducedSum_nextLevel_adder/_1534_/ZN (MUX3ND0BWP30P140)
   0.0405    4.0366 ^ reducedSum_nextLevel_adder/_1568_/ZN (NR2D0BWP30P140)
   0.0507    4.0872 ^ reducedSum_nextLevel_adder/_1577_/ZN (INR4D0BWP30P140)
   0.0510    4.1383 ^ reducedSum_nextLevel_adder/_1582_/Z (AN4D0BWP30P140)
   0.0395    4.1778 ^ reducedSum_nextLevel_adder/_1590_/Z (AN4D0BWP30P140)
   0.0406    4.2183 ^ reducedSum_nextLevel_adder/_1601_/Z (AN4D0BWP30P140)
   0.0349    4.2532 ^ reducedSum_nextLevel_adder/_1603_/Z (AN3D0BWP30P140)
   0.0271    4.2804 v reducedSum_nextLevel_adder/_1605_/ZN (IND3D0BWP30P140)
   0.0379    4.3183 v reducedSum_nextLevel_adder/_1606_/Z (OR3D0BWP30P140)
   0.0368    4.3551 ^ reducedSum_nextLevel_adder/_1608_/ZN (INR3D0BWP30P140)
   0.0364    4.3915 v reducedSum_nextLevel_adder/_1611_/ZN (MAOI222D0BWP30P140)
   0.0357    4.4272 ^ reducedSum_nextLevel_adder/_1616_/ZN (NR4D0BWP30P140)
   0.0219    4.4491 v reducedSum_nextLevel_adder/_1619_/ZN (OAI31D0BWP30P140)
   0.0327    4.4818 v reducedSum_nextLevel_adder/_1621_/Z (AO21D0BWP30P140)
   0.0312    4.5130 ^ reducedSum_nextLevel_adder/_1623_/ZN (AOI21D0BWP30P140)
   0.0248    4.5378 ^ reducedSum_nextLevel_adder/_1625_/Z (OR3D0BWP30P140)
   0.0144    4.5522 v reducedSum_nextLevel_adder/_1647_/ZN (AOI21D0BWP30P140)
   0.0314    4.5836 v reducedSum_nextLevel_adder/_1648_/Z (OR2D0BWP30P140)
   0.0267    4.6103 ^ reducedSum_nextLevel_adder/_1653_/ZN (NR2D0BWP30P140)
   0.0319    4.6422 v reducedSum_nextLevel_adder_16/_0897_/ZN (XNR2UD0BWP30P140)
   0.0322    4.6744 ^ reducedSum_nextLevel_adder_16/_0899_/ZN (AOI21D0BWP30P140)
   0.0302    4.7046 v reducedSum_nextLevel_adder_16/_0901_/ZN (MAOI222D0BWP30P140)
   0.0360    4.7406 ^ reducedSum_nextLevel_adder_16/_0902_/ZN (MAOI222D0BWP30P140)
   0.0302    4.7708 v reducedSum_nextLevel_adder_16/_0903_/ZN (MAOI222D0BWP30P140)
   0.0360    4.8068 ^ reducedSum_nextLevel_adder_16/_0966_/ZN (MAOI222D0BWP30P140)
   0.0302    4.8370 v reducedSum_nextLevel_adder_16/_0968_/ZN (MAOI222D0BWP30P140)
   0.0257    4.8627 v reducedSum_nextLevel_adder_16/_0970_/ZN (XNR2UD0BWP30P140)
   0.0213    4.8840 ^ reducedSum_nextLevel_adder_16/_0971_/ZN (NR2D0BWP30P140)
   0.0257    4.9097 ^ reducedSum_nextLevel_adder_16/_0972_/Z (AN2D0BWP30P140)
   0.4170    5.3267 v reducedSum_nextLevel_adder_16/_0975_/ZN (AOI31D0BWP30P140)
   0.4192    5.7459 ^ reducedSum_nextLevel_adder_16/_0991_/ZN (AOI22D0BWP30P140)
   0.0318    5.7778 v reducedSum_nextLevel_adder_16/_1063_/ZN (CKND2D0BWP30P140)
   0.0370    5.8148 ^ reducedSum_nextLevel_adder_16/_1188_/ZN (OAI32D0BWP30P140)
   0.0151    5.8298 v reducedSum_nextLevel_adder_16/_1189_/ZN (AOI21D0BWP30P140)
   0.0396    5.8695 ^ reducedSum_nextLevel_adder_16/_1191_/ZN (OAI221D0BWP30P140)
   0.0211    5.8905 v reducedSum_nextLevel_adder_16/_1196_/ZN (OAI31D0BWP30P140)
   0.0222    5.9128 ^ reducedSum_nextLevel_adder_16/_1198_/ZN (AOI21D0BWP30P140)
   0.0256    5.9384 v reducedSum_nextLevel_adder_16/_1200_/ZN (MAOI222D0BWP30P140)
   0.0396    5.9780 ^ reducedSum_nextLevel_adder_16/_1202_/ZN (MAOI222D0BWP30P140)
   0.0257    6.0037 v reducedSum_nextLevel_adder_16/_1204_/ZN (MAOI222D0BWP30P140)
   0.0277    6.0314 ^ reducedSum_nextLevel_adder_16/_1206_/ZN (AOI21D0BWP30P140)
   0.0253    6.0567 ^ reducedSum_nextLevel_adder_16/_1209_/ZN (IAO21D0BWP30P140)
   0.0247    6.0814 v reducedSum_nextLevel_adder_16/_1211_/ZN (MAOI222D0BWP30P140)
   0.0395    6.1209 ^ reducedSum_nextLevel_adder_16/_1213_/ZN (MAOI222D0BWP30P140)
   0.0265    6.1474 v reducedSum_nextLevel_adder_16/_1221_/ZN (MAOI222D0BWP30P140)
   0.0354    6.1828 v reducedSum_nextLevel_adder_16/_1232_/Z (AO21D0BWP30P140)
   0.0261    6.2088 ^ reducedSum_nextLevel_adder_16/_1242_/ZN (MAOI222D0BWP30P140)
   0.0265    6.2354 v reducedSum_nextLevel_adder_16/_1255_/ZN (MAOI222D0BWP30P140)
   0.0315    6.2668 v reducedSum_nextLevel_adder_16/_1259_/Z (AO21D0BWP30P140)
   0.0182    6.2850 ^ reducedSum_nextLevel_adder_16/_1276_/ZN (AOI21D0BWP30P140)
   0.0258    6.3109 v reducedSum_nextLevel_adder_16/_1280_/ZN (MAOI222D0BWP30P140)
   0.0391    6.3500 ^ reducedSum_nextLevel_adder_16/_1296_/ZN (MAOI222D0BWP30P140)
   0.0262    6.3761 v reducedSum_nextLevel_adder_16/_1300_/ZN (MAOI222D0BWP30P140)
   0.0304    6.4065 ^ reducedSum_nextLevel_adder_16/_1318_/ZN (AOI21D0BWP30P140)
   0.0249    6.4314 v reducedSum_nextLevel_adder_16/_1322_/ZN (MAOI222D0BWP30P140)
   0.0364    6.4679 v reducedSum_nextLevel_adder_16/_1345_/Z (AO21D0BWP30P140)
   0.0156    6.4835 ^ reducedSum_nextLevel_adder_16/_1353_/ZN (MUX2ND0BWP30P140)
   0.0347    6.5183 ^ reducedSum_nextLevel_adder_16/_1354_/ZN (XNR2UD0BWP30P140)
   0.0288    6.5470 ^ reducedSum_nextLevel_adder_16/_1453_/ZN (MAOI22D0BWP30P140)
   0.1281    6.6751 v reducedSum_nextLevel_adder_16/_1456_/ZN (OAI211D0BWP30P140)
   0.0886    6.7637 ^ reducedSum_nextLevel_adder_16/_1531_/Z (MUX4D0BWP30P140)
   0.0194    6.7832 v reducedSum_nextLevel_adder_16/_1534_/ZN (MUX3ND0BWP30P140)
   0.0405    6.8237 ^ reducedSum_nextLevel_adder_16/_1568_/ZN (NR2D0BWP30P140)
   0.0507    6.8744 ^ reducedSum_nextLevel_adder_16/_1577_/ZN (INR4D0BWP30P140)
   0.0510    6.9254 ^ reducedSum_nextLevel_adder_16/_1582_/Z (AN4D0BWP30P140)
   0.0395    6.9649 ^ reducedSum_nextLevel_adder_16/_1590_/Z (AN4D0BWP30P140)
   0.0406    7.0054 ^ reducedSum_nextLevel_adder_16/_1601_/Z (AN4D0BWP30P140)
   0.0349    7.0403 ^ reducedSum_nextLevel_adder_16/_1603_/Z (AN3D0BWP30P140)
   0.0271    7.0675 v reducedSum_nextLevel_adder_16/_1605_/ZN (IND3D0BWP30P140)
   0.0379    7.1054 v reducedSum_nextLevel_adder_16/_1606_/Z (OR3D0BWP30P140)
   0.0368    7.1422 ^ reducedSum_nextLevel_adder_16/_1608_/ZN (INR3D0BWP30P140)
   0.0364    7.1786 v reducedSum_nextLevel_adder_16/_1611_/ZN (MAOI222D0BWP30P140)
   0.0357    7.2143 ^ reducedSum_nextLevel_adder_16/_1616_/ZN (NR4D0BWP30P140)
   0.0219    7.2362 v reducedSum_nextLevel_adder_16/_1619_/ZN (OAI31D0BWP30P140)
   0.0327    7.2689 v reducedSum_nextLevel_adder_16/_1621_/Z (AO21D0BWP30P140)
   0.0312    7.3001 ^ reducedSum_nextLevel_adder_16/_1623_/ZN (AOI21D0BWP30P140)
   0.0248    7.3249 ^ reducedSum_nextLevel_adder_16/_1625_/Z (OR3D0BWP30P140)
   0.0144    7.3393 v reducedSum_nextLevel_adder_16/_1647_/ZN (AOI21D0BWP30P140)
   0.0314    7.3707 v reducedSum_nextLevel_adder_16/_1648_/Z (OR2D0BWP30P140)
   0.0267    7.3974 ^ reducedSum_nextLevel_adder_16/_1653_/ZN (NR2D0BWP30P140)
   0.0319    7.4293 v reducedSum_nextLevel_adder_24/_0897_/ZN (XNR2UD0BWP30P140)
   0.0322    7.4615 ^ reducedSum_nextLevel_adder_24/_0899_/ZN (AOI21D0BWP30P140)
   0.0302    7.4917 v reducedSum_nextLevel_adder_24/_0901_/ZN (MAOI222D0BWP30P140)
   0.0360    7.5277 ^ reducedSum_nextLevel_adder_24/_0902_/ZN (MAOI222D0BWP30P140)
   0.0302    7.5579 v reducedSum_nextLevel_adder_24/_0903_/ZN (MAOI222D0BWP30P140)
   0.0360    7.5939 ^ reducedSum_nextLevel_adder_24/_0966_/ZN (MAOI222D0BWP30P140)
   0.0302    7.6241 v reducedSum_nextLevel_adder_24/_0968_/ZN (MAOI222D0BWP30P140)
   0.0257    7.6498 v reducedSum_nextLevel_adder_24/_0970_/ZN (XNR2UD0BWP30P140)
   0.0213    7.6711 ^ reducedSum_nextLevel_adder_24/_0971_/ZN (NR2D0BWP30P140)
   0.0257    7.6968 ^ reducedSum_nextLevel_adder_24/_0972_/Z (AN2D0BWP30P140)
   0.4170    8.1138 v reducedSum_nextLevel_adder_24/_0975_/ZN (AOI31D0BWP30P140)
   0.4192    8.5330 ^ reducedSum_nextLevel_adder_24/_0991_/ZN (AOI22D0BWP30P140)
   0.0318    8.5649 v reducedSum_nextLevel_adder_24/_1063_/ZN (CKND2D0BWP30P140)
   0.0370    8.6019 ^ reducedSum_nextLevel_adder_24/_1188_/ZN (OAI32D0BWP30P140)
   0.0151    8.6169 v reducedSum_nextLevel_adder_24/_1189_/ZN (AOI21D0BWP30P140)
   0.0396    8.6566 ^ reducedSum_nextLevel_adder_24/_1191_/ZN (OAI221D0BWP30P140)
   0.0211    8.6777 v reducedSum_nextLevel_adder_24/_1196_/ZN (OAI31D0BWP30P140)
   0.0222    8.6999 ^ reducedSum_nextLevel_adder_24/_1198_/ZN (AOI21D0BWP30P140)
   0.0256    8.7255 v reducedSum_nextLevel_adder_24/_1200_/ZN (MAOI222D0BWP30P140)
   0.0396    8.7651 ^ reducedSum_nextLevel_adder_24/_1202_/ZN (MAOI222D0BWP30P140)
   0.0257    8.7908 v reducedSum_nextLevel_adder_24/_1204_/ZN (MAOI222D0BWP30P140)
   0.0277    8.8185 ^ reducedSum_nextLevel_adder_24/_1206_/ZN (AOI21D0BWP30P140)
   0.0253    8.8438 ^ reducedSum_nextLevel_adder_24/_1209_/ZN (IAO21D0BWP30P140)
   0.0247    8.8685 v reducedSum_nextLevel_adder_24/_1211_/ZN (MAOI222D0BWP30P140)
   0.0395    8.9080 ^ reducedSum_nextLevel_adder_24/_1213_/ZN (MAOI222D0BWP30P140)
   0.0265    8.9345 v reducedSum_nextLevel_adder_24/_1221_/ZN (MAOI222D0BWP30P140)
   0.0354    8.9699 v reducedSum_nextLevel_adder_24/_1232_/Z (AO21D0BWP30P140)
   0.0261    8.9959 ^ reducedSum_nextLevel_adder_24/_1242_/ZN (MAOI222D0BWP30P140)
   0.0265    9.0225 v reducedSum_nextLevel_adder_24/_1255_/ZN (MAOI222D0BWP30P140)
   0.0315    9.0540 v reducedSum_nextLevel_adder_24/_1259_/Z (AO21D0BWP30P140)
   0.0182    9.0721 ^ reducedSum_nextLevel_adder_24/_1276_/ZN (AOI21D0BWP30P140)
   0.0258    9.0980 v reducedSum_nextLevel_adder_24/_1280_/ZN (MAOI222D0BWP30P140)
   0.0391    9.1371 ^ reducedSum_nextLevel_adder_24/_1296_/ZN (MAOI222D0BWP30P140)
   0.0262    9.1632 v reducedSum_nextLevel_adder_24/_1300_/ZN (MAOI222D0BWP30P140)
   0.0304    9.1936 ^ reducedSum_nextLevel_adder_24/_1318_/ZN (AOI21D0BWP30P140)
   0.0249    9.2186 v reducedSum_nextLevel_adder_24/_1322_/ZN (MAOI222D0BWP30P140)
   0.0364    9.2550 v reducedSum_nextLevel_adder_24/_1345_/Z (AO21D0BWP30P140)
   0.0156    9.2706 ^ reducedSum_nextLevel_adder_24/_1353_/ZN (MUX2ND0BWP30P140)
   0.0347    9.3054 ^ reducedSum_nextLevel_adder_24/_1354_/ZN (XNR2UD0BWP30P140)
   0.0288    9.3341 ^ reducedSum_nextLevel_adder_24/_1453_/ZN (MAOI22D0BWP30P140)
   0.1281    9.4622 v reducedSum_nextLevel_adder_24/_1456_/ZN (OAI211D0BWP30P140)
   0.0886    9.5508 ^ reducedSum_nextLevel_adder_24/_1531_/Z (MUX4D0BWP30P140)
   0.0194    9.5703 v reducedSum_nextLevel_adder_24/_1534_/ZN (MUX3ND0BWP30P140)
   0.0405    9.6108 ^ reducedSum_nextLevel_adder_24/_1568_/ZN (NR2D0BWP30P140)
   0.0507    9.6615 ^ reducedSum_nextLevel_adder_24/_1577_/ZN (INR4D0BWP30P140)
   0.0510    9.7125 ^ reducedSum_nextLevel_adder_24/_1582_/Z (AN4D0BWP30P140)
   0.0395    9.7520 ^ reducedSum_nextLevel_adder_24/_1590_/Z (AN4D0BWP30P140)
   0.0406    9.7926 ^ reducedSum_nextLevel_adder_24/_1601_/Z (AN4D0BWP30P140)
   0.0349    9.8274 ^ reducedSum_nextLevel_adder_24/_1603_/Z (AN3D0BWP30P140)
   0.0271    9.8546 v reducedSum_nextLevel_adder_24/_1605_/ZN (IND3D0BWP30P140)
   0.0379    9.8925 v reducedSum_nextLevel_adder_24/_1606_/Z (OR3D0BWP30P140)
   0.0368    9.9293 ^ reducedSum_nextLevel_adder_24/_1608_/ZN (INR3D0BWP30P140)
   0.0364    9.9658 v reducedSum_nextLevel_adder_24/_1611_/ZN (MAOI222D0BWP30P140)
   0.0357   10.0014 ^ reducedSum_nextLevel_adder_24/_1616_/ZN (NR4D0BWP30P140)
   0.0219   10.0233 v reducedSum_nextLevel_adder_24/_1619_/ZN (OAI31D0BWP30P140)
   0.0327   10.0560 v reducedSum_nextLevel_adder_24/_1621_/Z (AO21D0BWP30P140)
   0.0312   10.0872 ^ reducedSum_nextLevel_adder_24/_1623_/ZN (AOI21D0BWP30P140)
   0.0248   10.1120 ^ reducedSum_nextLevel_adder_24/_1625_/Z (OR3D0BWP30P140)
   0.0144   10.1264 v reducedSum_nextLevel_adder_24/_1647_/ZN (AOI21D0BWP30P140)
   0.0314   10.1578 v reducedSum_nextLevel_adder_24/_1648_/Z (OR2D0BWP30P140)
   0.0267   10.1845 ^ reducedSum_nextLevel_adder_24/_1653_/ZN (NR2D0BWP30P140)
   0.0319   10.2164 v reducedSum_nextLevel_adder_28/_0897_/ZN (XNR2UD0BWP30P140)
   0.0322   10.2486 ^ reducedSum_nextLevel_adder_28/_0899_/ZN (AOI21D0BWP30P140)
   0.0302   10.2788 v reducedSum_nextLevel_adder_28/_0901_/ZN (MAOI222D0BWP30P140)
   0.0360   10.3148 ^ reducedSum_nextLevel_adder_28/_0902_/ZN (MAOI222D0BWP30P140)
   0.0302   10.3450 v reducedSum_nextLevel_adder_28/_0903_/ZN (MAOI222D0BWP30P140)
   0.0360   10.3810 ^ reducedSum_nextLevel_adder_28/_0966_/ZN (MAOI222D0BWP30P140)
   0.0302   10.4112 v reducedSum_nextLevel_adder_28/_0968_/ZN (MAOI222D0BWP30P140)
   0.0257   10.4369 v reducedSum_nextLevel_adder_28/_0970_/ZN (XNR2UD0BWP30P140)
   0.0213   10.4582 ^ reducedSum_nextLevel_adder_28/_0971_/ZN (NR2D0BWP30P140)
   0.0257   10.4840 ^ reducedSum_nextLevel_adder_28/_0972_/Z (AN2D0BWP30P140)
   0.4170   10.9009 v reducedSum_nextLevel_adder_28/_0975_/ZN (AOI31D0BWP30P140)
   0.4192   11.3202 ^ reducedSum_nextLevel_adder_28/_0991_/ZN (AOI22D0BWP30P140)
   0.0318   11.3520 v reducedSum_nextLevel_adder_28/_1063_/ZN (CKND2D0BWP30P140)
   0.0370   11.3890 ^ reducedSum_nextLevel_adder_28/_1188_/ZN (OAI32D0BWP30P140)
   0.0151   11.4040 v reducedSum_nextLevel_adder_28/_1189_/ZN (AOI21D0BWP30P140)
   0.0396   11.4437 ^ reducedSum_nextLevel_adder_28/_1191_/ZN (OAI221D0BWP30P140)
   0.0211   11.4648 v reducedSum_nextLevel_adder_28/_1196_/ZN (OAI31D0BWP30P140)
   0.0222   11.4870 ^ reducedSum_nextLevel_adder_28/_1198_/ZN (AOI21D0BWP30P140)
   0.0256   11.5126 v reducedSum_nextLevel_adder_28/_1200_/ZN (MAOI222D0BWP30P140)
   0.0396   11.5522 ^ reducedSum_nextLevel_adder_28/_1202_/ZN (MAOI222D0BWP30P140)
   0.0257   11.5779 v reducedSum_nextLevel_adder_28/_1204_/ZN (MAOI222D0BWP30P140)
   0.0277   11.6056 ^ reducedSum_nextLevel_adder_28/_1206_/ZN (AOI21D0BWP30P140)
   0.0253   11.6309 ^ reducedSum_nextLevel_adder_28/_1209_/ZN (IAO21D0BWP30P140)
   0.0247   11.6556 v reducedSum_nextLevel_adder_28/_1211_/ZN (MAOI222D0BWP30P140)
   0.0395   11.6951 ^ reducedSum_nextLevel_adder_28/_1213_/ZN (MAOI222D0BWP30P140)
   0.0265   11.7216 v reducedSum_nextLevel_adder_28/_1221_/ZN (MAOI222D0BWP30P140)
   0.0354   11.7570 v reducedSum_nextLevel_adder_28/_1232_/Z (AO21D0BWP30P140)
   0.0261   11.7830 ^ reducedSum_nextLevel_adder_28/_1242_/ZN (MAOI222D0BWP30P140)
   0.0265   11.8096 v reducedSum_nextLevel_adder_28/_1255_/ZN (MAOI222D0BWP30P140)
   0.0315   11.8411 v reducedSum_nextLevel_adder_28/_1259_/Z (AO21D0BWP30P140)
   0.0182   11.8592 ^ reducedSum_nextLevel_adder_28/_1276_/ZN (AOI21D0BWP30P140)
   0.0258   11.8851 v reducedSum_nextLevel_adder_28/_1280_/ZN (MAOI222D0BWP30P140)
   0.0391   11.9242 ^ reducedSum_nextLevel_adder_28/_1296_/ZN (MAOI222D0BWP30P140)
   0.0262   11.9503 v reducedSum_nextLevel_adder_28/_1300_/ZN (MAOI222D0BWP30P140)
   0.0304   11.9807 ^ reducedSum_nextLevel_adder_28/_1318_/ZN (AOI21D0BWP30P140)
   0.0249   12.0057 v reducedSum_nextLevel_adder_28/_1322_/ZN (MAOI222D0BWP30P140)
   0.0364   12.0421 v reducedSum_nextLevel_adder_28/_1345_/Z (AO21D0BWP30P140)
   0.0156   12.0577 ^ reducedSum_nextLevel_adder_28/_1353_/ZN (MUX2ND0BWP30P140)
   0.0347   12.0925 ^ reducedSum_nextLevel_adder_28/_1354_/ZN (XNR2UD0BWP30P140)
   0.0288   12.1212 ^ reducedSum_nextLevel_adder_28/_1453_/ZN (MAOI22D0BWP30P140)
   0.1281   12.2493 v reducedSum_nextLevel_adder_28/_1456_/ZN (OAI211D0BWP30P140)
   0.0886   12.3379 ^ reducedSum_nextLevel_adder_28/_1531_/Z (MUX4D0BWP30P140)
   0.0194   12.3574 v reducedSum_nextLevel_adder_28/_1534_/ZN (MUX3ND0BWP30P140)
   0.0405   12.3979 ^ reducedSum_nextLevel_adder_28/_1568_/ZN (NR2D0BWP30P140)
   0.0507   12.4486 ^ reducedSum_nextLevel_adder_28/_1577_/ZN (INR4D0BWP30P140)
   0.0510   12.4996 ^ reducedSum_nextLevel_adder_28/_1582_/Z (AN4D0BWP30P140)
   0.0395   12.5391 ^ reducedSum_nextLevel_adder_28/_1590_/Z (AN4D0BWP30P140)
   0.0406   12.5797 ^ reducedSum_nextLevel_adder_28/_1601_/Z (AN4D0BWP30P140)
   0.0349   12.6145 ^ reducedSum_nextLevel_adder_28/_1603_/Z (AN3D0BWP30P140)
   0.0271   12.6417 v reducedSum_nextLevel_adder_28/_1605_/ZN (IND3D0BWP30P140)
   0.0379   12.6796 v reducedSum_nextLevel_adder_28/_1606_/Z (OR3D0BWP30P140)
   0.0368   12.7164 ^ reducedSum_nextLevel_adder_28/_1608_/ZN (INR3D0BWP30P140)
   0.0364   12.7529 v reducedSum_nextLevel_adder_28/_1611_/ZN (MAOI222D0BWP30P140)
   0.0357   12.7885 ^ reducedSum_nextLevel_adder_28/_1616_/ZN (NR4D0BWP30P140)
   0.0219   12.8104 v reducedSum_nextLevel_adder_28/_1619_/ZN (OAI31D0BWP30P140)
   0.0327   12.8431 v reducedSum_nextLevel_adder_28/_1621_/Z (AO21D0BWP30P140)
   0.0312   12.8743 ^ reducedSum_nextLevel_adder_28/_1623_/ZN (AOI21D0BWP30P140)
   0.0248   12.8991 ^ reducedSum_nextLevel_adder_28/_1625_/Z (OR3D0BWP30P140)
   0.0144   12.9135 v reducedSum_nextLevel_adder_28/_1647_/ZN (AOI21D0BWP30P140)
   0.0314   12.9449 v reducedSum_nextLevel_adder_28/_1648_/Z (OR2D0BWP30P140)
   0.0267   12.9716 ^ reducedSum_nextLevel_adder_28/_1653_/ZN (NR2D0BWP30P140)
   0.0319   13.0035 v reducedSum_nextLevel_adder_30/_0897_/ZN (XNR2UD0BWP30P140)
   0.0322   13.0357 ^ reducedSum_nextLevel_adder_30/_0899_/ZN (AOI21D0BWP30P140)
   0.0302   13.0659 v reducedSum_nextLevel_adder_30/_0901_/ZN (MAOI222D0BWP30P140)
   0.0360   13.1019 ^ reducedSum_nextLevel_adder_30/_0902_/ZN (MAOI222D0BWP30P140)
   0.0302   13.1321 v reducedSum_nextLevel_adder_30/_0903_/ZN (MAOI222D0BWP30P140)
   0.0360   13.1681 ^ reducedSum_nextLevel_adder_30/_0966_/ZN (MAOI222D0BWP30P140)
   0.0302   13.1983 v reducedSum_nextLevel_adder_30/_0968_/ZN (MAOI222D0BWP30P140)
   0.0257   13.2240 v reducedSum_nextLevel_adder_30/_0970_/ZN (XNR2UD0BWP30P140)
   0.0213   13.2453 ^ reducedSum_nextLevel_adder_30/_0971_/ZN (NR2D0BWP30P140)
   0.0257   13.2711 ^ reducedSum_nextLevel_adder_30/_0972_/Z (AN2D0BWP30P140)
   0.4170   13.6880 v reducedSum_nextLevel_adder_30/_0975_/ZN (AOI31D0BWP30P140)
   0.4192   14.1073 ^ reducedSum_nextLevel_adder_30/_0991_/ZN (AOI22D0BWP30P140)
   0.0318   14.1391 v reducedSum_nextLevel_adder_30/_1063_/ZN (CKND2D0BWP30P140)
   0.0370   14.1761 ^ reducedSum_nextLevel_adder_30/_1188_/ZN (OAI32D0BWP30P140)
   0.0151   14.1911 v reducedSum_nextLevel_adder_30/_1189_/ZN (AOI21D0BWP30P140)
   0.0396   14.2308 ^ reducedSum_nextLevel_adder_30/_1191_/ZN (OAI221D0BWP30P140)
   0.0211   14.2519 v reducedSum_nextLevel_adder_30/_1196_/ZN (OAI31D0BWP30P140)
   0.0222   14.2741 ^ reducedSum_nextLevel_adder_30/_1198_/ZN (AOI21D0BWP30P140)
   0.0256   14.2997 v reducedSum_nextLevel_adder_30/_1200_/ZN (MAOI222D0BWP30P140)
   0.0396   14.3393 ^ reducedSum_nextLevel_adder_30/_1202_/ZN (MAOI222D0BWP30P140)
   0.0257   14.3650 v reducedSum_nextLevel_adder_30/_1204_/ZN (MAOI222D0BWP30P140)
   0.0277   14.3927 ^ reducedSum_nextLevel_adder_30/_1206_/ZN (AOI21D0BWP30P140)
   0.0253   14.4180 ^ reducedSum_nextLevel_adder_30/_1209_/ZN (IAO21D0BWP30P140)
   0.0247   14.4427 v reducedSum_nextLevel_adder_30/_1211_/ZN (MAOI222D0BWP30P140)
   0.0395   14.4822 ^ reducedSum_nextLevel_adder_30/_1213_/ZN (MAOI222D0BWP30P140)
   0.0265   14.5087 v reducedSum_nextLevel_adder_30/_1221_/ZN (MAOI222D0BWP30P140)
   0.0354   14.5441 v reducedSum_nextLevel_adder_30/_1232_/Z (AO21D0BWP30P140)
   0.0261   14.5701 ^ reducedSum_nextLevel_adder_30/_1242_/ZN (MAOI222D0BWP30P140)
   0.0265   14.5967 v reducedSum_nextLevel_adder_30/_1255_/ZN (MAOI222D0BWP30P140)
   0.0315   14.6282 v reducedSum_nextLevel_adder_30/_1259_/Z (AO21D0BWP30P140)
   0.0182   14.6463 ^ reducedSum_nextLevel_adder_30/_1276_/ZN (AOI21D0BWP30P140)
   0.0258   14.6722 v reducedSum_nextLevel_adder_30/_1280_/ZN (MAOI222D0BWP30P140)
   0.0391   14.7113 ^ reducedSum_nextLevel_adder_30/_1296_/ZN (MAOI222D0BWP30P140)
   0.0262   14.7375 v reducedSum_nextLevel_adder_30/_1300_/ZN (MAOI222D0BWP30P140)
   0.0304   14.7679 ^ reducedSum_nextLevel_adder_30/_1318_/ZN (AOI21D0BWP30P140)
   0.0249   14.7928 v reducedSum_nextLevel_adder_30/_1322_/ZN (MAOI222D0BWP30P140)
   0.0364   14.8292 v reducedSum_nextLevel_adder_30/_1345_/Z (AO21D0BWP30P140)
   0.0156   14.8448 ^ reducedSum_nextLevel_adder_30/_1353_/ZN (MUX2ND0BWP30P140)
   0.0347   14.8796 ^ reducedSum_nextLevel_adder_30/_1354_/ZN (XNR2UD0BWP30P140)
   0.0288   14.9084 ^ reducedSum_nextLevel_adder_30/_1453_/ZN (MAOI22D0BWP30P140)
   0.1281   15.0364 v reducedSum_nextLevel_adder_30/_1456_/ZN (OAI211D0BWP30P140)
   0.0886   15.1250 ^ reducedSum_nextLevel_adder_30/_1531_/Z (MUX4D0BWP30P140)
   0.0194   15.1445 v reducedSum_nextLevel_adder_30/_1534_/ZN (MUX3ND0BWP30P140)
   0.0405   15.1850 ^ reducedSum_nextLevel_adder_30/_1568_/ZN (NR2D0BWP30P140)
   0.0507   15.2357 ^ reducedSum_nextLevel_adder_30/_1577_/ZN (INR4D0BWP30P140)
   0.0511   15.2867 ^ reducedSum_nextLevel_adder_30/_1582_/Z (AN4D0BWP30P140)
   0.0395   15.3262 ^ reducedSum_nextLevel_adder_30/_1590_/Z (AN4D0BWP30P140)
   0.0406   15.3668 ^ reducedSum_nextLevel_adder_30/_1601_/Z (AN4D0BWP30P140)
   0.0349   15.4016 ^ reducedSum_nextLevel_adder_30/_1603_/Z (AN3D0BWP30P140)
   0.0271   15.4288 v reducedSum_nextLevel_adder_30/_1605_/ZN (IND3D0BWP30P140)
   0.0379   15.4667 v reducedSum_nextLevel_adder_30/_1606_/Z (OR3D0BWP30P140)
   0.0368   15.5035 ^ reducedSum_nextLevel_adder_30/_1608_/ZN (INR3D0BWP30P140)
   0.0364   15.5400 v reducedSum_nextLevel_adder_30/_1611_/ZN (MAOI222D0BWP30P140)
   0.0357   15.5756 ^ reducedSum_nextLevel_adder_30/_1616_/ZN (NR4D0BWP30P140)
   0.0219   15.5975 v reducedSum_nextLevel_adder_30/_1619_/ZN (OAI31D0BWP30P140)
   0.0327   15.6302 v reducedSum_nextLevel_adder_30/_1621_/Z (AO21D0BWP30P140)
   0.0312   15.6614 ^ reducedSum_nextLevel_adder_30/_1623_/ZN (AOI21D0BWP30P140)
   0.0248   15.6863 ^ reducedSum_nextLevel_adder_30/_1625_/Z (OR3D0BWP30P140)
   0.0144   15.7006 v reducedSum_nextLevel_adder_30/_1647_/ZN (AOI21D0BWP30P140)
   0.0314   15.7320 v reducedSum_nextLevel_adder_30/_1648_/Z (OR2D0BWP30P140)
   0.0303   15.7623 ^ reducedSum_nextLevel_adder_30/_1653_/ZN (NR2D0BWP30P140)
   0.0246   15.7869 v accAdder/_0897_/ZN (XNR2UD0BWP30P140)
   0.0314   15.8182 ^ accAdder/_0899_/ZN (AOI21D0BWP30P140)
   0.0301   15.8483 v accAdder/_0901_/ZN (MAOI222D0BWP30P140)
   0.0360   15.8844 ^ accAdder/_0902_/ZN (MAOI222D0BWP30P140)
   0.0302   15.9146 v accAdder/_0903_/ZN (MAOI222D0BWP30P140)
   0.0360   15.9506 ^ accAdder/_0966_/ZN (MAOI222D0BWP30P140)
   0.0302   15.9808 v accAdder/_0968_/ZN (MAOI222D0BWP30P140)
   0.0257   16.0065 v accAdder/_0970_/ZN (XNR2UD0BWP30P140)
   0.0212   16.0277 ^ accAdder/_0971_/ZN (NR2D0BWP30P140)
   0.0257   16.0534 ^ accAdder/_0972_/Z (AN2D0BWP30P140)
   0.4170   16.4704 v accAdder/_0975_/ZN (AOI31D0BWP30P140)
   0.4192   16.8896 ^ accAdder/_0991_/ZN (AOI22D0BWP30P140)
   0.0318   16.9214 v accAdder/_1063_/ZN (CKND2D0BWP30P140)
   0.0370   16.9584 ^ accAdder/_1188_/ZN (OAI32D0BWP30P140)
   0.0151   16.9735 v accAdder/_1189_/ZN (AOI21D0BWP30P140)
   0.0396   17.0131 ^ accAdder/_1191_/ZN (OAI221D0BWP30P140)
   0.0211   17.0342 v accAdder/_1196_/ZN (OAI31D0BWP30P140)
   0.0222   17.0565 ^ accAdder/_1198_/ZN (AOI21D0BWP30P140)
   0.0256   17.0820 v accAdder/_1200_/ZN (MAOI222D0BWP30P140)
   0.0396   17.1216 ^ accAdder/_1202_/ZN (MAOI222D0BWP30P140)
   0.0257   17.1473 v accAdder/_1204_/ZN (MAOI222D0BWP30P140)
   0.0277   17.1751 ^ accAdder/_1206_/ZN (AOI21D0BWP30P140)
   0.0253   17.2004 ^ accAdder/_1209_/ZN (IAO21D0BWP30P140)
   0.0247   17.2250 v accAdder/_1211_/ZN (MAOI222D0BWP30P140)
   0.0395   17.2645 ^ accAdder/_1213_/ZN (MAOI222D0BWP30P140)
   0.0265   17.2910 v accAdder/_1221_/ZN (MAOI222D0BWP30P140)
   0.0354   17.3264 v accAdder/_1232_/Z (AO21D0BWP30P140)
   0.0261   17.3525 ^ accAdder/_1242_/ZN (MAOI222D0BWP30P140)
   0.0265   17.3790 v accAdder/_1255_/ZN (MAOI222D0BWP30P140)
   0.0315   17.4105 v accAdder/_1259_/Z (AO21D0BWP30P140)
   0.0182   17.4287 ^ accAdder/_1276_/ZN (AOI21D0BWP30P140)
   0.0258   17.4545 v accAdder/_1280_/ZN (MAOI222D0BWP30P140)
   0.0391   17.4936 ^ accAdder/_1296_/ZN (MAOI222D0BWP30P140)
   0.0262   17.5198 v accAdder/_1300_/ZN (MAOI222D0BWP30P140)
   0.0304   17.5502 ^ accAdder/_1318_/ZN (AOI21D0BWP30P140)
   0.0249   17.5751 v accAdder/_1322_/ZN (MAOI222D0BWP30P140)
   0.0364   17.6116 v accAdder/_1345_/Z (AO21D0BWP30P140)
   0.0156   17.6272 ^ accAdder/_1353_/ZN (MUX2ND0BWP30P140)
   0.0347   17.6619 ^ accAdder/_1354_/ZN (XNR2UD0BWP30P140)
   0.0288   17.6907 ^ accAdder/_1453_/ZN (MAOI22D0BWP30P140)
   0.1281   17.8188 v accAdder/_1456_/ZN (OAI211D0BWP30P140)
   0.0886   17.9074 ^ accAdder/_1531_/Z (MUX4D0BWP30P140)
   0.0194   17.9268 v accAdder/_1534_/ZN (MUX3ND0BWP30P140)
   0.0405   17.9673 ^ accAdder/_1568_/ZN (NR2D0BWP30P140)
   0.0507   18.0180 ^ accAdder/_1577_/ZN (INR4D0BWP30P140)
   0.0511   18.0691 ^ accAdder/_1582_/Z (AN4D0BWP30P140)
   0.0395   18.1085 ^ accAdder/_1590_/Z (AN4D0BWP30P140)
   0.0406   18.1491 ^ accAdder/_1601_/Z (AN4D0BWP30P140)
   0.0349   18.1840 ^ accAdder/_1603_/Z (AN3D0BWP30P140)
   0.0271   18.2111 v accAdder/_1605_/ZN (IND3D0BWP30P140)
   0.0379   18.2490 v accAdder/_1606_/Z (OR3D0BWP30P140)
   0.0368   18.2859 ^ accAdder/_1608_/ZN (INR3D0BWP30P140)
   0.0364   18.3223 v accAdder/_1611_/ZN (MAOI222D0BWP30P140)
   0.0357   18.3580 ^ accAdder/_1616_/ZN (NR4D0BWP30P140)
   0.0219   18.3799 v accAdder/_1619_/ZN (OAI31D0BWP30P140)
   0.0327   18.4125 v accAdder/_1621_/Z (AO21D0BWP30P140)
   0.0312   18.4438 ^ accAdder/_1623_/ZN (AOI21D0BWP30P140)
   0.0237   18.4674 v accAdder/_1626_/ZN (OAI21D0BWP30P140)
   0.0215   18.4889 v accAdder/_1658_/Z (AN3D0BWP30P140)
   0.0613   18.5502 v accAdder/_1659_/Z (OR3D0BWP30P140)
   0.0420   18.5922 ^ accAdder/_1703_/ZN (AOI211D0BWP30P140)
   0.0261   18.6182 ^ _060_/Z (AO22D0BWP30P140)
   0.0000   18.6182 ^ _070_/D (DFCNQD1BWP30P140)
            18.6182   data arrival time

  20.0000   20.0000   clock CORE_CLK (rise edge)
   0.0000   20.0000   clock network delay (ideal)
  -0.0500   19.9500   clock uncertainty
   0.0000   19.9500   clock reconvergence pessimism
            19.9500 ^ _070_/CP (DFCNQD1BWP30P140)
  -0.0174   19.9326   library setup time
            19.9326   data required time
-------------------------------------------------------------
            19.9326   data required time
           -18.6182   data arrival time
-------------------------------------------------------------
             1.3144   slack (MET)


