
6. Printing statistics.

=== BFP_PE ===

        +----------Local Count, excluding submodules.
        |        +-Local Area, excluding submodules.
        |        | 
       52        - wires
      278        - wire bits
       32        - public wires
      258        - public wire bits
       10        - ports
      101        - port bits
       39   57.582 cells
       18   13.608   AO22D0BWP30P140
       19   43.092   DFCNQD1BWP30P140
        1    0.504   INR2D0BWP30P140
        1    0.378   NR2D0BWP30P140
        8        - submodules
        4        -   CustomOperator_INT8_to_E2M1
        1        -   FPNAdder
        1        -   FixedFPTree_exp5_mant9_out9_vec4_range1
        1        -   ScaleAddition_INT8_to_E2M1_scale_UE4M4
        1        -   ScaleToFP9b_INT8_x_E2M1_UE4M4

   Chip area for module '\BFP_PE': 57.582000
     of which used for sequential elements: 43.092000 (74.84%)

=== FPNAdder ===

        +----------Local Count, excluding submodules.
        |        +-Local Area, excluding submodules.
        |        | 
      448        - wires
      529        - wire bits
        6        - public wires
       87        - public wire bits
        3        - ports
       54        - port bits
      460  285.516 cells
       21   10.584   AN2D0BWP30P140
        6     3.78   AN3D0BWP30P140
        8     5.04   AO21D0BWP30P140
        3    2.268   AO22D0BWP30P140
       12     7.56   AOI211D0BWP30P140
       19    9.576   AOI21D0BWP30P140
        5     3.78   AOI221D0BWP30P140
        1    1.008   AOI222D0BWP30P140
        6     3.78   AOI22D0BWP30P140
        5     3.15   AOI31D0BWP30P140
        1    0.756   AOI32D0BWP30P140
        1    0.882   AOI33D0BWP30P140
        8    7.056   CKMUX2D0BWP30P140
       27    6.804   CKND0BWP30P140
       28   10.584   CKND2D0BWP30P140
        5     3.15   IAO21D0BWP30P140
       16    8.064   IND2D0BWP30P140
        1     0.63   IND3D0BWP30P140
        2    1.512   IND4D0BWP30P140
       16    8.064   INR2D0BWP30P140
        2     1.26   INR3D0BWP30P140
        4    3.024   INR4D0BWP30P140
        1     0.63   IOA21D0BWP30P140
        6    4.536   MAOI222D0BWP30P140
        3    2.268   MAOI22D0BWP30P140
        3    2.268   MOAI22D0BWP30P140
       35    26.46   MUX2ND0BWP30P140
        3    5.292   MUX3D0BWP30P140
        1    1.638   MUX3ND0BWP30P140
        1    2.394   MUX4D0BWP30P140
        5    11.34   MUX4ND0BWP30P140
       11    5.544   ND3D0BWP30P140
        9     5.67   ND4D0BWP30P140
       43   16.254   NR2D0BWP30P140
       19    9.576   NR3D0BWP30P140
        7     4.41   NR4D0BWP30P140
        3    2.268   OA211D0BWP30P140
       11     6.93   OA21D0BWP30P140
        1    0.882   OA22D0BWP30P140
       12     7.56   OAI211D0BWP30P140
       12    6.048   OAI21D0BWP30P140
        3    2.646   OAI221D0BWP30P140
        7     4.41   OAI22D0BWP30P140
        6     3.78   OAI31D0BWP30P140
        1    0.756   OAI32D0BWP30P140
        1    0.882   OAI33D0BWP30P140
        9    4.536   OR2D0BWP30P140
        2     1.26   OR3D0BWP30P140
        2    1.512   OR4D0BWP30P140
       30    26.46   XNR2UD0BWP30P140
       15    13.23   XOR2UD0BWP30P140
        1    1.764   XOR3UD0BWP30P140

   Chip area for module '\FPNAdder': 285.516000
     of which used for sequential elements: 0.000000 (0.00%)

=== ScaleToFP9b_INT8_x_E2M1_UE4M4 ===

        +----------Local Count, excluding submodules.
        |        +-Local Area, excluding submodules.
        |        | 
      153        - wires
      194        - wire bits
        4        - public wires
       45        - public wire bits
        4        - ports
       45        - port bits
      167  115.794 cells
        2    1.008   AN2D0BWP30P140
        1     0.63   AN3D0BWP30P140
        4     2.52   AO21D0BWP30P140
        2     1.26   AOI211D0BWP30P140
       12    6.048   AOI21D0BWP30P140
        1    0.756   AOI221D0BWP30P140
        2    1.764   CKMUX2D0BWP30P140
        8    2.016   CKND0BWP30P140
       11    4.158   CKND2D0BWP30P140
        6     3.78   IAO21D0BWP30P140
        5     2.52   IND2D0BWP30P140
        1     0.63   IND3D0BWP30P140
        7    3.528   INR2D0BWP30P140
        2     1.26   INR3D0BWP30P140
        1    0.756   INR4D0BWP30P140
        2     1.26   IOA21D0BWP30P140
        2    1.512   MAOI222D0BWP30P140
       14   10.584   MUX2ND0BWP30P140
        2    3.276   MUX3ND0BWP30P140
       10    22.68   MUX4ND0BWP30P140
        3    1.512   ND3D0BWP30P140
        2     1.26   ND4D0BWP30P140
       15     5.67   NR2D0BWP30P140
       10     5.04   NR3D0BWP30P140
        6     3.78   NR4D0BWP30P140
        4     2.52   OA21D0BWP30P140
        1    0.882   OA22D0BWP30P140
        1     0.63   OAI211D0BWP30P140
        7    3.528   OAI21D0BWP30P140
        1    0.882   OAI221D0BWP30P140
        1     0.63   OAI22D0BWP30P140
        2     1.26   OAI31D0BWP30P140
        1    0.504   OR2D0BWP30P140
        1    0.756   OR4D0BWP30P140
       14   12.348   XNR2UD0BWP30P140
        3    2.646   XOR2UD0BWP30P140

   Chip area for module '\ScaleToFP9b_INT8_x_E2M1_UE4M4': 115.794000
     of which used for sequential elements: 0.000000 (0.00%)

=== ScaleAddition_INT8_to_E2M1_scale_UE4M4 ===

        +----------Local Count, excluding submodules.
        |        +-Local Area, excluding submodules.
        |        | 
      509        - wires
      559        - wire bits
        8        - public wires
       58        - public wire bits
        8        - ports
       58        - port bits
      526  357.966 cells
       17    8.568   AN2D0BWP30P140
        4     2.52   AN3D0BWP30P140
        4    3.024   AN4D0BWP30P140
        1    0.756   AO211D0BWP30P140
        8     5.04   AO21D0BWP30P140
        3    2.268   AO22D0BWP30P140
       15     7.56   AOI21D0BWP30P140
        8     5.04   AOI22D0BWP30P140
        9     5.67   AOI31D0BWP30P140
        1    0.756   AOI32D0BWP30P140
       18    4.536   CKND0BWP30P140
      106   40.068   CKND2D0BWP30P140
        3     1.89   IAO21D0BWP30P140
        1    0.882   IAO22D0BWP30P140
       11    5.544   IND2D0BWP30P140
       21   10.584   INR2D0BWP30P140
        3     1.89   INR3D0BWP30P140
        3     1.89   IOA21D0BWP30P140
       45    34.02   MAOI222D0BWP30P140
        1    0.756   MOAI22D0BWP30P140
       11    5.544   ND3D0BWP30P140
        3     1.89   ND4D0BWP30P140
       39   14.742   NR2D0BWP30P140
        5     2.52   NR3D0BWP30P140
        2     1.26   OA21D0BWP30P140
        9    4.536   OAI21D0BWP30P140
        2     1.26   OAI22D0BWP30P140
        2     1.26   OAI31D0BWP30P140
        1    0.756   OAI32D0BWP30P140
        5     2.52   OR2D0BWP30P140
        2     1.26   OR3D0BWP30P140
        1    0.756   OR4D0BWP30P140
       78   68.796   XNR2UD0BWP30P140
       25     44.1   XNR3UD0BWP30P140
        2    5.292   XNR4D0BWP30P140
       49   43.218   XOR2UD0BWP30P140
        7   12.348   XOR3UD0BWP30P140
        1    2.646   XOR4D0BWP30P140

   Chip area for module '\ScaleAddition_INT8_to_E2M1_scale_UE4M4': 357.966000
     of which used for sequential elements: 0.000000 (0.00%)

=== FixedFPTree_exp5_mant9_out9_vec4_range1 ===

        +----------Local Count, excluding submodules.
        |        +-Local Area, excluding submodules.
        |        | 
      717        - wires
      833        - wire bits
       19        - public wires
      135        - public wire bits
       15        - ports
       75        - port bits
      713  473.256 cells
       20    10.08   AN2D0BWP30P140
        2     1.26   AN3D0BWP30P140
        1    0.756   AN4D0BWP30P140
        4    3.024   AO211D0BWP30P140
        4     2.52   AO21D0BWP30P140
        3    2.268   AO22D0BWP30P140
        7     4.41   AOI211D0BWP30P140
       48   24.192   AOI21D0BWP30P140
        5     3.78   AOI221D0BWP30P140
        4    4.032   AOI222D0BWP30P140
        3     1.89   AOI22D0BWP30P140
        8     5.04   AOI31D0BWP30P140
        3    2.268   AOI32D0BWP30P140
       21   18.522   CKMUX2D0BWP30P140
       37    9.324   CKND0BWP30P140
       64   24.192   CKND2D0BWP30P140
        9     5.67   IAO21D0BWP30P140
       21   10.584   IND2D0BWP30P140
        3     1.89   IND3D0BWP30P140
        2    1.512   IND4D0BWP30P140
        8    4.032   INR2D0BWP30P140
        5     3.15   INR3D0BWP30P140
        1    0.756   INR4D0BWP30P140
        4     2.52   IOA21D0BWP30P140
       33   24.948   MAOI222D0BWP30P140
        3    2.268   MAOI22D0BWP30P140
        2    1.512   MOAI22D0BWP30P140
       47   35.532   MUX2ND0BWP30P140
        3    6.804   MUX4ND0BWP30P140
       11    5.544   ND3D0BWP30P140
        5     3.15   ND4D0BWP30P140
       54   20.412   NR2D0BWP30P140
       11    5.544   NR3D0BWP30P140
        2     1.26   NR4D0BWP30P140
        8     5.04   OA21D0BWP30P140
        5     4.41   OA22D0BWP30P140
       13     8.19   OAI211D0BWP30P140
       36   18.144   OAI21D0BWP30P140
        4    3.528   OAI221D0BWP30P140
        6     3.78   OAI22D0BWP30P140
        7     4.41   OAI31D0BWP30P140
        1    0.756   OAI32D0BWP30P140
        1    0.882   OAI33D0BWP30P140
       14    7.056   OR2D0BWP30P140
        3     1.89   OR3D0BWP30P140
       67   59.094   XNR2UD0BWP30P140
       20    35.28   XNR3UD0BWP30P140
       65    57.33   XOR2UD0BWP30P140
        5     8.82   XOR3UD0BWP30P140

   Chip area for module '\FixedFPTree_exp5_mant9_out9_vec4_range1': 473.256000
     of which used for sequential elements: 0.000000 (0.00%)

=== CustomOperator_INT8_to_E2M1 ===

        +----------Local Count, excluding submodules.
        |        +-Local Area, excluding submodules.
        |        | 
       47        - wires
       71        - wire bits
        6        - public wires
       30        - public wire bits
        5        - ports
       27        - port bits
       54   32.634 cells
        4    2.016   AN2D0BWP30P140
        1     0.63   AOI22D0BWP30P140
        4    1.008   CKND0BWP30P140
        4    1.512   CKND2D0BWP30P140
        1    0.504   IND2D0BWP30P140
        3    1.512   INR2D0BWP30P140
        2     1.26   IOA21D0BWP30P140
        2    1.512   MAOI222D0BWP30P140
        1    0.756   MOAI22D0BWP30P140
        1     0.63   ND4D0BWP30P140
        6    2.268   NR2D0BWP30P140
        3    1.512   OAI21D0BWP30P140
        2     1.26   OAI22D0BWP30P140
        3     1.89   OAI31D0BWP30P140
        1    0.504   OR2D0BWP30P140
        1     0.63   OR3D0BWP30P140
        8    7.056   XNR2UD0BWP30P140
        7    6.174   XOR2UD0BWP30P140

   Chip area for module '\CustomOperator_INT8_to_E2M1': 32.634000
     of which used for sequential elements: 0.000000 (0.00%)

=== design hierarchy ===

        +----------Count including submodules.
        |        +-Area including submodules.
        |        | 
     2121  1420.65 BFP_PE
       54   32.634 CustomOperator_INT8_to_E2M1
      460  285.516 FPNAdder
      713  473.256 FixedFPTree_exp5_mant9_out9_vec4_range1
      526  357.966 ScaleAddition_INT8_to_E2M1_scale_UE4M4
      167  115.794 ScaleToFP9b_INT8_x_E2M1_UE4M4

        +----------Count including submodules.
        |        +-Area including submodules.
        |        | 
     2067        - wires
     2677        - wire bits
       93        - public wires
      703        - public wire bits
       60        - ports
      441        - port bits
        -        - memories
        -        - memory bits
        -        - processes
     2121  1420.65 cells
       76   38.304   AN2D0BWP30P140
       13     8.19   AN3D0BWP30P140
        5     3.78   AN4D0BWP30P140
        5     3.78   AO211D0BWP30P140
       24    15.12   AO21D0BWP30P140
       27   20.412   AO22D0BWP30P140
       21    13.23   AOI211D0BWP30P140
       94   47.376   AOI21D0BWP30P140
       11    8.316   AOI221D0BWP30P140
        5     5.04   AOI222D0BWP30P140
       21    13.23   AOI22D0BWP30P140
       22    13.86   AOI31D0BWP30P140
        5     3.78   AOI32D0BWP30P140
        1    0.882   AOI33D0BWP30P140
       31   27.342   CKMUX2D0BWP30P140
      106   26.712   CKND0BWP30P140
      225    85.05   CKND2D0BWP30P140
       19   43.092   DFCNQD1BWP30P140
       23    14.49   IAO21D0BWP30P140
        1    0.882   IAO22D0BWP30P140
       57   28.728   IND2D0BWP30P140
        5     3.15   IND3D0BWP30P140
        4    3.024   IND4D0BWP30P140
       65    32.76   INR2D0BWP30P140
       12     7.56   INR3D0BWP30P140
        6    4.536   INR4D0BWP30P140
       18    11.34   IOA21D0BWP30P140
       94   71.064   MAOI222D0BWP30P140
        6    4.536   MAOI22D0BWP30P140
       10     7.56   MOAI22D0BWP30P140
       96   72.576   MUX2ND0BWP30P140
        3    5.292   MUX3D0BWP30P140
        3    4.914   MUX3ND0BWP30P140
        1    2.394   MUX4D0BWP30P140
       18   40.824   MUX4ND0BWP30P140
       36   18.144   ND3D0BWP30P140
       23    14.49   ND4D0BWP30P140
      176   66.528   NR2D0BWP30P140
       45    22.68   NR3D0BWP30P140
       15     9.45   NR4D0BWP30P140
        3    2.268   OA211D0BWP30P140
       25    15.75   OA21D0BWP30P140
        7    6.174   OA22D0BWP30P140
       26    16.38   OAI211D0BWP30P140
       76   38.304   OAI21D0BWP30P140
        8    7.056   OAI221D0BWP30P140
       24    15.12   OAI22D0BWP30P140
       29    18.27   OAI31D0BWP30P140
        3    2.268   OAI32D0BWP30P140
        2    1.764   OAI33D0BWP30P140
       33   16.632   OR2D0BWP30P140
       11     6.93   OR3D0BWP30P140
        4    3.024   OR4D0BWP30P140
      221  194.922   XNR2UD0BWP30P140
       45    79.38   XNR3UD0BWP30P140
        2    5.292   XNR4D0BWP30P140
      160   141.12   XOR2UD0BWP30P140
       13   22.932   XOR3UD0BWP30P140
        1    2.646   XOR4D0BWP30P140
        8 1.36E+03 submodules
        4  130.536   CustomOperator_INT8_to_E2M1
        1  285.516   FPNAdder
        1  473.256   FixedFPTree_exp5_mant9_out9_vec4_range1
        1  357.966   ScaleAddition_INT8_to_E2M1_scale_UE4M4
        1  115.794   ScaleToFP9b_INT8_x_E2M1_UE4M4

   Chip area for top module '\BFP_PE': 1420.650000
     of which used for sequential elements: 43.092000 (3.03%)

