Startpoint: reset (input port clocked by CORE_CLK)
Endpoint: _42_ (recovery check against rising-edge clock CORE_CLK)
Path Group: asynchronous
Path Type: max

    Delay      Time   Description
-------------------------------------------------------------
   0.0000    0.0000   clock CORE_CLK (rise edge)
   0.0000    0.0000   clock network delay (ideal)
   0.0000    0.0000 ^ input external delay
   0.0000    0.0000 ^ reset (in)
   0.0000    0.0000 ^ _42_/CDN (DFCNQD1BWP30P140)
             0.0000   data arrival time

   2.0000    2.0000   clock CORE_CLK (rise edge)
   0.0000    2.0000   clock network delay (ideal)
  -0.0500    1.9500   clock uncertainty
   0.0000    1.9500   clock reconvergence pessimism
             1.9500 ^ _42_/CP (DFCNQD1BWP30P140)
   0.0258    1.9758   library recovery time
             1.9758   data required time
-------------------------------------------------------------
             1.9758   data required time
            -0.0000   data arrival time
-------------------------------------------------------------
             1.9758   slack (MET)


Startpoint: io_op_a_i[13] (input port clocked by CORE_CLK)
Endpoint: _57_ (rising edge-triggered flip-flop clocked by CORE_CLK)
Path Group: CORE_CLK
Path Type: max

    Delay      Time   Description
-------------------------------------------------------------
   0.0000    0.0000   clock CORE_CLK (rise edge)
   0.0000    0.0000   clock network delay (ideal)
   0.0000    0.0000 v input external delay
   0.0000    0.0000 v io_op_a_i[13] (in)
   0.0262    0.0262 v op_1/_49_/Z (OR3D0BWP30P140)
   0.0249    0.0511 ^ op_1/_64_/ZN (OAI211D0BWP30P140)
   0.0272    0.0783 v op_1/_74_/ZN (MAOI222D0BWP30P140)
   0.0457    0.1240 ^ op_1/_75_/ZN (MAOI222D0BWP30P140)
   0.0170    0.1410 v op_1/_79_/ZN (MAOI22D0BWP30P140)
   0.0789    0.2199 ^ op_1/_83_/ZN (AOI211D0BWP30P140)
   0.0144    0.2343 v tree/_1918_/ZN (CKND0BWP30P140)
   0.0179    0.2523 ^ tree/_1946_/ZN (OAI22D0BWP30P140)
   0.0523    0.3046 v tree/_1947_/ZN (OAI22D0BWP30P140)
   0.0401    0.3447 v tree/_1956_/ZN (MUX2ND0BWP30P140)
   0.0269    0.3716 ^ tree/_1958_/ZN (AOI22D0BWP30P140)
   0.0248    0.3964 ^ tree/_1959_/Z (OA21D0BWP30P140)
   0.0205    0.4169 ^ tree/_1966_/Z (OA21D0BWP30P140)
   0.0377    0.4546 ^ tree/_1969_/Z (OA21D0BWP30P140)
   0.0341    0.4887 ^ tree/_1981_/ZN (MUX2ND0BWP30P140)
   0.0271    0.5158 v tree/_1996_/ZN (XNR2UD0BWP30P140)
   0.0235    0.5393 ^ tree/_1998_/ZN (INR3D0BWP30P140)
   0.0271    0.5665 v tree/_1999_/ZN (AOI31D0BWP30P140)
   0.0682    0.6347 v tree/_2001_/ZN (IOA21D0BWP30P140)
   0.0753    0.7100 ^ tree/_2017_/ZN (MUX2ND0BWP30P140)
   0.0418    0.7519 v tree/_2023_/ZN (MAOI222D0BWP30P140)
   0.0331    0.7850 ^ tree/_2027_/ZN (AOI211D0BWP30P140)
   0.0133    0.7983 v tree/_2028_/ZN (NR2D0BWP30P140)
   0.0428    0.8411 ^ tree/_2044_/Z (XOR2UD0BWP30P140)
   0.0460    0.8871 v tree/_2048_/ZN (AOI31D0BWP30P140)
   0.0795    0.9665 ^ tree/_2052_/ZN (NR2D0BWP30P140)
   0.0450    1.0115 v tree/_2067_/ZN (MUX4ND0BWP30P140)
   0.0484    1.0599 ^ tree/_2109_/ZN (OAI32D0BWP30P140)
   0.0347    1.0946 ^ tree/_2137_/Z (AO22D0BWP30P140)
   0.0142    1.1088 v tree/_2140_/ZN (OAI21D0BWP30P140)
   0.0361    1.1450 v tree/_3204_/Z (XOR2UD0BWP30P140)
   0.0674    1.2124 v tree/_3219_/ZN (XNR3UD0BWP30P140)
   0.0525    1.2649 v tree/_3234_/ZN (XNR3UD0BWP30P140)
   0.0296    1.2945 v tree/_3250_/ZN (XNR2UD0BWP30P140)
   0.0281    1.3226 ^ tree/_3251_/ZN (AOI21D0BWP30P140)
   0.0300    1.3526 v tree/_3253_/ZN (MAOI222D0BWP30P140)
   0.0360    1.3886 ^ tree/_3255_/ZN (MAOI222D0BWP30P140)
   0.0304    1.4190 v tree/_3256_/ZN (MAOI222D0BWP30P140)
   0.0394    1.4584 ^ tree/_3258_/ZN (MAOI222D0BWP30P140)
   0.0245    1.4829 v tree/_3260_/ZN (OAI21D0BWP30P140)
   0.0279    1.5108 ^ tree/_3262_/ZN (AOI21D0BWP30P140)
   0.0192    1.5300 v tree/_3264_/ZN (OAI21D0BWP30P140)
   0.0346    1.5646 ^ tree/_3265_/ZN (MAOI222D0BWP30P140)
   0.0314    1.5960 v tree/_3267_/ZN (MAOI222D0BWP30P140)
   0.0399    1.6359 ^ tree/_3269_/ZN (MAOI222D0BWP30P140)
   0.0243    1.6602 v tree/_3271_/ZN (OAI21D0BWP30P140)
   0.0278    1.6880 ^ tree/_3273_/ZN (AOI21D0BWP30P140)
   0.0226    1.7105 v tree/_3275_/ZN (OAI21D0BWP30P140)
   0.0273    1.7378 ^ tree/_3277_/ZN (AOI21D0BWP30P140)
   0.0192    1.7570 v tree/_3279_/ZN (OAI21D0BWP30P140)
   0.0337    1.7907 ^ tree/_3280_/ZN (MAOI222D0BWP30P140)
   0.0241    1.8148 v tree/_3282_/ZN (OAI21D0BWP30P140)
   0.0277    1.8425 ^ tree/_3284_/ZN (AOI21D0BWP30P140)
   0.0238    1.8663 v tree/_3286_/ZN (OAI21D0BWP30P140)
   0.0364    1.9027 ^ tree/_3288_/ZN (MAOI222D0BWP30P140)
   0.0305    1.9332 v tree/_3290_/ZN (MAOI222D0BWP30P140)
   0.0351    1.9683 ^ tree/_3292_/ZN (AOI21D0BWP30P140)
   0.0274    1.9957 v tree/_3295_/ZN (OAI211D0BWP30P140)
   0.0333    2.0291 ^ tree/_3297_/ZN (AOI31D0BWP30P140)
   0.0322    2.0613 v tree/_3299_/ZN (MAOI222D0BWP30P140)
   0.0318    2.0931 ^ tree/_3302_/ZN (AOI211D0BWP30P140)
   0.0223    2.1155 v tree/_3304_/ZN (OAI31D0BWP30P140)
   0.0283    2.1438 ^ tree/_3306_/ZN (AOI21D0BWP30P140)
   0.0226    2.1664 v tree/_3308_/ZN (OAI21D0BWP30P140)
   0.0283    2.1947 ^ tree/_3310_/ZN (AOI21D0BWP30P140)
   0.0290    2.2237 v tree/_3312_/ZN (MAOI222D0BWP30P140)
   0.0269    2.2506 ^ tree/_3314_/ZN (AOI21D0BWP30P140)
   0.0282    2.2788 v tree/_3315_/ZN (MAOI222D0BWP30P140)
   0.0321    2.3109 ^ tree/_3317_/ZN (AOI21D0BWP30P140)
   0.0293    2.3401 v tree/_3319_/ZN (MAOI222D0BWP30P140)
   0.0349    2.3751 ^ tree/_3321_/ZN (AOI21D0BWP30P140)
   0.0274    2.4025 v tree/_3324_/ZN (OAI211D0BWP30P140)
   0.0292    2.4317 ^ tree/_3326_/ZN (AOI31D0BWP30P140)
   0.0688    2.5005 v tree/_3328_/Z (XOR2UD0BWP30P140)
   0.0859    2.5864 ^ tree/_3329_/ZN (CKND0BWP30P140)
   0.0109    2.5973 v tree/_3389_/ZN (CKND2D0BWP30P140)
   0.0414    2.6387 v tree/_3565_/Z (XOR2UD0BWP30P140)
   0.0212    2.6599 ^ tree/_3590_/ZN (OAI21D0BWP30P140)
   0.0125    2.6723 v tree/_3591_/ZN (AOI21D0BWP30P140)
   0.0172    2.6895 ^ tree/_3592_/ZN (OAI21D0BWP30P140)
   0.0123    2.7019 v tree/_3593_/ZN (AOI21D0BWP30P140)
   0.0172    2.7190 ^ tree/_3594_/ZN (OAI21D0BWP30P140)
   0.0123    2.7314 v tree/_3595_/ZN (AOI21D0BWP30P140)
   0.0172    2.7486 ^ tree/_3596_/ZN (OAI21D0BWP30P140)
   0.0123    2.7609 v tree/_3597_/ZN (AOI21D0BWP30P140)
   0.0172    2.7781 ^ tree/_3598_/ZN (OAI21D0BWP30P140)
   0.0123    2.7904 v tree/_3599_/ZN (AOI21D0BWP30P140)
   0.0172    2.8076 ^ tree/_3600_/ZN (OAI21D0BWP30P140)
   0.0123    2.8200 v tree/_3601_/ZN (AOI21D0BWP30P140)
   0.0175    2.8375 ^ tree/_3602_/ZN (OAI21D0BWP30P140)
   0.0214    2.8588 ^ tree/_3603_/ZN (IOA21D0BWP30P140)
   0.0205    2.8794 ^ tree/_3604_/ZN (IOA21D0BWP30P140)
   0.0118    2.8912 v tree/_3605_/ZN (AOI21D0BWP30P140)
   0.0230    2.9142 v tree/_3606_/ZN (IAO21D0BWP30P140)
   0.0207    2.9349 v tree/_3607_/ZN (IAO21D0BWP30P140)
   0.0144    2.9493 ^ tree/_3608_/ZN (OAI21D0BWP30P140)
   0.0225    2.9717 ^ tree/_3611_/Z (AO21D0BWP30P140)
   0.2437    3.2154 v tree/_3612_/ZN (CKND2D0BWP30P140)
   0.1037    3.3191 v tree/_3632_/ZN (MUX4ND0BWP30P140)
   0.0413    3.3604 ^ tree/_3726_/ZN (MUX2ND0BWP30P140)
   0.0272    3.3877 ^ tree/_3728_/ZN (MAOI22D0BWP30P140)
   0.0335    3.4211 v tree/_3729_/ZN (OAI211D0BWP30P140)
   0.0349    3.4560 ^ tree/_3767_/ZN (AOI211D0BWP30P140)
   0.0322    3.4882 v tree/_3781_/ZN (ND4D0BWP30P140)
   0.0247    3.5129 ^ tree/_3787_/ZN (ND4D0BWP30P140)
   0.0188    3.5318 ^ tree/_3788_/ZN (IND2D0BWP30P140)
   0.0088    3.5406 v tree/_3789_/ZN (NR2D0BWP30P140)
   0.0427    3.5832 v tree/_3791_/ZN (XNR2UD0BWP30P140)
   0.0325    3.6157 ^ sa/_569_/ZN (CKND2D0BWP30P140)
   0.0228    3.6385 ^ sa/_572_/ZN (IAO21D0BWP30P140)
   0.0277    3.6661 ^ sa/_596_/ZN (XNR2UD0BWP30P140)
   0.0320    3.6982 ^ sa/_606_/Z (XOR2UD0BWP30P140)
   0.0356    3.7338 v sa/_608_/ZN (AOI32D0BWP30P140)
   0.0614    3.7951 ^ sa/_611_/ZN (XNR4D0BWP30P140)
   0.0329    3.8280 ^ sa/_627_/ZN (XNR2UD0BWP30P140)
   0.0280    3.8560 v sa/_653_/ZN (MAOI222D0BWP30P140)
   0.0339    3.8899 ^ sa/_654_/ZN (MAOI222D0BWP30P140)
   0.0267    3.9166 v sa/_655_/ZN (MAOI222D0BWP30P140)
   0.0338    3.9504 ^ sa/_656_/ZN (MAOI222D0BWP30P140)
   0.0294    3.9798 v sa/_657_/ZN (MAOI222D0BWP30P140)
   0.0301    4.0099 ^ sa/_659_/ZN (AOI21D0BWP30P140)
   0.0238    4.0337 v sa/_662_/ZN (OAI21D0BWP30P140)
   0.0354    4.0691 ^ sa/_664_/ZN (MAOI222D0BWP30P140)
   0.0260    4.0951 v sa/_736_/ZN (OAI21D0BWP30P140)
   0.0301    4.1252 ^ conv/_171_/ZN (NR2D0BWP30P140)
   0.0824    4.2076 v conv/_178_/ZN (AOI21D0BWP30P140)
   0.0611    4.2687 v conv/_192_/ZN (MUX4ND0BWP30P140)
   0.0420    4.3107 ^ conv/_195_/ZN (MUX2ND0BWP30P140)
   0.0350    4.3457 v conv/_213_/ZN (ND4D0BWP30P140)
   0.0517    4.3974 v conv/_222_/ZN (IND4D0BWP30P140)
   0.0427    4.4401 ^ conv/_229_/ZN (INR3D0BWP30P140)
   0.0390    4.4790 v conv/_232_/ZN (IND4D0BWP30P140)
   0.0439    4.5230 v conv/_243_/ZN (IAO21D0BWP30P140)
   0.0399    4.5629 ^ conv/_271_/ZN (OAI21D0BWP30P140)
   0.0256    4.5885 v conv/_287_/ZN (INR3D0BWP30P140)
   0.0286    4.6171 v accAdder/_0528_/Z (OR2D0BWP30P140)
   0.0285    4.6456 ^ accAdder/_0531_/ZN (CKND2D0BWP30P140)
   0.0235    4.6691 v accAdder/_0532_/ZN (CKND2D0BWP30P140)
   0.0235    4.6927 ^ accAdder/_0534_/ZN (NR2D0BWP30P140)
   0.0166    4.7092 v accAdder/_0540_/ZN (CKND2D0BWP30P140)
   0.0205    4.7297 ^ accAdder/_0549_/ZN (NR3D0BWP30P140)
   0.0533    4.7830 ^ accAdder/_0561_/ZN (INR4D0BWP30P140)
   0.0946    4.8776 v accAdder/_0588_/Z (CKMUX2D0BWP30P140)
   0.1083    4.9858 ^ accAdder/_0616_/ZN (OAI31D0BWP30P140)
   0.0321    5.0179 v accAdder/_0618_/ZN (NR3D0BWP30P140)
   0.0487    5.0666 ^ accAdder/_0697_/ZN (AOI222D0BWP30P140)
   0.0161    5.0826 v accAdder/_0768_/ZN (AOI211D0BWP30P140)
   0.0485    5.1312 ^ accAdder/_0772_/ZN (AOI211D0BWP30P140)
   0.0239    5.1550 v accAdder/_0774_/ZN (ND3D0BWP30P140)
   0.0228    5.1779 ^ accAdder/_0776_/ZN (OAI21D0BWP30P140)
   0.0237    5.2016 v accAdder/_0778_/ZN (MAOI222D0BWP30P140)
   0.0231    5.2248 ^ accAdder/_0779_/ZN (OAI21D0BWP30P140)
   0.0235    5.2483 ^ accAdder/_0780_/Z (AO21D0BWP30P140)
   0.0230    5.2713 v accAdder/_0781_/ZN (MAOI222D0BWP30P140)
   0.0336    5.3048 ^ accAdder/_0783_/ZN (MAOI222D0BWP30P140)
   0.0263    5.3312 ^ accAdder/_0785_/Z (AO21D0BWP30P140)
   0.0132    5.3444 v accAdder/_0795_/ZN (AOI211D0BWP30P140)
   0.0342    5.3786 ^ accAdder/_0796_/ZN (AOI21D0BWP30P140)
   0.0211    5.3997 ^ accAdder/_0799_/Z (XOR2UD0BWP30P140)
   0.0189    5.4186 v accAdder/_0869_/ZN (AOI211D0BWP30P140)
   0.1133    5.5319 ^ accAdder/_0870_/ZN (NR2D0BWP30P140)
   0.0524    5.5843 v accAdder/_0893_/ZN (MUX3ND0BWP30P140)
   0.0383    5.6226 ^ accAdder/_0903_/ZN (NR3D0BWP30P140)
   0.0411    5.6637 v accAdder/_0907_/ZN (ND4D0BWP30P140)
   0.0482    5.7119 ^ accAdder/_0917_/ZN (INR4D0BWP30P140)
   0.0337    5.7456 ^ accAdder/_0919_/ZN (INR3D0BWP30P140)
   0.0242    5.7698 ^ accAdder/_0920_/ZN (INR2D0BWP30P140)
   0.0341    5.8039 v accAdder/_0921_/ZN (MAOI222D0BWP30P140)
   0.0498    5.8537 v accAdder/_0927_/Z (OR4D0BWP30P140)
   0.0333    5.8870 v accAdder/_0937_/Z (AO211D0BWP30P140)
   0.0247    5.9117 ^ accAdder/_0941_/ZN (OAI31D0BWP30P140)
   0.1007    6.0124 v accAdder/_0944_/ZN (OAI211D0BWP30P140)
   0.0461    6.0586 ^ accAdder/_0957_/ZN (INR3D0BWP30P140)
   0.0279    6.0865 ^ _39_/Z (AO22D0BWP30P140)
   0.0000    6.0865 ^ _57_/D (DFCNQD1BWP30P140)
             6.0865   data arrival time

   2.0000    2.0000   clock CORE_CLK (rise edge)
   0.0000    2.0000   clock network delay (ideal)
  -0.0500    1.9500   clock uncertainty
   0.0000    1.9500   clock reconvergence pessimism
             1.9500 ^ _57_/CP (DFCNQD1BWP30P140)
  -0.0171    1.9329   library setup time
             1.9329   data required time
-------------------------------------------------------------
             1.9329   data required time
            -6.0865   data arrival time
-------------------------------------------------------------
            -4.1536   slack (VIOLATED)


