Startpoint: reset (input port clocked by CORE_CLK)
Endpoint: _068_ (recovery check against rising-edge clock CORE_CLK)
Path Group: asynchronous
Path Type: max

    Delay      Time   Description
-------------------------------------------------------------
   0.0000    0.0000   clock CORE_CLK (rise edge)
   0.0000    0.0000   clock network delay (ideal)
   0.0000    0.0000 ^ input external delay
   0.0000    0.0000 ^ reset (in)
   0.0000    0.0000 ^ _068_/CDN (DFCNQD1BWP30P140)
             0.0000   data arrival time

  20.0000   20.0000   clock CORE_CLK (rise edge)
   0.0000   20.0000   clock network delay (ideal)
  -0.0500   19.9500   clock uncertainty
   0.0000   19.9500   clock reconvergence pessimism
            19.9500 ^ _068_/CP (DFCNQD1BWP30P140)
   0.0258   19.9758   library recovery time
            19.9758   data required time
-------------------------------------------------------------
            19.9758   data required time
            -0.0000   data arrival time
-------------------------------------------------------------
            19.9758   slack (MET)


Startpoint: io_op_a_i[1] (input port clocked by CORE_CLK)
Endpoint: _070_ (rising edge-triggered flip-flop clocked by CORE_CLK)
Path Group: CORE_CLK
Path Type: max

    Delay      Time   Description
-------------------------------------------------------------
   0.0000    0.0000   clock CORE_CLK (rise edge)
   0.0000    0.0000   clock network delay (ideal)
   0.0000    0.0000 v input external delay
   0.0000    0.0000 v io_op_a_i[1] (in)
   0.0133    0.0133 ^ reducedSum_op/_083_/ZN (OAI21D0BWP30P140)
   0.0324    0.0457 ^ reducedSum_op/_087_/ZN (XNR2UD0BWP30P140)
   0.0211    0.0669 v reducedSum_op/_109_/ZN (CKND2D0BWP30P140)
   0.0589    0.1258 v reducedSum_op/_134_/Z (XOR3UD0BWP30P140)
   0.0301    0.1559 v reducedSum_op/_137_/Z (XOR2UD0BWP30P140)
   0.0344    0.1903 v reducedSum_op/_141_/ZN (XNR2UD0BWP30P140)
   0.0327    0.2230 ^ reducedSum_op/_143_/ZN (MAOI222D0BWP30P140)
   0.0304    0.2534 v reducedSum_op/_144_/ZN (MAOI222D0BWP30P140)
   0.0416    0.2950 ^ reducedSum_op/_146_/ZN (MAOI222D0BWP30P140)
   0.0334    0.3284 v reducedSum_op/_157_/ZN (MAOI222D0BWP30P140)
   0.0675    0.3959 ^ reducedSum_op/_171_/ZN (OAI21D0BWP30P140)
   0.0269    0.4228 v reducedSum_sa/_1376_/ZN (CKND2D0BWP30P140)
   0.0357    0.4585 ^ reducedSum_sa/_1456_/ZN (NR2D0BWP30P140)
   0.0145    0.4730 v reducedSum_sa/_1494_/ZN (NR2D0BWP30P140)
   0.0211    0.4942 v reducedSum_sa/_1495_/Z (AN2D0BWP30P140)
   0.0155    0.5097 ^ reducedSum_sa/_1528_/ZN (NR2D0BWP30P140)
   0.0248    0.5345 ^ reducedSum_sa/_1535_/ZN (XNR2UD0BWP30P140)
   0.0390    0.5734 ^ reducedSum_sa/_1550_/Z (XOR3UD0BWP30P140)
   0.0535    0.6269 v reducedSum_sa/_1566_/ZN (XNR3UD0BWP30P140)
   0.0570    0.6838 v reducedSum_sa/_1571_/ZN (XNR3UD0BWP30P140)
   0.0315    0.7153 ^ reducedSum_sa/_1573_/ZN (MAOI222D0BWP30P140)
   0.0267    0.7420 v reducedSum_sa/_1574_/ZN (MAOI222D0BWP30P140)
   0.0339    0.7759 ^ reducedSum_sa/_1575_/ZN (MAOI222D0BWP30P140)
   0.0266    0.8025 v reducedSum_sa/_1576_/ZN (MAOI222D0BWP30P140)
   0.0334    0.8359 ^ reducedSum_sa/_1577_/ZN (MAOI222D0BWP30P140)
   0.0266    0.8625 v reducedSum_sa/_1578_/ZN (MAOI222D0BWP30P140)
   0.0339    0.8964 ^ reducedSum_sa/_1579_/ZN (MAOI222D0BWP30P140)
   0.0301    0.9265 v reducedSum_sa/_1580_/ZN (MAOI222D0BWP30P140)
   0.0401    0.9666 ^ reducedSum_sa/_1582_/ZN (MAOI222D0BWP30P140)
   0.0314    0.9980 v reducedSum_sa/_1584_/ZN (MAOI222D0BWP30P140)
   0.0416    1.0396 ^ reducedSum_sa/_1586_/ZN (MAOI222D0BWP30P140)
   0.0144    1.0540 v reducedSum_sa/_1605_/ZN (NR3D0BWP30P140)
   0.0247    1.0787 ^ reducedSum_sa/_1656_/ZN (OAI31D0BWP30P140)
   0.0167    1.0955 v reducedSum_sa/_1661_/ZN (AOI21D0BWP30P140)
   0.0431    1.1386 v reducedSum_sa/_1663_/Z (AO211D0BWP30P140)
   0.1486    1.2872 ^ reducedSum_conv/_252_/ZN (AOI211D0BWP30P140)
   0.0897    1.3768 v reducedSum_conv/_253_/ZN (CKND0BWP30P140)
   0.0545    1.4313 ^ reducedSum_conv/_331_/Z (MUX4D0BWP30P140)
   0.0279    1.4592 v reducedSum_conv/_354_/ZN (OAI211D0BWP30P140)
   0.0428    1.5020 ^ reducedSum_conv/_358_/ZN (INR4D0BWP30P140)
   0.0416    1.5436 v reducedSum_conv/_362_/ZN (ND4D0BWP30P140)
   0.0401    1.5837 ^ reducedSum_conv/_368_/ZN (NR4D0BWP30P140)
   0.0521    1.6358 v reducedSum_conv/_373_/ZN (IND4D0BWP30P140)
   0.0345    1.6703 ^ reducedSum_conv/_382_/ZN (NR4D0BWP30P140)
   0.0322    1.7025 v reducedSum_conv/_384_/ZN (IND3D0BWP30P140)
   0.0373    1.7399 ^ reducedSum_conv/_386_/ZN (NR4D0BWP30P140)
   0.0343    1.7741 v reducedSum_conv/_392_/ZN (IND4D0BWP30P140)
   0.0246    1.7987 ^ reducedSum_conv/_396_/ZN (NR2D0BWP30P140)
   0.0172    1.8159 v reducedSum_conv/_436_/ZN (NR3D0BWP30P140)
   0.0386    1.8545 v reducedSum_nextLevel_adder/_0897_/ZN (XNR2UD0BWP30P140)
   0.0318    1.8863 ^ reducedSum_nextLevel_adder/_0899_/ZN (AOI21D0BWP30P140)
   0.0302    1.9165 v reducedSum_nextLevel_adder/_0901_/ZN (MAOI222D0BWP30P140)
   0.0355    1.9520 ^ reducedSum_nextLevel_adder/_0902_/ZN (MAOI222D0BWP30P140)
   0.0307    1.9827 v reducedSum_nextLevel_adder/_0903_/ZN (MAOI222D0BWP30P140)
   0.0361    2.0188 ^ reducedSum_nextLevel_adder/_0966_/ZN (MAOI222D0BWP30P140)
   0.0302    2.0491 v reducedSum_nextLevel_adder/_0968_/ZN (MAOI222D0BWP30P140)
   0.0263    2.0754 v reducedSum_nextLevel_adder/_0970_/ZN (XNR2UD0BWP30P140)
   0.0216    2.0969 ^ reducedSum_nextLevel_adder/_0971_/ZN (NR2D0BWP30P140)
   0.0257    2.1226 ^ reducedSum_nextLevel_adder/_0972_/Z (AN2D0BWP30P140)
   0.4170    2.5396 v reducedSum_nextLevel_adder/_0975_/ZN (AOI31D0BWP30P140)
   0.4192    2.9588 ^ reducedSum_nextLevel_adder/_0991_/ZN (AOI22D0BWP30P140)
   0.0318    2.9907 v reducedSum_nextLevel_adder/_1063_/ZN (CKND2D0BWP30P140)
   0.0370    3.0277 ^ reducedSum_nextLevel_adder/_1188_/ZN (OAI32D0BWP30P140)
   0.0151    3.0427 v reducedSum_nextLevel_adder/_1189_/ZN (AOI21D0BWP30P140)
   0.0396    3.0824 ^ reducedSum_nextLevel_adder/_1191_/ZN (OAI221D0BWP30P140)
   0.0211    3.1034 v reducedSum_nextLevel_adder/_1196_/ZN (OAI31D0BWP30P140)
   0.0222    3.1257 ^ reducedSum_nextLevel_adder/_1198_/ZN (AOI21D0BWP30P140)
   0.0256    3.1513 v reducedSum_nextLevel_adder/_1200_/ZN (MAOI222D0BWP30P140)
   0.0396    3.1909 ^ reducedSum_nextLevel_adder/_1202_/ZN (MAOI222D0BWP30P140)
   0.0257    3.2166 v reducedSum_nextLevel_adder/_1204_/ZN (MAOI222D0BWP30P140)
   0.0277    3.2443 ^ reducedSum_nextLevel_adder/_1206_/ZN (AOI21D0BWP30P140)
   0.0253    3.2696 ^ reducedSum_nextLevel_adder/_1209_/ZN (IAO21D0BWP30P140)
   0.0247    3.2943 v reducedSum_nextLevel_adder/_1211_/ZN (MAOI222D0BWP30P140)
   0.0395    3.3338 ^ reducedSum_nextLevel_adder/_1213_/ZN (MAOI222D0BWP30P140)
   0.0265    3.3603 v reducedSum_nextLevel_adder/_1221_/ZN (MAOI222D0BWP30P140)
   0.0354    3.3957 v reducedSum_nextLevel_adder/_1232_/Z (AO21D0BWP30P140)
   0.0261    3.4217 ^ reducedSum_nextLevel_adder/_1242_/ZN (MAOI222D0BWP30P140)
   0.0265    3.4483 v reducedSum_nextLevel_adder/_1255_/ZN (MAOI222D0BWP30P140)
   0.0315    3.4797 v reducedSum_nextLevel_adder/_1259_/Z (AO21D0BWP30P140)
   0.0182    3.4979 ^ reducedSum_nextLevel_adder/_1276_/ZN (AOI21D0BWP30P140)
   0.0258    3.5238 v reducedSum_nextLevel_adder/_1280_/ZN (MAOI222D0BWP30P140)
   0.0391    3.5629 ^ reducedSum_nextLevel_adder/_1296_/ZN (MAOI222D0BWP30P140)
   0.0262    3.5890 v reducedSum_nextLevel_adder/_1300_/ZN (MAOI222D0BWP30P140)
   0.0304    3.6194 ^ reducedSum_nextLevel_adder/_1318_/ZN (AOI21D0BWP30P140)
   0.0249    3.6444 v reducedSum_nextLevel_adder/_1322_/ZN (MAOI222D0BWP30P140)
   0.0364    3.6808 v reducedSum_nextLevel_adder/_1345_/Z (AO21D0BWP30P140)
   0.0156    3.6964 ^ reducedSum_nextLevel_adder/_1353_/ZN (MUX2ND0BWP30P140)
   0.0347    3.7312 ^ reducedSum_nextLevel_adder/_1354_/ZN (XNR2UD0BWP30P140)
   0.0288    3.7599 ^ reducedSum_nextLevel_adder/_1453_/ZN (MAOI22D0BWP30P140)
   0.1281    3.8880 v reducedSum_nextLevel_adder/_1456_/ZN (OAI211D0BWP30P140)
   0.0886    3.9766 ^ reducedSum_nextLevel_adder/_1531_/Z (MUX4D0BWP30P140)
   0.0194    3.9961 v reducedSum_nextLevel_adder/_1534_/ZN (MUX3ND0BWP30P140)
   0.0405    4.0366 ^ reducedSum_nextLevel_adder/_1568_/ZN (NR2D0BWP30P140)
   0.0507    4.0872 ^ reducedSum_nextLevel_adder/_1577_/ZN (INR4D0BWP30P140)
   0.0510    4.1383 ^ reducedSum_nextLevel_adder/_1582_/Z (AN4D0BWP30P140)
   0.0395    4.1778 ^ reducedSum_nextLevel_adder/_1590_/Z (AN4D0BWP30P140)
   0.0406    4.2183 ^ reducedSum_nextLevel_adder/_1601_/Z (AN4D0BWP30P140)
   0.0349    4.2532 ^ reducedSum_nextLevel_adder/_1603_/Z (AN3D0BWP30P140)
   0.0271    4.2804 v reducedSum_nextLevel_adder/_1605_/ZN (IND3D0BWP30P140)
   0.0379    4.3183 v reducedSum_nextLevel_adder/_1606_/Z (OR3D0BWP30P140)
   0.0368    4.3551 ^ reducedSum_nextLevel_adder/_1608_/ZN (INR3D0BWP30P140)
   0.0364    4.3915 v reducedSum_nextLevel_adder/_1611_/ZN (MAOI222D0BWP30P140)
   0.0357    4.4272 ^ reducedSum_nextLevel_adder/_1616_/ZN (NR4D0BWP30P140)
   0.0219    4.4491 v reducedSum_nextLevel_adder/_1619_/ZN (OAI31D0BWP30P140)
   0.0327    4.4818 v reducedSum_nextLevel_adder/_1621_/Z (AO21D0BWP30P140)
   0.0312    4.5130 ^ reducedSum_nextLevel_adder/_1623_/ZN (AOI21D0BWP30P140)
   0.0248    4.5378 ^ reducedSum_nextLevel_adder/_1625_/Z (OR3D0BWP30P140)
   0.0144    4.5522 v reducedSum_nextLevel_adder/_1647_/ZN (AOI21D0BWP30P140)
   0.0314    4.5836 v reducedSum_nextLevel_adder/_1648_/Z (OR2D0BWP30P140)
   0.0267    4.6103 ^ reducedSum_nextLevel_adder/_1653_/ZN (NR2D0BWP30P140)
   0.0319    4.6422 v reducedSum_nextLevel_adder_2/_0897_/ZN (XNR2UD0BWP30P140)
   0.0322    4.6744 ^ reducedSum_nextLevel_adder_2/_0899_/ZN (AOI21D0BWP30P140)
   0.0302    4.7046 v reducedSum_nextLevel_adder_2/_0901_/ZN (MAOI222D0BWP30P140)
   0.0360    4.7406 ^ reducedSum_nextLevel_adder_2/_0902_/ZN (MAOI222D0BWP30P140)
   0.0302    4.7708 v reducedSum_nextLevel_adder_2/_0903_/ZN (MAOI222D0BWP30P140)
   0.0360    4.8068 ^ reducedSum_nextLevel_adder_2/_0966_/ZN (MAOI222D0BWP30P140)
   0.0302    4.8370 v reducedSum_nextLevel_adder_2/_0968_/ZN (MAOI222D0BWP30P140)
   0.0257    4.8627 v reducedSum_nextLevel_adder_2/_0970_/ZN (XNR2UD0BWP30P140)
   0.0213    4.8840 ^ reducedSum_nextLevel_adder_2/_0971_/ZN (NR2D0BWP30P140)
   0.0257    4.9097 ^ reducedSum_nextLevel_adder_2/_0972_/Z (AN2D0BWP30P140)
   0.4170    5.3267 v reducedSum_nextLevel_adder_2/_0975_/ZN (AOI31D0BWP30P140)
   0.4192    5.7459 ^ reducedSum_nextLevel_adder_2/_0991_/ZN (AOI22D0BWP30P140)
   0.0318    5.7778 v reducedSum_nextLevel_adder_2/_1063_/ZN (CKND2D0BWP30P140)
   0.0370    5.8148 ^ reducedSum_nextLevel_adder_2/_1188_/ZN (OAI32D0BWP30P140)
   0.0151    5.8298 v reducedSum_nextLevel_adder_2/_1189_/ZN (AOI21D0BWP30P140)
   0.0396    5.8695 ^ reducedSum_nextLevel_adder_2/_1191_/ZN (OAI221D0BWP30P140)
   0.0211    5.8905 v reducedSum_nextLevel_adder_2/_1196_/ZN (OAI31D0BWP30P140)
   0.0222    5.9128 ^ reducedSum_nextLevel_adder_2/_1198_/ZN (AOI21D0BWP30P140)
   0.0256    5.9384 v reducedSum_nextLevel_adder_2/_1200_/ZN (MAOI222D0BWP30P140)
   0.0396    5.9780 ^ reducedSum_nextLevel_adder_2/_1202_/ZN (MAOI222D0BWP30P140)
   0.0257    6.0037 v reducedSum_nextLevel_adder_2/_1204_/ZN (MAOI222D0BWP30P140)
   0.0277    6.0314 ^ reducedSum_nextLevel_adder_2/_1206_/ZN (AOI21D0BWP30P140)
   0.0253    6.0567 ^ reducedSum_nextLevel_adder_2/_1209_/ZN (IAO21D0BWP30P140)
   0.0247    6.0814 v reducedSum_nextLevel_adder_2/_1211_/ZN (MAOI222D0BWP30P140)
   0.0395    6.1209 ^ reducedSum_nextLevel_adder_2/_1213_/ZN (MAOI222D0BWP30P140)
   0.0265    6.1474 v reducedSum_nextLevel_adder_2/_1221_/ZN (MAOI222D0BWP30P140)
   0.0354    6.1828 v reducedSum_nextLevel_adder_2/_1232_/Z (AO21D0BWP30P140)
   0.0261    6.2088 ^ reducedSum_nextLevel_adder_2/_1242_/ZN (MAOI222D0BWP30P140)
   0.0265    6.2354 v reducedSum_nextLevel_adder_2/_1255_/ZN (MAOI222D0BWP30P140)
   0.0315    6.2668 v reducedSum_nextLevel_adder_2/_1259_/Z (AO21D0BWP30P140)
   0.0182    6.2850 ^ reducedSum_nextLevel_adder_2/_1276_/ZN (AOI21D0BWP30P140)
   0.0258    6.3109 v reducedSum_nextLevel_adder_2/_1280_/ZN (MAOI222D0BWP30P140)
   0.0391    6.3500 ^ reducedSum_nextLevel_adder_2/_1296_/ZN (MAOI222D0BWP30P140)
   0.0262    6.3761 v reducedSum_nextLevel_adder_2/_1300_/ZN (MAOI222D0BWP30P140)
   0.0304    6.4065 ^ reducedSum_nextLevel_adder_2/_1318_/ZN (AOI21D0BWP30P140)
   0.0249    6.4314 v reducedSum_nextLevel_adder_2/_1322_/ZN (MAOI222D0BWP30P140)
   0.0364    6.4679 v reducedSum_nextLevel_adder_2/_1345_/Z (AO21D0BWP30P140)
   0.0156    6.4835 ^ reducedSum_nextLevel_adder_2/_1353_/ZN (MUX2ND0BWP30P140)
   0.0347    6.5183 ^ reducedSum_nextLevel_adder_2/_1354_/ZN (XNR2UD0BWP30P140)
   0.0288    6.5470 ^ reducedSum_nextLevel_adder_2/_1453_/ZN (MAOI22D0BWP30P140)
   0.1281    6.6751 v reducedSum_nextLevel_adder_2/_1456_/ZN (OAI211D0BWP30P140)
   0.0886    6.7637 ^ reducedSum_nextLevel_adder_2/_1531_/Z (MUX4D0BWP30P140)
   0.0194    6.7832 v reducedSum_nextLevel_adder_2/_1534_/ZN (MUX3ND0BWP30P140)
   0.0405    6.8237 ^ reducedSum_nextLevel_adder_2/_1568_/ZN (NR2D0BWP30P140)
   0.0507    6.8744 ^ reducedSum_nextLevel_adder_2/_1577_/ZN (INR4D0BWP30P140)
   0.0510    6.9254 ^ reducedSum_nextLevel_adder_2/_1582_/Z (AN4D0BWP30P140)
   0.0395    6.9649 ^ reducedSum_nextLevel_adder_2/_1590_/Z (AN4D0BWP30P140)
   0.0406    7.0054 ^ reducedSum_nextLevel_adder_2/_1601_/Z (AN4D0BWP30P140)
   0.0349    7.0403 ^ reducedSum_nextLevel_adder_2/_1603_/Z (AN3D0BWP30P140)
   0.0271    7.0675 v reducedSum_nextLevel_adder_2/_1605_/ZN (IND3D0BWP30P140)
   0.0379    7.1054 v reducedSum_nextLevel_adder_2/_1606_/Z (OR3D0BWP30P140)
   0.0368    7.1422 ^ reducedSum_nextLevel_adder_2/_1608_/ZN (INR3D0BWP30P140)
   0.0364    7.1786 v reducedSum_nextLevel_adder_2/_1611_/ZN (MAOI222D0BWP30P140)
   0.0357    7.2143 ^ reducedSum_nextLevel_adder_2/_1616_/ZN (NR4D0BWP30P140)
   0.0219    7.2362 v reducedSum_nextLevel_adder_2/_1619_/ZN (OAI31D0BWP30P140)
   0.0327    7.2689 v reducedSum_nextLevel_adder_2/_1621_/Z (AO21D0BWP30P140)
   0.0312    7.3001 ^ reducedSum_nextLevel_adder_2/_1623_/ZN (AOI21D0BWP30P140)
   0.0248    7.3249 ^ reducedSum_nextLevel_adder_2/_1625_/Z (OR3D0BWP30P140)
   0.0144    7.3393 v reducedSum_nextLevel_adder_2/_1647_/ZN (AOI21D0BWP30P140)
   0.0314    7.3707 v reducedSum_nextLevel_adder_2/_1648_/Z (OR2D0BWP30P140)
   0.0303    7.4010 ^ reducedSum_nextLevel_adder_2/_1653_/ZN (NR2D0BWP30P140)
   0.0246    7.4255 v accAdder/_0897_/ZN (XNR2UD0BWP30P140)
   0.0314    7.4569 ^ accAdder/_0899_/ZN (AOI21D0BWP30P140)
   0.0301    7.4870 v accAdder/_0901_/ZN (MAOI222D0BWP30P140)
   0.0360    7.5230 ^ accAdder/_0902_/ZN (MAOI222D0BWP30P140)
   0.0302    7.5533 v accAdder/_0903_/ZN (MAOI222D0BWP30P140)
   0.0360    7.5892 ^ accAdder/_0966_/ZN (MAOI222D0BWP30P140)
   0.0302    7.6195 v accAdder/_0968_/ZN (MAOI222D0BWP30P140)
   0.0257    7.6451 v accAdder/_0970_/ZN (XNR2UD0BWP30P140)
   0.0212    7.6664 ^ accAdder/_0971_/ZN (NR2D0BWP30P140)
   0.0257    7.6921 ^ accAdder/_0972_/Z (AN2D0BWP30P140)
   0.4170    8.1090 v accAdder/_0975_/ZN (AOI31D0BWP30P140)
   0.4192    8.5283 ^ accAdder/_0991_/ZN (AOI22D0BWP30P140)
   0.0318    8.5601 v accAdder/_1063_/ZN (CKND2D0BWP30P140)
   0.0370    8.5971 ^ accAdder/_1188_/ZN (OAI32D0BWP30P140)
   0.0151    8.6122 v accAdder/_1189_/ZN (AOI21D0BWP30P140)
   0.0396    8.6518 ^ accAdder/_1191_/ZN (OAI221D0BWP30P140)
   0.0211    8.6729 v accAdder/_1196_/ZN (OAI31D0BWP30P140)
   0.0222    8.6951 ^ accAdder/_1198_/ZN (AOI21D0BWP30P140)
   0.0256    8.7207 v accAdder/_1200_/ZN (MAOI222D0BWP30P140)
   0.0396    8.7603 ^ accAdder/_1202_/ZN (MAOI222D0BWP30P140)
   0.0257    8.7860 v accAdder/_1204_/ZN (MAOI222D0BWP30P140)
   0.0277    8.8138 ^ accAdder/_1206_/ZN (AOI21D0BWP30P140)
   0.0253    8.8391 ^ accAdder/_1209_/ZN (IAO21D0BWP30P140)
   0.0247    8.8637 v accAdder/_1211_/ZN (MAOI222D0BWP30P140)
   0.0395    8.9032 ^ accAdder/_1213_/ZN (MAOI222D0BWP30P140)
   0.0265    8.9297 v accAdder/_1221_/ZN (MAOI222D0BWP30P140)
   0.0354    8.9651 v accAdder/_1232_/Z (AO21D0BWP30P140)
   0.0261    8.9911 ^ accAdder/_1242_/ZN (MAOI222D0BWP30P140)
   0.0265    9.0177 v accAdder/_1255_/ZN (MAOI222D0BWP30P140)
   0.0315    9.0492 v accAdder/_1259_/Z (AO21D0BWP30P140)
   0.0182    9.0674 ^ accAdder/_1276_/ZN (AOI21D0BWP30P140)
   0.0258    9.0932 v accAdder/_1280_/ZN (MAOI222D0BWP30P140)
   0.0391    9.1323 ^ accAdder/_1296_/ZN (MAOI222D0BWP30P140)
   0.0262    9.1585 v accAdder/_1300_/ZN (MAOI222D0BWP30P140)
   0.0304    9.1889 ^ accAdder/_1318_/ZN (AOI21D0BWP30P140)
   0.0249    9.2138 v accAdder/_1322_/ZN (MAOI222D0BWP30P140)
   0.0364    9.2502 v accAdder/_1345_/Z (AO21D0BWP30P140)
   0.0156    9.2659 ^ accAdder/_1353_/ZN (MUX2ND0BWP30P140)
   0.0347    9.3006 ^ accAdder/_1354_/ZN (XNR2UD0BWP30P140)
   0.0288    9.3294 ^ accAdder/_1453_/ZN (MAOI22D0BWP30P140)
   0.1281    9.4574 v accAdder/_1456_/ZN (OAI211D0BWP30P140)
   0.0886    9.5461 ^ accAdder/_1531_/Z (MUX4D0BWP30P140)
   0.0194    9.5655 v accAdder/_1534_/ZN (MUX3ND0BWP30P140)
   0.0405    9.6060 ^ accAdder/_1568_/ZN (NR2D0BWP30P140)
   0.0507    9.6567 ^ accAdder/_1577_/ZN (INR4D0BWP30P140)
   0.0510    9.7077 ^ accAdder/_1582_/Z (AN4D0BWP30P140)
   0.0395    9.7472 ^ accAdder/_1590_/Z (AN4D0BWP30P140)
   0.0406    9.7878 ^ accAdder/_1601_/Z (AN4D0BWP30P140)
   0.0349    9.8226 ^ accAdder/_1603_/Z (AN3D0BWP30P140)
   0.0271    9.8498 v accAdder/_1605_/ZN (IND3D0BWP30P140)
   0.0379    9.8877 v accAdder/_1606_/Z (OR3D0BWP30P140)
   0.0368    9.9246 ^ accAdder/_1608_/ZN (INR3D0BWP30P140)
   0.0364    9.9610 v accAdder/_1611_/ZN (MAOI222D0BWP30P140)
   0.0357    9.9966 ^ accAdder/_1616_/ZN (NR4D0BWP30P140)
   0.0219   10.0185 v accAdder/_1619_/ZN (OAI31D0BWP30P140)
   0.0327   10.0512 v accAdder/_1621_/Z (AO21D0BWP30P140)
   0.0312   10.0825 ^ accAdder/_1623_/ZN (AOI21D0BWP30P140)
   0.0237   10.1061 v accAdder/_1626_/ZN (OAI21D0BWP30P140)
   0.0215   10.1276 v accAdder/_1658_/Z (AN3D0BWP30P140)
   0.0613   10.1888 v accAdder/_1659_/Z (OR3D0BWP30P140)
   0.0420   10.2308 ^ accAdder/_1703_/ZN (AOI211D0BWP30P140)
   0.0261   10.2569 ^ _060_/Z (AO22D0BWP30P140)
   0.0000   10.2569 ^ _070_/D (DFCNQD1BWP30P140)
            10.2569   data arrival time

  20.0000   20.0000   clock CORE_CLK (rise edge)
   0.0000   20.0000   clock network delay (ideal)
  -0.0500   19.9500   clock uncertainty
   0.0000   19.9500   clock reconvergence pessimism
            19.9500 ^ _070_/CP (DFCNQD1BWP30P140)
  -0.0174   19.9326   library setup time
            19.9326   data required time
-------------------------------------------------------------
            19.9326   data required time
           -10.2569   data arrival time
-------------------------------------------------------------
             9.6757   slack (MET)


