Startpoint: reset (input port clocked by CORE_CLK)
Endpoint: _40_ (recovery check against rising-edge clock CORE_CLK)
Path Group: asynchronous
Path Type: max

    Delay      Time   Description
-------------------------------------------------------------
   0.0000    0.0000   clock CORE_CLK (rise edge)
   0.0000    0.0000   clock network delay (ideal)
   0.0000    0.0000 ^ input external delay
   0.0000    0.0000 ^ reset (in)
   0.0000    0.0000 ^ _40_/CDN (DFCNQD1BWP30P140)
             0.0000   data arrival time

   2.0000    2.0000   clock CORE_CLK (rise edge)
   0.0000    2.0000   clock network delay (ideal)
  -0.0500    1.9500   clock uncertainty
   0.0000    1.9500   clock reconvergence pessimism
             1.9500 ^ _40_/CP (DFCNQD1BWP30P140)
   0.0258    1.9758   library recovery time
             1.9758   data required time
-------------------------------------------------------------
             1.9758   data required time
            -0.0000   data arrival time
-------------------------------------------------------------
             1.9758   slack (MET)


Startpoint: io_op_b_i[9] (input port clocked by CORE_CLK)
Endpoint: _42_ (rising edge-triggered flip-flop clocked by CORE_CLK)
Path Group: CORE_CLK
Path Type: max

    Delay      Time   Description
-------------------------------------------------------------
   0.0000    0.0000   clock CORE_CLK (rise edge)
   0.0000    0.0000   clock network delay (ideal)
   0.0000    0.0000 v input external delay
   0.0000    0.0000 v io_op_b_i[9] (in)
   0.0147    0.0147 ^ op_1/_075_/ZN (NR2D0BWP30P140)
   0.0313    0.0460 ^ op_1/_105_/ZN (IOA21D0BWP30P140)
   0.0169    0.0629 ^ tree/_3684_/ZN (IND2D0BWP30P140)
   0.0208    0.0837 v tree/_3687_/ZN (AOI221D0BWP30P140)
   0.0177    0.1014 ^ tree/_3690_/ZN (OAI21D0BWP30P140)
   0.0348    0.1362 v tree/_3692_/ZN (MAOI22D0BWP30P140)
   0.0339    0.1701 v tree/_3700_/ZN (MUX2ND0BWP30P140)
   0.0222    0.1923 ^ tree/_3703_/ZN (OAI22D0BWP30P140)
   0.0230    0.2153 v tree/_3705_/ZN (AOI221D0BWP30P140)
   0.0472    0.2625 v tree/_3706_/ZN (MOAI22D0BWP30P140)
   0.0372    0.2997 v tree/_3713_/ZN (MUX2ND0BWP30P140)
   0.0230    0.3227 ^ tree/_3714_/ZN (OAI22D0BWP30P140)
   0.0256    0.3483 ^ tree/_3717_/Z (OA21D0BWP30P140)
   0.0279    0.3762 v tree/_3722_/ZN (OAI21D0BWP30P140)
   0.0216    0.3978 ^ tree/_3735_/ZN (ND3D0BWP30P140)
   0.0249    0.4227 v tree/_3740_/ZN (AOI33D0BWP30P140)
   0.0246    0.4474 ^ tree/_3744_/ZN (AOI21D0BWP30P140)
   0.0368    0.4841 v tree/_3749_/ZN (OAI21D0BWP30P140)
   0.0314    0.5155 v tree/_3759_/Z (OA211D0BWP30P140)
   0.0265    0.5420 ^ tree/_3760_/ZN (OAI33D0BWP30P140)
   0.0145    0.5564 v tree/_3769_/ZN (AOI21D0BWP30P140)
   0.0377    0.5941 ^ tree/_3773_/ZN (OAI21D0BWP30P140)
   0.0432    0.6374 ^ tree/_3785_/Z (OA211D0BWP30P140)
   0.0133    0.6507 v tree/_3792_/ZN (OAI33D0BWP30P140)
   0.0278    0.6784 ^ tree/_3793_/ZN (AOI31D0BWP30P140)
   0.0344    0.7128 v tree/_3797_/ZN (OAI21D0BWP30P140)
   0.0302    0.7431 v tree/_3809_/Z (OA211D0BWP30P140)
   0.0267    0.7698 ^ tree/_3810_/ZN (OAI33D0BWP30P140)
   0.0246    0.7944 ^ tree/_3820_/Z (AO21D0BWP30P140)
   0.0280    0.8223 ^ tree/_3824_/Z (AO21D0BWP30P140)
   0.0360    0.8584 ^ tree/_3836_/Z (OA211D0BWP30P140)
   0.0210    0.8793 v tree/_3837_/ZN (OAI33D0BWP30P140)
   0.0223    0.9017 ^ tree/_3845_/ZN (AOI221D0BWP30P140)
   0.0355    0.9372 v tree/_3849_/ZN (OAI21D0BWP30P140)
   0.0304    0.9676 v tree/_3860_/Z (OA211D0BWP30P140)
   0.0267    0.9943 ^ tree/_3861_/ZN (OAI33D0BWP30P140)
   0.0246    1.0189 ^ tree/_3871_/Z (AO21D0BWP30P140)
   0.0315    1.0504 ^ tree/_3875_/Z (AO21D0BWP30P140)
   0.0398    1.0902 ^ tree/_3888_/Z (OA211D0BWP30P140)
   0.0132    1.1034 v tree/_3895_/ZN (OAI33D0BWP30P140)
   0.0278    1.1312 ^ tree/_3896_/ZN (AOI31D0BWP30P140)
   0.0344    1.1656 v tree/_3900_/ZN (OAI21D0BWP30P140)
   0.0302    1.1958 v tree/_3912_/Z (OA211D0BWP30P140)
   0.0267    1.2225 ^ tree/_3913_/ZN (OAI33D0BWP30P140)
   0.0246    1.2471 ^ tree/_3924_/Z (AO21D0BWP30P140)
   0.0314    1.2784 ^ tree/_3928_/Z (AO21D0BWP30P140)
   0.0369    1.3153 ^ tree/_3940_/Z (OA211D0BWP30P140)
   0.0204    1.3357 v tree/_3941_/ZN (OAI33D0BWP30P140)
   0.0240    1.3598 v tree/_3952_/Z (AO21D0BWP30P140)
   0.0396    1.3994 v tree/_3957_/Z (AO211D0BWP30P140)
   0.0249    1.4243 v tree/_3969_/Z (OA211D0BWP30P140)
   0.0265    1.4507 ^ tree/_3970_/ZN (OAI33D0BWP30P140)
   0.0249    1.4756 ^ tree/_3980_/Z (AO21D0BWP30P140)
   0.0338    1.5093 v tree/_3984_/ZN (AOI221D0BWP30P140)
   0.0428    1.5522 v tree/_3997_/Z (OR4D0BWP30P140)
   0.0232    1.5754 ^ tree/_3999_/ZN (AOI33D0BWP30P140)
   0.0257    1.6011 ^ tree/_4005_/Z (AO211D0BWP30P140)
   0.0334    1.6344 ^ tree/_4008_/Z (AO21D0BWP30P140)
   0.0433    1.6778 ^ tree/_4029_/Z (AN4D0BWP30P140)
   0.0218    1.6995 ^ tree/_4033_/Z (OR3D0BWP30P140)
   0.0360    1.7355 ^ tree/_4036_/Z (AN4D0BWP30P140)
   0.0229    1.7584 v tree/_4039_/ZN (AOI221D0BWP30P140)
   0.0773    1.8357 ^ tree/_4044_/ZN (OAI31D0BWP30P140)
   0.1268    1.9625 v tree/_4053_/ZN (OAI21D0BWP30P140)
   0.0605    2.0230 v tree/_4158_/ZN (XNR2UD0BWP30P140)
   0.0346    2.0576 ^ tree/_4162_/ZN (AOI211D0BWP30P140)
   0.0281    2.0857 v tree/_4166_/ZN (OAI31D0BWP30P140)
   0.1430    2.2287 ^ tree/_4179_/ZN (AOI211D0BWP30P140)
   0.0656    2.2943 ^ tree/_4219_/Z (MUX4D0BWP30P140)
   0.0338    2.3281 v tree/_4223_/ZN (ND3D0BWP30P140)
   0.0309    2.3590 v tree/_4225_/Z (OA21D0BWP30P140)
   0.0194    2.3783 v tree/_6655_/ZN (XNR2UD0BWP30P140)
   0.0668    2.4451 v tree/_6719_/ZN (XNR3UD0BWP30P140)
   0.0648    2.5099 v tree/_6777_/Z (XOR3UD0BWP30P140)
   0.0650    2.5750 v tree/_6835_/Z (XOR3UD0BWP30P140)
   0.0662    2.6412 v tree/_6876_/Z (XOR3UD0BWP30P140)
   0.0350    2.6762 ^ tree/_6881_/ZN (MAOI222D0BWP30P140)
   0.0544    2.7306 ^ tree/_6900_/Z (XOR3UD0BWP30P140)
   0.0291    2.7597 ^ tree/_6908_/ZN (XNR2UD0BWP30P140)
   0.0236    2.7833 v tree/_6909_/ZN (OAI21D0BWP30P140)
   0.0317    2.8150 ^ tree/_6911_/ZN (MAOI222D0BWP30P140)
   0.0268    2.8418 v tree/_6912_/ZN (MAOI222D0BWP30P140)
   0.0377    2.8795 ^ tree/_6913_/ZN (MAOI222D0BWP30P140)
   0.0251    2.9046 v tree/_6916_/ZN (OAI21D0BWP30P140)
   0.0359    2.9405 ^ tree/_6918_/ZN (MAOI222D0BWP30P140)
   0.0253    2.9658 v tree/_6920_/ZN (OAI21D0BWP30P140)
   0.0359    3.0017 ^ tree/_6922_/ZN (MAOI222D0BWP30P140)
   0.0250    3.0267 v tree/_6924_/ZN (OAI21D0BWP30P140)
   0.0358    3.0625 ^ tree/_6926_/ZN (MAOI222D0BWP30P140)
   0.0208    3.0833 v tree/_6928_/ZN (OAI21D0BWP30P140)
   0.0343    3.1176 ^ tree/_6929_/ZN (MAOI222D0BWP30P140)
   0.0267    3.1443 v tree/_6931_/ZN (OAI21D0BWP30P140)
   0.0285    3.1728 ^ tree/_6934_/ZN (AOI211D0BWP30P140)
   0.0232    3.1961 v tree/_6936_/ZN (OAI31D0BWP30P140)
   0.0364    3.2325 ^ tree/_6938_/ZN (MAOI222D0BWP30P140)
   0.0205    3.2530 v tree/_6940_/ZN (OAI21D0BWP30P140)
   0.0314    3.2844 ^ tree/_6941_/ZN (MAOI222D0BWP30P140)
   0.0335    3.3180 ^ tree/_6949_/ZN (XNR2UD0BWP30P140)
   0.0453    3.3632 v tree/_6950_/ZN (CKND0BWP30P140)
   0.0336    3.3968 ^ tree/_6974_/ZN (OAI31D0BWP30P140)
   0.0367    3.4336 v tree/_6980_/ZN (ND4D0BWP30P140)
   0.0322    3.4658 ^ tree/_6986_/ZN (NR4D0BWP30P140)
   0.0330    3.4988 v tree/_7010_/ZN (ND4D0BWP30P140)
   0.0379    3.5367 ^ tree/_7018_/ZN (OAI31D0BWP30P140)
   0.0229    3.5596 v tree/_7022_/ZN (ND3D0BWP30P140)
   0.0273    3.5869 v tree/_7027_/ZN (IAO21D0BWP30P140)
   0.0249    3.6118 v tree/_7030_/ZN (IAO21D0BWP30P140)
   0.0238    3.6355 ^ tree/_7031_/ZN (XNR2UD0BWP30P140)
   0.0126    3.6481 v tree/_7033_/ZN (CKND2D0BWP30P140)
   0.1600    3.8081 ^ tree/_7061_/ZN (NR2D0BWP30P140)
   0.0302    3.8383 ^ tree/_7128_/ZN (MUX2ND0BWP30P140)
   0.0220    3.8603 v tree/_7156_/ZN (OAI31D0BWP30P140)
   0.0324    3.8927 ^ tree/_7163_/ZN (AOI221D0BWP30P140)
   0.0386    3.9313 v tree/_7166_/ZN (OAI211D0BWP30P140)
   0.0290    3.9603 v tree/_7169_/ZN (IND2D0BWP30P140)
   0.0160    3.9763 ^ tree/_7170_/ZN (NR2D0BWP30P140)
   0.0358    4.0121 ^ tree/_7182_/ZN (XNR2UD0BWP30P140)
   0.0190    4.0311 v sa/_359_/ZN (CKND2D0BWP30P140)
   0.0583    4.0894 v sa/_363_/Z (XOR3UD0BWP30P140)
   0.0250    4.1144 ^ sa/_364_/ZN (NR2D0BWP30P140)
   0.0508    4.1651 ^ sa/_367_/ZN (XNR4D0BWP30P140)
   0.0311    4.1963 ^ sa/_371_/ZN (XNR2UD0BWP30P140)
   0.0123    4.2085 v sa/_379_/ZN (NR2D0BWP30P140)
   0.0273    4.2358 ^ sa/_380_/ZN (MAOI222D0BWP30P140)
   0.0291    4.2649 v sa/_381_/ZN (MAOI222D0BWP30P140)
   0.0318    4.2967 ^ sa/_474_/ZN (AOI21D0BWP30P140)
   0.0302    4.3269 v sa/_476_/ZN (MAOI222D0BWP30P140)
   0.0391    4.3659 ^ sa/_478_/ZN (MAOI222D0BWP30P140)
   0.0316    4.3975 v sa/_480_/ZN (MAOI222D0BWP30P140)
   0.0383    4.4358 ^ sa/_482_/ZN (MAOI222D0BWP30P140)
   0.0247    4.4606 v sa/_500_/ZN (OAI21D0BWP30P140)
   0.0240    4.4846 ^ sa/_585_/ZN (MAOI22D0BWP30P140)
   0.0265    4.5111 v sa/_594_/ZN (OAI21D0BWP30P140)
   0.0353    4.5464 ^ conv/_191_/ZN (NR2D0BWP30P140)
   0.0936    4.6399 v conv/_192_/ZN (AOI21D0BWP30P140)
   0.0644    4.7044 v conv/_209_/ZN (MUX4ND0BWP30P140)
   0.0445    4.7488 v conv/_212_/Z (CKMUX2D0BWP30P140)
   0.0292    4.7781 ^ conv/_235_/ZN (NR4D0BWP30P140)
   0.0426    4.8207 ^ conv/_244_/Z (AN4D0BWP30P140)
   0.0417    4.8624 ^ conv/_246_/ZN (INR3D0BWP30P140)
   0.0390    4.9014 v conv/_249_/ZN (ND4D0BWP30P140)
   0.0454    4.9468 ^ conv/_251_/ZN (MAOI222D0BWP30P140)
   0.0398    4.9867 v conv/_254_/ZN (AOI31D0BWP30P140)
   0.0375    5.0242 ^ conv/_267_/ZN (OAI32D0BWP30P140)
   0.0234    5.0476 v conv/_268_/ZN (MAOI222D0BWP30P140)
   0.0330    5.0806 v conv/_269_/ZN (XNR2UD0BWP30P140)
   0.0598    5.1404 v conv/_285_/Z (AO211D0BWP30P140)
   0.0390    5.1794 ^ conv/_290_/ZN (NR2D0BWP30P140)
   0.0243    5.2037 ^ accAdder/_461_/ZN (XNR2UD0BWP30P140)
   0.0293    5.2330 ^ accAdder/_462_/Z (AO21D0BWP30P140)
   0.0165    5.2495 v accAdder/_465_/ZN (AOI211D0BWP30P140)
   0.0332    5.2827 ^ accAdder/_467_/ZN (OAI31D0BWP30P140)
   0.0299    5.3126 v accAdder/_470_/ZN (OAI211D0BWP30P140)
   0.0294    5.3420 ^ accAdder/_492_/ZN (AOI21D0BWP30P140)
   0.0467    5.3887 v accAdder/_494_/ZN (OAI211D0BWP30P140)
   0.0876    5.4763 v accAdder/_518_/ZN (MUX2ND0BWP30P140)
   0.0860    5.5622 ^ accAdder/_543_/ZN (AOI31D0BWP30P140)
   0.0611    5.6233 v accAdder/_549_/ZN (ND3D0BWP30P140)
   0.0399    5.6632 v accAdder/_566_/Z (OA21D0BWP30P140)
   0.0311    5.6943 ^ accAdder/_589_/ZN (MUX3ND0BWP30P140)
   0.0331    5.7274 v accAdder/_677_/ZN (AOI221D0BWP30P140)
   0.0251    5.7525 ^ accAdder/_678_/ZN (ND3D0BWP30P140)
   0.0175    5.7700 v accAdder/_680_/ZN (OAI21D0BWP30P140)
   0.0236    5.7936 ^ accAdder/_681_/ZN (AOI21D0BWP30P140)
   0.0255    5.8191 v accAdder/_682_/ZN (MAOI222D0BWP30P140)
   0.0329    5.8520 ^ accAdder/_684_/ZN (MAOI222D0BWP30P140)
   0.0301    5.8821 v accAdder/_686_/ZN (MAOI222D0BWP30P140)
   0.0324    5.9145 ^ accAdder/_687_/ZN (AOI211D0BWP30P140)
   0.0238    5.9383 v accAdder/_688_/ZN (OAI32D0BWP30P140)
   0.0302    5.9685 ^ accAdder/_698_/ZN (AOI211D0BWP30P140)
   0.0230    5.9915 ^ accAdder/_700_/Z (OR2D0BWP30P140)
   0.1489    6.1404 v accAdder/_751_/ZN (AOI31D0BWP30P140)
   0.0882    6.2285 v accAdder/_791_/ZN (MUX4ND0BWP30P140)
   0.0430    6.2716 ^ accAdder/_792_/ZN (NR4D0BWP30P140)
   0.0345    6.3061 v accAdder/_798_/ZN (IND4D0BWP30P140)
   0.0296    6.3357 ^ accAdder/_801_/ZN (NR3D0BWP30P140)
   0.0291    6.3648 v accAdder/_803_/ZN (IND3D0BWP30P140)
   0.0406    6.4054 ^ accAdder/_805_/ZN (MAOI222D0BWP30P140)
   0.0426    6.4480 v accAdder/_810_/ZN (IND4D0BWP30P140)
   0.0444    6.4925 ^ accAdder/_820_/ZN (AOI211D0BWP30P140)
   0.0333    6.5258 ^ accAdder/_821_/Z (AN3D0BWP30P140)
   0.0241    6.5499 ^ accAdder/_828_/ZN (MAOI22D0BWP30P140)
   0.0569    6.6068 v accAdder/_855_/ZN (OAI31D0BWP30P140)
   0.0427    6.6495 ^ accAdder/_877_/ZN (INR4D0BWP30P140)
   0.0262    6.6757 ^ _32_/Z (AO22D0BWP30P140)
   0.0000    6.6757 ^ _42_/D (DFCNQD1BWP30P140)
             6.6757   data arrival time

   2.0000    2.0000   clock CORE_CLK (rise edge)
   0.0000    2.0000   clock network delay (ideal)
  -0.0500    1.9500   clock uncertainty
   0.0000    1.9500   clock reconvergence pessimism
             1.9500 ^ _42_/CP (DFCNQD1BWP30P140)
  -0.0170    1.9330   library setup time
             1.9330   data required time
-------------------------------------------------------------
             1.9330   data required time
            -6.6757   data arrival time
-------------------------------------------------------------
            -4.7428   slack (VIOLATED)


