
6. Printing statistics.

=== BFP_PE ===

        +----------Local Count, excluding submodules.
        |        +-Local Area, excluding submodules.
        |        | 
       85        - wires
      690        - wire bits
       65        - public wires
      670        - public wire bits
       10        - ports
      309        - port bits
       39   57.582 cells
       18   13.608   AO22D0BWP30P140
       19   43.092   DFCNQD1BWP30P140
        1    0.504   INR2D0BWP30P140
        1    0.378   NR2D0BWP30P140
       19        - submodules
       16        -   CustomOperator_INT8_to_E4M3
        1        -   DirectToFP9b_INT8_x_E4M3_UE8M0
        1        -   FPNAdder
        1        -   FixedFPTree_exp6_mant11_out11_vec16_range13

   Chip area for module '\BFP_PE': 57.582000
     of which used for sequential elements: 43.092000 (74.84%)

=== FPNAdder ===

        +----------Local Count, excluding submodules.
        |        +-Local Area, excluding submodules.
        |        | 
      448        - wires
      529        - wire bits
        6        - public wires
       87        - public wire bits
        3        - ports
       54        - port bits
      460  285.516 cells
       21   10.584   AN2D0BWP30P140
        6     3.78   AN3D0BWP30P140
        8     5.04   AO21D0BWP30P140
        3    2.268   AO22D0BWP30P140
       12     7.56   AOI211D0BWP30P140
       19    9.576   AOI21D0BWP30P140
        5     3.78   AOI221D0BWP30P140
        1    1.008   AOI222D0BWP30P140
        6     3.78   AOI22D0BWP30P140
        5     3.15   AOI31D0BWP30P140
        1    0.756   AOI32D0BWP30P140
        1    0.882   AOI33D0BWP30P140
        8    7.056   CKMUX2D0BWP30P140
       27    6.804   CKND0BWP30P140
       28   10.584   CKND2D0BWP30P140
        5     3.15   IAO21D0BWP30P140
       16    8.064   IND2D0BWP30P140
        1     0.63   IND3D0BWP30P140
        2    1.512   IND4D0BWP30P140
       16    8.064   INR2D0BWP30P140
        2     1.26   INR3D0BWP30P140
        4    3.024   INR4D0BWP30P140
        1     0.63   IOA21D0BWP30P140
        6    4.536   MAOI222D0BWP30P140
        3    2.268   MAOI22D0BWP30P140
        3    2.268   MOAI22D0BWP30P140
       35    26.46   MUX2ND0BWP30P140
        3    5.292   MUX3D0BWP30P140
        1    1.638   MUX3ND0BWP30P140
        1    2.394   MUX4D0BWP30P140
        5    11.34   MUX4ND0BWP30P140
       11    5.544   ND3D0BWP30P140
        9     5.67   ND4D0BWP30P140
       43   16.254   NR2D0BWP30P140
       19    9.576   NR3D0BWP30P140
        7     4.41   NR4D0BWP30P140
        3    2.268   OA211D0BWP30P140
       11     6.93   OA21D0BWP30P140
        1    0.882   OA22D0BWP30P140
       12     7.56   OAI211D0BWP30P140
       12    6.048   OAI21D0BWP30P140
        3    2.646   OAI221D0BWP30P140
        7     4.41   OAI22D0BWP30P140
        6     3.78   OAI31D0BWP30P140
        1    0.756   OAI32D0BWP30P140
        1    0.882   OAI33D0BWP30P140
        9    4.536   OR2D0BWP30P140
        2     1.26   OR3D0BWP30P140
        2    1.512   OR4D0BWP30P140
       30    26.46   XNR2UD0BWP30P140
       15    13.23   XOR2UD0BWP30P140
        1    1.764   XOR3UD0BWP30P140

   Chip area for module '\FPNAdder': 285.516000
     of which used for sequential elements: 0.000000 (0.00%)

=== DirectToFP9b_INT8_x_E4M3_UE8M0 ===

        +----------Local Count, excluding submodules.
        |        +-Local Area, excluding submodules.
        |        | 
       84        - wires
      130        - wire bits
        6        - public wires
       52        - public wire bits
        6        - ports
       52        - port bits
       96    65.52 cells
        9     5.67   AOI211D0BWP30P140
        7    3.528   AOI21D0BWP30P140
       15     3.78   CKND0BWP30P140
        3    1.134   CKND2D0BWP30P140
        1     0.63   IAO21D0BWP30P140
        2    1.008   IND2D0BWP30P140
        1     0.63   IND3D0BWP30P140
        1    0.504   INR2D0BWP30P140
       11    8.316   MAOI222D0BWP30P140
        2    1.008   ND3D0BWP30P140
        1     0.63   ND4D0BWP30P140
        9    3.402   NR2D0BWP30P140
        1    0.504   NR3D0BWP30P140
        3     1.89   NR4D0BWP30P140
        1     0.63   OAI211D0BWP30P140
        1     0.63   OAI31D0BWP30P140
        1    0.756   OR4D0BWP30P140
       11    9.702   XNR2UD0BWP30P140
        6   10.584   XNR3UD0BWP30P140
        8    7.056   XOR2UD0BWP30P140
        2    3.528   XOR3UD0BWP30P140

   Chip area for module '\DirectToFP9b_INT8_x_E4M3_UE8M0': 65.520000
     of which used for sequential elements: 0.000000 (0.00%)

=== FixedFPTree_exp6_mant11_out11_vec16_range13 ===

        +----------Local Count, excluding submodules.
        |        +-Local Area, excluding submodules.
        |        | 
     5092        - wires
     5827        - wire bits
       67        - public wires
      802        - public wire bits
       51        - ports
      306        - port bits
     5043  3449.25 cells
      132   66.528   AN2D0BWP30P140
       21    13.23   AN3D0BWP30P140
       15    11.34   AN4D0BWP30P140
       19   14.364   AO211D0BWP30P140
      147    92.61   AO21D0BWP30P140
       21   15.876   AO22D0BWP30P140
       41    25.83   AOI211D0BWP30P140
      287  144.648   AOI21D0BWP30P140
       11    8.316   AOI221D0BWP30P140
       52    32.76   AOI22D0BWP30P140
       54    34.02   AOI31D0BWP30P140
       30    22.68   AOI32D0BWP30P140
        6    5.292   AOI33D0BWP30P140
       58   51.156   CKMUX2D0BWP30P140
      249   62.748   CKND0BWP30P140
      376  142.128   CKND2D0BWP30P140
       51    32.13   IAO21D0BWP30P140
      109   54.936   IND2D0BWP30P140
        5     3.15   IND3D0BWP30P140
        4    3.024   IND4D0BWP30P140
      107   53.928   INR2D0BWP30P140
        7     4.41   INR3D0BWP30P140
        9    6.804   INR4D0BWP30P140
      106    66.78   IOA21D0BWP30P140
        3    2.646   IOA22D0BWP30P140
      227  171.612   MAOI222D0BWP30P140
       51   38.556   MAOI22D0BWP30P140
       48   36.288   MOAI22D0BWP30P140
      493  372.708   MUX2ND0BWP30P140
        1    1.764   MUX3D0BWP30P140
        2    3.276   MUX3ND0BWP30P140
       12   28.728   MUX4D0BWP30P140
       22   49.896   MUX4ND0BWP30P140
       67   33.768   ND3D0BWP30P140
       25    15.75   ND4D0BWP30P140
      431  162.918   NR2D0BWP30P140
       69   34.776   NR3D0BWP30P140
       18    11.34   NR4D0BWP30P140
       22   16.632   OA211D0BWP30P140
       37    23.31   OA21D0BWP30P140
       13   11.466   OA22D0BWP30P140
       16    10.08   OAI211D0BWP30P140
      176   88.704   OAI21D0BWP30P140
       16   14.112   OAI221D0BWP30P140
        2    2.016   OAI222D0BWP30P140
       39    24.57   OAI22D0BWP30P140
       27    17.01   OAI31D0BWP30P140
        8    6.048   OAI32D0BWP30P140
       23   20.286   OAI33D0BWP30P140
       61   30.744   OR2D0BWP30P140
       10      6.3   OR3D0BWP30P140
        8    6.048   OR4D0BWP30P140
      486  428.652   XNR2UD0BWP30P140
      107  188.748   XNR3UD0BWP30P140
        7   18.522   XNR4D0BWP30P140
      516  455.112   XOR2UD0BWP30P140
       81  142.884   XOR3UD0BWP30P140
        2    5.292   XOR4D0BWP30P140

   Chip area for module '\FixedFPTree_exp6_mant11_out11_vec16_range13': 3449.250000
     of which used for sequential elements: 0.000000 (0.00%)

=== CustomOperator_INT8_to_E4M3 ===

        +----------Local Count, excluding submodules.
        |        +-Local Area, excluding submodules.
        |        | 
      104        - wires
      137        - wire bits
        6        - public wires
       39        - public wire bits
        5        - ports
       34        - port bits
      115    79.38 cells
        7    3.528   AN2D0BWP30P140
        2    1.512   AN4D0BWP30P140
        1     0.63   AO21D0BWP30P140
        1    0.756   AO22D0BWP30P140
        2    1.008   AOI21D0BWP30P140
        5     1.26   CKND0BWP30P140
       25     9.45   CKND2D0BWP30P140
        3    1.512   IND2D0BWP30P140
        2    1.008   INR2D0BWP30P140
        2     1.26   IOA21D0BWP30P140
       12    9.072   MAOI222D0BWP30P140
        2    1.008   ND3D0BWP30P140
        3    1.134   NR2D0BWP30P140
        1    0.504   NR3D0BWP30P140
        1     0.63   OAI211D0BWP30P140
        6    3.024   OAI21D0BWP30P140
        1     0.63   OAI22D0BWP30P140
        2     1.26   OAI31D0BWP30P140
        1    0.504   OR2D0BWP30P140
       18   15.876   XNR2UD0BWP30P140
        6   10.584   XNR3UD0BWP30P140
        9    7.938   XOR2UD0BWP30P140
        3    5.292   XOR3UD0BWP30P140

   Chip area for module '\CustomOperator_INT8_to_E4M3': 79.380000
     of which used for sequential elements: 0.000000 (0.00%)

=== design hierarchy ===

        +----------Count including submodules.
        |        +-Area including submodules.
        |        | 
     7478 5.13E+03 BFP_PE
      115    79.38 CustomOperator_INT8_to_E4M3
       96    65.52 DirectToFP9b_INT8_x_E4M3_UE8M0
      460  285.516 FPNAdder
     5043  3449.25 FixedFPTree_exp6_mant11_out11_vec16_range13

        +----------Count including submodules.
        |        +-Area including submodules.
        |        | 
     7373        - wires
     9368        - wire bits
      240        - public wires
     2235        - public wire bits
      150        - ports
     1265        - port bits
        -        - memories
        -        - memory bits
        -        - processes
     7478 5.13E+03 cells
      265   133.56   AN2D0BWP30P140
       27    17.01   AN3D0BWP30P140
       47   35.532   AN4D0BWP30P140
       19   14.364   AO211D0BWP30P140
      171   107.73   AO21D0BWP30P140
       58   43.848   AO22D0BWP30P140
       62    39.06   AOI211D0BWP30P140
      345   173.88   AOI21D0BWP30P140
       16   12.096   AOI221D0BWP30P140
        1    1.008   AOI222D0BWP30P140
       58    36.54   AOI22D0BWP30P140
       59    37.17   AOI31D0BWP30P140
       31   23.436   AOI32D0BWP30P140
        7    6.174   AOI33D0BWP30P140
       66   58.212   CKMUX2D0BWP30P140
      371   93.492   CKND0BWP30P140
      807  305.046   CKND2D0BWP30P140
       19   43.092   DFCNQD1BWP30P140
       57    35.91   IAO21D0BWP30P140
      175     88.2   IND2D0BWP30P140
        7     4.41   IND3D0BWP30P140
        6    4.536   IND4D0BWP30P140
      157   79.128   INR2D0BWP30P140
        9     5.67   INR3D0BWP30P140
       13    9.828   INR4D0BWP30P140
      139    87.57   IOA21D0BWP30P140
        3    2.646   IOA22D0BWP30P140
      436  329.616   MAOI222D0BWP30P140
       54   40.824   MAOI22D0BWP30P140
       51   38.556   MOAI22D0BWP30P140
      528  399.168   MUX2ND0BWP30P140
        4    7.056   MUX3D0BWP30P140
        3    4.914   MUX3ND0BWP30P140
       13   31.122   MUX4D0BWP30P140
       27   61.236   MUX4ND0BWP30P140
      112   56.448   ND3D0BWP30P140
       35    22.05   ND4D0BWP30P140
      532  201.096   NR2D0BWP30P140
      105    52.92   NR3D0BWP30P140
       28    17.64   NR4D0BWP30P140
       25     18.9   OA211D0BWP30P140
       48    30.24   OA21D0BWP30P140
       14   12.348   OA22D0BWP30P140
       45    28.35   OAI211D0BWP30P140
      284  143.136   OAI21D0BWP30P140
       19   16.758   OAI221D0BWP30P140
        2    2.016   OAI222D0BWP30P140
       62    39.06   OAI22D0BWP30P140
       66    41.58   OAI31D0BWP30P140
        9    6.804   OAI32D0BWP30P140
       24   21.168   OAI33D0BWP30P140
       86   43.344   OR2D0BWP30P140
       12     7.56   OR3D0BWP30P140
       11    8.316   OR4D0BWP30P140
      815   718.83   XNR2UD0BWP30P140
      209  368.676   XNR3UD0BWP30P140
        7   18.522   XNR4D0BWP30P140
      683  602.406   XOR2UD0BWP30P140
      132  232.848   XOR3UD0BWP30P140
        2    5.292   XOR4D0BWP30P140
       19 5.07E+03 submodules
       16  1270.08   CustomOperator_INT8_to_E4M3
        1    65.52   DirectToFP9b_INT8_x_E4M3_UE8M0
        1  285.516   FPNAdder
        1  3449.25   FixedFPTree_exp6_mant11_out11_vec16_range13

   Chip area for top module '\BFP_PE': 5127.948000
     of which used for sequential elements: 43.092000 (0.84%)

