
6. Printing statistics.

=== BFP_PE ===

        +----------Local Count, excluding submodules.
        |        +-Local Area, excluding submodules.
        |        | 
      174        - wires
     2216        - wire bits
      140        - public wires
     2182        - public wire bits
       10        - ports
      309        - port bits
       67   99.918 cells
       32   24.192   AO22D0BWP30P140
       33   74.844   DFCNQD1BWP30P140
        1    0.504   INR2D0BWP30P140
        1    0.378   NR2D0BWP30P140
       64        - submodules
       16        -   CustomOperator_INT8_to_E5M2
       16        -   FP32Adder
       16        -   ScaleAddition_INT8_to_E5M2_scale_UE2M6
       16        -   ScaleToFP32_INT8_x_E5M2_UE2M6

   Chip area for module '\BFP_PE': 99.918000
     of which used for sequential elements: 74.844000 (74.91%)

=== FP32Adder ===

        +----------Local Count, excluding submodules.
        |        +-Local Area, excluding submodules.
        |        | 
      872        - wires
     1037        - wire bits
        6        - public wires
      171        - public wire bits
        3        - ports
       96        - port bits
      898  554.904 cells
       18    9.072   AN2D0BWP30P140
        5     3.15   AN3D0BWP30P140
        4    3.024   AN4D0BWP30P140
        2    1.512   AO211D0BWP30P140
       13     8.19   AO21D0BWP30P140
        4    3.024   AO22D0BWP30P140
       10      6.3   AOI211D0BWP30P140
       52   26.208   AOI21D0BWP30P140
       10     7.56   AOI221D0BWP30P140
        2    2.016   AOI222D0BWP30P140
       32    20.16   AOI22D0BWP30P140
        2     1.26   AOI31D0BWP30P140
       19   16.758   CKMUX2D0BWP30P140
       65    16.38   CKND0BWP30P140
       72   27.216   CKND2D0BWP30P140
        6     3.78   IAO21D0BWP30P140
       20    10.08   IND2D0BWP30P140
        1     0.63   IND3D0BWP30P140
        2    1.512   IND4D0BWP30P140
       21   10.584   INR2D0BWP30P140
        8     5.04   INR3D0BWP30P140
        3    2.268   INR4D0BWP30P140
        7     4.41   IOA21D0BWP30P140
       30    22.68   MAOI222D0BWP30P140
       15    11.34   MAOI22D0BWP30P140
        4    3.024   MOAI22D0BWP30P140
      114   86.184   MUX2ND0BWP30P140
        1    1.764   MUX3D0BWP30P140
        1    1.638   MUX3ND0BWP30P140
        2    4.788   MUX4D0BWP30P140
       16   36.288   MUX4ND0BWP30P140
       14    7.056   ND3D0BWP30P140
        5     3.15   ND4D0BWP30P140
       99   37.422   NR2D0BWP30P140
       35    17.64   NR3D0BWP30P140
        8     5.04   NR4D0BWP30P140
        2    1.512   OA211D0BWP30P140
        6     3.78   OA21D0BWP30P140
        1    0.882   OA22D0BWP30P140
       13     8.19   OAI211D0BWP30P140
       41   20.664   OAI21D0BWP30P140
        1    0.882   OAI221D0BWP30P140
        1    1.008   OAI222D0BWP30P140
       10      6.3   OAI22D0BWP30P140
        6     3.78   OAI31D0BWP30P140
        3    2.268   OAI32D0BWP30P140
        1    0.882   OAI33D0BWP30P140
        6    3.024   OR2D0BWP30P140
        8     5.04   OR3D0BWP30P140
        2    1.512   OR4D0BWP30P140
       51   44.982   XNR2UD0BWP30P140
        1    1.764   XNR3UD0BWP30P140
       23   20.286   XOR2UD0BWP30P140

   Chip area for module '\FP32Adder': 554.904000
     of which used for sequential elements: 0.000000 (0.00%)

=== ScaleToFP32_INT8_x_E5M2_UE2M6 ===

        +----------Local Count, excluding submodules.
        |        +-Local Area, excluding submodules.
        |        | 
      173        - wires
      234        - wire bits
        4        - public wires
       65        - public wire bits
        4        - ports
       65        - port bits
      201   123.48 cells
        4    2.016   AN2D0BWP30P140
        2     1.26   AO21D0BWP30P140
       11     6.93   AOI211D0BWP30P140
       18    9.072   AOI21D0BWP30P140
        9    6.804   AOI221D0BWP30P140
        4     2.52   AOI22D0BWP30P140
        2     1.26   AOI31D0BWP30P140
        1    0.756   AOI32D0BWP30P140
       18   15.876   CKMUX2D0BWP30P140
       13    3.276   CKND0BWP30P140
        9    3.402   CKND2D0BWP30P140
        9     5.67   IAO21D0BWP30P140
        6    3.024   IND2D0BWP30P140
        1     0.63   IND3D0BWP30P140
        5     2.52   INR2D0BWP30P140
        2     1.26   IOA21D0BWP30P140
        1    0.756   MOAI22D0BWP30P140
       40    30.24   MUX2ND0BWP30P140
        4    2.016   ND3D0BWP30P140
        9    3.402   NR2D0BWP30P140
        8    4.032   NR3D0BWP30P140
        5     3.15   NR4D0BWP30P140
        1     0.63   OA21D0BWP30P140
        6    3.024   OAI21D0BWP30P140
        1     0.63   OAI31D0BWP30P140
        2    1.008   OR2D0BWP30P140
        2     1.26   OR3D0BWP30P140
        5     4.41   XNR2UD0BWP30P140
        3    2.646   XOR2UD0BWP30P140

   Chip area for module '\ScaleToFP32_INT8_x_E5M2_UE2M6': 123.480000
     of which used for sequential elements: 0.000000 (0.00%)

=== ScaleAddition_INT8_to_E5M2_scale_UE2M6 ===

        +----------Local Count, excluding submodules.
        |        +-Local Area, excluding submodules.
        |        | 
      771        - wires
      830        - wire bits
        8        - public wires
       67        - public wire bits
        8        - ports
       67        - port bits
      795  564.858 cells
       17    8.568   AN2D0BWP30P140
        5     3.15   AN3D0BWP30P140
        3    2.268   AN4D0BWP30P140
        3     1.89   AO21D0BWP30P140
        2    1.512   AO22D0BWP30P140
       23   11.592   AOI21D0BWP30P140
       10      6.3   AOI22D0BWP30P140
        9     5.67   AOI31D0BWP30P140
       30     7.56   CKND0BWP30P140
      172   65.016   CKND2D0BWP30P140
        2     1.26   IAO21D0BWP30P140
       26   13.104   IND2D0BWP30P140
        4     2.52   IND3D0BWP30P140
        1    0.756   IND4D0BWP30P140
       17    8.568   INR2D0BWP30P140
        1    0.756   INR4D0BWP30P140
        6     3.78   IOA21D0BWP30P140
       94   71.064   MAOI222D0BWP30P140
        1    0.756   MAOI22D0BWP30P140
        2    1.512   MOAI22D0BWP30P140
        7    3.528   ND3D0BWP30P140
        1     0.63   ND4D0BWP30P140
       49   18.522   NR2D0BWP30P140
        4    2.016   NR3D0BWP30P140
        3     1.89   OA21D0BWP30P140
        2     1.26   OAI211D0BWP30P140
       14    7.056   OAI21D0BWP30P140
        4     2.52   OAI22D0BWP30P140
        1     0.63   OAI31D0BWP30P140
        1    0.756   OAI32D0BWP30P140
        7    3.528   OR2D0BWP30P140
        1     0.63   OR3D0BWP30P140
      126  111.132   XNR2UD0BWP30P140
       42   74.088   XNR3UD0BWP30P140
        4   10.584   XNR4D0BWP30P140
       81   71.442   XOR2UD0BWP30P140
       18   31.752   XOR3UD0BWP30P140
        2    5.292   XOR4D0BWP30P140

   Chip area for module '\ScaleAddition_INT8_to_E5M2_scale_UE2M6': 564.858000
     of which used for sequential elements: 0.000000 (0.00%)

=== CustomOperator_INT8_to_E5M2 ===

        +----------Local Count, excluding submodules.
        |        +-Local Area, excluding submodules.
        |        | 
       61        - wires
       95        - wire bits
        6        - public wires
       40        - public wire bits
        5        - ports
       34        - port bits
       71   47.754 cells
        3    1.512   AN2D0BWP30P140
        3    1.512   AOI21D0BWP30P140
        2     1.26   AOI22D0BWP30P140
        4    1.008   CKND0BWP30P140
       13    4.914   CKND2D0BWP30P140
        1     0.63   IAO21D0BWP30P140
        1    0.504   IND2D0BWP30P140
        1    0.504   INR2D0BWP30P140
        7    5.292   MAOI222D0BWP30P140
        2    1.008   ND3D0BWP30P140
        3    1.134   NR2D0BWP30P140
        1    0.504   NR3D0BWP30P140
        2     1.26   OA21D0BWP30P140
        3    1.512   OAI21D0BWP30P140
        2     1.26   OAI22D0BWP30P140
        1     0.63   OAI31D0BWP30P140
        1    0.504   OR2D0BWP30P140
        1    0.756   OR4D0BWP30P140
       11    9.702   XNR2UD0BWP30P140
        4    7.056   XNR3UD0BWP30P140
        4    3.528   XOR2UD0BWP30P140
        1    1.764   XOR3UD0BWP30P140

   Chip area for module '\CustomOperator_INT8_to_E5M2': 47.754000
     of which used for sequential elements: 0.000000 (0.00%)

=== design hierarchy ===

        +----------Count including submodules.
        |        +-Area including submodules.
        |        | 
    31507 2.08E+04 BFP_PE
       71   47.754 CustomOperator_INT8_to_E5M2
      898  554.904 FP32Adder
      795  564.858 ScaleAddition_INT8_to_E5M2_scale_UE2M6
      201   123.48 ScaleToFP32_INT8_x_E5M2_UE2M6

        +----------Count including submodules.
        |        +-Area including submodules.
        |        | 
    30206        - wires
    37352        - wire bits
      524        - public wires
     7670        - public wire bits
      330        - ports
     4501        - port bits
        -        - memories
        -        - memory bits
        -        - processes
    31507 2.08E+04 cells
      672  338.688   AN2D0BWP30P140
      160    100.8   AN3D0BWP30P140
      112   84.672   AN4D0BWP30P140
       32   24.192   AO211D0BWP30P140
      288   181.44   AO21D0BWP30P140
      128   96.768   AO22D0BWP30P140
      336   211.68   AOI211D0BWP30P140
     1536  774.144   AOI21D0BWP30P140
      304  229.824   AOI221D0BWP30P140
       32   32.256   AOI222D0BWP30P140
      768   483.84   AOI22D0BWP30P140
      208   131.04   AOI31D0BWP30P140
       16   12.096   AOI32D0BWP30P140
      592  522.144   CKMUX2D0BWP30P140
     1792  451.584   CKND0BWP30P140
     4256 1.61E+03   CKND2D0BWP30P140
       33   74.844   DFCNQD1BWP30P140
      288   181.44   IAO21D0BWP30P140
      848  427.392   IND2D0BWP30P140
       96    60.48   IND3D0BWP30P140
       48   36.288   IND4D0BWP30P140
      705   355.32   INR2D0BWP30P140
      128    80.64   INR3D0BWP30P140
       64   48.384   INR4D0BWP30P140
      240    151.2   IOA21D0BWP30P140
     2096 1.58E+03   MAOI222D0BWP30P140
      256  193.536   MAOI22D0BWP30P140
      112   84.672   MOAI22D0BWP30P140
     2464 1.86E+03   MUX2ND0BWP30P140
       16   28.224   MUX3D0BWP30P140
       16   26.208   MUX3ND0BWP30P140
       32   76.608   MUX4D0BWP30P140
      256  580.608   MUX4ND0BWP30P140
      432  217.728   ND3D0BWP30P140
       96    60.48   ND4D0BWP30P140
     2561  968.058   NR2D0BWP30P140
      768  387.072   NR3D0BWP30P140
      208   131.04   NR4D0BWP30P140
       32   24.192   OA211D0BWP30P140
      192   120.96   OA21D0BWP30P140
       16   14.112   OA22D0BWP30P140
      240    151.2   OAI211D0BWP30P140
     1024  516.096   OAI21D0BWP30P140
       16   14.112   OAI221D0BWP30P140
       16   16.128   OAI222D0BWP30P140
      256   161.28   OAI22D0BWP30P140
      144    90.72   OAI31D0BWP30P140
       64   48.384   OAI32D0BWP30P140
       16   14.112   OAI33D0BWP30P140
      256  129.024   OR2D0BWP30P140
      176   110.88   OR3D0BWP30P140
       48   36.288   OR4D0BWP30P140
     3088 2.72E+03   XNR2UD0BWP30P140
      752 1.33E+03   XNR3UD0BWP30P140
       64  169.344   XNR4D0BWP30P140
     1776 1.57E+03   XOR2UD0BWP30P140
      304  536.256   XOR3UD0BWP30P140
       32   84.672   XOR4D0BWP30P140
       64 2.07E+04 submodules
       16  764.064   CustomOperator_INT8_to_E5M2
       16 8.88E+03   FP32Adder
       16 9.04E+03   ScaleAddition_INT8_to_E5M2_scale_UE2M6
       16  1975.68   ScaleToFP32_INT8_x_E5M2_UE2M6

   Chip area for top module '\BFP_PE': 20755.854000
     of which used for sequential elements: 74.844000 (0.36%)

