Startpoint: reset (input port clocked by CORE_CLK)
Endpoint: _068_ (recovery check against rising-edge clock CORE_CLK)
Path Group: asynchronous
Path Type: max

    Delay      Time   Description
-------------------------------------------------------------
   0.0000    0.0000   clock CORE_CLK (rise edge)
   0.0000    0.0000   clock network delay (ideal)
   0.0000    0.0000 ^ input external delay
   0.0000    0.0000 ^ reset (in)
   0.0000    0.0000 ^ _068_/CDN (DFCNQD1BWP30P140)
             0.0000   data arrival time

  20.0000   20.0000   clock CORE_CLK (rise edge)
   0.0000   20.0000   clock network delay (ideal)
  -0.0500   19.9500   clock uncertainty
   0.0000   19.9500   clock reconvergence pessimism
            19.9500 ^ _068_/CP (DFCNQD1BWP30P140)
   0.0258   19.9758   library recovery time
            19.9758   data required time
-------------------------------------------------------------
            19.9758   data required time
            -0.0000   data arrival time
-------------------------------------------------------------
            19.9758   slack (MET)


Startpoint: io_op_b_i[3] (input port clocked by CORE_CLK)
Endpoint: _070_ (rising edge-triggered flip-flop clocked by CORE_CLK)
Path Group: CORE_CLK
Path Type: max

    Delay      Time   Description
-------------------------------------------------------------
   0.0000    0.0000   clock CORE_CLK (rise edge)
   0.0000    0.0000   clock network delay (ideal)
   0.0000    0.0000 v input external delay
   0.0000    0.0000 v io_op_b_i[3] (in)
   0.0399    0.0399 v reducedSum_op/_076_/Z (OR4D0BWP30P140)
   0.0201    0.0600 ^ reducedSum_op/_093_/ZN (CKND2D0BWP30P140)
   0.0506    0.1106 v reducedSum_op/_104_/ZN (XNR3UD0BWP30P140)
   0.0565    0.1671 v reducedSum_op/_111_/ZN (XNR3UD0BWP30P140)
   0.0308    0.1979 ^ reducedSum_op/_115_/ZN (MAOI222D0BWP30P140)
   0.0311    0.2290 v reducedSum_op/_116_/ZN (MAOI222D0BWP30P140)
   0.0237    0.2526 ^ reducedSum_op/_118_/ZN (OAI211D0BWP30P140)
   0.0729    0.3255 v reducedSum_op/_119_/ZN (OAI211D0BWP30P140)
   0.0363    0.3618 ^ reducedSum_sa/_1031_/ZN (CKND2D0BWP30P140)
   0.0266    0.3885 ^ reducedSum_sa/_1033_/Z (XOR2UD0BWP30P140)
   0.0258    0.4143 v reducedSum_sa/_1063_/ZN (XNR2UD0BWP30P140)
   0.0303    0.4446 v reducedSum_sa/_1069_/Z (XOR2UD0BWP30P140)
   0.0306    0.4752 v reducedSum_sa/_1097_/ZN (XNR3UD0BWP30P140)
   0.0307    0.5059 v reducedSum_sa/_1106_/Z (XOR2UD0BWP30P140)
   0.0355    0.5415 v reducedSum_sa/_1128_/ZN (XNR3UD0BWP30P140)
   0.0664    0.6079 v reducedSum_sa/_1150_/Z (XOR3UD0BWP30P140)
   0.0315    0.6394 ^ reducedSum_sa/_1192_/ZN (MAOI222D0BWP30P140)
   0.0263    0.6656 v reducedSum_sa/_1193_/ZN (MAOI222D0BWP30P140)
   0.0341    0.6997 ^ reducedSum_sa/_1194_/ZN (MAOI222D0BWP30P140)
   0.0267    0.7263 v reducedSum_sa/_1195_/ZN (MAOI222D0BWP30P140)
   0.0340    0.7604 ^ reducedSum_sa/_1196_/ZN (MAOI222D0BWP30P140)
   0.0264    0.7868 v reducedSum_sa/_1197_/ZN (MAOI222D0BWP30P140)
   0.0333    0.8201 ^ reducedSum_sa/_1198_/ZN (MAOI222D0BWP30P140)
   0.0293    0.8494 v reducedSum_sa/_1199_/ZN (MAOI222D0BWP30P140)
   0.0319    0.8813 ^ reducedSum_sa/_1201_/ZN (AOI21D0BWP30P140)
   0.0302    0.9114 v reducedSum_sa/_1203_/ZN (MAOI222D0BWP30P140)
   0.0414    0.9529 ^ reducedSum_sa/_1205_/ZN (MAOI222D0BWP30P140)
   0.0331    0.9859 v reducedSum_sa/_1238_/ZN (MAOI222D0BWP30P140)
   0.0334    1.0193 v reducedSum_sa/_1251_/Z (XOR2UD0BWP30P140)
   0.0279    1.0473 v reducedSum_reduced_nextLevel_adder/_0694_/ZN (IND2D0BWP30P140)
   0.0209    1.0681 v reducedSum_reduced_nextLevel_adder/_0698_/ZN (INR3D0BWP30P140)
   0.0111    1.0793 ^ reducedSum_reduced_nextLevel_adder/_0699_/ZN (CKND2D0BWP30P140)
   0.0106    1.0898 v reducedSum_reduced_nextLevel_adder/_0701_/ZN (AOI211D0BWP30P140)
   0.0153    1.1052 ^ reducedSum_reduced_nextLevel_adder/_0702_/ZN (OAI21D0BWP30P140)
   0.0214    1.1266 v reducedSum_reduced_nextLevel_adder/_0707_/ZN (AOI221D0BWP30P140)
   0.7148    1.8414 ^ reducedSum_reduced_nextLevel_adder/_0709_/ZN (OAI31D0BWP30P140)
   0.0428    1.8842 v reducedSum_reduced_nextLevel_adder/_0777_/ZN (MUX4ND0BWP30P140)
   0.0637    1.9478 ^ reducedSum_reduced_nextLevel_adder/_0778_/ZN (MUX2ND0BWP30P140)
   0.0203    1.9682 v reducedSum_reduced_nextLevel_adder/_0812_/ZN (MUX2ND0BWP30P140)
   0.0333    2.0015 ^ reducedSum_reduced_nextLevel_adder/_0886_/ZN (OAI221D0BWP30P140)
   0.0248    2.0262 v reducedSum_reduced_nextLevel_adder/_0907_/ZN (XNR2UD0BWP30P140)
   0.0358    2.0620 ^ reducedSum_reduced_nextLevel_adder/_0908_/ZN (OAI31D0BWP30P140)
   0.0266    2.0886 v reducedSum_reduced_nextLevel_adder/_0909_/ZN (MAOI222D0BWP30P140)
   0.0333    2.1220 ^ reducedSum_reduced_nextLevel_adder/_0913_/ZN (MAOI222D0BWP30P140)
   0.0300    2.1520 v reducedSum_reduced_nextLevel_adder/_0918_/ZN (MAOI222D0BWP30P140)
   0.0340    2.1859 ^ reducedSum_reduced_nextLevel_adder/_0922_/ZN (MAOI222D0BWP30P140)
   0.0298    2.2157 v reducedSum_reduced_nextLevel_adder/_0926_/ZN (MAOI222D0BWP30P140)
   0.0335    2.2492 ^ reducedSum_reduced_nextLevel_adder/_0930_/ZN (MAOI222D0BWP30P140)
   0.0267    2.2759 v reducedSum_reduced_nextLevel_adder/_0934_/ZN (MAOI222D0BWP30P140)
   0.0321    2.3080 ^ reducedSum_reduced_nextLevel_adder/_0938_/ZN (MAOI222D0BWP30P140)
   0.0219    2.3300 v reducedSum_reduced_nextLevel_adder/_0942_/ZN (AOI21D0BWP30P140)
   0.0318    2.3618 ^ reducedSum_reduced_nextLevel_adder/_0944_/ZN (MAOI222D0BWP30P140)
   0.0287    2.3905 v reducedSum_reduced_nextLevel_adder/_0948_/ZN (MAOI222D0BWP30P140)
   0.0286    2.4191 v reducedSum_reduced_nextLevel_adder/_0949_/ZN (IAO21D0BWP30P140)
   0.0228    2.4419 v reducedSum_reduced_nextLevel_adder/_0951_/ZN (IAO21D0BWP30P140)
   0.0287    2.4706 ^ reducedSum_reduced_nextLevel_adder/_0953_/ZN (MAOI222D0BWP30P140)
   0.0213    2.4919 v reducedSum_reduced_nextLevel_adder/_0962_/ZN (AOI21D0BWP30P140)
   0.0256    2.5175 ^ reducedSum_reduced_nextLevel_adder/_0964_/ZN (OAI32D0BWP30P140)
   0.0241    2.5416 v reducedSum_reduced_nextLevel_adder/_0968_/ZN (AOI21D0BWP30P140)
   0.0376    2.5792 ^ reducedSum_reduced_nextLevel_adder/_0985_/ZN (OAI31D0BWP30P140)
   0.1231    2.7023 v reducedSum_reduced_nextLevel_adder/_1011_/ZN (OAI21D0BWP30P140)
   0.0598    2.7621 v reducedSum_reduced_nextLevel_adder/_1028_/ZN (MUX2ND0BWP30P140)
   0.0477    2.8098 ^ reducedSum_reduced_nextLevel_adder/_1037_/ZN (NR4D0BWP30P140)
   0.0484    2.8582 v reducedSum_reduced_nextLevel_adder/_1051_/ZN (ND4D0BWP30P140)
   0.0410    2.8992 ^ reducedSum_reduced_nextLevel_adder/_1064_/ZN (NR4D0BWP30P140)
   0.0480    2.9472 v reducedSum_reduced_nextLevel_adder/_1079_/ZN (ND4D0BWP30P140)
   0.0410    2.9882 ^ reducedSum_reduced_nextLevel_adder/_1095_/ZN (NR4D0BWP30P140)
   0.0422    3.0304 v reducedSum_reduced_nextLevel_adder/_1108_/ZN (ND4D0BWP30P140)
   0.0437    3.0741 ^ reducedSum_reduced_nextLevel_adder/_1190_/ZN (INR4D0BWP30P140)
   0.0469    3.1210 ^ reducedSum_reduced_nextLevel_adder/_1194_/Z (AN4D0BWP30P140)
   0.0098    3.1308 v reducedSum_reduced_nextLevel_adder/_1202_/ZN (NR2D0BWP30P140)
   0.0288    3.1596 v reducedSum_reduced_nextLevel_adder/_1203_/Z (XOR2UD0BWP30P140)
   0.0267    3.1863 v reducedSum_reduced_nextLevel_adder_16/_0625_/ZN (INR2D0BWP30P140)
   0.0373    3.2236 ^ reducedSum_reduced_nextLevel_adder_16/_0635_/ZN (AOI211D0BWP30P140)
   0.0246    3.2482 v reducedSum_reduced_nextLevel_adder_16/_0637_/ZN (OAI31D0BWP30P140)
   0.0219    3.2701 ^ reducedSum_reduced_nextLevel_adder_16/_0645_/ZN (XNR2UD0BWP30P140)
   0.0289    3.2990 v reducedSum_reduced_nextLevel_adder_16/_0646_/ZN (ND3D0BWP30P140)
   0.7185    4.0175 ^ reducedSum_reduced_nextLevel_adder_16/_0709_/ZN (OAI31D0BWP30P140)
   0.0428    4.0603 v reducedSum_reduced_nextLevel_adder_16/_0777_/ZN (MUX4ND0BWP30P140)
   0.0637    4.1239 ^ reducedSum_reduced_nextLevel_adder_16/_0778_/ZN (MUX2ND0BWP30P140)
   0.0203    4.1442 v reducedSum_reduced_nextLevel_adder_16/_0812_/ZN (MUX2ND0BWP30P140)
   0.0333    4.1776 ^ reducedSum_reduced_nextLevel_adder_16/_0886_/ZN (OAI221D0BWP30P140)
   0.0248    4.2023 v reducedSum_reduced_nextLevel_adder_16/_0907_/ZN (XNR2UD0BWP30P140)
   0.0358    4.2381 ^ reducedSum_reduced_nextLevel_adder_16/_0908_/ZN (OAI31D0BWP30P140)
   0.0266    4.2647 v reducedSum_reduced_nextLevel_adder_16/_0909_/ZN (MAOI222D0BWP30P140)
   0.0333    4.2981 ^ reducedSum_reduced_nextLevel_adder_16/_0913_/ZN (MAOI222D0BWP30P140)
   0.0300    4.3281 v reducedSum_reduced_nextLevel_adder_16/_0918_/ZN (MAOI222D0BWP30P140)
   0.0340    4.3620 ^ reducedSum_reduced_nextLevel_adder_16/_0922_/ZN (MAOI222D0BWP30P140)
   0.0298    4.3918 v reducedSum_reduced_nextLevel_adder_16/_0926_/ZN (MAOI222D0BWP30P140)
   0.0335    4.4253 ^ reducedSum_reduced_nextLevel_adder_16/_0930_/ZN (MAOI222D0BWP30P140)
   0.0267    4.4520 v reducedSum_reduced_nextLevel_adder_16/_0934_/ZN (MAOI222D0BWP30P140)
   0.0321    4.4841 ^ reducedSum_reduced_nextLevel_adder_16/_0938_/ZN (MAOI222D0BWP30P140)
   0.0219    4.5061 v reducedSum_reduced_nextLevel_adder_16/_0942_/ZN (AOI21D0BWP30P140)
   0.0318    4.5378 ^ reducedSum_reduced_nextLevel_adder_16/_0944_/ZN (MAOI222D0BWP30P140)
   0.0287    4.5666 v reducedSum_reduced_nextLevel_adder_16/_0948_/ZN (MAOI222D0BWP30P140)
   0.0286    4.5952 v reducedSum_reduced_nextLevel_adder_16/_0949_/ZN (IAO21D0BWP30P140)
   0.0228    4.6180 v reducedSum_reduced_nextLevel_adder_16/_0951_/ZN (IAO21D0BWP30P140)
   0.0287    4.6467 ^ reducedSum_reduced_nextLevel_adder_16/_0953_/ZN (MAOI222D0BWP30P140)
   0.0213    4.6680 v reducedSum_reduced_nextLevel_adder_16/_0962_/ZN (AOI21D0BWP30P140)
   0.0256    4.6936 ^ reducedSum_reduced_nextLevel_adder_16/_0964_/ZN (OAI32D0BWP30P140)
   0.0241    4.7177 v reducedSum_reduced_nextLevel_adder_16/_0968_/ZN (AOI21D0BWP30P140)
   0.0376    4.7553 ^ reducedSum_reduced_nextLevel_adder_16/_0985_/ZN (OAI31D0BWP30P140)
   0.1231    4.8784 v reducedSum_reduced_nextLevel_adder_16/_1011_/ZN (OAI21D0BWP30P140)
   0.0598    4.9382 v reducedSum_reduced_nextLevel_adder_16/_1028_/ZN (MUX2ND0BWP30P140)
   0.0477    4.9859 ^ reducedSum_reduced_nextLevel_adder_16/_1037_/ZN (NR4D0BWP30P140)
   0.0484    5.0343 v reducedSum_reduced_nextLevel_adder_16/_1051_/ZN (ND4D0BWP30P140)
   0.0410    5.0753 ^ reducedSum_reduced_nextLevel_adder_16/_1064_/ZN (NR4D0BWP30P140)
   0.0480    5.1233 v reducedSum_reduced_nextLevel_adder_16/_1079_/ZN (ND4D0BWP30P140)
   0.0410    5.1643 ^ reducedSum_reduced_nextLevel_adder_16/_1095_/ZN (NR4D0BWP30P140)
   0.0422    5.2065 v reducedSum_reduced_nextLevel_adder_16/_1108_/ZN (ND4D0BWP30P140)
   0.0437    5.2502 ^ reducedSum_reduced_nextLevel_adder_16/_1190_/ZN (INR4D0BWP30P140)
   0.0469    5.2971 ^ reducedSum_reduced_nextLevel_adder_16/_1194_/Z (AN4D0BWP30P140)
   0.0098    5.3069 v reducedSum_reduced_nextLevel_adder_16/_1202_/ZN (NR2D0BWP30P140)
   0.0288    5.3357 v reducedSum_reduced_nextLevel_adder_16/_1203_/Z (XOR2UD0BWP30P140)
   0.0267    5.3624 v reducedSum_reduced_nextLevel_adder_24/_0625_/ZN (INR2D0BWP30P140)
   0.0373    5.3997 ^ reducedSum_reduced_nextLevel_adder_24/_0635_/ZN (AOI211D0BWP30P140)
   0.0246    5.4243 v reducedSum_reduced_nextLevel_adder_24/_0637_/ZN (OAI31D0BWP30P140)
   0.0219    5.4462 ^ reducedSum_reduced_nextLevel_adder_24/_0645_/ZN (XNR2UD0BWP30P140)
   0.0289    5.4751 v reducedSum_reduced_nextLevel_adder_24/_0646_/ZN (ND3D0BWP30P140)
   0.7185    6.1936 ^ reducedSum_reduced_nextLevel_adder_24/_0709_/ZN (OAI31D0BWP30P140)
   0.0428    6.2364 v reducedSum_reduced_nextLevel_adder_24/_0777_/ZN (MUX4ND0BWP30P140)
   0.0637    6.3000 ^ reducedSum_reduced_nextLevel_adder_24/_0778_/ZN (MUX2ND0BWP30P140)
   0.0203    6.3203 v reducedSum_reduced_nextLevel_adder_24/_0812_/ZN (MUX2ND0BWP30P140)
   0.0333    6.3537 ^ reducedSum_reduced_nextLevel_adder_24/_0886_/ZN (OAI221D0BWP30P140)
   0.0248    6.3784 v reducedSum_reduced_nextLevel_adder_24/_0907_/ZN (XNR2UD0BWP30P140)
   0.0358    6.4142 ^ reducedSum_reduced_nextLevel_adder_24/_0908_/ZN (OAI31D0BWP30P140)
   0.0266    6.4408 v reducedSum_reduced_nextLevel_adder_24/_0909_/ZN (MAOI222D0BWP30P140)
   0.0333    6.4742 ^ reducedSum_reduced_nextLevel_adder_24/_0913_/ZN (MAOI222D0BWP30P140)
   0.0300    6.5042 v reducedSum_reduced_nextLevel_adder_24/_0918_/ZN (MAOI222D0BWP30P140)
   0.0340    6.5381 ^ reducedSum_reduced_nextLevel_adder_24/_0922_/ZN (MAOI222D0BWP30P140)
   0.0298    6.5679 v reducedSum_reduced_nextLevel_adder_24/_0926_/ZN (MAOI222D0BWP30P140)
   0.0335    6.6014 ^ reducedSum_reduced_nextLevel_adder_24/_0930_/ZN (MAOI222D0BWP30P140)
   0.0267    6.6281 v reducedSum_reduced_nextLevel_adder_24/_0934_/ZN (MAOI222D0BWP30P140)
   0.0321    6.6602 ^ reducedSum_reduced_nextLevel_adder_24/_0938_/ZN (MAOI222D0BWP30P140)
   0.0219    6.6821 v reducedSum_reduced_nextLevel_adder_24/_0942_/ZN (AOI21D0BWP30P140)
   0.0318    6.7139 ^ reducedSum_reduced_nextLevel_adder_24/_0944_/ZN (MAOI222D0BWP30P140)
   0.0287    6.7427 v reducedSum_reduced_nextLevel_adder_24/_0948_/ZN (MAOI222D0BWP30P140)
   0.0286    6.7713 v reducedSum_reduced_nextLevel_adder_24/_0949_/ZN (IAO21D0BWP30P140)
   0.0228    6.7941 v reducedSum_reduced_nextLevel_adder_24/_0951_/ZN (IAO21D0BWP30P140)
   0.0287    6.8228 ^ reducedSum_reduced_nextLevel_adder_24/_0953_/ZN (MAOI222D0BWP30P140)
   0.0213    6.8441 v reducedSum_reduced_nextLevel_adder_24/_0962_/ZN (AOI21D0BWP30P140)
   0.0256    6.8697 ^ reducedSum_reduced_nextLevel_adder_24/_0964_/ZN (OAI32D0BWP30P140)
   0.0241    6.8938 v reducedSum_reduced_nextLevel_adder_24/_0968_/ZN (AOI21D0BWP30P140)
   0.0376    6.9314 ^ reducedSum_reduced_nextLevel_adder_24/_0985_/ZN (OAI31D0BWP30P140)
   0.1231    7.0545 v reducedSum_reduced_nextLevel_adder_24/_1011_/ZN (OAI21D0BWP30P140)
   0.0598    7.1143 v reducedSum_reduced_nextLevel_adder_24/_1028_/ZN (MUX2ND0BWP30P140)
   0.0477    7.1620 ^ reducedSum_reduced_nextLevel_adder_24/_1037_/ZN (NR4D0BWP30P140)
   0.0484    7.2104 v reducedSum_reduced_nextLevel_adder_24/_1051_/ZN (ND4D0BWP30P140)
   0.0410    7.2514 ^ reducedSum_reduced_nextLevel_adder_24/_1064_/ZN (NR4D0BWP30P140)
   0.0480    7.2994 v reducedSum_reduced_nextLevel_adder_24/_1079_/ZN (ND4D0BWP30P140)
   0.0410    7.3404 ^ reducedSum_reduced_nextLevel_adder_24/_1095_/ZN (NR4D0BWP30P140)
   0.0422    7.3825 v reducedSum_reduced_nextLevel_adder_24/_1108_/ZN (ND4D0BWP30P140)
   0.0437    7.4263 ^ reducedSum_reduced_nextLevel_adder_24/_1190_/ZN (INR4D0BWP30P140)
   0.0469    7.4732 ^ reducedSum_reduced_nextLevel_adder_24/_1194_/Z (AN4D0BWP30P140)
   0.0098    7.4830 v reducedSum_reduced_nextLevel_adder_24/_1202_/ZN (NR2D0BWP30P140)
   0.0288    7.5118 v reducedSum_reduced_nextLevel_adder_24/_1203_/Z (XOR2UD0BWP30P140)
   0.0267    7.5385 v reducedSum_reduced_nextLevel_adder_28/_0625_/ZN (INR2D0BWP30P140)
   0.0373    7.5758 ^ reducedSum_reduced_nextLevel_adder_28/_0635_/ZN (AOI211D0BWP30P140)
   0.0246    7.6004 v reducedSum_reduced_nextLevel_adder_28/_0637_/ZN (OAI31D0BWP30P140)
   0.0219    7.6223 ^ reducedSum_reduced_nextLevel_adder_28/_0645_/ZN (XNR2UD0BWP30P140)
   0.0289    7.6512 v reducedSum_reduced_nextLevel_adder_28/_0646_/ZN (ND3D0BWP30P140)
   0.7185    8.3697 ^ reducedSum_reduced_nextLevel_adder_28/_0709_/ZN (OAI31D0BWP30P140)
   0.0428    8.4125 v reducedSum_reduced_nextLevel_adder_28/_0777_/ZN (MUX4ND0BWP30P140)
   0.0637    8.4761 ^ reducedSum_reduced_nextLevel_adder_28/_0778_/ZN (MUX2ND0BWP30P140)
   0.0203    8.4964 v reducedSum_reduced_nextLevel_adder_28/_0812_/ZN (MUX2ND0BWP30P140)
   0.0333    8.5298 ^ reducedSum_reduced_nextLevel_adder_28/_0886_/ZN (OAI221D0BWP30P140)
   0.0248    8.5545 v reducedSum_reduced_nextLevel_adder_28/_0907_/ZN (XNR2UD0BWP30P140)
   0.0358    8.5903 ^ reducedSum_reduced_nextLevel_adder_28/_0908_/ZN (OAI31D0BWP30P140)
   0.0266    8.6169 v reducedSum_reduced_nextLevel_adder_28/_0909_/ZN (MAOI222D0BWP30P140)
   0.0333    8.6503 ^ reducedSum_reduced_nextLevel_adder_28/_0913_/ZN (MAOI222D0BWP30P140)
   0.0300    8.6803 v reducedSum_reduced_nextLevel_adder_28/_0918_/ZN (MAOI222D0BWP30P140)
   0.0340    8.7142 ^ reducedSum_reduced_nextLevel_adder_28/_0922_/ZN (MAOI222D0BWP30P140)
   0.0298    8.7440 v reducedSum_reduced_nextLevel_adder_28/_0926_/ZN (MAOI222D0BWP30P140)
   0.0335    8.7775 ^ reducedSum_reduced_nextLevel_adder_28/_0930_/ZN (MAOI222D0BWP30P140)
   0.0267    8.8042 v reducedSum_reduced_nextLevel_adder_28/_0934_/ZN (MAOI222D0BWP30P140)
   0.0321    8.8363 ^ reducedSum_reduced_nextLevel_adder_28/_0938_/ZN (MAOI222D0BWP30P140)
   0.0219    8.8582 v reducedSum_reduced_nextLevel_adder_28/_0942_/ZN (AOI21D0BWP30P140)
   0.0318    8.8900 ^ reducedSum_reduced_nextLevel_adder_28/_0944_/ZN (MAOI222D0BWP30P140)
   0.0287    8.9188 v reducedSum_reduced_nextLevel_adder_28/_0948_/ZN (MAOI222D0BWP30P140)
   0.0286    8.9474 v reducedSum_reduced_nextLevel_adder_28/_0949_/ZN (IAO21D0BWP30P140)
   0.0228    8.9702 v reducedSum_reduced_nextLevel_adder_28/_0951_/ZN (IAO21D0BWP30P140)
   0.0287    8.9989 ^ reducedSum_reduced_nextLevel_adder_28/_0953_/ZN (MAOI222D0BWP30P140)
   0.0213    9.0202 v reducedSum_reduced_nextLevel_adder_28/_0962_/ZN (AOI21D0BWP30P140)
   0.0256    9.0458 ^ reducedSum_reduced_nextLevel_adder_28/_0964_/ZN (OAI32D0BWP30P140)
   0.0241    9.0699 v reducedSum_reduced_nextLevel_adder_28/_0968_/ZN (AOI21D0BWP30P140)
   0.0376    9.1075 ^ reducedSum_reduced_nextLevel_adder_28/_0985_/ZN (OAI31D0BWP30P140)
   0.1231    9.2306 v reducedSum_reduced_nextLevel_adder_28/_1011_/ZN (OAI21D0BWP30P140)
   0.0598    9.2904 v reducedSum_reduced_nextLevel_adder_28/_1028_/ZN (MUX2ND0BWP30P140)
   0.0477    9.3381 ^ reducedSum_reduced_nextLevel_adder_28/_1037_/ZN (NR4D0BWP30P140)
   0.0484    9.3865 v reducedSum_reduced_nextLevel_adder_28/_1051_/ZN (ND4D0BWP30P140)
   0.0410    9.4275 ^ reducedSum_reduced_nextLevel_adder_28/_1064_/ZN (NR4D0BWP30P140)
   0.0480    9.4755 v reducedSum_reduced_nextLevel_adder_28/_1079_/ZN (ND4D0BWP30P140)
   0.0410    9.5165 ^ reducedSum_reduced_nextLevel_adder_28/_1095_/ZN (NR4D0BWP30P140)
   0.0422    9.5586 v reducedSum_reduced_nextLevel_adder_28/_1108_/ZN (ND4D0BWP30P140)
   0.0437    9.6024 ^ reducedSum_reduced_nextLevel_adder_28/_1190_/ZN (INR4D0BWP30P140)
   0.0469    9.6493 ^ reducedSum_reduced_nextLevel_adder_28/_1194_/Z (AN4D0BWP30P140)
   0.0098    9.6591 v reducedSum_reduced_nextLevel_adder_28/_1202_/ZN (NR2D0BWP30P140)
   0.0288    9.6879 v reducedSum_reduced_nextLevel_adder_28/_1203_/Z (XOR2UD0BWP30P140)
   0.0267    9.7146 v reducedSum_reduced_nextLevel_adder_30/_0625_/ZN (INR2D0BWP30P140)
   0.0373    9.7519 ^ reducedSum_reduced_nextLevel_adder_30/_0635_/ZN (AOI211D0BWP30P140)
   0.0246    9.7765 v reducedSum_reduced_nextLevel_adder_30/_0637_/ZN (OAI31D0BWP30P140)
   0.0219    9.7984 ^ reducedSum_reduced_nextLevel_adder_30/_0645_/ZN (XNR2UD0BWP30P140)
   0.0289    9.8273 v reducedSum_reduced_nextLevel_adder_30/_0646_/ZN (ND3D0BWP30P140)
   0.7185   10.5458 ^ reducedSum_reduced_nextLevel_adder_30/_0709_/ZN (OAI31D0BWP30P140)
   0.0428   10.5886 v reducedSum_reduced_nextLevel_adder_30/_0777_/ZN (MUX4ND0BWP30P140)
   0.0637   10.6522 ^ reducedSum_reduced_nextLevel_adder_30/_0778_/ZN (MUX2ND0BWP30P140)
   0.0203   10.6725 v reducedSum_reduced_nextLevel_adder_30/_0812_/ZN (MUX2ND0BWP30P140)
   0.0333   10.7059 ^ reducedSum_reduced_nextLevel_adder_30/_0886_/ZN (OAI221D0BWP30P140)
   0.0248   10.7306 v reducedSum_reduced_nextLevel_adder_30/_0907_/ZN (XNR2UD0BWP30P140)
   0.0358   10.7664 ^ reducedSum_reduced_nextLevel_adder_30/_0908_/ZN (OAI31D0BWP30P140)
   0.0266   10.7930 v reducedSum_reduced_nextLevel_adder_30/_0909_/ZN (MAOI222D0BWP30P140)
   0.0333   10.8264 ^ reducedSum_reduced_nextLevel_adder_30/_0913_/ZN (MAOI222D0BWP30P140)
   0.0300   10.8563 v reducedSum_reduced_nextLevel_adder_30/_0918_/ZN (MAOI222D0BWP30P140)
   0.0340   10.8903 ^ reducedSum_reduced_nextLevel_adder_30/_0922_/ZN (MAOI222D0BWP30P140)
   0.0298   10.9201 v reducedSum_reduced_nextLevel_adder_30/_0926_/ZN (MAOI222D0BWP30P140)
   0.0335   10.9536 ^ reducedSum_reduced_nextLevel_adder_30/_0930_/ZN (MAOI222D0BWP30P140)
   0.0267   10.9803 v reducedSum_reduced_nextLevel_adder_30/_0934_/ZN (MAOI222D0BWP30P140)
   0.0321   11.0124 ^ reducedSum_reduced_nextLevel_adder_30/_0938_/ZN (MAOI222D0BWP30P140)
   0.0219   11.0343 v reducedSum_reduced_nextLevel_adder_30/_0942_/ZN (AOI21D0BWP30P140)
   0.0318   11.0661 ^ reducedSum_reduced_nextLevel_adder_30/_0944_/ZN (MAOI222D0BWP30P140)
   0.0287   11.0948 v reducedSum_reduced_nextLevel_adder_30/_0948_/ZN (MAOI222D0BWP30P140)
   0.0286   11.1235 v reducedSum_reduced_nextLevel_adder_30/_0949_/ZN (IAO21D0BWP30P140)
   0.0228   11.1463 v reducedSum_reduced_nextLevel_adder_30/_0951_/ZN (IAO21D0BWP30P140)
   0.0287   11.1750 ^ reducedSum_reduced_nextLevel_adder_30/_0953_/ZN (MAOI222D0BWP30P140)
   0.0213   11.1963 v reducedSum_reduced_nextLevel_adder_30/_0962_/ZN (AOI21D0BWP30P140)
   0.0256   11.2219 ^ reducedSum_reduced_nextLevel_adder_30/_0964_/ZN (OAI32D0BWP30P140)
   0.0241   11.2460 v reducedSum_reduced_nextLevel_adder_30/_0968_/ZN (AOI21D0BWP30P140)
   0.0376   11.2836 ^ reducedSum_reduced_nextLevel_adder_30/_0985_/ZN (OAI31D0BWP30P140)
   0.1231   11.4067 v reducedSum_reduced_nextLevel_adder_30/_1011_/ZN (OAI21D0BWP30P140)
   0.0598   11.4665 v reducedSum_reduced_nextLevel_adder_30/_1028_/ZN (MUX2ND0BWP30P140)
   0.0477   11.5142 ^ reducedSum_reduced_nextLevel_adder_30/_1037_/ZN (NR4D0BWP30P140)
   0.0484   11.5626 v reducedSum_reduced_nextLevel_adder_30/_1051_/ZN (ND4D0BWP30P140)
   0.0410   11.6036 ^ reducedSum_reduced_nextLevel_adder_30/_1064_/ZN (NR4D0BWP30P140)
   0.0480   11.6516 v reducedSum_reduced_nextLevel_adder_30/_1079_/ZN (ND4D0BWP30P140)
   0.0410   11.6925 ^ reducedSum_reduced_nextLevel_adder_30/_1095_/ZN (NR4D0BWP30P140)
   0.0422   11.7347 v reducedSum_reduced_nextLevel_adder_30/_1108_/ZN (ND4D0BWP30P140)
   0.0342   11.7689 ^ reducedSum_reduced_nextLevel_adder_30/_1112_/ZN (NR2D0BWP30P140)
   0.0219   11.7908 v reducedSum_reduced_nextLevel_adder_30/_1116_/ZN (XNR2UD0BWP30P140)
   0.0356   11.8265 ^ reducedSum_conv/_167_/ZN (NR4D0BWP30P140)
   0.0130   11.8394 v reducedSum_conv/_168_/ZN (CKND0BWP30P140)
   0.0932   11.9326 ^ reducedSum_conv/_174_/ZN (AOI21D0BWP30P140)
   0.0337   11.9663 ^ reducedSum_conv/_177_/ZN (XNR2UD0BWP30P140)
   0.0140   11.9803 v reducedSum_conv/_178_/ZN (CKND0BWP30P140)
   0.0327   12.0130 v reducedSum_conv/_179_/Z (AO21D0BWP30P140)
   0.0153   12.0283 ^ reducedSum_conv/_183_/ZN (ND3D0BWP30P140)
   0.0481   12.0764 ^ reducedSum_conv/_219_/ZN (INR3D0BWP30P140)
   0.0365   12.1129 v accAdder/_0901_/ZN (MAOI222D0BWP30P140)
   0.0370   12.1499 ^ accAdder/_0902_/ZN (MAOI222D0BWP30P140)
   0.0303   12.1802 v accAdder/_0903_/ZN (MAOI222D0BWP30P140)
   0.0355   12.2158 ^ accAdder/_0966_/ZN (MAOI222D0BWP30P140)
   0.0302   12.2460 v accAdder/_0968_/ZN (MAOI222D0BWP30P140)
   0.0262   12.2722 v accAdder/_0970_/ZN (XNR2UD0BWP30P140)
   0.0212   12.2934 ^ accAdder/_0971_/ZN (NR2D0BWP30P140)
   0.0257   12.3191 ^ accAdder/_0972_/Z (AN2D0BWP30P140)
   0.4170   12.7361 v accAdder/_0975_/ZN (AOI31D0BWP30P140)
   0.4192   13.1553 ^ accAdder/_0991_/ZN (AOI22D0BWP30P140)
   0.0318   13.1872 v accAdder/_1063_/ZN (CKND2D0BWP30P140)
   0.0370   13.2241 ^ accAdder/_1188_/ZN (OAI32D0BWP30P140)
   0.0151   13.2392 v accAdder/_1189_/ZN (AOI21D0BWP30P140)
   0.0396   13.2788 ^ accAdder/_1191_/ZN (OAI221D0BWP30P140)
   0.0211   13.2999 v accAdder/_1196_/ZN (OAI31D0BWP30P140)
   0.0222   13.3222 ^ accAdder/_1198_/ZN (AOI21D0BWP30P140)
   0.0256   13.3477 v accAdder/_1200_/ZN (MAOI222D0BWP30P140)
   0.0396   13.3874 ^ accAdder/_1202_/ZN (MAOI222D0BWP30P140)
   0.0257   13.4131 v accAdder/_1204_/ZN (MAOI222D0BWP30P140)
   0.0277   13.4408 ^ accAdder/_1206_/ZN (AOI21D0BWP30P140)
   0.0253   13.4661 ^ accAdder/_1209_/ZN (IAO21D0BWP30P140)
   0.0247   13.4907 v accAdder/_1211_/ZN (MAOI222D0BWP30P140)
   0.0395   13.5303 ^ accAdder/_1213_/ZN (MAOI222D0BWP30P140)
   0.0265   13.5567 v accAdder/_1221_/ZN (MAOI222D0BWP30P140)
   0.0354   13.5921 v accAdder/_1232_/Z (AO21D0BWP30P140)
   0.0261   13.6182 ^ accAdder/_1242_/ZN (MAOI222D0BWP30P140)
   0.0265   13.6447 v accAdder/_1255_/ZN (MAOI222D0BWP30P140)
   0.0315   13.6762 v accAdder/_1259_/Z (AO21D0BWP30P140)
   0.0182   13.6944 ^ accAdder/_1276_/ZN (AOI21D0BWP30P140)
   0.0258   13.7202 v accAdder/_1280_/ZN (MAOI222D0BWP30P140)
   0.0391   13.7593 ^ accAdder/_1296_/ZN (MAOI222D0BWP30P140)
   0.0262   13.7855 v accAdder/_1300_/ZN (MAOI222D0BWP30P140)
   0.0304   13.8159 ^ accAdder/_1318_/ZN (AOI21D0BWP30P140)
   0.0249   13.8408 v accAdder/_1322_/ZN (MAOI222D0BWP30P140)
   0.0364   13.8773 v accAdder/_1345_/Z (AO21D0BWP30P140)
   0.0156   13.8929 ^ accAdder/_1353_/ZN (MUX2ND0BWP30P140)
   0.0347   13.9276 ^ accAdder/_1354_/ZN (XNR2UD0BWP30P140)
   0.0288   13.9564 ^ accAdder/_1453_/ZN (MAOI22D0BWP30P140)
   0.1281   14.0845 v accAdder/_1456_/ZN (OAI211D0BWP30P140)
   0.0886   14.1731 ^ accAdder/_1531_/Z (MUX4D0BWP30P140)
   0.0194   14.1925 v accAdder/_1534_/ZN (MUX3ND0BWP30P140)
   0.0405   14.2330 ^ accAdder/_1568_/ZN (NR2D0BWP30P140)
   0.0507   14.2837 ^ accAdder/_1577_/ZN (INR4D0BWP30P140)
   0.0510   14.3348 ^ accAdder/_1582_/Z (AN4D0BWP30P140)
   0.0395   14.3742 ^ accAdder/_1590_/Z (AN4D0BWP30P140)
   0.0406   14.4148 ^ accAdder/_1601_/Z (AN4D0BWP30P140)
   0.0349   14.4497 ^ accAdder/_1603_/Z (AN3D0BWP30P140)
   0.0271   14.4768 v accAdder/_1605_/ZN (IND3D0BWP30P140)
   0.0379   14.5148 v accAdder/_1606_/Z (OR3D0BWP30P140)
   0.0368   14.5516 ^ accAdder/_1608_/ZN (INR3D0BWP30P140)
   0.0364   14.5880 v accAdder/_1611_/ZN (MAOI222D0BWP30P140)
   0.0357   14.6237 ^ accAdder/_1616_/ZN (NR4D0BWP30P140)
   0.0219   14.6456 v accAdder/_1619_/ZN (OAI31D0BWP30P140)
   0.0327   14.6782 v accAdder/_1621_/Z (AO21D0BWP30P140)
   0.0312   14.7095 ^ accAdder/_1623_/ZN (AOI21D0BWP30P140)
   0.0237   14.7331 v accAdder/_1626_/ZN (OAI21D0BWP30P140)
   0.0215   14.7546 v accAdder/_1658_/Z (AN3D0BWP30P140)
   0.0613   14.8159 v accAdder/_1659_/Z (OR3D0BWP30P140)
   0.0420   14.8579 ^ accAdder/_1703_/ZN (AOI211D0BWP30P140)
   0.0261   14.8839 ^ _060_/Z (AO22D0BWP30P140)
   0.0000   14.8839 ^ _070_/D (DFCNQD1BWP30P140)
            14.8839   data arrival time

  20.0000   20.0000   clock CORE_CLK (rise edge)
   0.0000   20.0000   clock network delay (ideal)
  -0.0500   19.9500   clock uncertainty
   0.0000   19.9500   clock reconvergence pessimism
            19.9500 ^ _070_/CP (DFCNQD1BWP30P140)
  -0.0174   19.9326   library setup time
            19.9326   data required time
-------------------------------------------------------------
            19.9326   data required time
           -14.8839   data arrival time
-------------------------------------------------------------
             5.0487   slack (MET)


