Startpoint: reset (input port clocked by CORE_CLK)
Endpoint: _068_ (recovery check against rising-edge clock CORE_CLK)
Path Group: asynchronous
Path Type: max

    Delay      Time   Description
-------------------------------------------------------------
   0.0000    0.0000   clock CORE_CLK (rise edge)
   0.0000    0.0000   clock network delay (ideal)
   0.0000    0.0000 ^ input external delay
   0.0000    0.0000 ^ reset (in)
   0.0000    0.0000 ^ _068_/CDN (DFCNQD1BWP30P140)
             0.0000   data arrival time

  20.0000   20.0000   clock CORE_CLK (rise edge)
   0.0000   20.0000   clock network delay (ideal)
  -0.0500   19.9500   clock uncertainty
   0.0000   19.9500   clock reconvergence pessimism
            19.9500 ^ _068_/CP (DFCNQD1BWP30P140)
   0.0258   19.9758   library recovery time
            19.9758   data required time
-------------------------------------------------------------
            19.9758   data required time
            -0.0000   data arrival time
-------------------------------------------------------------
            19.9758   slack (MET)


Startpoint: io_op_b_i[3] (input port clocked by CORE_CLK)
Endpoint: _070_ (rising edge-triggered flip-flop clocked by CORE_CLK)
Path Group: CORE_CLK
Path Type: max

    Delay      Time   Description
-------------------------------------------------------------
   0.0000    0.0000   clock CORE_CLK (rise edge)
   0.0000    0.0000   clock network delay (ideal)
   0.0000    0.0000 v input external delay
   0.0000    0.0000 v io_op_b_i[3] (in)
   0.0224    0.0224 ^ reducedSum_op/_55_/ZN (OAI31D0BWP30P140)
   0.0259    0.0483 ^ reducedSum_op/_56_/Z (XOR2UD0BWP30P140)
   0.0295    0.0777 ^ reducedSum_op/_57_/ZN (XNR2UD0BWP30P140)
   0.0446    0.1223 ^ reducedSum_op/_58_/Z (AN4D0BWP30P140)
   0.0245    0.1468 v reducedSum_op/_85_/ZN (MAOI222D0BWP30P140)
   0.0611    0.2079 ^ reducedSum_op/_89_/Z (XOR2UD0BWP30P140)
   0.0292    0.2371 v reducedSum_sa/_0900_/ZN (CKND2D0BWP30P140)
   0.0226    0.2597 v reducedSum_sa/_0926_/Z (XOR2UD0BWP30P140)
   0.0292    0.2889 v reducedSum_sa/_0949_/ZN (XNR2UD0BWP30P140)
   0.0358    0.3247 v reducedSum_sa/_0957_/Z (XOR2UD0BWP30P140)
   0.0702    0.3949 ^ reducedSum_sa/_0977_/ZN (XNR4D0BWP30P140)
   0.0325    0.4274 ^ reducedSum_sa/_0994_/ZN (XNR2UD0BWP30P140)
   0.0277    0.4552 v reducedSum_sa/_1008_/ZN (MAOI222D0BWP30P140)
   0.0329    0.4881 ^ reducedSum_sa/_1009_/ZN (MAOI222D0BWP30P140)
   0.0263    0.5145 v reducedSum_sa/_1010_/ZN (MAOI222D0BWP30P140)
   0.0342    0.5487 ^ reducedSum_sa/_1011_/ZN (MAOI222D0BWP30P140)
   0.0266    0.5752 v reducedSum_sa/_1012_/ZN (MAOI222D0BWP30P140)
   0.0341    0.6094 ^ reducedSum_sa/_1013_/ZN (MAOI222D0BWP30P140)
   0.0266    0.6359 v reducedSum_sa/_1014_/ZN (MAOI222D0BWP30P140)
   0.0342    0.6701 ^ reducedSum_sa/_1015_/ZN (MAOI222D0BWP30P140)
   0.0263    0.6964 v reducedSum_sa/_1016_/ZN (MAOI222D0BWP30P140)
   0.0376    0.7340 ^ reducedSum_sa/_1017_/ZN (MAOI222D0BWP30P140)
   0.0268    0.7608 v reducedSum_sa/_1019_/ZN (AOI21D0BWP30P140)
   0.0390    0.7998 ^ reducedSum_sa/_1036_/ZN (MAOI222D0BWP30P140)
   0.0333    0.8331 v reducedSum_sa/_1049_/ZN (MAOI222D0BWP30P140)
   0.0290    0.8621 v reducedSum_sa/_1055_/ZN (XNR2UD0BWP30P140)
   0.0163    0.8784 ^ reducedSum_reduced_nextLevel_adder/_0589_/ZN (CKND0BWP30P140)
   0.0206    0.8990 v reducedSum_reduced_nextLevel_adder/_0691_/ZN (OAI22D0BWP30P140)
   0.0337    0.9327 ^ reducedSum_reduced_nextLevel_adder/_0694_/ZN (AOI211D0BWP30P140)
   0.0228    0.9554 v reducedSum_reduced_nextLevel_adder/_0698_/ZN (AOI22D0BWP30P140)
   0.0310    0.9864 v reducedSum_reduced_nextLevel_adder/_0699_/Z (OA211D0BWP30P140)
   0.2778    1.2642 ^ reducedSum_reduced_nextLevel_adder/_0701_/ZN (NR2D0BWP30P140)
   0.0356    1.2998 v reducedSum_reduced_nextLevel_adder/_0702_/ZN (MUX2ND0BWP30P140)
   0.0300    1.3297 ^ reducedSum_reduced_nextLevel_adder/_0712_/ZN (ND3D0BWP30P140)
   0.0292    1.3590 v reducedSum_reduced_nextLevel_adder/_0713_/ZN (OAI21D0BWP30P140)
   0.0291    1.3881 ^ reducedSum_reduced_nextLevel_adder/_0754_/ZN (MUX2ND0BWP30P140)
   0.0380    1.4260 v reducedSum_reduced_nextLevel_adder/_0885_/ZN (OAI221D0BWP30P140)
   0.0294    1.4554 ^ reducedSum_reduced_nextLevel_adder/_0889_/ZN (NR3D0BWP30P140)
   0.0250    1.4804 v reducedSum_reduced_nextLevel_adder/_0893_/ZN (MAOI222D0BWP30P140)
   0.0325    1.5130 ^ reducedSum_reduced_nextLevel_adder/_0894_/ZN (MAOI222D0BWP30P140)
   0.0277    1.5406 v reducedSum_reduced_nextLevel_adder/_0898_/ZN (MAOI222D0BWP30P140)
   0.0314    1.5720 ^ reducedSum_reduced_nextLevel_adder/_0902_/ZN (MAOI222D0BWP30P140)
   0.0182    1.5903 v reducedSum_reduced_nextLevel_adder/_0906_/ZN (AOI21D0BWP30P140)
   0.0194    1.6096 ^ reducedSum_reduced_nextLevel_adder/_0908_/ZN (OAI21D0BWP30P140)
   0.0158    1.6255 v reducedSum_reduced_nextLevel_adder/_0912_/ZN (AOI21D0BWP30P140)
   0.0233    1.6488 v reducedSum_reduced_nextLevel_adder/_0914_/ZN (IAO21D0BWP30P140)
   0.0254    1.6742 ^ reducedSum_reduced_nextLevel_adder/_0918_/ZN (MAOI222D0BWP30P140)
   0.0200    1.6942 v reducedSum_reduced_nextLevel_adder/_0922_/ZN (AOI21D0BWP30P140)
   0.0291    1.7233 ^ reducedSum_reduced_nextLevel_adder/_0926_/ZN (MAOI222D0BWP30P140)
   0.0201    1.7434 v reducedSum_reduced_nextLevel_adder/_0930_/ZN (AOI21D0BWP30P140)
   0.0303    1.7737 ^ reducedSum_reduced_nextLevel_adder/_0931_/ZN (MAOI222D0BWP30P140)
   0.0281    1.8018 v reducedSum_reduced_nextLevel_adder/_0935_/ZN (MAOI222D0BWP30P140)
   0.0319    1.8337 ^ reducedSum_reduced_nextLevel_adder/_0939_/ZN (MAOI222D0BWP30P140)
   0.0201    1.8538 v reducedSum_reduced_nextLevel_adder/_0941_/ZN (AOI21D0BWP30P140)
   0.0293    1.8830 ^ reducedSum_reduced_nextLevel_adder/_0943_/ZN (MAOI222D0BWP30P140)
   0.0217    1.9047 v reducedSum_reduced_nextLevel_adder/_0945_/ZN (AOI21D0BWP30P140)
   0.0329    1.9376 v reducedSum_reduced_nextLevel_adder/_0956_/Z (OA211D0BWP30P140)
   0.1160    2.0536 v reducedSum_reduced_nextLevel_adder/_0978_/ZN (IND2D0BWP30P140)
   0.0551    2.1086 v reducedSum_reduced_nextLevel_adder/_1002_/ZN (MUX2ND0BWP30P140)
   0.0436    2.1522 ^ reducedSum_reduced_nextLevel_adder/_1007_/ZN (NR4D0BWP30P140)
   0.0491    2.2013 ^ reducedSum_reduced_nextLevel_adder/_1022_/Z (AN4D0BWP30P140)
   0.0430    2.2443 ^ reducedSum_reduced_nextLevel_adder/_1036_/ZN (INR4D0BWP30P140)
   0.0493    2.2936 ^ reducedSum_reduced_nextLevel_adder/_1051_/Z (AN4D0BWP30P140)
   0.0455    2.3391 ^ reducedSum_reduced_nextLevel_adder/_1064_/Z (AN4D0BWP30P140)
   0.0564    2.3955 ^ reducedSum_reduced_nextLevel_adder/_1142_/ZN (INR4D0BWP30P140)
   0.0367    2.4322 v reducedSum_reduced_nextLevel_adder/_1147_/ZN (IND4D0BWP30P140)
   0.0437    2.4759 ^ reducedSum_reduced_nextLevel_adder/_1151_/ZN (OAI31D0BWP30P140)
   0.0314    2.5073 v reducedSum_reduced_nextLevel_adder/_1154_/ZN (ND3D0BWP30P140)
   0.0252    2.5325 v reducedSum_reduced_nextLevel_adder/_1156_/ZN (INR2D0BWP30P140)
   0.0255    2.5580 ^ reducedSum_reduced_nextLevel_adder_16/_0608_/ZN (XNR2UD0BWP30P140)
   0.0321    2.5901 v reducedSum_reduced_nextLevel_adder_16/_0613_/ZN (OAI211D0BWP30P140)
   0.0203    2.6104 ^ reducedSum_reduced_nextLevel_adder_16/_0616_/ZN (ND3D0BWP30P140)
   0.0452    2.6556 ^ reducedSum_reduced_nextLevel_adder_16/_0619_/ZN (INR2D0BWP30P140)
   0.0161    2.6716 v reducedSum_reduced_nextLevel_adder_16/_0634_/ZN (NR3D0BWP30P140)
   0.0297    2.7014 v reducedSum_reduced_nextLevel_adder_16/_0699_/Z (OA211D0BWP30P140)
   0.2778    2.9792 ^ reducedSum_reduced_nextLevel_adder_16/_0701_/ZN (NR2D0BWP30P140)
   0.0356    3.0148 v reducedSum_reduced_nextLevel_adder_16/_0702_/ZN (MUX2ND0BWP30P140)
   0.0300    3.0447 ^ reducedSum_reduced_nextLevel_adder_16/_0712_/ZN (ND3D0BWP30P140)
   0.0292    3.0739 v reducedSum_reduced_nextLevel_adder_16/_0713_/ZN (OAI21D0BWP30P140)
   0.0291    3.1030 ^ reducedSum_reduced_nextLevel_adder_16/_0754_/ZN (MUX2ND0BWP30P140)
   0.0380    3.1410 v reducedSum_reduced_nextLevel_adder_16/_0885_/ZN (OAI221D0BWP30P140)
   0.0294    3.1704 ^ reducedSum_reduced_nextLevel_adder_16/_0889_/ZN (NR3D0BWP30P140)
   0.0250    3.1954 v reducedSum_reduced_nextLevel_adder_16/_0893_/ZN (MAOI222D0BWP30P140)
   0.0325    3.2279 ^ reducedSum_reduced_nextLevel_adder_16/_0894_/ZN (MAOI222D0BWP30P140)
   0.0277    3.2556 v reducedSum_reduced_nextLevel_adder_16/_0898_/ZN (MAOI222D0BWP30P140)
   0.0314    3.2870 ^ reducedSum_reduced_nextLevel_adder_16/_0902_/ZN (MAOI222D0BWP30P140)
   0.0182    3.3052 v reducedSum_reduced_nextLevel_adder_16/_0906_/ZN (AOI21D0BWP30P140)
   0.0194    3.3246 ^ reducedSum_reduced_nextLevel_adder_16/_0908_/ZN (OAI21D0BWP30P140)
   0.0158    3.3404 v reducedSum_reduced_nextLevel_adder_16/_0912_/ZN (AOI21D0BWP30P140)
   0.0233    3.3637 v reducedSum_reduced_nextLevel_adder_16/_0914_/ZN (IAO21D0BWP30P140)
   0.0254    3.3891 ^ reducedSum_reduced_nextLevel_adder_16/_0918_/ZN (MAOI222D0BWP30P140)
   0.0200    3.4092 v reducedSum_reduced_nextLevel_adder_16/_0922_/ZN (AOI21D0BWP30P140)
   0.0291    3.4383 ^ reducedSum_reduced_nextLevel_adder_16/_0926_/ZN (MAOI222D0BWP30P140)
   0.0201    3.4584 v reducedSum_reduced_nextLevel_adder_16/_0930_/ZN (AOI21D0BWP30P140)
   0.0303    3.4886 ^ reducedSum_reduced_nextLevel_adder_16/_0931_/ZN (MAOI222D0BWP30P140)
   0.0281    3.5167 v reducedSum_reduced_nextLevel_adder_16/_0935_/ZN (MAOI222D0BWP30P140)
   0.0319    3.5487 ^ reducedSum_reduced_nextLevel_adder_16/_0939_/ZN (MAOI222D0BWP30P140)
   0.0201    3.5687 v reducedSum_reduced_nextLevel_adder_16/_0941_/ZN (AOI21D0BWP30P140)
   0.0293    3.5980 ^ reducedSum_reduced_nextLevel_adder_16/_0943_/ZN (MAOI222D0BWP30P140)
   0.0217    3.6197 v reducedSum_reduced_nextLevel_adder_16/_0945_/ZN (AOI21D0BWP30P140)
   0.0329    3.6526 v reducedSum_reduced_nextLevel_adder_16/_0956_/Z (OA211D0BWP30P140)
   0.1160    3.7686 v reducedSum_reduced_nextLevel_adder_16/_0978_/ZN (IND2D0BWP30P140)
   0.0551    3.8236 v reducedSum_reduced_nextLevel_adder_16/_1002_/ZN (MUX2ND0BWP30P140)
   0.0436    3.8672 ^ reducedSum_reduced_nextLevel_adder_16/_1007_/ZN (NR4D0BWP30P140)
   0.0491    3.9162 ^ reducedSum_reduced_nextLevel_adder_16/_1022_/Z (AN4D0BWP30P140)
   0.0430    3.9593 ^ reducedSum_reduced_nextLevel_adder_16/_1036_/ZN (INR4D0BWP30P140)
   0.0493    4.0086 ^ reducedSum_reduced_nextLevel_adder_16/_1051_/Z (AN4D0BWP30P140)
   0.0455    4.0541 ^ reducedSum_reduced_nextLevel_adder_16/_1064_/Z (AN4D0BWP30P140)
   0.0564    4.1105 ^ reducedSum_reduced_nextLevel_adder_16/_1142_/ZN (INR4D0BWP30P140)
   0.0367    4.1472 v reducedSum_reduced_nextLevel_adder_16/_1147_/ZN (IND4D0BWP30P140)
   0.0437    4.1909 ^ reducedSum_reduced_nextLevel_adder_16/_1151_/ZN (OAI31D0BWP30P140)
   0.0314    4.2223 v reducedSum_reduced_nextLevel_adder_16/_1154_/ZN (ND3D0BWP30P140)
   0.0252    4.2475 v reducedSum_reduced_nextLevel_adder_16/_1156_/ZN (INR2D0BWP30P140)
   0.0255    4.2730 ^ reducedSum_reduced_nextLevel_adder_24/_0608_/ZN (XNR2UD0BWP30P140)
   0.0321    4.3051 v reducedSum_reduced_nextLevel_adder_24/_0613_/ZN (OAI211D0BWP30P140)
   0.0203    4.3254 ^ reducedSum_reduced_nextLevel_adder_24/_0616_/ZN (ND3D0BWP30P140)
   0.0452    4.3705 ^ reducedSum_reduced_nextLevel_adder_24/_0619_/ZN (INR2D0BWP30P140)
   0.0161    4.3866 v reducedSum_reduced_nextLevel_adder_24/_0634_/ZN (NR3D0BWP30P140)
   0.0297    4.4163 v reducedSum_reduced_nextLevel_adder_24/_0699_/Z (OA211D0BWP30P140)
   0.2778    4.6941 ^ reducedSum_reduced_nextLevel_adder_24/_0701_/ZN (NR2D0BWP30P140)
   0.0356    4.7297 v reducedSum_reduced_nextLevel_adder_24/_0702_/ZN (MUX2ND0BWP30P140)
   0.0300    4.7597 ^ reducedSum_reduced_nextLevel_adder_24/_0712_/ZN (ND3D0BWP30P140)
   0.0292    4.7889 v reducedSum_reduced_nextLevel_adder_24/_0713_/ZN (OAI21D0BWP30P140)
   0.0291    4.8180 ^ reducedSum_reduced_nextLevel_adder_24/_0754_/ZN (MUX2ND0BWP30P140)
   0.0380    4.8560 v reducedSum_reduced_nextLevel_adder_24/_0885_/ZN (OAI221D0BWP30P140)
   0.0294    4.8854 ^ reducedSum_reduced_nextLevel_adder_24/_0889_/ZN (NR3D0BWP30P140)
   0.0250    4.9104 v reducedSum_reduced_nextLevel_adder_24/_0893_/ZN (MAOI222D0BWP30P140)
   0.0325    4.9429 ^ reducedSum_reduced_nextLevel_adder_24/_0894_/ZN (MAOI222D0BWP30P140)
   0.0277    4.9706 v reducedSum_reduced_nextLevel_adder_24/_0898_/ZN (MAOI222D0BWP30P140)
   0.0314    5.0020 ^ reducedSum_reduced_nextLevel_adder_24/_0902_/ZN (MAOI222D0BWP30P140)
   0.0182    5.0202 v reducedSum_reduced_nextLevel_adder_24/_0906_/ZN (AOI21D0BWP30P140)
   0.0194    5.0396 ^ reducedSum_reduced_nextLevel_adder_24/_0908_/ZN (OAI21D0BWP30P140)
   0.0158    5.0554 v reducedSum_reduced_nextLevel_adder_24/_0912_/ZN (AOI21D0BWP30P140)
   0.0233    5.0787 v reducedSum_reduced_nextLevel_adder_24/_0914_/ZN (IAO21D0BWP30P140)
   0.0254    5.1041 ^ reducedSum_reduced_nextLevel_adder_24/_0918_/ZN (MAOI222D0BWP30P140)
   0.0200    5.1241 v reducedSum_reduced_nextLevel_adder_24/_0922_/ZN (AOI21D0BWP30P140)
   0.0291    5.1532 ^ reducedSum_reduced_nextLevel_adder_24/_0926_/ZN (MAOI222D0BWP30P140)
   0.0201    5.1733 v reducedSum_reduced_nextLevel_adder_24/_0930_/ZN (AOI21D0BWP30P140)
   0.0303    5.2036 ^ reducedSum_reduced_nextLevel_adder_24/_0931_/ZN (MAOI222D0BWP30P140)
   0.0281    5.2317 v reducedSum_reduced_nextLevel_adder_24/_0935_/ZN (MAOI222D0BWP30P140)
   0.0319    5.2636 ^ reducedSum_reduced_nextLevel_adder_24/_0939_/ZN (MAOI222D0BWP30P140)
   0.0201    5.2837 v reducedSum_reduced_nextLevel_adder_24/_0941_/ZN (AOI21D0BWP30P140)
   0.0293    5.3130 ^ reducedSum_reduced_nextLevel_adder_24/_0943_/ZN (MAOI222D0BWP30P140)
   0.0217    5.3347 v reducedSum_reduced_nextLevel_adder_24/_0945_/ZN (AOI21D0BWP30P140)
   0.0329    5.3676 v reducedSum_reduced_nextLevel_adder_24/_0956_/Z (OA211D0BWP30P140)
   0.1160    5.4836 v reducedSum_reduced_nextLevel_adder_24/_0978_/ZN (IND2D0BWP30P140)
   0.0551    5.5386 v reducedSum_reduced_nextLevel_adder_24/_1002_/ZN (MUX2ND0BWP30P140)
   0.0436    5.5822 ^ reducedSum_reduced_nextLevel_adder_24/_1007_/ZN (NR4D0BWP30P140)
   0.0491    5.6312 ^ reducedSum_reduced_nextLevel_adder_24/_1022_/Z (AN4D0BWP30P140)
   0.0430    5.6743 ^ reducedSum_reduced_nextLevel_adder_24/_1036_/ZN (INR4D0BWP30P140)
   0.0493    5.7236 ^ reducedSum_reduced_nextLevel_adder_24/_1051_/Z (AN4D0BWP30P140)
   0.0455    5.7691 ^ reducedSum_reduced_nextLevel_adder_24/_1064_/Z (AN4D0BWP30P140)
   0.0564    5.8254 ^ reducedSum_reduced_nextLevel_adder_24/_1142_/ZN (INR4D0BWP30P140)
   0.0367    5.8622 v reducedSum_reduced_nextLevel_adder_24/_1147_/ZN (IND4D0BWP30P140)
   0.0437    5.9058 ^ reducedSum_reduced_nextLevel_adder_24/_1151_/ZN (OAI31D0BWP30P140)
   0.0314    5.9373 v reducedSum_reduced_nextLevel_adder_24/_1154_/ZN (ND3D0BWP30P140)
   0.0252    5.9625 v reducedSum_reduced_nextLevel_adder_24/_1156_/ZN (INR2D0BWP30P140)
   0.0255    5.9879 ^ reducedSum_reduced_nextLevel_adder_28/_0608_/ZN (XNR2UD0BWP30P140)
   0.0321    6.0200 v reducedSum_reduced_nextLevel_adder_28/_0613_/ZN (OAI211D0BWP30P140)
   0.0203    6.0404 ^ reducedSum_reduced_nextLevel_adder_28/_0616_/ZN (ND3D0BWP30P140)
   0.0452    6.0855 ^ reducedSum_reduced_nextLevel_adder_28/_0619_/ZN (INR2D0BWP30P140)
   0.0161    6.1016 v reducedSum_reduced_nextLevel_adder_28/_0634_/ZN (NR3D0BWP30P140)
   0.0297    6.1313 v reducedSum_reduced_nextLevel_adder_28/_0699_/Z (OA211D0BWP30P140)
   0.2778    6.4091 ^ reducedSum_reduced_nextLevel_adder_28/_0701_/ZN (NR2D0BWP30P140)
   0.0356    6.4447 v reducedSum_reduced_nextLevel_adder_28/_0702_/ZN (MUX2ND0BWP30P140)
   0.0300    6.4747 ^ reducedSum_reduced_nextLevel_adder_28/_0712_/ZN (ND3D0BWP30P140)
   0.0292    6.5039 v reducedSum_reduced_nextLevel_adder_28/_0713_/ZN (OAI21D0BWP30P140)
   0.0291    6.5330 ^ reducedSum_reduced_nextLevel_adder_28/_0754_/ZN (MUX2ND0BWP30P140)
   0.0380    6.5710 v reducedSum_reduced_nextLevel_adder_28/_0885_/ZN (OAI221D0BWP30P140)
   0.0294    6.6004 ^ reducedSum_reduced_nextLevel_adder_28/_0889_/ZN (NR3D0BWP30P140)
   0.0250    6.6253 v reducedSum_reduced_nextLevel_adder_28/_0893_/ZN (MAOI222D0BWP30P140)
   0.0325    6.6579 ^ reducedSum_reduced_nextLevel_adder_28/_0894_/ZN (MAOI222D0BWP30P140)
   0.0277    6.6856 v reducedSum_reduced_nextLevel_adder_28/_0898_/ZN (MAOI222D0BWP30P140)
   0.0314    6.7170 ^ reducedSum_reduced_nextLevel_adder_28/_0902_/ZN (MAOI222D0BWP30P140)
   0.0182    6.7352 v reducedSum_reduced_nextLevel_adder_28/_0906_/ZN (AOI21D0BWP30P140)
   0.0194    6.7546 ^ reducedSum_reduced_nextLevel_adder_28/_0908_/ZN (OAI21D0BWP30P140)
   0.0158    6.7704 v reducedSum_reduced_nextLevel_adder_28/_0912_/ZN (AOI21D0BWP30P140)
   0.0233    6.7937 v reducedSum_reduced_nextLevel_adder_28/_0914_/ZN (IAO21D0BWP30P140)
   0.0254    6.8191 ^ reducedSum_reduced_nextLevel_adder_28/_0918_/ZN (MAOI222D0BWP30P140)
   0.0200    6.8391 v reducedSum_reduced_nextLevel_adder_28/_0922_/ZN (AOI21D0BWP30P140)
   0.0291    6.8682 ^ reducedSum_reduced_nextLevel_adder_28/_0926_/ZN (MAOI222D0BWP30P140)
   0.0201    6.8883 v reducedSum_reduced_nextLevel_adder_28/_0930_/ZN (AOI21D0BWP30P140)
   0.0303    6.9186 ^ reducedSum_reduced_nextLevel_adder_28/_0931_/ZN (MAOI222D0BWP30P140)
   0.0281    6.9467 v reducedSum_reduced_nextLevel_adder_28/_0935_/ZN (MAOI222D0BWP30P140)
   0.0319    6.9786 ^ reducedSum_reduced_nextLevel_adder_28/_0939_/ZN (MAOI222D0BWP30P140)
   0.0201    6.9987 v reducedSum_reduced_nextLevel_adder_28/_0941_/ZN (AOI21D0BWP30P140)
   0.0293    7.0279 ^ reducedSum_reduced_nextLevel_adder_28/_0943_/ZN (MAOI222D0BWP30P140)
   0.0217    7.0497 v reducedSum_reduced_nextLevel_adder_28/_0945_/ZN (AOI21D0BWP30P140)
   0.0329    7.0826 v reducedSum_reduced_nextLevel_adder_28/_0956_/Z (OA211D0BWP30P140)
   0.1160    7.1985 v reducedSum_reduced_nextLevel_adder_28/_0978_/ZN (IND2D0BWP30P140)
   0.0551    7.2536 v reducedSum_reduced_nextLevel_adder_28/_1002_/ZN (MUX2ND0BWP30P140)
   0.0436    7.2971 ^ reducedSum_reduced_nextLevel_adder_28/_1007_/ZN (NR4D0BWP30P140)
   0.0491    7.3462 ^ reducedSum_reduced_nextLevel_adder_28/_1022_/Z (AN4D0BWP30P140)
   0.0430    7.3892 ^ reducedSum_reduced_nextLevel_adder_28/_1036_/ZN (INR4D0BWP30P140)
   0.0493    7.4386 ^ reducedSum_reduced_nextLevel_adder_28/_1051_/Z (AN4D0BWP30P140)
   0.0455    7.4840 ^ reducedSum_reduced_nextLevel_adder_28/_1064_/Z (AN4D0BWP30P140)
   0.0564    7.5404 ^ reducedSum_reduced_nextLevel_adder_28/_1142_/ZN (INR4D0BWP30P140)
   0.0367    7.5771 v reducedSum_reduced_nextLevel_adder_28/_1147_/ZN (IND4D0BWP30P140)
   0.0437    7.6208 ^ reducedSum_reduced_nextLevel_adder_28/_1151_/ZN (OAI31D0BWP30P140)
   0.0314    7.6522 v reducedSum_reduced_nextLevel_adder_28/_1154_/ZN (ND3D0BWP30P140)
   0.0252    7.6774 v reducedSum_reduced_nextLevel_adder_28/_1156_/ZN (INR2D0BWP30P140)
   0.0255    7.7029 ^ reducedSum_reduced_nextLevel_adder_30/_0608_/ZN (XNR2UD0BWP30P140)
   0.0321    7.7350 v reducedSum_reduced_nextLevel_adder_30/_0613_/ZN (OAI211D0BWP30P140)
   0.0203    7.7553 ^ reducedSum_reduced_nextLevel_adder_30/_0616_/ZN (ND3D0BWP30P140)
   0.0452    7.8005 ^ reducedSum_reduced_nextLevel_adder_30/_0619_/ZN (INR2D0BWP30P140)
   0.0161    7.8166 v reducedSum_reduced_nextLevel_adder_30/_0634_/ZN (NR3D0BWP30P140)
   0.0297    7.8463 v reducedSum_reduced_nextLevel_adder_30/_0699_/Z (OA211D0BWP30P140)
   0.2778    8.1241 ^ reducedSum_reduced_nextLevel_adder_30/_0701_/ZN (NR2D0BWP30P140)
   0.0356    8.1597 v reducedSum_reduced_nextLevel_adder_30/_0702_/ZN (MUX2ND0BWP30P140)
   0.0300    8.1897 ^ reducedSum_reduced_nextLevel_adder_30/_0712_/ZN (ND3D0BWP30P140)
   0.0292    8.2189 v reducedSum_reduced_nextLevel_adder_30/_0713_/ZN (OAI21D0BWP30P140)
   0.0291    8.2480 ^ reducedSum_reduced_nextLevel_adder_30/_0754_/ZN (MUX2ND0BWP30P140)
   0.0380    8.2860 v reducedSum_reduced_nextLevel_adder_30/_0885_/ZN (OAI221D0BWP30P140)
   0.0294    8.3153 ^ reducedSum_reduced_nextLevel_adder_30/_0889_/ZN (NR3D0BWP30P140)
   0.0250    8.3403 v reducedSum_reduced_nextLevel_adder_30/_0893_/ZN (MAOI222D0BWP30P140)
   0.0325    8.3729 ^ reducedSum_reduced_nextLevel_adder_30/_0894_/ZN (MAOI222D0BWP30P140)
   0.0277    8.4005 v reducedSum_reduced_nextLevel_adder_30/_0898_/ZN (MAOI222D0BWP30P140)
   0.0314    8.4319 ^ reducedSum_reduced_nextLevel_adder_30/_0902_/ZN (MAOI222D0BWP30P140)
   0.0182    8.4502 v reducedSum_reduced_nextLevel_adder_30/_0906_/ZN (AOI21D0BWP30P140)
   0.0194    8.4695 ^ reducedSum_reduced_nextLevel_adder_30/_0908_/ZN (OAI21D0BWP30P140)
   0.0158    8.4854 v reducedSum_reduced_nextLevel_adder_30/_0912_/ZN (AOI21D0BWP30P140)
   0.0233    8.5087 v reducedSum_reduced_nextLevel_adder_30/_0914_/ZN (IAO21D0BWP30P140)
   0.0254    8.5341 ^ reducedSum_reduced_nextLevel_adder_30/_0918_/ZN (MAOI222D0BWP30P140)
   0.0200    8.5541 v reducedSum_reduced_nextLevel_adder_30/_0922_/ZN (AOI21D0BWP30P140)
   0.0291    8.5832 ^ reducedSum_reduced_nextLevel_adder_30/_0926_/ZN (MAOI222D0BWP30P140)
   0.0201    8.6033 v reducedSum_reduced_nextLevel_adder_30/_0930_/ZN (AOI21D0BWP30P140)
   0.0303    8.6336 ^ reducedSum_reduced_nextLevel_adder_30/_0931_/ZN (MAOI222D0BWP30P140)
   0.0281    8.6617 v reducedSum_reduced_nextLevel_adder_30/_0935_/ZN (MAOI222D0BWP30P140)
   0.0319    8.6936 ^ reducedSum_reduced_nextLevel_adder_30/_0939_/ZN (MAOI222D0BWP30P140)
   0.0201    8.7137 v reducedSum_reduced_nextLevel_adder_30/_0941_/ZN (AOI21D0BWP30P140)
   0.0293    8.7429 ^ reducedSum_reduced_nextLevel_adder_30/_0943_/ZN (MAOI222D0BWP30P140)
   0.0217    8.7646 v reducedSum_reduced_nextLevel_adder_30/_0945_/ZN (AOI21D0BWP30P140)
   0.0329    8.7975 v reducedSum_reduced_nextLevel_adder_30/_0956_/Z (OA211D0BWP30P140)
   0.1160    8.9135 v reducedSum_reduced_nextLevel_adder_30/_0978_/ZN (IND2D0BWP30P140)
   0.0551    8.9686 v reducedSum_reduced_nextLevel_adder_30/_1002_/ZN (MUX2ND0BWP30P140)
   0.0436    9.0121 ^ reducedSum_reduced_nextLevel_adder_30/_1007_/ZN (NR4D0BWP30P140)
   0.0491    9.0612 ^ reducedSum_reduced_nextLevel_adder_30/_1022_/Z (AN4D0BWP30P140)
   0.0430    9.1042 ^ reducedSum_reduced_nextLevel_adder_30/_1036_/ZN (INR4D0BWP30P140)
   0.0493    9.1535 ^ reducedSum_reduced_nextLevel_adder_30/_1051_/Z (AN4D0BWP30P140)
   0.0455    9.1990 ^ reducedSum_reduced_nextLevel_adder_30/_1064_/Z (AN4D0BWP30P140)
   0.0274    9.2264 ^ reducedSum_reduced_nextLevel_adder_30/_1069_/ZN (INR2D0BWP30P140)
   0.0207    9.2471 v reducedSum_reduced_nextLevel_adder_30/_1075_/ZN (XNR2UD0BWP30P140)
   0.1015    9.3486 ^ reducedSum_conv/_152_/ZN (NR3D0BWP30P140)
   0.0337    9.3823 v reducedSum_conv/_166_/ZN (XNR2UD0BWP30P140)
   0.0284    9.4107 ^ reducedSum_conv/_167_/ZN (OAI21D0BWP30P140)
   0.0297    9.4404 ^ reducedSum_conv/_177_/Z (AO21D0BWP30P140)
   0.0257    9.4661 v reducedSum_conv/_196_/ZN (AOI31D0BWP30P140)
   0.0357    9.5018 ^ reducedSum_conv/_200_/ZN (AOI211D0BWP30P140)
   0.0257    9.5275 ^ reducedSum_conv/_204_/Z (AO21D0BWP30P140)
   0.1081    9.6356 v reducedSum_conv/_208_/ZN (ND3D0BWP30P140)
   0.0724    9.7080 ^ reducedSum_conv/_221_/ZN (AOI21D0BWP30P140)
   0.0280    9.7360 v accAdder/_0897_/ZN (XNR2UD0BWP30P140)
   0.0324    9.7684 ^ accAdder/_0899_/ZN (AOI21D0BWP30P140)
   0.0302    9.7986 v accAdder/_0901_/ZN (MAOI222D0BWP30P140)
   0.0385    9.8371 ^ accAdder/_0902_/ZN (MAOI222D0BWP30P140)
   0.0303    9.8674 v accAdder/_0903_/ZN (MAOI222D0BWP30P140)
   0.0385    9.9059 ^ accAdder/_0966_/ZN (MAOI222D0BWP30P140)
   0.0303    9.9363 v accAdder/_0968_/ZN (MAOI222D0BWP30P140)
   0.0271    9.9634 v accAdder/_0970_/ZN (XNR2UD0BWP30P140)
   0.0213    9.9847 ^ accAdder/_0971_/ZN (NR2D0BWP30P140)
   0.0257   10.0104 ^ accAdder/_0972_/Z (AN2D0BWP30P140)
   0.4170   10.4274 v accAdder/_0975_/ZN (AOI31D0BWP30P140)
   0.4192   10.8466 ^ accAdder/_0991_/ZN (AOI22D0BWP30P140)
   0.0318   10.8785 v accAdder/_1063_/ZN (CKND2D0BWP30P140)
   0.0370   10.9154 ^ accAdder/_1188_/ZN (OAI32D0BWP30P140)
   0.0151   10.9305 v accAdder/_1189_/ZN (AOI21D0BWP30P140)
   0.0396   10.9701 ^ accAdder/_1191_/ZN (OAI221D0BWP30P140)
   0.0211   10.9912 v accAdder/_1196_/ZN (OAI31D0BWP30P140)
   0.0222   11.0135 ^ accAdder/_1198_/ZN (AOI21D0BWP30P140)
   0.0256   11.0391 v accAdder/_1200_/ZN (MAOI222D0BWP30P140)
   0.0396   11.0787 ^ accAdder/_1202_/ZN (MAOI222D0BWP30P140)
   0.0257   11.1044 v accAdder/_1204_/ZN (MAOI222D0BWP30P140)
   0.0277   11.1321 ^ accAdder/_1206_/ZN (AOI21D0BWP30P140)
   0.0253   11.1574 ^ accAdder/_1209_/ZN (IAO21D0BWP30P140)
   0.0247   11.1820 v accAdder/_1211_/ZN (MAOI222D0BWP30P140)
   0.0395   11.2216 ^ accAdder/_1213_/ZN (MAOI222D0BWP30P140)
   0.0265   11.2481 v accAdder/_1221_/ZN (MAOI222D0BWP30P140)
   0.0354   11.2834 v accAdder/_1232_/Z (AO21D0BWP30P140)
   0.0261   11.3095 ^ accAdder/_1242_/ZN (MAOI222D0BWP30P140)
   0.0265   11.3360 v accAdder/_1255_/ZN (MAOI222D0BWP30P140)
   0.0315   11.3675 v accAdder/_1259_/Z (AO21D0BWP30P140)
   0.0182   11.3857 ^ accAdder/_1276_/ZN (AOI21D0BWP30P140)
   0.0258   11.4115 v accAdder/_1280_/ZN (MAOI222D0BWP30P140)
   0.0391   11.4507 ^ accAdder/_1296_/ZN (MAOI222D0BWP30P140)
   0.0262   11.4768 v accAdder/_1300_/ZN (MAOI222D0BWP30P140)
   0.0304   11.5072 ^ accAdder/_1318_/ZN (AOI21D0BWP30P140)
   0.0249   11.5321 v accAdder/_1322_/ZN (MAOI222D0BWP30P140)
   0.0364   11.5686 v accAdder/_1345_/Z (AO21D0BWP30P140)
   0.0156   11.5842 ^ accAdder/_1353_/ZN (MUX2ND0BWP30P140)
   0.0348   11.6190 ^ accAdder/_1354_/ZN (XNR2UD0BWP30P140)
   0.0288   11.6478 ^ accAdder/_1453_/ZN (MAOI22D0BWP30P140)
   0.1281   11.7759 v accAdder/_1456_/ZN (OAI211D0BWP30P140)
   0.0886   11.8645 ^ accAdder/_1531_/Z (MUX4D0BWP30P140)
   0.0194   11.8839 v accAdder/_1534_/ZN (MUX3ND0BWP30P140)
   0.0405   11.9245 ^ accAdder/_1568_/ZN (NR2D0BWP30P140)
   0.0507   11.9751 ^ accAdder/_1577_/ZN (INR4D0BWP30P140)
   0.0510   12.0262 ^ accAdder/_1582_/Z (AN4D0BWP30P140)
   0.0395   12.0656 ^ accAdder/_1590_/Z (AN4D0BWP30P140)
   0.0406   12.1062 ^ accAdder/_1601_/Z (AN4D0BWP30P140)
   0.0349   12.1411 ^ accAdder/_1603_/Z (AN3D0BWP30P140)
   0.0271   12.1682 v accAdder/_1605_/ZN (IND3D0BWP30P140)
   0.0379   12.2062 v accAdder/_1606_/Z (OR3D0BWP30P140)
   0.0368   12.2430 ^ accAdder/_1608_/ZN (INR3D0BWP30P140)
   0.0364   12.2794 v accAdder/_1611_/ZN (MAOI222D0BWP30P140)
   0.0357   12.3151 ^ accAdder/_1616_/ZN (NR4D0BWP30P140)
   0.0219   12.3370 v accAdder/_1619_/ZN (OAI31D0BWP30P140)
   0.0327   12.3697 v accAdder/_1621_/Z (AO21D0BWP30P140)
   0.0312   12.4009 ^ accAdder/_1623_/ZN (AOI21D0BWP30P140)
   0.0237   12.4246 v accAdder/_1626_/ZN (OAI21D0BWP30P140)
   0.0215   12.4460 v accAdder/_1658_/Z (AN3D0BWP30P140)
   0.0613   12.5073 v accAdder/_1659_/Z (OR3D0BWP30P140)
   0.0420   12.5493 ^ accAdder/_1703_/ZN (AOI211D0BWP30P140)
   0.0261   12.5754 ^ _060_/Z (AO22D0BWP30P140)
   0.0000   12.5754 ^ _070_/D (DFCNQD1BWP30P140)
            12.5754   data arrival time

  20.0000   20.0000   clock CORE_CLK (rise edge)
   0.0000   20.0000   clock network delay (ideal)
  -0.0500   19.9500   clock uncertainty
   0.0000   19.9500   clock reconvergence pessimism
            19.9500 ^ _070_/CP (DFCNQD1BWP30P140)
  -0.0174   19.9326   library setup time
            19.9326   data required time
-------------------------------------------------------------
            19.9326   data required time
           -12.5754   data arrival time
-------------------------------------------------------------
             7.3573   slack (MET)


