Startpoint: reset (input port clocked by CORE_CLK)
Endpoint: _068_ (recovery check against rising-edge clock CORE_CLK)
Path Group: asynchronous
Path Type: max

    Delay      Time   Description
-------------------------------------------------------------
   0.0000    0.0000   clock CORE_CLK (rise edge)
   0.0000    0.0000   clock network delay (ideal)
   0.0000    0.0000 ^ input external delay
   0.0000    0.0000 ^ reset (in)
   0.0000    0.0000 ^ _068_/CDN (DFCNQD1BWP30P140)
             0.0000   data arrival time

  20.0000   20.0000   clock CORE_CLK (rise edge)
   0.0000   20.0000   clock network delay (ideal)
  -0.0500   19.9500   clock uncertainty
   0.0000   19.9500   clock reconvergence pessimism
            19.9500 ^ _068_/CP (DFCNQD1BWP30P140)
   0.0258   19.9758   library recovery time
            19.9758   data required time
-------------------------------------------------------------
            19.9758   data required time
            -0.0000   data arrival time
-------------------------------------------------------------
            19.9758   slack (MET)


Startpoint: io_share_exp_A_i[4] (input port clocked by CORE_CLK)
Endpoint: _070_ (rising edge-triggered flip-flop clocked by CORE_CLK)
Path Group: CORE_CLK
Path Type: max

    Delay      Time   Description
-------------------------------------------------------------
   0.0000    0.0000   clock CORE_CLK (rise edge)
   0.0000    0.0000   clock network delay (ideal)
   0.0000    0.0000 v input external delay
   0.0000    0.0000 v io_share_exp_A_i[4] (in)
   0.0356    0.0356 v reducedSum_sa_1/_243_/Z (OR4D0BWP30P140)
   0.0247    0.0603 ^ reducedSum_sa_1/_245_/ZN (OAI21D0BWP30P140)
   0.0434    0.1037 v reducedSum_sa_1/_251_/Z (XOR3UD0BWP30P140)
   0.0285    0.1323 ^ reducedSum_sa_1/_252_/ZN (NR2D0BWP30P140)
   0.0268    0.1591 v reducedSum_sa_1/_282_/ZN (MAOI222D0BWP30P140)
   0.0508    0.2100 v reducedSum_sa_1/_283_/Z (XOR2UD0BWP30P140)
   0.0291    0.2391 ^ reducedSum_sa_1/_284_/ZN (CKND2D0BWP30P140)
   0.0575    0.2966 v reducedSum_sa_1/_305_/ZN (XNR3UD0BWP30P140)
   0.0574    0.3540 ^ reducedSum_sa_1/_307_/ZN (XNR4D0BWP30P140)
   0.0250    0.3789 v reducedSum_sa_1/_308_/ZN (XNR2UD0BWP30P140)
   0.0351    0.4140 ^ reducedSum_sa_1/_311_/ZN (MAOI222D0BWP30P140)
   0.0282    0.4422 v reducedSum_sa_1/_458_/ZN (MAOI222D0BWP30P140)
   0.0375    0.4798 ^ reducedSum_sa_1/_459_/ZN (MAOI222D0BWP30P140)
   0.0252    0.5050 v reducedSum_sa_1/_461_/ZN (OAI21D0BWP30P140)
   0.0359    0.5409 ^ reducedSum_sa_1/_463_/ZN (MAOI222D0BWP30P140)
   0.0210    0.5619 v reducedSum_sa_1/_466_/ZN (OAI21D0BWP30P140)
   0.0349    0.5968 ^ reducedSum_sa_1/_467_/ZN (MAOI222D0BWP30P140)
   0.0436    0.6404 v reducedSum_sa_1/_481_/ZN (OAI211D0BWP30P140)
   0.0300    0.6704 ^ reducedSum_reduced_nextLevel_adder/_566_/ZN (OAI22D0BWP30P140)
   0.0127    0.6831 v reducedSum_reduced_nextLevel_adder/_570_/ZN (NR3D0BWP30P140)
   0.3099    0.9930 ^ reducedSum_reduced_nextLevel_adder/_572_/ZN (OAI31D0BWP30P140)
   0.0427    1.0357 v reducedSum_reduced_nextLevel_adder/_615_/ZN (MUX2ND0BWP30P140)
   0.0617    1.0974 ^ reducedSum_reduced_nextLevel_adder/_627_/ZN (MUX4ND0BWP30P140)
   0.0280    1.1254 v reducedSum_reduced_nextLevel_adder/_628_/ZN (MUX2ND0BWP30P140)
   0.0363    1.1618 v reducedSum_reduced_nextLevel_adder/_689_/Z (OA22D0BWP30P140)
   0.0214    1.1832 ^ reducedSum_reduced_nextLevel_adder/_702_/ZN (XNR2UD0BWP30P140)
   0.0193    1.2025 v reducedSum_reduced_nextLevel_adder/_703_/ZN (AOI21D0BWP30P140)
   0.0294    1.2319 ^ reducedSum_reduced_nextLevel_adder/_704_/ZN (MAOI222D0BWP30P140)
   0.0243    1.2562 ^ reducedSum_reduced_nextLevel_adder/_709_/Z (AO21D0BWP30P140)
   0.0147    1.2709 v reducedSum_reduced_nextLevel_adder/_713_/ZN (AOI21D0BWP30P140)
   0.0292    1.3001 ^ reducedSum_reduced_nextLevel_adder/_718_/ZN (MAOI222D0BWP30P140)
   0.0260    1.3260 ^ reducedSum_reduced_nextLevel_adder/_725_/Z (AO21D0BWP30P140)
   0.0233    1.3493 ^ reducedSum_reduced_nextLevel_adder/_730_/Z (AO21D0BWP30P140)
   0.0253    1.3746 ^ reducedSum_reduced_nextLevel_adder/_741_/Z (AO211D0BWP30P140)
   0.0208    1.3954 v reducedSum_reduced_nextLevel_adder/_746_/ZN (AOI31D0BWP30P140)
   0.0325    1.4278 ^ reducedSum_reduced_nextLevel_adder/_757_/ZN (OAI31D0BWP30P140)
   0.0191    1.4469 v reducedSum_reduced_nextLevel_adder/_759_/ZN (AOI211D0BWP30P140)
   0.0964    1.5433 ^ reducedSum_reduced_nextLevel_adder/_781_/ZN (NR2D0BWP30P140)
   0.0346    1.5778 ^ reducedSum_reduced_nextLevel_adder/_802_/ZN (MUX2ND0BWP30P140)
   0.0478    1.6256 v reducedSum_reduced_nextLevel_adder/_812_/ZN (ND4D0BWP30P140)
   0.0436    1.6692 ^ reducedSum_reduced_nextLevel_adder/_831_/ZN (NR4D0BWP30P140)
   0.0434    1.7126 v reducedSum_reduced_nextLevel_adder/_845_/ZN (ND4D0BWP30P140)
   0.0364    1.7490 ^ reducedSum_reduced_nextLevel_adder/_908_/ZN (NR4D0BWP30P140)
   0.0389    1.7879 v reducedSum_reduced_nextLevel_adder/_912_/ZN (IND4D0BWP30P140)
   0.0350    1.8229 v reducedSum_reduced_nextLevel_adder/_924_/Z (AO21D0BWP30P140)
   0.0184    1.8413 v reducedSum_reduced_nextLevel_adder/_927_/Z (AN2D0BWP30P140)
   0.0165    1.8578 v reducedSum_reduced_nextLevel_adder_16/_483_/ZN (INR2D0BWP30P140)
   0.0291    1.8869 ^ reducedSum_reduced_nextLevel_adder_16/_495_/ZN (AOI211D0BWP30P140)
   0.0224    1.9093 v reducedSum_reduced_nextLevel_adder_16/_497_/ZN (OAI31D0BWP30P140)
   0.0310    1.9403 ^ reducedSum_reduced_nextLevel_adder_16/_499_/ZN (AOI21D0BWP30P140)
   0.0280    1.9683 v reducedSum_reduced_nextLevel_adder_16/_502_/ZN (OAI21D0BWP30P140)
   0.0198    1.9882 ^ reducedSum_reduced_nextLevel_adder_16/_520_/ZN (XNR2UD0BWP30P140)
   0.0245    2.0126 v reducedSum_reduced_nextLevel_adder_16/_527_/ZN (IND3D0BWP30P140)
   0.3177    2.3304 ^ reducedSum_reduced_nextLevel_adder_16/_572_/ZN (OAI31D0BWP30P140)
   0.0427    2.3730 v reducedSum_reduced_nextLevel_adder_16/_615_/ZN (MUX2ND0BWP30P140)
   0.0617    2.4347 ^ reducedSum_reduced_nextLevel_adder_16/_627_/ZN (MUX4ND0BWP30P140)
   0.0280    2.4628 v reducedSum_reduced_nextLevel_adder_16/_628_/ZN (MUX2ND0BWP30P140)
   0.0363    2.4991 v reducedSum_reduced_nextLevel_adder_16/_689_/Z (OA22D0BWP30P140)
   0.0214    2.5205 ^ reducedSum_reduced_nextLevel_adder_16/_702_/ZN (XNR2UD0BWP30P140)
   0.0193    2.5398 v reducedSum_reduced_nextLevel_adder_16/_703_/ZN (AOI21D0BWP30P140)
   0.0294    2.5692 ^ reducedSum_reduced_nextLevel_adder_16/_704_/ZN (MAOI222D0BWP30P140)
   0.0243    2.5935 ^ reducedSum_reduced_nextLevel_adder_16/_709_/Z (AO21D0BWP30P140)
   0.0147    2.6082 v reducedSum_reduced_nextLevel_adder_16/_713_/ZN (AOI21D0BWP30P140)
   0.0292    2.6374 ^ reducedSum_reduced_nextLevel_adder_16/_718_/ZN (MAOI222D0BWP30P140)
   0.0260    2.6634 ^ reducedSum_reduced_nextLevel_adder_16/_725_/Z (AO21D0BWP30P140)
   0.0233    2.6867 ^ reducedSum_reduced_nextLevel_adder_16/_730_/Z (AO21D0BWP30P140)
   0.0253    2.7120 ^ reducedSum_reduced_nextLevel_adder_16/_741_/Z (AO211D0BWP30P140)
   0.0208    2.7327 v reducedSum_reduced_nextLevel_adder_16/_746_/ZN (AOI31D0BWP30P140)
   0.0325    2.7652 ^ reducedSum_reduced_nextLevel_adder_16/_757_/ZN (OAI31D0BWP30P140)
   0.0191    2.7842 v reducedSum_reduced_nextLevel_adder_16/_759_/ZN (AOI211D0BWP30P140)
   0.0964    2.8806 ^ reducedSum_reduced_nextLevel_adder_16/_781_/ZN (NR2D0BWP30P140)
   0.0346    2.9152 ^ reducedSum_reduced_nextLevel_adder_16/_802_/ZN (MUX2ND0BWP30P140)
   0.0478    2.9629 v reducedSum_reduced_nextLevel_adder_16/_812_/ZN (ND4D0BWP30P140)
   0.0436    3.0065 ^ reducedSum_reduced_nextLevel_adder_16/_831_/ZN (NR4D0BWP30P140)
   0.0434    3.0499 v reducedSum_reduced_nextLevel_adder_16/_845_/ZN (ND4D0BWP30P140)
   0.0364    3.0864 ^ reducedSum_reduced_nextLevel_adder_16/_908_/ZN (NR4D0BWP30P140)
   0.0389    3.1253 v reducedSum_reduced_nextLevel_adder_16/_912_/ZN (IND4D0BWP30P140)
   0.0350    3.1603 v reducedSum_reduced_nextLevel_adder_16/_924_/Z (AO21D0BWP30P140)
   0.0184    3.1786 v reducedSum_reduced_nextLevel_adder_16/_927_/Z (AN2D0BWP30P140)
   0.0165    3.1952 v reducedSum_reduced_nextLevel_adder_24/_483_/ZN (INR2D0BWP30P140)
   0.0291    3.2242 ^ reducedSum_reduced_nextLevel_adder_24/_495_/ZN (AOI211D0BWP30P140)
   0.0224    3.2467 v reducedSum_reduced_nextLevel_adder_24/_497_/ZN (OAI31D0BWP30P140)
   0.0310    3.2777 ^ reducedSum_reduced_nextLevel_adder_24/_499_/ZN (AOI21D0BWP30P140)
   0.0280    3.3057 v reducedSum_reduced_nextLevel_adder_24/_502_/ZN (OAI21D0BWP30P140)
   0.0198    3.3255 ^ reducedSum_reduced_nextLevel_adder_24/_520_/ZN (XNR2UD0BWP30P140)
   0.0245    3.3500 v reducedSum_reduced_nextLevel_adder_24/_527_/ZN (IND3D0BWP30P140)
   0.3177    3.6677 ^ reducedSum_reduced_nextLevel_adder_24/_572_/ZN (OAI31D0BWP30P140)
   0.0427    3.7104 v reducedSum_reduced_nextLevel_adder_24/_615_/ZN (MUX2ND0BWP30P140)
   0.0617    3.7721 ^ reducedSum_reduced_nextLevel_adder_24/_627_/ZN (MUX4ND0BWP30P140)
   0.0280    3.8001 v reducedSum_reduced_nextLevel_adder_24/_628_/ZN (MUX2ND0BWP30P140)
   0.0363    3.8365 v reducedSum_reduced_nextLevel_adder_24/_689_/Z (OA22D0BWP30P140)
   0.0214    3.8578 ^ reducedSum_reduced_nextLevel_adder_24/_702_/ZN (XNR2UD0BWP30P140)
   0.0193    3.8771 v reducedSum_reduced_nextLevel_adder_24/_703_/ZN (AOI21D0BWP30P140)
   0.0294    3.9065 ^ reducedSum_reduced_nextLevel_adder_24/_704_/ZN (MAOI222D0BWP30P140)
   0.0243    3.9308 ^ reducedSum_reduced_nextLevel_adder_24/_709_/Z (AO21D0BWP30P140)
   0.0147    3.9455 v reducedSum_reduced_nextLevel_adder_24/_713_/ZN (AOI21D0BWP30P140)
   0.0292    3.9747 ^ reducedSum_reduced_nextLevel_adder_24/_718_/ZN (MAOI222D0BWP30P140)
   0.0260    4.0007 ^ reducedSum_reduced_nextLevel_adder_24/_725_/Z (AO21D0BWP30P140)
   0.0233    4.0240 ^ reducedSum_reduced_nextLevel_adder_24/_730_/Z (AO21D0BWP30P140)
   0.0253    4.0493 ^ reducedSum_reduced_nextLevel_adder_24/_741_/Z (AO211D0BWP30P140)
   0.0208    4.0700 v reducedSum_reduced_nextLevel_adder_24/_746_/ZN (AOI31D0BWP30P140)
   0.0325    4.1025 ^ reducedSum_reduced_nextLevel_adder_24/_757_/ZN (OAI31D0BWP30P140)
   0.0191    4.1216 v reducedSum_reduced_nextLevel_adder_24/_759_/ZN (AOI211D0BWP30P140)
   0.0964    4.2179 ^ reducedSum_reduced_nextLevel_adder_24/_781_/ZN (NR2D0BWP30P140)
   0.0346    4.2525 ^ reducedSum_reduced_nextLevel_adder_24/_802_/ZN (MUX2ND0BWP30P140)
   0.0478    4.3003 v reducedSum_reduced_nextLevel_adder_24/_812_/ZN (ND4D0BWP30P140)
   0.0436    4.3439 ^ reducedSum_reduced_nextLevel_adder_24/_831_/ZN (NR4D0BWP30P140)
   0.0434    4.3873 v reducedSum_reduced_nextLevel_adder_24/_845_/ZN (ND4D0BWP30P140)
   0.0364    4.4237 ^ reducedSum_reduced_nextLevel_adder_24/_908_/ZN (NR4D0BWP30P140)
   0.0389    4.4626 v reducedSum_reduced_nextLevel_adder_24/_912_/ZN (IND4D0BWP30P140)
   0.0350    4.4976 v reducedSum_reduced_nextLevel_adder_24/_924_/Z (AO21D0BWP30P140)
   0.0184    4.5160 v reducedSum_reduced_nextLevel_adder_24/_927_/Z (AN2D0BWP30P140)
   0.0165    4.5325 v reducedSum_reduced_nextLevel_adder_28/_483_/ZN (INR2D0BWP30P140)
   0.0291    4.5616 ^ reducedSum_reduced_nextLevel_adder_28/_495_/ZN (AOI211D0BWP30P140)
   0.0224    4.5840 v reducedSum_reduced_nextLevel_adder_28/_497_/ZN (OAI31D0BWP30P140)
   0.0310    4.6150 ^ reducedSum_reduced_nextLevel_adder_28/_499_/ZN (AOI21D0BWP30P140)
   0.0280    4.6430 v reducedSum_reduced_nextLevel_adder_28/_502_/ZN (OAI21D0BWP30P140)
   0.0198    4.6628 ^ reducedSum_reduced_nextLevel_adder_28/_520_/ZN (XNR2UD0BWP30P140)
   0.0245    4.6873 v reducedSum_reduced_nextLevel_adder_28/_527_/ZN (IND3D0BWP30P140)
   0.3177    5.0050 ^ reducedSum_reduced_nextLevel_adder_28/_572_/ZN (OAI31D0BWP30P140)
   0.0427    5.0477 v reducedSum_reduced_nextLevel_adder_28/_615_/ZN (MUX2ND0BWP30P140)
   0.0617    5.1094 ^ reducedSum_reduced_nextLevel_adder_28/_627_/ZN (MUX4ND0BWP30P140)
   0.0280    5.1375 v reducedSum_reduced_nextLevel_adder_28/_628_/ZN (MUX2ND0BWP30P140)
   0.0363    5.1738 v reducedSum_reduced_nextLevel_adder_28/_689_/Z (OA22D0BWP30P140)
   0.0214    5.1952 ^ reducedSum_reduced_nextLevel_adder_28/_702_/ZN (XNR2UD0BWP30P140)
   0.0193    5.2145 v reducedSum_reduced_nextLevel_adder_28/_703_/ZN (AOI21D0BWP30P140)
   0.0294    5.2439 ^ reducedSum_reduced_nextLevel_adder_28/_704_/ZN (MAOI222D0BWP30P140)
   0.0243    5.2682 ^ reducedSum_reduced_nextLevel_adder_28/_709_/Z (AO21D0BWP30P140)
   0.0147    5.2829 v reducedSum_reduced_nextLevel_adder_28/_713_/ZN (AOI21D0BWP30P140)
   0.0292    5.3121 ^ reducedSum_reduced_nextLevel_adder_28/_718_/ZN (MAOI222D0BWP30P140)
   0.0260    5.3381 ^ reducedSum_reduced_nextLevel_adder_28/_725_/Z (AO21D0BWP30P140)
   0.0233    5.3613 ^ reducedSum_reduced_nextLevel_adder_28/_730_/Z (AO21D0BWP30P140)
   0.0253    5.3866 ^ reducedSum_reduced_nextLevel_adder_28/_741_/Z (AO211D0BWP30P140)
   0.0208    5.4074 v reducedSum_reduced_nextLevel_adder_28/_746_/ZN (AOI31D0BWP30P140)
   0.0325    5.4398 ^ reducedSum_reduced_nextLevel_adder_28/_757_/ZN (OAI31D0BWP30P140)
   0.0191    5.4589 v reducedSum_reduced_nextLevel_adder_28/_759_/ZN (AOI211D0BWP30P140)
   0.0964    5.5553 ^ reducedSum_reduced_nextLevel_adder_28/_781_/ZN (NR2D0BWP30P140)
   0.0346    5.5899 ^ reducedSum_reduced_nextLevel_adder_28/_802_/ZN (MUX2ND0BWP30P140)
   0.0478    5.6376 v reducedSum_reduced_nextLevel_adder_28/_812_/ZN (ND4D0BWP30P140)
   0.0436    5.6812 ^ reducedSum_reduced_nextLevel_adder_28/_831_/ZN (NR4D0BWP30P140)
   0.0434    5.7246 v reducedSum_reduced_nextLevel_adder_28/_845_/ZN (ND4D0BWP30P140)
   0.0364    5.7611 ^ reducedSum_reduced_nextLevel_adder_28/_908_/ZN (NR4D0BWP30P140)
   0.0389    5.8000 v reducedSum_reduced_nextLevel_adder_28/_912_/ZN (IND4D0BWP30P140)
   0.0350    5.8349 v reducedSum_reduced_nextLevel_adder_28/_924_/Z (AO21D0BWP30P140)
   0.0184    5.8533 v reducedSum_reduced_nextLevel_adder_28/_927_/Z (AN2D0BWP30P140)
   0.0165    5.8699 v reducedSum_reduced_nextLevel_adder_30/_483_/ZN (INR2D0BWP30P140)
   0.0291    5.8989 ^ reducedSum_reduced_nextLevel_adder_30/_495_/ZN (AOI211D0BWP30P140)
   0.0224    5.9214 v reducedSum_reduced_nextLevel_adder_30/_497_/ZN (OAI31D0BWP30P140)
   0.0310    5.9524 ^ reducedSum_reduced_nextLevel_adder_30/_499_/ZN (AOI21D0BWP30P140)
   0.0280    5.9804 v reducedSum_reduced_nextLevel_adder_30/_502_/ZN (OAI21D0BWP30P140)
   0.0198    6.0002 ^ reducedSum_reduced_nextLevel_adder_30/_520_/ZN (XNR2UD0BWP30P140)
   0.0245    6.0247 v reducedSum_reduced_nextLevel_adder_30/_527_/ZN (IND3D0BWP30P140)
   0.3177    6.3424 ^ reducedSum_reduced_nextLevel_adder_30/_572_/ZN (OAI31D0BWP30P140)
   0.0427    6.3851 v reducedSum_reduced_nextLevel_adder_30/_615_/ZN (MUX2ND0BWP30P140)
   0.0617    6.4468 ^ reducedSum_reduced_nextLevel_adder_30/_627_/ZN (MUX4ND0BWP30P140)
   0.0280    6.4748 v reducedSum_reduced_nextLevel_adder_30/_628_/ZN (MUX2ND0BWP30P140)
   0.0363    6.5111 v reducedSum_reduced_nextLevel_adder_30/_689_/Z (OA22D0BWP30P140)
   0.0214    6.5325 ^ reducedSum_reduced_nextLevel_adder_30/_702_/ZN (XNR2UD0BWP30P140)
   0.0193    6.5518 v reducedSum_reduced_nextLevel_adder_30/_703_/ZN (AOI21D0BWP30P140)
   0.0294    6.5812 ^ reducedSum_reduced_nextLevel_adder_30/_704_/ZN (MAOI222D0BWP30P140)
   0.0243    6.6055 ^ reducedSum_reduced_nextLevel_adder_30/_709_/Z (AO21D0BWP30P140)
   0.0147    6.6202 v reducedSum_reduced_nextLevel_adder_30/_713_/ZN (AOI21D0BWP30P140)
   0.0292    6.6494 ^ reducedSum_reduced_nextLevel_adder_30/_718_/ZN (MAOI222D0BWP30P140)
   0.0260    6.6754 ^ reducedSum_reduced_nextLevel_adder_30/_725_/Z (AO21D0BWP30P140)
   0.0233    6.6987 ^ reducedSum_reduced_nextLevel_adder_30/_730_/Z (AO21D0BWP30P140)
   0.0253    6.7240 ^ reducedSum_reduced_nextLevel_adder_30/_741_/Z (AO211D0BWP30P140)
   0.0208    6.7447 v reducedSum_reduced_nextLevel_adder_30/_746_/ZN (AOI31D0BWP30P140)
   0.0325    6.7772 ^ reducedSum_reduced_nextLevel_adder_30/_757_/ZN (OAI31D0BWP30P140)
   0.0191    6.7962 v reducedSum_reduced_nextLevel_adder_30/_759_/ZN (AOI211D0BWP30P140)
   0.0964    6.8926 ^ reducedSum_reduced_nextLevel_adder_30/_781_/ZN (NR2D0BWP30P140)
   0.0346    6.9272 ^ reducedSum_reduced_nextLevel_adder_30/_802_/ZN (MUX2ND0BWP30P140)
   0.0478    6.9750 v reducedSum_reduced_nextLevel_adder_30/_812_/ZN (ND4D0BWP30P140)
   0.0436    7.0186 ^ reducedSum_reduced_nextLevel_adder_30/_831_/ZN (NR4D0BWP30P140)
   0.0434    7.0620 v reducedSum_reduced_nextLevel_adder_30/_845_/ZN (ND4D0BWP30P140)
   0.0350    7.0970 v reducedSum_reduced_nextLevel_adder_30/_851_/Z (OR2D0BWP30P140)
   0.0214    7.1184 v reducedSum_reduced_nextLevel_adder_30/_856_/ZN (XNR2UD0BWP30P140)
   0.0461    7.1645 v reducedSum_conv/_119_/Z (OR4D0BWP30P140)
   0.0270    7.1915 ^ reducedSum_conv/_128_/ZN (INR2D0BWP30P140)
   0.0299    7.2214 ^ reducedSum_conv/_137_/ZN (XNR2UD0BWP30P140)
   0.0290    7.2505 ^ reducedSum_conv/_151_/ZN (XNR2UD0BWP30P140)
   0.0358    7.2863 v reducedSum_conv/_152_/ZN (OAI211D0BWP30P140)
   0.0398    7.3261 ^ reducedSum_conv/_155_/ZN (AOI21D0BWP30P140)
   0.0376    7.3637 ^ reducedSum_conv/_161_/Z (OA211D0BWP30P140)
   0.0280    7.3917 ^ reducedSum_conv/_170_/Z (OA21D0BWP30P140)
   0.0218    7.4135 v reducedSum_conv/_183_/ZN (OAI221D0BWP30P140)
   0.1150    7.5285 ^ reducedSum_conv/_184_/ZN (AOI211D0BWP30P140)
   0.0332    7.5617 v reducedSum_conv/_191_/ZN (NR3D0BWP30P140)
   0.0344    7.5961 v accAdder/_0897_/ZN (XNR2UD0BWP30P140)
   0.0314    7.6274 ^ accAdder/_0899_/ZN (AOI21D0BWP30P140)
   0.0301    7.6576 v accAdder/_0901_/ZN (MAOI222D0BWP30P140)
   0.0389    7.6964 ^ accAdder/_0902_/ZN (MAOI222D0BWP30P140)
   0.0304    7.7268 v accAdder/_0903_/ZN (MAOI222D0BWP30P140)
   0.0393    7.7661 ^ accAdder/_0966_/ZN (MAOI222D0BWP30P140)
   0.0304    7.7964 v accAdder/_0968_/ZN (MAOI222D0BWP30P140)
   0.0260    7.8224 v accAdder/_0970_/ZN (XNR2UD0BWP30P140)
   0.0212    7.8436 ^ accAdder/_0971_/ZN (NR2D0BWP30P140)
   0.0257    7.8694 ^ accAdder/_0972_/Z (AN2D0BWP30P140)
   0.4170    8.2863 v accAdder/_0975_/ZN (AOI31D0BWP30P140)
   0.4192    8.7056 ^ accAdder/_0991_/ZN (AOI22D0BWP30P140)
   0.0318    8.7374 v accAdder/_1063_/ZN (CKND2D0BWP30P140)
   0.0370    8.7744 ^ accAdder/_1188_/ZN (OAI32D0BWP30P140)
   0.0151    8.7894 v accAdder/_1189_/ZN (AOI21D0BWP30P140)
   0.0396    8.8291 ^ accAdder/_1191_/ZN (OAI221D0BWP30P140)
   0.0211    8.8502 v accAdder/_1196_/ZN (OAI31D0BWP30P140)
   0.0222    8.8724 ^ accAdder/_1198_/ZN (AOI21D0BWP30P140)
   0.0256    8.8980 v accAdder/_1200_/ZN (MAOI222D0BWP30P140)
   0.0396    8.9376 ^ accAdder/_1202_/ZN (MAOI222D0BWP30P140)
   0.0257    8.9633 v accAdder/_1204_/ZN (MAOI222D0BWP30P140)
   0.0277    8.9910 ^ accAdder/_1206_/ZN (AOI21D0BWP30P140)
   0.0253    9.0163 ^ accAdder/_1209_/ZN (IAO21D0BWP30P140)
   0.0247    9.0410 v accAdder/_1211_/ZN (MAOI222D0BWP30P140)
   0.0395    9.0805 ^ accAdder/_1213_/ZN (MAOI222D0BWP30P140)
   0.0265    9.1070 v accAdder/_1221_/ZN (MAOI222D0BWP30P140)
   0.0354    9.1424 v accAdder/_1232_/Z (AO21D0BWP30P140)
   0.0261    9.1684 ^ accAdder/_1242_/ZN (MAOI222D0BWP30P140)
   0.0265    9.1950 v accAdder/_1255_/ZN (MAOI222D0BWP30P140)
   0.0315    9.2265 v accAdder/_1259_/Z (AO21D0BWP30P140)
   0.0182    9.2446 ^ accAdder/_1276_/ZN (AOI21D0BWP30P140)
   0.0258    9.2705 v accAdder/_1280_/ZN (MAOI222D0BWP30P140)
   0.0391    9.3096 ^ accAdder/_1296_/ZN (MAOI222D0BWP30P140)
   0.0262    9.3357 v accAdder/_1300_/ZN (MAOI222D0BWP30P140)
   0.0304    9.3661 ^ accAdder/_1318_/ZN (AOI21D0BWP30P140)
   0.0249    9.3911 v accAdder/_1322_/ZN (MAOI222D0BWP30P140)
   0.0364    9.4275 v accAdder/_1345_/Z (AO21D0BWP30P140)
   0.0156    9.4431 ^ accAdder/_1353_/ZN (MUX2ND0BWP30P140)
   0.0348    9.4779 ^ accAdder/_1354_/ZN (XNR2UD0BWP30P140)
   0.0288    9.5067 ^ accAdder/_1453_/ZN (MAOI22D0BWP30P140)
   0.1281    9.6348 v accAdder/_1456_/ZN (OAI211D0BWP30P140)
   0.0886    9.7234 ^ accAdder/_1531_/Z (MUX4D0BWP30P140)
   0.0194    9.7428 v accAdder/_1534_/ZN (MUX3ND0BWP30P140)
   0.0405    9.7834 ^ accAdder/_1568_/ZN (NR2D0BWP30P140)
   0.0507    9.8340 ^ accAdder/_1577_/ZN (INR4D0BWP30P140)
   0.0510    9.8851 ^ accAdder/_1582_/Z (AN4D0BWP30P140)
   0.0395    9.9245 ^ accAdder/_1590_/Z (AN4D0BWP30P140)
   0.0406    9.9651 ^ accAdder/_1601_/Z (AN4D0BWP30P140)
   0.0349   10.0000 ^ accAdder/_1603_/Z (AN3D0BWP30P140)
   0.0271   10.0271 v accAdder/_1605_/ZN (IND3D0BWP30P140)
   0.0379   10.0651 v accAdder/_1606_/Z (OR3D0BWP30P140)
   0.0368   10.1019 ^ accAdder/_1608_/ZN (INR3D0BWP30P140)
   0.0364   10.1383 v accAdder/_1611_/ZN (MAOI222D0BWP30P140)
   0.0357   10.1740 ^ accAdder/_1616_/ZN (NR4D0BWP30P140)
   0.0219   10.1959 v accAdder/_1619_/ZN (OAI31D0BWP30P140)
   0.0327   10.2286 v accAdder/_1621_/Z (AO21D0BWP30P140)
   0.0312   10.2598 ^ accAdder/_1623_/ZN (AOI21D0BWP30P140)
   0.0237   10.2835 v accAdder/_1626_/ZN (OAI21D0BWP30P140)
   0.0215   10.3049 v accAdder/_1658_/Z (AN3D0BWP30P140)
   0.0613   10.3662 v accAdder/_1659_/Z (OR3D0BWP30P140)
   0.0420   10.4082 ^ accAdder/_1703_/ZN (AOI211D0BWP30P140)
   0.0261   10.4342 ^ _060_/Z (AO22D0BWP30P140)
   0.0000   10.4342 ^ _070_/D (DFCNQD1BWP30P140)
            10.4342   data arrival time

  20.0000   20.0000   clock CORE_CLK (rise edge)
   0.0000   20.0000   clock network delay (ideal)
  -0.0500   19.9500   clock uncertainty
   0.0000   19.9500   clock reconvergence pessimism
            19.9500 ^ _070_/CP (DFCNQD1BWP30P140)
  -0.0174   19.9326   library setup time
            19.9326   data required time
-------------------------------------------------------------
            19.9326   data required time
           -10.4342   data arrival time
-------------------------------------------------------------
             9.4984   slack (MET)


