
6. Printing statistics.

=== BFP_PE ===

        +----------Local Count, excluding submodules.
        |        +-Local Area, excluding submodules.
        |        | 
       88        - wires
      600        - wire bits
       68        - public wires
      580        - public wire bits
       10        - ports
      245        - port bits
       39   57.582 cells
       18   13.608   AO22D0BWP30P140
       19   43.092   DFCNQD1BWP30P140
        1    0.504   INR2D0BWP30P140
        1    0.378   NR2D0BWP30P140
       20        - submodules
       16        -   CustomOperator_INT8_to_E2M1
        1        -   FPNAdder
        1        -   FixedFPTree_exp5_mant9_out9_vec16_range1
        1        -   ScaleAddition_INT8_to_E2M1_scale_UE6M2
        1        -   ScaleToFP9b_INT8_x_E2M1_UE6M2

   Chip area for module '\BFP_PE': 57.582000
     of which used for sequential elements: 43.092000 (74.84%)

=== FPNAdder ===

        +----------Local Count, excluding submodules.
        |        +-Local Area, excluding submodules.
        |        | 
      448        - wires
      529        - wire bits
        6        - public wires
       87        - public wire bits
        3        - ports
       54        - port bits
      460  285.516 cells
       21   10.584   AN2D0BWP30P140
        6     3.78   AN3D0BWP30P140
        8     5.04   AO21D0BWP30P140
        3    2.268   AO22D0BWP30P140
       12     7.56   AOI211D0BWP30P140
       19    9.576   AOI21D0BWP30P140
        5     3.78   AOI221D0BWP30P140
        1    1.008   AOI222D0BWP30P140
        6     3.78   AOI22D0BWP30P140
        5     3.15   AOI31D0BWP30P140
        1    0.756   AOI32D0BWP30P140
        1    0.882   AOI33D0BWP30P140
        8    7.056   CKMUX2D0BWP30P140
       27    6.804   CKND0BWP30P140
       28   10.584   CKND2D0BWP30P140
        5     3.15   IAO21D0BWP30P140
       16    8.064   IND2D0BWP30P140
        1     0.63   IND3D0BWP30P140
        2    1.512   IND4D0BWP30P140
       16    8.064   INR2D0BWP30P140
        2     1.26   INR3D0BWP30P140
        4    3.024   INR4D0BWP30P140
        1     0.63   IOA21D0BWP30P140
        6    4.536   MAOI222D0BWP30P140
        3    2.268   MAOI22D0BWP30P140
        3    2.268   MOAI22D0BWP30P140
       35    26.46   MUX2ND0BWP30P140
        3    5.292   MUX3D0BWP30P140
        1    1.638   MUX3ND0BWP30P140
        1    2.394   MUX4D0BWP30P140
        5    11.34   MUX4ND0BWP30P140
       11    5.544   ND3D0BWP30P140
        9     5.67   ND4D0BWP30P140
       43   16.254   NR2D0BWP30P140
       19    9.576   NR3D0BWP30P140
        7     4.41   NR4D0BWP30P140
        3    2.268   OA211D0BWP30P140
       11     6.93   OA21D0BWP30P140
        1    0.882   OA22D0BWP30P140
       12     7.56   OAI211D0BWP30P140
       12    6.048   OAI21D0BWP30P140
        3    2.646   OAI221D0BWP30P140
        7     4.41   OAI22D0BWP30P140
        6     3.78   OAI31D0BWP30P140
        1    0.756   OAI32D0BWP30P140
        1    0.882   OAI33D0BWP30P140
        9    4.536   OR2D0BWP30P140
        2     1.26   OR3D0BWP30P140
        2    1.512   OR4D0BWP30P140
       30    26.46   XNR2UD0BWP30P140
       15    13.23   XOR2UD0BWP30P140
        1    1.764   XOR3UD0BWP30P140

   Chip area for module '\FPNAdder': 285.516000
     of which used for sequential elements: 0.000000 (0.00%)

=== ScaleToFP9b_INT8_x_E2M1_UE6M2 ===

        +----------Local Count, excluding submodules.
        |        +-Local Area, excluding submodules.
        |        | 
      145        - wires
      184        - wire bits
        4        - public wires
       43        - public wire bits
        4        - ports
       43        - port bits
      159  106.974 cells
        2    1.008   AN2D0BWP30P140
        3    2.268   AN4D0BWP30P140
        1    0.756   AO211D0BWP30P140
        1     0.63   AO21D0BWP30P140
        3     1.89   AOI211D0BWP30P140
        8    4.032   AOI21D0BWP30P140
        1    0.756   AOI221D0BWP30P140
        2    1.512   AOI32D0BWP30P140
        1    0.882   CKMUX2D0BWP30P140
        8    2.016   CKND0BWP30P140
       11    4.158   CKND2D0BWP30P140
        5     3.15   IAO21D0BWP30P140
        3    1.512   IND2D0BWP30P140
        3    1.512   INR2D0BWP30P140
        5     3.78   INR4D0BWP30P140
        1     0.63   IOA21D0BWP30P140
        2    1.512   MAOI222D0BWP30P140
        8    6.048   MUX2ND0BWP30P140
        1    1.638   MUX3ND0BWP30P140
        8   18.144   MUX4ND0BWP30P140
        2    1.008   ND3D0BWP30P140
        1     0.63   ND4D0BWP30P140
       27   10.206   NR2D0BWP30P140
        6    3.024   NR3D0BWP30P140
        6     3.78   NR4D0BWP30P140
        2     1.26   OA21D0BWP30P140
        2     1.26   OAI211D0BWP30P140
        4    2.016   OAI21D0BWP30P140
        1    1.008   OAI222D0BWP30P140
        1     0.63   OAI22D0BWP30P140
        4     2.52   OAI31D0BWP30P140
        2    1.008   OR2D0BWP30P140
        1     0.63   OR3D0BWP30P140
        1    0.756   OR4D0BWP30P140
       14   12.348   XNR2UD0BWP30P140
        8    7.056   XOR2UD0BWP30P140

   Chip area for module '\ScaleToFP9b_INT8_x_E2M1_UE6M2': 106.974000
     of which used for sequential elements: 0.000000 (0.00%)

=== ScaleAddition_INT8_to_E2M1_scale_UE6M2 ===

        +----------Local Count, excluding submodules.
        |        +-Local Area, excluding submodules.
        |        | 
      267        - wires
      315        - wire bits
        8        - public wires
       56        - public wire bits
        8        - ports
       56        - port bits
      282  203.868 cells
        3    1.512   AN2D0BWP30P140
        3     1.89   AN3D0BWP30P140
        1    0.756   AO211D0BWP30P140
        2     1.26   AO21D0BWP30P140
        8    4.032   AOI21D0BWP30P140
        4     2.52   AOI22D0BWP30P140
        1     0.63   AOI31D0BWP30P140
       11    2.772   CKND0BWP30P140
       64   24.192   CKND2D0BWP30P140
        1     0.63   IAO21D0BWP30P140
        7    3.528   IND2D0BWP30P140
        6    3.024   INR2D0BWP30P140
        1     0.63   INR3D0BWP30P140
        5     3.15   IOA21D0BWP30P140
       34   25.704   MAOI222D0BWP30P140
        5     2.52   ND3D0BWP30P140
       15     5.67   NR2D0BWP30P140
        1     0.63   OAI211D0BWP30P140
       11    5.544   OAI21D0BWP30P140
        2     1.26   OAI22D0BWP30P140
        4    2.016   OR2D0BWP30P140
        2    1.512   OR4D0BWP30P140
       33   29.106   XNR2UD0BWP30P140
       22   38.808   XNR3UD0BWP30P140
       28   24.696   XOR2UD0BWP30P140
        6   10.584   XOR3UD0BWP30P140
        2    5.292   XOR4D0BWP30P140

   Chip area for module '\ScaleAddition_INT8_to_E2M1_scale_UE6M2': 203.868000
     of which used for sequential elements: 0.000000 (0.00%)

=== FixedFPTree_exp5_mant9_out9_vec16_range1 ===

        +----------Local Count, excluding submodules.
        |        +-Local Area, excluding submodules.
        |        | 
     2769        - wires
     3229        - wire bits
       67        - public wires
      527        - public wire bits
       51        - ports
      255        - port bits
     2717 1.83E+03 cells
       55    27.72   AN2D0BWP30P140
       26    16.38   AN3D0BWP30P140
        5     3.78   AN4D0BWP30P140
        9    6.804   AO211D0BWP30P140
       45    28.35   AO21D0BWP30P140
        8    6.048   AO22D0BWP30P140
       37    23.31   AOI211D0BWP30P140
      161   81.144   AOI21D0BWP30P140
       13    9.828   AOI221D0BWP30P140
        6    6.048   AOI222D0BWP30P140
       19    11.97   AOI22D0BWP30P140
       34    21.42   AOI31D0BWP30P140
        8    6.048   AOI32D0BWP30P140
        6    5.292   AOI33D0BWP30P140
       61   53.802   CKMUX2D0BWP30P140
      182   45.864   CKND0BWP30P140
      188   71.064   CKND2D0BWP30P140
       36    22.68   IAO21D0BWP30P140
       56   28.224   IND2D0BWP30P140
        8     5.04   IND3D0BWP30P140
        3    2.268   IND4D0BWP30P140
       48   24.192   INR2D0BWP30P140
        3     1.89   INR3D0BWP30P140
        3    2.268   INR4D0BWP30P140
       29    18.27   IOA21D0BWP30P140
        1    0.882   IOA22D0BWP30P140
      159  120.204   MAOI222D0BWP30P140
       24   18.144   MAOI22D0BWP30P140
       11    8.316   MOAI22D0BWP30P140
      130    98.28   MUX2ND0BWP30P140
        1    1.764   MUX3D0BWP30P140
        3    4.914   MUX3ND0BWP30P140
        5    11.97   MUX4D0BWP30P140
        3    6.804   MUX4ND0BWP30P140
       55    27.72   ND3D0BWP30P140
       16    10.08   ND4D0BWP30P140
      214   80.892   NR2D0BWP30P140
       60    30.24   NR3D0BWP30P140
       12     7.56   NR4D0BWP30P140
       28   21.168   OA211D0BWP30P140
       25    15.75   OA21D0BWP30P140
        5     4.41   OA22D0BWP30P140
       62    39.06   OAI211D0BWP30P140
      100     50.4   OAI21D0BWP30P140
       15    13.23   OAI221D0BWP30P140
        3    3.024   OAI222D0BWP30P140
       34    21.42   OAI22D0BWP30P140
       23    14.49   OAI31D0BWP30P140
        7    5.292   OAI32D0BWP30P140
       11    9.702   OAI33D0BWP30P140
       51   25.704   OR2D0BWP30P140
        6     3.78   OR3D0BWP30P140
      272  239.904   XNR2UD0BWP30P140
       72  127.008   XNR3UD0BWP30P140
        3    7.938   XNR4D0BWP30P140
      208  183.456   XOR2UD0BWP30P140
       49   86.436   XOR3UD0BWP30P140

   Chip area for module '\FixedFPTree_exp5_mant9_out9_vec16_range1': 1829.646000
     of which used for sequential elements: 0.000000 (0.00%)

=== CustomOperator_INT8_to_E2M1 ===

        +----------Local Count, excluding submodules.
        |        +-Local Area, excluding submodules.
        |        | 
       53        - wires
       77        - wire bits
        6        - public wires
       30        - public wire bits
        5        - ports
       27        - port bits
       60   34.272 cells
        6    3.024   AN2D0BWP30P140
        1     0.63   AO21D0BWP30P140
        1    0.756   AO22D0BWP30P140
        2    1.008   AOI21D0BWP30P140
        1     0.63   AOI22D0BWP30P140
        3    0.756   CKND0BWP30P140
        8    3.024   CKND2D0BWP30P140
        5     2.52   INR2D0BWP30P140
        2     1.26   IOA21D0BWP30P140
        1    0.756   MUX2ND0BWP30P140
        2    1.008   ND3D0BWP30P140
        1     0.63   ND4D0BWP30P140
        4    1.512   NR2D0BWP30P140
        1    0.504   NR3D0BWP30P140
        4    2.016   OAI21D0BWP30P140
        1     0.63   OAI22D0BWP30P140
        3     1.89   OAI31D0BWP30P140
        1    0.504   OR2D0BWP30P140
        1     0.63   OR3D0BWP30P140
        8    7.056   XNR2UD0BWP30P140
        4    3.528   XOR2UD0BWP30P140

   Chip area for module '\CustomOperator_INT8_to_E2M1': 34.272000
     of which used for sequential elements: 0.000000 (0.00%)

=== design hierarchy ===

        +----------Count including submodules.
        |        +-Area including submodules.
        |        | 
     4617 3.03E+03 BFP_PE
       60   34.272 CustomOperator_INT8_to_E2M1
      460  285.516 FPNAdder
     2717 1.83E+03 FixedFPTree_exp5_mant9_out9_vec16_range1
      282  203.868 ScaleAddition_INT8_to_E2M1_scale_UE6M2
      159  106.974 ScaleToFP9b_INT8_x_E2M1_UE6M2

        +----------Count including submodules.
        |        +-Area including submodules.
        |        | 
     4565        - wires
     6089        - wire bits
      249        - public wires
     1773        - public wire bits
      156        - ports
     1085        - port bits
        -        - memories
        -        - memory bits
        -        - processes
     4617 3.03E+03 cells
      177   89.208   AN2D0BWP30P140
       35    22.05   AN3D0BWP30P140
        8    6.048   AN4D0BWP30P140
       11    8.316   AO211D0BWP30P140
       72    45.36   AO21D0BWP30P140
       45    34.02   AO22D0BWP30P140
       52    32.76   AOI211D0BWP30P140
      228  114.912   AOI21D0BWP30P140
       19   14.364   AOI221D0BWP30P140
        7    7.056   AOI222D0BWP30P140
       45    28.35   AOI22D0BWP30P140
       40     25.2   AOI31D0BWP30P140
       11    8.316   AOI32D0BWP30P140
        7    6.174   AOI33D0BWP30P140
       70    61.74   CKMUX2D0BWP30P140
      276   69.552   CKND0BWP30P140
      419  158.382   CKND2D0BWP30P140
       19   43.092   DFCNQD1BWP30P140
       47    29.61   IAO21D0BWP30P140
       82   41.328   IND2D0BWP30P140
        9     5.67   IND3D0BWP30P140
        5     3.78   IND4D0BWP30P140
      154   77.616   INR2D0BWP30P140
        6     3.78   INR3D0BWP30P140
       12    9.072   INR4D0BWP30P140
       68    42.84   IOA21D0BWP30P140
        1    0.882   IOA22D0BWP30P140
      201  151.956   MAOI222D0BWP30P140
       27   20.412   MAOI22D0BWP30P140
       14   10.584   MOAI22D0BWP30P140
      189  142.884   MUX2ND0BWP30P140
        4    7.056   MUX3D0BWP30P140
        5     8.19   MUX3ND0BWP30P140
        6   14.364   MUX4D0BWP30P140
       16   36.288   MUX4ND0BWP30P140
      105    52.92   ND3D0BWP30P140
       42    26.46   ND4D0BWP30P140
      364  137.592   NR2D0BWP30P140
      101   50.904   NR3D0BWP30P140
       25    15.75   NR4D0BWP30P140
       31   23.436   OA211D0BWP30P140
       38    23.94   OA21D0BWP30P140
        6    5.292   OA22D0BWP30P140
       77    48.51   OAI211D0BWP30P140
      191   96.264   OAI21D0BWP30P140
       18   15.876   OAI221D0BWP30P140
        4    4.032   OAI222D0BWP30P140
       60     37.8   OAI22D0BWP30P140
       81    51.03   OAI31D0BWP30P140
        8    6.048   OAI32D0BWP30P140
       12   10.584   OAI33D0BWP30P140
       82   41.328   OR2D0BWP30P140
       25    15.75   OR3D0BWP30P140
        5     3.78   OR4D0BWP30P140
      477  420.714   XNR2UD0BWP30P140
       94  165.816   XNR3UD0BWP30P140
        3    7.938   XNR4D0BWP30P140
      323  284.886   XOR2UD0BWP30P140
       56   98.784   XOR3UD0BWP30P140
        2    5.292   XOR4D0BWP30P140
       20 2.97E+03 submodules
       16  548.352   CustomOperator_INT8_to_E2M1
        1  285.516   FPNAdder
        1 1.83E+03   FixedFPTree_exp5_mant9_out9_vec16_range1
        1  203.868   ScaleAddition_INT8_to_E2M1_scale_UE6M2
        1  106.974   ScaleToFP9b_INT8_x_E2M1_UE6M2

   Chip area for top module '\BFP_PE': 3031.938000
     of which used for sequential elements: 43.092000 (1.42%)

