Startpoint: reset (input port clocked by CORE_CLK)
Endpoint: _40_ (recovery check against rising-edge clock CORE_CLK)
Path Group: asynchronous
Path Type: max

    Delay      Time   Description
-------------------------------------------------------------
   0.0000    0.0000   clock CORE_CLK (rise edge)
   0.0000    0.0000   clock network delay (ideal)
   0.0000    0.0000 ^ input external delay
   0.0000    0.0000 ^ reset (in)
   0.0000    0.0000 ^ _40_/CDN (DFCNQD1BWP30P140)
             0.0000   data arrival time

   2.0000    2.0000   clock CORE_CLK (rise edge)
   0.0000    2.0000   clock network delay (ideal)
  -0.0500    1.9500   clock uncertainty
   0.0000    1.9500   clock reconvergence pessimism
             1.9500 ^ _40_/CP (DFCNQD1BWP30P140)
   0.0258    1.9758   library recovery time
             1.9758   data required time
-------------------------------------------------------------
             1.9758   data required time
            -0.0000   data arrival time
-------------------------------------------------------------
             1.9758   slack (MET)


Startpoint: io_op_b_i[10] (input port clocked by CORE_CLK)
Endpoint: _42_ (rising edge-triggered flip-flop clocked by CORE_CLK)
Path Group: CORE_CLK
Path Type: max

    Delay      Time   Description
-------------------------------------------------------------
   0.0000    0.0000   clock CORE_CLK (rise edge)
   0.0000    0.0000   clock network delay (ideal)
   0.0000    0.0000 v input external delay
   0.0000    0.0000 v io_op_b_i[10] (in)
   0.0209    0.0209 v op_1/_071_/Z (OA21D0BWP30P140)
   0.0432    0.0641 ^ op_1/_072_/ZN (OAI21D0BWP30P140)
   0.0331    0.0972 ^ op_1/_075_/Z (OA21D0BWP30P140)
   0.0150    0.1122 v tree/_1938_/ZN (CKND0BWP30P140)
   0.0220    0.1342 ^ tree/_1959_/ZN (AOI22D0BWP30P140)
   0.0227    0.1570 v tree/_1961_/ZN (AOI221D0BWP30P140)
   0.0485    0.2054 ^ tree/_1963_/ZN (MOAI22D0BWP30P140)
   0.0307    0.2362 ^ tree/_1970_/ZN (MUX2ND0BWP30P140)
   0.0179    0.2541 v tree/_1972_/ZN (OAI22D0BWP30P140)
   0.0204    0.2745 ^ tree/_1973_/ZN (AOI21D0BWP30P140)
   0.0319    0.3064 v tree/_1978_/ZN (OAI222D0BWP30P140)
   0.0570    0.3633 ^ tree/_1980_/ZN (AOI21D0BWP30P140)
   0.0303    0.3936 v tree/_1985_/ZN (OAI211D0BWP30P140)
   0.0401    0.4337 ^ tree/_1987_/ZN (MAOI222D0BWP30P140)
   0.0251    0.4588 v tree/_1995_/ZN (OAI221D0BWP30P140)
   0.0298    0.4885 ^ tree/_2005_/ZN (AOI21D0BWP30P140)
   0.0631    0.5517 v tree/_2012_/ZN (OAI21D0BWP30P140)
   0.0576    0.6093 v tree/_2222_/ZN (MUX2ND0BWP30P140)
   0.0419    0.6512 ^ tree/_2640_/ZN (XNR2UD0BWP30P140)
   0.0380    0.6892 v tree/_2642_/ZN (OAI221D0BWP30P140)
   0.0351    0.7243 ^ tree/_2644_/ZN (AOI31D0BWP30P140)
   0.0334    0.7577 ^ tree/_2647_/Z (OA21D0BWP30P140)
   0.1386    0.8963 v tree/_2665_/ZN (OAI211D0BWP30P140)
   0.0831    0.9793 v tree/_2707_/ZN (MUX4ND0BWP30P140)
   0.0419    1.0212 ^ tree/_2708_/ZN (MUX2ND0BWP30P140)
   0.0289    1.0501 v tree/_2775_/ZN (ND3D0BWP30P140)
   0.0348    1.0849 v tree/_3290_/ZN (XNR2UD0BWP30P140)
   0.0666    1.1515 ^ tree/_3301_/ZN (XNR4D0BWP30P140)
   0.0485    1.2000 v tree/_3308_/ZN (XNR3UD0BWP30P140)
   0.0267    1.2267 v tree/_3309_/Z (OR2D0BWP30P140)
   0.0255    1.2522 ^ tree/_3310_/ZN (MAOI222D0BWP30P140)
   0.0267    1.2789 v tree/_3311_/ZN (MAOI222D0BWP30P140)
   0.0331    1.3120 ^ tree/_3312_/ZN (MAOI222D0BWP30P140)
   0.0293    1.3412 v tree/_3313_/ZN (MAOI222D0BWP30P140)
   0.0299    1.3711 ^ tree/_3315_/ZN (OAI21D0BWP30P140)
   0.0299    1.4010 v tree/_3317_/ZN (MAOI222D0BWP30P140)
   0.0394    1.4404 ^ tree/_3319_/ZN (MAOI222D0BWP30P140)
   0.0247    1.4651 v tree/_3321_/ZN (AOI21D0BWP30P140)
   0.0366    1.5018 ^ tree/_3323_/ZN (MAOI222D0BWP30P140)
   0.0309    1.5326 v tree/_3325_/ZN (MAOI222D0BWP30P140)
   0.0305    1.5632 ^ tree/_3327_/ZN (OAI21D0BWP30P140)
   0.0301    1.5932 v tree/_3329_/ZN (MAOI222D0BWP30P140)
   0.0407    1.6339 ^ tree/_3331_/ZN (MAOI222D0BWP30P140)
   0.0308    1.6648 v tree/_3333_/ZN (MAOI222D0BWP30P140)
   0.0312    1.6960 ^ tree/_3335_/ZN (OAI21D0BWP30P140)
   0.0300    1.7260 v tree/_3337_/ZN (MAOI222D0BWP30P140)
   0.0395    1.7655 ^ tree/_3339_/ZN (MAOI222D0BWP30P140)
   0.0244    1.7899 v tree/_3341_/ZN (AOI21D0BWP30P140)
   0.0365    1.8264 ^ tree/_3343_/ZN (MAOI222D0BWP30P140)
   0.0309    1.8573 v tree/_3345_/ZN (MAOI222D0BWP30P140)
   0.0313    1.8886 ^ tree/_3347_/ZN (OAI21D0BWP30P140)
   0.0291    1.9177 v tree/_3349_/ZN (MAOI222D0BWP30P140)
   0.0300    1.9477 ^ tree/_3351_/ZN (OAI21D0BWP30P140)
   0.0228    1.9705 v tree/_3353_/ZN (AOI21D0BWP30P140)
   0.0313    2.0017 ^ tree/_3355_/ZN (MAOI222D0BWP30P140)
   0.0268    2.0285 v tree/_3356_/ZN (MAOI222D0BWP30P140)
   0.0341    2.0627 ^ tree/_3357_/ZN (MAOI222D0BWP30P140)
   0.0293    2.0920 v tree/_3358_/ZN (MAOI222D0BWP30P140)
   0.0300    2.1219 ^ tree/_3360_/ZN (OAI21D0BWP30P140)
   0.0300    2.1519 v tree/_3362_/ZN (MAOI222D0BWP30P140)
   0.0406    2.1925 ^ tree/_3364_/ZN (MAOI222D0BWP30P140)
   0.0317    2.2242 v tree/_3366_/ZN (MAOI222D0BWP30P140)
   0.0361    2.2603 ^ tree/_3368_/ZN (MAOI222D0BWP30P140)
   0.0322    2.2925 v tree/_3369_/ZN (MAOI222D0BWP30P140)
   0.0292    2.3217 ^ tree/_3372_/ZN (OAI211D0BWP30P140)
   0.0402    2.3619 v tree/_3374_/ZN (AOI33D0BWP30P140)
   0.0389    2.4009 ^ tree/_3376_/ZN (AOI211D0BWP30P140)
   0.0233    2.4241 v tree/_3378_/ZN (OAI21D0BWP30P140)
   0.0261    2.4503 ^ tree/_3380_/ZN (AOI21D0BWP30P140)
   0.0239    2.4742 v tree/_3382_/ZN (OAI31D0BWP30P140)
   0.0275    2.5018 ^ tree/_3424_/ZN (OAI211D0BWP30P140)
   0.0329    2.5347 v tree/_3428_/ZN (ND4D0BWP30P140)
   0.0425    2.5772 ^ tree/_3432_/ZN (INR4D0BWP30P140)
   0.0325    2.6097 v tree/_3444_/ZN (AOI31D0BWP30P140)
   0.0292    2.6389 ^ tree/_3450_/ZN (NR4D0BWP30P140)
   0.0301    2.6690 v tree/_3454_/ZN (ND4D0BWP30P140)
   0.0362    2.7052 ^ tree/_3458_/ZN (INR4D0BWP30P140)
   0.0295    2.7348 v tree/_3461_/ZN (AOI31D0BWP30P140)
   0.0318    2.7666 ^ tree/_3466_/ZN (NR4D0BWP30P140)
   0.0304    2.7969 v tree/_3470_/ZN (IND4D0BWP30P140)
   0.0231    2.8201 ^ tree/_3476_/ZN (NR4D0BWP30P140)
   0.0242    2.8443 ^ tree/_3496_/Z (AO21D0BWP30P140)
   0.0214    2.8657 v tree/_3497_/ZN (OAI21D0BWP30P140)
   0.0416    2.9073 ^ tree/_3500_/ZN (AOI211D0BWP30P140)
   0.0311    2.9384 ^ tree/_3501_/Z (OA21D0BWP30P140)
   0.0273    2.9657 v tree/_3503_/ZN (AOI31D0BWP30P140)
   0.0259    2.9916 ^ tree/_3507_/ZN (IAO21D0BWP30P140)
   0.0202    3.0119 v tree/_3510_/ZN (XNR2UD0BWP30P140)
   0.0263    3.0382 v tree/_3511_/ZN (IND2D0BWP30P140)
   0.2789    3.3170 ^ tree/_3618_/ZN (IAO21D0BWP30P140)
   0.0999    3.4170 v tree/_3619_/ZN (CKND0BWP30P140)
   0.0583    3.4753 v tree/_3698_/ZN (MUX4ND0BWP30P140)
   0.0622    3.5375 ^ tree/_3791_/ZN (MUX4ND0BWP30P140)
   0.0235    3.5610 v tree/_3792_/ZN (NR4D0BWP30P140)
   0.0183    3.5793 ^ tree/_3796_/ZN (AOI31D0BWP30P140)
   0.0138    3.5931 v tree/_3814_/ZN (NR4D0BWP30P140)
   0.0374    3.6305 v tree/_3818_/Z (AO211D0BWP30P140)
   0.0208    3.6514 ^ tree/_3820_/ZN (NR3D0BWP30P140)
   0.0350    3.6864 ^ tree/_3821_/Z (AN3D0BWP30P140)
   0.0290    3.7154 v tree/_3822_/ZN (ND3D0BWP30P140)
   0.0210    3.7364 ^ tree/_3823_/ZN (NR2D0BWP30P140)
   0.0451    3.7815 ^ tree/_3825_/ZN (XNR2UD0BWP30P140)
   0.0250    3.8065 v sa/_0598_/ZN (CKND2D0BWP30P140)
   0.0327    3.8392 ^ sa/_0600_/ZN (NR2D0BWP30P140)
   0.0132    3.8524 v sa/_0601_/ZN (NR2D0BWP30P140)
   0.0288    3.8812 v sa/_0774_/ZN (XNR2UD0BWP30P140)
   0.0300    3.9113 v sa/_0786_/Z (XOR2UD0BWP30P140)
   0.0359    3.9472 v sa/_0810_/ZN (XNR3UD0BWP30P140)
   0.0580    4.0052 v sa/_0837_/ZN (XNR3UD0BWP30P140)
   0.0574    4.0626 v sa/_0857_/ZN (XNR3UD0BWP30P140)
   0.0310    4.0936 ^ sa/_0908_/ZN (MAOI222D0BWP30P140)
   0.0263    4.1199 v sa/_0909_/ZN (MAOI222D0BWP30P140)
   0.0376    4.1574 ^ sa/_0910_/ZN (MAOI222D0BWP30P140)
   0.0299    4.1874 ^ sa/_0913_/Z (OA21D0BWP30P140)
   0.0240    4.2114 v sa/_0970_/ZN (OAI211D0BWP30P140)
   0.0318    4.2432 ^ sa/_0972_/ZN (AOI31D0BWP30P140)
   0.0245    4.2677 v sa/_1040_/ZN (OAI21D0BWP30P140)
   0.0365    4.3043 ^ sa/_1042_/ZN (MAOI222D0BWP30P140)
   0.0302    4.3345 v sa/_1044_/ZN (MAOI222D0BWP30P140)
   0.0405    4.3750 v sa/_1113_/Z (AO211D0BWP30P140)
   0.0163    4.3913 ^ conv/_195_/ZN (NR2D0BWP30P140)
   0.1571    4.5484 v conv/_204_/ZN (AOI21D0BWP30P140)
   0.0826    4.6310 v conv/_219_/ZN (MUX4ND0BWP30P140)
   0.0387    4.6697 ^ conv/_221_/ZN (MUX2ND0BWP30P140)
   0.0276    4.6973 v conv/_277_/ZN (MUX2ND0BWP30P140)
   0.0497    4.7469 ^ conv/_290_/ZN (INR4D0BWP30P140)
   0.0569    4.8038 ^ conv/_292_/ZN (INR4D0BWP30P140)
   0.0261    4.8300 v conv/_294_/ZN (IND3D0BWP30P140)
   0.0523    4.8823 ^ conv/_303_/ZN (INR4D0BWP30P140)
   0.0370    4.9192 v conv/_314_/ZN (OAI211D0BWP30P140)
   0.0659    4.9851 ^ conv/_322_/ZN (OAI21D0BWP30P140)
   0.0242    5.0092 v conv/_335_/ZN (NR2D0BWP30P140)
   0.0274    5.0366 v accAdder/_461_/ZN (XNR2UD0BWP30P140)
   0.0335    5.0701 v accAdder/_462_/Z (AO21D0BWP30P140)
   0.0238    5.0939 ^ accAdder/_465_/ZN (AOI211D0BWP30P140)
   0.0245    5.1184 v accAdder/_467_/ZN (OAI31D0BWP30P140)
   0.0264    5.1447 ^ accAdder/_470_/ZN (OAI211D0BWP30P140)
   0.0335    5.1783 ^ accAdder/_491_/Z (AN3D0BWP30P140)
   0.0447    5.2230 v accAdder/_494_/ZN (OAI211D0BWP30P140)
   0.0876    5.3105 v accAdder/_518_/ZN (MUX2ND0BWP30P140)
   0.0860    5.3965 ^ accAdder/_543_/ZN (AOI31D0BWP30P140)
   0.0611    5.4576 v accAdder/_549_/ZN (ND3D0BWP30P140)
   0.0399    5.4975 v accAdder/_566_/Z (OA21D0BWP30P140)
   0.0311    5.5286 ^ accAdder/_589_/ZN (MUX3ND0BWP30P140)
   0.0331    5.5617 v accAdder/_677_/ZN (AOI221D0BWP30P140)
   0.0251    5.5868 ^ accAdder/_678_/ZN (ND3D0BWP30P140)
   0.0175    5.6043 v accAdder/_680_/ZN (OAI21D0BWP30P140)
   0.0236    5.6279 ^ accAdder/_681_/ZN (AOI21D0BWP30P140)
   0.0255    5.6534 v accAdder/_682_/ZN (MAOI222D0BWP30P140)
   0.0329    5.6863 ^ accAdder/_684_/ZN (MAOI222D0BWP30P140)
   0.0301    5.7164 v accAdder/_686_/ZN (MAOI222D0BWP30P140)
   0.0324    5.7488 ^ accAdder/_687_/ZN (AOI211D0BWP30P140)
   0.0238    5.7726 v accAdder/_688_/ZN (OAI32D0BWP30P140)
   0.0302    5.8028 ^ accAdder/_698_/ZN (AOI211D0BWP30P140)
   0.0230    5.8258 ^ accAdder/_700_/Z (OR2D0BWP30P140)
   0.1489    5.9747 v accAdder/_751_/ZN (AOI31D0BWP30P140)
   0.0882    6.0629 v accAdder/_791_/ZN (MUX4ND0BWP30P140)
   0.0430    6.1059 ^ accAdder/_792_/ZN (NR4D0BWP30P140)
   0.0345    6.1404 v accAdder/_798_/ZN (IND4D0BWP30P140)
   0.0296    6.1700 ^ accAdder/_801_/ZN (NR3D0BWP30P140)
   0.0291    6.1991 v accAdder/_803_/ZN (IND3D0BWP30P140)
   0.0406    6.2397 ^ accAdder/_805_/ZN (MAOI222D0BWP30P140)
   0.0426    6.2824 v accAdder/_810_/ZN (IND4D0BWP30P140)
   0.0444    6.3268 ^ accAdder/_820_/ZN (AOI211D0BWP30P140)
   0.0333    6.3601 ^ accAdder/_821_/Z (AN3D0BWP30P140)
   0.0241    6.3842 ^ accAdder/_828_/ZN (MAOI22D0BWP30P140)
   0.0569    6.4411 v accAdder/_855_/ZN (OAI31D0BWP30P140)
   0.0427    6.4838 ^ accAdder/_877_/ZN (INR4D0BWP30P140)
   0.0262    6.5100 ^ _32_/Z (AO22D0BWP30P140)
   0.0000    6.5100 ^ _42_/D (DFCNQD1BWP30P140)
             6.5100   data arrival time

   2.0000    2.0000   clock CORE_CLK (rise edge)
   0.0000    2.0000   clock network delay (ideal)
  -0.0500    1.9500   clock uncertainty
   0.0000    1.9500   clock reconvergence pessimism
             1.9500 ^ _42_/CP (DFCNQD1BWP30P140)
  -0.0170    1.9330   library setup time
             1.9330   data required time
-------------------------------------------------------------
             1.9330   data required time
            -6.5100   data arrival time
-------------------------------------------------------------
            -4.5771   slack (VIOLATED)


