
===========================================================================
report_checks -unconstrained
===========================================================================
======================= Fastest Corner ===================================

Startpoint: io_inB[0] (input port clocked by clock)
Endpoint: accumulator._2317_ (rising edge-triggered flip-flop clocked by clock)
Path Group: clock
Path Type: max
Corner: Fastest

Fanout     Cap    Slew   Delay    Time   Description
-----------------------------------------------------------------------------
                          0.00    0.00   clock clock (rise edge)
                          0.00    0.00   clock network delay (propagated)
                          5.00    5.00 ^ input external delay
     1    0.00    0.01    0.01    5.01 ^ io_inB[0] (in)
                                         io_inB[0] (net)
                  0.01    0.00    5.01 ^ input7/A (sky130_fd_sc_hd__buf_1)
     4    0.02    0.14    0.13    5.13 ^ input7/X (sky130_fd_sc_hd__buf_1)
                                         net7 (net)
                  0.14    0.00    5.14 ^ operator._055_/A (sky130_fd_sc_hd__and2_1)
     1    0.00    0.04    0.10    5.23 ^ operator._055_/X (sky130_fd_sc_hd__and2_1)
                                         operator._000_ (net)
                  0.04    0.00    5.23 ^ operator._056_/A (sky130_fd_sc_hd__buf_1)
     2    0.01    0.11    0.11    5.34 ^ operator._056_/X (sky130_fd_sc_hd__buf_1)
                                         operator.io_outMant[0] (net)
                  0.11    0.00    5.34 ^ fanout63/A (sky130_fd_sc_hd__buf_2)
    10    0.04    0.15    0.18    5.52 ^ fanout63/X (sky130_fd_sc_hd__buf_2)
                                         net63 (net)
                  0.15    0.00    5.52 ^ operator._082_/A (sky130_fd_sc_hd__and2_2)
     3    0.02    0.09    0.16    5.68 ^ operator._082_/X (sky130_fd_sc_hd__and2_2)
                                         operator._021_ (net)
                  0.09    0.00    5.68 ^ operator._089_/A (sky130_fd_sc_hd__nand2_4)
     3    0.03    0.06    0.06    5.74 v operator._089_/Y (sky130_fd_sc_hd__nand2_4)
                                         operator._027_ (net)
                  0.06    0.00    5.74 v operator._113_/A1 (sky130_fd_sc_hd__o21ai_4)
     3    0.03    0.18    0.19    5.93 ^ operator._113_/Y (sky130_fd_sc_hd__o21ai_4)
                                         operator._049_ (net)
                  0.18    0.00    5.93 ^ operator._118_/A (sky130_fd_sc_hd__or3b_4)
     1    0.00    0.03    0.11    6.04 ^ operator._118_/X (sky130_fd_sc_hd__or3b_4)
                                         operator._052_ (net)
                  0.03    0.00    6.04 ^ operator._119_/A (sky130_fd_sc_hd__and3_1)
     1    0.01    0.06    0.10    6.14 ^ operator._119_/X (sky130_fd_sc_hd__and3_1)
                                         operator._053_ (net)
                  0.06    0.00    6.14 ^ operator._120_/A (sky130_fd_sc_hd__clkbuf_2)
     2    0.01    0.04    0.08    6.22 ^ operator._120_/X (sky130_fd_sc_hd__clkbuf_2)
                                         operator.io_outMant[6] (net)
                  0.04    0.00    6.22 ^ scaleAdd._391_/A (sky130_fd_sc_hd__and3_1)
     2    0.01    0.06    0.11    6.33 ^ scaleAdd._391_/X (sky130_fd_sc_hd__and3_1)
                                         scaleAdd._071_ (net)
                  0.06    0.00    6.33 ^ scaleAdd._392_/A (sky130_fd_sc_hd__and3_1)
     2    0.01    0.06    0.11    6.44 ^ scaleAdd._392_/X (sky130_fd_sc_hd__and3_1)
                                         scaleAdd._072_ (net)
                  0.06    0.00    6.44 ^ scaleAdd._394_/A_N (sky130_fd_sc_hd__and2b_1)
     1    0.01    0.04    0.13    6.58 v scaleAdd._394_/X (sky130_fd_sc_hd__and2b_1)
                                         scaleAdd._074_ (net)
                  0.04    0.00    6.58 v scaleAdd._395_/A (sky130_fd_sc_hd__xnor2_2)
     2    0.01    0.15    0.16    6.74 ^ scaleAdd._395_/Y (sky130_fd_sc_hd__xnor2_2)
                                         scaleAdd._075_ (net)
                  0.15    0.00    6.74 ^ scaleAdd._396_/B (sky130_fd_sc_hd__xnor2_2)
     2    0.01    0.05    0.06    6.80 v scaleAdd._396_/Y (sky130_fd_sc_hd__xnor2_2)
                                         scaleAdd._076_ (net)
                  0.05    0.00    6.80 v scaleAdd._409_/A (sky130_fd_sc_hd__or2_4)
     2    0.01    0.03    0.17    6.96 v scaleAdd._409_/X (sky130_fd_sc_hd__or2_4)
                                         scaleAdd._088_ (net)
                  0.03    0.00    6.96 v scaleAdd._419_/A (sky130_fd_sc_hd__and3_1)
     2    0.01    0.04    0.11    7.07 v scaleAdd._419_/X (sky130_fd_sc_hd__and3_1)
                                         scaleAdd._098_ (net)
                  0.04    0.00    7.07 v scaleAdd._420_/A (sky130_fd_sc_hd__or2_4)
     1    0.01    0.04    0.18    7.25 v scaleAdd._420_/X (sky130_fd_sc_hd__or2_4)
                                         scaleAdd._099_ (net)
                  0.04    0.00    7.25 v scaleAdd._421_/B (sky130_fd_sc_hd__xor2_4)
     3    0.02    0.16    0.16    7.42 ^ scaleAdd._421_/X (sky130_fd_sc_hd__xor2_4)
                                         scaleAdd._100_ (net)
                  0.16    0.00    7.42 ^ scaleAdd._422_/B (sky130_fd_sc_hd__xor2_2)
     4    0.01    0.15    0.15    7.57 ^ scaleAdd._422_/X (sky130_fd_sc_hd__xor2_2)
                                         scaleAdd._101_ (net)
                  0.15    0.00    7.57 ^ rebuffer34/A (sky130_fd_sc_hd__clkbuf_1)
     1    0.00    0.04    0.07    7.64 ^ rebuffer34/X (sky130_fd_sc_hd__clkbuf_1)
                                         net97 (net)
                  0.04    0.00    7.64 ^ scaleAdd._424_/B (sky130_fd_sc_hd__or2_4)
     2    0.01    0.03    0.08    7.71 ^ scaleAdd._424_/X (sky130_fd_sc_hd__or2_4)
                                         scaleAdd._103_ (net)
                  0.03    0.00    7.71 ^ scaleAdd._425_/B_N (sky130_fd_sc_hd__or2b_1)
     1    0.01    0.05    0.16    7.87 v scaleAdd._425_/X (sky130_fd_sc_hd__or2b_1)
                                         scaleAdd._104_ (net)
                  0.05    0.00    7.87 v scaleAdd._428_/B (sky130_fd_sc_hd__xnor2_2)
     5    0.02    0.06    0.12    7.99 v scaleAdd._428_/Y (sky130_fd_sc_hd__xnor2_2)
                                         accumulator.io_inMant[10] (net)
                  0.06    0.00    7.99 v accumulator._1161_/B (sky130_fd_sc_hd__or3_4)
     1    0.00    0.05    0.24    8.23 v accumulator._1161_/X (sky130_fd_sc_hd__or3_4)
                                         accumulator._0161_ (net)
                  0.05    0.00    8.23 v accumulator._1162_/A1 (sky130_fd_sc_hd__a311o_4)
     4    0.02    0.06    0.24    8.47 v accumulator._1162_/X (sky130_fd_sc_hd__a311o_4)
                                         accumulator._0171_ (net)
                  0.06    0.00    8.47 v accumulator._1163_/A (sky130_fd_sc_hd__xor2_2)
     2    0.01    0.09    0.13    8.60 ^ accumulator._1163_/X (sky130_fd_sc_hd__xor2_2)
                                         accumulator._0181_ (net)
                  0.09    0.00    8.60 ^ accumulator._1172_/A1 (sky130_fd_sc_hd__a41o_1)
     3    0.02    0.15    0.19    8.79 ^ accumulator._1172_/X (sky130_fd_sc_hd__a41o_1)
                                         accumulator._0269_ (net)
                  0.15    0.00    8.79 ^ accumulator._1175_/A2 (sky130_fd_sc_hd__a21oi_1)
     1    0.00    0.05    0.06    8.85 v accumulator._1175_/Y (sky130_fd_sc_hd__a21oi_1)
                                         accumulator._0275_ (net)
                  0.05    0.00    8.85 v accumulator._1188_/A1 (sky130_fd_sc_hd__o41a_1)
     2    0.00    0.05    0.27    9.12 v accumulator._1188_/X (sky130_fd_sc_hd__o41a_1)
                                         accumulator._0288_ (net)
                  0.05    0.00    9.12 v rebuffer5/A (sky130_fd_sc_hd__clkbuf_2)
     2    0.01    0.03    0.09    9.21 v rebuffer5/X (sky130_fd_sc_hd__clkbuf_2)
                                         net68 (net)
                  0.03    0.00    9.21 v accumulator._1204_/B2 (sky130_fd_sc_hd__o2bb2a_2)
     1    0.01    0.04    0.16    9.38 v accumulator._1204_/X (sky130_fd_sc_hd__o2bb2a_2)
                                         accumulator._0304_ (net)
                  0.04    0.00    9.38 v accumulator._1205_/B (sky130_fd_sc_hd__xnor2_2)
     2    0.02    0.07    0.12    9.50 v accumulator._1205_/Y (sky130_fd_sc_hd__xnor2_2)
                                         accumulator._0305_ (net)
                  0.07    0.00    9.50 v accumulator._1221_/A1 (sky130_fd_sc_hd__a31o_4)
     5    0.02    0.04    0.17    9.67 v accumulator._1221_/X (sky130_fd_sc_hd__a31o_4)
                                         accumulator._0321_ (net)
                  0.04    0.00    9.67 v accumulator._1227_/B (sky130_fd_sc_hd__or3_4)
     2    0.01    0.05    0.24    9.91 v accumulator._1227_/X (sky130_fd_sc_hd__or3_4)
                                         accumulator._0327_ (net)
                  0.05    0.00    9.91 v accumulator._1230_/A2 (sky130_fd_sc_hd__a21bo_4)
     2    0.01    0.03    0.15   10.06 v accumulator._1230_/X (sky130_fd_sc_hd__a21bo_4)
                                         accumulator._0330_ (net)
                  0.03    0.00   10.07 v accumulator._1232_/A1 (sky130_fd_sc_hd__a21o_4)
     2    0.02    0.04    0.15   10.21 v accumulator._1232_/X (sky130_fd_sc_hd__a21o_4)
                                         accumulator._0332_ (net)
                  0.04    0.00   10.22 v accumulator._1235_/A2 (sky130_fd_sc_hd__a21o_1)
     2    0.01    0.03    0.13   10.34 v accumulator._1235_/X (sky130_fd_sc_hd__a21o_1)
                                         accumulator._0335_ (net)
                  0.03    0.00   10.34 v accumulator._1237_/A1 (sky130_fd_sc_hd__a21o_1)
     2    0.01    0.05    0.13   10.47 v accumulator._1237_/X (sky130_fd_sc_hd__a21o_1)
                                         accumulator._0337_ (net)
                  0.05    0.00   10.47 v accumulator._1241_/A2 (sky130_fd_sc_hd__a21o_1)
     2    0.01    0.04    0.14   10.61 v accumulator._1241_/X (sky130_fd_sc_hd__a21o_1)
                                         accumulator._0341_ (net)
                  0.04    0.00   10.61 v accumulator._1243_/A2 (sky130_fd_sc_hd__a21o_4)
     4    0.06    0.07    0.19   10.81 v accumulator._1243_/X (sky130_fd_sc_hd__a21o_4)
                                         accumulator._0343_ (net)
                  0.08    0.01   10.82 v accumulator._1253_/A (sky130_fd_sc_hd__xor2_4)
     7    0.04    0.24    0.26   11.07 ^ accumulator._1253_/X (sky130_fd_sc_hd__xor2_4)
                                         accumulator._0353_ (net)
                  0.24    0.00   11.07 ^ accumulator._1299_/A (sky130_fd_sc_hd__buf_6)
     5    0.04    0.06    0.11   11.18 ^ accumulator._1299_/X (sky130_fd_sc_hd__buf_6)
                                         accumulator._0397_ (net)
                  0.06    0.01   11.19 ^ accumulator._1339_/A1 (sky130_fd_sc_hd__a21oi_2)
     3    0.02    0.06    0.05   11.24 v accumulator._1339_/Y (sky130_fd_sc_hd__a21oi_2)
                                         accumulator._0437_ (net)
                  0.06    0.00   11.24 v accumulator._1374_/B (sky130_fd_sc_hd__nor2_4)
     8    0.04    0.20    0.18   11.43 ^ accumulator._1374_/Y (sky130_fd_sc_hd__nor2_4)
                                         accumulator._0472_ (net)
                  0.20    0.01   11.43 ^ accumulator._1375_/A (sky130_fd_sc_hd__clkbuf_4)
    10    0.05    0.11    0.19   11.62 ^ accumulator._1375_/X (sky130_fd_sc_hd__clkbuf_4)
                                         accumulator._0473_ (net)
                  0.11    0.01   11.63 ^ accumulator._1556_/S (sky130_fd_sc_hd__mux2_4)
     4    0.02    0.06    0.23   11.86 v accumulator._1556_/X (sky130_fd_sc_hd__mux2_4)
                                         accumulator._0654_ (net)
                  0.06    0.00   11.86 v accumulator._1599_/A2 (sky130_fd_sc_hd__a2111o_1)
     3    0.01    0.07    0.30   12.16 v accumulator._1599_/X (sky130_fd_sc_hd__a2111o_1)
                                         accumulator._0697_ (net)
                  0.07    0.00   12.16 v accumulator._1601_/A2 (sky130_fd_sc_hd__a21o_1)
     4    0.01    0.06    0.16   12.33 v accumulator._1601_/X (sky130_fd_sc_hd__a21o_1)
                                         accumulator._0699_ (net)
                  0.06    0.00   12.33 v accumulator._1753_/A1 (sky130_fd_sc_hd__a2111o_4)
     6    0.03    0.08    0.34   12.67 v accumulator._1753_/X (sky130_fd_sc_hd__a2111o_4)
                                         accumulator._0851_ (net)
                  0.08    0.00   12.67 v accumulator._1755_/A1 (sky130_fd_sc_hd__a211o_4)
     3    0.02    0.05    0.24   12.91 v accumulator._1755_/X (sky130_fd_sc_hd__a211o_4)
                                         accumulator._0853_ (net)
                  0.05    0.00   12.91 v accumulator._1758_/A1 (sky130_fd_sc_hd__a31o_4)
     5    0.02    0.04    0.17   13.09 v accumulator._1758_/X (sky130_fd_sc_hd__a31o_4)
                                         accumulator._0856_ (net)
                  0.04    0.00   13.09 v accumulator._1769_/A3 (sky130_fd_sc_hd__o311a_4)
     2    0.01    0.05    0.22   13.31 v accumulator._1769_/X (sky130_fd_sc_hd__o311a_4)
                                         accumulator._0867_ (net)
                  0.05    0.00   13.31 v accumulator._1777_/A4 (sky130_fd_sc_hd__o41a_1)
     3    0.01    0.07    0.23   13.54 v accumulator._1777_/X (sky130_fd_sc_hd__o41a_1)
                                         accumulator._0875_ (net)
                  0.07    0.00   13.54 v accumulator._1778_/B (sky130_fd_sc_hd__or3_4)
     3    0.01    0.05    0.25   13.80 v accumulator._1778_/X (sky130_fd_sc_hd__or3_4)
                                         accumulator._0876_ (net)
                  0.05    0.00   13.80 v accumulator._1786_/A1 (sky130_fd_sc_hd__a311o_1)
     3    0.01    0.07    0.21   14.00 v accumulator._1786_/X (sky130_fd_sc_hd__a311o_1)
                                         accumulator._0884_ (net)
                  0.07    0.00   14.00 v accumulator._1792_/A1 (sky130_fd_sc_hd__a311o_1)
     1    0.00    0.04    0.18   14.18 v accumulator._1792_/X (sky130_fd_sc_hd__a311o_1)
                                         accumulator._0890_ (net)
                  0.04    0.00   14.18 v accumulator._1793_/A (sky130_fd_sc_hd__and3_4)
     5    0.03    0.04    0.12   14.31 v accumulator._1793_/X (sky130_fd_sc_hd__and3_4)
                                         accumulator._0891_ (net)
                  0.04    0.00   14.31 v accumulator._1803_/A (sky130_fd_sc_hd__or2_4)
     1    0.01    0.03    0.16   14.47 v accumulator._1803_/X (sky130_fd_sc_hd__or2_4)
                                         accumulator._0901_ (net)
                  0.03    0.00   14.47 v accumulator._1804_/A (sky130_fd_sc_hd__buf_6)
     8    0.03    0.03    0.09   14.56 v accumulator._1804_/X (sky130_fd_sc_hd__buf_6)
                                         accumulator._0902_ (net)
                  0.03    0.00   14.56 v accumulator._1971_/S (sky130_fd_sc_hd__mux2_4)
     4    0.01    0.05    0.21   14.78 v accumulator._1971_/X (sky130_fd_sc_hd__mux2_4)
                                         accumulator._1069_ (net)
                  0.05    0.00   14.78 v accumulator._2006_/A2 (sky130_fd_sc_hd__a21bo_1)
     1    0.00    0.03    0.13   14.91 v accumulator._2006_/X (sky130_fd_sc_hd__a21bo_1)
                                         accumulator._1104_ (net)
                  0.03    0.00   14.91 v accumulator._2007_/A2 (sky130_fd_sc_hd__a21bo_1)
     1    0.00    0.02    0.12   15.03 v accumulator._2007_/X (sky130_fd_sc_hd__a21bo_1)
                                         accumulator._1105_ (net)
                  0.02    0.00   15.03 v accumulator._2008_/A2 (sky130_fd_sc_hd__a21bo_1)
     1    0.00    0.03    0.13   15.16 v accumulator._2008_/X (sky130_fd_sc_hd__a21bo_1)
                                         accumulator._1106_ (net)
                  0.03    0.00   15.16 v accumulator._2009_/A2 (sky130_fd_sc_hd__a21o_1)
     1    0.00    0.03    0.12   15.28 v accumulator._2009_/X (sky130_fd_sc_hd__a21o_1)
                                         accumulator._1107_ (net)
                  0.03    0.00   15.28 v accumulator._2010_/A2 (sky130_fd_sc_hd__a21bo_1)
     1    0.00    0.03    0.13   15.41 v accumulator._2010_/X (sky130_fd_sc_hd__a21bo_1)
                                         accumulator._1108_ (net)
                  0.03    0.00   15.41 v accumulator._2011_/A1 (sky130_fd_sc_hd__a21oi_1)
     1    0.00    0.08    0.08   15.49 ^ accumulator._2011_/Y (sky130_fd_sc_hd__a21oi_1)
                                         accumulator._1109_ (net)
                  0.08    0.00   15.49 ^ accumulator._2012_/A1 (sky130_fd_sc_hd__o21ba_1)
     1    0.00    0.04    0.10   15.59 ^ accumulator._2012_/X (sky130_fd_sc_hd__o21ba_1)
                                         accumulator._1110_ (net)
                  0.04    0.00   15.59 ^ accumulator._2014_/A2 (sky130_fd_sc_hd__o21ai_1)
     1    0.00    0.05    0.04   15.62 v accumulator._2014_/Y (sky130_fd_sc_hd__o21ai_1)
                                         accumulator._1112_ (net)
                  0.05    0.00   15.62 v accumulator._2015_/A1 (sky130_fd_sc_hd__a21bo_1)
     1    0.01    0.03    0.12   15.75 v accumulator._2015_/X (sky130_fd_sc_hd__a21bo_1)
                                         accumulator._1113_ (net)
                  0.03    0.00   15.75 v accumulator._2016_/A2 (sky130_fd_sc_hd__a21oi_1)
     1    0.00    0.09    0.11   15.86 ^ accumulator._2016_/Y (sky130_fd_sc_hd__a21oi_1)
                                         accumulator._1114_ (net)
                  0.09    0.00   15.86 ^ accumulator._2017_/A1 (sky130_fd_sc_hd__o21ai_1)
     1    0.00    0.05    0.05   15.91 v accumulator._2017_/Y (sky130_fd_sc_hd__o21ai_1)
                                         accumulator._1115_ (net)
                  0.05    0.00   15.91 v accumulator._2020_/A1 (sky130_fd_sc_hd__a21o_1)
     4    0.02    0.08    0.16   16.07 v accumulator._2020_/X (sky130_fd_sc_hd__a21o_1)
                                         accumulator._1118_ (net)
                  0.08    0.00   16.07 v accumulator._2021_/A (sky130_fd_sc_hd__buf_6)
     6    0.06    0.05    0.13   16.20 v accumulator._2021_/X (sky130_fd_sc_hd__buf_6)
                                         accumulator._1119_ (net)
                  0.05    0.00   16.21 v accumulator._2055_/S (sky130_fd_sc_hd__mux2_4)
     2    0.01    0.04    0.21   16.42 v accumulator._2055_/X (sky130_fd_sc_hd__mux2_4)
                                         accumulator._0041_ (net)
                  0.04    0.00   16.42 v accumulator._2056_/A0 (sky130_fd_sc_hd__mux2_4)
     2    0.01    0.04    0.17   16.59 v accumulator._2056_/X (sky130_fd_sc_hd__mux2_4)
                                         accumulator._0042_ (net)
                  0.04    0.00   16.59 v accumulator._2094_/A0 (sky130_fd_sc_hd__mux2_4)
     2    0.01    0.04    0.17   16.76 v accumulator._2094_/X (sky130_fd_sc_hd__mux2_4)
                                         accumulator._0080_ (net)
                  0.04    0.00   16.76 v accumulator._2095_/A1 (sky130_fd_sc_hd__mux2_4)
     2    0.01    0.05    0.17   16.93 v accumulator._2095_/X (sky130_fd_sc_hd__mux2_4)
                                         accumulator._0081_ (net)
                  0.05    0.00   16.93 v accumulator._2220_/B1 (sky130_fd_sc_hd__o221a_1)
     1    0.00    0.03    0.14   17.08 v accumulator._2220_/X (sky130_fd_sc_hd__o221a_1)
                                         accumulator._0203_ (net)
                  0.03    0.00   17.08 v accumulator._2221_/A2 (sky130_fd_sc_hd__a21oi_1)
     1    0.00    0.07    0.09   17.17 ^ accumulator._2221_/Y (sky130_fd_sc_hd__a21oi_1)
                                         accumulator._0024_ (net)
                  0.07    0.00   17.17 ^ accumulator._2317_/D (sky130_fd_sc_hd__dfxtp_1)
                                 17.17   data arrival time

                         25.00   25.00   clock clock (rise edge)
                          0.00   25.00   clock source latency
     1    0.02    0.07    0.04   25.04 ^ clock (in)
                                         clock (net)
                  0.07    0.00   25.04 ^ clkbuf_0_clock/A (sky130_fd_sc_hd__clkbuf_16)
     4    0.04    0.05    0.10   25.14 ^ clkbuf_0_clock/X (sky130_fd_sc_hd__clkbuf_16)
                                         clknet_0_clock (net)
                  0.05    0.00   25.15 ^ clkbuf_2_0__f_clock/A (sky130_fd_sc_hd__clkbuf_16)
     8    0.04    0.04    0.09   25.24 ^ clkbuf_2_0__f_clock/X (sky130_fd_sc_hd__clkbuf_16)
                                         clknet_2_0__leaf_clock (net)
                  0.04    0.00   25.24 ^ accumulator._2317_/CLK (sky130_fd_sc_hd__dfxtp_1)
                         -0.25   24.99   clock uncertainty
                          0.00   24.99   clock reconvergence pessimism
                         -0.03   24.96   library setup time
                                 24.96   data required time
-----------------------------------------------------------------------------
                                 24.96   data required time
                                -17.17   data arrival time
-----------------------------------------------------------------------------
                                  7.79   slack (MET)



======================= Slowest Corner ===================================

Startpoint: io_inB[3] (input port clocked by clock)
Endpoint: accumulator._2304_ (rising edge-triggered flip-flop clocked by clock)
Path Group: clock
Path Type: max
Corner: Slowest

Fanout     Cap    Slew   Delay    Time   Description
-----------------------------------------------------------------------------
                          0.00    0.00   clock clock (rise edge)
                          0.00    0.00   clock network delay (propagated)
                          5.00    5.00 v input external delay
     1    0.00    0.02    0.01    5.01 v io_inB[3] (in)
                                         io_inB[3] (net)
                  0.02    0.00    5.01 v input10/A (sky130_fd_sc_hd__buf_4)
     6    0.02    0.08    0.28    5.29 v input10/X (sky130_fd_sc_hd__buf_4)
                                         net10 (net)
                  0.08    0.00    5.29 v operator._085_/A2 (sky130_fd_sc_hd__o31ai_4)
     4    0.02    0.51    0.59    5.88 ^ operator._085_/Y (sky130_fd_sc_hd__o31ai_4)
                                         operator._023_ (net)
                  0.51    0.00    5.88 ^ operator._096_/B (sky130_fd_sc_hd__xnor2_2)
     2    0.01    0.23    0.37    6.25 ^ operator._096_/Y (sky130_fd_sc_hd__xnor2_2)
                                         operator._033_ (net)
                  0.23    0.00    6.25 ^ operator._097_/A (sky130_fd_sc_hd__xor2_1)
     2    0.01    0.25    0.36    6.62 ^ operator._097_/X (sky130_fd_sc_hd__xor2_1)
                                         operator._034_ (net)
                  0.25    0.00    6.62 ^ operator._101_/B_N (sky130_fd_sc_hd__or2b_4)
     2    0.01    0.10    0.63    7.25 v operator._101_/X (sky130_fd_sc_hd__or2b_4)
                                         operator._038_ (net)
                  0.10    0.00    7.25 v operator._102_/B (sky130_fd_sc_hd__and2b_1)
     1    0.02    0.17    0.46    7.71 v operator._102_/X (sky130_fd_sc_hd__and2b_1)
                                         operator._039_ (net)
                  0.17    0.00    7.71 v operator._103_/B (sky130_fd_sc_hd__xnor2_4)
     9    0.04    0.48    0.51    8.21 ^ operator._103_/Y (sky130_fd_sc_hd__xnor2_4)
                                         operator.io_outMant[3] (net)
                  0.48    0.00    8.22 ^ scaleAdd._276_/B (sky130_fd_sc_hd__and2_1)
     2    0.01    0.11    0.41    8.63 ^ scaleAdd._276_/X (sky130_fd_sc_hd__and2_1)
                                         scaleAdd._228_ (net)
                  0.11    0.00    8.63 ^ scaleAdd._315_/A (sky130_fd_sc_hd__and2_1)
     2    0.01    0.25    0.39    9.02 ^ scaleAdd._315_/X (sky130_fd_sc_hd__and2_1)
                                         scaleAdd._264_ (net)
                  0.25    0.00    9.02 ^ scaleAdd._318_/A (sky130_fd_sc_hd__xnor2_2)
     2    0.01    0.24    0.30    9.32 ^ scaleAdd._318_/Y (sky130_fd_sc_hd__xnor2_2)
                                         scaleAdd._001_ (net)
                  0.24    0.00    9.32 ^ scaleAdd._320_/A (sky130_fd_sc_hd__xor2_1)
     2    0.01    0.35    0.45    9.78 ^ scaleAdd._320_/X (sky130_fd_sc_hd__xor2_1)
                                         scaleAdd._003_ (net)
                  0.35    0.00    9.78 ^ scaleAdd._321_/B (sky130_fd_sc_hd__xor2_1)
     2    0.01    0.16    0.28   10.06 v scaleAdd._321_/X (sky130_fd_sc_hd__xor2_1)
                                         scaleAdd._004_ (net)
                  0.16    0.00   10.06 v scaleAdd._322_/B1 (sky130_fd_sc_hd__o21a_1)
     3    0.01    0.14    0.32   10.38 v scaleAdd._322_/X (sky130_fd_sc_hd__o21a_1)
                                         scaleAdd._005_ (net)
                  0.14    0.00   10.38 v scaleAdd._324_/A (sky130_fd_sc_hd__or2_1)
     2    0.01    0.14    0.61   10.98 v scaleAdd._324_/X (sky130_fd_sc_hd__or2_1)
                                         scaleAdd._007_ (net)
                  0.14    0.00   10.98 v scaleAdd._325_/B (sky130_fd_sc_hd__xor2_1)
     2    0.01    0.17    0.35   11.34 v scaleAdd._325_/X (sky130_fd_sc_hd__xor2_1)
                                         scaleAdd._008_ (net)
                  0.17    0.00   11.34 v scaleAdd._352_/A2 (sky130_fd_sc_hd__a31o_1)
     3    0.01    0.11    0.48   11.82 v scaleAdd._352_/X (sky130_fd_sc_hd__a31o_1)
                                         scaleAdd._034_ (net)
                  0.11    0.00   11.82 v scaleAdd._354_/C (sky130_fd_sc_hd__and3_1)
     2    0.00    0.09    0.42   12.24 v scaleAdd._354_/X (sky130_fd_sc_hd__and3_1)
                                         scaleAdd._036_ (net)
                  0.09    0.00   12.24 v scaleAdd._377_/B1 (sky130_fd_sc_hd__a21o_1)
     3    0.01    0.14    0.38   12.62 v scaleAdd._377_/X (sky130_fd_sc_hd__a21o_1)
                                         scaleAdd._058_ (net)
                  0.14    0.00   12.63 v scaleAdd._427_/A2 (sky130_fd_sc_hd__a31o_4)
     4    0.02    0.10    0.51   13.14 v scaleAdd._427_/X (sky130_fd_sc_hd__a31o_4)
                                         scaleAdd._106_ (net)
                  0.10    0.00   13.14 v scaleAdd._467_/A (sky130_fd_sc_hd__or2_1)
     1    0.00    0.10    0.54   13.68 v scaleAdd._467_/X (sky130_fd_sc_hd__or2_1)
                                         scaleAdd._144_ (net)
                  0.10    0.00   13.68 v scaleAdd._468_/A2 (sky130_fd_sc_hd__a31o_1)
     1    0.00    0.07    0.40   14.08 v scaleAdd._468_/X (sky130_fd_sc_hd__a31o_1)
                                         scaleAdd._145_ (net)
                  0.07    0.00   14.08 v scaleAdd._469_/B (sky130_fd_sc_hd__and2_4)
     1    0.01    0.05    0.30   14.38 v scaleAdd._469_/X (sky130_fd_sc_hd__and2_4)
                                         scaleAdd._146_ (net)
                  0.05    0.00   14.38 v scaleAdd._470_/A (sky130_fd_sc_hd__buf_6)
     5    0.02    0.05    0.22   14.60 v scaleAdd._470_/X (sky130_fd_sc_hd__buf_6)
                                         accumulator.io_inMant[12] (net)
                  0.05    0.00   14.60 v accumulator._1148_/D (sky130_fd_sc_hd__or4_4)
     5    0.02    0.22    1.00   15.60 v accumulator._1148_/X (sky130_fd_sc_hd__or4_4)
                                         accumulator._0034_ (net)
                  0.22    0.00   15.60 v rebuffer22/A (sky130_fd_sc_hd__dlymetal6s2s_1)
     1    0.01    0.09    0.39   15.99 v rebuffer22/X (sky130_fd_sc_hd__dlymetal6s2s_1)
                                         net85 (net)
                  0.09    0.00   15.99 v accumulator._1150_/A (sky130_fd_sc_hd__inv_2)
     3    0.01    0.10    0.13   16.12 ^ accumulator._1150_/Y (sky130_fd_sc_hd__inv_2)
                                         accumulator._0054_ (net)
                  0.10    0.00   16.12 ^ accumulator._1152_/A (sky130_fd_sc_hd__nand2_2)
     3    0.01    0.12    0.15   16.27 v accumulator._1152_/Y (sky130_fd_sc_hd__nand2_2)
                                         accumulator._0074_ (net)
                  0.12    0.00   16.27 v accumulator._1153_/B1 (sky130_fd_sc_hd__o21a_1)
     2    0.01    0.09    0.25   16.52 v accumulator._1153_/X (sky130_fd_sc_hd__o21a_1)
                                         accumulator._0083_ (net)
                  0.09    0.00   16.52 v accumulator._1173_/A (sky130_fd_sc_hd__buf_4)
    10    0.04    0.11    0.34   16.86 v accumulator._1173_/X (sky130_fd_sc_hd__buf_4)
                                         accumulator._0273_ (net)
                  0.11    0.00   16.86 v accumulator._1174_/B (sky130_fd_sc_hd__and2_1)
     3    0.01    0.11    0.39   17.25 v accumulator._1174_/X (sky130_fd_sc_hd__and2_1)
                                         accumulator._0274_ (net)
                  0.11    0.00   17.25 v accumulator._1201_/B1 (sky130_fd_sc_hd__a21o_1)
     3    0.01    0.12    0.36   17.62 v accumulator._1201_/X (sky130_fd_sc_hd__a21o_1)
                                         accumulator._0301_ (net)
                  0.12    0.00   17.62 v accumulator._1208_/A1 (sky130_fd_sc_hd__a31o_1)
     1    0.01    0.09    0.38   18.00 v accumulator._1208_/X (sky130_fd_sc_hd__a31o_1)
                                         accumulator._0308_ (net)
                  0.09    0.00   18.00 v accumulator._1209_/B (sky130_fd_sc_hd__xor2_1)
     2    0.01    0.26    0.37   18.37 v accumulator._1209_/X (sky130_fd_sc_hd__xor2_1)
                                         accumulator._0309_ (net)
                  0.26    0.00   18.37 v accumulator._1220_/A (sky130_fd_sc_hd__and4_1)
     1    0.01    0.09    0.43   18.81 v accumulator._1220_/X (sky130_fd_sc_hd__and4_1)
                                         accumulator._0320_ (net)
                  0.09    0.00   18.81 v accumulator._1221_/A3 (sky130_fd_sc_hd__a31o_4)
     5    0.01    0.08    0.49   19.30 v accumulator._1221_/X (sky130_fd_sc_hd__a31o_4)
                                         accumulator._0321_ (net)
                  0.08    0.00   19.30 v accumulator._1227_/B (sky130_fd_sc_hd__or3_4)
     2    0.01    0.13    0.78   20.08 v accumulator._1227_/X (sky130_fd_sc_hd__or3_4)
                                         accumulator._0327_ (net)
                  0.13    0.00   20.08 v accumulator._1230_/A2 (sky130_fd_sc_hd__a21bo_4)
     2    0.01    0.07    0.44   20.52 v accumulator._1230_/X (sky130_fd_sc_hd__a21bo_4)
                                         accumulator._0330_ (net)
                  0.07    0.00   20.52 v accumulator._1232_/A1 (sky130_fd_sc_hd__a21o_4)
     2    0.02    0.10    0.43   20.95 v accumulator._1232_/X (sky130_fd_sc_hd__a21o_4)
                                         accumulator._0332_ (net)
                  0.10    0.00   20.95 v accumulator._1235_/A2 (sky130_fd_sc_hd__a21o_1)
     2    0.01    0.08    0.37   21.32 v accumulator._1235_/X (sky130_fd_sc_hd__a21o_1)
                                         accumulator._0335_ (net)
                  0.08    0.00   21.32 v accumulator._1237_/A1 (sky130_fd_sc_hd__a21o_1)
     2    0.01    0.13    0.38   21.69 v accumulator._1237_/X (sky130_fd_sc_hd__a21o_1)
                                         accumulator._0337_ (net)
                  0.13    0.00   21.70 v accumulator._1241_/A2 (sky130_fd_sc_hd__a21o_1)
     2    0.01    0.10    0.40   22.10 v accumulator._1241_/X (sky130_fd_sc_hd__a21o_1)
                                         accumulator._0341_ (net)
                  0.10    0.00   22.10 v accumulator._1243_/A2 (sky130_fd_sc_hd__a21o_4)
     4    0.06    0.17    0.54   22.65 v accumulator._1243_/X (sky130_fd_sc_hd__a21o_4)
                                         accumulator._0343_ (net)
                  0.17    0.01   22.65 v accumulator._1253_/A (sky130_fd_sc_hd__xor2_4)
     7    0.04    0.49    0.57   23.22 ^ accumulator._1253_/X (sky130_fd_sc_hd__xor2_4)
                                         accumulator._0353_ (net)
                  0.49    0.00   23.23 ^ accumulator._1355_/S (sky130_fd_sc_hd__mux2_4)
     5    0.02    0.12    0.78   24.01 v accumulator._1355_/X (sky130_fd_sc_hd__mux2_4)
                                         accumulator._0453_ (net)
                  0.12    0.00   24.01 v accumulator._1474_/B (sky130_fd_sc_hd__and3_1)
     3    0.01    0.14    0.45   24.47 v accumulator._1474_/X (sky130_fd_sc_hd__and3_1)
                                         accumulator._0572_ (net)
                  0.14    0.00   24.47 v accumulator._1502_/B (sky130_fd_sc_hd__or3_1)
     2    0.01    0.16    0.90   25.37 v accumulator._1502_/X (sky130_fd_sc_hd__or3_1)
                                         accumulator._0600_ (net)
                  0.16    0.00   25.37 v accumulator._1503_/C (sky130_fd_sc_hd__and3_1)
     2    0.01    0.13    0.50   25.87 v accumulator._1503_/X (sky130_fd_sc_hd__and3_1)
                                         accumulator._0601_ (net)
                  0.13    0.00   25.87 v accumulator._1742_/C1 (sky130_fd_sc_hd__a211o_1)
     2    0.02    0.19    0.61   26.48 v accumulator._1742_/X (sky130_fd_sc_hd__a211o_1)
                                         accumulator._0840_ (net)
                  0.19    0.00   26.48 v accumulator._1746_/A1 (sky130_fd_sc_hd__a32o_2)
     4    0.03    0.18    0.65   27.13 v accumulator._1746_/X (sky130_fd_sc_hd__a32o_2)
                                         accumulator._0844_ (net)
                  0.18    0.00   27.13 v accumulator._1753_/C1 (sky130_fd_sc_hd__a2111o_4)
     6    0.03    0.18    0.99   28.12 v accumulator._1753_/X (sky130_fd_sc_hd__a2111o_4)
                                         accumulator._0851_ (net)
                  0.18    0.00   28.12 v accumulator._1755_/A1 (sky130_fd_sc_hd__a211o_4)
     3    0.02    0.11    0.69   28.82 v accumulator._1755_/X (sky130_fd_sc_hd__a211o_4)
                                         accumulator._0853_ (net)
                  0.11    0.00   28.82 v accumulator._1758_/A1 (sky130_fd_sc_hd__a31o_4)
     5    0.02    0.11    0.48   29.30 v accumulator._1758_/X (sky130_fd_sc_hd__a31o_4)
                                         accumulator._0856_ (net)
                  0.11    0.00   29.30 v accumulator._1769_/A3 (sky130_fd_sc_hd__o311a_4)
     2    0.01    0.11    0.63   29.93 v accumulator._1769_/X (sky130_fd_sc_hd__o311a_4)
                                         accumulator._0867_ (net)
                  0.11    0.00   29.94 v accumulator._1777_/A4 (sky130_fd_sc_hd__o41a_1)
     3    0.01    0.20    0.75   30.69 v accumulator._1777_/X (sky130_fd_sc_hd__o41a_1)
                                         accumulator._0875_ (net)
                  0.20    0.00   30.69 v accumulator._1778_/B (sky130_fd_sc_hd__or3_4)
     3    0.01    0.14    0.84   31.52 v accumulator._1778_/X (sky130_fd_sc_hd__or3_4)
                                         accumulator._0876_ (net)
                  0.14    0.00   31.53 v accumulator._1786_/A1 (sky130_fd_sc_hd__a311o_1)
     3    0.01    0.17    0.65   32.17 v accumulator._1786_/X (sky130_fd_sc_hd__a311o_1)
                                         accumulator._0884_ (net)
                  0.17    0.00   32.17 v accumulator._1792_/A1 (sky130_fd_sc_hd__a311o_1)
     1    0.00    0.09    0.57   32.74 v accumulator._1792_/X (sky130_fd_sc_hd__a311o_1)
                                         accumulator._0890_ (net)
                  0.09    0.00   32.74 v accumulator._1793_/A (sky130_fd_sc_hd__and3_4)
     5    0.03    0.10    0.35   33.09 v accumulator._1793_/X (sky130_fd_sc_hd__and3_4)
                                         accumulator._0891_ (net)
                  0.10    0.00   33.09 v accumulator._1803_/A (sky130_fd_sc_hd__or2_4)
     1    0.01    0.08    0.50   33.59 v accumulator._1803_/X (sky130_fd_sc_hd__or2_4)
                                         accumulator._0901_ (net)
                  0.08    0.00   33.59 v accumulator._1804_/A (sky130_fd_sc_hd__buf_6)
     8    0.03    0.07    0.26   33.85 v accumulator._1804_/X (sky130_fd_sc_hd__buf_6)
                                         accumulator._0902_ (net)
                  0.07    0.00   33.85 v accumulator._1971_/S (sky130_fd_sc_hd__mux2_4)
     4    0.01    0.11    0.61   34.47 v accumulator._1971_/X (sky130_fd_sc_hd__mux2_4)
                                         accumulator._1069_ (net)
                  0.11    0.00   34.47 v accumulator._2006_/A2 (sky130_fd_sc_hd__a21bo_1)
     1    0.00    0.07    0.37   34.84 v accumulator._2006_/X (sky130_fd_sc_hd__a21bo_1)
                                         accumulator._1104_ (net)
                  0.07    0.00   34.84 v accumulator._2007_/A2 (sky130_fd_sc_hd__a21bo_1)
     1    0.00    0.06    0.35   35.19 v accumulator._2007_/X (sky130_fd_sc_hd__a21bo_1)
                                         accumulator._1105_ (net)
                  0.06    0.00   35.19 v accumulator._2008_/A2 (sky130_fd_sc_hd__a21bo_1)
     1    0.00    0.08    0.37   35.56 v accumulator._2008_/X (sky130_fd_sc_hd__a21bo_1)
                                         accumulator._1106_ (net)
                  0.08    0.00   35.56 v accumulator._2009_/A2 (sky130_fd_sc_hd__a21o_1)
     1    0.00    0.06    0.34   35.90 v accumulator._2009_/X (sky130_fd_sc_hd__a21o_1)
                                         accumulator._1107_ (net)
                  0.06    0.00   35.90 v accumulator._2010_/A2 (sky130_fd_sc_hd__a21bo_1)
     1    0.00    0.08    0.37   36.27 v accumulator._2010_/X (sky130_fd_sc_hd__a21bo_1)
                                         accumulator._1108_ (net)
                  0.08    0.00   36.27 v accumulator._2011_/A1 (sky130_fd_sc_hd__a21oi_1)
     1    0.00    0.17    0.21   36.48 ^ accumulator._2011_/Y (sky130_fd_sc_hd__a21oi_1)
                                         accumulator._1109_ (net)
                  0.17    0.00   36.48 ^ accumulator._2012_/A1 (sky130_fd_sc_hd__o21ba_1)
     1    0.00    0.10    0.32   36.80 ^ accumulator._2012_/X (sky130_fd_sc_hd__o21ba_1)
                                         accumulator._1110_ (net)
                  0.10    0.00   36.80 ^ accumulator._2014_/A2 (sky130_fd_sc_hd__o21ai_1)
     1    0.00    0.11    0.13   36.93 v accumulator._2014_/Y (sky130_fd_sc_hd__o21ai_1)
                                         accumulator._1112_ (net)
                  0.11    0.00   36.93 v accumulator._2015_/A1 (sky130_fd_sc_hd__a21bo_1)
     1    0.01    0.08    0.36   37.29 v accumulator._2015_/X (sky130_fd_sc_hd__a21bo_1)
                                         accumulator._1113_ (net)
                  0.08    0.00   37.29 v accumulator._2016_/A2 (sky130_fd_sc_hd__a21oi_1)
     1    0.00    0.20    0.27   37.56 ^ accumulator._2016_/Y (sky130_fd_sc_hd__a21oi_1)
                                         accumulator._1114_ (net)
                  0.20    0.00   37.56 ^ accumulator._2017_/A1 (sky130_fd_sc_hd__o21ai_1)
     1    0.00    0.11    0.21   37.77 v accumulator._2017_/Y (sky130_fd_sc_hd__o21ai_1)
                                         accumulator._1115_ (net)
                  0.11    0.00   37.77 v accumulator._2020_/A1 (sky130_fd_sc_hd__a21o_1)
     4    0.02    0.22    0.47   38.24 v accumulator._2020_/X (sky130_fd_sc_hd__a21o_1)
                                         accumulator._1118_ (net)
                  0.22    0.00   38.24 v accumulator._2021_/A (sky130_fd_sc_hd__buf_6)
     6    0.06    0.11    0.36   38.60 v accumulator._2021_/X (sky130_fd_sc_hd__buf_6)
                                         accumulator._1119_ (net)
                  0.11    0.00   38.61 v accumulator._2022_/A (sky130_fd_sc_hd__buf_8)
     5    0.04    0.08    0.28   38.88 v accumulator._2022_/X (sky130_fd_sc_hd__buf_8)
                                         accumulator._1120_ (net)
                  0.08    0.01   38.89 v accumulator._2115_/S (sky130_fd_sc_hd__mux2_1)
     2    0.01    0.19    0.84   39.73 v accumulator._2115_/X (sky130_fd_sc_hd__mux2_1)
                                         accumulator._0100_ (net)
                  0.19    0.00   39.73 v accumulator._2116_/A0 (sky130_fd_sc_hd__mux2_2)
     2    0.01    0.13    0.67   40.40 v accumulator._2116_/X (sky130_fd_sc_hd__mux2_2)
                                         accumulator._0101_ (net)
                  0.13    0.00   40.40 v accumulator._2117_/A1 (sky130_fd_sc_hd__mux2_2)
     2    0.01    0.15    0.68   41.09 v accumulator._2117_/X (sky130_fd_sc_hd__mux2_2)
                                         accumulator._0102_ (net)
                  0.15    0.00   41.09 v accumulator._2119_/B1 (sky130_fd_sc_hd__o221a_1)
     1    0.00    0.10    0.49   41.58 v accumulator._2119_/X (sky130_fd_sc_hd__o221a_1)
                                         accumulator._0105_ (net)
                  0.10    0.00   41.58 v accumulator._2120_/B (sky130_fd_sc_hd__nor2_1)
     1    0.00    0.12    0.15   41.73 ^ accumulator._2120_/Y (sky130_fd_sc_hd__nor2_1)
                                         accumulator._0011_ (net)
                  0.12    0.00   41.73 ^ accumulator._2304_/D (sky130_fd_sc_hd__dfxtp_1)
                                 41.73   data arrival time

                         25.00   25.00   clock clock (rise edge)
                          0.00   25.00   clock source latency
     1    0.02    0.14    0.09   25.09 ^ clock (in)
                                         clock (net)
                  0.14    0.00   25.09 ^ clkbuf_0_clock/A (sky130_fd_sc_hd__clkbuf_16)
     4    0.04    0.10    0.27   25.35 ^ clkbuf_0_clock/X (sky130_fd_sc_hd__clkbuf_16)
                                         clknet_0_clock (net)
                  0.10    0.00   25.36 ^ clkbuf_2_3__f_clock/A (sky130_fd_sc_hd__clkbuf_16)
     9    0.04    0.09    0.25   25.60 ^ clkbuf_2_3__f_clock/X (sky130_fd_sc_hd__clkbuf_16)
                                         clknet_2_3__leaf_clock (net)
                  0.09    0.00   25.60 ^ accumulator._2304_/CLK (sky130_fd_sc_hd__dfxtp_1)
                         -0.25   25.35   clock uncertainty
                          0.00   25.35   clock reconvergence pessimism
                         -0.14   25.22   library setup time
                                 25.22   data required time
-----------------------------------------------------------------------------
                                 25.22   data required time
                                -41.73   data arrival time
-----------------------------------------------------------------------------
                                -16.52   slack (VIOLATED)



======================= Typical Corner ===================================

Startpoint: io_inB[3] (input port clocked by clock)
Endpoint: accumulator._2317_ (rising edge-triggered flip-flop clocked by clock)
Path Group: clock
Path Type: max
Corner: Typical

Fanout     Cap    Slew   Delay    Time   Description
-----------------------------------------------------------------------------
                          0.00    0.00   clock clock (rise edge)
                          0.00    0.00   clock network delay (propagated)
                          5.00    5.00 v input external delay
     1    0.00    0.01    0.00    5.00 v io_inB[3] (in)
                                         io_inB[3] (net)
                  0.01    0.00    5.00 v input10/A (sky130_fd_sc_hd__buf_4)
     6    0.02    0.05    0.15    5.15 v input10/X (sky130_fd_sc_hd__buf_4)
                                         net10 (net)
                  0.05    0.00    5.16 v operator._085_/A2 (sky130_fd_sc_hd__o31ai_4)
     4    0.02    0.33    0.36    5.51 ^ operator._085_/Y (sky130_fd_sc_hd__o31ai_4)
                                         operator._023_ (net)
                  0.33    0.00    5.51 ^ operator._096_/B (sky130_fd_sc_hd__xnor2_2)
     2    0.01    0.15    0.17    5.68 ^ operator._096_/Y (sky130_fd_sc_hd__xnor2_2)
                                         operator._033_ (net)
                  0.15    0.00    5.68 ^ operator._097_/A (sky130_fd_sc_hd__xor2_1)
     2    0.01    0.15    0.19    5.88 ^ operator._097_/X (sky130_fd_sc_hd__xor2_1)
                                         operator._034_ (net)
                  0.15    0.00    5.88 ^ operator._101_/B_N (sky130_fd_sc_hd__or2b_4)
     2    0.01    0.06    0.32    6.19 v operator._101_/X (sky130_fd_sc_hd__or2b_4)
                                         operator._038_ (net)
                  0.06    0.00    6.19 v operator._102_/B (sky130_fd_sc_hd__and2b_1)
     1    0.02    0.09    0.22    6.41 v operator._102_/X (sky130_fd_sc_hd__and2b_1)
                                         operator._039_ (net)
                  0.09    0.00    6.42 v operator._103_/B (sky130_fd_sc_hd__xnor2_4)
     9    0.04    0.32    0.31    6.73 ^ operator._103_/Y (sky130_fd_sc_hd__xnor2_4)
                                         operator.io_outMant[3] (net)
                  0.32    0.00    6.73 ^ scaleAdd._276_/B (sky130_fd_sc_hd__and2_1)
     2    0.01    0.07    0.20    6.93 ^ scaleAdd._276_/X (sky130_fd_sc_hd__and2_1)
                                         scaleAdd._228_ (net)
                  0.07    0.00    6.93 ^ scaleAdd._315_/A (sky130_fd_sc_hd__and2_1)
     2    0.01    0.15    0.21    7.14 ^ scaleAdd._315_/X (sky130_fd_sc_hd__and2_1)
                                         scaleAdd._264_ (net)
                  0.15    0.00    7.14 ^ scaleAdd._318_/A (sky130_fd_sc_hd__xnor2_2)
     2    0.01    0.16    0.15    7.29 ^ scaleAdd._318_/Y (sky130_fd_sc_hd__xnor2_2)
                                         scaleAdd._001_ (net)
                  0.16    0.00    7.29 ^ scaleAdd._320_/A (sky130_fd_sc_hd__xor2_1)
     2    0.01    0.22    0.25    7.54 ^ scaleAdd._320_/X (sky130_fd_sc_hd__xor2_1)
                                         scaleAdd._003_ (net)
                  0.22    0.00    7.54 ^ scaleAdd._321_/B (sky130_fd_sc_hd__xor2_1)
     2    0.01    0.18    0.23    7.77 ^ scaleAdd._321_/X (sky130_fd_sc_hd__xor2_1)
                                         scaleAdd._004_ (net)
                  0.18    0.00    7.77 ^ scaleAdd._322_/B1 (sky130_fd_sc_hd__o21a_1)
     3    0.01    0.12    0.22    7.99 ^ scaleAdd._322_/X (sky130_fd_sc_hd__o21a_1)
                                         scaleAdd._005_ (net)
                  0.12    0.00    7.99 ^ scaleAdd._324_/A (sky130_fd_sc_hd__or2_1)
     2    0.01    0.08    0.16    8.14 ^ scaleAdd._324_/X (sky130_fd_sc_hd__or2_1)
                                         scaleAdd._007_ (net)
                  0.08    0.00    8.15 ^ scaleAdd._325_/B (sky130_fd_sc_hd__xor2_1)
     2    0.01    0.22    0.24    8.39 ^ scaleAdd._325_/X (sky130_fd_sc_hd__xor2_1)
                                         scaleAdd._008_ (net)
                  0.22    0.00    8.39 ^ scaleAdd._328_/A (sky130_fd_sc_hd__xnor2_1)
     3    0.01    0.29    0.22    8.61 ^ scaleAdd._328_/Y (sky130_fd_sc_hd__xnor2_1)
                                         scaleAdd._011_ (net)
                  0.29    0.00    8.61 ^ scaleAdd._356_/B1 (sky130_fd_sc_hd__o21a_1)
     2    0.01    0.13    0.25    8.86 ^ scaleAdd._356_/X (sky130_fd_sc_hd__o21a_1)
                                         scaleAdd._038_ (net)
                  0.13    0.00    8.86 ^ scaleAdd._377_/A2 (sky130_fd_sc_hd__a21o_1)
     3    0.01    0.12    0.20    9.06 ^ scaleAdd._377_/X (sky130_fd_sc_hd__a21o_1)
                                         scaleAdd._058_ (net)
                  0.12    0.00    9.06 ^ rebuffer35/A (sky130_fd_sc_hd__dlygate4sd1_1)
     1    0.01    0.09    0.26    9.33 ^ rebuffer35/X (sky130_fd_sc_hd__dlygate4sd1_1)
                                         net98 (net)
                  0.09    0.00    9.33 ^ scaleAdd._378_/B (sky130_fd_sc_hd__xor2_2)
     5    0.01    0.21    0.23    9.56 ^ scaleAdd._378_/X (sky130_fd_sc_hd__xor2_2)
                                         accumulator.io_inMant[8] (net)
                  0.21    0.00    9.56 ^ accumulator._1159_/A (sky130_fd_sc_hd__nor2_1)
     1    0.00    0.05    0.08    9.64 v accumulator._1159_/Y (sky130_fd_sc_hd__nor2_1)
                                         accumulator._0142_ (net)
                  0.05    0.00    9.64 v accumulator._1160_/B1 (sky130_fd_sc_hd__o31a_1)
     1    0.00    0.05    0.11    9.75 v accumulator._1160_/X (sky130_fd_sc_hd__o31a_1)
                                         accumulator._0152_ (net)
                  0.05    0.00    9.75 v accumulator._1161_/C (sky130_fd_sc_hd__or3_4)
     1    0.00    0.07    0.34   10.09 v accumulator._1161_/X (sky130_fd_sc_hd__or3_4)
                                         accumulator._0161_ (net)
                  0.07    0.00   10.09 v accumulator._1162_/A1 (sky130_fd_sc_hd__a311o_4)
     4    0.02    0.08    0.37   10.47 v accumulator._1162_/X (sky130_fd_sc_hd__a311o_4)
                                         accumulator._0171_ (net)
                  0.08    0.00   10.47 v accumulator._1163_/A (sky130_fd_sc_hd__xor2_2)
     2    0.01    0.12    0.18   10.65 ^ accumulator._1163_/X (sky130_fd_sc_hd__xor2_2)
                                         accumulator._0181_ (net)
                  0.12    0.00   10.65 ^ accumulator._1172_/A1 (sky130_fd_sc_hd__a41o_1)
     3    0.02    0.20    0.30   10.95 ^ accumulator._1172_/X (sky130_fd_sc_hd__a41o_1)
                                         accumulator._0269_ (net)
                  0.20    0.00   10.95 ^ accumulator._1175_/A2 (sky130_fd_sc_hd__a21oi_1)
     1    0.00    0.06    0.11   11.06 v accumulator._1175_/Y (sky130_fd_sc_hd__a21oi_1)
                                         accumulator._0275_ (net)
                  0.06    0.00   11.06 v accumulator._1188_/A1 (sky130_fd_sc_hd__o41a_1)
     2    0.00    0.07    0.45   11.51 v accumulator._1188_/X (sky130_fd_sc_hd__o41a_1)
                                         accumulator._0288_ (net)
                  0.07    0.00   11.51 v rebuffer5/A (sky130_fd_sc_hd__clkbuf_2)
     2    0.01    0.04    0.13   11.63 v rebuffer5/X (sky130_fd_sc_hd__clkbuf_2)
                                         net68 (net)
                  0.04    0.00   11.64 v accumulator._1194_/A3 (sky130_fd_sc_hd__o32a_4)
     1    0.02    0.07    0.35   11.99 v accumulator._1194_/X (sky130_fd_sc_hd__o32a_4)
                                         accumulator._0294_ (net)
                  0.07    0.00   11.99 v accumulator._1197_/B (sky130_fd_sc_hd__xnor2_4)
     4    0.02    0.10    0.17   12.16 v accumulator._1197_/Y (sky130_fd_sc_hd__xnor2_4)
                                         accumulator._0297_ (net)
                  0.10    0.00   12.16 v accumulator._1221_/B1 (sky130_fd_sc_hd__a31o_4)
     5    0.01    0.05    0.26   12.42 v accumulator._1221_/X (sky130_fd_sc_hd__a31o_4)
                                         accumulator._0321_ (net)
                  0.05    0.00   12.42 v accumulator._1227_/B (sky130_fd_sc_hd__or3_4)
     2    0.01    0.07    0.39   12.81 v accumulator._1227_/X (sky130_fd_sc_hd__or3_4)
                                         accumulator._0327_ (net)
                  0.07    0.00   12.81 v accumulator._1230_/A2 (sky130_fd_sc_hd__a21bo_4)
     2    0.01    0.04    0.24   13.05 v accumulator._1230_/X (sky130_fd_sc_hd__a21bo_4)
                                         accumulator._0330_ (net)
                  0.04    0.00   13.05 v accumulator._1232_/A1 (sky130_fd_sc_hd__a21o_4)
     2    0.02    0.05    0.23   13.28 v accumulator._1232_/X (sky130_fd_sc_hd__a21o_4)
                                         accumulator._0332_ (net)
                  0.05    0.00   13.28 v accumulator._1235_/A2 (sky130_fd_sc_hd__a21o_1)
     2    0.01    0.04    0.20   13.48 v accumulator._1235_/X (sky130_fd_sc_hd__a21o_1)
                                         accumulator._0335_ (net)
                  0.04    0.00   13.48 v accumulator._1237_/A1 (sky130_fd_sc_hd__a21o_1)
     2    0.01    0.07    0.20   13.67 v accumulator._1237_/X (sky130_fd_sc_hd__a21o_1)
                                         accumulator._0337_ (net)
                  0.07    0.00   13.68 v accumulator._1241_/A2 (sky130_fd_sc_hd__a21o_1)
     2    0.01    0.06    0.22   13.89 v accumulator._1241_/X (sky130_fd_sc_hd__a21o_1)
                                         accumulator._0341_ (net)
                  0.06    0.00   13.89 v accumulator._1243_/A2 (sky130_fd_sc_hd__a21o_4)
     4    0.06    0.10    0.30   14.19 v accumulator._1243_/X (sky130_fd_sc_hd__a21o_4)
                                         accumulator._0343_ (net)
                  0.10    0.01   14.20 v accumulator._1253_/A (sky130_fd_sc_hd__xor2_4)
     7    0.04    0.32    0.35   14.55 ^ accumulator._1253_/X (sky130_fd_sc_hd__xor2_4)
                                         accumulator._0353_ (net)
                  0.32    0.00   14.55 ^ accumulator._1307_/S (sky130_fd_sc_hd__mux2_4)
     4    0.01    0.06    0.25   14.80 ^ accumulator._1307_/X (sky130_fd_sc_hd__mux2_4)
                                         accumulator._0405_ (net)
                  0.06    0.00   14.80 ^ rebuffer9/A (sky130_fd_sc_hd__dlygate4sd3_1)
     1    0.00    0.06    0.58   15.38 ^ rebuffer9/X (sky130_fd_sc_hd__dlygate4sd3_1)
                                         net72 (net)
                  0.06    0.00   15.38 ^ accumulator._1505_/B (sky130_fd_sc_hd__nor4_1)
     1    0.00    0.07    0.06   15.44 v accumulator._1505_/Y (sky130_fd_sc_hd__nor4_1)
                                         accumulator._0603_ (net)
                  0.07    0.00   15.44 v accumulator._1506_/B1 (sky130_fd_sc_hd__a31o_1)
     3    0.02    0.10    0.26   15.70 v accumulator._1506_/X (sky130_fd_sc_hd__a31o_1)
                                         accumulator._0604_ (net)
                  0.10    0.00   15.71 v accumulator._1641_/C (sky130_fd_sc_hd__and3_1)
     1    0.00    0.04    0.21   15.92 v accumulator._1641_/X (sky130_fd_sc_hd__and3_1)
                                         accumulator._0739_ (net)
                  0.04    0.00   15.92 v accumulator._1642_/B1 (sky130_fd_sc_hd__a31o_2)
     4    0.03    0.10    0.30   16.22 v accumulator._1642_/X (sky130_fd_sc_hd__a31o_2)
                                         accumulator._0740_ (net)
                  0.10    0.00   16.22 v accumulator._1746_/B2 (sky130_fd_sc_hd__a32o_2)
     4    0.03    0.11    0.34   16.56 v accumulator._1746_/X (sky130_fd_sc_hd__a32o_2)
                                         accumulator._0844_ (net)
                  0.11    0.00   16.57 v accumulator._1753_/C1 (sky130_fd_sc_hd__a2111o_4)
     6    0.03    0.10    0.52   17.09 v accumulator._1753_/X (sky130_fd_sc_hd__a2111o_4)
                                         accumulator._0851_ (net)
                  0.10    0.00   17.09 v accumulator._1755_/A1 (sky130_fd_sc_hd__a211o_4)
     3    0.02    0.07    0.39   17.48 v accumulator._1755_/X (sky130_fd_sc_hd__a211o_4)
                                         accumulator._0853_ (net)
                  0.07    0.00   17.48 v accumulator._1758_/A1 (sky130_fd_sc_hd__a31o_4)
     5    0.02    0.06    0.26   17.74 v accumulator._1758_/X (sky130_fd_sc_hd__a31o_4)
                                         accumulator._0856_ (net)
                  0.06    0.00   17.74 v accumulator._1769_/A3 (sky130_fd_sc_hd__o311a_4)
     2    0.01    0.07    0.34   18.09 v accumulator._1769_/X (sky130_fd_sc_hd__o311a_4)
                                         accumulator._0867_ (net)
                  0.07    0.00   18.09 v accumulator._1777_/A4 (sky130_fd_sc_hd__o41a_1)
     3    0.01    0.10    0.38   18.47 v accumulator._1777_/X (sky130_fd_sc_hd__o41a_1)
                                         accumulator._0875_ (net)
                  0.10    0.00   18.47 v accumulator._1778_/B (sky130_fd_sc_hd__or3_4)
     3    0.01    0.08    0.42   18.89 v accumulator._1778_/X (sky130_fd_sc_hd__or3_4)
                                         accumulator._0876_ (net)
                  0.08    0.00   18.89 v accumulator._1786_/A1 (sky130_fd_sc_hd__a311o_1)
     3    0.01    0.09    0.33   19.22 v accumulator._1786_/X (sky130_fd_sc_hd__a311o_1)
                                         accumulator._0884_ (net)
                  0.09    0.00   19.22 v accumulator._1792_/A1 (sky130_fd_sc_hd__a311o_1)
     1    0.00    0.05    0.29   19.51 v accumulator._1792_/X (sky130_fd_sc_hd__a311o_1)
                                         accumulator._0890_ (net)
                  0.05    0.00   19.51 v accumulator._1793_/A (sky130_fd_sc_hd__and3_4)
     5    0.02    0.06    0.19   19.70 v accumulator._1793_/X (sky130_fd_sc_hd__and3_4)
                                         accumulator._0891_ (net)
                  0.06    0.00   19.70 v accumulator._1803_/A (sky130_fd_sc_hd__or2_4)
     1    0.00    0.05    0.26   19.96 v accumulator._1803_/X (sky130_fd_sc_hd__or2_4)
                                         accumulator._0901_ (net)
                  0.05    0.00   19.96 v accumulator._1804_/A (sky130_fd_sc_hd__buf_6)
     8    0.03    0.04    0.14   20.10 v accumulator._1804_/X (sky130_fd_sc_hd__buf_6)
                                         accumulator._0902_ (net)
                  0.04    0.00   20.10 v accumulator._1971_/S (sky130_fd_sc_hd__mux2_4)
     4    0.01    0.07    0.33   20.44 v accumulator._1971_/X (sky130_fd_sc_hd__mux2_4)
                                         accumulator._1069_ (net)
                  0.07    0.00   20.44 v accumulator._2006_/A2 (sky130_fd_sc_hd__a21bo_1)
     1    0.00    0.04    0.20   20.64 v accumulator._2006_/X (sky130_fd_sc_hd__a21bo_1)
                                         accumulator._1104_ (net)
                  0.04    0.00   20.64 v accumulator._2007_/A2 (sky130_fd_sc_hd__a21bo_1)
     1    0.00    0.03    0.19   20.83 v accumulator._2007_/X (sky130_fd_sc_hd__a21bo_1)
                                         accumulator._1105_ (net)
                  0.03    0.00   20.83 v accumulator._2008_/A2 (sky130_fd_sc_hd__a21bo_1)
     1    0.00    0.04    0.20   21.03 v accumulator._2008_/X (sky130_fd_sc_hd__a21bo_1)
                                         accumulator._1106_ (net)
                  0.04    0.00   21.03 v accumulator._2009_/A2 (sky130_fd_sc_hd__a21o_1)
     1    0.00    0.03    0.18   21.21 v accumulator._2009_/X (sky130_fd_sc_hd__a21o_1)
                                         accumulator._1107_ (net)
                  0.03    0.00   21.21 v accumulator._2010_/A2 (sky130_fd_sc_hd__a21bo_1)
     1    0.00    0.04    0.20   21.41 v accumulator._2010_/X (sky130_fd_sc_hd__a21bo_1)
                                         accumulator._1108_ (net)
                  0.04    0.00   21.41 v accumulator._2011_/A1 (sky130_fd_sc_hd__a21oi_1)
     1    0.00    0.10    0.12   21.53 ^ accumulator._2011_/Y (sky130_fd_sc_hd__a21oi_1)
                                         accumulator._1109_ (net)
                  0.10    0.00   21.53 ^ accumulator._2012_/A1 (sky130_fd_sc_hd__o21ba_1)
     1    0.00    0.06    0.16   21.69 ^ accumulator._2012_/X (sky130_fd_sc_hd__o21ba_1)
                                         accumulator._1110_ (net)
                  0.06    0.00   21.69 ^ accumulator._2014_/A2 (sky130_fd_sc_hd__o21ai_1)
     1    0.00    0.07    0.06   21.74 v accumulator._2014_/Y (sky130_fd_sc_hd__o21ai_1)
                                         accumulator._1112_ (net)
                  0.07    0.00   21.75 v accumulator._2015_/A1 (sky130_fd_sc_hd__a21bo_1)
     1    0.01    0.04    0.19   21.93 v accumulator._2015_/X (sky130_fd_sc_hd__a21bo_1)
                                         accumulator._1113_ (net)
                  0.04    0.00   21.94 v accumulator._2016_/A2 (sky130_fd_sc_hd__a21oi_1)
     1    0.00    0.12    0.16   22.09 ^ accumulator._2016_/Y (sky130_fd_sc_hd__a21oi_1)
                                         accumulator._1114_ (net)
                  0.12    0.00   22.09 ^ accumulator._2017_/A1 (sky130_fd_sc_hd__o21ai_1)
     1    0.00    0.06    0.09   22.19 v accumulator._2017_/Y (sky130_fd_sc_hd__o21ai_1)
                                         accumulator._1115_ (net)
                  0.06    0.00   22.19 v accumulator._2020_/A1 (sky130_fd_sc_hd__a21o_1)
     4    0.02    0.12    0.25   22.44 v accumulator._2020_/X (sky130_fd_sc_hd__a21o_1)
                                         accumulator._1118_ (net)
                  0.12    0.00   22.44 v accumulator._2021_/A (sky130_fd_sc_hd__buf_6)
     6    0.06    0.06    0.20   22.63 v accumulator._2021_/X (sky130_fd_sc_hd__buf_6)
                                         accumulator._1119_ (net)
                  0.06    0.00   22.64 v accumulator._2055_/S (sky130_fd_sc_hd__mux2_4)
     2    0.01    0.06    0.33   22.97 v accumulator._2055_/X (sky130_fd_sc_hd__mux2_4)
                                         accumulator._0041_ (net)
                  0.06    0.00   22.97 v accumulator._2056_/A0 (sky130_fd_sc_hd__mux2_4)
     2    0.01    0.06    0.29   23.26 v accumulator._2056_/X (sky130_fd_sc_hd__mux2_4)
                                         accumulator._0042_ (net)
                  0.06    0.00   23.26 v accumulator._2094_/A0 (sky130_fd_sc_hd__mux2_4)
     2    0.01    0.06    0.30   23.56 v accumulator._2094_/X (sky130_fd_sc_hd__mux2_4)
                                         accumulator._0080_ (net)
                  0.06    0.00   23.56 v accumulator._2095_/A1 (sky130_fd_sc_hd__mux2_4)
     2    0.01    0.06    0.29   23.86 v accumulator._2095_/X (sky130_fd_sc_hd__mux2_4)
                                         accumulator._0081_ (net)
                  0.06    0.00   23.86 v accumulator._2220_/B1 (sky130_fd_sc_hd__o221a_1)
     1    0.00    0.04    0.23   24.09 v accumulator._2220_/X (sky130_fd_sc_hd__o221a_1)
                                         accumulator._0203_ (net)
                  0.04    0.00   24.09 v accumulator._2221_/A2 (sky130_fd_sc_hd__a21oi_1)
     1    0.00    0.10    0.13   24.22 ^ accumulator._2221_/Y (sky130_fd_sc_hd__a21oi_1)
                                         accumulator._0024_ (net)
                  0.10    0.00   24.22 ^ accumulator._2317_/D (sky130_fd_sc_hd__dfxtp_1)
                                 24.22   data arrival time

                         25.00   25.00   clock clock (rise edge)
                          0.00   25.00   clock source latency
     1    0.02    0.09    0.06   25.06 ^ clock (in)
                                         clock (net)
                  0.09    0.00   25.06 ^ clkbuf_0_clock/A (sky130_fd_sc_hd__clkbuf_16)
     4    0.04    0.06    0.15   25.21 ^ clkbuf_0_clock/X (sky130_fd_sc_hd__clkbuf_16)
                                         clknet_0_clock (net)
                  0.06    0.00   25.21 ^ clkbuf_2_0__f_clock/A (sky130_fd_sc_hd__clkbuf_16)
     8    0.03    0.06    0.14   25.34 ^ clkbuf_2_0__f_clock/X (sky130_fd_sc_hd__clkbuf_16)
                                         clknet_2_0__leaf_clock (net)
                  0.06    0.00   25.34 ^ accumulator._2317_/CLK (sky130_fd_sc_hd__dfxtp_1)
                         -0.25   25.09   clock uncertainty
                          0.00   25.09   clock reconvergence pessimism
                         -0.06   25.03   library setup time
                                 25.03   data required time
-----------------------------------------------------------------------------
                                 25.03   data required time
                                -24.22   data arrival time
-----------------------------------------------------------------------------
                                  0.81   slack (MET)




===========================================================================
report_checks --slack_max -0.01
============================================================================
======================= Fastest Corner ===================================

No paths found.

======================= Slowest Corner ===================================

Startpoint: io_inB[3] (input port clocked by clock)
Endpoint: accumulator._2304_ (rising edge-triggered flip-flop clocked by clock)
Path Group: clock
Path Type: max
Corner: Slowest

Fanout     Cap    Slew   Delay    Time   Description
-----------------------------------------------------------------------------
                          0.00    0.00   clock clock (rise edge)
                          0.00    0.00   clock network delay (propagated)
                          5.00    5.00 v input external delay
     1    0.00    0.02    0.01    5.01 v io_inB[3] (in)
                                         io_inB[3] (net)
                  0.02    0.00    5.01 v input10/A (sky130_fd_sc_hd__buf_4)
     6    0.02    0.08    0.28    5.29 v input10/X (sky130_fd_sc_hd__buf_4)
                                         net10 (net)
                  0.08    0.00    5.29 v operator._085_/A2 (sky130_fd_sc_hd__o31ai_4)
     4    0.02    0.51    0.59    5.88 ^ operator._085_/Y (sky130_fd_sc_hd__o31ai_4)
                                         operator._023_ (net)
                  0.51    0.00    5.88 ^ operator._096_/B (sky130_fd_sc_hd__xnor2_2)
     2    0.01    0.23    0.37    6.25 ^ operator._096_/Y (sky130_fd_sc_hd__xnor2_2)
                                         operator._033_ (net)
                  0.23    0.00    6.25 ^ operator._097_/A (sky130_fd_sc_hd__xor2_1)
     2    0.01    0.25    0.36    6.62 ^ operator._097_/X (sky130_fd_sc_hd__xor2_1)
                                         operator._034_ (net)
                  0.25    0.00    6.62 ^ operator._101_/B_N (sky130_fd_sc_hd__or2b_4)
     2    0.01    0.10    0.63    7.25 v operator._101_/X (sky130_fd_sc_hd__or2b_4)
                                         operator._038_ (net)
                  0.10    0.00    7.25 v operator._102_/B (sky130_fd_sc_hd__and2b_1)
     1    0.02    0.17    0.46    7.71 v operator._102_/X (sky130_fd_sc_hd__and2b_1)
                                         operator._039_ (net)
                  0.17    0.00    7.71 v operator._103_/B (sky130_fd_sc_hd__xnor2_4)
     9    0.04    0.48    0.51    8.21 ^ operator._103_/Y (sky130_fd_sc_hd__xnor2_4)
                                         operator.io_outMant[3] (net)
                  0.48    0.00    8.22 ^ scaleAdd._276_/B (sky130_fd_sc_hd__and2_1)
     2    0.01    0.11    0.41    8.63 ^ scaleAdd._276_/X (sky130_fd_sc_hd__and2_1)
                                         scaleAdd._228_ (net)
                  0.11    0.00    8.63 ^ scaleAdd._315_/A (sky130_fd_sc_hd__and2_1)
     2    0.01    0.25    0.39    9.02 ^ scaleAdd._315_/X (sky130_fd_sc_hd__and2_1)
                                         scaleAdd._264_ (net)
                  0.25    0.00    9.02 ^ scaleAdd._318_/A (sky130_fd_sc_hd__xnor2_2)
     2    0.01    0.24    0.30    9.32 ^ scaleAdd._318_/Y (sky130_fd_sc_hd__xnor2_2)
                                         scaleAdd._001_ (net)
                  0.24    0.00    9.32 ^ scaleAdd._320_/A (sky130_fd_sc_hd__xor2_1)
     2    0.01    0.35    0.45    9.78 ^ scaleAdd._320_/X (sky130_fd_sc_hd__xor2_1)
                                         scaleAdd._003_ (net)
                  0.35    0.00    9.78 ^ scaleAdd._321_/B (sky130_fd_sc_hd__xor2_1)
     2    0.01    0.16    0.28   10.06 v scaleAdd._321_/X (sky130_fd_sc_hd__xor2_1)
                                         scaleAdd._004_ (net)
                  0.16    0.00   10.06 v scaleAdd._322_/B1 (sky130_fd_sc_hd__o21a_1)
     3    0.01    0.14    0.32   10.38 v scaleAdd._322_/X (sky130_fd_sc_hd__o21a_1)
                                         scaleAdd._005_ (net)
                  0.14    0.00   10.38 v scaleAdd._324_/A (sky130_fd_sc_hd__or2_1)
     2    0.01    0.14    0.61   10.98 v scaleAdd._324_/X (sky130_fd_sc_hd__or2_1)
                                         scaleAdd._007_ (net)
                  0.14    0.00   10.98 v scaleAdd._325_/B (sky130_fd_sc_hd__xor2_1)
     2    0.01    0.17    0.35   11.34 v scaleAdd._325_/X (sky130_fd_sc_hd__xor2_1)
                                         scaleAdd._008_ (net)
                  0.17    0.00   11.34 v scaleAdd._352_/A2 (sky130_fd_sc_hd__a31o_1)
     3    0.01    0.11    0.48   11.82 v scaleAdd._352_/X (sky130_fd_sc_hd__a31o_1)
                                         scaleAdd._034_ (net)
                  0.11    0.00   11.82 v scaleAdd._354_/C (sky130_fd_sc_hd__and3_1)
     2    0.00    0.09    0.42   12.24 v scaleAdd._354_/X (sky130_fd_sc_hd__and3_1)
                                         scaleAdd._036_ (net)
                  0.09    0.00   12.24 v scaleAdd._377_/B1 (sky130_fd_sc_hd__a21o_1)
     3    0.01    0.14    0.38   12.62 v scaleAdd._377_/X (sky130_fd_sc_hd__a21o_1)
                                         scaleAdd._058_ (net)
                  0.14    0.00   12.63 v scaleAdd._427_/A2 (sky130_fd_sc_hd__a31o_4)
     4    0.02    0.10    0.51   13.14 v scaleAdd._427_/X (sky130_fd_sc_hd__a31o_4)
                                         scaleAdd._106_ (net)
                  0.10    0.00   13.14 v scaleAdd._467_/A (sky130_fd_sc_hd__or2_1)
     1    0.00    0.10    0.54   13.68 v scaleAdd._467_/X (sky130_fd_sc_hd__or2_1)
                                         scaleAdd._144_ (net)
                  0.10    0.00   13.68 v scaleAdd._468_/A2 (sky130_fd_sc_hd__a31o_1)
     1    0.00    0.07    0.40   14.08 v scaleAdd._468_/X (sky130_fd_sc_hd__a31o_1)
                                         scaleAdd._145_ (net)
                  0.07    0.00   14.08 v scaleAdd._469_/B (sky130_fd_sc_hd__and2_4)
     1    0.01    0.05    0.30   14.38 v scaleAdd._469_/X (sky130_fd_sc_hd__and2_4)
                                         scaleAdd._146_ (net)
                  0.05    0.00   14.38 v scaleAdd._470_/A (sky130_fd_sc_hd__buf_6)
     5    0.02    0.05    0.22   14.60 v scaleAdd._470_/X (sky130_fd_sc_hd__buf_6)
                                         accumulator.io_inMant[12] (net)
                  0.05    0.00   14.60 v accumulator._1148_/D (sky130_fd_sc_hd__or4_4)
     5    0.02    0.22    1.00   15.60 v accumulator._1148_/X (sky130_fd_sc_hd__or4_4)
                                         accumulator._0034_ (net)
                  0.22    0.00   15.60 v rebuffer22/A (sky130_fd_sc_hd__dlymetal6s2s_1)
     1    0.01    0.09    0.39   15.99 v rebuffer22/X (sky130_fd_sc_hd__dlymetal6s2s_1)
                                         net85 (net)
                  0.09    0.00   15.99 v accumulator._1150_/A (sky130_fd_sc_hd__inv_2)
     3    0.01    0.10    0.13   16.12 ^ accumulator._1150_/Y (sky130_fd_sc_hd__inv_2)
                                         accumulator._0054_ (net)
                  0.10    0.00   16.12 ^ accumulator._1152_/A (sky130_fd_sc_hd__nand2_2)
     3    0.01    0.12    0.15   16.27 v accumulator._1152_/Y (sky130_fd_sc_hd__nand2_2)
                                         accumulator._0074_ (net)
                  0.12    0.00   16.27 v accumulator._1153_/B1 (sky130_fd_sc_hd__o21a_1)
     2    0.01    0.09    0.25   16.52 v accumulator._1153_/X (sky130_fd_sc_hd__o21a_1)
                                         accumulator._0083_ (net)
                  0.09    0.00   16.52 v accumulator._1173_/A (sky130_fd_sc_hd__buf_4)
    10    0.04    0.11    0.34   16.86 v accumulator._1173_/X (sky130_fd_sc_hd__buf_4)
                                         accumulator._0273_ (net)
                  0.11    0.00   16.86 v accumulator._1174_/B (sky130_fd_sc_hd__and2_1)
     3    0.01    0.11    0.39   17.25 v accumulator._1174_/X (sky130_fd_sc_hd__and2_1)
                                         accumulator._0274_ (net)
                  0.11    0.00   17.25 v accumulator._1201_/B1 (sky130_fd_sc_hd__a21o_1)
     3    0.01    0.12    0.36   17.62 v accumulator._1201_/X (sky130_fd_sc_hd__a21o_1)
                                         accumulator._0301_ (net)
                  0.12    0.00   17.62 v accumulator._1208_/A1 (sky130_fd_sc_hd__a31o_1)
     1    0.01    0.09    0.38   18.00 v accumulator._1208_/X (sky130_fd_sc_hd__a31o_1)
                                         accumulator._0308_ (net)
                  0.09    0.00   18.00 v accumulator._1209_/B (sky130_fd_sc_hd__xor2_1)
     2    0.01    0.26    0.37   18.37 v accumulator._1209_/X (sky130_fd_sc_hd__xor2_1)
                                         accumulator._0309_ (net)
                  0.26    0.00   18.37 v accumulator._1220_/A (sky130_fd_sc_hd__and4_1)
     1    0.01    0.09    0.43   18.81 v accumulator._1220_/X (sky130_fd_sc_hd__and4_1)
                                         accumulator._0320_ (net)
                  0.09    0.00   18.81 v accumulator._1221_/A3 (sky130_fd_sc_hd__a31o_4)
     5    0.01    0.08    0.49   19.30 v accumulator._1221_/X (sky130_fd_sc_hd__a31o_4)
                                         accumulator._0321_ (net)
                  0.08    0.00   19.30 v accumulator._1227_/B (sky130_fd_sc_hd__or3_4)
     2    0.01    0.13    0.78   20.08 v accumulator._1227_/X (sky130_fd_sc_hd__or3_4)
                                         accumulator._0327_ (net)
                  0.13    0.00   20.08 v accumulator._1230_/A2 (sky130_fd_sc_hd__a21bo_4)
     2    0.01    0.07    0.44   20.52 v accumulator._1230_/X (sky130_fd_sc_hd__a21bo_4)
                                         accumulator._0330_ (net)
                  0.07    0.00   20.52 v accumulator._1232_/A1 (sky130_fd_sc_hd__a21o_4)
     2    0.02    0.10    0.43   20.95 v accumulator._1232_/X (sky130_fd_sc_hd__a21o_4)
                                         accumulator._0332_ (net)
                  0.10    0.00   20.95 v accumulator._1235_/A2 (sky130_fd_sc_hd__a21o_1)
     2    0.01    0.08    0.37   21.32 v accumulator._1235_/X (sky130_fd_sc_hd__a21o_1)
                                         accumulator._0335_ (net)
                  0.08    0.00   21.32 v accumulator._1237_/A1 (sky130_fd_sc_hd__a21o_1)
     2    0.01    0.13    0.38   21.69 v accumulator._1237_/X (sky130_fd_sc_hd__a21o_1)
                                         accumulator._0337_ (net)
                  0.13    0.00   21.70 v accumulator._1241_/A2 (sky130_fd_sc_hd__a21o_1)
     2    0.01    0.10    0.40   22.10 v accumulator._1241_/X (sky130_fd_sc_hd__a21o_1)
                                         accumulator._0341_ (net)
                  0.10    0.00   22.10 v accumulator._1243_/A2 (sky130_fd_sc_hd__a21o_4)
     4    0.06    0.17    0.54   22.65 v accumulator._1243_/X (sky130_fd_sc_hd__a21o_4)
                                         accumulator._0343_ (net)
                  0.17    0.01   22.65 v accumulator._1253_/A (sky130_fd_sc_hd__xor2_4)
     7    0.04    0.49    0.57   23.22 ^ accumulator._1253_/X (sky130_fd_sc_hd__xor2_4)
                                         accumulator._0353_ (net)
                  0.49    0.00   23.23 ^ accumulator._1355_/S (sky130_fd_sc_hd__mux2_4)
     5    0.02    0.12    0.78   24.01 v accumulator._1355_/X (sky130_fd_sc_hd__mux2_4)
                                         accumulator._0453_ (net)
                  0.12    0.00   24.01 v accumulator._1474_/B (sky130_fd_sc_hd__and3_1)
     3    0.01    0.14    0.45   24.47 v accumulator._1474_/X (sky130_fd_sc_hd__and3_1)
                                         accumulator._0572_ (net)
                  0.14    0.00   24.47 v accumulator._1502_/B (sky130_fd_sc_hd__or3_1)
     2    0.01    0.16    0.90   25.37 v accumulator._1502_/X (sky130_fd_sc_hd__or3_1)
                                         accumulator._0600_ (net)
                  0.16    0.00   25.37 v accumulator._1503_/C (sky130_fd_sc_hd__and3_1)
     2    0.01    0.13    0.50   25.87 v accumulator._1503_/X (sky130_fd_sc_hd__and3_1)
                                         accumulator._0601_ (net)
                  0.13    0.00   25.87 v accumulator._1742_/C1 (sky130_fd_sc_hd__a211o_1)
     2    0.02    0.19    0.61   26.48 v accumulator._1742_/X (sky130_fd_sc_hd__a211o_1)
                                         accumulator._0840_ (net)
                  0.19    0.00   26.48 v accumulator._1746_/A1 (sky130_fd_sc_hd__a32o_2)
     4    0.03    0.18    0.65   27.13 v accumulator._1746_/X (sky130_fd_sc_hd__a32o_2)
                                         accumulator._0844_ (net)
                  0.18    0.00   27.13 v accumulator._1753_/C1 (sky130_fd_sc_hd__a2111o_4)
     6    0.03    0.18    0.99   28.12 v accumulator._1753_/X (sky130_fd_sc_hd__a2111o_4)
                                         accumulator._0851_ (net)
                  0.18    0.00   28.12 v accumulator._1755_/A1 (sky130_fd_sc_hd__a211o_4)
     3    0.02    0.11    0.69   28.82 v accumulator._1755_/X (sky130_fd_sc_hd__a211o_4)
                                         accumulator._0853_ (net)
                  0.11    0.00   28.82 v accumulator._1758_/A1 (sky130_fd_sc_hd__a31o_4)
     5    0.02    0.11    0.48   29.30 v accumulator._1758_/X (sky130_fd_sc_hd__a31o_4)
                                         accumulator._0856_ (net)
                  0.11    0.00   29.30 v accumulator._1769_/A3 (sky130_fd_sc_hd__o311a_4)
     2    0.01    0.11    0.63   29.93 v accumulator._1769_/X (sky130_fd_sc_hd__o311a_4)
                                         accumulator._0867_ (net)
                  0.11    0.00   29.94 v accumulator._1777_/A4 (sky130_fd_sc_hd__o41a_1)
     3    0.01    0.20    0.75   30.69 v accumulator._1777_/X (sky130_fd_sc_hd__o41a_1)
                                         accumulator._0875_ (net)
                  0.20    0.00   30.69 v accumulator._1778_/B (sky130_fd_sc_hd__or3_4)
     3    0.01    0.14    0.84   31.52 v accumulator._1778_/X (sky130_fd_sc_hd__or3_4)
                                         accumulator._0876_ (net)
                  0.14    0.00   31.53 v accumulator._1786_/A1 (sky130_fd_sc_hd__a311o_1)
     3    0.01    0.17    0.65   32.17 v accumulator._1786_/X (sky130_fd_sc_hd__a311o_1)
                                         accumulator._0884_ (net)
                  0.17    0.00   32.17 v accumulator._1792_/A1 (sky130_fd_sc_hd__a311o_1)
     1    0.00    0.09    0.57   32.74 v accumulator._1792_/X (sky130_fd_sc_hd__a311o_1)
                                         accumulator._0890_ (net)
                  0.09    0.00   32.74 v accumulator._1793_/A (sky130_fd_sc_hd__and3_4)
     5    0.03    0.10    0.35   33.09 v accumulator._1793_/X (sky130_fd_sc_hd__and3_4)
                                         accumulator._0891_ (net)
                  0.10    0.00   33.09 v accumulator._1803_/A (sky130_fd_sc_hd__or2_4)
     1    0.01    0.08    0.50   33.59 v accumulator._1803_/X (sky130_fd_sc_hd__or2_4)
                                         accumulator._0901_ (net)
                  0.08    0.00   33.59 v accumulator._1804_/A (sky130_fd_sc_hd__buf_6)
     8    0.03    0.07    0.26   33.85 v accumulator._1804_/X (sky130_fd_sc_hd__buf_6)
                                         accumulator._0902_ (net)
                  0.07    0.00   33.85 v accumulator._1971_/S (sky130_fd_sc_hd__mux2_4)
     4    0.01    0.11    0.61   34.47 v accumulator._1971_/X (sky130_fd_sc_hd__mux2_4)
                                         accumulator._1069_ (net)
                  0.11    0.00   34.47 v accumulator._2006_/A2 (sky130_fd_sc_hd__a21bo_1)
     1    0.00    0.07    0.37   34.84 v accumulator._2006_/X (sky130_fd_sc_hd__a21bo_1)
                                         accumulator._1104_ (net)
                  0.07    0.00   34.84 v accumulator._2007_/A2 (sky130_fd_sc_hd__a21bo_1)
     1    0.00    0.06    0.35   35.19 v accumulator._2007_/X (sky130_fd_sc_hd__a21bo_1)
                                         accumulator._1105_ (net)
                  0.06    0.00   35.19 v accumulator._2008_/A2 (sky130_fd_sc_hd__a21bo_1)
     1    0.00    0.08    0.37   35.56 v accumulator._2008_/X (sky130_fd_sc_hd__a21bo_1)
                                         accumulator._1106_ (net)
                  0.08    0.00   35.56 v accumulator._2009_/A2 (sky130_fd_sc_hd__a21o_1)
     1    0.00    0.06    0.34   35.90 v accumulator._2009_/X (sky130_fd_sc_hd__a21o_1)
                                         accumulator._1107_ (net)
                  0.06    0.00   35.90 v accumulator._2010_/A2 (sky130_fd_sc_hd__a21bo_1)
     1    0.00    0.08    0.37   36.27 v accumulator._2010_/X (sky130_fd_sc_hd__a21bo_1)
                                         accumulator._1108_ (net)
                  0.08    0.00   36.27 v accumulator._2011_/A1 (sky130_fd_sc_hd__a21oi_1)
     1    0.00    0.17    0.21   36.48 ^ accumulator._2011_/Y (sky130_fd_sc_hd__a21oi_1)
                                         accumulator._1109_ (net)
                  0.17    0.00   36.48 ^ accumulator._2012_/A1 (sky130_fd_sc_hd__o21ba_1)
     1    0.00    0.10    0.32   36.80 ^ accumulator._2012_/X (sky130_fd_sc_hd__o21ba_1)
                                         accumulator._1110_ (net)
                  0.10    0.00   36.80 ^ accumulator._2014_/A2 (sky130_fd_sc_hd__o21ai_1)
     1    0.00    0.11    0.13   36.93 v accumulator._2014_/Y (sky130_fd_sc_hd__o21ai_1)
                                         accumulator._1112_ (net)
                  0.11    0.00   36.93 v accumulator._2015_/A1 (sky130_fd_sc_hd__a21bo_1)
     1    0.01    0.08    0.36   37.29 v accumulator._2015_/X (sky130_fd_sc_hd__a21bo_1)
                                         accumulator._1113_ (net)
                  0.08    0.00   37.29 v accumulator._2016_/A2 (sky130_fd_sc_hd__a21oi_1)
     1    0.00    0.20    0.27   37.56 ^ accumulator._2016_/Y (sky130_fd_sc_hd__a21oi_1)
                                         accumulator._1114_ (net)
                  0.20    0.00   37.56 ^ accumulator._2017_/A1 (sky130_fd_sc_hd__o21ai_1)
     1    0.00    0.11    0.21   37.77 v accumulator._2017_/Y (sky130_fd_sc_hd__o21ai_1)
                                         accumulator._1115_ (net)
                  0.11    0.00   37.77 v accumulator._2020_/A1 (sky130_fd_sc_hd__a21o_1)
     4    0.02    0.22    0.47   38.24 v accumulator._2020_/X (sky130_fd_sc_hd__a21o_1)
                                         accumulator._1118_ (net)
                  0.22    0.00   38.24 v accumulator._2021_/A (sky130_fd_sc_hd__buf_6)
     6    0.06    0.11    0.36   38.60 v accumulator._2021_/X (sky130_fd_sc_hd__buf_6)
                                         accumulator._1119_ (net)
                  0.11    0.00   38.61 v accumulator._2022_/A (sky130_fd_sc_hd__buf_8)
     5    0.04    0.08    0.28   38.88 v accumulator._2022_/X (sky130_fd_sc_hd__buf_8)
                                         accumulator._1120_ (net)
                  0.08    0.01   38.89 v accumulator._2115_/S (sky130_fd_sc_hd__mux2_1)
     2    0.01    0.19    0.84   39.73 v accumulator._2115_/X (sky130_fd_sc_hd__mux2_1)
                                         accumulator._0100_ (net)
                  0.19    0.00   39.73 v accumulator._2116_/A0 (sky130_fd_sc_hd__mux2_2)
     2    0.01    0.13    0.67   40.40 v accumulator._2116_/X (sky130_fd_sc_hd__mux2_2)
                                         accumulator._0101_ (net)
                  0.13    0.00   40.40 v accumulator._2117_/A1 (sky130_fd_sc_hd__mux2_2)
     2    0.01    0.15    0.68   41.09 v accumulator._2117_/X (sky130_fd_sc_hd__mux2_2)
                                         accumulator._0102_ (net)
                  0.15    0.00   41.09 v accumulator._2119_/B1 (sky130_fd_sc_hd__o221a_1)
     1    0.00    0.10    0.49   41.58 v accumulator._2119_/X (sky130_fd_sc_hd__o221a_1)
                                         accumulator._0105_ (net)
                  0.10    0.00   41.58 v accumulator._2120_/B (sky130_fd_sc_hd__nor2_1)
     1    0.00    0.12    0.15   41.73 ^ accumulator._2120_/Y (sky130_fd_sc_hd__nor2_1)
                                         accumulator._0011_ (net)
                  0.12    0.00   41.73 ^ accumulator._2304_/D (sky130_fd_sc_hd__dfxtp_1)
                                 41.73   data arrival time

                         25.00   25.00   clock clock (rise edge)
                          0.00   25.00   clock source latency
     1    0.02    0.14    0.09   25.09 ^ clock (in)
                                         clock (net)
                  0.14    0.00   25.09 ^ clkbuf_0_clock/A (sky130_fd_sc_hd__clkbuf_16)
     4    0.04    0.10    0.27   25.35 ^ clkbuf_0_clock/X (sky130_fd_sc_hd__clkbuf_16)
                                         clknet_0_clock (net)
                  0.10    0.00   25.36 ^ clkbuf_2_3__f_clock/A (sky130_fd_sc_hd__clkbuf_16)
     9    0.04    0.09    0.25   25.60 ^ clkbuf_2_3__f_clock/X (sky130_fd_sc_hd__clkbuf_16)
                                         clknet_2_3__leaf_clock (net)
                  0.09    0.00   25.60 ^ accumulator._2304_/CLK (sky130_fd_sc_hd__dfxtp_1)
                         -0.25   25.35   clock uncertainty
                          0.00   25.35   clock reconvergence pessimism
                         -0.14   25.22   library setup time
                                 25.22   data required time
-----------------------------------------------------------------------------
                                 25.22   data required time
                                -41.73   data arrival time
-----------------------------------------------------------------------------
                                -16.52   slack (VIOLATED)



======================= Typical Corner ===================================

No paths found.


===========================================================================
 report_check_types -max_slew -max_cap -max_fanout -violators
============================================================================
======================= Fastest Corner ===================================

max fanout

Pin                                   Limit Fanout  Slack
---------------------------------------------------------
clkbuf_2_2__f_clock/X                    10     12     -2 (VIOLATED)


max slew violations count Fastest: 0
max fanout violations count Fastest: 1
max cap violations count Fastest: 0
======================= Slowest Corner ===================================

max slew

Pin                                    Limit    Slew   Slack
------------------------------------------------------------
scaleAdd._290_/B1                       0.75    0.83   -0.08 (VIOLATED)
scaleAdd._289_/C_N                      0.75    0.83   -0.08 (VIOLATED)
scaleAdd._301_/B                        0.75    0.83   -0.08 (VIOLATED)
scaleAdd._302_/A2                       0.75    0.83   -0.08 (VIOLATED)
scaleAdd._412_/A2                       0.75    0.83   -0.08 (VIOLATED)
scaleAdd._335_/A2                       0.75    0.83   -0.08 (VIOLATED)
scaleAdd._393_/A2                       0.75    0.83   -0.08 (VIOLATED)
scaleAdd._392_/B                        0.75    0.83   -0.08 (VIOLATED)
scaleAdd._411_/C                        0.75    0.83   -0.08 (VIOLATED)
scaleAdd._360_/B                        0.75    0.83   -0.08 (VIOLATED)
scaleAdd._288_/Y                        0.75    0.83   -0.08 (VIOLATED)
accumulator._1850_/S                    0.75    0.80   -0.05 (VIOLATED)
accumulator._1846_/A                    0.75    0.80   -0.05 (VIOLATED)
accumulator._1840_/B1                   0.75    0.80   -0.05 (VIOLATED)
accumulator._1830_/A                    0.75    0.80   -0.05 (VIOLATED)
accumulator._1865_/A1                   0.75    0.80   -0.05 (VIOLATED)
accumulator._1831_/A1                   0.75    0.80   -0.05 (VIOLATED)
accumulator._1858_/A1                   0.75    0.80   -0.05 (VIOLATED)
accumulator._1857_/A                    0.75    0.80   -0.05 (VIOLATED)
accumulator._1833_/A                    0.75    0.80   -0.05 (VIOLATED)
accumulator._1268_/A                    0.75    0.80   -0.05 (VIOLATED)
accumulator._1267_/Y                    0.75    0.80   -0.05 (VIOLATED)

max fanout

Pin                                   Limit Fanout  Slack
---------------------------------------------------------
clkbuf_2_2__f_clock/X                    10     12     -2 (VIOLATED)


max slew violations count Slowest: 22
max fanout violations count Slowest: 1
max cap violations count Slowest: 0
======================= Typical Corner ===================================

max fanout

Pin                                   Limit Fanout  Slack
---------------------------------------------------------
clkbuf_2_2__f_clock/X                    10     12     -2 (VIOLATED)


max slew violations count Typical: 0
max fanout violations count Typical: 1
max cap violations count Typical: 0

===========================================================================
report_parasitic_annotation -report_unannotated
============================================================================
Found 6 unannotated drivers.
 io_inScaleB[0]
 io_inScaleB[1]
 io_inScaleB[2]
 clkload0/Y
 clkload1/Y
 clkload2/Y
Found 0 partially unannotated drivers.

===========================================================================
max slew violation count 22
max fanout violation count 1
max cap violation count 0
============================================================================

===========================================================================
check_setup -verbose -unconstrained_endpoints -multiple_clock -no_clock -no_input_delay -loops -generated_clocks
===========================================================================
