Startpoint: reset (input port clocked by CORE_CLK)
Endpoint: _068_ (recovery check against rising-edge clock CORE_CLK)
Path Group: asynchronous
Path Type: max

    Delay      Time   Description
-------------------------------------------------------------
   0.0000    0.0000   clock CORE_CLK (rise edge)
   0.0000    0.0000   clock network delay (ideal)
   0.0000    0.0000 ^ input external delay
   0.0000    0.0000 ^ reset (in)
   0.0000    0.0000 ^ _068_/CDN (DFCNQD1BWP30P140)
             0.0000   data arrival time

  20.0000   20.0000   clock CORE_CLK (rise edge)
   0.0000   20.0000   clock network delay (ideal)
  -0.0500   19.9500   clock uncertainty
   0.0000   19.9500   clock reconvergence pessimism
            19.9500 ^ _068_/CP (DFCNQD1BWP30P140)
   0.0258   19.9758   library recovery time
            19.9758   data required time
-------------------------------------------------------------
            19.9758   data required time
            -0.0000   data arrival time
-------------------------------------------------------------
            19.9758   slack (MET)


Startpoint: io_op_a_i[1] (input port clocked by CORE_CLK)
Endpoint: _070_ (rising edge-triggered flip-flop clocked by CORE_CLK)
Path Group: CORE_CLK
Path Type: max

    Delay      Time   Description
-------------------------------------------------------------
   0.0000    0.0000   clock CORE_CLK (rise edge)
   0.0000    0.0000   clock network delay (ideal)
   0.0000    0.0000 ^ input external delay
   0.0000    0.0000 ^ io_op_a_i[1] (in)
   0.0167    0.0167 ^ reducedSum_op/_093_/Z (AN2D0BWP30P140)
   0.0241    0.0408 v reducedSum_op/_094_/ZN (OAI22D0BWP30P140)
   0.0207    0.0615 ^ reducedSum_op/_095_/ZN (CKND2D0BWP30P140)
   0.0520    0.1135 ^ reducedSum_op/_107_/ZN (XNR3UD0BWP30P140)
   0.0161    0.1296 v reducedSum_op/_108_/ZN (IND2D0BWP30P140)
   0.0284    0.1579 ^ reducedSum_op/_109_/ZN (MAOI222D0BWP30P140)
   0.0300    0.1879 v reducedSum_op/_110_/ZN (MAOI222D0BWP30P140)
   0.0401    0.2280 ^ reducedSum_op/_112_/ZN (MAOI222D0BWP30P140)
   0.0270    0.2549 v reducedSum_op/_114_/ZN (MAOI222D0BWP30P140)
   0.0639    0.3188 ^ reducedSum_op/_124_/ZN (OAI22D0BWP30P140)
   0.0268    0.3456 v reducedSum_sa/_1238_/ZN (CKND2D0BWP30P140)
   0.0344    0.3800 ^ reducedSum_sa/_1315_/ZN (NR2D0BWP30P140)
   0.0121    0.3921 v reducedSum_sa/_1352_/ZN (NR2D0BWP30P140)
   0.0287    0.4208 v reducedSum_sa/_1383_/ZN (XNR2UD0BWP30P140)
   0.0261    0.4469 ^ reducedSum_sa/_1395_/Z (XOR2UD0BWP30P140)
   0.0438    0.4907 ^ reducedSum_sa/_1418_/ZN (XNR3UD0BWP30P140)
   0.0644    0.5551 ^ reducedSum_sa/_1439_/Z (XOR4D0BWP30P140)
   0.0334    0.5886 ^ reducedSum_sa/_1450_/ZN (XNR2UD0BWP30P140)
   0.0281    0.6166 v reducedSum_sa/_1464_/ZN (MAOI222D0BWP30P140)
   0.0341    0.6507 ^ reducedSum_sa/_1465_/ZN (MAOI222D0BWP30P140)
   0.0263    0.6770 v reducedSum_sa/_1466_/ZN (MAOI222D0BWP30P140)
   0.0341    0.7111 ^ reducedSum_sa/_1467_/ZN (MAOI222D0BWP30P140)
   0.0267    0.7378 v reducedSum_sa/_1468_/ZN (MAOI222D0BWP30P140)
   0.0326    0.7704 ^ reducedSum_sa/_1469_/ZN (MAOI222D0BWP30P140)
   0.0267    0.7971 v reducedSum_sa/_1470_/ZN (MAOI222D0BWP30P140)
   0.0376    0.8347 ^ reducedSum_sa/_1471_/ZN (MAOI222D0BWP30P140)
   0.0303    0.8650 v reducedSum_sa/_1473_/ZN (MAOI222D0BWP30P140)
   0.0308    0.8958 ^ reducedSum_sa/_1476_/ZN (AOI21D0BWP30P140)
   0.0301    0.9259 v reducedSum_sa/_1478_/ZN (MAOI222D0BWP30P140)
   0.0392    0.9650 ^ reducedSum_sa/_1480_/ZN (MAOI222D0BWP30P140)
   0.0303    0.9953 v reducedSum_sa/_1482_/ZN (MAOI222D0BWP30P140)
   0.0305    1.0258 ^ reducedSum_sa/_1501_/ZN (AOI21D0BWP30P140)
   0.0354    1.0612 v reducedSum_sa/_1513_/ZN (OAI211D0BWP30P140)
   0.0327    1.0939 ^ reducedSum_conv/_175_/ZN (NR4D0BWP30P140)
   0.0094    1.1033 v reducedSum_conv/_176_/ZN (CKND0BWP30P140)
   0.1411    1.2444 ^ reducedSum_conv/_190_/ZN (AOI21D0BWP30P140)
   0.0336    1.2780 ^ reducedSum_conv/_219_/Z (XOR2UD0BWP30P140)
   0.0287    1.3066 ^ reducedSum_conv/_220_/Z (AO21D0BWP30P140)
   0.0259    1.3325 v reducedSum_conv/_222_/ZN (AOI31D0BWP30P140)
   0.0353    1.3679 ^ reducedSum_conv/_228_/ZN (AOI211D0BWP30P140)
   0.0257    1.3935 ^ reducedSum_conv/_232_/Z (AO21D0BWP30P140)
   0.1211    1.5146 v reducedSum_conv/_237_/ZN (ND3D0BWP30P140)
   0.0715    1.5861 ^ reducedSum_conv/_251_/ZN (AOI21D0BWP30P140)
   0.0382    1.6243 v reducedSum_nextLevel_adder/_0897_/ZN (XNR2UD0BWP30P140)
   0.0342    1.6586 ^ reducedSum_nextLevel_adder/_0899_/ZN (AOI21D0BWP30P140)
   0.0304    1.6889 v reducedSum_nextLevel_adder/_0901_/ZN (MAOI222D0BWP30P140)
   0.0389    1.7278 ^ reducedSum_nextLevel_adder/_0902_/ZN (MAOI222D0BWP30P140)
   0.0318    1.7596 v reducedSum_nextLevel_adder/_0903_/ZN (MAOI222D0BWP30P140)
   0.0389    1.7985 ^ reducedSum_nextLevel_adder/_0966_/ZN (MAOI222D0BWP30P140)
   0.0304    1.8289 v reducedSum_nextLevel_adder/_0968_/ZN (MAOI222D0BWP30P140)
   0.0274    1.8563 v reducedSum_nextLevel_adder/_0970_/ZN (XNR2UD0BWP30P140)
   0.0223    1.8786 ^ reducedSum_nextLevel_adder/_0971_/ZN (NR2D0BWP30P140)
   0.0257    1.9043 ^ reducedSum_nextLevel_adder/_0972_/Z (AN2D0BWP30P140)
   0.4170    2.3213 v reducedSum_nextLevel_adder/_0975_/ZN (AOI31D0BWP30P140)
   0.4192    2.7405 ^ reducedSum_nextLevel_adder/_0991_/ZN (AOI22D0BWP30P140)
   0.0318    2.7724 v reducedSum_nextLevel_adder/_1063_/ZN (CKND2D0BWP30P140)
   0.0370    2.8094 ^ reducedSum_nextLevel_adder/_1188_/ZN (OAI32D0BWP30P140)
   0.0151    2.8244 v reducedSum_nextLevel_adder/_1189_/ZN (AOI21D0BWP30P140)
   0.0396    2.8641 ^ reducedSum_nextLevel_adder/_1191_/ZN (OAI221D0BWP30P140)
   0.0211    2.8851 v reducedSum_nextLevel_adder/_1196_/ZN (OAI31D0BWP30P140)
   0.0222    2.9074 ^ reducedSum_nextLevel_adder/_1198_/ZN (AOI21D0BWP30P140)
   0.0256    2.9330 v reducedSum_nextLevel_adder/_1200_/ZN (MAOI222D0BWP30P140)
   0.0396    2.9726 ^ reducedSum_nextLevel_adder/_1202_/ZN (MAOI222D0BWP30P140)
   0.0257    2.9983 v reducedSum_nextLevel_adder/_1204_/ZN (MAOI222D0BWP30P140)
   0.0277    3.0260 ^ reducedSum_nextLevel_adder/_1206_/ZN (AOI21D0BWP30P140)
   0.0253    3.0513 ^ reducedSum_nextLevel_adder/_1209_/ZN (IAO21D0BWP30P140)
   0.0247    3.0760 v reducedSum_nextLevel_adder/_1211_/ZN (MAOI222D0BWP30P140)
   0.0395    3.1155 ^ reducedSum_nextLevel_adder/_1213_/ZN (MAOI222D0BWP30P140)
   0.0265    3.1420 v reducedSum_nextLevel_adder/_1221_/ZN (MAOI222D0BWP30P140)
   0.0354    3.1774 v reducedSum_nextLevel_adder/_1232_/Z (AO21D0BWP30P140)
   0.0261    3.2034 ^ reducedSum_nextLevel_adder/_1242_/ZN (MAOI222D0BWP30P140)
   0.0265    3.2299 v reducedSum_nextLevel_adder/_1255_/ZN (MAOI222D0BWP30P140)
   0.0315    3.2614 v reducedSum_nextLevel_adder/_1259_/Z (AO21D0BWP30P140)
   0.0182    3.2796 ^ reducedSum_nextLevel_adder/_1276_/ZN (AOI21D0BWP30P140)
   0.0258    3.3055 v reducedSum_nextLevel_adder/_1280_/ZN (MAOI222D0BWP30P140)
   0.0391    3.3446 ^ reducedSum_nextLevel_adder/_1296_/ZN (MAOI222D0BWP30P140)
   0.0262    3.3707 v reducedSum_nextLevel_adder/_1300_/ZN (MAOI222D0BWP30P140)
   0.0304    3.4011 ^ reducedSum_nextLevel_adder/_1318_/ZN (AOI21D0BWP30P140)
   0.0249    3.4260 v reducedSum_nextLevel_adder/_1322_/ZN (MAOI222D0BWP30P140)
   0.0364    3.4625 v reducedSum_nextLevel_adder/_1345_/Z (AO21D0BWP30P140)
   0.0156    3.4781 ^ reducedSum_nextLevel_adder/_1353_/ZN (MUX2ND0BWP30P140)
   0.0349    3.5130 ^ reducedSum_nextLevel_adder/_1354_/ZN (XNR2UD0BWP30P140)
   0.0288    3.5417 ^ reducedSum_nextLevel_adder/_1453_/ZN (MAOI22D0BWP30P140)
   0.1281    3.6698 v reducedSum_nextLevel_adder/_1456_/ZN (OAI211D0BWP30P140)
   0.0886    3.7584 ^ reducedSum_nextLevel_adder/_1531_/Z (MUX4D0BWP30P140)
   0.0194    3.7779 v reducedSum_nextLevel_adder/_1534_/ZN (MUX3ND0BWP30P140)
   0.0405    3.8184 ^ reducedSum_nextLevel_adder/_1568_/ZN (NR2D0BWP30P140)
   0.0507    3.8691 ^ reducedSum_nextLevel_adder/_1577_/ZN (INR4D0BWP30P140)
   0.0510    3.9201 ^ reducedSum_nextLevel_adder/_1582_/Z (AN4D0BWP30P140)
   0.0395    3.9596 ^ reducedSum_nextLevel_adder/_1590_/Z (AN4D0BWP30P140)
   0.0406    4.0002 ^ reducedSum_nextLevel_adder/_1601_/Z (AN4D0BWP30P140)
   0.0349    4.0350 ^ reducedSum_nextLevel_adder/_1603_/Z (AN3D0BWP30P140)
   0.0271    4.0622 v reducedSum_nextLevel_adder/_1605_/ZN (IND3D0BWP30P140)
   0.0379    4.1001 v reducedSum_nextLevel_adder/_1606_/Z (OR3D0BWP30P140)
   0.0368    4.1369 ^ reducedSum_nextLevel_adder/_1608_/ZN (INR3D0BWP30P140)
   0.0364    4.1734 v reducedSum_nextLevel_adder/_1611_/ZN (MAOI222D0BWP30P140)
   0.0357    4.2090 ^ reducedSum_nextLevel_adder/_1616_/ZN (NR4D0BWP30P140)
   0.0219    4.2309 v reducedSum_nextLevel_adder/_1619_/ZN (OAI31D0BWP30P140)
   0.0327    4.2636 v reducedSum_nextLevel_adder/_1621_/Z (AO21D0BWP30P140)
   0.0312    4.2948 ^ reducedSum_nextLevel_adder/_1623_/ZN (AOI21D0BWP30P140)
   0.0248    4.3196 ^ reducedSum_nextLevel_adder/_1625_/Z (OR3D0BWP30P140)
   0.0144    4.3340 v reducedSum_nextLevel_adder/_1647_/ZN (AOI21D0BWP30P140)
   0.0314    4.3654 v reducedSum_nextLevel_adder/_1648_/Z (OR2D0BWP30P140)
   0.0267    4.3921 ^ reducedSum_nextLevel_adder/_1653_/ZN (NR2D0BWP30P140)
   0.0319    4.4240 v reducedSum_nextLevel_adder_16/_0897_/ZN (XNR2UD0BWP30P140)
   0.0322    4.4562 ^ reducedSum_nextLevel_adder_16/_0899_/ZN (AOI21D0BWP30P140)
   0.0302    4.4864 v reducedSum_nextLevel_adder_16/_0901_/ZN (MAOI222D0BWP30P140)
   0.0360    4.5224 ^ reducedSum_nextLevel_adder_16/_0902_/ZN (MAOI222D0BWP30P140)
   0.0302    4.5526 v reducedSum_nextLevel_adder_16/_0903_/ZN (MAOI222D0BWP30P140)
   0.0360    4.5886 ^ reducedSum_nextLevel_adder_16/_0966_/ZN (MAOI222D0BWP30P140)
   0.0302    4.6189 v reducedSum_nextLevel_adder_16/_0968_/ZN (MAOI222D0BWP30P140)
   0.0257    4.6445 v reducedSum_nextLevel_adder_16/_0970_/ZN (XNR2UD0BWP30P140)
   0.0213    4.6658 ^ reducedSum_nextLevel_adder_16/_0971_/ZN (NR2D0BWP30P140)
   0.0257    4.6916 ^ reducedSum_nextLevel_adder_16/_0972_/Z (AN2D0BWP30P140)
   0.4170    5.1085 v reducedSum_nextLevel_adder_16/_0975_/ZN (AOI31D0BWP30P140)
   0.4192    5.5278 ^ reducedSum_nextLevel_adder_16/_0991_/ZN (AOI22D0BWP30P140)
   0.0318    5.5596 v reducedSum_nextLevel_adder_16/_1063_/ZN (CKND2D0BWP30P140)
   0.0370    5.5966 ^ reducedSum_nextLevel_adder_16/_1188_/ZN (OAI32D0BWP30P140)
   0.0151    5.6116 v reducedSum_nextLevel_adder_16/_1189_/ZN (AOI21D0BWP30P140)
   0.0396    5.6513 ^ reducedSum_nextLevel_adder_16/_1191_/ZN (OAI221D0BWP30P140)
   0.0211    5.6724 v reducedSum_nextLevel_adder_16/_1196_/ZN (OAI31D0BWP30P140)
   0.0222    5.6946 ^ reducedSum_nextLevel_adder_16/_1198_/ZN (AOI21D0BWP30P140)
   0.0256    5.7202 v reducedSum_nextLevel_adder_16/_1200_/ZN (MAOI222D0BWP30P140)
   0.0396    5.7598 ^ reducedSum_nextLevel_adder_16/_1202_/ZN (MAOI222D0BWP30P140)
   0.0257    5.7855 v reducedSum_nextLevel_adder_16/_1204_/ZN (MAOI222D0BWP30P140)
   0.0277    5.8132 ^ reducedSum_nextLevel_adder_16/_1206_/ZN (AOI21D0BWP30P140)
   0.0253    5.8385 ^ reducedSum_nextLevel_adder_16/_1209_/ZN (IAO21D0BWP30P140)
   0.0247    5.8632 v reducedSum_nextLevel_adder_16/_1211_/ZN (MAOI222D0BWP30P140)
   0.0395    5.9027 ^ reducedSum_nextLevel_adder_16/_1213_/ZN (MAOI222D0BWP30P140)
   0.0265    5.9292 v reducedSum_nextLevel_adder_16/_1221_/ZN (MAOI222D0BWP30P140)
   0.0354    5.9646 v reducedSum_nextLevel_adder_16/_1232_/Z (AO21D0BWP30P140)
   0.0261    5.9906 ^ reducedSum_nextLevel_adder_16/_1242_/ZN (MAOI222D0BWP30P140)
   0.0265    6.0172 v reducedSum_nextLevel_adder_16/_1255_/ZN (MAOI222D0BWP30P140)
   0.0315    6.0487 v reducedSum_nextLevel_adder_16/_1259_/Z (AO21D0BWP30P140)
   0.0182    6.0668 ^ reducedSum_nextLevel_adder_16/_1276_/ZN (AOI21D0BWP30P140)
   0.0258    6.0927 v reducedSum_nextLevel_adder_16/_1280_/ZN (MAOI222D0BWP30P140)
   0.0391    6.1318 ^ reducedSum_nextLevel_adder_16/_1296_/ZN (MAOI222D0BWP30P140)
   0.0262    6.1580 v reducedSum_nextLevel_adder_16/_1300_/ZN (MAOI222D0BWP30P140)
   0.0304    6.1884 ^ reducedSum_nextLevel_adder_16/_1318_/ZN (AOI21D0BWP30P140)
   0.0249    6.2133 v reducedSum_nextLevel_adder_16/_1322_/ZN (MAOI222D0BWP30P140)
   0.0364    6.2497 v reducedSum_nextLevel_adder_16/_1345_/Z (AO21D0BWP30P140)
   0.0156    6.2653 ^ reducedSum_nextLevel_adder_16/_1353_/ZN (MUX2ND0BWP30P140)
   0.0347    6.3001 ^ reducedSum_nextLevel_adder_16/_1354_/ZN (XNR2UD0BWP30P140)
   0.0288    6.3289 ^ reducedSum_nextLevel_adder_16/_1453_/ZN (MAOI22D0BWP30P140)
   0.1281    6.4569 v reducedSum_nextLevel_adder_16/_1456_/ZN (OAI211D0BWP30P140)
   0.0886    6.5455 ^ reducedSum_nextLevel_adder_16/_1531_/Z (MUX4D0BWP30P140)
   0.0194    6.5650 v reducedSum_nextLevel_adder_16/_1534_/ZN (MUX3ND0BWP30P140)
   0.0405    6.6055 ^ reducedSum_nextLevel_adder_16/_1568_/ZN (NR2D0BWP30P140)
   0.0507    6.6562 ^ reducedSum_nextLevel_adder_16/_1577_/ZN (INR4D0BWP30P140)
   0.0510    6.7072 ^ reducedSum_nextLevel_adder_16/_1582_/Z (AN4D0BWP30P140)
   0.0395    6.7467 ^ reducedSum_nextLevel_adder_16/_1590_/Z (AN4D0BWP30P140)
   0.0406    6.7873 ^ reducedSum_nextLevel_adder_16/_1601_/Z (AN4D0BWP30P140)
   0.0349    6.8221 ^ reducedSum_nextLevel_adder_16/_1603_/Z (AN3D0BWP30P140)
   0.0271    6.8493 v reducedSum_nextLevel_adder_16/_1605_/ZN (IND3D0BWP30P140)
   0.0379    6.8872 v reducedSum_nextLevel_adder_16/_1606_/Z (OR3D0BWP30P140)
   0.0368    6.9240 ^ reducedSum_nextLevel_adder_16/_1608_/ZN (INR3D0BWP30P140)
   0.0364    6.9605 v reducedSum_nextLevel_adder_16/_1611_/ZN (MAOI222D0BWP30P140)
   0.0357    6.9961 ^ reducedSum_nextLevel_adder_16/_1616_/ZN (NR4D0BWP30P140)
   0.0219    7.0180 v reducedSum_nextLevel_adder_16/_1619_/ZN (OAI31D0BWP30P140)
   0.0327    7.0507 v reducedSum_nextLevel_adder_16/_1621_/Z (AO21D0BWP30P140)
   0.0312    7.0819 ^ reducedSum_nextLevel_adder_16/_1623_/ZN (AOI21D0BWP30P140)
   0.0248    7.1068 ^ reducedSum_nextLevel_adder_16/_1625_/Z (OR3D0BWP30P140)
   0.0144    7.1211 v reducedSum_nextLevel_adder_16/_1647_/ZN (AOI21D0BWP30P140)
   0.0314    7.1525 v reducedSum_nextLevel_adder_16/_1648_/Z (OR2D0BWP30P140)
   0.0267    7.1792 ^ reducedSum_nextLevel_adder_16/_1653_/ZN (NR2D0BWP30P140)
   0.0319    7.2111 v reducedSum_nextLevel_adder_24/_0897_/ZN (XNR2UD0BWP30P140)
   0.0322    7.2433 ^ reducedSum_nextLevel_adder_24/_0899_/ZN (AOI21D0BWP30P140)
   0.0302    7.2735 v reducedSum_nextLevel_adder_24/_0901_/ZN (MAOI222D0BWP30P140)
   0.0360    7.3095 ^ reducedSum_nextLevel_adder_24/_0902_/ZN (MAOI222D0BWP30P140)
   0.0302    7.3397 v reducedSum_nextLevel_adder_24/_0903_/ZN (MAOI222D0BWP30P140)
   0.0360    7.3757 ^ reducedSum_nextLevel_adder_24/_0966_/ZN (MAOI222D0BWP30P140)
   0.0302    7.4060 v reducedSum_nextLevel_adder_24/_0968_/ZN (MAOI222D0BWP30P140)
   0.0257    7.4316 v reducedSum_nextLevel_adder_24/_0970_/ZN (XNR2UD0BWP30P140)
   0.0213    7.4529 ^ reducedSum_nextLevel_adder_24/_0971_/ZN (NR2D0BWP30P140)
   0.0257    7.4787 ^ reducedSum_nextLevel_adder_24/_0972_/Z (AN2D0BWP30P140)
   0.4170    7.8956 v reducedSum_nextLevel_adder_24/_0975_/ZN (AOI31D0BWP30P140)
   0.4192    8.3149 ^ reducedSum_nextLevel_adder_24/_0991_/ZN (AOI22D0BWP30P140)
   0.0318    8.3467 v reducedSum_nextLevel_adder_24/_1063_/ZN (CKND2D0BWP30P140)
   0.0370    8.3837 ^ reducedSum_nextLevel_adder_24/_1188_/ZN (OAI32D0BWP30P140)
   0.0151    8.3988 v reducedSum_nextLevel_adder_24/_1189_/ZN (AOI21D0BWP30P140)
   0.0396    8.4384 ^ reducedSum_nextLevel_adder_24/_1191_/ZN (OAI221D0BWP30P140)
   0.0211    8.4595 v reducedSum_nextLevel_adder_24/_1196_/ZN (OAI31D0BWP30P140)
   0.0222    8.4817 ^ reducedSum_nextLevel_adder_24/_1198_/ZN (AOI21D0BWP30P140)
   0.0256    8.5073 v reducedSum_nextLevel_adder_24/_1200_/ZN (MAOI222D0BWP30P140)
   0.0396    8.5469 ^ reducedSum_nextLevel_adder_24/_1202_/ZN (MAOI222D0BWP30P140)
   0.0257    8.5726 v reducedSum_nextLevel_adder_24/_1204_/ZN (MAOI222D0BWP30P140)
   0.0277    8.6004 ^ reducedSum_nextLevel_adder_24/_1206_/ZN (AOI21D0BWP30P140)
   0.0253    8.6256 ^ reducedSum_nextLevel_adder_24/_1209_/ZN (IAO21D0BWP30P140)
   0.0247    8.6503 v reducedSum_nextLevel_adder_24/_1211_/ZN (MAOI222D0BWP30P140)
   0.0395    8.6898 ^ reducedSum_nextLevel_adder_24/_1213_/ZN (MAOI222D0BWP30P140)
   0.0265    8.7163 v reducedSum_nextLevel_adder_24/_1221_/ZN (MAOI222D0BWP30P140)
   0.0354    8.7517 v reducedSum_nextLevel_adder_24/_1232_/Z (AO21D0BWP30P140)
   0.0261    8.7777 ^ reducedSum_nextLevel_adder_24/_1242_/ZN (MAOI222D0BWP30P140)
   0.0265    8.8043 v reducedSum_nextLevel_adder_24/_1255_/ZN (MAOI222D0BWP30P140)
   0.0315    8.8358 v reducedSum_nextLevel_adder_24/_1259_/Z (AO21D0BWP30P140)
   0.0182    8.8540 ^ reducedSum_nextLevel_adder_24/_1276_/ZN (AOI21D0BWP30P140)
   0.0258    8.8798 v reducedSum_nextLevel_adder_24/_1280_/ZN (MAOI222D0BWP30P140)
   0.0391    8.9189 ^ reducedSum_nextLevel_adder_24/_1296_/ZN (MAOI222D0BWP30P140)
   0.0262    8.9451 v reducedSum_nextLevel_adder_24/_1300_/ZN (MAOI222D0BWP30P140)
   0.0304    8.9755 ^ reducedSum_nextLevel_adder_24/_1318_/ZN (AOI21D0BWP30P140)
   0.0249    9.0004 v reducedSum_nextLevel_adder_24/_1322_/ZN (MAOI222D0BWP30P140)
   0.0364    9.0368 v reducedSum_nextLevel_adder_24/_1345_/Z (AO21D0BWP30P140)
   0.0156    9.0525 ^ reducedSum_nextLevel_adder_24/_1353_/ZN (MUX2ND0BWP30P140)
   0.0347    9.0872 ^ reducedSum_nextLevel_adder_24/_1354_/ZN (XNR2UD0BWP30P140)
   0.0288    9.1160 ^ reducedSum_nextLevel_adder_24/_1453_/ZN (MAOI22D0BWP30P140)
   0.1281    9.2440 v reducedSum_nextLevel_adder_24/_1456_/ZN (OAI211D0BWP30P140)
   0.0886    9.3327 ^ reducedSum_nextLevel_adder_24/_1531_/Z (MUX4D0BWP30P140)
   0.0194    9.3521 v reducedSum_nextLevel_adder_24/_1534_/ZN (MUX3ND0BWP30P140)
   0.0405    9.3926 ^ reducedSum_nextLevel_adder_24/_1568_/ZN (NR2D0BWP30P140)
   0.0507    9.4433 ^ reducedSum_nextLevel_adder_24/_1577_/ZN (INR4D0BWP30P140)
   0.0510    9.4943 ^ reducedSum_nextLevel_adder_24/_1582_/Z (AN4D0BWP30P140)
   0.0395    9.5338 ^ reducedSum_nextLevel_adder_24/_1590_/Z (AN4D0BWP30P140)
   0.0406    9.5744 ^ reducedSum_nextLevel_adder_24/_1601_/Z (AN4D0BWP30P140)
   0.0349    9.6092 ^ reducedSum_nextLevel_adder_24/_1603_/Z (AN3D0BWP30P140)
   0.0271    9.6364 v reducedSum_nextLevel_adder_24/_1605_/ZN (IND3D0BWP30P140)
   0.0379    9.6743 v reducedSum_nextLevel_adder_24/_1606_/Z (OR3D0BWP30P140)
   0.0368    9.7112 ^ reducedSum_nextLevel_adder_24/_1608_/ZN (INR3D0BWP30P140)
   0.0364    9.7476 v reducedSum_nextLevel_adder_24/_1611_/ZN (MAOI222D0BWP30P140)
   0.0357    9.7832 ^ reducedSum_nextLevel_adder_24/_1616_/ZN (NR4D0BWP30P140)
   0.0219    9.8051 v reducedSum_nextLevel_adder_24/_1619_/ZN (OAI31D0BWP30P140)
   0.0327    9.8378 v reducedSum_nextLevel_adder_24/_1621_/Z (AO21D0BWP30P140)
   0.0312    9.8691 ^ reducedSum_nextLevel_adder_24/_1623_/ZN (AOI21D0BWP30P140)
   0.0248    9.8939 ^ reducedSum_nextLevel_adder_24/_1625_/Z (OR3D0BWP30P140)
   0.0144    9.9082 v reducedSum_nextLevel_adder_24/_1647_/ZN (AOI21D0BWP30P140)
   0.0314    9.9396 v reducedSum_nextLevel_adder_24/_1648_/Z (OR2D0BWP30P140)
   0.0267    9.9664 ^ reducedSum_nextLevel_adder_24/_1653_/ZN (NR2D0BWP30P140)
   0.0319    9.9982 v reducedSum_nextLevel_adder_28/_0897_/ZN (XNR2UD0BWP30P140)
   0.0322   10.0304 ^ reducedSum_nextLevel_adder_28/_0899_/ZN (AOI21D0BWP30P140)
   0.0302   10.0606 v reducedSum_nextLevel_adder_28/_0901_/ZN (MAOI222D0BWP30P140)
   0.0360   10.0966 ^ reducedSum_nextLevel_adder_28/_0902_/ZN (MAOI222D0BWP30P140)
   0.0302   10.1269 v reducedSum_nextLevel_adder_28/_0903_/ZN (MAOI222D0BWP30P140)
   0.0360   10.1628 ^ reducedSum_nextLevel_adder_28/_0966_/ZN (MAOI222D0BWP30P140)
   0.0302   10.1931 v reducedSum_nextLevel_adder_28/_0968_/ZN (MAOI222D0BWP30P140)
   0.0257   10.2187 v reducedSum_nextLevel_adder_28/_0970_/ZN (XNR2UD0BWP30P140)
   0.0213   10.2401 ^ reducedSum_nextLevel_adder_28/_0971_/ZN (NR2D0BWP30P140)
   0.0257   10.2658 ^ reducedSum_nextLevel_adder_28/_0972_/Z (AN2D0BWP30P140)
   0.4170   10.6827 v reducedSum_nextLevel_adder_28/_0975_/ZN (AOI31D0BWP30P140)
   0.4192   11.1020 ^ reducedSum_nextLevel_adder_28/_0991_/ZN (AOI22D0BWP30P140)
   0.0318   11.1338 v reducedSum_nextLevel_adder_28/_1063_/ZN (CKND2D0BWP30P140)
   0.0370   11.1708 ^ reducedSum_nextLevel_adder_28/_1188_/ZN (OAI32D0BWP30P140)
   0.0151   11.1859 v reducedSum_nextLevel_adder_28/_1189_/ZN (AOI21D0BWP30P140)
   0.0396   11.2255 ^ reducedSum_nextLevel_adder_28/_1191_/ZN (OAI221D0BWP30P140)
   0.0211   11.2466 v reducedSum_nextLevel_adder_28/_1196_/ZN (OAI31D0BWP30P140)
   0.0222   11.2688 ^ reducedSum_nextLevel_adder_28/_1198_/ZN (AOI21D0BWP30P140)
   0.0256   11.2944 v reducedSum_nextLevel_adder_28/_1200_/ZN (MAOI222D0BWP30P140)
   0.0396   11.3340 ^ reducedSum_nextLevel_adder_28/_1202_/ZN (MAOI222D0BWP30P140)
   0.0257   11.3597 v reducedSum_nextLevel_adder_28/_1204_/ZN (MAOI222D0BWP30P140)
   0.0277   11.3875 ^ reducedSum_nextLevel_adder_28/_1206_/ZN (AOI21D0BWP30P140)
   0.0253   11.4127 ^ reducedSum_nextLevel_adder_28/_1209_/ZN (IAO21D0BWP30P140)
   0.0247   11.4374 v reducedSum_nextLevel_adder_28/_1211_/ZN (MAOI222D0BWP30P140)
   0.0395   11.4769 ^ reducedSum_nextLevel_adder_28/_1213_/ZN (MAOI222D0BWP30P140)
   0.0265   11.5034 v reducedSum_nextLevel_adder_28/_1221_/ZN (MAOI222D0BWP30P140)
   0.0354   11.5388 v reducedSum_nextLevel_adder_28/_1232_/Z (AO21D0BWP30P140)
   0.0261   11.5648 ^ reducedSum_nextLevel_adder_28/_1242_/ZN (MAOI222D0BWP30P140)
   0.0265   11.5914 v reducedSum_nextLevel_adder_28/_1255_/ZN (MAOI222D0BWP30P140)
   0.0315   11.6229 v reducedSum_nextLevel_adder_28/_1259_/Z (AO21D0BWP30P140)
   0.0182   11.6411 ^ reducedSum_nextLevel_adder_28/_1276_/ZN (AOI21D0BWP30P140)
   0.0258   11.6669 v reducedSum_nextLevel_adder_28/_1280_/ZN (MAOI222D0BWP30P140)
   0.0391   11.7060 ^ reducedSum_nextLevel_adder_28/_1296_/ZN (MAOI222D0BWP30P140)
   0.0262   11.7322 v reducedSum_nextLevel_adder_28/_1300_/ZN (MAOI222D0BWP30P140)
   0.0304   11.7626 ^ reducedSum_nextLevel_adder_28/_1318_/ZN (AOI21D0BWP30P140)
   0.0249   11.7875 v reducedSum_nextLevel_adder_28/_1322_/ZN (MAOI222D0BWP30P140)
   0.0364   11.8239 v reducedSum_nextLevel_adder_28/_1345_/Z (AO21D0BWP30P140)
   0.0156   11.8396 ^ reducedSum_nextLevel_adder_28/_1353_/ZN (MUX2ND0BWP30P140)
   0.0347   11.8743 ^ reducedSum_nextLevel_adder_28/_1354_/ZN (XNR2UD0BWP30P140)
   0.0288   11.9031 ^ reducedSum_nextLevel_adder_28/_1453_/ZN (MAOI22D0BWP30P140)
   0.1281   12.0311 v reducedSum_nextLevel_adder_28/_1456_/ZN (OAI211D0BWP30P140)
   0.0886   12.1198 ^ reducedSum_nextLevel_adder_28/_1531_/Z (MUX4D0BWP30P140)
   0.0194   12.1392 v reducedSum_nextLevel_adder_28/_1534_/ZN (MUX3ND0BWP30P140)
   0.0405   12.1797 ^ reducedSum_nextLevel_adder_28/_1568_/ZN (NR2D0BWP30P140)
   0.0507   12.2304 ^ reducedSum_nextLevel_adder_28/_1577_/ZN (INR4D0BWP30P140)
   0.0510   12.2814 ^ reducedSum_nextLevel_adder_28/_1582_/Z (AN4D0BWP30P140)
   0.0395   12.3209 ^ reducedSum_nextLevel_adder_28/_1590_/Z (AN4D0BWP30P140)
   0.0406   12.3615 ^ reducedSum_nextLevel_adder_28/_1601_/Z (AN4D0BWP30P140)
   0.0349   12.3964 ^ reducedSum_nextLevel_adder_28/_1603_/Z (AN3D0BWP30P140)
   0.0271   12.4235 v reducedSum_nextLevel_adder_28/_1605_/ZN (IND3D0BWP30P140)
   0.0379   12.4614 v reducedSum_nextLevel_adder_28/_1606_/Z (OR3D0BWP30P140)
   0.0368   12.4983 ^ reducedSum_nextLevel_adder_28/_1608_/ZN (INR3D0BWP30P140)
   0.0364   12.5347 v reducedSum_nextLevel_adder_28/_1611_/ZN (MAOI222D0BWP30P140)
   0.0357   12.5703 ^ reducedSum_nextLevel_adder_28/_1616_/ZN (NR4D0BWP30P140)
   0.0219   12.5922 v reducedSum_nextLevel_adder_28/_1619_/ZN (OAI31D0BWP30P140)
   0.0327   12.6249 v reducedSum_nextLevel_adder_28/_1621_/Z (AO21D0BWP30P140)
   0.0312   12.6562 ^ reducedSum_nextLevel_adder_28/_1623_/ZN (AOI21D0BWP30P140)
   0.0248   12.6810 ^ reducedSum_nextLevel_adder_28/_1625_/Z (OR3D0BWP30P140)
   0.0144   12.6953 v reducedSum_nextLevel_adder_28/_1647_/ZN (AOI21D0BWP30P140)
   0.0314   12.7267 v reducedSum_nextLevel_adder_28/_1648_/Z (OR2D0BWP30P140)
   0.0267   12.7535 ^ reducedSum_nextLevel_adder_28/_1653_/ZN (NR2D0BWP30P140)
   0.0319   12.7853 v reducedSum_nextLevel_adder_30/_0897_/ZN (XNR2UD0BWP30P140)
   0.0322   12.8175 ^ reducedSum_nextLevel_adder_30/_0899_/ZN (AOI21D0BWP30P140)
   0.0302   12.8477 v reducedSum_nextLevel_adder_30/_0901_/ZN (MAOI222D0BWP30P140)
   0.0360   12.8837 ^ reducedSum_nextLevel_adder_30/_0902_/ZN (MAOI222D0BWP30P140)
   0.0302   12.9140 v reducedSum_nextLevel_adder_30/_0903_/ZN (MAOI222D0BWP30P140)
   0.0360   12.9499 ^ reducedSum_nextLevel_adder_30/_0966_/ZN (MAOI222D0BWP30P140)
   0.0302   12.9802 v reducedSum_nextLevel_adder_30/_0968_/ZN (MAOI222D0BWP30P140)
   0.0257   13.0058 v reducedSum_nextLevel_adder_30/_0970_/ZN (XNR2UD0BWP30P140)
   0.0213   13.0272 ^ reducedSum_nextLevel_adder_30/_0971_/ZN (NR2D0BWP30P140)
   0.0257   13.0529 ^ reducedSum_nextLevel_adder_30/_0972_/Z (AN2D0BWP30P140)
   0.4170   13.4698 v reducedSum_nextLevel_adder_30/_0975_/ZN (AOI31D0BWP30P140)
   0.4192   13.8891 ^ reducedSum_nextLevel_adder_30/_0991_/ZN (AOI22D0BWP30P140)
   0.0318   13.9209 v reducedSum_nextLevel_adder_30/_1063_/ZN (CKND2D0BWP30P140)
   0.0370   13.9579 ^ reducedSum_nextLevel_adder_30/_1188_/ZN (OAI32D0BWP30P140)
   0.0151   13.9730 v reducedSum_nextLevel_adder_30/_1189_/ZN (AOI21D0BWP30P140)
   0.0396   14.0126 ^ reducedSum_nextLevel_adder_30/_1191_/ZN (OAI221D0BWP30P140)
   0.0211   14.0337 v reducedSum_nextLevel_adder_30/_1196_/ZN (OAI31D0BWP30P140)
   0.0222   14.0559 ^ reducedSum_nextLevel_adder_30/_1198_/ZN (AOI21D0BWP30P140)
   0.0256   14.0815 v reducedSum_nextLevel_adder_30/_1200_/ZN (MAOI222D0BWP30P140)
   0.0396   14.1211 ^ reducedSum_nextLevel_adder_30/_1202_/ZN (MAOI222D0BWP30P140)
   0.0257   14.1468 v reducedSum_nextLevel_adder_30/_1204_/ZN (MAOI222D0BWP30P140)
   0.0277   14.1746 ^ reducedSum_nextLevel_adder_30/_1206_/ZN (AOI21D0BWP30P140)
   0.0253   14.1999 ^ reducedSum_nextLevel_adder_30/_1209_/ZN (IAO21D0BWP30P140)
   0.0247   14.2245 v reducedSum_nextLevel_adder_30/_1211_/ZN (MAOI222D0BWP30P140)
   0.0395   14.2640 ^ reducedSum_nextLevel_adder_30/_1213_/ZN (MAOI222D0BWP30P140)
   0.0265   14.2905 v reducedSum_nextLevel_adder_30/_1221_/ZN (MAOI222D0BWP30P140)
   0.0354   14.3259 v reducedSum_nextLevel_adder_30/_1232_/Z (AO21D0BWP30P140)
   0.0261   14.3520 ^ reducedSum_nextLevel_adder_30/_1242_/ZN (MAOI222D0BWP30P140)
   0.0265   14.3785 v reducedSum_nextLevel_adder_30/_1255_/ZN (MAOI222D0BWP30P140)
   0.0315   14.4100 v reducedSum_nextLevel_adder_30/_1259_/Z (AO21D0BWP30P140)
   0.0182   14.4282 ^ reducedSum_nextLevel_adder_30/_1276_/ZN (AOI21D0BWP30P140)
   0.0258   14.4540 v reducedSum_nextLevel_adder_30/_1280_/ZN (MAOI222D0BWP30P140)
   0.0391   14.4931 ^ reducedSum_nextLevel_adder_30/_1296_/ZN (MAOI222D0BWP30P140)
   0.0262   14.5193 v reducedSum_nextLevel_adder_30/_1300_/ZN (MAOI222D0BWP30P140)
   0.0304   14.5497 ^ reducedSum_nextLevel_adder_30/_1318_/ZN (AOI21D0BWP30P140)
   0.0249   14.5746 v reducedSum_nextLevel_adder_30/_1322_/ZN (MAOI222D0BWP30P140)
   0.0364   14.6110 v reducedSum_nextLevel_adder_30/_1345_/Z (AO21D0BWP30P140)
   0.0156   14.6267 ^ reducedSum_nextLevel_adder_30/_1353_/ZN (MUX2ND0BWP30P140)
   0.0347   14.6614 ^ reducedSum_nextLevel_adder_30/_1354_/ZN (XNR2UD0BWP30P140)
   0.0288   14.6902 ^ reducedSum_nextLevel_adder_30/_1453_/ZN (MAOI22D0BWP30P140)
   0.1281   14.8183 v reducedSum_nextLevel_adder_30/_1456_/ZN (OAI211D0BWP30P140)
   0.0886   14.9069 ^ reducedSum_nextLevel_adder_30/_1531_/Z (MUX4D0BWP30P140)
   0.0194   14.9263 v reducedSum_nextLevel_adder_30/_1534_/ZN (MUX3ND0BWP30P140)
   0.0405   14.9668 ^ reducedSum_nextLevel_adder_30/_1568_/ZN (NR2D0BWP30P140)
   0.0507   15.0175 ^ reducedSum_nextLevel_adder_30/_1577_/ZN (INR4D0BWP30P140)
   0.0511   15.0686 ^ reducedSum_nextLevel_adder_30/_1582_/Z (AN4D0BWP30P140)
   0.0395   15.1080 ^ reducedSum_nextLevel_adder_30/_1590_/Z (AN4D0BWP30P140)
   0.0406   15.1486 ^ reducedSum_nextLevel_adder_30/_1601_/Z (AN4D0BWP30P140)
   0.0349   15.1835 ^ reducedSum_nextLevel_adder_30/_1603_/Z (AN3D0BWP30P140)
   0.0271   15.2106 v reducedSum_nextLevel_adder_30/_1605_/ZN (IND3D0BWP30P140)
   0.0379   15.2485 v reducedSum_nextLevel_adder_30/_1606_/Z (OR3D0BWP30P140)
   0.0368   15.2854 ^ reducedSum_nextLevel_adder_30/_1608_/ZN (INR3D0BWP30P140)
   0.0364   15.3218 v reducedSum_nextLevel_adder_30/_1611_/ZN (MAOI222D0BWP30P140)
   0.0357   15.3575 ^ reducedSum_nextLevel_adder_30/_1616_/ZN (NR4D0BWP30P140)
   0.0219   15.3793 v reducedSum_nextLevel_adder_30/_1619_/ZN (OAI31D0BWP30P140)
   0.0327   15.4120 v reducedSum_nextLevel_adder_30/_1621_/Z (AO21D0BWP30P140)
   0.0312   15.4433 ^ reducedSum_nextLevel_adder_30/_1623_/ZN (AOI21D0BWP30P140)
   0.0248   15.4681 ^ reducedSum_nextLevel_adder_30/_1625_/Z (OR3D0BWP30P140)
   0.0144   15.4824 v reducedSum_nextLevel_adder_30/_1647_/ZN (AOI21D0BWP30P140)
   0.0314   15.5138 v reducedSum_nextLevel_adder_30/_1648_/Z (OR2D0BWP30P140)
   0.0303   15.5441 ^ reducedSum_nextLevel_adder_30/_1653_/ZN (NR2D0BWP30P140)
   0.0246   15.5687 v accAdder/_0897_/ZN (XNR2UD0BWP30P140)
   0.0314   15.6000 ^ accAdder/_0899_/ZN (AOI21D0BWP30P140)
   0.0301   15.6302 v accAdder/_0901_/ZN (MAOI222D0BWP30P140)
   0.0360   15.6662 ^ accAdder/_0902_/ZN (MAOI222D0BWP30P140)
   0.0302   15.6964 v accAdder/_0903_/ZN (MAOI222D0BWP30P140)
   0.0360   15.7324 ^ accAdder/_0966_/ZN (MAOI222D0BWP30P140)
   0.0302   15.7626 v accAdder/_0968_/ZN (MAOI222D0BWP30P140)
   0.0257   15.7883 v accAdder/_0970_/ZN (XNR2UD0BWP30P140)
   0.0212   15.8095 ^ accAdder/_0971_/ZN (NR2D0BWP30P140)
   0.0257   15.8352 ^ accAdder/_0972_/Z (AN2D0BWP30P140)
   0.4170   16.2522 v accAdder/_0975_/ZN (AOI31D0BWP30P140)
   0.4192   16.6714 ^ accAdder/_0991_/ZN (AOI22D0BWP30P140)
   0.0318   16.7033 v accAdder/_1063_/ZN (CKND2D0BWP30P140)
   0.0370   16.7402 ^ accAdder/_1188_/ZN (OAI32D0BWP30P140)
   0.0151   16.7553 v accAdder/_1189_/ZN (AOI21D0BWP30P140)
   0.0396   16.7949 ^ accAdder/_1191_/ZN (OAI221D0BWP30P140)
   0.0211   16.8160 v accAdder/_1196_/ZN (OAI31D0BWP30P140)
   0.0222   16.8383 ^ accAdder/_1198_/ZN (AOI21D0BWP30P140)
   0.0256   16.8639 v accAdder/_1200_/ZN (MAOI222D0BWP30P140)
   0.0396   16.9035 ^ accAdder/_1202_/ZN (MAOI222D0BWP30P140)
   0.0257   16.9292 v accAdder/_1204_/ZN (MAOI222D0BWP30P140)
   0.0277   16.9569 ^ accAdder/_1206_/ZN (AOI21D0BWP30P140)
   0.0253   16.9822 ^ accAdder/_1209_/ZN (IAO21D0BWP30P140)
   0.0247   17.0068 v accAdder/_1211_/ZN (MAOI222D0BWP30P140)
   0.0395   17.0464 ^ accAdder/_1213_/ZN (MAOI222D0BWP30P140)
   0.0265   17.0729 v accAdder/_1221_/ZN (MAOI222D0BWP30P140)
   0.0354   17.1082 v accAdder/_1232_/Z (AO21D0BWP30P140)
   0.0261   17.1343 ^ accAdder/_1242_/ZN (MAOI222D0BWP30P140)
   0.0265   17.1608 v accAdder/_1255_/ZN (MAOI222D0BWP30P140)
   0.0315   17.1923 v accAdder/_1259_/Z (AO21D0BWP30P140)
   0.0182   17.2105 ^ accAdder/_1276_/ZN (AOI21D0BWP30P140)
   0.0258   17.2364 v accAdder/_1280_/ZN (MAOI222D0BWP30P140)
   0.0391   17.2755 ^ accAdder/_1296_/ZN (MAOI222D0BWP30P140)
   0.0262   17.3016 v accAdder/_1300_/ZN (MAOI222D0BWP30P140)
   0.0304   17.3320 ^ accAdder/_1318_/ZN (AOI21D0BWP30P140)
   0.0249   17.3569 v accAdder/_1322_/ZN (MAOI222D0BWP30P140)
   0.0364   17.3934 v accAdder/_1345_/Z (AO21D0BWP30P140)
   0.0156   17.4090 ^ accAdder/_1353_/ZN (MUX2ND0BWP30P140)
   0.0347   17.4438 ^ accAdder/_1354_/ZN (XNR2UD0BWP30P140)
   0.0288   17.4725 ^ accAdder/_1453_/ZN (MAOI22D0BWP30P140)
   0.1281   17.6006 v accAdder/_1456_/ZN (OAI211D0BWP30P140)
   0.0886   17.6892 ^ accAdder/_1531_/Z (MUX4D0BWP30P140)
   0.0194   17.7087 v accAdder/_1534_/ZN (MUX3ND0BWP30P140)
   0.0405   17.7492 ^ accAdder/_1568_/ZN (NR2D0BWP30P140)
   0.0507   17.7998 ^ accAdder/_1577_/ZN (INR4D0BWP30P140)
   0.0511   17.8509 ^ accAdder/_1582_/Z (AN4D0BWP30P140)
   0.0395   17.8904 ^ accAdder/_1590_/Z (AN4D0BWP30P140)
   0.0406   17.9309 ^ accAdder/_1601_/Z (AN4D0BWP30P140)
   0.0349   17.9658 ^ accAdder/_1603_/Z (AN3D0BWP30P140)
   0.0271   17.9929 v accAdder/_1605_/ZN (IND3D0BWP30P140)
   0.0379   18.0309 v accAdder/_1606_/Z (OR3D0BWP30P140)
   0.0368   18.0677 ^ accAdder/_1608_/ZN (INR3D0BWP30P140)
   0.0364   18.1041 v accAdder/_1611_/ZN (MAOI222D0BWP30P140)
   0.0357   18.1398 ^ accAdder/_1616_/ZN (NR4D0BWP30P140)
   0.0219   18.1617 v accAdder/_1619_/ZN (OAI31D0BWP30P140)
   0.0327   18.1944 v accAdder/_1621_/Z (AO21D0BWP30P140)
   0.0312   18.2256 ^ accAdder/_1623_/ZN (AOI21D0BWP30P140)
   0.0237   18.2493 v accAdder/_1626_/ZN (OAI21D0BWP30P140)
   0.0215   18.2707 v accAdder/_1658_/Z (AN3D0BWP30P140)
   0.0613   18.3320 v accAdder/_1659_/Z (OR3D0BWP30P140)
   0.0420   18.3740 ^ accAdder/_1703_/ZN (AOI211D0BWP30P140)
   0.0261   18.4001 ^ _060_/Z (AO22D0BWP30P140)
   0.0000   18.4001 ^ _070_/D (DFCNQD1BWP30P140)
            18.4001   data arrival time

  20.0000   20.0000   clock CORE_CLK (rise edge)
   0.0000   20.0000   clock network delay (ideal)
  -0.0500   19.9500   clock uncertainty
   0.0000   19.9500   clock reconvergence pessimism
            19.9500 ^ _070_/CP (DFCNQD1BWP30P140)
  -0.0174   19.9326   library setup time
            19.9326   data required time
-------------------------------------------------------------
            19.9326   data required time
           -18.4001   data arrival time
-------------------------------------------------------------
             1.5326   slack (MET)


