Startpoint: reset (input port clocked by CORE_CLK)
Endpoint: _40_ (recovery check against rising-edge clock CORE_CLK)
Path Group: asynchronous
Path Type: max

    Delay      Time   Description
-------------------------------------------------------------
   0.0000    0.0000   clock CORE_CLK (rise edge)
   0.0000    0.0000   clock network delay (ideal)
   0.0000    0.0000 ^ input external delay
   0.0000    0.0000 ^ reset (in)
   0.0000    0.0000 ^ _40_/CDN (DFCNQD1BWP30P140)
             0.0000   data arrival time

   2.0000    2.0000   clock CORE_CLK (rise edge)
   0.0000    2.0000   clock network delay (ideal)
  -0.0500    1.9500   clock uncertainty
   0.0000    1.9500   clock reconvergence pessimism
             1.9500 ^ _40_/CP (DFCNQD1BWP30P140)
   0.0258    1.9758   library recovery time
             1.9758   data required time
-------------------------------------------------------------
             1.9758   data required time
            -0.0000   data arrival time
-------------------------------------------------------------
             1.9758   slack (MET)


Startpoint: io_op_a_i[11] (input port clocked by CORE_CLK)
Endpoint: _42_ (rising edge-triggered flip-flop clocked by CORE_CLK)
Path Group: CORE_CLK
Path Type: max

    Delay      Time   Description
-------------------------------------------------------------
   0.0000    0.0000   clock CORE_CLK (rise edge)
   0.0000    0.0000   clock network delay (ideal)
   0.0000    0.0000 v input external delay
   0.0000    0.0000 v io_op_a_i[11] (in)
   0.0180    0.0180 v op_1/_053_/Z (OR2D0BWP30P140)
   0.0162    0.0342 ^ op_1/_054_/ZN (NR3D0BWP30P140)
   0.0123    0.0465 v op_1/_058_/ZN (NR2D0BWP30P140)
   0.0187    0.0652 ^ op_1/_059_/ZN (OAI21D0BWP30P140)
   0.0217    0.0869 ^ op_1/_060_/Z (OR2D0BWP30P140)
   0.0226    0.1095 v op_1/_106_/ZN (MAOI222D0BWP30P140)
   0.0544    0.1639 ^ op_1/_107_/ZN (NR2D0BWP30P140)
   0.0220    0.1858 v tree/_1250_/ZN (AOI22D0BWP30P140)
   0.0167    0.2026 ^ tree/_1251_/ZN (OAI21D0BWP30P140)
   0.0348    0.2374 v tree/_1253_/ZN (MAOI22D0BWP30P140)
   0.0338    0.2711 v tree/_1260_/ZN (MUX2ND0BWP30P140)
   0.0248    0.2959 ^ tree/_1261_/ZN (AOI22D0BWP30P140)
   0.0214    0.3173 ^ tree/_1264_/Z (AO21D0BWP30P140)
   0.0285    0.3458 v tree/_1267_/ZN (AOI221D0BWP30P140)
   0.0394    0.3852 v tree/_1268_/Z (OR2D0BWP30P140)
   0.0332    0.4184 v tree/_1276_/ZN (MUX2ND0BWP30P140)
   0.0336    0.4520 v tree/_1277_/ZN (XNR2UD0BWP30P140)
   0.0296    0.4816 ^ tree/_1294_/ZN (OAI31D0BWP30P140)
   0.0269    0.5085 v tree/_1295_/ZN (OAI31D0BWP30P140)
   0.0621    0.5707 ^ tree/_1304_/ZN (AOI21D0BWP30P140)
   0.0646    0.6353 ^ tree/_1315_/ZN (MUX2ND0BWP30P140)
   0.0500    0.6853 v tree/_1319_/ZN (MAOI222D0BWP30P140)
   0.0327    0.7180 ^ tree/_1322_/ZN (AOI21D0BWP30P140)
   0.0303    0.7484 ^ tree/_1338_/Z (XOR2UD0BWP30P140)
   0.0285    0.7768 v tree/_1340_/ZN (OAI211D0BWP30P140)
   0.0633    0.8401 v tree/_1343_/Z (AN2D0BWP30P140)
   0.0548    0.8949 v tree/_1360_/ZN (MUX4ND0BWP30P140)
   0.0413    0.9362 ^ tree/_1364_/ZN (MUX2ND0BWP30P140)
   0.0232    0.9594 v tree/_1366_/ZN (OAI21D0BWP30P140)
   0.0249    0.9843 v tree/_1429_/ZN (IND2D0BWP30P140)
   0.0349    1.0192 v tree/_2062_/ZN (XNR2UD0BWP30P140)
   0.0669    1.0861 v tree/_2079_/Z (XOR3UD0BWP30P140)
   0.0520    1.1381 ^ tree/_2091_/ZN (XNR3UD0BWP30P140)
   0.0281    1.1662 v tree/_2096_/ZN (MAOI222D0BWP30P140)
   0.0331    1.1993 ^ tree/_2097_/ZN (MAOI222D0BWP30P140)
   0.0293    1.2285 v tree/_2098_/ZN (MAOI222D0BWP30P140)
   0.0307    1.2593 ^ tree/_2100_/ZN (OAI21D0BWP30P140)
   0.0291    1.2884 v tree/_2102_/ZN (MAOI222D0BWP30P140)
   0.0247    1.3131 ^ tree/_2104_/ZN (OAI21D0BWP30P140)
   0.0279    1.3410 v tree/_2105_/ZN (MAOI222D0BWP30P140)
   0.0301    1.3711 ^ tree/_2108_/ZN (OAI21D0BWP30P140)
   0.0299    1.4010 v tree/_2110_/ZN (MAOI222D0BWP30P140)
   0.0407    1.4416 ^ tree/_2112_/ZN (MAOI222D0BWP30P140)
   0.0313    1.4730 v tree/_2114_/ZN (MAOI222D0BWP30P140)
   0.0407    1.5136 ^ tree/_2116_/ZN (MAOI222D0BWP30P140)
   0.0278    1.5414 v tree/_2118_/ZN (MAOI222D0BWP30P140)
   0.0391    1.5805 ^ tree/_2119_/ZN (MAOI222D0BWP30P140)
   0.0313    1.6117 v tree/_2121_/ZN (MAOI222D0BWP30P140)
   0.0360    1.6477 ^ tree/_2123_/ZN (MAOI222D0BWP30P140)
   0.0298    1.6775 v tree/_2124_/ZN (MAOI222D0BWP30P140)
   0.0320    1.7095 ^ tree/_2126_/ZN (OAI21D0BWP30P140)
   0.0192    1.7287 v tree/_2130_/ZN (AOI211D0BWP30P140)
   0.0341    1.7628 ^ tree/_2132_/ZN (OAI31D0BWP30P140)
   0.0253    1.7881 v tree/_2134_/ZN (OAI211D0BWP30P140)
   0.0310    1.8191 v tree/_2136_/Z (AO21D0BWP30P140)
   0.0178    1.8369 ^ tree/_2141_/ZN (AOI21D0BWP30P140)
   0.0583    1.8952 ^ tree/_2143_/Z (OA22D0BWP30P140)
   0.0427    1.9379 v tree/_2144_/ZN (CKND0BWP30P140)
   0.0381    1.9760 ^ tree/_2170_/ZN (AOI21D0BWP30P140)
   0.0389    2.0149 ^ tree/_2175_/Z (AN4D0BWP30P140)
   0.0207    2.0356 v tree/_2183_/ZN (AOI31D0BWP30P140)
   0.0267    2.0623 ^ tree/_2188_/ZN (OAI21D0BWP30P140)
   0.0286    2.0909 v tree/_2191_/ZN (OAI211D0BWP30P140)
   0.0293    2.1202 v tree/_2193_/Z (OR2D0BWP30P140)
   0.0327    2.1529 v tree/_2195_/Z (OR3D0BWP30P140)
   0.0210    2.1739 ^ tree/_2198_/ZN (AOI21D0BWP30P140)
   0.0185    2.1925 v tree/_2218_/ZN (AOI31D0BWP30P140)
   0.0291    2.2216 v tree/_2227_/ZN (XNR2UD0BWP30P140)
   0.0181    2.2396 ^ tree/_2228_/ZN (CKND0BWP30P140)
   0.2623    2.5019 v tree/_2289_/ZN (AOI31D0BWP30P140)
   0.1149    2.6167 ^ tree/_2346_/ZN (MUX4ND0BWP30P140)
   0.0318    2.6485 ^ tree/_2348_/Z (CKMUX2D0BWP30P140)
   0.0143    2.6628 v tree/_2393_/ZN (AOI211D0BWP30P140)
   0.0227    2.6855 ^ tree/_2397_/ZN (AOI31D0BWP30P140)
   0.0142    2.6998 v tree/_2406_/ZN (NR4D0BWP30P140)
   0.0307    2.7305 ^ tree/_2414_/ZN (AOI211D0BWP30P140)
   0.0360    2.7665 v tree/_2417_/ZN (IND4D0BWP30P140)
   0.0493    2.8158 ^ tree/_2419_/ZN (AOI211D0BWP30P140)
   0.0481    2.8639 ^ tree/_2421_/Z (XOR2UD0BWP30P140)
   0.0247    2.8887 v sa/_447_/ZN (CKND2D0BWP30P140)
   0.0639    2.9526 v sa/_634_/ZN (XNR3UD0BWP30P140)
   0.0293    2.9819 v sa/_640_/Z (XOR2UD0BWP30P140)
   0.0329    3.0148 v sa/_665_/ZN (XNR3UD0BWP30P140)
   0.0294    3.0442 v sa/_672_/Z (XOR2UD0BWP30P140)
   0.0348    3.0791 v sa/_695_/ZN (XNR3UD0BWP30P140)
   0.0653    3.1443 v sa/_718_/Z (XOR3UD0BWP30P140)
   0.0310    3.1754 ^ sa/_760_/ZN (MAOI222D0BWP30P140)
   0.0263    3.2016 v sa/_761_/ZN (MAOI222D0BWP30P140)
   0.0340    3.2356 ^ sa/_762_/ZN (MAOI222D0BWP30P140)
   0.0267    3.2623 v sa/_763_/ZN (MAOI222D0BWP30P140)
   0.0375    3.2998 ^ sa/_764_/ZN (MAOI222D0BWP30P140)
   0.0275    3.3272 v sa/_767_/ZN (OAI21D0BWP30P140)
   0.0364    3.3636 ^ sa/_820_/ZN (MAOI222D0BWP30P140)
   0.0311    3.3948 v sa/_822_/ZN (MAOI222D0BWP30P140)
   0.0384    3.4332 ^ sa/_824_/ZN (MAOI222D0BWP30P140)
   0.0216    3.4548 v sa/_828_/Z (XOR2UD0BWP30P140)
   0.0243    3.4791 v conv/_171_/ZN (INR2D0BWP30P140)
   0.1544    3.6335 ^ conv/_181_/ZN (AOI21D0BWP30P140)
   0.0505    3.6840 v conv/_213_/ZN (MUX4ND0BWP30P140)
   0.0433    3.7273 ^ conv/_215_/ZN (MUX2ND0BWP30P140)
   0.0470    3.7743 v conv/_245_/ZN (ND4D0BWP30P140)
   0.0376    3.8119 ^ conv/_253_/ZN (NR4D0BWP30P140)
   0.0532    3.8651 ^ conv/_255_/ZN (INR4D0BWP30P140)
   0.0311    3.8962 v conv/_257_/ZN (ND3D0BWP30P140)
   0.0229    3.9192 v conv/_282_/ZN (XNR2UD0BWP30P140)
   0.0322    3.9513 ^ conv/_283_/ZN (NR2D0BWP30P140)
   0.0242    3.9755 ^ accAdder/_461_/ZN (XNR2UD0BWP30P140)
   0.0293    4.0048 ^ accAdder/_462_/Z (AO21D0BWP30P140)
   0.0165    4.0212 v accAdder/_465_/ZN (AOI211D0BWP30P140)
   0.0332    4.0545 ^ accAdder/_467_/ZN (OAI31D0BWP30P140)
   0.0299    4.0843 v accAdder/_470_/ZN (OAI211D0BWP30P140)
   0.0294    4.1137 ^ accAdder/_492_/ZN (AOI21D0BWP30P140)
   0.0467    4.1604 v accAdder/_494_/ZN (OAI211D0BWP30P140)
   0.0876    4.2480 v accAdder/_518_/ZN (MUX2ND0BWP30P140)
   0.0860    4.3340 ^ accAdder/_543_/ZN (AOI31D0BWP30P140)
   0.0611    4.3950 v accAdder/_549_/ZN (ND3D0BWP30P140)
   0.0399    4.4350 v accAdder/_566_/Z (OA21D0BWP30P140)
   0.0311    4.4660 ^ accAdder/_589_/ZN (MUX3ND0BWP30P140)
   0.0331    4.4992 v accAdder/_677_/ZN (AOI221D0BWP30P140)
   0.0251    4.5243 ^ accAdder/_678_/ZN (ND3D0BWP30P140)
   0.0175    4.5418 v accAdder/_680_/ZN (OAI21D0BWP30P140)
   0.0236    4.5654 ^ accAdder/_681_/ZN (AOI21D0BWP30P140)
   0.0255    4.5908 v accAdder/_682_/ZN (MAOI222D0BWP30P140)
   0.0329    4.6237 ^ accAdder/_684_/ZN (MAOI222D0BWP30P140)
   0.0301    4.6538 v accAdder/_686_/ZN (MAOI222D0BWP30P140)
   0.0324    4.6862 ^ accAdder/_687_/ZN (AOI211D0BWP30P140)
   0.0238    4.7100 v accAdder/_688_/ZN (OAI32D0BWP30P140)
   0.0302    4.7402 ^ accAdder/_698_/ZN (AOI211D0BWP30P140)
   0.0230    4.7632 ^ accAdder/_700_/Z (OR2D0BWP30P140)
   0.1489    4.9121 v accAdder/_751_/ZN (AOI31D0BWP30P140)
   0.0882    5.0003 v accAdder/_791_/ZN (MUX4ND0BWP30P140)
   0.0430    5.0433 ^ accAdder/_792_/ZN (NR4D0BWP30P140)
   0.0345    5.0778 v accAdder/_798_/ZN (IND4D0BWP30P140)
   0.0296    5.1074 ^ accAdder/_801_/ZN (NR3D0BWP30P140)
   0.0291    5.1365 v accAdder/_803_/ZN (IND3D0BWP30P140)
   0.0406    5.1771 ^ accAdder/_805_/ZN (MAOI222D0BWP30P140)
   0.0426    5.2198 v accAdder/_810_/ZN (IND4D0BWP30P140)
   0.0444    5.2642 ^ accAdder/_820_/ZN (AOI211D0BWP30P140)
   0.0333    5.2975 ^ accAdder/_821_/Z (AN3D0BWP30P140)
   0.0241    5.3216 ^ accAdder/_828_/ZN (MAOI22D0BWP30P140)
   0.0569    5.3785 v accAdder/_855_/ZN (OAI31D0BWP30P140)
   0.0427    5.4213 ^ accAdder/_877_/ZN (INR4D0BWP30P140)
   0.0262    5.4475 ^ _32_/Z (AO22D0BWP30P140)
   0.0000    5.4475 ^ _42_/D (DFCNQD1BWP30P140)
             5.4475   data arrival time

   2.0000    2.0000   clock CORE_CLK (rise edge)
   0.0000    2.0000   clock network delay (ideal)
  -0.0500    1.9500   clock uncertainty
   0.0000    1.9500   clock reconvergence pessimism
             1.9500 ^ _42_/CP (DFCNQD1BWP30P140)
  -0.0170    1.9330   library setup time
             1.9330   data required time
-------------------------------------------------------------
             1.9330   data required time
            -5.4475   data arrival time
-------------------------------------------------------------
            -3.5145   slack (VIOLATED)


