Startpoint: reset (input port clocked by CORE_CLK)
Endpoint: _40_ (recovery check against rising-edge clock CORE_CLK)
Path Group: asynchronous
Path Type: max

    Delay      Time   Description
-------------------------------------------------------------
   0.0000    0.0000   clock CORE_CLK (rise edge)
   0.0000    0.0000   clock network delay (ideal)
   0.0000    0.0000 ^ input external delay
   0.0000    0.0000 ^ reset (in)
   0.0000    0.0000 ^ _40_/CDN (DFCNQD1BWP30P140)
             0.0000   data arrival time

   2.0000    2.0000   clock CORE_CLK (rise edge)
   0.0000    2.0000   clock network delay (ideal)
  -0.0500    1.9500   clock uncertainty
   0.0000    1.9500   clock reconvergence pessimism
             1.9500 ^ _40_/CP (DFCNQD1BWP30P140)
   0.0258    1.9758   library recovery time
             1.9758   data required time
-------------------------------------------------------------
             1.9758   data required time
            -0.0000   data arrival time
-------------------------------------------------------------
             1.9758   slack (MET)


Startpoint: io_op_a_i[6] (input port clocked by CORE_CLK)
Endpoint: _42_ (rising edge-triggered flip-flop clocked by CORE_CLK)
Path Group: CORE_CLK
Path Type: max

    Delay      Time   Description
-------------------------------------------------------------
   0.0000    0.0000   clock CORE_CLK (rise edge)
   0.0000    0.0000   clock network delay (ideal)
   0.0000    0.0000 v input external delay
   0.0000    0.0000 v io_op_a_i[6] (in)
   0.0251    0.0251 ^ op/_081_/ZN (NR4D0BWP30P140)
   0.0191    0.0442 v op/_137_/ZN (NR4D0BWP30P140)
   0.0130    0.0572 ^ op/_138_/ZN (CKND0BWP30P140)
   0.0220    0.0791 v op/_139_/ZN (MAOI222D0BWP30P140)
   0.0239    0.1031 v op/_141_/Z (AN2D0BWP30P140)
   0.0178    0.1209 ^ op/_143_/ZN (OAI21D0BWP30P140)
   0.0182    0.1391 v op/_144_/ZN (IOA21D0BWP30P140)
   0.0243    0.1634 v op/_151_/ZN (XNR2UD0BWP30P140)
   0.0207    0.1841 ^ tree/_1705_/ZN (CKND0BWP30P140)
   0.0173    0.2014 v tree/_1723_/ZN (AOI22D0BWP30P140)
   0.0156    0.2170 ^ tree/_1724_/ZN (OAI21D0BWP30P140)
   0.0348    0.2518 v tree/_1726_/ZN (MAOI22D0BWP30P140)
   0.0337    0.2855 v tree/_1728_/ZN (MUX2ND0BWP30P140)
   0.0313    0.3167 ^ tree/_1729_/ZN (AOI211D0BWP30P140)
   0.0144    0.3311 v tree/_1734_/ZN (OAI21D0BWP30P140)
   0.0296    0.3608 v tree/_1738_/ZN (IOA21D0BWP30P140)
   0.0290    0.3897 v tree/_1739_/Z (AN2D0BWP30P140)
   0.0375    0.4272 ^ tree/_1746_/Z (CKMUX2D0BWP30P140)
   0.0256    0.4528 v tree/_1751_/ZN (MAOI222D0BWP30P140)
   0.0248    0.4777 ^ tree/_1757_/ZN (AOI21D0BWP30P140)
   0.0244    0.5021 ^ tree/_1759_/ZN (IAO21D0BWP30P140)
   0.0356    0.5377 ^ tree/_1765_/ZN (IAO21D0BWP30P140)
   0.0240    0.5617 v tree/_1774_/ZN (NR2D0BWP30P140)
   0.0397    0.6014 v tree/_1786_/ZN (MUX2ND0BWP30P140)
   0.0425    0.6439 ^ tree/_1792_/ZN (MAOI222D0BWP30P140)
   0.0297    0.6736 v tree/_1794_/ZN (OAI21D0BWP30P140)
   0.0319    0.7054 ^ tree/_1805_/Z (XOR2UD0BWP30P140)
   0.0492    0.7546 v tree/_1811_/ZN (ND4D0BWP30P140)
   0.0644    0.8190 v tree/_1820_/Z (AN3D0BWP30P140)
   0.0475    0.8665 v tree/_1851_/ZN (MUX4ND0BWP30P140)
   0.0353    0.9017 v tree/_1852_/Z (OR2D0BWP30P140)
   0.0203    0.9220 ^ tree/_1853_/ZN (NR3D0BWP30P140)
   0.0191    0.9411 v tree/_1918_/ZN (OAI21D0BWP30P140)
   0.0205    0.9616 ^ tree/_1919_/ZN (OAI21D0BWP30P140)
   0.0151    0.9767 v tree/_1920_/ZN (AOI21D0BWP30P140)
   0.0366    1.0133 v tree/_2821_/ZN (XNR2UD0BWP30P140)
   0.0665    1.0798 v tree/_2833_/Z (XOR3UD0BWP30P140)
   0.0610    1.1408 v tree/_2845_/Z (XOR3UD0BWP30P140)
   0.0260    1.1669 ^ tree/_2872_/ZN (XNR2UD0BWP30P140)
   0.0228    1.1897 v tree/_2873_/ZN (OAI21D0BWP30P140)
   0.0237    1.2134 ^ tree/_2875_/ZN (AOI21D0BWP30P140)
   0.0279    1.2412 v tree/_2876_/ZN (MAOI222D0BWP30P140)
   0.0307    1.2719 ^ tree/_2878_/ZN (AOI21D0BWP30P140)
   0.0230    1.2949 v tree/_2880_/ZN (OAI21D0BWP30P140)
   0.0283    1.3232 ^ tree/_2882_/ZN (AOI21D0BWP30P140)
   0.0291    1.3523 v tree/_2884_/ZN (MAOI222D0BWP30P140)
   0.0311    1.3834 ^ tree/_2886_/ZN (AOI21D0BWP30P140)
   0.0230    1.4064 v tree/_2889_/ZN (OAI21D0BWP30P140)
   0.0283    1.4347 ^ tree/_2891_/ZN (AOI21D0BWP30P140)
   0.0291    1.4639 v tree/_2893_/ZN (MAOI222D0BWP30P140)
   0.0313    1.4952 ^ tree/_2895_/ZN (AOI21D0BWP30P140)
   0.0230    1.5182 v tree/_2898_/ZN (OAI21D0BWP30P140)
   0.0271    1.5454 ^ tree/_2900_/ZN (AOI21D0BWP30P140)
   0.0236    1.5690 v tree/_2903_/ZN (OAI21D0BWP30P140)
   0.0352    1.6042 ^ tree/_2905_/ZN (MAOI222D0BWP30P140)
   0.0247    1.6289 v tree/_2908_/ZN (OAI21D0BWP30P140)
   0.0314    1.6603 ^ tree/_2910_/ZN (AOI21D0BWP30P140)
   0.0267    1.6870 v tree/_2914_/ZN (OAI211D0BWP30P140)
   0.0331    1.7201 ^ tree/_2916_/ZN (AOI31D0BWP30P140)
   0.0299    1.7500 v tree/_2918_/ZN (MAOI222D0BWP30P140)
   0.0313    1.7813 ^ tree/_2920_/ZN (AOI21D0BWP30P140)
   0.0254    1.8068 v tree/_2923_/ZN (OAI21D0BWP30P140)
   0.0266    1.8333 ^ tree/_2937_/ZN (AOI31D0BWP30P140)
   0.0300    1.8633 v tree/_2941_/ZN (OAI211D0BWP30P140)
   0.0337    1.8970 ^ tree/_2943_/ZN (AOI31D0BWP30P140)
   0.0264    1.9234 v tree/_2945_/ZN (OAI21D0BWP30P140)
   0.0284    1.9518 ^ tree/_2948_/ZN (AOI211D0BWP30P140)
   0.0223    1.9741 v tree/_2950_/ZN (OAI31D0BWP30P140)
   0.0289    2.0030 ^ tree/_2952_/ZN (AOI21D0BWP30P140)
   0.0301    2.0331 v tree/_2959_/ZN (OAI211D0BWP30P140)
   0.0562    2.0892 v tree/_2960_/Z (AN2D0BWP30P140)
   0.0517    2.1409 ^ tree/_2961_/ZN (CKND0BWP30P140)
   0.0336    2.1745 ^ tree/_3158_/Z (AN3D0BWP30P140)
   0.0137    2.1882 v tree/_3174_/ZN (OAI31D0BWP30P140)
   0.0183    2.2065 ^ tree/_3175_/ZN (AOI21D0BWP30P140)
   0.0210    2.2276 ^ tree/_3176_/ZN (IAO21D0BWP30P140)
   0.0208    2.2484 ^ tree/_3177_/ZN (IAO21D0BWP30P140)
   0.0207    2.2691 ^ tree/_3178_/ZN (IAO21D0BWP30P140)
   0.0208    2.2900 ^ tree/_3179_/ZN (IAO21D0BWP30P140)
   0.0209    2.3108 ^ tree/_3180_/ZN (IAO21D0BWP30P140)
   0.0208    2.3316 ^ tree/_3181_/ZN (IAO21D0BWP30P140)
   0.0209    2.3525 ^ tree/_3182_/ZN (IAO21D0BWP30P140)
   0.0206    2.3731 ^ tree/_3183_/ZN (IAO21D0BWP30P140)
   0.0140    2.3871 v tree/_3184_/ZN (OAI21D0BWP30P140)
   0.0175    2.4045 ^ tree/_3185_/ZN (AOI21D0BWP30P140)
   0.0208    2.4254 ^ tree/_3186_/ZN (IAO21D0BWP30P140)
   0.0206    2.4460 ^ tree/_3187_/ZN (IAO21D0BWP30P140)
   0.0204    2.4664 ^ tree/_3188_/ZN (IAO21D0BWP30P140)
   0.0139    2.4802 v tree/_3189_/ZN (OAI21D0BWP30P140)
   0.0199    2.5001 ^ tree/_3190_/ZN (AOI21D0BWP30P140)
   0.2838    2.7839 v tree/_3191_/ZN (OAI21D0BWP30P140)
   0.1193    2.9032 v tree/_3262_/ZN (MUX4ND0BWP30P140)
   0.0634    2.9665 ^ tree/_3313_/ZN (MUX4ND0BWP30P140)
   0.0306    2.9972 v tree/_3316_/ZN (AOI221D0BWP30P140)
   0.0402    3.0374 ^ tree/_3327_/ZN (AOI221D0BWP30P140)
   0.0184    3.0558 v tree/_3328_/ZN (OAI21D0BWP30P140)
   0.0362    3.0919 ^ tree/_3336_/ZN (XNR2UD0BWP30P140)
   0.0192    3.1111 v sa/_266_/ZN (CKND2D0BWP30P140)
   0.0584    3.1696 v sa/_269_/Z (XOR3UD0BWP30P140)
   0.0252    3.1947 ^ sa/_270_/ZN (NR2D0BWP30P140)
   0.0501    3.2448 ^ sa/_293_/Z (XOR4D0BWP30P140)
   0.0269    3.2717 ^ sa/_309_/Z (XOR2UD0BWP30P140)
   0.0259    3.2977 v sa/_310_/ZN (MAOI222D0BWP30P140)
   0.0360    3.3337 ^ sa/_311_/ZN (MAOI222D0BWP30P140)
   0.0282    3.3619 v sa/_458_/ZN (MAOI222D0BWP30P140)
   0.0375    3.3995 ^ sa/_459_/ZN (MAOI222D0BWP30P140)
   0.0252    3.4247 v sa/_461_/ZN (OAI21D0BWP30P140)
   0.0359    3.4606 ^ sa/_463_/ZN (MAOI222D0BWP30P140)
   0.0210    3.4816 v sa/_466_/ZN (OAI21D0BWP30P140)
   0.0349    3.5165 ^ sa/_467_/ZN (MAOI222D0BWP30P140)
   0.0360    3.5525 v sa/_481_/ZN (OAI211D0BWP30P140)
   0.0223    3.5747 ^ conv/_135_/ZN (NR2D0BWP30P140)
   0.1070    3.6817 v conv/_164_/ZN (OAI31D0BWP30P140)
   0.0765    3.7582 v conv/_172_/ZN (MUX4ND0BWP30P140)
   0.0433    3.8015 ^ conv/_201_/ZN (NR3D0BWP30P140)
   0.0407    3.8422 v conv/_206_/ZN (ND4D0BWP30P140)
   0.0356    3.8778 ^ conv/_209_/ZN (NR3D0BWP30P140)
   0.0394    3.9172 v conv/_211_/ZN (ND4D0BWP30P140)
   0.0456    3.9629 ^ conv/_214_/ZN (OAI32D0BWP30P140)
   0.0403    4.0032 v conv/_219_/ZN (AOI31D0BWP30P140)
   0.0376    4.0408 ^ conv/_231_/ZN (OAI32D0BWP30P140)
   0.0234    4.0642 v conv/_232_/ZN (MAOI222D0BWP30P140)
   0.0347    4.0989 v conv/_233_/ZN (XNR2UD0BWP30P140)
   0.0598    4.1587 v conv/_247_/Z (AO211D0BWP30P140)
   0.0389    4.1976 ^ conv/_252_/ZN (NR2D0BWP30P140)
   0.0243    4.2219 ^ accAdder/_461_/ZN (XNR2UD0BWP30P140)
   0.0293    4.2512 ^ accAdder/_462_/Z (AO21D0BWP30P140)
   0.0165    4.2677 v accAdder/_465_/ZN (AOI211D0BWP30P140)
   0.0332    4.3009 ^ accAdder/_467_/ZN (OAI31D0BWP30P140)
   0.0299    4.3308 v accAdder/_470_/ZN (OAI211D0BWP30P140)
   0.0294    4.3601 ^ accAdder/_492_/ZN (AOI21D0BWP30P140)
   0.0467    4.4069 v accAdder/_494_/ZN (OAI211D0BWP30P140)
   0.0876    4.4944 v accAdder/_518_/ZN (MUX2ND0BWP30P140)
   0.0860    4.5804 ^ accAdder/_543_/ZN (AOI31D0BWP30P140)
   0.0611    4.6415 v accAdder/_549_/ZN (ND3D0BWP30P140)
   0.0399    4.6814 v accAdder/_566_/Z (OA21D0BWP30P140)
   0.0311    4.7125 ^ accAdder/_589_/ZN (MUX3ND0BWP30P140)
   0.0331    4.7456 v accAdder/_677_/ZN (AOI221D0BWP30P140)
   0.0251    4.7707 ^ accAdder/_678_/ZN (ND3D0BWP30P140)
   0.0175    4.7882 v accAdder/_680_/ZN (OAI21D0BWP30P140)
   0.0236    4.8118 ^ accAdder/_681_/ZN (AOI21D0BWP30P140)
   0.0255    4.8373 v accAdder/_682_/ZN (MAOI222D0BWP30P140)
   0.0329    4.8702 ^ accAdder/_684_/ZN (MAOI222D0BWP30P140)
   0.0301    4.9003 v accAdder/_686_/ZN (MAOI222D0BWP30P140)
   0.0324    4.9326 ^ accAdder/_687_/ZN (AOI211D0BWP30P140)
   0.0238    4.9565 v accAdder/_688_/ZN (OAI32D0BWP30P140)
   0.0302    4.9867 ^ accAdder/_698_/ZN (AOI211D0BWP30P140)
   0.0230    5.0097 ^ accAdder/_700_/Z (OR2D0BWP30P140)
   0.1489    5.1585 v accAdder/_751_/ZN (AOI31D0BWP30P140)
   0.0882    5.2467 v accAdder/_791_/ZN (MUX4ND0BWP30P140)
   0.0430    5.2898 ^ accAdder/_792_/ZN (NR4D0BWP30P140)
   0.0345    5.3243 v accAdder/_798_/ZN (IND4D0BWP30P140)
   0.0296    5.3538 ^ accAdder/_801_/ZN (NR3D0BWP30P140)
   0.0291    5.3830 v accAdder/_803_/ZN (IND3D0BWP30P140)
   0.0406    5.4236 ^ accAdder/_805_/ZN (MAOI222D0BWP30P140)
   0.0426    5.4662 v accAdder/_810_/ZN (IND4D0BWP30P140)
   0.0444    5.5107 ^ accAdder/_820_/ZN (AOI211D0BWP30P140)
   0.0333    5.5440 ^ accAdder/_821_/Z (AN3D0BWP30P140)
   0.0241    5.5681 ^ accAdder/_828_/ZN (MAOI22D0BWP30P140)
   0.0569    5.6250 v accAdder/_855_/ZN (OAI31D0BWP30P140)
   0.0427    5.6677 ^ accAdder/_877_/ZN (INR4D0BWP30P140)
   0.0262    5.6939 ^ _32_/Z (AO22D0BWP30P140)
   0.0000    5.6939 ^ _42_/D (DFCNQD1BWP30P140)
             5.6939   data arrival time

   2.0000    2.0000   clock CORE_CLK (rise edge)
   0.0000    2.0000   clock network delay (ideal)
  -0.0500    1.9500   clock uncertainty
   0.0000    1.9500   clock reconvergence pessimism
             1.9500 ^ _42_/CP (DFCNQD1BWP30P140)
  -0.0170    1.9330   library setup time
             1.9330   data required time
-------------------------------------------------------------
             1.9330   data required time
            -5.6939   data arrival time
-------------------------------------------------------------
            -3.7609   slack (VIOLATED)


