
6. Printing statistics.

=== BFP_PE ===

        +----------Local Count, excluding submodules.
        |        +-Local Area, excluding submodules.
        |        | 
      174        - wires
     2104        - wire bits
      140        - public wires
     2070        - public wire bits
       10        - ports
      277        - port bits
       67   99.918 cells
       32   24.192   AO22D0BWP30P140
       33   74.844   DFCNQD1BWP30P140
        1    0.504   INR2D0BWP30P140
        1    0.378   NR2D0BWP30P140
       64        - submodules
       16        -   CustomOperator_INT8_to_E2M3
       16        -   FP32Adder
       16        -   ScaleAddition_INT8_to_E2M3_scale_UE4M4
       16        -   ScaleToFP32_INT8_x_E2M3_UE4M4

   Chip area for module '\BFP_PE': 99.918000
     of which used for sequential elements: 74.844000 (74.91%)

=== FP32Adder ===

        +----------Local Count, excluding submodules.
        |        +-Local Area, excluding submodules.
        |        | 
      872        - wires
     1037        - wire bits
        6        - public wires
      171        - public wire bits
        3        - ports
       96        - port bits
      898  554.904 cells
       18    9.072   AN2D0BWP30P140
        5     3.15   AN3D0BWP30P140
        4    3.024   AN4D0BWP30P140
        2    1.512   AO211D0BWP30P140
       13     8.19   AO21D0BWP30P140
        4    3.024   AO22D0BWP30P140
       10      6.3   AOI211D0BWP30P140
       52   26.208   AOI21D0BWP30P140
       10     7.56   AOI221D0BWP30P140
        2    2.016   AOI222D0BWP30P140
       32    20.16   AOI22D0BWP30P140
        2     1.26   AOI31D0BWP30P140
       19   16.758   CKMUX2D0BWP30P140
       65    16.38   CKND0BWP30P140
       72   27.216   CKND2D0BWP30P140
        6     3.78   IAO21D0BWP30P140
       20    10.08   IND2D0BWP30P140
        1     0.63   IND3D0BWP30P140
        2    1.512   IND4D0BWP30P140
       21   10.584   INR2D0BWP30P140
        8     5.04   INR3D0BWP30P140
        3    2.268   INR4D0BWP30P140
        7     4.41   IOA21D0BWP30P140
       30    22.68   MAOI222D0BWP30P140
       15    11.34   MAOI22D0BWP30P140
        4    3.024   MOAI22D0BWP30P140
      114   86.184   MUX2ND0BWP30P140
        1    1.764   MUX3D0BWP30P140
        1    1.638   MUX3ND0BWP30P140
        2    4.788   MUX4D0BWP30P140
       16   36.288   MUX4ND0BWP30P140
       14    7.056   ND3D0BWP30P140
        5     3.15   ND4D0BWP30P140
       99   37.422   NR2D0BWP30P140
       35    17.64   NR3D0BWP30P140
        8     5.04   NR4D0BWP30P140
        2    1.512   OA211D0BWP30P140
        6     3.78   OA21D0BWP30P140
        1    0.882   OA22D0BWP30P140
       13     8.19   OAI211D0BWP30P140
       41   20.664   OAI21D0BWP30P140
        1    0.882   OAI221D0BWP30P140
        1    1.008   OAI222D0BWP30P140
       10      6.3   OAI22D0BWP30P140
        6     3.78   OAI31D0BWP30P140
        3    2.268   OAI32D0BWP30P140
        1    0.882   OAI33D0BWP30P140
        6    3.024   OR2D0BWP30P140
        8     5.04   OR3D0BWP30P140
        2    1.512   OR4D0BWP30P140
       51   44.982   XNR2UD0BWP30P140
        1    1.764   XNR3UD0BWP30P140
       23   20.286   XOR2UD0BWP30P140

   Chip area for module '\FP32Adder': 554.904000
     of which used for sequential elements: 0.000000 (0.00%)

=== ScaleToFP32_INT8_x_E2M3_UE4M4 ===

        +----------Local Count, excluding submodules.
        |        +-Local Area, excluding submodules.
        |        | 
      141        - wires
      198        - wire bits
        4        - public wires
       61        - public wire bits
        4        - ports
       61        - port bits
      166  100.548 cells
        7    3.528   AN2D0BWP30P140
        1     0.63   AN3D0BWP30P140
        1    0.756   AO211D0BWP30P140
        3     1.89   AO21D0BWP30P140
        4     2.52   AOI211D0BWP30P140
        8    4.032   AOI21D0BWP30P140
        2    1.512   AOI221D0BWP30P140
       18   15.876   CKMUX2D0BWP30P140
        8    2.016   CKND0BWP30P140
        7    2.646   CKND2D0BWP30P140
        3     1.89   IAO21D0BWP30P140
        2    1.008   IND2D0BWP30P140
        4    2.016   INR2D0BWP30P140
        1     0.63   INR3D0BWP30P140
        1     0.63   IOA21D0BWP30P140
        1    0.756   MAOI222D0BWP30P140
        1    0.756   MAOI22D0BWP30P140
        1    0.756   MOAI22D0BWP30P140
       28   21.168   MUX2ND0BWP30P140
        1    0.504   ND3D0BWP30P140
       22    8.316   NR2D0BWP30P140
        8    4.032   NR3D0BWP30P140
        4     2.52   NR4D0BWP30P140
        3     1.89   OA21D0BWP30P140
        1     0.63   OAI211D0BWP30P140
        7    3.528   OAI21D0BWP30P140
        1    0.882   OAI221D0BWP30P140
        1     0.63   OAI22D0BWP30P140
        4     2.52   OAI31D0BWP30P140
        2    1.008   OR2D0BWP30P140
        1     0.63   OR3D0BWP30P140
        3    2.268   OR4D0BWP30P140
        3    2.646   XNR2UD0BWP30P140
        4    3.528   XOR2UD0BWP30P140

   Chip area for module '\ScaleToFP32_INT8_x_E2M3_UE4M4': 100.548000
     of which used for sequential elements: 0.000000 (0.00%)

=== ScaleAddition_INT8_to_E2M3_scale_UE4M4 ===

        +----------Local Count, excluding submodules.
        |        +-Local Area, excluding submodules.
        |        | 
      544        - wires
      598        - wire bits
        8        - public wires
       62        - public wire bits
        8        - ports
       62        - port bits
      563  414.414 cells
       12    6.048   AN2D0BWP30P140
        3     1.89   AN3D0BWP30P140
        3    2.268   AN4D0BWP30P140
        2     1.26   AO21D0BWP30P140
        2    1.512   AO22D0BWP30P140
       12    6.048   AOI21D0BWP30P140
        3     1.89   AOI22D0BWP30P140
        5     3.15   AOI31D0BWP30P140
       26    6.552   CKND0BWP30P140
      145    54.81   CKND2D0BWP30P140
        1     0.63   IAO21D0BWP30P140
       16    8.064   IND2D0BWP30P140
        1    0.756   IND4D0BWP30P140
       11    5.544   INR2D0BWP30P140
        4     2.52   IOA21D0BWP30P140
       79   59.724   MAOI222D0BWP30P140
        1    0.504   ND3D0BWP30P140
        2     1.26   ND4D0BWP30P140
       26    9.828   NR2D0BWP30P140
        4    2.016   NR3D0BWP30P140
        1     0.63   NR4D0BWP30P140
        1     0.63   OA21D0BWP30P140
        2     1.26   OAI211D0BWP30P140
       10     5.04   OAI21D0BWP30P140
        1    0.882   OAI221D0BWP30P140
        2     1.26   OAI22D0BWP30P140
        1    0.756   OAI32D0BWP30P140
        6    3.024   OR2D0BWP30P140
        2    1.512   OR4D0BWP30P140
       55    48.51   XNR2UD0BWP30P140
       52   91.728   XNR3UD0BWP30P140
        2    5.292   XNR4D0BWP30P140
       52   45.864   XOR2UD0BWP30P140
       18   31.752   XOR3UD0BWP30P140

   Chip area for module '\ScaleAddition_INT8_to_E2M3_scale_UE4M4': 414.414000
     of which used for sequential elements: 0.000000 (0.00%)

=== CustomOperator_INT8_to_E2M3 ===

        +----------Local Count, excluding submodules.
        |        +-Local Area, excluding submodules.
        |        | 
       99        - wires
      127        - wire bits
        6        - public wires
       34        - public wire bits
        5        - ports
       31        - port bits
      108    73.71 cells
        8    4.032   AN2D0BWP30P140
        1     0.63   AO21D0BWP30P140
        1    0.756   AO22D0BWP30P140
        2    1.008   AOI21D0BWP30P140
        1     0.63   AOI22D0BWP30P140
        5     1.26   CKND0BWP30P140
       22    8.316   CKND2D0BWP30P140
        2    1.008   IND2D0BWP30P140
        3    1.512   INR2D0BWP30P140
        1     0.63   IOA21D0BWP30P140
       12    9.072   MAOI222D0BWP30P140
        1    0.504   ND3D0BWP30P140
        5     1.89   NR2D0BWP30P140
        1    0.504   NR3D0BWP30P140
        5     2.52   OAI21D0BWP30P140
        1     0.63   OAI22D0BWP30P140
        2     1.26   OAI31D0BWP30P140
        1    0.504   OR2D0BWP30P140
       17   14.994   XNR2UD0BWP30P140
        4    7.056   XNR3UD0BWP30P140
        9    7.938   XOR2UD0BWP30P140
        4    7.056   XOR3UD0BWP30P140

   Chip area for module '\CustomOperator_INT8_to_E2M3': 73.710000
     of which used for sequential elements: 0.000000 (0.00%)

=== design hierarchy ===

        +----------Count including submodules.
        |        +-Area including submodules.
        |        | 
    27827 1.84E+04 BFP_PE
      108    73.71 CustomOperator_INT8_to_E2M3
      898  554.904 FP32Adder
      563  414.414 ScaleAddition_INT8_to_E2M3_scale_UE4M4
      166  100.548 ScaleToFP32_INT8_x_E2M3_UE4M4

        +----------Count including submodules.
        |        +-Area including submodules.
        |        | 
    26670        - wires
    33464        - wire bits
      524        - public wires
     7318        - public wire bits
      330        - ports
     4277        - port bits
        -        - memories
        -        - memory bits
        -        - processes
    27827 1.84E+04 cells
      720   362.88   AN2D0BWP30P140
      144    90.72   AN3D0BWP30P140
      112   84.672   AN4D0BWP30P140
       48   36.288   AO211D0BWP30P140
      304   191.52   AO21D0BWP30P140
      144  108.864   AO22D0BWP30P140
      224   141.12   AOI211D0BWP30P140
     1184  596.736   AOI21D0BWP30P140
      192  145.152   AOI221D0BWP30P140
       32   32.256   AOI222D0BWP30P140
      576   362.88   AOI22D0BWP30P140
      112    70.56   AOI31D0BWP30P140
      592  522.144   CKMUX2D0BWP30P140
     1664  419.328   CKND0BWP30P140
     3936 1.49E+03   CKND2D0BWP30P140
       33   74.844   DFCNQD1BWP30P140
      160    100.8   IAO21D0BWP30P140
      640   322.56   IND2D0BWP30P140
       16    10.08   IND3D0BWP30P140
       48   36.288   IND4D0BWP30P140
      625      315   INR2D0BWP30P140
      144    90.72   INR3D0BWP30P140
       48   36.288   INR4D0BWP30P140
      208   131.04   IOA21D0BWP30P140
     1952 1.48E+03   MAOI222D0BWP30P140
      256  193.536   MAOI22D0BWP30P140
       80    60.48   MOAI22D0BWP30P140
     2272 1.72E+03   MUX2ND0BWP30P140
       16   28.224   MUX3D0BWP30P140
       16   26.208   MUX3ND0BWP30P140
       32   76.608   MUX4D0BWP30P140
      256  580.608   MUX4ND0BWP30P140
      272  137.088   ND3D0BWP30P140
      112    70.56   ND4D0BWP30P140
     2433  919.674   NR2D0BWP30P140
      768  387.072   NR3D0BWP30P140
      208   131.04   NR4D0BWP30P140
       32   24.192   OA211D0BWP30P140
      160    100.8   OA21D0BWP30P140
       16   14.112   OA22D0BWP30P140
      256   161.28   OAI211D0BWP30P140
     1008  508.032   OAI21D0BWP30P140
       48   42.336   OAI221D0BWP30P140
       16   16.128   OAI222D0BWP30P140
      224   141.12   OAI22D0BWP30P140
      192   120.96   OAI31D0BWP30P140
       64   48.384   OAI32D0BWP30P140
       16   14.112   OAI33D0BWP30P140
      240   120.96   OR2D0BWP30P140
      144    90.72   OR3D0BWP30P140
      112   84.672   OR4D0BWP30P140
     2016 1.78E+03   XNR2UD0BWP30P140
      912 1.61E+03   XNR3UD0BWP30P140
       32   84.672   XNR4D0BWP30P140
     1408 1.24E+03   XOR2UD0BWP30P140
      352  620.928   XOR3UD0BWP30P140
       64 1.83E+04 submodules
       16  1179.36   CustomOperator_INT8_to_E2M3
       16 8.88E+03   FP32Adder
       16 6.63E+03   ScaleAddition_INT8_to_E2M3_scale_UE4M4
       16 1.61E+03   ScaleToFP32_INT8_x_E2M3_UE4M4

   Chip area for top module '\BFP_PE': 18397.134000
     of which used for sequential elements: 74.844000 (0.41%)

