
6. Printing statistics.

=== BFP_PE ===

        +----------Local Count, excluding submodules.
        |        +-Local Area, excluding submodules.
        |        | 
      302        - wires
     4312        - wire bits
      268        - public wires
     4278        - public wire bits
       10        - ports
      565        - port bits
       67   99.918 cells
       32   24.192   AO22D0BWP30P140
       33   74.844   DFCNQD1BWP30P140
        1    0.504   INR2D0BWP30P140
        1    0.378   NR2D0BWP30P140
      128        - submodules
       32        -   CustomOperator_INT8_to_E4M3
       32        -   FP32Adder
       32        -   ScaleAddition_INT8_to_E4M3_scale_UE2M6
       32        -   ScaleToFP32_INT8_x_E4M3_UE2M6

   Chip area for module '\BFP_PE': 99.918000
     of which used for sequential elements: 74.844000 (74.91%)

=== FP32Adder ===

        +----------Local Count, excluding submodules.
        |        +-Local Area, excluding submodules.
        |        | 
      872        - wires
     1037        - wire bits
        6        - public wires
      171        - public wire bits
        3        - ports
       96        - port bits
      898  554.904 cells
       18    9.072   AN2D0BWP30P140
        5     3.15   AN3D0BWP30P140
        4    3.024   AN4D0BWP30P140
        2    1.512   AO211D0BWP30P140
       13     8.19   AO21D0BWP30P140
        4    3.024   AO22D0BWP30P140
       10      6.3   AOI211D0BWP30P140
       52   26.208   AOI21D0BWP30P140
       10     7.56   AOI221D0BWP30P140
        2    2.016   AOI222D0BWP30P140
       32    20.16   AOI22D0BWP30P140
        2     1.26   AOI31D0BWP30P140
       19   16.758   CKMUX2D0BWP30P140
       65    16.38   CKND0BWP30P140
       72   27.216   CKND2D0BWP30P140
        6     3.78   IAO21D0BWP30P140
       20    10.08   IND2D0BWP30P140
        1     0.63   IND3D0BWP30P140
        2    1.512   IND4D0BWP30P140
       21   10.584   INR2D0BWP30P140
        8     5.04   INR3D0BWP30P140
        3    2.268   INR4D0BWP30P140
        7     4.41   IOA21D0BWP30P140
       30    22.68   MAOI222D0BWP30P140
       15    11.34   MAOI22D0BWP30P140
        4    3.024   MOAI22D0BWP30P140
      114   86.184   MUX2ND0BWP30P140
        1    1.764   MUX3D0BWP30P140
        1    1.638   MUX3ND0BWP30P140
        2    4.788   MUX4D0BWP30P140
       16   36.288   MUX4ND0BWP30P140
       14    7.056   ND3D0BWP30P140
        5     3.15   ND4D0BWP30P140
       99   37.422   NR2D0BWP30P140
       35    17.64   NR3D0BWP30P140
        8     5.04   NR4D0BWP30P140
        2    1.512   OA211D0BWP30P140
        6     3.78   OA21D0BWP30P140
        1    0.882   OA22D0BWP30P140
       13     8.19   OAI211D0BWP30P140
       41   20.664   OAI21D0BWP30P140
        1    0.882   OAI221D0BWP30P140
        1    1.008   OAI222D0BWP30P140
       10      6.3   OAI22D0BWP30P140
        6     3.78   OAI31D0BWP30P140
        3    2.268   OAI32D0BWP30P140
        1    0.882   OAI33D0BWP30P140
        6    3.024   OR2D0BWP30P140
        8     5.04   OR3D0BWP30P140
        2    1.512   OR4D0BWP30P140
       51   44.982   XNR2UD0BWP30P140
        1    1.764   XNR3UD0BWP30P140
       23   20.286   XOR2UD0BWP30P140

   Chip area for module '\FP32Adder': 554.904000
     of which used for sequential elements: 0.000000 (0.00%)

=== ScaleToFP32_INT8_x_E4M3_UE2M6 ===

        +----------Local Count, excluding submodules.
        |        +-Local Area, excluding submodules.
        |        | 
      223        - wires
      284        - wire bits
        4        - public wires
       65        - public wire bits
        4        - ports
       65        - port bits
      251  163.296 cells
        8    4.032   AN2D0BWP30P140
        1     0.63   AN3D0BWP30P140
        1    0.756   AN4D0BWP30P140
        3     1.89   AO21D0BWP30P140
        4     2.52   AOI211D0BWP30P140
       13    6.552   AOI21D0BWP30P140
        5     3.78   AOI221D0BWP30P140
        1     0.63   AOI31D0BWP30P140
       16   14.112   CKMUX2D0BWP30P140
       17    4.284   CKND0BWP30P140
       12    4.536   CKND2D0BWP30P140
       10      6.3   IAO21D0BWP30P140
        2    1.008   IND2D0BWP30P140
        1     0.63   IND3D0BWP30P140
        3    2.268   IND4D0BWP30P140
        6    3.024   INR2D0BWP30P140
        3    2.268   INR4D0BWP30P140
        1     0.63   IOA21D0BWP30P140
        4    3.024   MAOI222D0BWP30P140
        1    0.756   MOAI22D0BWP30P140
       32   24.192   MUX2ND0BWP30P140
        1    1.764   MUX3D0BWP30P140
        1    2.394   MUX4D0BWP30P140
        4    9.072   MUX4ND0BWP30P140
        1    0.504   ND3D0BWP30P140
        3     1.89   ND4D0BWP30P140
       23    8.694   NR2D0BWP30P140
       13    6.552   NR3D0BWP30P140
       10      6.3   NR4D0BWP30P140
        4     2.52   OA21D0BWP30P140
        1     0.63   OAI211D0BWP30P140
        5     2.52   OAI21D0BWP30P140
        1    1.008   OAI222D0BWP30P140
        2     1.26   OAI22D0BWP30P140
        3     1.89   OAI31D0BWP30P140
        5     2.52   OR2D0BWP30P140
        2     1.26   OR3D0BWP30P140
       20    17.64   XNR2UD0BWP30P140
        8    7.056   XOR2UD0BWP30P140

   Chip area for module '\ScaleToFP32_INT8_x_E4M3_UE2M6': 163.296000
     of which used for sequential elements: 0.000000 (0.00%)

=== ScaleAddition_INT8_to_E4M3_scale_UE2M6 ===

        +----------Local Count, excluding submodules.
        |        +-Local Area, excluding submodules.
        |        | 
      829        - wires
      888        - wire bits
        8        - public wires
       67        - public wire bits
        8        - ports
       67        - port bits
      853   608.58 cells
       22   11.088   AN2D0BWP30P140
        9     5.67   AN3D0BWP30P140
        1    0.756   AN4D0BWP30P140
        1    0.756   AO211D0BWP30P140
        7     4.41   AO21D0BWP30P140
        2    1.512   AO22D0BWP30P140
        2     1.26   AOI211D0BWP30P140
       15     7.56   AOI21D0BWP30P140
       11     6.93   AOI22D0BWP30P140
        5     3.15   AOI31D0BWP30P140
        2    1.512   AOI32D0BWP30P140
        1    0.882   AOI33D0BWP30P140
       38    9.576   CKND0BWP30P140
      182   68.796   CKND2D0BWP30P140
        8     5.04   IAO21D0BWP30P140
       19    9.576   IND2D0BWP30P140
        2     1.26   IND3D0BWP30P140
       18    9.072   INR2D0BWP30P140
        1     0.63   INR3D0BWP30P140
        1     0.63   IOA21D0BWP30P140
      110    83.16   MAOI222D0BWP30P140
        1    0.756   MOAI22D0BWP30P140
       11    5.544   ND3D0BWP30P140
        3     1.89   ND4D0BWP30P140
       47   17.766   NR2D0BWP30P140
        5     2.52   NR3D0BWP30P140
        3     1.89   OA21D0BWP30P140
        1    0.882   OA22D0BWP30P140
        1     0.63   OAI211D0BWP30P140
       19    9.576   OAI21D0BWP30P140
        2     1.26   OAI22D0BWP30P140
        1     0.63   OAI31D0BWP30P140
        8    4.032   OR2D0BWP30P140
        4     2.52   OR3D0BWP30P140
      134  118.188   XNR2UD0BWP30P140
       47   82.908   XNR3UD0BWP30P140
        2    5.292   XNR4D0BWP30P140
       81   71.442   XOR2UD0BWP30P140
       24   42.336   XOR3UD0BWP30P140
        2    5.292   XOR4D0BWP30P140

   Chip area for module '\ScaleAddition_INT8_to_E4M3_scale_UE2M6': 608.580000
     of which used for sequential elements: 0.000000 (0.00%)

=== CustomOperator_INT8_to_E4M3 ===

        +----------Local Count, excluding submodules.
        |        +-Local Area, excluding submodules.
        |        | 
       86        - wires
      119        - wire bits
        6        - public wires
       39        - public wire bits
        5        - ports
       34        - port bits
       96   67.536 cells
        9    4.536   AN2D0BWP30P140
        1    0.756   AO22D0BWP30P140
        1     0.63   AOI22D0BWP30P140
        4    1.008   CKND0BWP30P140
       17    6.426   CKND2D0BWP30P140
        2    1.008   IND2D0BWP30P140
        2    1.008   INR2D0BWP30P140
        1     0.63   INR3D0BWP30P140
       10     7.56   MAOI222D0BWP30P140
        1    0.504   ND3D0BWP30P140
        4    1.512   NR2D0BWP30P140
        1    0.504   NR3D0BWP30P140
        2     1.26   OAI211D0BWP30P140
        6    3.024   OAI21D0BWP30P140
        2     1.26   OAI22D0BWP30P140
        1     0.63   OAI31D0BWP30P140
        2    1.008   OR2D0BWP30P140
        1    0.756   OR4D0BWP30P140
       12   10.584   XNR2UD0BWP30P140
        5     8.82   XNR3UD0BWP30P140
        8    7.056   XOR2UD0BWP30P140
        4    7.056   XOR3UD0BWP30P140

   Chip area for module '\CustomOperator_INT8_to_E4M3': 67.536000
     of which used for sequential elements: 0.000000 (0.00%)

=== design hierarchy ===

        +----------Count including submodules.
        |        +-Area including submodules.
        |        | 
    67203 4.47E+04 BFP_PE
       96   67.536 CustomOperator_INT8_to_E4M3
      898  554.904 FP32Adder
      853   608.58 ScaleAddition_INT8_to_E4M3_scale_UE2M6
      251  163.296 ScaleToFP32_INT8_x_E4M3_UE2M6

        +----------Count including submodules.
        |        +-Area including submodules.
        |        | 
    64622        - wires
    78808        - wire bits
     1036        - public wires
    15222        - public wire bits
      650        - ports
     8949        - port bits
        -        - memories
        -        - memory bits
        -        - processes
    67203 4.47E+04 cells
     1824  919.296   AN2D0BWP30P140
      480    302.4   AN3D0BWP30P140
      192  145.152   AN4D0BWP30P140
       96   72.576   AO211D0BWP30P140
      736   463.68   AO21D0BWP30P140
      256  193.536   AO22D0BWP30P140
      512   322.56   AOI211D0BWP30P140
     2560  1290.24   AOI21D0BWP30P140
      480   362.88   AOI221D0BWP30P140
       64   64.512   AOI222D0BWP30P140
     1408   887.04   AOI22D0BWP30P140
      256   161.28   AOI31D0BWP30P140
       64   48.384   AOI32D0BWP30P140
       32   28.224   AOI33D0BWP30P140
     1120   987.84   CKMUX2D0BWP30P140
     3968  999.936   CKND0BWP30P140
     9056 3.42E+03   CKND2D0BWP30P140
       33   74.844   DFCNQD1BWP30P140
      768   483.84   IAO21D0BWP30P140
     1376  693.504   IND2D0BWP30P140
      128    80.64   IND3D0BWP30P140
      160   120.96   IND4D0BWP30P140
     1505   758.52   INR2D0BWP30P140
      320    201.6   INR3D0BWP30P140
      192  145.152   INR4D0BWP30P140
      288   181.44   IOA21D0BWP30P140
     4928 3.73E+03   MAOI222D0BWP30P140
      480   362.88   MAOI22D0BWP30P140
      192  145.152   MOAI22D0BWP30P140
     4672 3.53E+03   MUX2ND0BWP30P140
       64  112.896   MUX3D0BWP30P140
       32   52.416   MUX3ND0BWP30P140
       96  229.824   MUX4D0BWP30P140
      640  1451.52   MUX4ND0BWP30P140
      864  435.456   ND3D0BWP30P140
      352   221.76   ND4D0BWP30P140
     5537 2.09E+03   NR2D0BWP30P140
     1728  870.912   NR3D0BWP30P140
      576   362.88   NR4D0BWP30P140
       64   48.384   OA211D0BWP30P140
      416   262.08   OA21D0BWP30P140
       64   56.448   OA22D0BWP30P140
      544   342.72   OAI211D0BWP30P140
     2272 1.15E+03   OAI21D0BWP30P140
       32   28.224   OAI221D0BWP30P140
       64   64.512   OAI222D0BWP30P140
      512   322.56   OAI22D0BWP30P140
      352   221.76   OAI31D0BWP30P140
       96   72.576   OAI32D0BWP30P140
       32   28.224   OAI33D0BWP30P140
      672  338.688   OR2D0BWP30P140
      448   282.24   OR3D0BWP30P140
       96   72.576   OR4D0BWP30P140
     6944 6.12E+03   XNR2UD0BWP30P140
     1696 2.99E+03   XNR3UD0BWP30P140
       64  169.344   XNR4D0BWP30P140
     3840  3386.88   XOR2UD0BWP30P140
      896 1.58E+03   XOR3UD0BWP30P140
       64  169.344   XOR4D0BWP30P140
      128 4.46E+04 submodules
       32 2.16E+03   CustomOperator_INT8_to_E4M3
       32 1.78E+04   FP32Adder
       32 1.95E+04   ScaleAddition_INT8_to_E4M3_scale_UE2M6
       32 5.23E+03   ScaleToFP32_INT8_x_E4M3_UE2M6

   Chip area for top module '\BFP_PE': 44718.030000
     of which used for sequential elements: 74.844000 (0.17%)

