Startpoint: reset (input port clocked by CORE_CLK)
Endpoint: _068_ (recovery check against rising-edge clock CORE_CLK)
Path Group: asynchronous
Path Type: max

    Delay      Time   Description
-------------------------------------------------------------
   0.0000    0.0000   clock CORE_CLK (rise edge)
   0.0000    0.0000   clock network delay (ideal)
   0.0000    0.0000 ^ input external delay
   0.0000    0.0000 ^ reset (in)
   0.0000    0.0000 ^ _068_/CDN (DFCNQD1BWP30P140)
             0.0000   data arrival time

  20.0000   20.0000   clock CORE_CLK (rise edge)
   0.0000   20.0000   clock network delay (ideal)
  -0.0500   19.9500   clock uncertainty
   0.0000   19.9500   clock reconvergence pessimism
            19.9500 ^ _068_/CP (DFCNQD1BWP30P140)
   0.0258   19.9758   library recovery time
            19.9758   data required time
-------------------------------------------------------------
            19.9758   data required time
            -0.0000   data arrival time
-------------------------------------------------------------
            19.9758   slack (MET)


Startpoint: io_op_b_i[3] (input port clocked by CORE_CLK)
Endpoint: _070_ (rising edge-triggered flip-flop clocked by CORE_CLK)
Path Group: CORE_CLK
Path Type: max

    Delay      Time   Description
-------------------------------------------------------------
   0.0000    0.0000   clock CORE_CLK (rise edge)
   0.0000    0.0000   clock network delay (ideal)
   0.0000    0.0000 v input external delay
   0.0000    0.0000 v io_op_b_i[3] (in)
   0.0399    0.0399 v reducedSum_op/_076_/Z (OR4D0BWP30P140)
   0.0201    0.0600 ^ reducedSum_op/_093_/ZN (CKND2D0BWP30P140)
   0.0506    0.1106 v reducedSum_op/_104_/ZN (XNR3UD0BWP30P140)
   0.0565    0.1671 v reducedSum_op/_111_/ZN (XNR3UD0BWP30P140)
   0.0308    0.1979 ^ reducedSum_op/_115_/ZN (MAOI222D0BWP30P140)
   0.0311    0.2290 v reducedSum_op/_116_/ZN (MAOI222D0BWP30P140)
   0.0237    0.2526 ^ reducedSum_op/_118_/ZN (OAI211D0BWP30P140)
   0.0729    0.3255 v reducedSum_op/_119_/ZN (OAI211D0BWP30P140)
   0.0363    0.3618 ^ reducedSum_sa/_1031_/ZN (CKND2D0BWP30P140)
   0.0266    0.3885 ^ reducedSum_sa/_1033_/Z (XOR2UD0BWP30P140)
   0.0258    0.4143 v reducedSum_sa/_1063_/ZN (XNR2UD0BWP30P140)
   0.0303    0.4446 v reducedSum_sa/_1069_/Z (XOR2UD0BWP30P140)
   0.0306    0.4752 v reducedSum_sa/_1097_/ZN (XNR3UD0BWP30P140)
   0.0307    0.5059 v reducedSum_sa/_1106_/Z (XOR2UD0BWP30P140)
   0.0355    0.5415 v reducedSum_sa/_1128_/ZN (XNR3UD0BWP30P140)
   0.0664    0.6079 v reducedSum_sa/_1150_/Z (XOR3UD0BWP30P140)
   0.0315    0.6394 ^ reducedSum_sa/_1192_/ZN (MAOI222D0BWP30P140)
   0.0263    0.6656 v reducedSum_sa/_1193_/ZN (MAOI222D0BWP30P140)
   0.0341    0.6997 ^ reducedSum_sa/_1194_/ZN (MAOI222D0BWP30P140)
   0.0267    0.7263 v reducedSum_sa/_1195_/ZN (MAOI222D0BWP30P140)
   0.0340    0.7604 ^ reducedSum_sa/_1196_/ZN (MAOI222D0BWP30P140)
   0.0264    0.7868 v reducedSum_sa/_1197_/ZN (MAOI222D0BWP30P140)
   0.0333    0.8201 ^ reducedSum_sa/_1198_/ZN (MAOI222D0BWP30P140)
   0.0293    0.8494 v reducedSum_sa/_1199_/ZN (MAOI222D0BWP30P140)
   0.0319    0.8813 ^ reducedSum_sa/_1201_/ZN (AOI21D0BWP30P140)
   0.0302    0.9114 v reducedSum_sa/_1203_/ZN (MAOI222D0BWP30P140)
   0.0414    0.9529 ^ reducedSum_sa/_1205_/ZN (MAOI222D0BWP30P140)
   0.0331    0.9859 v reducedSum_sa/_1238_/ZN (MAOI222D0BWP30P140)
   0.0334    1.0193 v reducedSum_sa/_1251_/Z (XOR2UD0BWP30P140)
   0.0279    1.0473 v reducedSum_reduced_nextLevel_adder/_0694_/ZN (IND2D0BWP30P140)
   0.0209    1.0681 v reducedSum_reduced_nextLevel_adder/_0698_/ZN (INR3D0BWP30P140)
   0.0111    1.0793 ^ reducedSum_reduced_nextLevel_adder/_0699_/ZN (CKND2D0BWP30P140)
   0.0106    1.0898 v reducedSum_reduced_nextLevel_adder/_0701_/ZN (AOI211D0BWP30P140)
   0.0153    1.1052 ^ reducedSum_reduced_nextLevel_adder/_0702_/ZN (OAI21D0BWP30P140)
   0.0214    1.1266 v reducedSum_reduced_nextLevel_adder/_0707_/ZN (AOI221D0BWP30P140)
   0.7148    1.8414 ^ reducedSum_reduced_nextLevel_adder/_0709_/ZN (OAI31D0BWP30P140)
   0.0428    1.8842 v reducedSum_reduced_nextLevel_adder/_0777_/ZN (MUX4ND0BWP30P140)
   0.0637    1.9478 ^ reducedSum_reduced_nextLevel_adder/_0778_/ZN (MUX2ND0BWP30P140)
   0.0203    1.9682 v reducedSum_reduced_nextLevel_adder/_0812_/ZN (MUX2ND0BWP30P140)
   0.0333    2.0015 ^ reducedSum_reduced_nextLevel_adder/_0886_/ZN (OAI221D0BWP30P140)
   0.0248    2.0262 v reducedSum_reduced_nextLevel_adder/_0907_/ZN (XNR2UD0BWP30P140)
   0.0358    2.0620 ^ reducedSum_reduced_nextLevel_adder/_0908_/ZN (OAI31D0BWP30P140)
   0.0266    2.0886 v reducedSum_reduced_nextLevel_adder/_0909_/ZN (MAOI222D0BWP30P140)
   0.0333    2.1220 ^ reducedSum_reduced_nextLevel_adder/_0913_/ZN (MAOI222D0BWP30P140)
   0.0300    2.1520 v reducedSum_reduced_nextLevel_adder/_0918_/ZN (MAOI222D0BWP30P140)
   0.0340    2.1859 ^ reducedSum_reduced_nextLevel_adder/_0922_/ZN (MAOI222D0BWP30P140)
   0.0298    2.2157 v reducedSum_reduced_nextLevel_adder/_0926_/ZN (MAOI222D0BWP30P140)
   0.0335    2.2492 ^ reducedSum_reduced_nextLevel_adder/_0930_/ZN (MAOI222D0BWP30P140)
   0.0267    2.2759 v reducedSum_reduced_nextLevel_adder/_0934_/ZN (MAOI222D0BWP30P140)
   0.0321    2.3080 ^ reducedSum_reduced_nextLevel_adder/_0938_/ZN (MAOI222D0BWP30P140)
   0.0219    2.3300 v reducedSum_reduced_nextLevel_adder/_0942_/ZN (AOI21D0BWP30P140)
   0.0318    2.3618 ^ reducedSum_reduced_nextLevel_adder/_0944_/ZN (MAOI222D0BWP30P140)
   0.0287    2.3905 v reducedSum_reduced_nextLevel_adder/_0948_/ZN (MAOI222D0BWP30P140)
   0.0286    2.4191 v reducedSum_reduced_nextLevel_adder/_0949_/ZN (IAO21D0BWP30P140)
   0.0228    2.4419 v reducedSum_reduced_nextLevel_adder/_0951_/ZN (IAO21D0BWP30P140)
   0.0287    2.4706 ^ reducedSum_reduced_nextLevel_adder/_0953_/ZN (MAOI222D0BWP30P140)
   0.0213    2.4919 v reducedSum_reduced_nextLevel_adder/_0962_/ZN (AOI21D0BWP30P140)
   0.0256    2.5175 ^ reducedSum_reduced_nextLevel_adder/_0964_/ZN (OAI32D0BWP30P140)
   0.0241    2.5416 v reducedSum_reduced_nextLevel_adder/_0968_/ZN (AOI21D0BWP30P140)
   0.0376    2.5792 ^ reducedSum_reduced_nextLevel_adder/_0985_/ZN (OAI31D0BWP30P140)
   0.1231    2.7023 v reducedSum_reduced_nextLevel_adder/_1011_/ZN (OAI21D0BWP30P140)
   0.0598    2.7621 v reducedSum_reduced_nextLevel_adder/_1028_/ZN (MUX2ND0BWP30P140)
   0.0477    2.8098 ^ reducedSum_reduced_nextLevel_adder/_1037_/ZN (NR4D0BWP30P140)
   0.0484    2.8582 v reducedSum_reduced_nextLevel_adder/_1051_/ZN (ND4D0BWP30P140)
   0.0410    2.8992 ^ reducedSum_reduced_nextLevel_adder/_1064_/ZN (NR4D0BWP30P140)
   0.0480    2.9472 v reducedSum_reduced_nextLevel_adder/_1079_/ZN (ND4D0BWP30P140)
   0.0410    2.9882 ^ reducedSum_reduced_nextLevel_adder/_1095_/ZN (NR4D0BWP30P140)
   0.0422    3.0304 v reducedSum_reduced_nextLevel_adder/_1108_/ZN (ND4D0BWP30P140)
   0.0437    3.0741 ^ reducedSum_reduced_nextLevel_adder/_1190_/ZN (INR4D0BWP30P140)
   0.0469    3.1210 ^ reducedSum_reduced_nextLevel_adder/_1194_/Z (AN4D0BWP30P140)
   0.0098    3.1308 v reducedSum_reduced_nextLevel_adder/_1202_/ZN (NR2D0BWP30P140)
   0.0288    3.1596 v reducedSum_reduced_nextLevel_adder/_1203_/Z (XOR2UD0BWP30P140)
   0.0267    3.1863 v reducedSum_reduced_nextLevel_adder_2/_0625_/ZN (INR2D0BWP30P140)
   0.0373    3.2236 ^ reducedSum_reduced_nextLevel_adder_2/_0635_/ZN (AOI211D0BWP30P140)
   0.0246    3.2482 v reducedSum_reduced_nextLevel_adder_2/_0637_/ZN (OAI31D0BWP30P140)
   0.0219    3.2701 ^ reducedSum_reduced_nextLevel_adder_2/_0645_/ZN (XNR2UD0BWP30P140)
   0.0289    3.2990 v reducedSum_reduced_nextLevel_adder_2/_0646_/ZN (ND3D0BWP30P140)
   0.7185    4.0175 ^ reducedSum_reduced_nextLevel_adder_2/_0709_/ZN (OAI31D0BWP30P140)
   0.0428    4.0603 v reducedSum_reduced_nextLevel_adder_2/_0777_/ZN (MUX4ND0BWP30P140)
   0.0637    4.1239 ^ reducedSum_reduced_nextLevel_adder_2/_0778_/ZN (MUX2ND0BWP30P140)
   0.0203    4.1442 v reducedSum_reduced_nextLevel_adder_2/_0812_/ZN (MUX2ND0BWP30P140)
   0.0333    4.1776 ^ reducedSum_reduced_nextLevel_adder_2/_0886_/ZN (OAI221D0BWP30P140)
   0.0248    4.2023 v reducedSum_reduced_nextLevel_adder_2/_0907_/ZN (XNR2UD0BWP30P140)
   0.0358    4.2381 ^ reducedSum_reduced_nextLevel_adder_2/_0908_/ZN (OAI31D0BWP30P140)
   0.0266    4.2647 v reducedSum_reduced_nextLevel_adder_2/_0909_/ZN (MAOI222D0BWP30P140)
   0.0333    4.2981 ^ reducedSum_reduced_nextLevel_adder_2/_0913_/ZN (MAOI222D0BWP30P140)
   0.0300    4.3281 v reducedSum_reduced_nextLevel_adder_2/_0918_/ZN (MAOI222D0BWP30P140)
   0.0340    4.3620 ^ reducedSum_reduced_nextLevel_adder_2/_0922_/ZN (MAOI222D0BWP30P140)
   0.0298    4.3918 v reducedSum_reduced_nextLevel_adder_2/_0926_/ZN (MAOI222D0BWP30P140)
   0.0335    4.4253 ^ reducedSum_reduced_nextLevel_adder_2/_0930_/ZN (MAOI222D0BWP30P140)
   0.0267    4.4520 v reducedSum_reduced_nextLevel_adder_2/_0934_/ZN (MAOI222D0BWP30P140)
   0.0321    4.4841 ^ reducedSum_reduced_nextLevel_adder_2/_0938_/ZN (MAOI222D0BWP30P140)
   0.0219    4.5061 v reducedSum_reduced_nextLevel_adder_2/_0942_/ZN (AOI21D0BWP30P140)
   0.0318    4.5378 ^ reducedSum_reduced_nextLevel_adder_2/_0944_/ZN (MAOI222D0BWP30P140)
   0.0287    4.5666 v reducedSum_reduced_nextLevel_adder_2/_0948_/ZN (MAOI222D0BWP30P140)
   0.0286    4.5952 v reducedSum_reduced_nextLevel_adder_2/_0949_/ZN (IAO21D0BWP30P140)
   0.0228    4.6180 v reducedSum_reduced_nextLevel_adder_2/_0951_/ZN (IAO21D0BWP30P140)
   0.0287    4.6467 ^ reducedSum_reduced_nextLevel_adder_2/_0953_/ZN (MAOI222D0BWP30P140)
   0.0213    4.6680 v reducedSum_reduced_nextLevel_adder_2/_0962_/ZN (AOI21D0BWP30P140)
   0.0256    4.6936 ^ reducedSum_reduced_nextLevel_adder_2/_0964_/ZN (OAI32D0BWP30P140)
   0.0241    4.7177 v reducedSum_reduced_nextLevel_adder_2/_0968_/ZN (AOI21D0BWP30P140)
   0.0376    4.7553 ^ reducedSum_reduced_nextLevel_adder_2/_0985_/ZN (OAI31D0BWP30P140)
   0.1231    4.8784 v reducedSum_reduced_nextLevel_adder_2/_1011_/ZN (OAI21D0BWP30P140)
   0.0598    4.9382 v reducedSum_reduced_nextLevel_adder_2/_1028_/ZN (MUX2ND0BWP30P140)
   0.0477    4.9859 ^ reducedSum_reduced_nextLevel_adder_2/_1037_/ZN (NR4D0BWP30P140)
   0.0484    5.0343 v reducedSum_reduced_nextLevel_adder_2/_1051_/ZN (ND4D0BWP30P140)
   0.0410    5.0753 ^ reducedSum_reduced_nextLevel_adder_2/_1064_/ZN (NR4D0BWP30P140)
   0.0480    5.1233 v reducedSum_reduced_nextLevel_adder_2/_1079_/ZN (ND4D0BWP30P140)
   0.0410    5.1643 ^ reducedSum_reduced_nextLevel_adder_2/_1095_/ZN (NR4D0BWP30P140)
   0.0422    5.2065 v reducedSum_reduced_nextLevel_adder_2/_1108_/ZN (ND4D0BWP30P140)
   0.0342    5.2406 ^ reducedSum_reduced_nextLevel_adder_2/_1112_/ZN (NR2D0BWP30P140)
   0.0219    5.2626 v reducedSum_reduced_nextLevel_adder_2/_1116_/ZN (XNR2UD0BWP30P140)
   0.0356    5.2982 ^ reducedSum_conv/_167_/ZN (NR4D0BWP30P140)
   0.0130    5.3112 v reducedSum_conv/_168_/ZN (CKND0BWP30P140)
   0.0932    5.4043 ^ reducedSum_conv/_174_/ZN (AOI21D0BWP30P140)
   0.0337    5.4381 ^ reducedSum_conv/_177_/ZN (XNR2UD0BWP30P140)
   0.0140    5.4521 v reducedSum_conv/_178_/ZN (CKND0BWP30P140)
   0.0327    5.4847 v reducedSum_conv/_179_/Z (AO21D0BWP30P140)
   0.0153    5.5000 ^ reducedSum_conv/_183_/ZN (ND3D0BWP30P140)
   0.0481    5.5482 ^ reducedSum_conv/_219_/ZN (INR3D0BWP30P140)
   0.0365    5.5846 v accAdder/_0901_/ZN (MAOI222D0BWP30P140)
   0.0370    5.6217 ^ accAdder/_0902_/ZN (MAOI222D0BWP30P140)
   0.0303    5.6519 v accAdder/_0903_/ZN (MAOI222D0BWP30P140)
   0.0355    5.6875 ^ accAdder/_0966_/ZN (MAOI222D0BWP30P140)
   0.0302    5.7177 v accAdder/_0968_/ZN (MAOI222D0BWP30P140)
   0.0262    5.7439 v accAdder/_0970_/ZN (XNR2UD0BWP30P140)
   0.0212    5.7651 ^ accAdder/_0971_/ZN (NR2D0BWP30P140)
   0.0257    5.7908 ^ accAdder/_0972_/Z (AN2D0BWP30P140)
   0.4170    6.2078 v accAdder/_0975_/ZN (AOI31D0BWP30P140)
   0.4192    6.6270 ^ accAdder/_0991_/ZN (AOI22D0BWP30P140)
   0.0318    6.6589 v accAdder/_1063_/ZN (CKND2D0BWP30P140)
   0.0370    6.6959 ^ accAdder/_1188_/ZN (OAI32D0BWP30P140)
   0.0151    6.7109 v accAdder/_1189_/ZN (AOI21D0BWP30P140)
   0.0396    6.7506 ^ accAdder/_1191_/ZN (OAI221D0BWP30P140)
   0.0211    6.7716 v accAdder/_1196_/ZN (OAI31D0BWP30P140)
   0.0222    6.7939 ^ accAdder/_1198_/ZN (AOI21D0BWP30P140)
   0.0256    6.8195 v accAdder/_1200_/ZN (MAOI222D0BWP30P140)
   0.0396    6.8591 ^ accAdder/_1202_/ZN (MAOI222D0BWP30P140)
   0.0257    6.8848 v accAdder/_1204_/ZN (MAOI222D0BWP30P140)
   0.0277    6.9125 ^ accAdder/_1206_/ZN (AOI21D0BWP30P140)
   0.0253    6.9378 ^ accAdder/_1209_/ZN (IAO21D0BWP30P140)
   0.0247    6.9625 v accAdder/_1211_/ZN (MAOI222D0BWP30P140)
   0.0395    7.0020 ^ accAdder/_1213_/ZN (MAOI222D0BWP30P140)
   0.0265    7.0285 v accAdder/_1221_/ZN (MAOI222D0BWP30P140)
   0.0354    7.0639 v accAdder/_1232_/Z (AO21D0BWP30P140)
   0.0261    7.0899 ^ accAdder/_1242_/ZN (MAOI222D0BWP30P140)
   0.0265    7.1164 v accAdder/_1255_/ZN (MAOI222D0BWP30P140)
   0.0315    7.1479 v accAdder/_1259_/Z (AO21D0BWP30P140)
   0.0182    7.1661 ^ accAdder/_1276_/ZN (AOI21D0BWP30P140)
   0.0258    7.1920 v accAdder/_1280_/ZN (MAOI222D0BWP30P140)
   0.0391    7.2311 ^ accAdder/_1296_/ZN (MAOI222D0BWP30P140)
   0.0262    7.2572 v accAdder/_1300_/ZN (MAOI222D0BWP30P140)
   0.0304    7.2876 ^ accAdder/_1318_/ZN (AOI21D0BWP30P140)
   0.0249    7.3125 v accAdder/_1322_/ZN (MAOI222D0BWP30P140)
   0.0364    7.3490 v accAdder/_1345_/Z (AO21D0BWP30P140)
   0.0156    7.3646 ^ accAdder/_1353_/ZN (MUX2ND0BWP30P140)
   0.0347    7.3994 ^ accAdder/_1354_/ZN (XNR2UD0BWP30P140)
   0.0288    7.4281 ^ accAdder/_1453_/ZN (MAOI22D0BWP30P140)
   0.1281    7.5562 v accAdder/_1456_/ZN (OAI211D0BWP30P140)
   0.0886    7.6448 ^ accAdder/_1531_/Z (MUX4D0BWP30P140)
   0.0194    7.6643 v accAdder/_1534_/ZN (MUX3ND0BWP30P140)
   0.0405    7.7048 ^ accAdder/_1568_/ZN (NR2D0BWP30P140)
   0.0507    7.7554 ^ accAdder/_1577_/ZN (INR4D0BWP30P140)
   0.0510    7.8065 ^ accAdder/_1582_/Z (AN4D0BWP30P140)
   0.0395    7.8460 ^ accAdder/_1590_/Z (AN4D0BWP30P140)
   0.0406    7.8865 ^ accAdder/_1601_/Z (AN4D0BWP30P140)
   0.0349    7.9214 ^ accAdder/_1603_/Z (AN3D0BWP30P140)
   0.0271    7.9485 v accAdder/_1605_/ZN (IND3D0BWP30P140)
   0.0379    7.9865 v accAdder/_1606_/Z (OR3D0BWP30P140)
   0.0368    8.0233 ^ accAdder/_1608_/ZN (INR3D0BWP30P140)
   0.0364    8.0597 v accAdder/_1611_/ZN (MAOI222D0BWP30P140)
   0.0357    8.0954 ^ accAdder/_1616_/ZN (NR4D0BWP30P140)
   0.0219    8.1173 v accAdder/_1619_/ZN (OAI31D0BWP30P140)
   0.0327    8.1500 v accAdder/_1621_/Z (AO21D0BWP30P140)
   0.0312    8.1812 ^ accAdder/_1623_/ZN (AOI21D0BWP30P140)
   0.0237    8.2049 v accAdder/_1626_/ZN (OAI21D0BWP30P140)
   0.0215    8.2263 v accAdder/_1658_/Z (AN3D0BWP30P140)
   0.0613    8.2876 v accAdder/_1659_/Z (OR3D0BWP30P140)
   0.0420    8.3296 ^ accAdder/_1703_/ZN (AOI211D0BWP30P140)
   0.0261    8.3557 ^ _060_/Z (AO22D0BWP30P140)
   0.0000    8.3557 ^ _070_/D (DFCNQD1BWP30P140)
             8.3557   data arrival time

  20.0000   20.0000   clock CORE_CLK (rise edge)
   0.0000   20.0000   clock network delay (ideal)
  -0.0500   19.9500   clock uncertainty
   0.0000   19.9500   clock reconvergence pessimism
            19.9500 ^ _070_/CP (DFCNQD1BWP30P140)
  -0.0174   19.9326   library setup time
            19.9326   data required time
-------------------------------------------------------------
            19.9326   data required time
            -8.3557   data arrival time
-------------------------------------------------------------
            11.5770   slack (MET)


