Startpoint: reset (input port clocked by CORE_CLK)
Endpoint: _068_ (recovery check against rising-edge clock CORE_CLK)
Path Group: asynchronous
Path Type: max

    Delay      Time   Description
-------------------------------------------------------------
   0.0000    0.0000   clock CORE_CLK (rise edge)
   0.0000    0.0000   clock network delay (ideal)
   0.0000    0.0000 ^ input external delay
   0.0000    0.0000 ^ reset (in)
   0.0000    0.0000 ^ _068_/CDN (DFCNQD1BWP30P140)
             0.0000   data arrival time

  20.0000   20.0000   clock CORE_CLK (rise edge)
   0.0000   20.0000   clock network delay (ideal)
  -0.0500   19.9500   clock uncertainty
   0.0000   19.9500   clock reconvergence pessimism
            19.9500 ^ _068_/CP (DFCNQD1BWP30P140)
   0.0258   19.9758   library recovery time
            19.9758   data required time
-------------------------------------------------------------
            19.9758   data required time
            -0.0000   data arrival time
-------------------------------------------------------------
            19.9758   slack (MET)


Startpoint: io_op_a_i[0] (input port clocked by CORE_CLK)
Endpoint: _070_ (rising edge-triggered flip-flop clocked by CORE_CLK)
Path Group: CORE_CLK
Path Type: max

    Delay      Time   Description
-------------------------------------------------------------
   0.0000    0.0000   clock CORE_CLK (rise edge)
   0.0000    0.0000   clock network delay (ideal)
   0.0000    0.0000 ^ input external delay
   0.0000    0.0000 ^ io_op_a_i[0] (in)
   0.0217    0.0217 v reducedSum_op/_066_/ZN (OAI31D0BWP30P140)
   0.0603    0.0819 v reducedSum_op/_071_/Z (XOR3UD0BWP30P140)
   0.0207    0.1027 ^ reducedSum_op/_072_/ZN (NR2D0BWP30P140)
   0.0287    0.1313 v reducedSum_op/_073_/ZN (MAOI222D0BWP30P140)
   0.0360    0.1673 ^ reducedSum_op/_075_/ZN (MAOI222D0BWP30P140)
   0.0584    0.2257 ^ reducedSum_op/_082_/Z (XOR2UD0BWP30P140)
   0.0456    0.2713 ^ reducedSum_sa/_0607_/Z (AN4D0BWP30P140)
   0.0088    0.2801 v reducedSum_sa/_0608_/ZN (NR2D0BWP30P140)
   0.0257    0.3058 v reducedSum_sa/_0609_/ZN (XNR2UD0BWP30P140)
   0.0275    0.3333 ^ reducedSum_sa/_0666_/Z (XOR2UD0BWP30P140)
   0.0347    0.3680 v reducedSum_sa/_0667_/ZN (AOI32D0BWP30P140)
   0.0572    0.4252 v reducedSum_sa/_0707_/ZN (XNR4D0BWP30P140)
   0.0317    0.4569 v reducedSum_sa/_0834_/Z (XOR2UD0BWP30P140)
   0.0599    0.5168 ^ reducedSum_sa/_0854_/Z (XOR3UD0BWP30P140)
   0.0312    0.5480 v reducedSum_sa/_0894_/ZN (MAOI222D0BWP30P140)
   0.0285    0.5765 v reducedSum_sa/_0897_/ZN (IOA21D0BWP30P140)
   0.0314    0.6079 ^ reducedSum_sa/_0898_/ZN (MAOI222D0BWP30P140)
   0.0203    0.6282 v reducedSum_sa/_1091_/ZN (OAI21D0BWP30P140)
   0.0340    0.6622 ^ reducedSum_sa/_1092_/ZN (MAOI222D0BWP30P140)
   0.0206    0.6828 v reducedSum_sa/_1095_/ZN (OAI21D0BWP30P140)
   0.0307    0.7135 ^ reducedSum_sa/_1096_/ZN (MAOI222D0BWP30P140)
   0.0292    0.7427 v reducedSum_sa/_1097_/ZN (MAOI222D0BWP30P140)
   0.0302    0.7728 ^ reducedSum_sa/_1100_/ZN (AOI21D0BWP30P140)
   0.0238    0.7966 v reducedSum_sa/_1135_/ZN (OAI21D0BWP30P140)
   0.0385    0.8351 ^ reducedSum_sa/_1137_/ZN (MAOI222D0BWP30P140)
   0.0328    0.8679 v reducedSum_sa/_1184_/ZN (MAOI222D0BWP30P140)
   0.0312    0.8991 v reducedSum_sa/_1189_/ZN (XNR2UD0BWP30P140)
   0.0177    0.9168 ^ reducedSum_reduced_nextLevel_adder/_0613_/ZN (CKND0BWP30P140)
   0.0203    0.9371 v reducedSum_reduced_nextLevel_adder/_0674_/ZN (OAI22D0BWP30P140)
   0.0219    0.9590 ^ reducedSum_reduced_nextLevel_adder/_0676_/ZN (AOI21D0BWP30P140)
   0.0267    0.9857 v reducedSum_reduced_nextLevel_adder/_0677_/ZN (OAI211D0BWP30P140)
   0.0187    1.0044 ^ reducedSum_reduced_nextLevel_adder/_0680_/ZN (NR2D0BWP30P140)
   0.0132    1.0175 v reducedSum_reduced_nextLevel_adder/_0681_/ZN (AOI221D0BWP30P140)
   0.0168    1.0344 ^ reducedSum_reduced_nextLevel_adder/_0682_/ZN (OAI31D0BWP30P140)
   0.4250    1.4593 v reducedSum_reduced_nextLevel_adder/_0684_/ZN (AOI21D0BWP30P140)
   0.1584    1.6177 ^ reducedSum_reduced_nextLevel_adder/_0865_/ZN (MUX4ND0BWP30P140)
   0.0249    1.6427 v reducedSum_reduced_nextLevel_adder/_0885_/ZN (MUX2ND0BWP30P140)
   0.0317    1.6743 v reducedSum_reduced_nextLevel_adder/_0954_/ZN (MOAI22D0BWP30P140)
   0.0451    1.7195 ^ reducedSum_reduced_nextLevel_adder/_0956_/ZN (AOI211D0BWP30P140)
   0.0370    1.7565 ^ reducedSum_reduced_nextLevel_adder/_0961_/Z (AN3D0BWP30P140)
   0.0245    1.7810 v reducedSum_reduced_nextLevel_adder/_0966_/ZN (AOI31D0BWP30P140)
   0.0284    1.8094 ^ reducedSum_reduced_nextLevel_adder/_0967_/ZN (OAI221D0BWP30P140)
   0.0263    1.8357 v reducedSum_reduced_nextLevel_adder/_0968_/ZN (AOI31D0BWP30P140)
   0.0331    1.8688 ^ reducedSum_reduced_nextLevel_adder/_0970_/ZN (MAOI222D0BWP30P140)
   0.0298    1.8986 v reducedSum_reduced_nextLevel_adder/_0972_/ZN (MAOI222D0BWP30P140)
   0.0350    1.9336 ^ reducedSum_reduced_nextLevel_adder/_0974_/ZN (MAOI222D0BWP30P140)
   0.0245    1.9582 v reducedSum_reduced_nextLevel_adder/_0979_/ZN (AOI21D0BWP30P140)
   0.0280    1.9861 ^ reducedSum_reduced_nextLevel_adder/_0984_/ZN (OAI31D0BWP30P140)
   0.0221    2.0082 v reducedSum_reduced_nextLevel_adder/_0986_/ZN (AOI31D0BWP30P140)
   0.0292    2.0374 v reducedSum_reduced_nextLevel_adder/_0987_/ZN (IAO21D0BWP30P140)
   0.0179    2.0552 ^ reducedSum_reduced_nextLevel_adder/_0993_/ZN (OAI21D0BWP30P140)
   0.0228    2.0781 v reducedSum_reduced_nextLevel_adder/_0994_/ZN (AOI31D0BWP30P140)
   0.0351    2.1131 ^ reducedSum_reduced_nextLevel_adder/_0995_/ZN (MAOI222D0BWP30P140)
   0.0218    2.1349 v reducedSum_reduced_nextLevel_adder/_0999_/ZN (AOI211D0BWP30P140)
   0.0333    2.1682 ^ reducedSum_reduced_nextLevel_adder/_1001_/ZN (OAI31D0BWP30P140)
   0.1071    2.2753 v reducedSum_reduced_nextLevel_adder/_1005_/ZN (OAI21D0BWP30P140)
   0.0568    2.3321 v reducedSum_reduced_nextLevel_adder/_1020_/ZN (MUX2ND0BWP30P140)
   0.0362    2.3683 ^ reducedSum_reduced_nextLevel_adder/_1032_/ZN (NR4D0BWP30P140)
   0.0511    2.4195 v reducedSum_reduced_nextLevel_adder/_1046_/ZN (ND4D0BWP30P140)
   0.0374    2.4569 ^ reducedSum_reduced_nextLevel_adder/_1063_/ZN (NR4D0BWP30P140)
   0.0459    2.5028 v reducedSum_reduced_nextLevel_adder/_1078_/ZN (ND4D0BWP30P140)
   0.0443    2.5471 ^ reducedSum_reduced_nextLevel_adder/_1094_/ZN (INR4D0BWP30P140)
   0.0526    2.5997 v reducedSum_reduced_nextLevel_adder/_1111_/ZN (ND4D0BWP30P140)
   0.0520    2.6517 v reducedSum_reduced_nextLevel_adder/_1189_/ZN (IND4D0BWP30P140)
   0.0346    2.6863 ^ reducedSum_reduced_nextLevel_adder/_1190_/ZN (NR2D0BWP30P140)
   0.0213    2.7076 v reducedSum_reduced_nextLevel_adder/_1206_/ZN (NR3D0BWP30P140)
   0.0312    2.7388 v reducedSum_reduced_nextLevel_adder_2/_0624_/ZN (XNR2UD0BWP30P140)
   0.0325    2.7713 v reducedSum_reduced_nextLevel_adder_2/_0625_/Z (AO21D0BWP30P140)
   0.0237    2.7950 ^ reducedSum_reduced_nextLevel_adder_2/_0628_/ZN (AOI211D0BWP30P140)
   0.0234    2.8184 v reducedSum_reduced_nextLevel_adder_2/_0630_/ZN (OAI31D0BWP30P140)
   0.0337    2.8522 ^ reducedSum_reduced_nextLevel_adder_2/_0631_/ZN (MAOI222D0BWP30P140)
   0.0277    2.8799 v reducedSum_reduced_nextLevel_adder_2/_0633_/ZN (XNR2UD0BWP30P140)
   0.0271    2.9070 v reducedSum_reduced_nextLevel_adder_2/_0645_/Z (AN2D0BWP30P140)
   0.5368    3.4437 ^ reducedSum_reduced_nextLevel_adder_2/_0684_/ZN (AOI21D0BWP30P140)
   0.0547    3.4985 v reducedSum_reduced_nextLevel_adder_2/_0704_/ZN (MUX4ND0BWP30P140)
   0.0639    3.5624 ^ reducedSum_reduced_nextLevel_adder_2/_0739_/ZN (MUX2ND0BWP30P140)
   0.0306    3.5930 v reducedSum_reduced_nextLevel_adder_2/_0778_/ZN (MUX2ND0BWP30P140)
   0.0310    3.6240 v reducedSum_reduced_nextLevel_adder_2/_0957_/Z (OR2D0BWP30P140)
   0.0214    3.6454 v reducedSum_reduced_nextLevel_adder_2/_0961_/Z (AN3D0BWP30P140)
   0.0222    3.6675 ^ reducedSum_reduced_nextLevel_adder_2/_0966_/ZN (AOI31D0BWP30P140)
   0.0321    3.6997 v reducedSum_reduced_nextLevel_adder_2/_0967_/ZN (OAI221D0BWP30P140)
   0.0355    3.7352 ^ reducedSum_reduced_nextLevel_adder_2/_0968_/ZN (AOI31D0BWP30P140)
   0.0267    3.7619 v reducedSum_reduced_nextLevel_adder_2/_0970_/ZN (MAOI222D0BWP30P140)
   0.0396    3.8015 ^ reducedSum_reduced_nextLevel_adder_2/_0972_/ZN (MAOI222D0BWP30P140)
   0.0284    3.8298 v reducedSum_reduced_nextLevel_adder_2/_0974_/ZN (MAOI222D0BWP30P140)
   0.0336    3.8634 ^ reducedSum_reduced_nextLevel_adder_2/_0979_/ZN (AOI21D0BWP30P140)
   0.0197    3.8832 v reducedSum_reduced_nextLevel_adder_2/_0984_/ZN (OAI31D0BWP30P140)
   0.0222    3.9054 ^ reducedSum_reduced_nextLevel_adder_2/_0986_/ZN (AOI31D0BWP30P140)
   0.0276    3.9329 ^ reducedSum_reduced_nextLevel_adder_2/_0987_/ZN (IAO21D0BWP30P140)
   0.0170    3.9499 v reducedSum_reduced_nextLevel_adder_2/_0993_/ZN (OAI21D0BWP30P140)
   0.0244    3.9744 ^ reducedSum_reduced_nextLevel_adder_2/_0994_/ZN (AOI31D0BWP30P140)
   0.0279    4.0023 v reducedSum_reduced_nextLevel_adder_2/_0995_/ZN (MAOI222D0BWP30P140)
   0.0345    4.0368 ^ reducedSum_reduced_nextLevel_adder_2/_0999_/ZN (AOI211D0BWP30P140)
   0.0234    4.0602 v reducedSum_reduced_nextLevel_adder_2/_1001_/ZN (OAI31D0BWP30P140)
   0.1204    4.1806 ^ reducedSum_reduced_nextLevel_adder_2/_1005_/ZN (OAI21D0BWP30P140)
   0.0309    4.2115 v reducedSum_reduced_nextLevel_adder_2/_1020_/ZN (MUX2ND0BWP30P140)
   0.0362    4.2477 ^ reducedSum_reduced_nextLevel_adder_2/_1032_/ZN (NR4D0BWP30P140)
   0.0511    4.2988 v reducedSum_reduced_nextLevel_adder_2/_1046_/ZN (ND4D0BWP30P140)
   0.0374    4.3362 ^ reducedSum_reduced_nextLevel_adder_2/_1063_/ZN (NR4D0BWP30P140)
   0.0459    4.3822 v reducedSum_reduced_nextLevel_adder_2/_1078_/ZN (ND4D0BWP30P140)
   0.0443    4.4265 ^ reducedSum_reduced_nextLevel_adder_2/_1094_/ZN (INR4D0BWP30P140)
   0.0526    4.4791 v reducedSum_reduced_nextLevel_adder_2/_1111_/ZN (ND4D0BWP30P140)
   0.0454    4.5245 ^ reducedSum_reduced_nextLevel_adder_2/_1208_/ZN (OAI211D0BWP30P140)
   0.0209    4.5454 ^ reducedSum_conv/_175_/Z (OR2D0BWP30P140)
   0.0133    4.5586 v reducedSum_conv/_176_/ZN (AOI221D0BWP30P140)
   0.1288    4.6874 ^ reducedSum_conv/_177_/ZN (NR2D0BWP30P140)
   0.0060    4.6934 v reducedSum_conv/_235_/ZN (CKND2D0BWP30P140)
   0.0348    4.7282 ^ reducedSum_conv/_236_/ZN (AOI21D0BWP30P140)
   0.0174    4.7456 v accAdder/_0898_/ZN (IND2D0BWP30P140)
   0.0264    4.7720 ^ accAdder/_0899_/ZN (AOI21D0BWP30P140)
   0.0301    4.8022 v accAdder/_0901_/ZN (MAOI222D0BWP30P140)
   0.0355    4.8376 ^ accAdder/_0902_/ZN (MAOI222D0BWP30P140)
   0.0302    4.8678 v accAdder/_0903_/ZN (MAOI222D0BWP30P140)
   0.0355    4.9034 ^ accAdder/_0966_/ZN (MAOI222D0BWP30P140)
   0.0302    4.9336 v accAdder/_0968_/ZN (MAOI222D0BWP30P140)
   0.0262    4.9598 v accAdder/_0970_/ZN (XNR2UD0BWP30P140)
   0.0212    4.9810 ^ accAdder/_0971_/ZN (NR2D0BWP30P140)
   0.0257    5.0067 ^ accAdder/_0972_/Z (AN2D0BWP30P140)
   0.4170    5.4237 v accAdder/_0975_/ZN (AOI31D0BWP30P140)
   0.4192    5.8429 ^ accAdder/_0991_/ZN (AOI22D0BWP30P140)
   0.0318    5.8748 v accAdder/_1063_/ZN (CKND2D0BWP30P140)
   0.0370    5.9117 ^ accAdder/_1188_/ZN (OAI32D0BWP30P140)
   0.0151    5.9268 v accAdder/_1189_/ZN (AOI21D0BWP30P140)
   0.0396    5.9664 ^ accAdder/_1191_/ZN (OAI221D0BWP30P140)
   0.0211    5.9875 v accAdder/_1196_/ZN (OAI31D0BWP30P140)
   0.0222    6.0098 ^ accAdder/_1198_/ZN (AOI21D0BWP30P140)
   0.0256    6.0354 v accAdder/_1200_/ZN (MAOI222D0BWP30P140)
   0.0396    6.0750 ^ accAdder/_1202_/ZN (MAOI222D0BWP30P140)
   0.0257    6.1007 v accAdder/_1204_/ZN (MAOI222D0BWP30P140)
   0.0277    6.1284 ^ accAdder/_1206_/ZN (AOI21D0BWP30P140)
   0.0253    6.1537 ^ accAdder/_1209_/ZN (IAO21D0BWP30P140)
   0.0247    6.1784 v accAdder/_1211_/ZN (MAOI222D0BWP30P140)
   0.0395    6.2179 ^ accAdder/_1213_/ZN (MAOI222D0BWP30P140)
   0.0265    6.2444 v accAdder/_1221_/ZN (MAOI222D0BWP30P140)
   0.0354    6.2797 v accAdder/_1232_/Z (AO21D0BWP30P140)
   0.0261    6.3058 ^ accAdder/_1242_/ZN (MAOI222D0BWP30P140)
   0.0265    6.3323 v accAdder/_1255_/ZN (MAOI222D0BWP30P140)
   0.0315    6.3638 v accAdder/_1259_/Z (AO21D0BWP30P140)
   0.0182    6.3820 ^ accAdder/_1276_/ZN (AOI21D0BWP30P140)
   0.0258    6.4079 v accAdder/_1280_/ZN (MAOI222D0BWP30P140)
   0.0391    6.4470 ^ accAdder/_1296_/ZN (MAOI222D0BWP30P140)
   0.0262    6.4731 v accAdder/_1300_/ZN (MAOI222D0BWP30P140)
   0.0304    6.5035 ^ accAdder/_1318_/ZN (AOI21D0BWP30P140)
   0.0249    6.5284 v accAdder/_1322_/ZN (MAOI222D0BWP30P140)
   0.0364    6.5649 v accAdder/_1345_/Z (AO21D0BWP30P140)
   0.0156    6.5805 ^ accAdder/_1353_/ZN (MUX2ND0BWP30P140)
   0.0347    6.6152 ^ accAdder/_1354_/ZN (XNR2UD0BWP30P140)
   0.0288    6.6440 ^ accAdder/_1453_/ZN (MAOI22D0BWP30P140)
   0.1281    6.7721 v accAdder/_1456_/ZN (OAI211D0BWP30P140)
   0.0886    6.8607 ^ accAdder/_1531_/Z (MUX4D0BWP30P140)
   0.0194    6.8801 v accAdder/_1534_/ZN (MUX3ND0BWP30P140)
   0.0405    6.9207 ^ accAdder/_1568_/ZN (NR2D0BWP30P140)
   0.0507    6.9713 ^ accAdder/_1577_/ZN (INR4D0BWP30P140)
   0.0510    7.0224 ^ accAdder/_1582_/Z (AN4D0BWP30P140)
   0.0395    7.0618 ^ accAdder/_1590_/Z (AN4D0BWP30P140)
   0.0406    7.1024 ^ accAdder/_1601_/Z (AN4D0BWP30P140)
   0.0349    7.1373 ^ accAdder/_1603_/Z (AN3D0BWP30P140)
   0.0271    7.1644 v accAdder/_1605_/ZN (IND3D0BWP30P140)
   0.0379    7.2024 v accAdder/_1606_/Z (OR3D0BWP30P140)
   0.0368    7.2392 ^ accAdder/_1608_/ZN (INR3D0BWP30P140)
   0.0364    7.2756 v accAdder/_1611_/ZN (MAOI222D0BWP30P140)
   0.0357    7.3113 ^ accAdder/_1616_/ZN (NR4D0BWP30P140)
   0.0219    7.3332 v accAdder/_1619_/ZN (OAI31D0BWP30P140)
   0.0327    7.3659 v accAdder/_1621_/Z (AO21D0BWP30P140)
   0.0312    7.3971 ^ accAdder/_1623_/ZN (AOI21D0BWP30P140)
   0.0237    7.4207 v accAdder/_1626_/ZN (OAI21D0BWP30P140)
   0.0215    7.4422 v accAdder/_1658_/Z (AN3D0BWP30P140)
   0.0613    7.5035 v accAdder/_1659_/Z (OR3D0BWP30P140)
   0.0420    7.5455 ^ accAdder/_1703_/ZN (AOI211D0BWP30P140)
   0.0261    7.5715 ^ _060_/Z (AO22D0BWP30P140)
   0.0000    7.5715 ^ _070_/D (DFCNQD1BWP30P140)
             7.5715   data arrival time

  20.0000   20.0000   clock CORE_CLK (rise edge)
   0.0000   20.0000   clock network delay (ideal)
  -0.0500   19.9500   clock uncertainty
   0.0000   19.9500   clock reconvergence pessimism
            19.9500 ^ _070_/CP (DFCNQD1BWP30P140)
  -0.0174   19.9326   library setup time
            19.9326   data required time
-------------------------------------------------------------
            19.9326   data required time
            -7.5715   data arrival time
-------------------------------------------------------------
            12.3611   slack (MET)


