
6. Printing statistics.

=== BFP_PE ===

        +----------Local Count, excluding submodules.
        |        +-Local Area, excluding submodules.
        |        | 
       78        - wires
      584        - wire bits
       44        - public wires
      550        - public wire bits
       10        - ports
      101        - port bits
       67   99.918 cells
       32   24.192   AO22D0BWP30P140
       33   74.844   DFCNQD1BWP30P140
        1    0.504   INR2D0BWP30P140
        1    0.378   NR2D0BWP30P140
       16        - submodules
        4        -   CustomOperator_INT8_to_E2M1
        4        -   FP32Adder
        4        -   ScaleAddition_INT8_to_E2M1_scale_UE6M2
        4        -   ScaleToFP32_INT8_x_E2M1_UE6M2

   Chip area for module '\BFP_PE': 99.918000
     of which used for sequential elements: 74.844000 (74.91%)

=== FP32Adder ===

        +----------Local Count, excluding submodules.
        |        +-Local Area, excluding submodules.
        |        | 
      872        - wires
     1037        - wire bits
        6        - public wires
      171        - public wire bits
        3        - ports
       96        - port bits
      898  554.904 cells
       18    9.072   AN2D0BWP30P140
        5     3.15   AN3D0BWP30P140
        4    3.024   AN4D0BWP30P140
        2    1.512   AO211D0BWP30P140
       13     8.19   AO21D0BWP30P140
        4    3.024   AO22D0BWP30P140
       10      6.3   AOI211D0BWP30P140
       52   26.208   AOI21D0BWP30P140
       10     7.56   AOI221D0BWP30P140
        2    2.016   AOI222D0BWP30P140
       32    20.16   AOI22D0BWP30P140
        2     1.26   AOI31D0BWP30P140
       19   16.758   CKMUX2D0BWP30P140
       65    16.38   CKND0BWP30P140
       72   27.216   CKND2D0BWP30P140
        6     3.78   IAO21D0BWP30P140
       20    10.08   IND2D0BWP30P140
        1     0.63   IND3D0BWP30P140
        2    1.512   IND4D0BWP30P140
       21   10.584   INR2D0BWP30P140
        8     5.04   INR3D0BWP30P140
        3    2.268   INR4D0BWP30P140
        7     4.41   IOA21D0BWP30P140
       30    22.68   MAOI222D0BWP30P140
       15    11.34   MAOI22D0BWP30P140
        4    3.024   MOAI22D0BWP30P140
      114   86.184   MUX2ND0BWP30P140
        1    1.764   MUX3D0BWP30P140
        1    1.638   MUX3ND0BWP30P140
        2    4.788   MUX4D0BWP30P140
       16   36.288   MUX4ND0BWP30P140
       14    7.056   ND3D0BWP30P140
        5     3.15   ND4D0BWP30P140
       99   37.422   NR2D0BWP30P140
       35    17.64   NR3D0BWP30P140
        8     5.04   NR4D0BWP30P140
        2    1.512   OA211D0BWP30P140
        6     3.78   OA21D0BWP30P140
        1    0.882   OA22D0BWP30P140
       13     8.19   OAI211D0BWP30P140
       41   20.664   OAI21D0BWP30P140
        1    0.882   OAI221D0BWP30P140
        1    1.008   OAI222D0BWP30P140
       10      6.3   OAI22D0BWP30P140
        6     3.78   OAI31D0BWP30P140
        3    2.268   OAI32D0BWP30P140
        1    0.882   OAI33D0BWP30P140
        6    3.024   OR2D0BWP30P140
        8     5.04   OR3D0BWP30P140
        2    1.512   OR4D0BWP30P140
       51   44.982   XNR2UD0BWP30P140
        1    1.764   XNR3UD0BWP30P140
       23   20.286   XOR2UD0BWP30P140

   Chip area for module '\FP32Adder': 554.904000
     of which used for sequential elements: 0.000000 (0.00%)

=== ScaleToFP32_INT8_x_E2M1_UE6M2 ===

        +----------Local Count, excluding submodules.
        |        +-Local Area, excluding submodules.
        |        | 
      122        - wires
      175        - wire bits
        4        - public wires
       57        - public wire bits
        4        - ports
       57        - port bits
      141   82.908 cells
        3    1.512   AN2D0BWP30P140
        1     0.63   AN3D0BWP30P140
        2     1.26   AO21D0BWP30P140
        2     1.26   AOI211D0BWP30P140
        8    4.032   AOI21D0BWP30P140
        3    2.268   AOI221D0BWP30P140
        1     0.63   AOI22D0BWP30P140
        1    0.756   AOI32D0BWP30P140
        4    3.528   CKMUX2D0BWP30P140
        6    1.512   CKND0BWP30P140
        8    3.024   CKND2D0BWP30P140
        5     3.15   IAO21D0BWP30P140
        3    1.512   IND2D0BWP30P140
        7    3.528   INR2D0BWP30P140
        2     1.26   INR3D0BWP30P140
        1    0.756   INR4D0BWP30P140
        1    0.756   MAOI222D0BWP30P140
       20    15.12   MUX2ND0BWP30P140
        2    1.008   ND3D0BWP30P140
       22    8.316   NR2D0BWP30P140
        8    4.032   NR3D0BWP30P140
        4     2.52   NR4D0BWP30P140
        1     0.63   OA21D0BWP30P140
        4    2.016   OAI21D0BWP30P140
        1    1.008   OAI222D0BWP30P140
        1     0.63   OAI22D0BWP30P140
        4     2.52   OAI31D0BWP30P140
        1    0.756   OAI32D0BWP30P140
        2    1.512   OR4D0BWP30P140
        7    6.174   XNR2UD0BWP30P140
        6    5.292   XOR2UD0BWP30P140

   Chip area for module '\ScaleToFP32_INT8_x_E2M1_UE6M2': 82.908000
     of which used for sequential elements: 0.000000 (0.00%)

=== ScaleAddition_INT8_to_E2M1_scale_UE6M2 ===

        +----------Local Count, excluding submodules.
        |        +-Local Area, excluding submodules.
        |        | 
      267        - wires
      315        - wire bits
        8        - public wires
       56        - public wire bits
        8        - ports
       56        - port bits
      282  203.868 cells
        3    1.512   AN2D0BWP30P140
        3     1.89   AN3D0BWP30P140
        1    0.756   AO211D0BWP30P140
        2     1.26   AO21D0BWP30P140
        8    4.032   AOI21D0BWP30P140
        4     2.52   AOI22D0BWP30P140
        1     0.63   AOI31D0BWP30P140
       11    2.772   CKND0BWP30P140
       64   24.192   CKND2D0BWP30P140
        1     0.63   IAO21D0BWP30P140
        7    3.528   IND2D0BWP30P140
        6    3.024   INR2D0BWP30P140
        1     0.63   INR3D0BWP30P140
        5     3.15   IOA21D0BWP30P140
       34   25.704   MAOI222D0BWP30P140
        5     2.52   ND3D0BWP30P140
       15     5.67   NR2D0BWP30P140
        1     0.63   OAI211D0BWP30P140
       11    5.544   OAI21D0BWP30P140
        2     1.26   OAI22D0BWP30P140
        4    2.016   OR2D0BWP30P140
        2    1.512   OR4D0BWP30P140
       33   29.106   XNR2UD0BWP30P140
       22   38.808   XNR3UD0BWP30P140
       28   24.696   XOR2UD0BWP30P140
        6   10.584   XOR3UD0BWP30P140
        2    5.292   XOR4D0BWP30P140

   Chip area for module '\ScaleAddition_INT8_to_E2M1_scale_UE6M2': 203.868000
     of which used for sequential elements: 0.000000 (0.00%)

=== CustomOperator_INT8_to_E2M1 ===

        +----------Local Count, excluding submodules.
        |        +-Local Area, excluding submodules.
        |        | 
       47        - wires
       71        - wire bits
        6        - public wires
       30        - public wire bits
        5        - ports
       27        - port bits
       54   32.634 cells
        4    2.016   AN2D0BWP30P140
        1     0.63   AOI22D0BWP30P140
        4    1.008   CKND0BWP30P140
        4    1.512   CKND2D0BWP30P140
        1    0.504   IND2D0BWP30P140
        3    1.512   INR2D0BWP30P140
        2     1.26   IOA21D0BWP30P140
        2    1.512   MAOI222D0BWP30P140
        1    0.756   MOAI22D0BWP30P140
        1     0.63   ND4D0BWP30P140
        6    2.268   NR2D0BWP30P140
        3    1.512   OAI21D0BWP30P140
        2     1.26   OAI22D0BWP30P140
        3     1.89   OAI31D0BWP30P140
        1    0.504   OR2D0BWP30P140
        1     0.63   OR3D0BWP30P140
        8    7.056   XNR2UD0BWP30P140
        7    6.174   XOR2UD0BWP30P140

   Chip area for module '\CustomOperator_INT8_to_E2M1': 32.634000
     of which used for sequential elements: 0.000000 (0.00%)

=== design hierarchy ===

        +----------Count including submodules.
        |        +-Area including submodules.
        |        | 
     5567  3.6E+03 BFP_PE
       54   32.634 CustomOperator_INT8_to_E2M1
      898  554.904 FP32Adder
      282  203.868 ScaleAddition_INT8_to_E2M1_scale_UE6M2
      141   82.908 ScaleToFP32_INT8_x_E2M1_UE6M2

        +----------Count including submodules.
        |        +-Area including submodules.
        |        | 
     5310        - wires
     6976        - wire bits
      140        - public wires
     1806        - public wire bits
       90        - ports
     1045        - port bits
        -        - memories
        -        - memory bits
        -        - processes
     5567  3.6E+03 cells
      112   56.448   AN2D0BWP30P140
       36    22.68   AN3D0BWP30P140
       16   12.096   AN4D0BWP30P140
       12    9.072   AO211D0BWP30P140
       68    42.84   AO21D0BWP30P140
       48   36.288   AO22D0BWP30P140
       48    30.24   AOI211D0BWP30P140
      272  137.088   AOI21D0BWP30P140
       52   39.312   AOI221D0BWP30P140
        8    8.064   AOI222D0BWP30P140
      152    95.76   AOI22D0BWP30P140
       12     7.56   AOI31D0BWP30P140
        4    3.024   AOI32D0BWP30P140
       92   81.144   CKMUX2D0BWP30P140
      344   86.688   CKND0BWP30P140
      592  223.776   CKND2D0BWP30P140
       33   74.844   DFCNQD1BWP30P140
       48    30.24   IAO21D0BWP30P140
      124   62.496   IND2D0BWP30P140
        4     2.52   IND3D0BWP30P140
        8    6.048   IND4D0BWP30P140
      149   75.096   INR2D0BWP30P140
       44    27.72   INR3D0BWP30P140
       16   12.096   INR4D0BWP30P140
       56    35.28   IOA21D0BWP30P140
      268  202.608   MAOI222D0BWP30P140
       60    45.36   MAOI22D0BWP30P140
       20    15.12   MOAI22D0BWP30P140
      536  405.216   MUX2ND0BWP30P140
        4    7.056   MUX3D0BWP30P140
        4    6.552   MUX3ND0BWP30P140
        8   19.152   MUX4D0BWP30P140
       64  145.152   MUX4ND0BWP30P140
       84   42.336   ND3D0BWP30P140
       24    15.12   ND4D0BWP30P140
      569  215.082   NR2D0BWP30P140
      172   86.688   NR3D0BWP30P140
       48    30.24   NR4D0BWP30P140
        8    6.048   OA211D0BWP30P140
       28    17.64   OA21D0BWP30P140
        4    3.528   OA22D0BWP30P140
       56    35.28   OAI211D0BWP30P140
      236  118.944   OAI21D0BWP30P140
        4    3.528   OAI221D0BWP30P140
        8    8.064   OAI222D0BWP30P140
       60     37.8   OAI22D0BWP30P140
       52    32.76   OAI31D0BWP30P140
       16   12.096   OAI32D0BWP30P140
        4    3.528   OAI33D0BWP30P140
       44   22.176   OR2D0BWP30P140
       36    22.68   OR3D0BWP30P140
       24   18.144   OR4D0BWP30P140
      396  349.272   XNR2UD0BWP30P140
       92  162.288   XNR3UD0BWP30P140
      256  225.792   XOR2UD0BWP30P140
       24   42.336   XOR3UD0BWP30P140
        8   21.168   XOR4D0BWP30P140
       16  3.5E+03 submodules
        4  130.536   CustomOperator_INT8_to_E2M1
        4 2.22E+03   FP32Adder
        4  815.472   ScaleAddition_INT8_to_E2M1_scale_UE6M2
        4  331.632   ScaleToFP32_INT8_x_E2M1_UE6M2

   Chip area for top module '\BFP_PE': 3597.174000
     of which used for sequential elements: 74.844000 (2.08%)

