Startpoint: reset (input port clocked by CORE_CLK)
Endpoint: _40_ (recovery check against rising-edge clock CORE_CLK)
Path Group: asynchronous
Path Type: max

    Delay      Time   Description
-------------------------------------------------------------
   0.0000    0.0000   clock CORE_CLK (rise edge)
   0.0000    0.0000   clock network delay (ideal)
   0.0000    0.0000 ^ input external delay
   0.0000    0.0000 ^ reset (in)
   0.0000    0.0000 ^ _40_/CDN (DFCNQD1BWP30P140)
             0.0000   data arrival time

   2.0000    2.0000   clock CORE_CLK (rise edge)
   0.0000    2.0000   clock network delay (ideal)
  -0.0500    1.9500   clock uncertainty
   0.0000    1.9500   clock reconvergence pessimism
             1.9500 ^ _40_/CP (DFCNQD1BWP30P140)
   0.0258    1.9758   library recovery time
             1.9758   data required time
-------------------------------------------------------------
             1.9758   data required time
            -0.0000   data arrival time
-------------------------------------------------------------
             1.9758   slack (MET)


Startpoint: io_op_b_i[14] (input port clocked by CORE_CLK)
Endpoint: _42_ (rising edge-triggered flip-flop clocked by CORE_CLK)
Path Group: CORE_CLK
Path Type: max

    Delay      Time   Description
-------------------------------------------------------------
   0.0000    0.0000   clock CORE_CLK (rise edge)
   0.0000    0.0000   clock network delay (ideal)
   0.0000    0.0000 v input external delay
   0.0000    0.0000 v io_op_b_i[14] (in)
   0.0148    0.0148 ^ op_1/_076_/ZN (NR3D0BWP30P140)
   0.0101    0.0249 v op_1/_142_/ZN (INR2D0BWP30P140)
   0.0379    0.0628 v op_1/_143_/Z (AO21D0BWP30P140)
   0.0223    0.0851 v tree/_07391_/ZN (IND2D0BWP30P140)
   0.0244    0.1096 ^ tree/_07394_/ZN (AOI221D0BWP30P140)
   0.0147    0.1243 v tree/_07397_/ZN (OAI21D0BWP30P140)
   0.0347    0.1590 v tree/_07398_/ZN (MOAI22D0BWP30P140)
   0.0350    0.1940 v tree/_07401_/Z (AO21D0BWP30P140)
   0.0324    0.2264 v tree/_07408_/Z (AO211D0BWP30P140)
   0.0236    0.2500 ^ tree/_07413_/ZN (AOI221D0BWP30P140)
   0.0231    0.2731 ^ tree/_07418_/ZN (IAO21D0BWP30P140)
   0.0292    0.3024 v tree/_07423_/ZN (OAI21D0BWP30P140)
   0.0290    0.3314 v tree/_07435_/Z (OA211D0BWP30P140)
   0.0274    0.3588 ^ tree/_07438_/ZN (OAI33D0BWP30P140)
   0.0184    0.3772 v tree/_07441_/ZN (AOI31D0BWP30P140)
   0.0206    0.3979 ^ tree/_07445_/ZN (OAI21D0BWP30P140)
   0.0282    0.4260 ^ tree/_07451_/Z (AO21D0BWP30P140)
   0.0303    0.4563 v tree/_07454_/ZN (OAI211D0BWP30P140)
   0.0280    0.4843 ^ tree/_07461_/ZN (AOI33D0BWP30P140)
   0.0190    0.5033 v tree/_07462_/ZN (OAI31D0BWP30P140)
   0.0215    0.5248 v tree/_07469_/Z (AO21D0BWP30P140)
   0.0247    0.5495 v tree/_07474_/Z (AO21D0BWP30P140)
   0.0272    0.5767 v tree/_07475_/Z (AN2D0BWP30P140)
   0.0344    0.6111 ^ tree/_07482_/Z (CKMUX2D0BWP30P140)
   0.0312    0.6422 v tree/_07483_/ZN (OAI222D0BWP30P140)
   0.0201    0.6623 ^ tree/_07490_/ZN (AOI21D0BWP30P140)
   0.0555    0.7178 v tree/_07494_/ZN (OAI222D0BWP30P140)
   0.0343    0.7521 v tree/_07502_/Z (AN3D0BWP30P140)
   0.0284    0.7805 ^ tree/_07505_/ZN (OAI33D0BWP30P140)
   0.0197    0.8001 v tree/_07506_/ZN (AOI22D0BWP30P140)
   0.0196    0.8197 ^ tree/_07513_/ZN (OAI21D0BWP30P140)
   0.0362    0.8559 ^ tree/_07519_/Z (AO21D0BWP30P140)
   0.0379    0.8939 ^ tree/_07526_/Z (OA211D0BWP30P140)
   0.0205    0.9143 v tree/_07528_/ZN (OAI33D0BWP30P140)
   0.0220    0.9363 v tree/_07540_/Z (AO21D0BWP30P140)
   0.0159    0.9522 ^ tree/_07547_/ZN (AOI21D0BWP30P140)
   0.0406    0.9929 v tree/_07549_/ZN (OAI21D0BWP30P140)
   0.0358    1.0287 v tree/_07556_/ZN (MUX2ND0BWP30P140)
   0.0310    1.0597 v tree/_07557_/Z (AO22D0BWP30P140)
   0.0166    1.0763 ^ tree/_07558_/ZN (AOI21D0BWP30P140)
   0.0133    1.0895 v tree/_07565_/ZN (OAI21D0BWP30P140)
   0.0537    1.1432 ^ tree/_07567_/ZN (AOI22D0BWP30P140)
   0.0371    1.1803 v tree/_07568_/Z (CKMUX2D0BWP30P140)
   0.0175    1.1978 ^ tree/_07572_/ZN (AOI22D0BWP30P140)
   0.0150    1.2127 v tree/_07576_/ZN (AOI221D0BWP30P140)
   0.0182    1.2309 ^ tree/_07583_/ZN (OAI21D0BWP30P140)
   0.0445    1.2754 v tree/_07585_/ZN (MAOI22D0BWP30P140)
   0.0425    1.3179 ^ tree/_07589_/Z (CKMUX2D0BWP30P140)
   0.0232    1.3412 v tree/_07590_/ZN (OAI211D0BWP30P140)
   0.0200    1.3611 ^ tree/_07596_/ZN (AOI221D0BWP30P140)
   0.0247    1.3859 v tree/_07604_/ZN (OAI21D0BWP30P140)
   0.0457    1.4316 ^ tree/_07606_/ZN (AOI21D0BWP30P140)
   0.0295    1.4611 ^ tree/_07620_/ZN (MUX2ND0BWP30P140)
   0.0252    1.4863 ^ tree/_07621_/ZN (MOAI22D0BWP30P140)
   0.0225    1.5087 ^ tree/_07624_/ZN (IAO21D0BWP30P140)
   0.0239    1.5326 v tree/_07630_/ZN (OAI21D0BWP30P140)
   0.0268    1.5595 ^ tree/_07637_/ZN (AOI21D0BWP30P140)
   0.0247    1.5842 v tree/_07640_/ZN (OAI33D0BWP30P140)
   0.0239    1.6081 ^ tree/_07641_/ZN (AOI31D0BWP30P140)
   0.0202    1.6283 ^ tree/_07648_/ZN (IAO21D0BWP30P140)
   0.0284    1.6567 v tree/_07654_/ZN (OAI21D0BWP30P140)
   0.0309    1.6875 v tree/_07655_/Z (AN2D0BWP30P140)
   0.0315    1.7191 ^ tree/_07661_/Z (CKMUX2D0BWP30P140)
   0.0172    1.7362 v tree/_07666_/ZN (AOI31D0BWP30P140)
   0.0225    1.7587 v tree/_07673_/Z (OA21D0BWP30P140)
   0.0238    1.7825 ^ tree/_07679_/ZN (OAI21D0BWP30P140)
   0.0406    1.8231 ^ tree/_07682_/Z (OA211D0BWP30P140)
   0.0168    1.8399 v tree/_07689_/ZN (OAI33D0BWP30P140)
   0.0238    1.8637 ^ tree/_07690_/ZN (AOI31D0BWP30P140)
   0.0207    1.8844 ^ tree/_07696_/ZN (IAO21D0BWP30P140)
   0.0462    1.9306 v tree/_07701_/ZN (OAI222D0BWP30P140)
   0.0405    1.9711 v tree/_07702_/Z (AN2D0BWP30P140)
   0.0336    2.0047 v tree/_07703_/ZN (MUX2ND0BWP30P140)
   0.0355    2.0402 v tree/_07718_/Z (XOR2UD0BWP30P140)
   0.0303    2.0705 ^ tree/_07725_/ZN (AOI211D0BWP30P140)
   0.0245    2.0949 v tree/_07739_/ZN (OAI21D0BWP30P140)
   0.0758    2.1707 v tree/_07746_/Z (AO21D0BWP30P140)
   0.1617    2.3324 v tree/_07749_/ZN (MUX2ND0BWP30P140)
   0.0974    2.4298 ^ tree/_08414_/ZN (MAOI222D0BWP30P140)
   0.0234    2.4531 v tree/_08425_/ZN (AOI211D0BWP30P140)
   0.0341    2.4872 ^ tree/_08427_/ZN (OAI31D0BWP30P140)
   0.0305    2.5177 v tree/_08430_/ZN (OAI21D0BWP30P140)
   0.0449    2.5626 ^ tree/_08443_/ZN (CKND2D0BWP30P140)
   0.1108    2.6734 v tree/_08450_/ZN (AOI21D0BWP30P140)
   0.0729    2.7464 ^ tree/_08456_/ZN (AOI211D0BWP30P140)
   0.0270    2.7734 ^ tree/_08481_/Z (AO21D0BWP30P140)
   0.0418    2.8152 ^ tree/_08483_/Z (OA211D0BWP30P140)
   0.0162    2.8314 v tree/_08576_/ZN (OAI31D0BWP30P140)
   0.0343    2.8657 v tree/_13705_/ZN (XNR2UD0BWP30P140)
   0.0622    2.9279 v tree/_13709_/Z (XOR3UD0BWP30P140)
   0.0359    2.9638 v tree/_13766_/Z (XOR3UD0BWP30P140)
   0.0653    3.0291 v tree/_13831_/Z (XOR3UD0BWP30P140)
   0.0652    3.0943 v tree/_13889_/Z (XOR3UD0BWP30P140)
   0.0577    3.1520 v tree/_13924_/Z (XOR3UD0BWP30P140)
   0.0183    3.1703 ^ tree/_13925_/ZN (CKND0BWP30P140)
   0.0500    3.2203 v tree/_13946_/ZN (XNR3UD0BWP30P140)
   0.0356    3.2559 ^ tree/_13953_/ZN (MAOI222D0BWP30P140)
   0.0251    3.2810 v tree/_13955_/ZN (OAI21D0BWP30P140)
   0.0359    3.3168 ^ tree/_13957_/ZN (MAOI222D0BWP30P140)
   0.0250    3.3419 v tree/_13959_/ZN (OAI21D0BWP30P140)
   0.0358    3.3777 ^ tree/_13961_/ZN (MAOI222D0BWP30P140)
   0.0243    3.4020 v tree/_13963_/ZN (OAI21D0BWP30P140)
   0.0277    3.4296 ^ tree/_13965_/ZN (AOI21D0BWP30P140)
   0.0192    3.4489 v tree/_13967_/ZN (OAI21D0BWP30P140)
   0.0333    3.4822 ^ tree/_13968_/ZN (MAOI222D0BWP30P140)
   0.0252    3.5073 v tree/_13970_/ZN (OAI21D0BWP30P140)
   0.0359    3.5432 ^ tree/_13972_/ZN (MAOI222D0BWP30P140)
   0.0252    3.5684 v tree/_13974_/ZN (OAI21D0BWP30P140)
   0.0359    3.6043 ^ tree/_13976_/ZN (MAOI222D0BWP30P140)
   0.0256    3.6299 v tree/_13978_/ZN (OAI21D0BWP30P140)
   0.0325    3.6625 ^ tree/_13980_/ZN (MAOI222D0BWP30P140)
   0.0293    3.6917 v tree/_13981_/ZN (MAOI222D0BWP30P140)
   0.0317    3.7234 v tree/_13983_/ZN (IOA21D0BWP30P140)
   0.0332    3.7566 ^ tree/_13985_/ZN (MAOI222D0BWP30P140)
   0.0275    3.7840 v tree/_13987_/ZN (OAI21D0BWP30P140)
   0.0356    3.8197 v tree/_13991_/Z (AO211D0BWP30P140)
   0.0254    3.8451 ^ tree/_13993_/ZN (AOI31D0BWP30P140)
   0.0256    3.8707 v tree/_13996_/ZN (OAI21D0BWP30P140)
   0.0297    3.9004 ^ tree/_14003_/ZN (AOI31D0BWP30P140)
   0.0241    3.9245 v tree/_14005_/ZN (OAI21D0BWP30P140)
   0.0355    3.9600 ^ tree/_14007_/ZN (MAOI222D0BWP30P140)
   0.0250    3.9850 v tree/_14009_/ZN (OAI21D0BWP30P140)
   0.0359    4.0209 ^ tree/_14011_/ZN (MAOI222D0BWP30P140)
   0.0250    4.0459 v tree/_14014_/ZN (OAI21D0BWP30P140)
   0.0359    4.0818 ^ tree/_14016_/ZN (MAOI222D0BWP30P140)
   0.0254    4.1072 v tree/_14019_/ZN (OAI21D0BWP30P140)
   0.0324    4.1396 ^ tree/_14021_/ZN (MAOI222D0BWP30P140)
   0.0265    4.1661 v tree/_14022_/ZN (MAOI222D0BWP30P140)
   0.0400    4.2061 ^ tree/_14023_/ZN (MAOI222D0BWP30P140)
   0.0320    4.2381 v tree/_14027_/ZN (OAI211D0BWP30P140)
   0.0374    4.2756 ^ tree/_14029_/ZN (AOI31D0BWP30P140)
   0.0198    4.2954 v tree/_14031_/ZN (AOI211D0BWP30P140)
   0.0271    4.3225 v tree/_14033_/Z (OA21D0BWP30P140)
   0.0208    4.3433 ^ tree/_14035_/ZN (OAI21D0BWP30P140)
   0.0268    4.3701 ^ tree/_14038_/ZN (IOA21D0BWP30P140)
   0.0200    4.3901 v tree/_14049_/ZN (ND3D0BWP30P140)
   0.0738    4.4639 ^ tree/_14052_/ZN (CKND2D0BWP30P140)
   0.0248    4.4887 v tree/_14124_/ZN (AOI21D0BWP30P140)
   0.0294    4.5181 ^ tree/_14126_/ZN (AOI21D0BWP30P140)
   0.0280    4.5461 ^ tree/_14127_/Z (OA21D0BWP30P140)
   0.0261    4.5721 ^ tree/_14128_/Z (OA21D0BWP30P140)
   0.0257    4.5978 ^ tree/_14129_/Z (OA21D0BWP30P140)
   0.0182    4.6160 v tree/_14130_/ZN (AOI21D0BWP30P140)
   0.0290    4.6450 ^ tree/_14132_/ZN (AOI21D0BWP30P140)
   0.0244    4.6694 ^ tree/_14133_/Z (AN2D0BWP30P140)
   0.0150    4.6844 v tree/_14164_/ZN (AOI21D0BWP30P140)
   0.0309    4.7153 v tree/_14165_/ZN (IAO21D0BWP30P140)
   0.0268    4.7421 v tree/_14168_/ZN (IAO21D0BWP30P140)
   0.0236    4.7656 ^ tree/_14169_/ZN (NR2D0BWP30P140)
   0.0220    4.7876 v tree/_14174_/ZN (AOI31D0BWP30P140)
   0.0288    4.8165 ^ tree/_14175_/ZN (AOI21D0BWP30P140)
   0.0134    4.8299 v tree/_14178_/ZN (AOI21D0BWP30P140)
   0.0325    4.8624 v tree/_14179_/ZN (XNR2UD0BWP30P140)
   0.0132    4.8756 ^ tree/_14180_/ZN (CKND0BWP30P140)
   0.0125    4.8881 v tree/_14181_/ZN (CKND2D0BWP30P140)
   0.3982    5.2863 ^ tree/_14302_/ZN (NR2D0BWP30P140)
   0.1171    5.4034 v tree/_14303_/ZN (CKND0BWP30P140)
   0.0737    5.4771 v tree/_14343_/ZN (MUX4ND0BWP30P140)
   0.0482    5.5253 ^ tree/_14346_/ZN (MUX2ND0BWP30P140)
   0.0240    5.5494 v tree/_14477_/ZN (AOI221D0BWP30P140)
   0.0396    5.5890 ^ tree/_14484_/ZN (AOI31D0BWP30P140)
   0.0458    5.6348 ^ tree/_14487_/ZN (INR4D0BWP30P140)
   0.0459    5.6807 ^ tree/_14490_/ZN (INR4D0BWP30P140)
   0.0244    5.7051 ^ tree/_14491_/Z (AN2D0BWP30P140)
   0.0077    5.7128 v tree/_14493_/ZN (NR2D0BWP30P140)
   0.0391    5.7519 ^ tree/_14494_/ZN (NR2D0BWP30P140)
   0.0250    5.7769 v sa/_0598_/ZN (CKND2D0BWP30P140)
   0.0327    5.8095 ^ sa/_0600_/ZN (NR2D0BWP30P140)
   0.0132    5.8228 v sa/_0601_/ZN (NR2D0BWP30P140)
   0.0288    5.8516 v sa/_0774_/ZN (XNR2UD0BWP30P140)
   0.0300    5.8816 v sa/_0786_/Z (XOR2UD0BWP30P140)
   0.0359    5.9175 v sa/_0810_/ZN (XNR3UD0BWP30P140)
   0.0580    5.9755 v sa/_0837_/ZN (XNR3UD0BWP30P140)
   0.0574    6.0329 v sa/_0857_/ZN (XNR3UD0BWP30P140)
   0.0310    6.0639 ^ sa/_0908_/ZN (MAOI222D0BWP30P140)
   0.0263    6.0902 v sa/_0909_/ZN (MAOI222D0BWP30P140)
   0.0376    6.1278 ^ sa/_0910_/ZN (MAOI222D0BWP30P140)
   0.0299    6.1577 ^ sa/_0913_/Z (OA21D0BWP30P140)
   0.0240    6.1817 v sa/_0970_/ZN (OAI211D0BWP30P140)
   0.0318    6.2135 ^ sa/_0972_/ZN (AOI31D0BWP30P140)
   0.0245    6.2381 v sa/_1040_/ZN (OAI21D0BWP30P140)
   0.0365    6.2746 ^ sa/_1042_/ZN (MAOI222D0BWP30P140)
   0.0302    6.3048 v sa/_1044_/ZN (MAOI222D0BWP30P140)
   0.0405    6.3453 v sa/_1113_/Z (AO211D0BWP30P140)
   0.0163    6.3616 ^ conv/_195_/ZN (NR2D0BWP30P140)
   0.1571    6.5187 v conv/_204_/ZN (AOI21D0BWP30P140)
   0.0826    6.6013 v conv/_219_/ZN (MUX4ND0BWP30P140)
   0.0387    6.6401 ^ conv/_221_/ZN (MUX2ND0BWP30P140)
   0.0276    6.6676 v conv/_277_/ZN (MUX2ND0BWP30P140)
   0.0497    6.7173 ^ conv/_290_/ZN (INR4D0BWP30P140)
   0.0569    6.7742 ^ conv/_292_/ZN (INR4D0BWP30P140)
   0.0261    6.8003 v conv/_294_/ZN (IND3D0BWP30P140)
   0.0523    6.8526 ^ conv/_303_/ZN (INR4D0BWP30P140)
   0.0370    6.8896 v conv/_314_/ZN (OAI211D0BWP30P140)
   0.0659    6.9554 ^ conv/_322_/ZN (OAI21D0BWP30P140)
   0.0242    6.9796 v conv/_335_/ZN (NR2D0BWP30P140)
   0.0274    7.0069 v accAdder/_461_/ZN (XNR2UD0BWP30P140)
   0.0335    7.0404 v accAdder/_462_/Z (AO21D0BWP30P140)
   0.0238    7.0642 ^ accAdder/_465_/ZN (AOI211D0BWP30P140)
   0.0245    7.0887 v accAdder/_467_/ZN (OAI31D0BWP30P140)
   0.0264    7.1151 ^ accAdder/_470_/ZN (OAI211D0BWP30P140)
   0.0335    7.1486 ^ accAdder/_491_/Z (AN3D0BWP30P140)
   0.0447    7.1933 v accAdder/_494_/ZN (OAI211D0BWP30P140)
   0.0876    7.2809 v accAdder/_518_/ZN (MUX2ND0BWP30P140)
   0.0860    7.3669 ^ accAdder/_543_/ZN (AOI31D0BWP30P140)
   0.0611    7.4279 v accAdder/_549_/ZN (ND3D0BWP30P140)
   0.0399    7.4679 v accAdder/_566_/Z (OA21D0BWP30P140)
   0.0311    7.4989 ^ accAdder/_589_/ZN (MUX3ND0BWP30P140)
   0.0331    7.5320 v accAdder/_677_/ZN (AOI221D0BWP30P140)
   0.0251    7.5572 ^ accAdder/_678_/ZN (ND3D0BWP30P140)
   0.0175    7.5746 v accAdder/_680_/ZN (OAI21D0BWP30P140)
   0.0236    7.5983 ^ accAdder/_681_/ZN (AOI21D0BWP30P140)
   0.0255    7.6237 v accAdder/_682_/ZN (MAOI222D0BWP30P140)
   0.0329    7.6566 ^ accAdder/_684_/ZN (MAOI222D0BWP30P140)
   0.0301    7.6867 v accAdder/_686_/ZN (MAOI222D0BWP30P140)
   0.0324    7.7191 ^ accAdder/_687_/ZN (AOI211D0BWP30P140)
   0.0238    7.7429 v accAdder/_688_/ZN (OAI32D0BWP30P140)
   0.0302    7.7731 ^ accAdder/_698_/ZN (AOI211D0BWP30P140)
   0.0230    7.7961 ^ accAdder/_700_/Z (OR2D0BWP30P140)
   0.1489    7.9450 v accAdder/_751_/ZN (AOI31D0BWP30P140)
   0.0882    8.0332 v accAdder/_791_/ZN (MUX4ND0BWP30P140)
   0.0430    8.0762 ^ accAdder/_792_/ZN (NR4D0BWP30P140)
   0.0345    8.1108 v accAdder/_798_/ZN (IND4D0BWP30P140)
   0.0296    8.1403 ^ accAdder/_801_/ZN (NR3D0BWP30P140)
   0.0291    8.1694 v accAdder/_803_/ZN (IND3D0BWP30P140)
   0.0406    8.2101 ^ accAdder/_805_/ZN (MAOI222D0BWP30P140)
   0.0426    8.2527 v accAdder/_810_/ZN (IND4D0BWP30P140)
   0.0444    8.2971 ^ accAdder/_820_/ZN (AOI211D0BWP30P140)
   0.0333    8.3304 ^ accAdder/_821_/Z (AN3D0BWP30P140)
   0.0241    8.3546 ^ accAdder/_828_/ZN (MAOI22D0BWP30P140)
   0.0569    8.4115 v accAdder/_855_/ZN (OAI31D0BWP30P140)
   0.0427    8.4542 ^ accAdder/_877_/ZN (INR4D0BWP30P140)
   0.0262    8.4804 ^ _32_/Z (AO22D0BWP30P140)
   0.0000    8.4804 ^ _42_/D (DFCNQD1BWP30P140)
             8.4804   data arrival time

   2.0000    2.0000   clock CORE_CLK (rise edge)
   0.0000    2.0000   clock network delay (ideal)
  -0.0500    1.9500   clock uncertainty
   0.0000    1.9500   clock reconvergence pessimism
             1.9500 ^ _42_/CP (DFCNQD1BWP30P140)
  -0.0170    1.9330   library setup time
             1.9330   data required time
-------------------------------------------------------------
             1.9330   data required time
            -8.4804   data arrival time
-------------------------------------------------------------
            -6.5474   slack (VIOLATED)


