Startpoint: reset (input port clocked by CORE_CLK)
Endpoint: _068_ (recovery check against rising-edge clock CORE_CLK)
Path Group: asynchronous
Path Type: max

    Delay      Time   Description
-------------------------------------------------------------
   0.0000    0.0000   clock CORE_CLK (rise edge)
   0.0000    0.0000   clock network delay (ideal)
   0.0000    0.0000 ^ input external delay
   0.0000    0.0000 ^ reset (in)
   0.0000    0.0000 ^ _068_/CDN (DFCNQD1BWP30P140)
             0.0000   data arrival time

  20.0000   20.0000   clock CORE_CLK (rise edge)
   0.0000   20.0000   clock network delay (ideal)
  -0.0500   19.9500   clock uncertainty
   0.0000   19.9500   clock reconvergence pessimism
            19.9500 ^ _068_/CP (DFCNQD1BWP30P140)
   0.0258   19.9758   library recovery time
            19.9758   data required time
-------------------------------------------------------------
            19.9758   data required time
            -0.0000   data arrival time
-------------------------------------------------------------
            19.9758   slack (MET)


Startpoint: io_op_a_i[6] (input port clocked by CORE_CLK)
Endpoint: _070_ (rising edge-triggered flip-flop clocked by CORE_CLK)
Path Group: CORE_CLK
Path Type: max

    Delay      Time   Description
-------------------------------------------------------------
   0.0000    0.0000   clock CORE_CLK (rise edge)
   0.0000    0.0000   clock network delay (ideal)
   0.0000    0.0000 ^ input external delay
   0.0000    0.0000 ^ io_op_a_i[6] (in)
   0.0141    0.0141 v reducedSum_op/_081_/ZN (NR4D0BWP30P140)
   0.0259    0.0400 ^ reducedSum_op/_137_/ZN (NR4D0BWP30P140)
   0.0117    0.0517 v reducedSum_op/_138_/ZN (CKND0BWP30P140)
   0.0254    0.0771 ^ reducedSum_op/_139_/ZN (MAOI222D0BWP30P140)
   0.0262    0.1032 ^ reducedSum_op/_141_/Z (AN2D0BWP30P140)
   0.0108    0.1141 v reducedSum_op/_155_/ZN (NR2D0BWP30P140)
   0.0609    0.1750 v reducedSum_sa/_123_/Z (XOR3UD0BWP30P140)
   0.0611    0.2360 v reducedSum_sa/_137_/Z (XOR3UD0BWP30P140)
   0.0211    0.2572 ^ reducedSum_sa/_138_/ZN (NR2D0BWP30P140)
   0.0197    0.2768 v reducedSum_sa/_140_/ZN (OAI21D0BWP30P140)
   0.0253    0.3021 ^ reducedSum_sa/_142_/ZN (AOI21D0BWP30P140)
   0.0216    0.3237 v reducedSum_sa/_144_/ZN (OAI21D0BWP30P140)
   0.0207    0.3444 v reducedSum_sa/_165_/Z (AN3D0BWP30P140)
   0.0179    0.3623 ^ reducedSum_sa/_166_/ZN (NR2D0BWP30P140)
   0.0324    0.3947 ^ reducedSum_reduced_nextLevel_adder/_430_/ZN (XNR2UD0BWP30P140)
   0.0295    0.4242 v reducedSum_reduced_nextLevel_adder/_432_/ZN (OAI211D0BWP30P140)
   0.0348    0.4590 ^ reducedSum_reduced_nextLevel_adder/_434_/ZN (AOI31D0BWP30P140)
   0.0312    0.4902 ^ reducedSum_reduced_nextLevel_adder/_435_/Z (AO21D0BWP30P140)
   0.0177    0.5078 ^ reducedSum_reduced_nextLevel_adder/_447_/ZN (XNR2UD0BWP30P140)
   0.0392    0.5470 v reducedSum_reduced_nextLevel_adder/_456_/ZN (AOI32D0BWP30P140)
   0.2213    0.7683 ^ reducedSum_reduced_nextLevel_adder/_497_/ZN (AOI21D0BWP30P140)
   0.0392    0.8075 ^ reducedSum_reduced_nextLevel_adder/_501_/ZN (MUX2ND0BWP30P140)
   0.0426    0.8502 v reducedSum_reduced_nextLevel_adder/_540_/ZN (MUX4ND0BWP30P140)
   0.0427    0.8928 ^ reducedSum_reduced_nextLevel_adder/_544_/ZN (AOI211D0BWP30P140)
   0.0435    0.9363 v reducedSum_reduced_nextLevel_adder/_547_/ZN (OAI222D0BWP30P140)
   0.0330    0.9694 ^ reducedSum_reduced_nextLevel_adder/_614_/ZN (OAI31D0BWP30P140)
   0.0163    0.9856 v reducedSum_reduced_nextLevel_adder/_615_/ZN (AOI21D0BWP30P140)
   0.0184    1.0041 ^ reducedSum_reduced_nextLevel_adder/_617_/ZN (OAI21D0BWP30P140)
   0.0232    1.0272 ^ reducedSum_reduced_nextLevel_adder/_619_/Z (AO21D0BWP30P140)
   0.0225    1.0497 ^ reducedSum_reduced_nextLevel_adder/_621_/Z (AO21D0BWP30P140)
   0.0159    1.0656 v reducedSum_reduced_nextLevel_adder/_624_/ZN (AOI211D0BWP30P140)
   0.0260    1.0916 ^ reducedSum_reduced_nextLevel_adder/_625_/ZN (OAI32D0BWP30P140)
   0.0175    1.1091 v reducedSum_reduced_nextLevel_adder/_630_/ZN (AOI211D0BWP30P140)
   0.1202    1.2293 ^ reducedSum_reduced_nextLevel_adder/_631_/ZN (AOI211D0BWP30P140)
   0.0286    1.2579 ^ reducedSum_reduced_nextLevel_adder/_661_/ZN (MUX2ND0BWP30P140)
   0.0473    1.3052 v reducedSum_reduced_nextLevel_adder/_662_/ZN (ND4D0BWP30P140)
   0.0250    1.3301 ^ reducedSum_reduced_nextLevel_adder/_673_/ZN (NR3D0BWP30P140)
   0.0312    1.3613 v reducedSum_reduced_nextLevel_adder/_687_/ZN (ND3D0BWP30P140)
   0.0525    1.4139 v reducedSum_reduced_nextLevel_adder/_743_/ZN (IND4D0BWP30P140)
   0.0210    1.4349 ^ reducedSum_reduced_nextLevel_adder/_767_/ZN (CKND2D0BWP30P140)
   0.0302    1.4651 ^ reducedSum_reduced_nextLevel_adder/_768_/ZN (XNR2UD0BWP30P140)
   0.0299    1.4950 v reducedSum_reduced_nextLevel_adder_16/_396_/ZN (XNR2UD0BWP30P140)
   0.0332    1.5282 ^ reducedSum_reduced_nextLevel_adder_16/_397_/ZN (AOI21D0BWP30P140)
   0.0356    1.5637 ^ reducedSum_reduced_nextLevel_adder_16/_402_/Z (OA211D0BWP30P140)
   0.0214    1.5851 v reducedSum_reduced_nextLevel_adder_16/_405_/ZN (OAI31D0BWP30P140)
   0.0266    1.6117 ^ reducedSum_reduced_nextLevel_adder_16/_432_/ZN (OAI211D0BWP30P140)
   0.0309    1.6426 v reducedSum_reduced_nextLevel_adder_16/_434_/ZN (AOI31D0BWP30P140)
   0.0416    1.6842 ^ reducedSum_reduced_nextLevel_adder_16/_436_/ZN (AOI211D0BWP30P140)
   0.0242    1.7084 ^ reducedSum_reduced_nextLevel_adder_16/_441_/Z (OR3D0BWP30P140)
   0.0306    1.7390 v reducedSum_reduced_nextLevel_adder_16/_456_/ZN (AOI32D0BWP30P140)
   0.2213    1.9602 ^ reducedSum_reduced_nextLevel_adder_16/_497_/ZN (AOI21D0BWP30P140)
   0.0392    1.9995 ^ reducedSum_reduced_nextLevel_adder_16/_501_/ZN (MUX2ND0BWP30P140)
   0.0426    2.0421 v reducedSum_reduced_nextLevel_adder_16/_540_/ZN (MUX4ND0BWP30P140)
   0.0356    2.0777 ^ reducedSum_reduced_nextLevel_adder_16/_587_/ZN (AOI22D0BWP30P140)
   0.0424    2.1201 v reducedSum_reduced_nextLevel_adder_16/_588_/ZN (OAI32D0BWP30P140)
   0.0384    2.1585 ^ reducedSum_reduced_nextLevel_adder_16/_591_/ZN (MAOI222D0BWP30P140)
   0.0254    2.1839 v reducedSum_reduced_nextLevel_adder_16/_592_/ZN (MAOI222D0BWP30P140)
   0.0286    2.2125 ^ reducedSum_reduced_nextLevel_adder_16/_593_/ZN (OAI21D0BWP30P140)
   0.0259    2.2384 v reducedSum_reduced_nextLevel_adder_16/_594_/ZN (MAOI222D0BWP30P140)
   0.0257    2.2641 ^ reducedSum_reduced_nextLevel_adder_16/_595_/ZN (OAI211D0BWP30P140)
   0.0212    2.2852 v reducedSum_reduced_nextLevel_adder_16/_598_/ZN (AOI31D0BWP30P140)
   0.0226    2.3078 ^ reducedSum_reduced_nextLevel_adder_16/_601_/ZN (OAI21D0BWP30P140)
   0.0139    2.3217 v reducedSum_reduced_nextLevel_adder_16/_602_/ZN (NR2D0BWP30P140)
   0.1272    2.4489 ^ reducedSum_reduced_nextLevel_adder_16/_631_/ZN (AOI211D0BWP30P140)
   0.0286    2.4775 ^ reducedSum_reduced_nextLevel_adder_16/_661_/ZN (MUX2ND0BWP30P140)
   0.0473    2.5248 v reducedSum_reduced_nextLevel_adder_16/_662_/ZN (ND4D0BWP30P140)
   0.0250    2.5497 ^ reducedSum_reduced_nextLevel_adder_16/_673_/ZN (NR3D0BWP30P140)
   0.0312    2.5809 v reducedSum_reduced_nextLevel_adder_16/_687_/ZN (ND3D0BWP30P140)
   0.0525    2.6335 v reducedSum_reduced_nextLevel_adder_16/_743_/ZN (IND4D0BWP30P140)
   0.0210    2.6545 ^ reducedSum_reduced_nextLevel_adder_16/_767_/ZN (CKND2D0BWP30P140)
   0.0302    2.6847 ^ reducedSum_reduced_nextLevel_adder_16/_768_/ZN (XNR2UD0BWP30P140)
   0.0299    2.7146 v reducedSum_reduced_nextLevel_adder_24/_396_/ZN (XNR2UD0BWP30P140)
   0.0332    2.7478 ^ reducedSum_reduced_nextLevel_adder_24/_397_/ZN (AOI21D0BWP30P140)
   0.0356    2.7833 ^ reducedSum_reduced_nextLevel_adder_24/_402_/Z (OA211D0BWP30P140)
   0.0214    2.8047 v reducedSum_reduced_nextLevel_adder_24/_405_/ZN (OAI31D0BWP30P140)
   0.0266    2.8313 ^ reducedSum_reduced_nextLevel_adder_24/_432_/ZN (OAI211D0BWP30P140)
   0.0309    2.8622 v reducedSum_reduced_nextLevel_adder_24/_434_/ZN (AOI31D0BWP30P140)
   0.0416    2.9038 ^ reducedSum_reduced_nextLevel_adder_24/_436_/ZN (AOI211D0BWP30P140)
   0.0242    2.9280 ^ reducedSum_reduced_nextLevel_adder_24/_441_/Z (OR3D0BWP30P140)
   0.0306    2.9586 v reducedSum_reduced_nextLevel_adder_24/_456_/ZN (AOI32D0BWP30P140)
   0.2213    3.1798 ^ reducedSum_reduced_nextLevel_adder_24/_497_/ZN (AOI21D0BWP30P140)
   0.0392    3.2191 ^ reducedSum_reduced_nextLevel_adder_24/_501_/ZN (MUX2ND0BWP30P140)
   0.0426    3.2617 v reducedSum_reduced_nextLevel_adder_24/_540_/ZN (MUX4ND0BWP30P140)
   0.0356    3.2973 ^ reducedSum_reduced_nextLevel_adder_24/_587_/ZN (AOI22D0BWP30P140)
   0.0424    3.3397 v reducedSum_reduced_nextLevel_adder_24/_588_/ZN (OAI32D0BWP30P140)
   0.0384    3.3781 ^ reducedSum_reduced_nextLevel_adder_24/_591_/ZN (MAOI222D0BWP30P140)
   0.0254    3.4035 v reducedSum_reduced_nextLevel_adder_24/_592_/ZN (MAOI222D0BWP30P140)
   0.0286    3.4321 ^ reducedSum_reduced_nextLevel_adder_24/_593_/ZN (OAI21D0BWP30P140)
   0.0259    3.4580 v reducedSum_reduced_nextLevel_adder_24/_594_/ZN (MAOI222D0BWP30P140)
   0.0257    3.4837 ^ reducedSum_reduced_nextLevel_adder_24/_595_/ZN (OAI211D0BWP30P140)
   0.0212    3.5048 v reducedSum_reduced_nextLevel_adder_24/_598_/ZN (AOI31D0BWP30P140)
   0.0226    3.5274 ^ reducedSum_reduced_nextLevel_adder_24/_601_/ZN (OAI21D0BWP30P140)
   0.0139    3.5413 v reducedSum_reduced_nextLevel_adder_24/_602_/ZN (NR2D0BWP30P140)
   0.1272    3.6685 ^ reducedSum_reduced_nextLevel_adder_24/_631_/ZN (AOI211D0BWP30P140)
   0.0286    3.6971 ^ reducedSum_reduced_nextLevel_adder_24/_661_/ZN (MUX2ND0BWP30P140)
   0.0473    3.7444 v reducedSum_reduced_nextLevel_adder_24/_662_/ZN (ND4D0BWP30P140)
   0.0250    3.7693 ^ reducedSum_reduced_nextLevel_adder_24/_673_/ZN (NR3D0BWP30P140)
   0.0312    3.8005 v reducedSum_reduced_nextLevel_adder_24/_687_/ZN (ND3D0BWP30P140)
   0.0525    3.8531 v reducedSum_reduced_nextLevel_adder_24/_743_/ZN (IND4D0BWP30P140)
   0.0210    3.8741 ^ reducedSum_reduced_nextLevel_adder_24/_767_/ZN (CKND2D0BWP30P140)
   0.0302    3.9043 ^ reducedSum_reduced_nextLevel_adder_24/_768_/ZN (XNR2UD0BWP30P140)
   0.0299    3.9342 v reducedSum_reduced_nextLevel_adder_28/_396_/ZN (XNR2UD0BWP30P140)
   0.0332    3.9674 ^ reducedSum_reduced_nextLevel_adder_28/_397_/ZN (AOI21D0BWP30P140)
   0.0356    4.0029 ^ reducedSum_reduced_nextLevel_adder_28/_402_/Z (OA211D0BWP30P140)
   0.0214    4.0243 v reducedSum_reduced_nextLevel_adder_28/_405_/ZN (OAI31D0BWP30P140)
   0.0266    4.0509 ^ reducedSum_reduced_nextLevel_adder_28/_432_/ZN (OAI211D0BWP30P140)
   0.0309    4.0818 v reducedSum_reduced_nextLevel_adder_28/_434_/ZN (AOI31D0BWP30P140)
   0.0416    4.1234 ^ reducedSum_reduced_nextLevel_adder_28/_436_/ZN (AOI211D0BWP30P140)
   0.0242    4.1476 ^ reducedSum_reduced_nextLevel_adder_28/_441_/Z (OR3D0BWP30P140)
   0.0306    4.1782 v reducedSum_reduced_nextLevel_adder_28/_456_/ZN (AOI32D0BWP30P140)
   0.2213    4.3994 ^ reducedSum_reduced_nextLevel_adder_28/_497_/ZN (AOI21D0BWP30P140)
   0.0392    4.4387 ^ reducedSum_reduced_nextLevel_adder_28/_501_/ZN (MUX2ND0BWP30P140)
   0.0426    4.4813 v reducedSum_reduced_nextLevel_adder_28/_540_/ZN (MUX4ND0BWP30P140)
   0.0356    4.5169 ^ reducedSum_reduced_nextLevel_adder_28/_587_/ZN (AOI22D0BWP30P140)
   0.0424    4.5593 v reducedSum_reduced_nextLevel_adder_28/_588_/ZN (OAI32D0BWP30P140)
   0.0384    4.5977 ^ reducedSum_reduced_nextLevel_adder_28/_591_/ZN (MAOI222D0BWP30P140)
   0.0254    4.6231 v reducedSum_reduced_nextLevel_adder_28/_592_/ZN (MAOI222D0BWP30P140)
   0.0286    4.6517 ^ reducedSum_reduced_nextLevel_adder_28/_593_/ZN (OAI21D0BWP30P140)
   0.0259    4.6776 v reducedSum_reduced_nextLevel_adder_28/_594_/ZN (MAOI222D0BWP30P140)
   0.0257    4.7032 ^ reducedSum_reduced_nextLevel_adder_28/_595_/ZN (OAI211D0BWP30P140)
   0.0212    4.7244 v reducedSum_reduced_nextLevel_adder_28/_598_/ZN (AOI31D0BWP30P140)
   0.0226    4.7470 ^ reducedSum_reduced_nextLevel_adder_28/_601_/ZN (OAI21D0BWP30P140)
   0.0139    4.7609 v reducedSum_reduced_nextLevel_adder_28/_602_/ZN (NR2D0BWP30P140)
   0.1272    4.8881 ^ reducedSum_reduced_nextLevel_adder_28/_631_/ZN (AOI211D0BWP30P140)
   0.0286    4.9167 ^ reducedSum_reduced_nextLevel_adder_28/_661_/ZN (MUX2ND0BWP30P140)
   0.0473    4.9640 v reducedSum_reduced_nextLevel_adder_28/_662_/ZN (ND4D0BWP30P140)
   0.0250    4.9889 ^ reducedSum_reduced_nextLevel_adder_28/_673_/ZN (NR3D0BWP30P140)
   0.0312    5.0201 v reducedSum_reduced_nextLevel_adder_28/_687_/ZN (ND3D0BWP30P140)
   0.0525    5.0727 v reducedSum_reduced_nextLevel_adder_28/_743_/ZN (IND4D0BWP30P140)
   0.0210    5.0937 ^ reducedSum_reduced_nextLevel_adder_28/_767_/ZN (CKND2D0BWP30P140)
   0.0302    5.1239 ^ reducedSum_reduced_nextLevel_adder_28/_768_/ZN (XNR2UD0BWP30P140)
   0.0299    5.1538 v reducedSum_reduced_nextLevel_adder_30/_396_/ZN (XNR2UD0BWP30P140)
   0.0332    5.1869 ^ reducedSum_reduced_nextLevel_adder_30/_397_/ZN (AOI21D0BWP30P140)
   0.0356    5.2225 ^ reducedSum_reduced_nextLevel_adder_30/_402_/Z (OA211D0BWP30P140)
   0.0214    5.2439 v reducedSum_reduced_nextLevel_adder_30/_405_/ZN (OAI31D0BWP30P140)
   0.0266    5.2705 ^ reducedSum_reduced_nextLevel_adder_30/_432_/ZN (OAI211D0BWP30P140)
   0.0309    5.3014 v reducedSum_reduced_nextLevel_adder_30/_434_/ZN (AOI31D0BWP30P140)
   0.0416    5.3430 ^ reducedSum_reduced_nextLevel_adder_30/_436_/ZN (AOI211D0BWP30P140)
   0.0242    5.3672 ^ reducedSum_reduced_nextLevel_adder_30/_441_/Z (OR3D0BWP30P140)
   0.0306    5.3978 v reducedSum_reduced_nextLevel_adder_30/_456_/ZN (AOI32D0BWP30P140)
   0.2213    5.6190 ^ reducedSum_reduced_nextLevel_adder_30/_497_/ZN (AOI21D0BWP30P140)
   0.0392    5.6583 ^ reducedSum_reduced_nextLevel_adder_30/_501_/ZN (MUX2ND0BWP30P140)
   0.0426    5.7009 v reducedSum_reduced_nextLevel_adder_30/_540_/ZN (MUX4ND0BWP30P140)
   0.0356    5.7365 ^ reducedSum_reduced_nextLevel_adder_30/_587_/ZN (AOI22D0BWP30P140)
   0.0424    5.7789 v reducedSum_reduced_nextLevel_adder_30/_588_/ZN (OAI32D0BWP30P140)
   0.0384    5.8173 ^ reducedSum_reduced_nextLevel_adder_30/_591_/ZN (MAOI222D0BWP30P140)
   0.0254    5.8427 v reducedSum_reduced_nextLevel_adder_30/_592_/ZN (MAOI222D0BWP30P140)
   0.0286    5.8713 ^ reducedSum_reduced_nextLevel_adder_30/_593_/ZN (OAI21D0BWP30P140)
   0.0259    5.8971 v reducedSum_reduced_nextLevel_adder_30/_594_/ZN (MAOI222D0BWP30P140)
   0.0257    5.9228 ^ reducedSum_reduced_nextLevel_adder_30/_595_/ZN (OAI211D0BWP30P140)
   0.0212    5.9440 v reducedSum_reduced_nextLevel_adder_30/_598_/ZN (AOI31D0BWP30P140)
   0.0226    5.9666 ^ reducedSum_reduced_nextLevel_adder_30/_601_/ZN (OAI21D0BWP30P140)
   0.0139    5.9805 v reducedSum_reduced_nextLevel_adder_30/_602_/ZN (NR2D0BWP30P140)
   0.1272    6.1077 ^ reducedSum_reduced_nextLevel_adder_30/_631_/ZN (AOI211D0BWP30P140)
   0.0286    6.1363 ^ reducedSum_reduced_nextLevel_adder_30/_661_/ZN (MUX2ND0BWP30P140)
   0.0473    6.1836 v reducedSum_reduced_nextLevel_adder_30/_662_/ZN (ND4D0BWP30P140)
   0.0250    6.2085 ^ reducedSum_reduced_nextLevel_adder_30/_673_/ZN (NR3D0BWP30P140)
   0.0312    6.2397 v reducedSum_reduced_nextLevel_adder_30/_687_/ZN (ND3D0BWP30P140)
   0.0525    6.2923 v reducedSum_reduced_nextLevel_adder_30/_743_/ZN (IND4D0BWP30P140)
   0.0210    6.3133 ^ reducedSum_reduced_nextLevel_adder_30/_767_/ZN (CKND2D0BWP30P140)
   0.0203    6.3336 v reducedSum_reduced_nextLevel_adder_30/_768_/ZN (XNR2UD0BWP30P140)
   0.0130    6.3466 ^ reducedSum_conv/_105_/ZN (CKND0BWP30P140)
   0.0426    6.3892 ^ reducedSum_conv/_126_/Z (OA211D0BWP30P140)
   0.0205    6.4096 ^ reducedSum_conv/_138_/ZN (XNR2UD0BWP30P140)
   0.0403    6.4499 v reducedSum_conv/_139_/ZN (OAI221D0BWP30P140)
   0.0371    6.4870 ^ reducedSum_conv/_140_/ZN (AOI21D0BWP30P140)
   0.0280    6.5150 v reducedSum_conv/_145_/ZN (OAI211D0BWP30P140)
   0.0404    6.5554 ^ reducedSum_conv/_148_/ZN (OAI31D0BWP30P140)
   0.0252    6.5805 v reducedSum_conv/_150_/ZN (AOI31D0BWP30P140)
   0.0184    6.5989 ^ reducedSum_conv/_153_/ZN (NR3D0BWP30P140)
   0.0632    6.6621 v reducedSum_conv/_171_/ZN (OAI31D0BWP30P140)
   0.0579    6.7200 ^ reducedSum_conv/_188_/ZN (AOI21D0BWP30P140)
   0.0258    6.7458 v accAdder/_0897_/ZN (XNR2UD0BWP30P140)
   0.0314    6.7771 ^ accAdder/_0899_/ZN (AOI21D0BWP30P140)
   0.0301    6.8073 v accAdder/_0901_/ZN (MAOI222D0BWP30P140)
   0.0367    6.8439 ^ accAdder/_0902_/ZN (MAOI222D0BWP30P140)
   0.0303    6.8742 v accAdder/_0903_/ZN (MAOI222D0BWP30P140)
   0.0367    6.9109 ^ accAdder/_0966_/ZN (MAOI222D0BWP30P140)
   0.0303    6.9412 v accAdder/_0968_/ZN (MAOI222D0BWP30P140)
   0.0266    6.9677 v accAdder/_0970_/ZN (XNR2UD0BWP30P140)
   0.0212    6.9889 ^ accAdder/_0971_/ZN (NR2D0BWP30P140)
   0.0257    7.0147 ^ accAdder/_0972_/Z (AN2D0BWP30P140)
   0.4170    7.4316 v accAdder/_0975_/ZN (AOI31D0BWP30P140)
   0.4192    7.8509 ^ accAdder/_0991_/ZN (AOI22D0BWP30P140)
   0.0318    7.8827 v accAdder/_1063_/ZN (CKND2D0BWP30P140)
   0.0370    7.9197 ^ accAdder/_1188_/ZN (OAI32D0BWP30P140)
   0.0151    7.9348 v accAdder/_1189_/ZN (AOI21D0BWP30P140)
   0.0396    7.9744 ^ accAdder/_1191_/ZN (OAI221D0BWP30P140)
   0.0211    7.9955 v accAdder/_1196_/ZN (OAI31D0BWP30P140)
   0.0222    8.0177 ^ accAdder/_1198_/ZN (AOI21D0BWP30P140)
   0.0256    8.0433 v accAdder/_1200_/ZN (MAOI222D0BWP30P140)
   0.0396    8.0829 ^ accAdder/_1202_/ZN (MAOI222D0BWP30P140)
   0.0257    8.1086 v accAdder/_1204_/ZN (MAOI222D0BWP30P140)
   0.0277    8.1363 ^ accAdder/_1206_/ZN (AOI21D0BWP30P140)
   0.0253    8.1616 ^ accAdder/_1209_/ZN (IAO21D0BWP30P140)
   0.0247    8.1863 v accAdder/_1211_/ZN (MAOI222D0BWP30P140)
   0.0395    8.2258 ^ accAdder/_1213_/ZN (MAOI222D0BWP30P140)
   0.0265    8.2523 v accAdder/_1221_/ZN (MAOI222D0BWP30P140)
   0.0354    8.2877 v accAdder/_1232_/Z (AO21D0BWP30P140)
   0.0261    8.3137 ^ accAdder/_1242_/ZN (MAOI222D0BWP30P140)
   0.0265    8.3403 v accAdder/_1255_/ZN (MAOI222D0BWP30P140)
   0.0315    8.3718 v accAdder/_1259_/Z (AO21D0BWP30P140)
   0.0182    8.3900 ^ accAdder/_1276_/ZN (AOI21D0BWP30P140)
   0.0258    8.4158 v accAdder/_1280_/ZN (MAOI222D0BWP30P140)
   0.0391    8.4549 ^ accAdder/_1296_/ZN (MAOI222D0BWP30P140)
   0.0262    8.4811 v accAdder/_1300_/ZN (MAOI222D0BWP30P140)
   0.0304    8.5115 ^ accAdder/_1318_/ZN (AOI21D0BWP30P140)
   0.0249    8.5364 v accAdder/_1322_/ZN (MAOI222D0BWP30P140)
   0.0364    8.5728 v accAdder/_1345_/Z (AO21D0BWP30P140)
   0.0156    8.5884 ^ accAdder/_1353_/ZN (MUX2ND0BWP30P140)
   0.0347    8.6232 ^ accAdder/_1354_/ZN (XNR2UD0BWP30P140)
   0.0288    8.6520 ^ accAdder/_1453_/ZN (MAOI22D0BWP30P140)
   0.1281    8.7800 v accAdder/_1456_/ZN (OAI211D0BWP30P140)
   0.0886    8.8686 ^ accAdder/_1531_/Z (MUX4D0BWP30P140)
   0.0194    8.8881 v accAdder/_1534_/ZN (MUX3ND0BWP30P140)
   0.0405    8.9286 ^ accAdder/_1568_/ZN (NR2D0BWP30P140)
   0.0507    8.9793 ^ accAdder/_1577_/ZN (INR4D0BWP30P140)
   0.0510    9.0303 ^ accAdder/_1582_/Z (AN4D0BWP30P140)
   0.0395    9.0698 ^ accAdder/_1590_/Z (AN4D0BWP30P140)
   0.0406    9.1104 ^ accAdder/_1601_/Z (AN4D0BWP30P140)
   0.0349    9.1452 ^ accAdder/_1603_/Z (AN3D0BWP30P140)
   0.0271    9.1724 v accAdder/_1605_/ZN (IND3D0BWP30P140)
   0.0379    9.2103 v accAdder/_1606_/Z (OR3D0BWP30P140)
   0.0368    9.2471 ^ accAdder/_1608_/ZN (INR3D0BWP30P140)
   0.0364    9.2836 v accAdder/_1611_/ZN (MAOI222D0BWP30P140)
   0.0357    9.3192 ^ accAdder/_1616_/ZN (NR4D0BWP30P140)
   0.0219    9.3411 v accAdder/_1619_/ZN (OAI31D0BWP30P140)
   0.0327    9.3738 v accAdder/_1621_/Z (AO21D0BWP30P140)
   0.0312    9.4050 ^ accAdder/_1623_/ZN (AOI21D0BWP30P140)
   0.0237    9.4287 v accAdder/_1626_/ZN (OAI21D0BWP30P140)
   0.0215    9.4502 v accAdder/_1658_/Z (AN3D0BWP30P140)
   0.0613    9.5114 v accAdder/_1659_/Z (OR3D0BWP30P140)
   0.0420    9.5534 ^ accAdder/_1703_/ZN (AOI211D0BWP30P140)
   0.0261    9.5795 ^ _060_/Z (AO22D0BWP30P140)
   0.0000    9.5795 ^ _070_/D (DFCNQD1BWP30P140)
             9.5795   data arrival time

  20.0000   20.0000   clock CORE_CLK (rise edge)
   0.0000   20.0000   clock network delay (ideal)
  -0.0500   19.9500   clock uncertainty
   0.0000   19.9500   clock reconvergence pessimism
            19.9500 ^ _070_/CP (DFCNQD1BWP30P140)
  -0.0174   19.9326   library setup time
            19.9326   data required time
-------------------------------------------------------------
            19.9326   data required time
            -9.5795   data arrival time
-------------------------------------------------------------
            10.3531   slack (MET)


