Startpoint: reset (input port clocked by CORE_CLK)
Endpoint: _068_ (recovery check against rising-edge clock CORE_CLK)
Path Group: asynchronous
Path Type: max

    Delay      Time   Description
-------------------------------------------------------------
   0.0000    0.0000   clock CORE_CLK (rise edge)
   0.0000    0.0000   clock network delay (ideal)
   0.0000    0.0000 ^ input external delay
   0.0000    0.0000 ^ reset (in)
   0.0000    0.0000 ^ _068_/CDN (DFCNQD1BWP30P140)
             0.0000   data arrival time

  20.0000   20.0000   clock CORE_CLK (rise edge)
   0.0000   20.0000   clock network delay (ideal)
  -0.0500   19.9500   clock uncertainty
   0.0000   19.9500   clock reconvergence pessimism
            19.9500 ^ _068_/CP (DFCNQD1BWP30P140)
   0.0258   19.9758   library recovery time
            19.9758   data required time
-------------------------------------------------------------
            19.9758   data required time
            -0.0000   data arrival time
-------------------------------------------------------------
            19.9758   slack (MET)


Startpoint: io_op_b_i[2] (input port clocked by CORE_CLK)
Endpoint: _070_ (rising edge-triggered flip-flop clocked by CORE_CLK)
Path Group: CORE_CLK
Path Type: max

    Delay      Time   Description
-------------------------------------------------------------
   0.0000    0.0000   clock CORE_CLK (rise edge)
   0.0000    0.0000   clock network delay (ideal)
   0.0000    0.0000 ^ input external delay
   0.0000    0.0000 ^ io_op_b_i[2] (in)
   0.0173    0.0173 v reducedSum_op/_087_/ZN (AOI21D0BWP30P140)
   0.0264    0.0437 ^ reducedSum_op/_091_/ZN (AOI21D0BWP30P140)
   0.0286    0.0723 v reducedSum_op/_092_/ZN (MAOI222D0BWP30P140)
   0.0377    0.1100 ^ reducedSum_op/_094_/ZN (MAOI222D0BWP30P140)
   0.0235    0.1336 v reducedSum_op/_096_/ZN (MAOI222D0BWP30P140)
   0.0464    0.1800 ^ reducedSum_op/_097_/ZN (NR2D0BWP30P140)
   0.0190    0.1990 v reducedSum_sa/_087_/ZN (CKND0BWP30P140)
   0.0591    0.2581 v reducedSum_sa/_119_/ZN (XNR3UD0BWP30P140)
   0.0296    0.2877 v reducedSum_sa/_141_/ZN (XNR2UD0BWP30P140)
   0.0289    0.3166 ^ reducedSum_sa/_142_/ZN (AOI21D0BWP30P140)
   0.0216    0.3382 v reducedSum_sa/_144_/ZN (OAI21D0BWP30P140)
   0.0255    0.3637 ^ reducedSum_sa/_146_/ZN (AOI21D0BWP30P140)
   0.0216    0.3853 v reducedSum_sa/_159_/ZN (OAI21D0BWP30P140)
   0.0218    0.4070 ^ reducedSum_sa/_172_/ZN (AOI21D0BWP30P140)
   0.0322    0.4392 v reducedSum_sa/_176_/ZN (OAI22D0BWP30P140)
   0.0244    0.4636 v reducedSum_reduced_nextLevel_adder/_387_/ZN (INR2D0BWP30P140)
   0.0393    0.5029 ^ reducedSum_reduced_nextLevel_adder/_412_/ZN (AOI211D0BWP30P140)
   0.0295    0.5324 ^ reducedSum_reduced_nextLevel_adder/_414_/Z (OA21D0BWP30P140)
   0.0134    0.5457 v reducedSum_reduced_nextLevel_adder/_418_/ZN (NR2D0BWP30P140)
   0.2666    0.8123 ^ reducedSum_reduced_nextLevel_adder/_488_/ZN (OAI31D0BWP30P140)
   0.0263    0.8385 v reducedSum_reduced_nextLevel_adder/_489_/ZN (MUX2ND0BWP30P140)
   0.0558    0.8944 ^ reducedSum_reduced_nextLevel_adder/_491_/ZN (AOI211D0BWP30P140)
   0.0177    0.9121 v reducedSum_reduced_nextLevel_adder/_541_/ZN (AOI211D0BWP30P140)
   0.0249    0.9370 v reducedSum_reduced_nextLevel_adder/_543_/Z (OR2D0BWP30P140)
   0.0325    0.9695 ^ reducedSum_reduced_nextLevel_adder/_578_/ZN (OAI32D0BWP30P140)
   0.0224    0.9919 v reducedSum_reduced_nextLevel_adder/_590_/ZN (XNR2UD0BWP30P140)
   0.0296    1.0214 ^ reducedSum_reduced_nextLevel_adder/_591_/ZN (AOI21D0BWP30P140)
   0.0182    1.0397 v reducedSum_reduced_nextLevel_adder/_595_/ZN (OAI21D0BWP30P140)
   0.0202    1.0599 ^ reducedSum_reduced_nextLevel_adder/_600_/ZN (AOI21D0BWP30P140)
   0.0174    1.0773 v reducedSum_reduced_nextLevel_adder/_604_/ZN (OAI21D0BWP30P140)
   0.0256    1.1030 ^ reducedSum_reduced_nextLevel_adder/_609_/ZN (AOI21D0BWP30P140)
   0.0251    1.1281 v reducedSum_reduced_nextLevel_adder/_613_/ZN (OAI211D0BWP30P140)
   0.0717    1.1998 ^ reducedSum_reduced_nextLevel_adder/_626_/ZN (AOI31D0BWP30P140)
   0.0334    1.2332 ^ reducedSum_reduced_nextLevel_adder/_630_/ZN (MUX2ND0BWP30P140)
   0.0466    1.2798 ^ reducedSum_reduced_nextLevel_adder/_642_/Z (AN4D0BWP30P140)
   0.0338    1.3135 v reducedSum_reduced_nextLevel_adder/_652_/ZN (ND3D0BWP30P140)
   0.0414    1.3550 ^ reducedSum_reduced_nextLevel_adder/_664_/ZN (INR3D0BWP30P140)
   0.0395    1.3944 v reducedSum_reduced_nextLevel_adder/_676_/ZN (ND4D0BWP30P140)
   0.0541    1.4485 v reducedSum_reduced_nextLevel_adder/_727_/Z (OR4D0BWP30P140)
   0.0300    1.4785 v reducedSum_reduced_nextLevel_adder/_729_/Z (OR3D0BWP30P140)
   0.0190    1.4975 v reducedSum_reduced_nextLevel_adder/_746_/Z (AN2D0BWP30P140)
   0.0163    1.5137 v reducedSum_reduced_nextLevel_adder_16/_400_/ZN (INR2D0BWP30P140)
   0.0079    1.5216 ^ reducedSum_reduced_nextLevel_adder_16/_401_/ZN (CKND0BWP30P140)
   0.0364    1.5581 ^ reducedSum_reduced_nextLevel_adder_16/_404_/Z (OA211D0BWP30P140)
   0.0215    1.5796 v reducedSum_reduced_nextLevel_adder_16/_406_/ZN (OAI31D0BWP30P140)
   0.0244    1.6040 ^ reducedSum_reduced_nextLevel_adder_16/_408_/ZN (OAI211D0BWP30P140)
   0.0312    1.6352 v reducedSum_reduced_nextLevel_adder_16/_410_/ZN (AOI31D0BWP30P140)
   0.0416    1.6768 ^ reducedSum_reduced_nextLevel_adder_16/_412_/ZN (AOI211D0BWP30P140)
   0.0295    1.7063 ^ reducedSum_reduced_nextLevel_adder_16/_414_/Z (OA21D0BWP30P140)
   0.0134    1.7196 v reducedSum_reduced_nextLevel_adder_16/_418_/ZN (NR2D0BWP30P140)
   0.2666    1.9862 ^ reducedSum_reduced_nextLevel_adder_16/_488_/ZN (OAI31D0BWP30P140)
   0.0247    2.0109 ^ reducedSum_reduced_nextLevel_adder_16/_508_/ZN (MUX2ND0BWP30P140)
   0.0189    2.0298 v reducedSum_reduced_nextLevel_adder_16/_509_/ZN (CKND0BWP30P140)
   0.0237    2.0535 ^ reducedSum_reduced_nextLevel_adder_16/_529_/ZN (MUX2ND0BWP30P140)
   0.0406    2.0941 v reducedSum_reduced_nextLevel_adder_16/_584_/ZN (OAI222D0BWP30P140)
   0.0351    2.1291 v reducedSum_reduced_nextLevel_adder_16/_587_/ZN (IAO21D0BWP30P140)
   0.0345    2.1636 ^ reducedSum_reduced_nextLevel_adder_16/_618_/ZN (MAOI222D0BWP30P140)
   0.0332    2.1968 v reducedSum_reduced_nextLevel_adder_16/_619_/ZN (OAI221D0BWP30P140)
   0.0326    2.2293 v reducedSum_reduced_nextLevel_adder_16/_620_/Z (AO21D0BWP30P140)
   0.0250    2.2543 v reducedSum_reduced_nextLevel_adder_16/_621_/ZN (MOAI22D0BWP30P140)
   0.0273    2.2817 ^ reducedSum_reduced_nextLevel_adder_16/_623_/ZN (AOI31D0BWP30P140)
   0.0285    2.3101 ^ reducedSum_reduced_nextLevel_adder_16/_624_/Z (AO211D0BWP30P140)
   0.0184    2.3286 v reducedSum_reduced_nextLevel_adder_16/_625_/ZN (OAI32D0BWP30P140)
   0.0758    2.4044 ^ reducedSum_reduced_nextLevel_adder_16/_626_/ZN (AOI31D0BWP30P140)
   0.0334    2.4378 ^ reducedSum_reduced_nextLevel_adder_16/_630_/ZN (MUX2ND0BWP30P140)
   0.0466    2.4844 ^ reducedSum_reduced_nextLevel_adder_16/_642_/Z (AN4D0BWP30P140)
   0.0338    2.5182 v reducedSum_reduced_nextLevel_adder_16/_652_/ZN (ND3D0BWP30P140)
   0.0414    2.5596 ^ reducedSum_reduced_nextLevel_adder_16/_664_/ZN (INR3D0BWP30P140)
   0.0395    2.5990 v reducedSum_reduced_nextLevel_adder_16/_676_/ZN (ND4D0BWP30P140)
   0.0541    2.6531 v reducedSum_reduced_nextLevel_adder_16/_727_/Z (OR4D0BWP30P140)
   0.0300    2.6831 v reducedSum_reduced_nextLevel_adder_16/_729_/Z (OR3D0BWP30P140)
   0.0190    2.7021 v reducedSum_reduced_nextLevel_adder_16/_746_/Z (AN2D0BWP30P140)
   0.0163    2.7183 v reducedSum_reduced_nextLevel_adder_24/_400_/ZN (INR2D0BWP30P140)
   0.0079    2.7263 ^ reducedSum_reduced_nextLevel_adder_24/_401_/ZN (CKND0BWP30P140)
   0.0364    2.7627 ^ reducedSum_reduced_nextLevel_adder_24/_404_/Z (OA211D0BWP30P140)
   0.0215    2.7842 v reducedSum_reduced_nextLevel_adder_24/_406_/ZN (OAI31D0BWP30P140)
   0.0244    2.8086 ^ reducedSum_reduced_nextLevel_adder_24/_408_/ZN (OAI211D0BWP30P140)
   0.0312    2.8398 v reducedSum_reduced_nextLevel_adder_24/_410_/ZN (AOI31D0BWP30P140)
   0.0416    2.8814 ^ reducedSum_reduced_nextLevel_adder_24/_412_/ZN (AOI211D0BWP30P140)
   0.0295    2.9109 ^ reducedSum_reduced_nextLevel_adder_24/_414_/Z (OA21D0BWP30P140)
   0.0134    2.9243 v reducedSum_reduced_nextLevel_adder_24/_418_/ZN (NR2D0BWP30P140)
   0.2666    3.1908 ^ reducedSum_reduced_nextLevel_adder_24/_488_/ZN (OAI31D0BWP30P140)
   0.0247    3.2155 ^ reducedSum_reduced_nextLevel_adder_24/_508_/ZN (MUX2ND0BWP30P140)
   0.0189    3.2344 v reducedSum_reduced_nextLevel_adder_24/_509_/ZN (CKND0BWP30P140)
   0.0237    3.2581 ^ reducedSum_reduced_nextLevel_adder_24/_529_/ZN (MUX2ND0BWP30P140)
   0.0406    3.2987 v reducedSum_reduced_nextLevel_adder_24/_584_/ZN (OAI222D0BWP30P140)
   0.0351    3.3337 v reducedSum_reduced_nextLevel_adder_24/_587_/ZN (IAO21D0BWP30P140)
   0.0345    3.3682 ^ reducedSum_reduced_nextLevel_adder_24/_618_/ZN (MAOI222D0BWP30P140)
   0.0332    3.4014 v reducedSum_reduced_nextLevel_adder_24/_619_/ZN (OAI221D0BWP30P140)
   0.0326    3.4339 v reducedSum_reduced_nextLevel_adder_24/_620_/Z (AO21D0BWP30P140)
   0.0250    3.4590 v reducedSum_reduced_nextLevel_adder_24/_621_/ZN (MOAI22D0BWP30P140)
   0.0273    3.4863 ^ reducedSum_reduced_nextLevel_adder_24/_623_/ZN (AOI31D0BWP30P140)
   0.0285    3.5148 ^ reducedSum_reduced_nextLevel_adder_24/_624_/Z (AO211D0BWP30P140)
   0.0184    3.5332 v reducedSum_reduced_nextLevel_adder_24/_625_/ZN (OAI32D0BWP30P140)
   0.0758    3.6090 ^ reducedSum_reduced_nextLevel_adder_24/_626_/ZN (AOI31D0BWP30P140)
   0.0334    3.6424 ^ reducedSum_reduced_nextLevel_adder_24/_630_/ZN (MUX2ND0BWP30P140)
   0.0466    3.6890 ^ reducedSum_reduced_nextLevel_adder_24/_642_/Z (AN4D0BWP30P140)
   0.0338    3.7228 v reducedSum_reduced_nextLevel_adder_24/_652_/ZN (ND3D0BWP30P140)
   0.0414    3.7642 ^ reducedSum_reduced_nextLevel_adder_24/_664_/ZN (INR3D0BWP30P140)
   0.0395    3.8037 v reducedSum_reduced_nextLevel_adder_24/_676_/ZN (ND4D0BWP30P140)
   0.0541    3.8577 v reducedSum_reduced_nextLevel_adder_24/_727_/Z (OR4D0BWP30P140)
   0.0300    3.8877 v reducedSum_reduced_nextLevel_adder_24/_729_/Z (OR3D0BWP30P140)
   0.0190    3.9067 v reducedSum_reduced_nextLevel_adder_24/_746_/Z (AN2D0BWP30P140)
   0.0163    3.9230 v reducedSum_reduced_nextLevel_adder_28/_400_/ZN (INR2D0BWP30P140)
   0.0079    3.9309 ^ reducedSum_reduced_nextLevel_adder_28/_401_/ZN (CKND0BWP30P140)
   0.0364    3.9673 ^ reducedSum_reduced_nextLevel_adder_28/_404_/Z (OA211D0BWP30P140)
   0.0215    3.9889 v reducedSum_reduced_nextLevel_adder_28/_406_/ZN (OAI31D0BWP30P140)
   0.0244    4.0132 ^ reducedSum_reduced_nextLevel_adder_28/_408_/ZN (OAI211D0BWP30P140)
   0.0312    4.0444 v reducedSum_reduced_nextLevel_adder_28/_410_/ZN (AOI31D0BWP30P140)
   0.0416    4.0861 ^ reducedSum_reduced_nextLevel_adder_28/_412_/ZN (AOI211D0BWP30P140)
   0.0295    4.1155 ^ reducedSum_reduced_nextLevel_adder_28/_414_/Z (OA21D0BWP30P140)
   0.0134    4.1289 v reducedSum_reduced_nextLevel_adder_28/_418_/ZN (NR2D0BWP30P140)
   0.2666    4.3954 ^ reducedSum_reduced_nextLevel_adder_28/_488_/ZN (OAI31D0BWP30P140)
   0.0247    4.4201 ^ reducedSum_reduced_nextLevel_adder_28/_508_/ZN (MUX2ND0BWP30P140)
   0.0189    4.4391 v reducedSum_reduced_nextLevel_adder_28/_509_/ZN (CKND0BWP30P140)
   0.0237    4.4627 ^ reducedSum_reduced_nextLevel_adder_28/_529_/ZN (MUX2ND0BWP30P140)
   0.0406    4.5033 v reducedSum_reduced_nextLevel_adder_28/_584_/ZN (OAI222D0BWP30P140)
   0.0351    4.5384 v reducedSum_reduced_nextLevel_adder_28/_587_/ZN (IAO21D0BWP30P140)
   0.0345    4.5728 ^ reducedSum_reduced_nextLevel_adder_28/_618_/ZN (MAOI222D0BWP30P140)
   0.0332    4.6060 v reducedSum_reduced_nextLevel_adder_28/_619_/ZN (OAI221D0BWP30P140)
   0.0326    4.6386 v reducedSum_reduced_nextLevel_adder_28/_620_/Z (AO21D0BWP30P140)
   0.0250    4.6636 v reducedSum_reduced_nextLevel_adder_28/_621_/ZN (MOAI22D0BWP30P140)
   0.0273    4.6909 ^ reducedSum_reduced_nextLevel_adder_28/_623_/ZN (AOI31D0BWP30P140)
   0.0285    4.7194 ^ reducedSum_reduced_nextLevel_adder_28/_624_/Z (AO211D0BWP30P140)
   0.0184    4.7378 v reducedSum_reduced_nextLevel_adder_28/_625_/ZN (OAI32D0BWP30P140)
   0.0758    4.8136 ^ reducedSum_reduced_nextLevel_adder_28/_626_/ZN (AOI31D0BWP30P140)
   0.0334    4.8470 ^ reducedSum_reduced_nextLevel_adder_28/_630_/ZN (MUX2ND0BWP30P140)
   0.0466    4.8936 ^ reducedSum_reduced_nextLevel_adder_28/_642_/Z (AN4D0BWP30P140)
   0.0338    4.9274 v reducedSum_reduced_nextLevel_adder_28/_652_/ZN (ND3D0BWP30P140)
   0.0414    4.9688 ^ reducedSum_reduced_nextLevel_adder_28/_664_/ZN (INR3D0BWP30P140)
   0.0395    5.0083 v reducedSum_reduced_nextLevel_adder_28/_676_/ZN (ND4D0BWP30P140)
   0.0541    5.0623 v reducedSum_reduced_nextLevel_adder_28/_727_/Z (OR4D0BWP30P140)
   0.0300    5.0923 v reducedSum_reduced_nextLevel_adder_28/_729_/Z (OR3D0BWP30P140)
   0.0190    5.1113 v reducedSum_reduced_nextLevel_adder_28/_746_/Z (AN2D0BWP30P140)
   0.0163    5.1276 v reducedSum_reduced_nextLevel_adder_30/_400_/ZN (INR2D0BWP30P140)
   0.0079    5.1355 ^ reducedSum_reduced_nextLevel_adder_30/_401_/ZN (CKND0BWP30P140)
   0.0364    5.1720 ^ reducedSum_reduced_nextLevel_adder_30/_404_/Z (OA211D0BWP30P140)
   0.0215    5.1935 v reducedSum_reduced_nextLevel_adder_30/_406_/ZN (OAI31D0BWP30P140)
   0.0244    5.2178 ^ reducedSum_reduced_nextLevel_adder_30/_408_/ZN (OAI211D0BWP30P140)
   0.0312    5.2491 v reducedSum_reduced_nextLevel_adder_30/_410_/ZN (AOI31D0BWP30P140)
   0.0416    5.2907 ^ reducedSum_reduced_nextLevel_adder_30/_412_/ZN (AOI211D0BWP30P140)
   0.0295    5.3202 ^ reducedSum_reduced_nextLevel_adder_30/_414_/Z (OA21D0BWP30P140)
   0.0134    5.3335 v reducedSum_reduced_nextLevel_adder_30/_418_/ZN (NR2D0BWP30P140)
   0.2666    5.6001 ^ reducedSum_reduced_nextLevel_adder_30/_488_/ZN (OAI31D0BWP30P140)
   0.0247    5.6248 ^ reducedSum_reduced_nextLevel_adder_30/_508_/ZN (MUX2ND0BWP30P140)
   0.0189    5.6437 v reducedSum_reduced_nextLevel_adder_30/_509_/ZN (CKND0BWP30P140)
   0.0237    5.6673 ^ reducedSum_reduced_nextLevel_adder_30/_529_/ZN (MUX2ND0BWP30P140)
   0.0406    5.7079 v reducedSum_reduced_nextLevel_adder_30/_584_/ZN (OAI222D0BWP30P140)
   0.0351    5.7430 v reducedSum_reduced_nextLevel_adder_30/_587_/ZN (IAO21D0BWP30P140)
   0.0345    5.7775 ^ reducedSum_reduced_nextLevel_adder_30/_618_/ZN (MAOI222D0BWP30P140)
   0.0332    5.8106 v reducedSum_reduced_nextLevel_adder_30/_619_/ZN (OAI221D0BWP30P140)
   0.0326    5.8432 v reducedSum_reduced_nextLevel_adder_30/_620_/Z (AO21D0BWP30P140)
   0.0250    5.8682 v reducedSum_reduced_nextLevel_adder_30/_621_/ZN (MOAI22D0BWP30P140)
   0.0273    5.8956 ^ reducedSum_reduced_nextLevel_adder_30/_623_/ZN (AOI31D0BWP30P140)
   0.0285    5.9240 ^ reducedSum_reduced_nextLevel_adder_30/_624_/Z (AO211D0BWP30P140)
   0.0184    5.9425 v reducedSum_reduced_nextLevel_adder_30/_625_/ZN (OAI32D0BWP30P140)
   0.0758    6.0183 ^ reducedSum_reduced_nextLevel_adder_30/_626_/ZN (AOI31D0BWP30P140)
   0.0334    6.0517 ^ reducedSum_reduced_nextLevel_adder_30/_630_/ZN (MUX2ND0BWP30P140)
   0.0466    6.0983 ^ reducedSum_reduced_nextLevel_adder_30/_642_/Z (AN4D0BWP30P140)
   0.0338    6.1320 v reducedSum_reduced_nextLevel_adder_30/_652_/ZN (ND3D0BWP30P140)
   0.0414    6.1735 ^ reducedSum_reduced_nextLevel_adder_30/_664_/ZN (INR3D0BWP30P140)
   0.0314    6.2049 v reducedSum_reduced_nextLevel_adder_30/_670_/ZN (OAI211D0BWP30P140)
   0.0326    6.2375 v reducedSum_reduced_nextLevel_adder_30/_677_/Z (XOR2UD0BWP30P140)
   0.0329    6.2704 ^ reducedSum_conv/_100_/ZN (NR4D0BWP30P140)
   0.0298    6.3002 ^ reducedSum_conv/_101_/ZN (INR2D0BWP30P140)
   0.0300    6.3302 ^ reducedSum_conv/_111_/ZN (XNR2UD0BWP30P140)
   0.0164    6.3465 v reducedSum_conv/_123_/ZN (NR3D0BWP30P140)
   0.0306    6.3771 ^ reducedSum_conv/_126_/ZN (OAI31D0BWP30P140)
   0.0367    6.4138 v reducedSum_conv/_128_/ZN (MAOI222D0BWP30P140)
   0.0258    6.4396 ^ reducedSum_conv/_139_/ZN (NR4D0BWP30P140)
   0.0354    6.4750 ^ reducedSum_conv/_140_/Z (OA211D0BWP30P140)
   0.0275    6.5025 ^ reducedSum_conv/_152_/ZN (XNR2UD0BWP30P140)
   0.0686    6.5710 v reducedSum_conv/_153_/ZN (OAI31D0BWP30P140)
   0.0706    6.6416 ^ reducedSum_conv/_167_/ZN (AOI211D0BWP30P140)
   0.0276    6.6693 v accAdder/_0897_/ZN (XNR2UD0BWP30P140)
   0.0320    6.7013 ^ accAdder/_0899_/ZN (AOI21D0BWP30P140)
   0.0302    6.7315 v accAdder/_0901_/ZN (MAOI222D0BWP30P140)
   0.0382    6.7696 ^ accAdder/_0902_/ZN (MAOI222D0BWP30P140)
   0.0303    6.8000 v accAdder/_0903_/ZN (MAOI222D0BWP30P140)
   0.0383    6.8382 ^ accAdder/_0966_/ZN (MAOI222D0BWP30P140)
   0.0303    6.8686 v accAdder/_0968_/ZN (MAOI222D0BWP30P140)
   0.0279    6.8964 v accAdder/_0970_/ZN (XNR2UD0BWP30P140)
   0.0212    6.9176 ^ accAdder/_0971_/ZN (NR2D0BWP30P140)
   0.0257    6.9434 ^ accAdder/_0972_/Z (AN2D0BWP30P140)
   0.4170    7.3603 v accAdder/_0975_/ZN (AOI31D0BWP30P140)
   0.4192    7.7796 ^ accAdder/_0991_/ZN (AOI22D0BWP30P140)
   0.0318    7.8114 v accAdder/_1063_/ZN (CKND2D0BWP30P140)
   0.0370    7.8484 ^ accAdder/_1188_/ZN (OAI32D0BWP30P140)
   0.0151    7.8635 v accAdder/_1189_/ZN (AOI21D0BWP30P140)
   0.0396    7.9031 ^ accAdder/_1191_/ZN (OAI221D0BWP30P140)
   0.0211    7.9242 v accAdder/_1196_/ZN (OAI31D0BWP30P140)
   0.0222    7.9464 ^ accAdder/_1198_/ZN (AOI21D0BWP30P140)
   0.0256    7.9720 v accAdder/_1200_/ZN (MAOI222D0BWP30P140)
   0.0396    8.0116 ^ accAdder/_1202_/ZN (MAOI222D0BWP30P140)
   0.0257    8.0373 v accAdder/_1204_/ZN (MAOI222D0BWP30P140)
   0.0277    8.0651 ^ accAdder/_1206_/ZN (AOI21D0BWP30P140)
   0.0253    8.0903 ^ accAdder/_1209_/ZN (IAO21D0BWP30P140)
   0.0247    8.1150 v accAdder/_1211_/ZN (MAOI222D0BWP30P140)
   0.0395    8.1545 ^ accAdder/_1213_/ZN (MAOI222D0BWP30P140)
   0.0265    8.1810 v accAdder/_1221_/ZN (MAOI222D0BWP30P140)
   0.0354    8.2164 v accAdder/_1232_/Z (AO21D0BWP30P140)
   0.0261    8.2424 ^ accAdder/_1242_/ZN (MAOI222D0BWP30P140)
   0.0265    8.2690 v accAdder/_1255_/ZN (MAOI222D0BWP30P140)
   0.0315    8.3005 v accAdder/_1259_/Z (AO21D0BWP30P140)
   0.0182    8.3187 ^ accAdder/_1276_/ZN (AOI21D0BWP30P140)
   0.0258    8.3445 v accAdder/_1280_/ZN (MAOI222D0BWP30P140)
   0.0391    8.3836 ^ accAdder/_1296_/ZN (MAOI222D0BWP30P140)
   0.0262    8.4098 v accAdder/_1300_/ZN (MAOI222D0BWP30P140)
   0.0304    8.4402 ^ accAdder/_1318_/ZN (AOI21D0BWP30P140)
   0.0249    8.4651 v accAdder/_1322_/ZN (MAOI222D0BWP30P140)
   0.0364    8.5015 v accAdder/_1345_/Z (AO21D0BWP30P140)
   0.0156    8.5172 ^ accAdder/_1353_/ZN (MUX2ND0BWP30P140)
   0.0348    8.5520 ^ accAdder/_1354_/ZN (XNR2UD0BWP30P140)
   0.0288    8.5807 ^ accAdder/_1453_/ZN (MAOI22D0BWP30P140)
   0.1281    8.7088 v accAdder/_1456_/ZN (OAI211D0BWP30P140)
   0.0886    8.7974 ^ accAdder/_1531_/Z (MUX4D0BWP30P140)
   0.0194    8.8169 v accAdder/_1534_/ZN (MUX3ND0BWP30P140)
   0.0405    8.8574 ^ accAdder/_1568_/ZN (NR2D0BWP30P140)
   0.0507    8.9080 ^ accAdder/_1577_/ZN (INR4D0BWP30P140)
   0.0510    8.9591 ^ accAdder/_1582_/Z (AN4D0BWP30P140)
   0.0395    8.9986 ^ accAdder/_1590_/Z (AN4D0BWP30P140)
   0.0406    9.0391 ^ accAdder/_1601_/Z (AN4D0BWP30P140)
   0.0349    9.0740 ^ accAdder/_1603_/Z (AN3D0BWP30P140)
   0.0271    9.1011 v accAdder/_1605_/ZN (IND3D0BWP30P140)
   0.0379    9.1391 v accAdder/_1606_/Z (OR3D0BWP30P140)
   0.0368    9.1759 ^ accAdder/_1608_/ZN (INR3D0BWP30P140)
   0.0364    9.2123 v accAdder/_1611_/ZN (MAOI222D0BWP30P140)
   0.0357    9.2480 ^ accAdder/_1616_/ZN (NR4D0BWP30P140)
   0.0219    9.2699 v accAdder/_1619_/ZN (OAI31D0BWP30P140)
   0.0327    9.3026 v accAdder/_1621_/Z (AO21D0BWP30P140)
   0.0312    9.3338 ^ accAdder/_1623_/ZN (AOI21D0BWP30P140)
   0.0237    9.3575 v accAdder/_1626_/ZN (OAI21D0BWP30P140)
   0.0215    9.3789 v accAdder/_1658_/Z (AN3D0BWP30P140)
   0.0613    9.4402 v accAdder/_1659_/Z (OR3D0BWP30P140)
   0.0420    9.4822 ^ accAdder/_1703_/ZN (AOI211D0BWP30P140)
   0.0261    9.5083 ^ _060_/Z (AO22D0BWP30P140)
   0.0000    9.5083 ^ _070_/D (DFCNQD1BWP30P140)
             9.5083   data arrival time

  20.0000   20.0000   clock CORE_CLK (rise edge)
   0.0000   20.0000   clock network delay (ideal)
  -0.0500   19.9500   clock uncertainty
   0.0000   19.9500   clock reconvergence pessimism
            19.9500 ^ _070_/CP (DFCNQD1BWP30P140)
  -0.0174   19.9326   library setup time
            19.9326   data required time
-------------------------------------------------------------
            19.9326   data required time
            -9.5083   data arrival time
-------------------------------------------------------------
            10.4244   slack (MET)


