
6. Printing statistics.

=== BFP_PE ===

        +----------Local Count, excluding submodules.
        |        +-Local Area, excluding submodules.
        |        | 
      158        - wires
     2152        - wire bits
      124        - public wires
     2118        - public wire bits
       10        - ports
      309        - port bits
       67   99.918 cells
       32   24.192   AO22D0BWP30P140
       33   74.844   DFCNQD1BWP30P140
        1    0.504   INR2D0BWP30P140
        1    0.378   NR2D0BWP30P140
       64        - submodules
       16        -   CustomOperator_INT8_to_INT8
       16        -   FP32Adder
       16        -   ScaleAddition_INT8_to_INT8_scale_UE4M4
       16        -   ScaleToFP32_INT8_x_INT8_UE4M4

   Chip area for module '\BFP_PE': 99.918000
     of which used for sequential elements: 74.844000 (74.91%)

=== FP32Adder ===

        +----------Local Count, excluding submodules.
        |        +-Local Area, excluding submodules.
        |        | 
      872        - wires
     1037        - wire bits
        6        - public wires
      171        - public wire bits
        3        - ports
       96        - port bits
      898  554.904 cells
       18    9.072   AN2D0BWP30P140
        5     3.15   AN3D0BWP30P140
        4    3.024   AN4D0BWP30P140
        2    1.512   AO211D0BWP30P140
       13     8.19   AO21D0BWP30P140
        4    3.024   AO22D0BWP30P140
       10      6.3   AOI211D0BWP30P140
       52   26.208   AOI21D0BWP30P140
       10     7.56   AOI221D0BWP30P140
        2    2.016   AOI222D0BWP30P140
       32    20.16   AOI22D0BWP30P140
        2     1.26   AOI31D0BWP30P140
       19   16.758   CKMUX2D0BWP30P140
       65    16.38   CKND0BWP30P140
       72   27.216   CKND2D0BWP30P140
        6     3.78   IAO21D0BWP30P140
       20    10.08   IND2D0BWP30P140
        1     0.63   IND3D0BWP30P140
        2    1.512   IND4D0BWP30P140
       21   10.584   INR2D0BWP30P140
        8     5.04   INR3D0BWP30P140
        3    2.268   INR4D0BWP30P140
        7     4.41   IOA21D0BWP30P140
       30    22.68   MAOI222D0BWP30P140
       15    11.34   MAOI22D0BWP30P140
        4    3.024   MOAI22D0BWP30P140
      114   86.184   MUX2ND0BWP30P140
        1    1.764   MUX3D0BWP30P140
        1    1.638   MUX3ND0BWP30P140
        2    4.788   MUX4D0BWP30P140
       16   36.288   MUX4ND0BWP30P140
       14    7.056   ND3D0BWP30P140
        5     3.15   ND4D0BWP30P140
       99   37.422   NR2D0BWP30P140
       35    17.64   NR3D0BWP30P140
        8     5.04   NR4D0BWP30P140
        2    1.512   OA211D0BWP30P140
        6     3.78   OA21D0BWP30P140
        1    0.882   OA22D0BWP30P140
       13     8.19   OAI211D0BWP30P140
       41   20.664   OAI21D0BWP30P140
        1    0.882   OAI221D0BWP30P140
        1    1.008   OAI222D0BWP30P140
       10      6.3   OAI22D0BWP30P140
        6     3.78   OAI31D0BWP30P140
        3    2.268   OAI32D0BWP30P140
        1    0.882   OAI33D0BWP30P140
        6    3.024   OR2D0BWP30P140
        8     5.04   OR3D0BWP30P140
        2    1.512   OR4D0BWP30P140
       51   44.982   XNR2UD0BWP30P140
        1    1.764   XNR3UD0BWP30P140
       23   20.286   XOR2UD0BWP30P140

   Chip area for module '\FP32Adder': 554.904000
     of which used for sequential elements: 0.000000 (0.00%)

=== ScaleToFP32_INT8_x_INT8_UE4M4 ===

        +----------Local Count, excluding submodules.
        |        +-Local Area, excluding submodules.
        |        | 
      157        - wires
      217        - wire bits
        4        - public wires
       64        - public wire bits
        4        - ports
       64        - port bits
      185  113.904 cells
        9    4.536   AN2D0BWP30P140
        1     0.63   AN3D0BWP30P140
        5     3.15   AO21D0BWP30P140
        6     3.78   AOI211D0BWP30P140
        8    4.032   AOI21D0BWP30P140
        2    1.512   AOI221D0BWP30P140
        2     1.26   AOI22D0BWP30P140
        2     1.26   AOI31D0BWP30P140
       22   19.404   CKMUX2D0BWP30P140
        6    1.512   CKND0BWP30P140
        8    3.024   CKND2D0BWP30P140
       10      6.3   IAO21D0BWP30P140
        6    3.024   IND2D0BWP30P140
        1     0.63   IND3D0BWP30P140
        9    4.536   INR2D0BWP30P140
        2     1.26   IOA21D0BWP30P140
       36   27.216   MUX2ND0BWP30P140
        6    3.024   ND3D0BWP30P140
       16    6.048   NR2D0BWP30P140
        7    3.528   NR3D0BWP30P140
        3     1.89   NR4D0BWP30P140
        2     1.26   OA21D0BWP30P140
        4    2.016   OAI21D0BWP30P140
        2     1.26   OAI31D0BWP30P140
        1    0.756   OAI32D0BWP30P140
        2    1.008   OR2D0BWP30P140
        1    0.756   OR4D0BWP30P140
        3    2.646   XNR2UD0BWP30P140
        3    2.646   XOR2UD0BWP30P140

   Chip area for module '\ScaleToFP32_INT8_x_INT8_UE4M4': 113.904000
     of which used for sequential elements: 0.000000 (0.00%)

=== ScaleAddition_INT8_to_INT8_scale_UE4M4 ===

        +----------Local Count, excluding submodules.
        |        +-Local Area, excluding submodules.
        |        | 
      656        - wires
      712        - wire bits
        7        - public wires
       63        - public wire bits
        7        - ports
       63        - port bits
      679   488.88 cells
       14    7.056   AN2D0BWP30P140
        5     3.15   AN3D0BWP30P140
        5     3.78   AN4D0BWP30P140
        3    2.268   AO211D0BWP30P140
        3     1.89   AO21D0BWP30P140
        4    3.024   AO22D0BWP30P140
       17    8.568   AOI21D0BWP30P140
        5     3.15   AOI22D0BWP30P140
        3     1.89   AOI31D0BWP30P140
       37    9.324   CKND0BWP30P140
      167   63.126   CKND2D0BWP30P140
        2     1.26   IAO21D0BWP30P140
       17    8.568   IND2D0BWP30P140
       11    5.544   INR2D0BWP30P140
        1     0.63   INR3D0BWP30P140
        5     3.15   IOA21D0BWP30P140
       90    68.04   MAOI222D0BWP30P140
        4    2.016   ND3D0BWP30P140
        3     1.89   ND4D0BWP30P140
       31   11.718   NR2D0BWP30P140
        7    3.528   NR3D0BWP30P140
        1     0.63   NR4D0BWP30P140
        3     1.89   OA21D0BWP30P140
        2     1.26   OAI211D0BWP30P140
       14    7.056   OAI21D0BWP30P140
        5     3.15   OAI22D0BWP30P140
       14    7.056   OR2D0BWP30P140
        2     1.26   OR3D0BWP30P140
        1    0.756   OR4D0BWP30P140
       85    74.97   XNR2UD0BWP30P140
       57  100.548   XNR3UD0BWP30P140
        3    7.938   XNR4D0BWP30P140
       39   34.398   XOR2UD0BWP30P140
       18   31.752   XOR3UD0BWP30P140
        1    2.646   XOR4D0BWP30P140

   Chip area for module '\ScaleAddition_INT8_to_INT8_scale_UE4M4': 488.880000
     of which used for sequential elements: 0.000000 (0.00%)

=== CustomOperator_INT8_to_INT8 ===

        +----------Local Count, excluding submodules.
        |        +-Local Area, excluding submodules.
        |        | 
      225        - wires
      252        - wire bits
        4        - public wires
       31        - public wire bits
        4        - ports
       31        - port bits
      236  166.446 cells
        3    1.512   AN2D0BWP30P140
        4     2.52   AN3D0BWP30P140
        1    0.756   AO211D0BWP30P140
        1     0.63   AO21D0BWP30P140
        1    0.756   AO22D0BWP30P140
        6    3.024   AOI21D0BWP30P140
        3     1.89   AOI22D0BWP30P140
        1     0.63   AOI31D0BWP30P140
       11    2.772   CKND0BWP30P140
       21    7.938   CKND2D0BWP30P140
        1     0.63   IAO21D0BWP30P140
       11    5.544   IND2D0BWP30P140
        5     2.52   INR2D0BWP30P140
        1     0.63   INR3D0BWP30P140
       21   15.876   MAOI222D0BWP30P140
        1    0.756   MOAI22D0BWP30P140
        3    1.512   ND3D0BWP30P140
       33   12.474   NR2D0BWP30P140
        5     2.52   NR3D0BWP30P140
        1     0.63   NR4D0BWP30P140
        1     0.63   OA21D0BWP30P140
        2    1.764   OA22D0BWP30P140
        1     0.63   OAI211D0BWP30P140
        5     2.52   OAI21D0BWP30P140
        4     2.52   OAI22D0BWP30P140
        4     2.52   OAI31D0BWP30P140
        5     2.52   OR2D0BWP30P140
        1     0.63   OR3D0BWP30P140
        1    0.756   OR4D0BWP30P140
       28   24.696   XNR2UD0BWP30P140
        9   15.876   XNR3UD0BWP30P140
        1    2.646   XNR4D0BWP30P140
       31   27.342   XOR2UD0BWP30P140
        9   15.876   XOR3UD0BWP30P140

   Chip area for module '\CustomOperator_INT8_to_INT8': 166.446000
     of which used for sequential elements: 0.000000 (0.00%)

=== design hierarchy ===

        +----------Count including submodules.
        |        +-Area including submodules.
        |        | 
    32035 2.13E+04 BFP_PE
      236  166.446 CustomOperator_INT8_to_INT8
      898  554.904 FP32Adder
      679   488.88 ScaleAddition_INT8_to_INT8_scale_UE4M4
      185  113.904 ScaleToFP32_INT8_x_INT8_UE4M4

        +----------Count including submodules.
        |        +-Area including submodules.
        |        | 
    30718        - wires
    37640        - wire bits
      460        - public wires
     7382        - public wire bits
      298        - ports
     4373        - port bits
        -        - memories
        -        - memory bits
        -        - processes
    32035 2.13E+04 cells
      704  354.816   AN2D0BWP30P140
      240    151.2   AN3D0BWP30P140
      144  108.864   AN4D0BWP30P140
       96   72.576   AO211D0BWP30P140
      352   221.76   AO21D0BWP30P140
      176  133.056   AO22D0BWP30P140
      256   161.28   AOI211D0BWP30P140
     1328  669.312   AOI21D0BWP30P140
      192  145.152   AOI221D0BWP30P140
       32   32.256   AOI222D0BWP30P140
      672   423.36   AOI22D0BWP30P140
      128    80.64   AOI31D0BWP30P140
      656  578.592   CKMUX2D0BWP30P140
     1904  479.808   CKND0BWP30P140
     4288 1.62E+03   CKND2D0BWP30P140
       33   74.844   DFCNQD1BWP30P140
      304   191.52   IAO21D0BWP30P140
      864  435.456   IND2D0BWP30P140
       32    20.16   IND3D0BWP30P140
       32   24.192   IND4D0BWP30P140
      737  371.448   INR2D0BWP30P140
      160    100.8   INR3D0BWP30P140
       48   36.288   INR4D0BWP30P140
      224   141.12   IOA21D0BWP30P140
     2256 1.71E+03   MAOI222D0BWP30P140
      240   181.44   MAOI22D0BWP30P140
       80    60.48   MOAI22D0BWP30P140
     2400   1814.4   MUX2ND0BWP30P140
       16   28.224   MUX3D0BWP30P140
       16   26.208   MUX3ND0BWP30P140
       32   76.608   MUX4D0BWP30P140
      256  580.608   MUX4ND0BWP30P140
      432  217.728   ND3D0BWP30P140
      128    80.64   ND4D0BWP30P140
     2865  1082.97   NR2D0BWP30P140
      864  435.456   NR3D0BWP30P140
      208   131.04   NR4D0BWP30P140
       32   24.192   OA211D0BWP30P140
      192   120.96   OA21D0BWP30P140
       48   42.336   OA22D0BWP30P140
      256   161.28   OAI211D0BWP30P140
     1024  516.096   OAI21D0BWP30P140
       16   14.112   OAI221D0BWP30P140
       16   16.128   OAI222D0BWP30P140
      304   191.52   OAI22D0BWP30P140
      192   120.96   OAI31D0BWP30P140
       64   48.384   OAI32D0BWP30P140
       16   14.112   OAI33D0BWP30P140
      432  217.728   OR2D0BWP30P140
      176   110.88   OR3D0BWP30P140
       80    60.48   OR4D0BWP30P140
     2672 2.36E+03   XNR2UD0BWP30P140
     1072 1.89E+03   XNR3UD0BWP30P140
       64  169.344   XNR4D0BWP30P140
     1536 1.35E+03   XOR2UD0BWP30P140
      432  762.048   XOR3UD0BWP30P140
       16   42.336   XOR4D0BWP30P140
       64 2.12E+04 submodules
       16 2.66E+03   CustomOperator_INT8_to_INT8
       16 8.88E+03   FP32Adder
       16  7822.08   ScaleAddition_INT8_to_INT8_scale_UE4M4
       16 1.82E+03   ScaleToFP32_INT8_x_INT8_UE4M4

   Chip area for top module '\BFP_PE': 21286.062000
     of which used for sequential elements: 74.844000 (0.35%)

