Startpoint: reset (input port clocked by CORE_CLK)
Endpoint: _068_ (recovery check against rising-edge clock CORE_CLK)
Path Group: asynchronous
Path Type: max

    Delay      Time   Description
-------------------------------------------------------------
   0.0000    0.0000   clock CORE_CLK (rise edge)
   0.0000    0.0000   clock network delay (ideal)
   0.0000    0.0000 ^ input external delay
   0.0000    0.0000 ^ reset (in)
   0.0000    0.0000 ^ _068_/CDN (DFCNQD1BWP30P140)
             0.0000   data arrival time

  20.0000   20.0000   clock CORE_CLK (rise edge)
   0.0000   20.0000   clock network delay (ideal)
  -0.0500   19.9500   clock uncertainty
   0.0000   19.9500   clock reconvergence pessimism
            19.9500 ^ _068_/CP (DFCNQD1BWP30P140)
   0.0258   19.9758   library recovery time
            19.9758   data required time
-------------------------------------------------------------
            19.9758   data required time
            -0.0000   data arrival time
-------------------------------------------------------------
            19.9758   slack (MET)


Startpoint: io_share_exp_A_i[3] (input port clocked by CORE_CLK)
Endpoint: _070_ (rising edge-triggered flip-flop clocked by CORE_CLK)
Path Group: CORE_CLK
Path Type: max

    Delay      Time   Description
-------------------------------------------------------------
   0.0000    0.0000   clock CORE_CLK (rise edge)
   0.0000    0.0000   clock network delay (ideal)
   0.0000    0.0000 v input external delay
   0.0000    0.0000 v io_share_exp_A_i[3] (in)
   0.0131    0.0131 ^ reducedSum_sa/_0566_/ZN (CKND2D0BWP30P140)
   0.0604    0.0735 v reducedSum_sa/_0571_/Z (XOR4D0BWP30P140)
   0.0319    0.1055 v reducedSum_sa/_0573_/ZN (XNR2UD0BWP30P140)
   0.0603    0.1657 ^ reducedSum_sa/_0592_/ZN (XNR3UD0BWP30P140)
   0.0303    0.1961 v reducedSum_sa/_0595_/ZN (MAOI222D0BWP30P140)
   0.0405    0.2365 ^ reducedSum_sa/_0596_/ZN (MAOI222D0BWP30P140)
   0.0438    0.2803 v reducedSum_sa/_0633_/ZN (MAOI222D0BWP30P140)
   0.0460    0.3263 ^ reducedSum_sa/_0682_/ZN (MAOI222D0BWP30P140)
   0.0336    0.3599 v reducedSum_sa/_0799_/ZN (MAOI222D0BWP30P140)
   0.0433    0.4032 ^ reducedSum_sa/_0843_/ZN (OAI21D0BWP30P140)
   0.0237    0.4269 v reducedSum_sa/_0905_/ZN (AOI221D0BWP30P140)
   0.0400    0.4669 ^ reducedSum_sa/_0906_/ZN (AOI21D0BWP30P140)
   0.0192    0.4861 v reducedSum_sa/_0988_/ZN (CKND2D0BWP30P140)
   0.0610    0.5471 v reducedSum_sa/_1001_/ZN (XNR3UD0BWP30P140)
   0.0618    0.6089 v reducedSum_sa/_1014_/Z (XOR3UD0BWP30P140)
   0.0328    0.6417 ^ reducedSum_sa/_1020_/ZN (XNR2UD0BWP30P140)
   0.0283    0.6701 v reducedSum_sa/_1022_/ZN (MAOI222D0BWP30P140)
   0.0331    0.7032 ^ reducedSum_sa/_1023_/ZN (MAOI222D0BWP30P140)
   0.0262    0.7294 v reducedSum_sa/_1024_/ZN (MAOI222D0BWP30P140)
   0.0379    0.7673 ^ reducedSum_sa/_1025_/ZN (MAOI222D0BWP30P140)
   0.0315    0.7988 v reducedSum_sa/_1027_/ZN (MAOI222D0BWP30P140)
   0.0382    0.8370 ^ reducedSum_sa/_1029_/ZN (MAOI222D0BWP30P140)
   0.0318    0.8688 ^ reducedSum_sa/_1034_/Z (AO21D0BWP30P140)
   0.0113    0.8801 v reducedSum_reduced_nextLevel_adder/_0572_/ZN (CKND0BWP30P140)
   0.0217    0.9017 ^ reducedSum_reduced_nextLevel_adder/_0664_/ZN (OAI22D0BWP30P140)
   0.0152    0.9169 v reducedSum_reduced_nextLevel_adder/_0666_/ZN (AOI221D0BWP30P140)
   0.0225    0.9394 v reducedSum_reduced_nextLevel_adder/_0667_/Z (AN2D0BWP30P140)
   0.0121    0.9515 ^ reducedSum_reduced_nextLevel_adder/_0670_/ZN (OAI211D0BWP30P140)
   0.0195    0.9709 ^ reducedSum_reduced_nextLevel_adder/_0671_/Z (AO21D0BWP30P140)
   0.5325    1.5035 v reducedSum_reduced_nextLevel_adder/_0673_/ZN (AOI31D0BWP30P140)
   0.1689    1.6724 v reducedSum_reduced_nextLevel_adder/_0764_/ZN (MUX4ND0BWP30P140)
   0.0536    1.7260 ^ reducedSum_reduced_nextLevel_adder/_0780_/ZN (MUX2ND0BWP30P140)
   0.0203    1.7463 v reducedSum_reduced_nextLevel_adder/_0781_/ZN (MUX2ND0BWP30P140)
   0.0445    1.7908 ^ reducedSum_reduced_nextLevel_adder/_0840_/ZN (AOI221D0BWP30P140)
   0.0214    1.8122 v reducedSum_reduced_nextLevel_adder/_0847_/ZN (AOI211D0BWP30P140)
   0.0309    1.8430 ^ reducedSum_reduced_nextLevel_adder/_0849_/ZN (MAOI222D0BWP30P140)
   0.0252    1.8682 v reducedSum_reduced_nextLevel_adder/_0852_/ZN (MAOI222D0BWP30P140)
   0.0308    1.8990 ^ reducedSum_reduced_nextLevel_adder/_0856_/ZN (AOI21D0BWP30P140)
   0.0259    1.9250 v reducedSum_reduced_nextLevel_adder/_0860_/ZN (MAOI222D0BWP30P140)
   0.0403    1.9653 ^ reducedSum_reduced_nextLevel_adder/_0864_/ZN (MAOI222D0BWP30P140)
   0.0253    1.9906 v reducedSum_reduced_nextLevel_adder/_0868_/ZN (MAOI222D0BWP30P140)
   0.0297    2.0203 ^ reducedSum_reduced_nextLevel_adder/_0872_/ZN (AOI21D0BWP30P140)
   0.0245    2.0448 v reducedSum_reduced_nextLevel_adder/_0876_/ZN (MAOI222D0BWP30P140)
   0.0308    2.0756 ^ reducedSum_reduced_nextLevel_adder/_0880_/ZN (AOI21D0BWP30P140)
   0.0248    2.1004 v reducedSum_reduced_nextLevel_adder/_0885_/ZN (MAOI222D0BWP30P140)
   0.0350    2.1354 ^ reducedSum_reduced_nextLevel_adder/_0887_/ZN (AOI21D0BWP30P140)
   0.0264    2.1617 v reducedSum_reduced_nextLevel_adder/_0892_/ZN (OAI211D0BWP30P140)
   0.0273    2.1890 ^ reducedSum_reduced_nextLevel_adder/_0893_/ZN (AOI31D0BWP30P140)
   0.0282    2.2172 v reducedSum_reduced_nextLevel_adder/_0894_/ZN (MAOI222D0BWP30P140)
   0.0453    2.2625 v reducedSum_reduced_nextLevel_adder/_0896_/Z (AO211D0BWP30P140)
   0.0243    2.2868 ^ reducedSum_reduced_nextLevel_adder/_0897_/ZN (AOI31D0BWP30P140)
   0.0305    2.3173 v reducedSum_reduced_nextLevel_adder/_0907_/ZN (OAI211D0BWP30P140)
   0.0841    2.4014 ^ reducedSum_reduced_nextLevel_adder/_0932_/ZN (CKND2D0BWP30P140)
   0.0318    2.4332 ^ reducedSum_reduced_nextLevel_adder/_0960_/ZN (MUX2ND0BWP30P140)
   0.0527    2.4859 v reducedSum_reduced_nextLevel_adder/_0965_/ZN (ND4D0BWP30P140)
   0.0419    2.5278 ^ reducedSum_reduced_nextLevel_adder/_0983_/ZN (NR4D0BWP30P140)
   0.0485    2.5762 ^ reducedSum_reduced_nextLevel_adder/_0996_/Z (AN4D0BWP30P140)
   0.0606    2.6368 ^ reducedSum_reduced_nextLevel_adder/_1012_/ZN (INR4D0BWP30P140)
   0.0473    2.6841 v reducedSum_reduced_nextLevel_adder/_1026_/ZN (ND4D0BWP30P140)
   0.0397    2.7238 ^ reducedSum_reduced_nextLevel_adder/_1106_/ZN (NR4D0BWP30P140)
   0.0412    2.7650 v reducedSum_reduced_nextLevel_adder/_1109_/ZN (ND4D0BWP30P140)
   0.0217    2.7866 ^ reducedSum_reduced_nextLevel_adder/_1118_/ZN (CKND2D0BWP30P140)
   0.0235    2.8101 v reducedSum_reduced_nextLevel_adder/_1119_/ZN (XNR2UD0BWP30P140)
   0.0278    2.8379 v reducedSum_reduced_nextLevel_adder_2/_0577_/ZN (INR2D0BWP30P140)
   0.0318    2.8696 ^ reducedSum_reduced_nextLevel_adder_2/_0585_/ZN (AOI211D0BWP30P140)
   0.0235    2.8931 v reducedSum_reduced_nextLevel_adder_2/_0587_/ZN (OAI31D0BWP30P140)
   0.0244    2.9175 ^ reducedSum_reduced_nextLevel_adder_2/_0593_/ZN (XNR2UD0BWP30P140)
   0.0356    2.9531 ^ reducedSum_reduced_nextLevel_adder_2/_0616_/Z (AN3D0BWP30P140)
   0.5337    3.4868 v reducedSum_reduced_nextLevel_adder_2/_0673_/ZN (AOI31D0BWP30P140)
   0.1689    3.6557 v reducedSum_reduced_nextLevel_adder_2/_0764_/ZN (MUX4ND0BWP30P140)
   0.0536    3.7093 ^ reducedSum_reduced_nextLevel_adder_2/_0780_/ZN (MUX2ND0BWP30P140)
   0.0203    3.7296 v reducedSum_reduced_nextLevel_adder_2/_0781_/ZN (MUX2ND0BWP30P140)
   0.0445    3.7741 ^ reducedSum_reduced_nextLevel_adder_2/_0840_/ZN (AOI221D0BWP30P140)
   0.0214    3.7955 v reducedSum_reduced_nextLevel_adder_2/_0847_/ZN (AOI211D0BWP30P140)
   0.0309    3.8263 ^ reducedSum_reduced_nextLevel_adder_2/_0849_/ZN (MAOI222D0BWP30P140)
   0.0252    3.8515 v reducedSum_reduced_nextLevel_adder_2/_0852_/ZN (MAOI222D0BWP30P140)
   0.0308    3.8824 ^ reducedSum_reduced_nextLevel_adder_2/_0856_/ZN (AOI21D0BWP30P140)
   0.0259    3.9083 v reducedSum_reduced_nextLevel_adder_2/_0860_/ZN (MAOI222D0BWP30P140)
   0.0403    3.9486 ^ reducedSum_reduced_nextLevel_adder_2/_0864_/ZN (MAOI222D0BWP30P140)
   0.0253    3.9739 v reducedSum_reduced_nextLevel_adder_2/_0868_/ZN (MAOI222D0BWP30P140)
   0.0297    4.0036 ^ reducedSum_reduced_nextLevel_adder_2/_0872_/ZN (AOI21D0BWP30P140)
   0.0245    4.0281 v reducedSum_reduced_nextLevel_adder_2/_0876_/ZN (MAOI222D0BWP30P140)
   0.0308    4.0589 ^ reducedSum_reduced_nextLevel_adder_2/_0880_/ZN (AOI21D0BWP30P140)
   0.0248    4.0837 v reducedSum_reduced_nextLevel_adder_2/_0885_/ZN (MAOI222D0BWP30P140)
   0.0350    4.1187 ^ reducedSum_reduced_nextLevel_adder_2/_0887_/ZN (AOI21D0BWP30P140)
   0.0264    4.1451 v reducedSum_reduced_nextLevel_adder_2/_0892_/ZN (OAI211D0BWP30P140)
   0.0273    4.1724 ^ reducedSum_reduced_nextLevel_adder_2/_0893_/ZN (AOI31D0BWP30P140)
   0.0282    4.2005 v reducedSum_reduced_nextLevel_adder_2/_0894_/ZN (MAOI222D0BWP30P140)
   0.0453    4.2458 v reducedSum_reduced_nextLevel_adder_2/_0896_/Z (AO211D0BWP30P140)
   0.0243    4.2701 ^ reducedSum_reduced_nextLevel_adder_2/_0897_/ZN (AOI31D0BWP30P140)
   0.0305    4.3006 v reducedSum_reduced_nextLevel_adder_2/_0907_/ZN (OAI211D0BWP30P140)
   0.0841    4.3847 ^ reducedSum_reduced_nextLevel_adder_2/_0932_/ZN (CKND2D0BWP30P140)
   0.0318    4.4165 ^ reducedSum_reduced_nextLevel_adder_2/_0960_/ZN (MUX2ND0BWP30P140)
   0.0527    4.4692 v reducedSum_reduced_nextLevel_adder_2/_0965_/ZN (ND4D0BWP30P140)
   0.0419    4.5111 ^ reducedSum_reduced_nextLevel_adder_2/_0983_/ZN (NR4D0BWP30P140)
   0.0485    4.5595 ^ reducedSum_reduced_nextLevel_adder_2/_0996_/Z (AN4D0BWP30P140)
   0.0606    4.6201 ^ reducedSum_reduced_nextLevel_adder_2/_1012_/ZN (INR4D0BWP30P140)
   0.0473    4.6674 v reducedSum_reduced_nextLevel_adder_2/_1026_/ZN (ND4D0BWP30P140)
   0.0351    4.7025 v reducedSum_reduced_nextLevel_adder_2/_1031_/ZN (IND2D0BWP30P140)
   0.0297    4.7321 ^ reducedSum_reduced_nextLevel_adder_2/_1125_/ZN (OAI211D0BWP30P140)
   0.0192    4.7513 ^ reducedSum_conv/_139_/ZN (IND2D0BWP30P140)
   0.0846    4.8359 ^ reducedSum_conv/_149_/Z (OA21D0BWP30P140)
   0.0295    4.8654 v reducedSum_conv/_152_/ZN (OAI21D0BWP30P140)
   0.0258    4.8911 v reducedSum_conv/_165_/ZN (INR2D0BWP30P140)
   0.0267    4.9178 ^ reducedSum_conv/_202_/ZN (NR2D0BWP30P140)
   0.0241    4.9419 v accAdder/_0897_/ZN (XNR2UD0BWP30P140)
   0.0314    4.9733 ^ accAdder/_0899_/ZN (AOI21D0BWP30P140)
   0.0301    5.0034 v accAdder/_0901_/ZN (MAOI222D0BWP30P140)
   0.0370    5.0405 ^ accAdder/_0902_/ZN (MAOI222D0BWP30P140)
   0.0303    5.0707 v accAdder/_0903_/ZN (MAOI222D0BWP30P140)
   0.0355    5.1063 ^ accAdder/_0966_/ZN (MAOI222D0BWP30P140)
   0.0302    5.1365 v accAdder/_0968_/ZN (MAOI222D0BWP30P140)
   0.0262    5.1627 v accAdder/_0970_/ZN (XNR2UD0BWP30P140)
   0.0212    5.1839 ^ accAdder/_0971_/ZN (NR2D0BWP30P140)
   0.0257    5.2096 ^ accAdder/_0972_/Z (AN2D0BWP30P140)
   0.4170    5.6266 v accAdder/_0975_/ZN (AOI31D0BWP30P140)
   0.4192    6.0458 ^ accAdder/_0991_/ZN (AOI22D0BWP30P140)
   0.0318    6.0777 v accAdder/_1063_/ZN (CKND2D0BWP30P140)
   0.0370    6.1147 ^ accAdder/_1188_/ZN (OAI32D0BWP30P140)
   0.0151    6.1297 v accAdder/_1189_/ZN (AOI21D0BWP30P140)
   0.0396    6.1694 ^ accAdder/_1191_/ZN (OAI221D0BWP30P140)
   0.0211    6.1904 v accAdder/_1196_/ZN (OAI31D0BWP30P140)
   0.0222    6.2127 ^ accAdder/_1198_/ZN (AOI21D0BWP30P140)
   0.0256    6.2383 v accAdder/_1200_/ZN (MAOI222D0BWP30P140)
   0.0396    6.2779 ^ accAdder/_1202_/ZN (MAOI222D0BWP30P140)
   0.0257    6.3036 v accAdder/_1204_/ZN (MAOI222D0BWP30P140)
   0.0277    6.3313 ^ accAdder/_1206_/ZN (AOI21D0BWP30P140)
   0.0253    6.3566 ^ accAdder/_1209_/ZN (IAO21D0BWP30P140)
   0.0247    6.3813 v accAdder/_1211_/ZN (MAOI222D0BWP30P140)
   0.0395    6.4208 ^ accAdder/_1213_/ZN (MAOI222D0BWP30P140)
   0.0265    6.4473 v accAdder/_1221_/ZN (MAOI222D0BWP30P140)
   0.0354    6.4827 v accAdder/_1232_/Z (AO21D0BWP30P140)
   0.0261    6.5087 ^ accAdder/_1242_/ZN (MAOI222D0BWP30P140)
   0.0265    6.5352 v accAdder/_1255_/ZN (MAOI222D0BWP30P140)
   0.0315    6.5667 v accAdder/_1259_/Z (AO21D0BWP30P140)
   0.0182    6.5849 ^ accAdder/_1276_/ZN (AOI21D0BWP30P140)
   0.0258    6.6108 v accAdder/_1280_/ZN (MAOI222D0BWP30P140)
   0.0391    6.6499 ^ accAdder/_1296_/ZN (MAOI222D0BWP30P140)
   0.0262    6.6760 v accAdder/_1300_/ZN (MAOI222D0BWP30P140)
   0.0304    6.7064 ^ accAdder/_1318_/ZN (AOI21D0BWP30P140)
   0.0249    6.7313 v accAdder/_1322_/ZN (MAOI222D0BWP30P140)
   0.0364    6.7678 v accAdder/_1345_/Z (AO21D0BWP30P140)
   0.0156    6.7834 ^ accAdder/_1353_/ZN (MUX2ND0BWP30P140)
   0.0347    6.8182 ^ accAdder/_1354_/ZN (XNR2UD0BWP30P140)
   0.0288    6.8469 ^ accAdder/_1453_/ZN (MAOI22D0BWP30P140)
   0.1281    6.9750 v accAdder/_1456_/ZN (OAI211D0BWP30P140)
   0.0886    7.0636 ^ accAdder/_1531_/Z (MUX4D0BWP30P140)
   0.0194    7.0830 v accAdder/_1534_/ZN (MUX3ND0BWP30P140)
   0.0405    7.1236 ^ accAdder/_1568_/ZN (NR2D0BWP30P140)
   0.0507    7.1742 ^ accAdder/_1577_/ZN (INR4D0BWP30P140)
   0.0510    7.2253 ^ accAdder/_1582_/Z (AN4D0BWP30P140)
   0.0395    7.2647 ^ accAdder/_1590_/Z (AN4D0BWP30P140)
   0.0406    7.3053 ^ accAdder/_1601_/Z (AN4D0BWP30P140)
   0.0349    7.3402 ^ accAdder/_1603_/Z (AN3D0BWP30P140)
   0.0271    7.3673 v accAdder/_1605_/ZN (IND3D0BWP30P140)
   0.0379    7.4053 v accAdder/_1606_/Z (OR3D0BWP30P140)
   0.0368    7.4421 ^ accAdder/_1608_/ZN (INR3D0BWP30P140)
   0.0364    7.4785 v accAdder/_1611_/ZN (MAOI222D0BWP30P140)
   0.0357    7.5142 ^ accAdder/_1616_/ZN (NR4D0BWP30P140)
   0.0219    7.5361 v accAdder/_1619_/ZN (OAI31D0BWP30P140)
   0.0327    7.5688 v accAdder/_1621_/Z (AO21D0BWP30P140)
   0.0312    7.6000 ^ accAdder/_1623_/ZN (AOI21D0BWP30P140)
   0.0237    7.6237 v accAdder/_1626_/ZN (OAI21D0BWP30P140)
   0.0215    7.6451 v accAdder/_1658_/Z (AN3D0BWP30P140)
   0.0613    7.7064 v accAdder/_1659_/Z (OR3D0BWP30P140)
   0.0420    7.7484 ^ accAdder/_1703_/ZN (AOI211D0BWP30P140)
   0.0261    7.7744 ^ _060_/Z (AO22D0BWP30P140)
   0.0000    7.7744 ^ _070_/D (DFCNQD1BWP30P140)
             7.7744   data arrival time

  20.0000   20.0000   clock CORE_CLK (rise edge)
   0.0000   20.0000   clock network delay (ideal)
  -0.0500   19.9500   clock uncertainty
   0.0000   19.9500   clock reconvergence pessimism
            19.9500 ^ _070_/CP (DFCNQD1BWP30P140)
  -0.0174   19.9326   library setup time
            19.9326   data required time
-------------------------------------------------------------
            19.9326   data required time
            -7.7744   data arrival time
-------------------------------------------------------------
            12.1582   slack (MET)


