
6. Printing statistics.

=== BFP_PE ===

        +----------Local Count, excluding submodules.
        |        +-Local Area, excluding submodules.
        |        | 
       78        - wires
      628        - wire bits
       44        - public wires
      594        - public wire bits
       10        - ports
      109        - port bits
       67   99.918 cells
       32   24.192   AO22D0BWP30P140
       33   74.844   DFCNQD1BWP30P140
        1    0.504   INR2D0BWP30P140
        1    0.378   NR2D0BWP30P140
       16        - submodules
        4        -   CustomOperator_INT8_to_E2M3
        4        -   FP32Adder
        4        -   ScaleAddition_INT8_to_E2M3_scale_UE2M6
        4        -   ScaleToFP32_INT8_x_E2M3_UE2M6

   Chip area for module '\BFP_PE': 99.918000
     of which used for sequential elements: 74.844000 (74.91%)

=== FP32Adder ===

        +----------Local Count, excluding submodules.
        |        +-Local Area, excluding submodules.
        |        | 
      872        - wires
     1037        - wire bits
        6        - public wires
      171        - public wire bits
        3        - ports
       96        - port bits
      898  554.904 cells
       18    9.072   AN2D0BWP30P140
        5     3.15   AN3D0BWP30P140
        4    3.024   AN4D0BWP30P140
        2    1.512   AO211D0BWP30P140
       13     8.19   AO21D0BWP30P140
        4    3.024   AO22D0BWP30P140
       10      6.3   AOI211D0BWP30P140
       52   26.208   AOI21D0BWP30P140
       10     7.56   AOI221D0BWP30P140
        2    2.016   AOI222D0BWP30P140
       32    20.16   AOI22D0BWP30P140
        2     1.26   AOI31D0BWP30P140
       19   16.758   CKMUX2D0BWP30P140
       65    16.38   CKND0BWP30P140
       72   27.216   CKND2D0BWP30P140
        6     3.78   IAO21D0BWP30P140
       20    10.08   IND2D0BWP30P140
        1     0.63   IND3D0BWP30P140
        2    1.512   IND4D0BWP30P140
       21   10.584   INR2D0BWP30P140
        8     5.04   INR3D0BWP30P140
        3    2.268   INR4D0BWP30P140
        7     4.41   IOA21D0BWP30P140
       30    22.68   MAOI222D0BWP30P140
       15    11.34   MAOI22D0BWP30P140
        4    3.024   MOAI22D0BWP30P140
      114   86.184   MUX2ND0BWP30P140
        1    1.764   MUX3D0BWP30P140
        1    1.638   MUX3ND0BWP30P140
        2    4.788   MUX4D0BWP30P140
       16   36.288   MUX4ND0BWP30P140
       14    7.056   ND3D0BWP30P140
        5     3.15   ND4D0BWP30P140
       99   37.422   NR2D0BWP30P140
       35    17.64   NR3D0BWP30P140
        8     5.04   NR4D0BWP30P140
        2    1.512   OA211D0BWP30P140
        6     3.78   OA21D0BWP30P140
        1    0.882   OA22D0BWP30P140
       13     8.19   OAI211D0BWP30P140
       41   20.664   OAI21D0BWP30P140
        1    0.882   OAI221D0BWP30P140
        1    1.008   OAI222D0BWP30P140
       10      6.3   OAI22D0BWP30P140
        6     3.78   OAI31D0BWP30P140
        3    2.268   OAI32D0BWP30P140
        1    0.882   OAI33D0BWP30P140
        6    3.024   OR2D0BWP30P140
        8     5.04   OR3D0BWP30P140
        2    1.512   OR4D0BWP30P140
       51   44.982   XNR2UD0BWP30P140
        1    1.764   XNR3UD0BWP30P140
       23   20.286   XOR2UD0BWP30P140

   Chip area for module '\FP32Adder': 554.904000
     of which used for sequential elements: 0.000000 (0.00%)

=== ScaleToFP32_INT8_x_E2M3_UE2M6 ===

        +----------Local Count, excluding submodules.
        |        +-Local Area, excluding submodules.
        |        | 
      215        - wires
      275        - wire bits
        4        - public wires
       64        - public wire bits
        4        - ports
       64        - port bits
      243  158.508 cells
        8    4.032   AN2D0BWP30P140
        1     0.63   AN3D0BWP30P140
        1    0.756   AO211D0BWP30P140
        6     3.78   AO21D0BWP30P140
        4     2.52   AOI211D0BWP30P140
       11    5.544   AOI21D0BWP30P140
        4    3.024   AOI221D0BWP30P140
       16   14.112   CKMUX2D0BWP30P140
       14    3.528   CKND0BWP30P140
       16    6.048   CKND2D0BWP30P140
        9     5.67   IAO21D0BWP30P140
        3    1.512   IND2D0BWP30P140
        1     0.63   IND3D0BWP30P140
        2    1.512   IND4D0BWP30P140
        4    2.016   INR2D0BWP30P140
        1    0.756   INR4D0BWP30P140
        1     0.63   IOA21D0BWP30P140
        4    3.024   MAOI222D0BWP30P140
       35    26.46   MUX2ND0BWP30P140
        1    1.764   MUX3D0BWP30P140
        1    2.394   MUX4D0BWP30P140
        4    9.072   MUX4ND0BWP30P140
        5     2.52   ND3D0BWP30P140
        2     1.26   ND4D0BWP30P140
       24    9.072   NR2D0BWP30P140
        9    4.536   NR3D0BWP30P140
        9     5.67   NR4D0BWP30P140
        4     2.52   OA21D0BWP30P140
        4     2.52   OAI211D0BWP30P140
        4    2.016   OAI21D0BWP30P140
        1    1.008   OAI222D0BWP30P140
        2     1.26   OAI22D0BWP30P140
        4     2.52   OAI31D0BWP30P140
        1    0.504   OR2D0BWP30P140
        1    0.756   OR4D0BWP30P140
       15    13.23   XNR2UD0BWP30P140
       11    9.702   XOR2UD0BWP30P140

   Chip area for module '\ScaleToFP32_INT8_x_E2M3_UE2M6': 158.508000
     of which used for sequential elements: 0.000000 (0.00%)

=== ScaleAddition_INT8_to_E2M3_scale_UE2M6 ===

        +----------Local Count, excluding submodules.
        |        +-Local Area, excluding submodules.
        |        | 
      838        - wires
      895        - wire bits
        8        - public wires
       65        - public wire bits
        8        - ports
       65        - port bits
      861  610.974 cells
       21   10.584   AN2D0BWP30P140
        8     5.04   AN3D0BWP30P140
        2    1.512   AN4D0BWP30P140
        7     4.41   AO21D0BWP30P140
        3    2.268   AO22D0BWP30P140
       15     7.56   AOI21D0BWP30P140
       13     8.19   AOI22D0BWP30P140
        4     2.52   AOI31D0BWP30P140
        1    0.756   AOI32D0BWP30P140
        1    0.882   AOI33D0BWP30P140
       37    9.324   CKND0BWP30P140
      189   71.442   CKND2D0BWP30P140
       10      6.3   IAO21D0BWP30P140
       16    8.064   IND2D0BWP30P140
        2     1.26   IND3D0BWP30P140
       21   10.584   INR2D0BWP30P140
        2     1.26   IOA21D0BWP30P140
      110    83.16   MAOI222D0BWP30P140
        8    4.032   ND3D0BWP30P140
        3     1.89   ND4D0BWP30P140
       45    17.01   NR2D0BWP30P140
        7    3.528   NR3D0BWP30P140
        4     2.52   OA21D0BWP30P140
        3    2.646   OA22D0BWP30P140
       19    9.576   OAI21D0BWP30P140
        3     1.89   OAI22D0BWP30P140
       11    5.544   OR2D0BWP30P140
        3     1.89   OR3D0BWP30P140
        1    0.756   OR4D0BWP30P140
      136  119.952   XNR2UD0BWP30P140
       47   82.908   XNR3UD0BWP30P140
        2    5.292   XNR4D0BWP30P140
       84   74.088   XOR2UD0BWP30P140
       21   37.044   XOR3UD0BWP30P140
        2    5.292   XOR4D0BWP30P140

   Chip area for module '\ScaleAddition_INT8_to_E2M3_scale_UE2M6': 610.974000
     of which used for sequential elements: 0.000000 (0.00%)

=== CustomOperator_INT8_to_E2M3 ===

        +----------Local Count, excluding submodules.
        |        +-Local Area, excluding submodules.
        |        | 
       82        - wires
      110        - wire bits
        6        - public wires
       34        - public wire bits
        5        - ports
       31        - port bits
       90   62.874 cells
        9    4.536   AN2D0BWP30P140
        1    0.756   AO22D0BWP30P140
        6    1.512   CKND0BWP30P140
       17    6.426   CKND2D0BWP30P140
        1    0.504   INR2D0BWP30P140
        1     0.63   IOA21D0BWP30P140
       11    8.316   MAOI222D0BWP30P140
        2    1.008   ND3D0BWP30P140
        3    1.134   NR2D0BWP30P140
        1    0.504   NR3D0BWP30P140
        1     0.63   OAI211D0BWP30P140
        4    2.016   OAI21D0BWP30P140
        2     1.26   OAI22D0BWP30P140
        1     0.63   OAI31D0BWP30P140
        1    0.504   OR2D0BWP30P140
        1    0.756   OR4D0BWP30P140
       11    9.702   XNR2UD0BWP30P140
        4    7.056   XNR3UD0BWP30P140
        9    7.938   XOR2UD0BWP30P140
        4    7.056   XOR3UD0BWP30P140

   Chip area for module '\CustomOperator_INT8_to_E2M3': 62.874000
     of which used for sequential elements: 0.000000 (0.00%)

=== design hierarchy ===

        +----------Count including submodules.
        |        +-Area including submodules.
        |        | 
     8435 5.65E+03 BFP_PE
       90   62.874 CustomOperator_INT8_to_E2M3
      898  554.904 FP32Adder
      861  610.974 ScaleAddition_INT8_to_E2M3_scale_UE2M6
      243  158.508 ScaleToFP32_INT8_x_E2M3_UE2M6

        +----------Count including submodules.
        |        +-Area including submodules.
        |        | 
     8106        - wires
     9896        - wire bits
      140        - public wires
     1930        - public wire bits
       90        - ports
     1133        - port bits
        -        - memories
        -        - memory bits
        -        - processes
     8435 5.65E+03 cells
      224  112.896   AN2D0BWP30P140
       56    35.28   AN3D0BWP30P140
       24   18.144   AN4D0BWP30P140
       12    9.072   AO211D0BWP30P140
      104    65.52   AO21D0BWP30P140
       64   48.384   AO22D0BWP30P140
       56    35.28   AOI211D0BWP30P140
      312  157.248   AOI21D0BWP30P140
       56   42.336   AOI221D0BWP30P140
        8    8.064   AOI222D0BWP30P140
      180    113.4   AOI22D0BWP30P140
       24    15.12   AOI31D0BWP30P140
        4    3.024   AOI32D0BWP30P140
        4    3.528   AOI33D0BWP30P140
      140   123.48   CKMUX2D0BWP30P140
      488  122.976   CKND0BWP30P140
     1176  444.528   CKND2D0BWP30P140
       33   74.844   DFCNQD1BWP30P140
      100       63   IAO21D0BWP30P140
      156   78.624   IND2D0BWP30P140
       16    10.08   IND3D0BWP30P140
       16   12.096   IND4D0BWP30P140
      189   95.256   INR2D0BWP30P140
       32    20.16   INR3D0BWP30P140
       16   12.096   INR4D0BWP30P140
       44    27.72   IOA21D0BWP30P140
      620   468.72   MAOI222D0BWP30P140
       60    45.36   MAOI22D0BWP30P140
       16   12.096   MOAI22D0BWP30P140
      596  450.576   MUX2ND0BWP30P140
        8   14.112   MUX3D0BWP30P140
        4    6.552   MUX3ND0BWP30P140
       12   28.728   MUX4D0BWP30P140
       80   181.44   MUX4ND0BWP30P140
      116   58.464   ND3D0BWP30P140
       40     25.2   ND4D0BWP30P140
      685   258.93   NR2D0BWP30P140
      208  104.832   NR3D0BWP30P140
       68    42.84   NR4D0BWP30P140
        8    6.048   OA211D0BWP30P140
       56    35.28   OA21D0BWP30P140
       16   14.112   OA22D0BWP30P140
       72    45.36   OAI211D0BWP30P140
      272  137.088   OAI21D0BWP30P140
        4    3.528   OAI221D0BWP30P140
        8    8.064   OAI222D0BWP30P140
       68    42.84   OAI22D0BWP30P140
       44    27.72   OAI31D0BWP30P140
       12    9.072   OAI32D0BWP30P140
        4    3.528   OAI33D0BWP30P140
       76   38.304   OR2D0BWP30P140
       44    27.72   OR3D0BWP30P140
       20    15.12   OR4D0BWP30P140
      852  751.464   XNR2UD0BWP30P140
      208  366.912   XNR3UD0BWP30P140
        8   21.168   XNR4D0BWP30P140
      508  448.056   XOR2UD0BWP30P140
      100    176.4   XOR3UD0BWP30P140
        8   21.168   XOR4D0BWP30P140
       16  5549.04 submodules
        4  251.496   CustomOperator_INT8_to_E2M3
        4 2.22E+03   FP32Adder
        4 2.44E+03   ScaleAddition_INT8_to_E2M3_scale_UE2M6
        4  634.032   ScaleToFP32_INT8_x_E2M3_UE2M6

   Chip area for top module '\BFP_PE': 5648.958000
     of which used for sequential elements: 74.844000 (1.32%)

