
6. Printing statistics.

=== BFP_PE ===

        +----------Local Count, excluding submodules.
        |        +-Local Area, excluding submodules.
        |        | 
      333        - wires
     2623        - wire bits
      299        - public wires
     2589        - public wire bits
       10        - ports
      437        - port bits
       67   99.918 cells
       32   24.192   AO22D0BWP30P140
       33   74.844   DFCNQD1BWP30P140
        1    0.504   INR2D0BWP30P140
        1    0.378   NR2D0BWP30P140
       97        - submodules
       31        -   CustomFPAdder_exp9_mant15
       32        -   CustomOperator_INT8_to_E2M1
        1        -   FP32Adder
       32        -   ScaleAddition_INT8_to_E2M1_scale_UE6M2
        1        -   ScaleToFP32_INT8_x_E2M1_UE6M2

   Chip area for module '\BFP_PE': 99.918000
     of which used for sequential elements: 74.844000 (74.91%)

=== FP32Adder ===

        +----------Local Count, excluding submodules.
        |        +-Local Area, excluding submodules.
        |        | 
      872        - wires
     1037        - wire bits
        6        - public wires
      171        - public wire bits
        3        - ports
       96        - port bits
      898  554.904 cells
       18    9.072   AN2D0BWP30P140
        5     3.15   AN3D0BWP30P140
        4    3.024   AN4D0BWP30P140
        2    1.512   AO211D0BWP30P140
       13     8.19   AO21D0BWP30P140
        4    3.024   AO22D0BWP30P140
       10      6.3   AOI211D0BWP30P140
       52   26.208   AOI21D0BWP30P140
       10     7.56   AOI221D0BWP30P140
        2    2.016   AOI222D0BWP30P140
       32    20.16   AOI22D0BWP30P140
        2     1.26   AOI31D0BWP30P140
       19   16.758   CKMUX2D0BWP30P140
       65    16.38   CKND0BWP30P140
       72   27.216   CKND2D0BWP30P140
        6     3.78   IAO21D0BWP30P140
       20    10.08   IND2D0BWP30P140
        1     0.63   IND3D0BWP30P140
        2    1.512   IND4D0BWP30P140
       21   10.584   INR2D0BWP30P140
        8     5.04   INR3D0BWP30P140
        3    2.268   INR4D0BWP30P140
        7     4.41   IOA21D0BWP30P140
       30    22.68   MAOI222D0BWP30P140
       15    11.34   MAOI22D0BWP30P140
        4    3.024   MOAI22D0BWP30P140
      114   86.184   MUX2ND0BWP30P140
        1    1.764   MUX3D0BWP30P140
        1    1.638   MUX3ND0BWP30P140
        2    4.788   MUX4D0BWP30P140
       16   36.288   MUX4ND0BWP30P140
       14    7.056   ND3D0BWP30P140
        5     3.15   ND4D0BWP30P140
       99   37.422   NR2D0BWP30P140
       35    17.64   NR3D0BWP30P140
        8     5.04   NR4D0BWP30P140
        2    1.512   OA211D0BWP30P140
        6     3.78   OA21D0BWP30P140
        1    0.882   OA22D0BWP30P140
       13     8.19   OAI211D0BWP30P140
       41   20.664   OAI21D0BWP30P140
        1    0.882   OAI221D0BWP30P140
        1    1.008   OAI222D0BWP30P140
       10      6.3   OAI22D0BWP30P140
        6     3.78   OAI31D0BWP30P140
        3    2.268   OAI32D0BWP30P140
        1    0.882   OAI33D0BWP30P140
        6    3.024   OR2D0BWP30P140
        8     5.04   OR3D0BWP30P140
        2    1.512   OR4D0BWP30P140
       51   44.982   XNR2UD0BWP30P140
        1    1.764   XNR3UD0BWP30P140
       23   20.286   XOR2UD0BWP30P140

   Chip area for module '\FP32Adder': 554.904000
     of which used for sequential elements: 0.000000 (0.00%)

=== ScaleToFP32_INT8_x_E2M1_UE6M2 ===

        +----------Local Count, excluding submodules.
        |        +-Local Area, excluding submodules.
        |        | 
      122        - wires
      175        - wire bits
        4        - public wires
       57        - public wire bits
        4        - ports
       57        - port bits
      141   82.908 cells
        3    1.512   AN2D0BWP30P140
        1     0.63   AN3D0BWP30P140
        2     1.26   AO21D0BWP30P140
        2     1.26   AOI211D0BWP30P140
        8    4.032   AOI21D0BWP30P140
        3    2.268   AOI221D0BWP30P140
        1     0.63   AOI22D0BWP30P140
        1    0.756   AOI32D0BWP30P140
        4    3.528   CKMUX2D0BWP30P140
        6    1.512   CKND0BWP30P140
        8    3.024   CKND2D0BWP30P140
        5     3.15   IAO21D0BWP30P140
        3    1.512   IND2D0BWP30P140
        7    3.528   INR2D0BWP30P140
        2     1.26   INR3D0BWP30P140
        1    0.756   INR4D0BWP30P140
        1    0.756   MAOI222D0BWP30P140
       20    15.12   MUX2ND0BWP30P140
        2    1.008   ND3D0BWP30P140
       22    8.316   NR2D0BWP30P140
        8    4.032   NR3D0BWP30P140
        4     2.52   NR4D0BWP30P140
        1     0.63   OA21D0BWP30P140
        4    2.016   OAI21D0BWP30P140
        1    1.008   OAI222D0BWP30P140
        1     0.63   OAI22D0BWP30P140
        4     2.52   OAI31D0BWP30P140
        1    0.756   OAI32D0BWP30P140
        2    1.512   OR4D0BWP30P140
        7    6.174   XNR2UD0BWP30P140
        6    5.292   XOR2UD0BWP30P140

   Chip area for module '\ScaleToFP32_INT8_x_E2M1_UE6M2': 82.908000
     of which used for sequential elements: 0.000000 (0.00%)

=== CustomFPAdder_exp9_mant15 ===

        +----------Local Count, excluding submodules.
        |        +-Local Area, excluding submodules.
        |        | 
      505        - wires
      588        - wire bits
       10        - public wires
       93        - public wire bits
        9        - ports
       75        - port bits
      520  311.598 cells
        9    4.536   AN2D0BWP30P140
        3     1.89   AN3D0BWP30P140
        3    2.268   AN4D0BWP30P140
        6    4.536   AO211D0BWP30P140
        9     5.67   AO21D0BWP30P140
        9     5.67   AOI211D0BWP30P140
       26   13.104   AOI21D0BWP30P140
        7    5.292   AOI221D0BWP30P140
        8     5.04   AOI22D0BWP30P140
        6     3.78   AOI31D0BWP30P140
        1    0.756   AOI32D0BWP30P140
        1    0.882   AOI33D0BWP30P140
       10     8.82   CKMUX2D0BWP30P140
       39    9.828   CKND0BWP30P140
       37   13.986   CKND2D0BWP30P140
        7     4.41   IAO21D0BWP30P140
       21   10.584   IND2D0BWP30P140
        3    2.268   IND4D0BWP30P140
       21   10.584   INR2D0BWP30P140
        2     1.26   INR3D0BWP30P140
        1    0.756   INR4D0BWP30P140
        2     1.26   IOA21D0BWP30P140
        7    5.292   MAOI222D0BWP30P140
        2    1.512   MAOI22D0BWP30P140
        5     3.78   MOAI22D0BWP30P140
       63   47.628   MUX2ND0BWP30P140
        1    2.268   MUX4ND0BWP30P140
        9    4.536   ND3D0BWP30P140
        5     3.15   ND4D0BWP30P140
       41   15.498   NR2D0BWP30P140
       15     7.56   NR3D0BWP30P140
        5     3.15   NR4D0BWP30P140
        2    1.512   OA211D0BWP30P140
        4     2.52   OA21D0BWP30P140
        1    0.882   OA22D0BWP30P140
        8     5.04   OAI211D0BWP30P140
       23   11.592   OAI21D0BWP30P140
        2    1.764   OAI221D0BWP30P140
        1    1.008   OAI222D0BWP30P140
        6     3.78   OAI22D0BWP30P140
       11     6.93   OAI31D0BWP30P140
        1    0.756   OAI32D0BWP30P140
        9    4.536   OR2D0BWP30P140
        1     0.63   OR3D0BWP30P140
       43   37.926   XNR2UD0BWP30P140
       24   21.168   XOR2UD0BWP30P140

   Chip area for module '\CustomFPAdder_exp9_mant15': 311.598000
     of which used for sequential elements: 0.000000 (0.00%)

=== ScaleAddition_INT8_to_E2M1_scale_UE6M2 ===

        +----------Local Count, excluding submodules.
        |        +-Local Area, excluding submodules.
        |        | 
      267        - wires
      315        - wire bits
        8        - public wires
       56        - public wire bits
        8        - ports
       56        - port bits
      282  203.868 cells
        3    1.512   AN2D0BWP30P140
        3     1.89   AN3D0BWP30P140
        1    0.756   AO211D0BWP30P140
        2     1.26   AO21D0BWP30P140
        8    4.032   AOI21D0BWP30P140
        4     2.52   AOI22D0BWP30P140
        1     0.63   AOI31D0BWP30P140
       11    2.772   CKND0BWP30P140
       64   24.192   CKND2D0BWP30P140
        1     0.63   IAO21D0BWP30P140
        7    3.528   IND2D0BWP30P140
        6    3.024   INR2D0BWP30P140
        1     0.63   INR3D0BWP30P140
        5     3.15   IOA21D0BWP30P140
       34   25.704   MAOI222D0BWP30P140
        5     2.52   ND3D0BWP30P140
       15     5.67   NR2D0BWP30P140
        1     0.63   OAI211D0BWP30P140
       11    5.544   OAI21D0BWP30P140
        2     1.26   OAI22D0BWP30P140
        4    2.016   OR2D0BWP30P140
        2    1.512   OR4D0BWP30P140
       33   29.106   XNR2UD0BWP30P140
       22   38.808   XNR3UD0BWP30P140
       28   24.696   XOR2UD0BWP30P140
        6   10.584   XOR3UD0BWP30P140
        2    5.292   XOR4D0BWP30P140

   Chip area for module '\ScaleAddition_INT8_to_E2M1_scale_UE6M2': 203.868000
     of which used for sequential elements: 0.000000 (0.00%)

=== CustomOperator_INT8_to_E2M1 ===

        +----------Local Count, excluding submodules.
        |        +-Local Area, excluding submodules.
        |        | 
       41        - wires
       65        - wire bits
        6        - public wires
       30        - public wire bits
        5        - ports
       27        - port bits
       47    27.72 cells
        5     2.52   AN2D0BWP30P140
        1    0.756   AN4D0BWP30P140
        2     1.26   AO21D0BWP30P140
        1     0.63   AOI211D0BWP30P140
        3     1.89   AOI22D0BWP30P140
        2    0.504   CKND0BWP30P140
        1    0.378   CKND2D0BWP30P140
        4    2.016   INR2D0BWP30P140
        2    1.512   MUX2ND0BWP30P140
        5     2.52   ND3D0BWP30P140
        1     0.63   ND4D0BWP30P140
        3    1.134   NR2D0BWP30P140
        1    0.756   OA211D0BWP30P140
        4    2.016   OAI21D0BWP30P140
        1     0.63   OAI22D0BWP30P140
        1     0.63   OAI31D0BWP30P140
        2    1.008   OR2D0BWP30P140
        1    0.756   OR4D0BWP30P140
        3    2.646   XNR2UD0BWP30P140
        4    3.528   XOR2UD0BWP30P140

   Chip area for module '\CustomOperator_INT8_to_E2M1': 27.720000
     of which used for sequential elements: 0.000000 (0.00%)

=== design hierarchy ===

        +----------Count including submodules.
        |        +-Area including submodules.
        |        | 
    27754 1.78E+04 BFP_PE
      520  311.598 CustomFPAdder_exp9_mant15
       47    27.72 CustomOperator_INT8_to_E2M1
      898  554.904 FP32Adder
      282  203.868 ScaleAddition_INT8_to_E2M1_scale_UE6M2
      141   82.908 ScaleToFP32_INT8_x_E2M1_UE6M2

        +----------Count including submodules.
        |        +-Area including submodules.
        |        | 
    26838        - wires
    34223        - wire bits
     1067        - public wires
     8452        - public wire bits
      712        - ports
     5571        - port bits
        -        - memories
        -        - memory bits
        -        - processes
    27754 1.78E+04 cells
      556  280.224   AN2D0BWP30P140
      195   122.85   AN3D0BWP30P140
      129   97.524   AN4D0BWP30P140
      220   166.32   AO211D0BWP30P140
      422   265.86   AO21D0BWP30P140
       36   27.216   AO22D0BWP30P140
      323   203.49   AOI211D0BWP30P140
     1122  565.488   AOI21D0BWP30P140
      230   173.88   AOI221D0BWP30P140
        2    2.016   AOI222D0BWP30P140
      505   318.15   AOI22D0BWP30P140
      220    138.6   AOI31D0BWP30P140
       32   24.192   AOI32D0BWP30P140
       31   27.342   AOI33D0BWP30P140
      333  293.706   CKMUX2D0BWP30P140
     1696  427.392   CKND0BWP30P140
     3307 1.25E+03   CKND2D0BWP30P140
       33   74.844   DFCNQD1BWP30P140
      260    163.8   IAO21D0BWP30P140
      898  452.592   IND2D0BWP30P140
        1     0.63   IND3D0BWP30P140
       95    71.82   IND4D0BWP30P140
     1000      504   INR2D0BWP30P140
      104    65.52   INR3D0BWP30P140
       35    26.46   INR4D0BWP30P140
      229   144.27   IOA21D0BWP30P140
     1336 1.01E+03   MAOI222D0BWP30P140
       77   58.212   MAOI22D0BWP30P140
      159  120.204   MOAI22D0BWP30P140
     2151 1.63E+03   MUX2ND0BWP30P140
        1    1.764   MUX3D0BWP30P140
        1    1.638   MUX3ND0BWP30P140
        2    4.788   MUX4D0BWP30P140
       47  106.596   MUX4ND0BWP30P140
      615   309.96   ND3D0BWP30P140
      192   120.96   ND4D0BWP30P140
     1969  744.282   NR2D0BWP30P140
      508  256.032   NR3D0BWP30P140
      167   105.21   NR4D0BWP30P140
       96   72.576   OA211D0BWP30P140
      131    82.53   OA21D0BWP30P140
       32   28.224   OA22D0BWP30P140
      293   184.59   OAI211D0BWP30P140
     1238  623.952   OAI21D0BWP30P140
       63   55.566   OAI221D0BWP30P140
       33   33.264   OAI222D0BWP30P140
      293   184.59   OAI22D0BWP30P140
      383   241.29   OAI31D0BWP30P140
       35    26.46   OAI32D0BWP30P140
        1    0.882   OAI33D0BWP30P140
      477  240.408   OR2D0BWP30P140
       39    24.57   OR3D0BWP30P140
      100     75.6   OR4D0BWP30P140
     2543 2.24E+03   XNR2UD0BWP30P140
      705  1243.62   XNR3UD0BWP30P140
     1797 1.58E+03   XOR2UD0BWP30P140
      192  338.688   XOR3UD0BWP30P140
       64  169.344   XOR4D0BWP30P140
       97 1.77E+04 submodules
       31 9.66E+03   CustomFPAdder_exp9_mant15
       32   887.04   CustomOperator_INT8_to_E2M1
        1  554.904   FP32Adder
       32 6.52E+03   ScaleAddition_INT8_to_E2M1_scale_UE6M2
        1   82.908   ScaleToFP32_INT8_x_E2M1_UE6M2

   Chip area for top module '\BFP_PE': 17808.084000
     of which used for sequential elements: 74.844000 (0.42%)

