
6. Printing statistics.

=== BFP_PE ===

        +----------Local Count, excluding submodules.
        |        +-Local Area, excluding submodules.
        |        | 
      333        - wires
     3099        - wire bits
      299        - public wires
     3065        - public wire bits
       10        - ports
      565        - port bits
       67   99.918 cells
       32   24.192   AO22D0BWP30P140
       33   74.844   DFCNQD1BWP30P140
        1    0.504   INR2D0BWP30P140
        1    0.378   NR2D0BWP30P140
       97        - submodules
       31        -   CustomFPAdder_exp8_mant20
       32        -   CustomOperator_INT8_to_E5M2
        1        -   FP32Adder
       32        -   ScaleAddition_INT8_to_E5M2_scale_UE4M4
        1        -   ScaleToFP32_INT8_x_E5M2_UE4M4

   Chip area for module '\BFP_PE': 99.918000
     of which used for sequential elements: 74.844000 (74.91%)

=== FP32Adder ===

        +----------Local Count, excluding submodules.
        |        +-Local Area, excluding submodules.
        |        | 
      872        - wires
     1037        - wire bits
        6        - public wires
      171        - public wire bits
        3        - ports
       96        - port bits
      898  554.904 cells
       18    9.072   AN2D0BWP30P140
        5     3.15   AN3D0BWP30P140
        4    3.024   AN4D0BWP30P140
        2    1.512   AO211D0BWP30P140
       13     8.19   AO21D0BWP30P140
        4    3.024   AO22D0BWP30P140
       10      6.3   AOI211D0BWP30P140
       52   26.208   AOI21D0BWP30P140
       10     7.56   AOI221D0BWP30P140
        2    2.016   AOI222D0BWP30P140
       32    20.16   AOI22D0BWP30P140
        2     1.26   AOI31D0BWP30P140
       19   16.758   CKMUX2D0BWP30P140
       65    16.38   CKND0BWP30P140
       72   27.216   CKND2D0BWP30P140
        6     3.78   IAO21D0BWP30P140
       20    10.08   IND2D0BWP30P140
        1     0.63   IND3D0BWP30P140
        2    1.512   IND4D0BWP30P140
       21   10.584   INR2D0BWP30P140
        8     5.04   INR3D0BWP30P140
        3    2.268   INR4D0BWP30P140
        7     4.41   IOA21D0BWP30P140
       30    22.68   MAOI222D0BWP30P140
       15    11.34   MAOI22D0BWP30P140
        4    3.024   MOAI22D0BWP30P140
      114   86.184   MUX2ND0BWP30P140
        1    1.764   MUX3D0BWP30P140
        1    1.638   MUX3ND0BWP30P140
        2    4.788   MUX4D0BWP30P140
       16   36.288   MUX4ND0BWP30P140
       14    7.056   ND3D0BWP30P140
        5     3.15   ND4D0BWP30P140
       99   37.422   NR2D0BWP30P140
       35    17.64   NR3D0BWP30P140
        8     5.04   NR4D0BWP30P140
        2    1.512   OA211D0BWP30P140
        6     3.78   OA21D0BWP30P140
        1    0.882   OA22D0BWP30P140
       13     8.19   OAI211D0BWP30P140
       41   20.664   OAI21D0BWP30P140
        1    0.882   OAI221D0BWP30P140
        1    1.008   OAI222D0BWP30P140
       10      6.3   OAI22D0BWP30P140
        6     3.78   OAI31D0BWP30P140
        3    2.268   OAI32D0BWP30P140
        1    0.882   OAI33D0BWP30P140
        6    3.024   OR2D0BWP30P140
        8     5.04   OR3D0BWP30P140
        2    1.512   OR4D0BWP30P140
       51   44.982   XNR2UD0BWP30P140
        1    1.764   XNR3UD0BWP30P140
       23   20.286   XOR2UD0BWP30P140

   Chip area for module '\FP32Adder': 554.904000
     of which used for sequential elements: 0.000000 (0.00%)

=== ScaleToFP32_INT8_x_E5M2_UE4M4 ===

        +----------Local Count, excluding submodules.
        |        +-Local Area, excluding submodules.
        |        | 
      144        - wires
      201        - wire bits
        4        - public wires
       61        - public wire bits
        4        - ports
       61        - port bits
      168  104.328 cells
        3    1.512   AN2D0BWP30P140
        4     2.52   AO21D0BWP30P140
       13     8.19   AOI211D0BWP30P140
       14    7.056   AOI21D0BWP30P140
        5     3.78   AOI221D0BWP30P140
        1     0.63   AOI31D0BWP30P140
        1    0.756   AOI32D0BWP30P140
       16   14.112   CKMUX2D0BWP30P140
        4    1.008   CKND0BWP30P140
       13    4.914   CKND2D0BWP30P140
        8     5.04   IAO21D0BWP30P140
        5     2.52   IND2D0BWP30P140
        5     2.52   INR2D0BWP30P140
        2     1.26   IOA21D0BWP30P140
        2    1.512   MAOI22D0BWP30P140
       25     18.9   MUX2ND0BWP30P140
        2    1.008   ND3D0BWP30P140
        8    3.024   NR2D0BWP30P140
        6    3.024   NR3D0BWP30P140
        4     2.52   NR4D0BWP30P140
        1     0.63   OA21D0BWP30P140
        5     2.52   OAI21D0BWP30P140
        1    0.882   OAI221D0BWP30P140
        3     1.89   OAI22D0BWP30P140
        1     0.63   OAI31D0BWP30P140
        4    2.016   OR2D0BWP30P140
        2     1.26   OR3D0BWP30P140
        1    0.756   OR4D0BWP30P140
        5     4.41   XNR2UD0BWP30P140
        4    3.528   XOR2UD0BWP30P140

   Chip area for module '\ScaleToFP32_INT8_x_E5M2_UE4M4': 104.328000
     of which used for sequential elements: 0.000000 (0.00%)

=== CustomFPAdder_exp8_mant20 ===

        +----------Local Count, excluding submodules.
        |        +-Local Area, excluding submodules.
        |        | 
      584        - wires
      684        - wire bits
       10        - public wires
      110        - public wire bits
        9        - ports
       87        - port bits
      603  367.416 cells
       10     5.04   AN2D0BWP30P140
        2     1.26   AN3D0BWP30P140
        3    2.268   AN4D0BWP30P140
        6     3.78   AO21D0BWP30P140
        1    0.756   AO22D0BWP30P140
        4     2.52   AOI211D0BWP30P140
       32   16.128   AOI21D0BWP30P140
       10     7.56   AOI221D0BWP30P140
        8     5.04   AOI22D0BWP30P140
        8     5.04   AOI31D0BWP30P140
        2    1.512   AOI32D0BWP30P140
        1    0.882   AOI33D0BWP30P140
       25    22.05   CKMUX2D0BWP30P140
       39    9.828   CKND0BWP30P140
       47   17.766   CKND2D0BWP30P140
        2     1.26   IAO21D0BWP30P140
       24   12.096   IND2D0BWP30P140
        1     0.63   IND3D0BWP30P140
        4    3.024   IND4D0BWP30P140
       28   14.112   INR2D0BWP30P140
        4     2.52   INR3D0BWP30P140
        2    1.512   INR4D0BWP30P140
        6     3.78   IOA21D0BWP30P140
       18   13.608   MAOI222D0BWP30P140
        2    1.512   MAOI22D0BWP30P140
        4    3.024   MOAI22D0BWP30P140
       84   63.504   MUX2ND0BWP30P140
        1    2.268   MUX4ND0BWP30P140
       11    5.544   ND3D0BWP30P140
        5     3.15   ND4D0BWP30P140
       48   18.144   NR2D0BWP30P140
       12    6.048   NR3D0BWP30P140
        4     2.52   NR4D0BWP30P140
        7    5.292   OA211D0BWP30P140
        3     1.89   OA21D0BWP30P140
        2    1.764   OA22D0BWP30P140
       10      6.3   OAI211D0BWP30P140
       26   13.104   OAI21D0BWP30P140
        2    1.764   OAI221D0BWP30P140
        1    1.008   OAI222D0BWP30P140
        5     3.15   OAI22D0BWP30P140
        4     2.52   OAI31D0BWP30P140
        4    3.024   OAI32D0BWP30P140
        8    4.032   OR2D0BWP30P140
        4    3.024   OR4D0BWP30P140
       48   42.336   XNR2UD0BWP30P140
       21   18.522   XOR2UD0BWP30P140

   Chip area for module '\CustomFPAdder_exp8_mant20': 367.416000
     of which used for sequential elements: 0.000000 (0.00%)

=== ScaleAddition_INT8_to_E5M2_scale_UE4M4 ===

        +----------Local Count, excluding submodules.
        |        +-Local Area, excluding submodules.
        |        | 
      551        - wires
      606        - wire bits
        8        - public wires
       63        - public wire bits
        8        - ports
       63        - port bits
      571  402.696 cells
       14    7.056   AN2D0BWP30P140
        2     1.26   AN3D0BWP30P140
        2    1.512   AN4D0BWP30P140
        1    0.756   AO211D0BWP30P140
        2     1.26   AO21D0BWP30P140
        1    0.756   AO22D0BWP30P140
       13    6.552   AOI21D0BWP30P140
        7     4.41   AOI22D0BWP30P140
        9     5.67   AOI31D0BWP30P140
        1    0.756   AOI32D0BWP30P140
       23    5.796   CKND0BWP30P140
      121   45.738   CKND2D0BWP30P140
        5     3.15   IAO21D0BWP30P140
       18    9.072   IND2D0BWP30P140
        1     0.63   IND3D0BWP30P140
       16    8.064   INR2D0BWP30P140
        2     1.26   INR3D0BWP30P140
        4     2.52   IOA21D0BWP30P140
       66   49.896   MAOI222D0BWP30P140
        7    3.528   ND3D0BWP30P140
        4     2.52   ND4D0BWP30P140
       34   12.852   NR2D0BWP30P140
        2    1.008   NR3D0BWP30P140
        3     1.89   OA21D0BWP30P140
        1    0.882   OA22D0BWP30P140
        1     0.63   OAI211D0BWP30P140
        8    4.032   OAI21D0BWP30P140
        1     0.63   OAI22D0BWP30P140
        1     0.63   OAI31D0BWP30P140
        3    1.512   OR2D0BWP30P140
        1     0.63   OR3D0BWP30P140
        2    1.512   OR4D0BWP30P140
       92   81.144   XNR2UD0BWP30P140
       33   58.212   XNR3UD0BWP30P140
        2    5.292   XNR4D0BWP30P140
       58   51.156   XOR2UD0BWP30P140
        9   15.876   XOR3UD0BWP30P140
        1    2.646   XOR4D0BWP30P140

   Chip area for module '\ScaleAddition_INT8_to_E5M2_scale_UE4M4': 402.696000
     of which used for sequential elements: 0.000000 (0.00%)

=== CustomOperator_INT8_to_E5M2 ===

        +----------Local Count, excluding submodules.
        |        +-Local Area, excluding submodules.
        |        | 
       61        - wires
       95        - wire bits
        6        - public wires
       40        - public wire bits
        5        - ports
       34        - port bits
       71   47.754 cells
        3    1.512   AN2D0BWP30P140
        3    1.512   AOI21D0BWP30P140
        2     1.26   AOI22D0BWP30P140
        4    1.008   CKND0BWP30P140
       13    4.914   CKND2D0BWP30P140
        1     0.63   IAO21D0BWP30P140
        1    0.504   IND2D0BWP30P140
        1    0.504   INR2D0BWP30P140
        7    5.292   MAOI222D0BWP30P140
        2    1.008   ND3D0BWP30P140
        3    1.134   NR2D0BWP30P140
        1    0.504   NR3D0BWP30P140
        2     1.26   OA21D0BWP30P140
        3    1.512   OAI21D0BWP30P140
        2     1.26   OAI22D0BWP30P140
        1     0.63   OAI31D0BWP30P140
        1    0.504   OR2D0BWP30P140
        1    0.756   OR4D0BWP30P140
       11    9.702   XNR2UD0BWP30P140
        4    7.056   XNR3UD0BWP30P140
        4    3.528   XOR2UD0BWP30P140
        1    1.764   XOR3UD0BWP30P140

   Chip area for module '\CustomOperator_INT8_to_E5M2': 47.754000
     of which used for sequential elements: 0.000000 (0.00%)

=== design hierarchy ===

        +----------Count including submodules.
        |        +-Area including submodules.
        |        | 
    40370 2.66E+04 BFP_PE
      603  367.416 CustomFPAdder_exp8_mant20
       71   47.754 CustomOperator_INT8_to_E5M2
      898  554.904 FP32Adder
      571  402.696 ScaleAddition_INT8_to_E5M2_scale_UE4M4
      168  104.328 ScaleToFP32_INT8_x_E5M2_UE4M4

        +----------Count including submodules.
        |        +-Area including submodules.
        |        | 
    39037        - wires
    47973        - wire bits
     1067        - public wires
    10003        - public wire bits
      712        - ports
     6523        - port bits
        -        - memories
        -        - memory bits
        -        - processes
    40370 2.66E+04 cells
      875      441   AN2D0BWP30P140
      131    82.53   AN3D0BWP30P140
      161  121.716   AN4D0BWP30P140
       34   25.704   AO211D0BWP30P140
      267   168.21   AO21D0BWP30P140
       99   74.844   AO22D0BWP30P140
      147    92.61   AOI211D0BWP30P140
     1570   791.28   AOI21D0BWP30P140
      325    245.7   AOI221D0BWP30P140
        2    2.016   AOI222D0BWP30P140
      568   357.84   AOI22D0BWP30P140
      539   339.57   AOI31D0BWP30P140
       95    71.82   AOI32D0BWP30P140
       31   27.342   AOI33D0BWP30P140
      810   714.42   CKMUX2D0BWP30P140
     2142  539.784   CKND0BWP30P140
     5830  2203.74   CKND2D0BWP30P140
       33   74.844   DFCNQD1BWP30P140
      268   168.84   IAO21D0BWP30P140
     1377  694.008   IND2D0BWP30P140
       64    40.32   IND3D0BWP30P140
      126   95.256   IND4D0BWP30P140
     1439  725.256   INR2D0BWP30P140
      196   123.48   INR3D0BWP30P140
       65    49.14   INR4D0BWP30P140
      323   203.49   IOA21D0BWP30P140
     2924 2.21E+03   MAOI222D0BWP30P140
       79   59.724   MAOI22D0BWP30P140
      128   96.768   MOAI22D0BWP30P140
     2743 2.07E+03   MUX2ND0BWP30P140
        1    1.764   MUX3D0BWP30P140
        1    1.638   MUX3ND0BWP30P140
        2    4.788   MUX4D0BWP30P140
       47  106.596   MUX4ND0BWP30P140
      645   325.08   ND3D0BWP30P140
      288   181.44   ND4D0BWP30P140
     2780  1050.84   NR2D0BWP30P140
      509  256.536   NR3D0BWP30P140
      136    85.68   NR4D0BWP30P140
      219  165.564   OA211D0BWP30P140
      260    163.8   OA21D0BWP30P140
       95    83.79   OA22D0BWP30P140
      355   223.65   OAI211D0BWP30P140
     1204  606.816   OAI21D0BWP30P140
       64   56.448   OAI221D0BWP30P140
       32   32.256   OAI222D0BWP30P140
      264   166.32   OAI22D0BWP30P140
      195   122.85   OAI31D0BWP30P140
      127   96.012   OAI32D0BWP30P140
        1    0.882   OAI33D0BWP30P140
      386  194.544   OR2D0BWP30P140
       42    26.46   OR3D0BWP30P140
      223  168.588   OR4D0BWP30P140
     4840  4268.88   XNR2UD0BWP30P140
     1185  2090.34   XNR3UD0BWP30P140
       64  169.344   XNR4D0BWP30P140
     2662 2.35E+03   XOR2UD0BWP30P140
      320   564.48   XOR3UD0BWP30P140
       32   84.672   XOR4D0BWP30P140
       97 2.65E+04 submodules
       31 1.14E+04   CustomFPAdder_exp8_mant20
       32 1.53E+03   CustomOperator_INT8_to_E5M2
        1  554.904   FP32Adder
       32 1.29E+04   ScaleAddition_INT8_to_E5M2_scale_UE4M4
        1  104.328   ScaleToFP32_INT8_x_E5M2_UE4M4

   Chip area for top module '\BFP_PE': 26563.446000
     of which used for sequential elements: 74.844000 (0.28%)

