Startpoint: reset (input port clocked by CORE_CLK)
Endpoint: _068_ (recovery check against rising-edge clock CORE_CLK)
Path Group: asynchronous
Path Type: max

    Delay      Time   Description
-------------------------------------------------------------
   0.0000    0.0000   clock CORE_CLK (rise edge)
   0.0000    0.0000   clock network delay (ideal)
   0.0000    0.0000 ^ input external delay
   0.0000    0.0000 ^ reset (in)
   0.0000    0.0000 ^ _068_/CDN (DFCNQD1BWP30P140)
             0.0000   data arrival time

  20.0000   20.0000   clock CORE_CLK (rise edge)
   0.0000   20.0000   clock network delay (ideal)
  -0.0500   19.9500   clock uncertainty
   0.0000   19.9500   clock reconvergence pessimism
            19.9500 ^ _068_/CP (DFCNQD1BWP30P140)
   0.0258   19.9758   library recovery time
            19.9758   data required time
-------------------------------------------------------------
            19.9758   data required time
            -0.0000   data arrival time
-------------------------------------------------------------
            19.9758   slack (MET)


Startpoint: io_op_a_i[3] (input port clocked by CORE_CLK)
Endpoint: _069_ (rising edge-triggered flip-flop clocked by CORE_CLK)
Path Group: CORE_CLK
Path Type: max

    Delay      Time   Description
-------------------------------------------------------------
   0.0000    0.0000   clock CORE_CLK (rise edge)
   0.0000    0.0000   clock network delay (ideal)
   0.0000    0.0000 ^ input external delay
   0.0000    0.0000 ^ io_op_a_i[3] (in)
   0.0179    0.0179 v op/_62_/ZN (AOI21D0BWP30P140)
   0.0301    0.0480 ^ op/_67_/ZN (AOI21D0BWP30P140)
   0.0307    0.0787 v op/_70_/ZN (MAOI222D0BWP30P140)
   0.0266    0.1053 v op/_78_/ZN (XNR2UD0BWP30P140)
   0.0659    0.1712 v sa/_109_/Z (XOR3UD0BWP30P140)
   0.0611    0.2323 v sa/_123_/Z (XOR3UD0BWP30P140)
   0.0211    0.2534 ^ sa/_124_/ZN (NR2D0BWP30P140)
   0.0197    0.2731 v sa/_126_/ZN (OAI21D0BWP30P140)
   0.0253    0.2984 ^ sa/_128_/ZN (AOI21D0BWP30P140)
   0.0216    0.3199 v sa/_138_/ZN (OAI21D0BWP30P140)
   0.0255    0.3454 ^ sa/_155_/ZN (AOI21D0BWP30P140)
   0.0216    0.3670 v sa/_168_/ZN (OAI21D0BWP30P140)
   0.0207    0.3877 v sa/_170_/ZN (INR2D0BWP30P140)
   0.0277    0.4154 v conv/_118_/Z (XOR2UD0BWP30P140)
   0.0204    0.4358 v conv/_119_/Z (AN2D0BWP30P140)
   0.0222    0.4579 v conv/_120_/ZN (IOA21D0BWP30P140)
   0.0115    0.4695 ^ conv/_122_/ZN (IND2D0BWP30P140)
   0.0242    0.4937 ^ conv/_123_/Z (XOR2UD0BWP30P140)
   0.0799    0.5737 v conv/_143_/ZN (OAI211D0BWP30P140)
   0.0601    0.6337 ^ conv/_158_/ZN (AOI21D0BWP30P140)
   0.0320    0.6657 v reducedSum_nextLevel_adder/_0893_/ZN (XNR2UD0BWP30P140)
   0.0317    0.6974 ^ reducedSum_nextLevel_adder/_0895_/ZN (AOI21D0BWP30P140)
   0.0302    0.7276 v reducedSum_nextLevel_adder/_0897_/ZN (MAOI222D0BWP30P140)
   0.0358    0.7634 ^ reducedSum_nextLevel_adder/_0910_/ZN (MAOI222D0BWP30P140)
   0.0247    0.7881 v reducedSum_nextLevel_adder/_0911_/ZN (OAI21D0BWP30P140)
   0.0325    0.8206 ^ reducedSum_nextLevel_adder/_0912_/ZN (MAOI222D0BWP30P140)
   0.0295    0.8501 v reducedSum_nextLevel_adder/_0913_/ZN (MAOI222D0BWP30P140)
   0.0260    0.8761 v reducedSum_nextLevel_adder/_0924_/Z (XOR2UD0BWP30P140)
   0.0237    0.8998 ^ reducedSum_nextLevel_adder/_0925_/ZN (NR2D0BWP30P140)
   0.0205    0.9204 ^ reducedSum_nextLevel_adder/_0926_/Z (AN2D0BWP30P140)
   0.3865    1.3069 v reducedSum_nextLevel_adder/_0983_/ZN (AOI31D0BWP30P140)
   0.1685    1.4753 ^ reducedSum_nextLevel_adder/_0996_/ZN (AOI211D0BWP30P140)
   0.1218    1.5972 v reducedSum_nextLevel_adder/_0998_/ZN (NR2D0BWP30P140)
   0.0651    1.6623 ^ reducedSum_nextLevel_adder/_1156_/ZN (AOI211D0BWP30P140)
   0.0194    1.6817 v reducedSum_nextLevel_adder/_1197_/ZN (OAI33D0BWP30P140)
   0.0337    1.7154 ^ reducedSum_nextLevel_adder/_1198_/ZN (AOI22D0BWP30P140)
   0.0348    1.7502 v reducedSum_nextLevel_adder/_1200_/ZN (ND4D0BWP30P140)
   0.0339    1.7841 ^ reducedSum_nextLevel_adder/_1211_/ZN (OAI31D0BWP30P140)
   0.0253    1.8095 v reducedSum_nextLevel_adder/_1213_/ZN (MAOI222D0BWP30P140)
   0.0312    1.8406 ^ reducedSum_nextLevel_adder/_1215_/ZN (MAOI222D0BWP30P140)
   0.0273    1.8679 ^ reducedSum_nextLevel_adder/_1217_/Z (AO21D0BWP30P140)
   0.0216    1.8895 v reducedSum_nextLevel_adder/_1219_/ZN (MAOI222D0BWP30P140)
   0.0257    1.9152 v reducedSum_nextLevel_adder/_1222_/Z (OA21D0BWP30P140)
   0.0202    1.9354 v reducedSum_nextLevel_adder/_1225_/ZN (IAO21D0BWP30P140)
   0.0170    1.9524 ^ reducedSum_nextLevel_adder/_1227_/ZN (OAI21D0BWP30P140)
   0.0169    1.9692 v reducedSum_nextLevel_adder/_1229_/ZN (AOI21D0BWP30P140)
   0.0287    1.9979 ^ reducedSum_nextLevel_adder/_1237_/ZN (MAOI222D0BWP30P140)
   0.0268    2.0247 ^ reducedSum_nextLevel_adder/_1248_/Z (AO21D0BWP30P140)
   0.0224    2.0471 v reducedSum_nextLevel_adder/_1258_/ZN (MAOI222D0BWP30P140)
   0.0332    2.0803 ^ reducedSum_nextLevel_adder/_1270_/ZN (MAOI222D0BWP30P140)
   0.0262    2.1065 ^ reducedSum_nextLevel_adder/_1274_/Z (AO21D0BWP30P140)
   0.0149    2.1214 v reducedSum_nextLevel_adder/_1291_/ZN (AOI21D0BWP30P140)
   0.0305    2.1519 ^ reducedSum_nextLevel_adder/_1295_/ZN (MAOI222D0BWP30P140)
   0.0276    2.1796 v reducedSum_nextLevel_adder/_1314_/ZN (MAOI222D0BWP30P140)
   0.0331    2.2127 ^ reducedSum_nextLevel_adder/_1316_/ZN (MAOI222D0BWP30P140)
   0.0185    2.2312 v reducedSum_nextLevel_adder/_1334_/ZN (AOI21D0BWP30P140)
   0.0284    2.2596 ^ reducedSum_nextLevel_adder/_1336_/ZN (MAOI222D0BWP30P140)
   0.0279    2.2875 ^ reducedSum_nextLevel_adder/_1363_/Z (AO21D0BWP30P140)
   0.0161    2.3036 v reducedSum_nextLevel_adder/_1367_/ZN (AOI211D0BWP30P140)
   0.0299    2.3335 v reducedSum_nextLevel_adder/_1369_/ZN (IAO21D0BWP30P140)
   0.0251    2.3586 v reducedSum_nextLevel_adder/_1370_/Z (OR2D0BWP30P140)
   0.2730    2.6316 ^ reducedSum_nextLevel_adder/_1450_/ZN (OAI31D0BWP30P140)
   0.0665    2.6981 ^ reducedSum_nextLevel_adder/_1555_/Z (MUX4D0BWP30P140)
   0.0446    2.7427 ^ reducedSum_nextLevel_adder/_1583_/Z (AN4D0BWP30P140)
   0.0382    2.7810 v reducedSum_nextLevel_adder/_1586_/ZN (ND4D0BWP30P140)
   0.0543    2.8353 ^ reducedSum_nextLevel_adder/_1589_/ZN (INR4D0BWP30P140)
   0.0491    2.8844 ^ reducedSum_nextLevel_adder/_1597_/Z (AN4D0BWP30P140)
   0.0361    2.9205 v reducedSum_nextLevel_adder/_1607_/ZN (ND4D0BWP30P140)
   0.0492    2.9697 v reducedSum_nextLevel_adder/_1610_/ZN (IND4D0BWP30P140)
   0.0279    2.9976 ^ reducedSum_nextLevel_adder/_1611_/ZN (NR3D0BWP30P140)
   0.0209    3.0185 v reducedSum_nextLevel_adder/_1612_/ZN (IND2D0BWP30P140)
   0.0383    3.0568 v reducedSum_nextLevel_adder/_1614_/ZN (IND3D0BWP30P140)
   0.0381    3.0949 ^ reducedSum_nextLevel_adder/_1616_/ZN (MAOI222D0BWP30P140)
   0.0323    3.1272 v reducedSum_nextLevel_adder/_1621_/ZN (IND4D0BWP30P140)
   0.0252    3.1523 ^ reducedSum_nextLevel_adder/_1626_/ZN (AOI21D0BWP30P140)
   0.0235    3.1758 v reducedSum_nextLevel_adder/_1628_/ZN (OAI21D0BWP30P140)
   0.0265    3.2023 v reducedSum_nextLevel_adder/_1629_/Z (AN2D0BWP30P140)
   0.0217    3.2240 ^ reducedSum_nextLevel_adder/_1634_/ZN (AOI22D0BWP30P140)
   0.0272    3.2513 v reducedSum_nextLevel_adder/_1635_/ZN (OAI31D0BWP30P140)
   0.0404    3.2917 v reducedSum_nextLevel_adder/_1655_/Z (AO21D0BWP30P140)
   0.0271    3.3187 ^ reducedSum_nextLevel_adder/_1660_/ZN (NR2D0BWP30P140)
   0.0295    3.3482 v reducedSum_nextLevel_adder_2/_0893_/ZN (XNR2UD0BWP30P140)
   0.0310    3.3793 ^ reducedSum_nextLevel_adder_2/_0895_/ZN (AOI21D0BWP30P140)
   0.0301    3.4094 v reducedSum_nextLevel_adder_2/_0897_/ZN (MAOI222D0BWP30P140)
   0.0350    3.4443 ^ reducedSum_nextLevel_adder_2/_0910_/ZN (MAOI222D0BWP30P140)
   0.0242    3.4686 v reducedSum_nextLevel_adder_2/_0911_/ZN (OAI21D0BWP30P140)
   0.0323    3.5009 ^ reducedSum_nextLevel_adder_2/_0912_/ZN (MAOI222D0BWP30P140)
   0.0294    3.5303 v reducedSum_nextLevel_adder_2/_0913_/ZN (MAOI222D0BWP30P140)
   0.0253    3.5556 v reducedSum_nextLevel_adder_2/_0924_/Z (XOR2UD0BWP30P140)
   0.0237    3.5793 ^ reducedSum_nextLevel_adder_2/_0925_/ZN (NR2D0BWP30P140)
   0.0205    3.5998 ^ reducedSum_nextLevel_adder_2/_0926_/Z (AN2D0BWP30P140)
   0.3865    3.9863 v reducedSum_nextLevel_adder_2/_0983_/ZN (AOI31D0BWP30P140)
   0.1685    4.1548 ^ reducedSum_nextLevel_adder_2/_0996_/ZN (AOI211D0BWP30P140)
   0.1218    4.2766 v reducedSum_nextLevel_adder_2/_0998_/ZN (NR2D0BWP30P140)
   0.0651    4.3417 ^ reducedSum_nextLevel_adder_2/_1156_/ZN (AOI211D0BWP30P140)
   0.0215    4.3632 v reducedSum_nextLevel_adder_2/_1197_/ZN (OAI33D0BWP30P140)
   0.0337    4.3969 ^ reducedSum_nextLevel_adder_2/_1198_/ZN (AOI22D0BWP30P140)
   0.0348    4.4317 v reducedSum_nextLevel_adder_2/_1200_/ZN (ND4D0BWP30P140)
   0.0339    4.4657 ^ reducedSum_nextLevel_adder_2/_1211_/ZN (OAI31D0BWP30P140)
   0.0260    4.4916 v reducedSum_nextLevel_adder_2/_1213_/ZN (MAOI222D0BWP30P140)
   0.0321    4.5237 ^ reducedSum_nextLevel_adder_2/_1215_/ZN (MAOI222D0BWP30P140)
   0.0273    4.5510 ^ reducedSum_nextLevel_adder_2/_1217_/Z (AO21D0BWP30P140)
   0.0222    4.5731 v reducedSum_nextLevel_adder_2/_1219_/ZN (MAOI222D0BWP30P140)
   0.0257    4.5988 v reducedSum_nextLevel_adder_2/_1222_/Z (OA21D0BWP30P140)
   0.0202    4.6190 v reducedSum_nextLevel_adder_2/_1225_/ZN (IAO21D0BWP30P140)
   0.0170    4.6360 ^ reducedSum_nextLevel_adder_2/_1227_/ZN (OAI21D0BWP30P140)
   0.0169    4.6529 v reducedSum_nextLevel_adder_2/_1229_/ZN (AOI21D0BWP30P140)
   0.0295    4.6824 ^ reducedSum_nextLevel_adder_2/_1237_/ZN (MAOI222D0BWP30P140)
   0.0268    4.7092 ^ reducedSum_nextLevel_adder_2/_1248_/Z (AO21D0BWP30P140)
   0.0229    4.7321 v reducedSum_nextLevel_adder_2/_1258_/ZN (MAOI222D0BWP30P140)
   0.0342    4.7663 ^ reducedSum_nextLevel_adder_2/_1270_/ZN (MAOI222D0BWP30P140)
   0.0262    4.7925 ^ reducedSum_nextLevel_adder_2/_1274_/Z (AO21D0BWP30P140)
   0.0149    4.8074 v reducedSum_nextLevel_adder_2/_1291_/ZN (AOI21D0BWP30P140)
   0.0313    4.8387 ^ reducedSum_nextLevel_adder_2/_1295_/ZN (MAOI222D0BWP30P140)
   0.0285    4.8672 v reducedSum_nextLevel_adder_2/_1314_/ZN (MAOI222D0BWP30P140)
   0.0331    4.9002 ^ reducedSum_nextLevel_adder_2/_1316_/ZN (MAOI222D0BWP30P140)
   0.0185    4.9188 v reducedSum_nextLevel_adder_2/_1334_/ZN (AOI21D0BWP30P140)
   0.0284    4.9472 ^ reducedSum_nextLevel_adder_2/_1336_/ZN (MAOI222D0BWP30P140)
   0.0279    4.9751 ^ reducedSum_nextLevel_adder_2/_1363_/Z (AO21D0BWP30P140)
   0.0161    4.9912 v reducedSum_nextLevel_adder_2/_1367_/ZN (AOI211D0BWP30P140)
   0.0299    5.0211 v reducedSum_nextLevel_adder_2/_1369_/ZN (IAO21D0BWP30P140)
   0.0251    5.0462 v reducedSum_nextLevel_adder_2/_1370_/Z (OR2D0BWP30P140)
   0.2730    5.3192 ^ reducedSum_nextLevel_adder_2/_1450_/ZN (OAI31D0BWP30P140)
   0.0665    5.3857 ^ reducedSum_nextLevel_adder_2/_1555_/Z (MUX4D0BWP30P140)
   0.0446    5.4303 ^ reducedSum_nextLevel_adder_2/_1583_/Z (AN4D0BWP30P140)
   0.0382    5.4685 v reducedSum_nextLevel_adder_2/_1586_/ZN (ND4D0BWP30P140)
   0.0543    5.5228 ^ reducedSum_nextLevel_adder_2/_1589_/ZN (INR4D0BWP30P140)
   0.0491    5.5719 ^ reducedSum_nextLevel_adder_2/_1597_/Z (AN4D0BWP30P140)
   0.0361    5.6081 v reducedSum_nextLevel_adder_2/_1607_/ZN (ND4D0BWP30P140)
   0.0492    5.6573 v reducedSum_nextLevel_adder_2/_1610_/ZN (IND4D0BWP30P140)
   0.0279    5.6852 ^ reducedSum_nextLevel_adder_2/_1611_/ZN (NR3D0BWP30P140)
   0.0209    5.7061 v reducedSum_nextLevel_adder_2/_1612_/ZN (IND2D0BWP30P140)
   0.0383    5.7443 v reducedSum_nextLevel_adder_2/_1614_/ZN (IND3D0BWP30P140)
   0.0381    5.7825 ^ reducedSum_nextLevel_adder_2/_1616_/ZN (MAOI222D0BWP30P140)
   0.0323    5.8147 v reducedSum_nextLevel_adder_2/_1621_/ZN (IND4D0BWP30P140)
   0.0252    5.8399 ^ reducedSum_nextLevel_adder_2/_1626_/ZN (AOI21D0BWP30P140)
   0.0235    5.8634 v reducedSum_nextLevel_adder_2/_1628_/ZN (OAI21D0BWP30P140)
   0.0265    5.8899 v reducedSum_nextLevel_adder_2/_1629_/Z (AN2D0BWP30P140)
   0.0217    5.9116 ^ reducedSum_nextLevel_adder_2/_1634_/ZN (AOI22D0BWP30P140)
   0.0272    5.9389 v reducedSum_nextLevel_adder_2/_1635_/ZN (OAI31D0BWP30P140)
   0.0404    5.9792 v reducedSum_nextLevel_adder_2/_1655_/Z (AO21D0BWP30P140)
   0.0304    6.0096 ^ reducedSum_nextLevel_adder_2/_1660_/ZN (NR2D0BWP30P140)
   0.0222    6.0318 v accAdder/_0893_/ZN (XNR2UD0BWP30P140)
   0.0302    6.0619 ^ accAdder/_0895_/ZN (AOI21D0BWP30P140)
   0.0300    6.0919 v accAdder/_0897_/ZN (MAOI222D0BWP30P140)
   0.0350    6.1269 ^ accAdder/_0910_/ZN (MAOI222D0BWP30P140)
   0.0242    6.1512 v accAdder/_0911_/ZN (OAI21D0BWP30P140)
   0.0322    6.1834 ^ accAdder/_0912_/ZN (MAOI222D0BWP30P140)
   0.0294    6.2128 v accAdder/_0913_/ZN (MAOI222D0BWP30P140)
   0.0253    6.2381 v accAdder/_0924_/Z (XOR2UD0BWP30P140)
   0.0237    6.2618 ^ accAdder/_0925_/ZN (NR2D0BWP30P140)
   0.0205    6.2824 ^ accAdder/_0926_/Z (AN2D0BWP30P140)
   0.3865    6.6689 v accAdder/_0983_/ZN (AOI31D0BWP30P140)
   0.1685    6.8373 ^ accAdder/_0996_/ZN (AOI211D0BWP30P140)
   0.1218    6.9591 v accAdder/_0998_/ZN (NR2D0BWP30P140)
   0.0651    7.0242 ^ accAdder/_1156_/ZN (AOI211D0BWP30P140)
   0.0215    7.0457 v accAdder/_1197_/ZN (OAI33D0BWP30P140)
   0.0337    7.0794 ^ accAdder/_1198_/ZN (AOI22D0BWP30P140)
   0.0348    7.1142 v accAdder/_1200_/ZN (ND4D0BWP30P140)
   0.0339    7.1482 ^ accAdder/_1211_/ZN (OAI31D0BWP30P140)
   0.0260    7.1741 v accAdder/_1213_/ZN (MAOI222D0BWP30P140)
   0.0321    7.2062 ^ accAdder/_1215_/ZN (MAOI222D0BWP30P140)
   0.0273    7.2335 ^ accAdder/_1217_/Z (AO21D0BWP30P140)
   0.0222    7.2556 v accAdder/_1219_/ZN (MAOI222D0BWP30P140)
   0.0257    7.2813 v accAdder/_1222_/Z (OA21D0BWP30P140)
   0.0202    7.3015 v accAdder/_1225_/ZN (IAO21D0BWP30P140)
   0.0170    7.3185 ^ accAdder/_1227_/ZN (OAI21D0BWP30P140)
   0.0169    7.3354 v accAdder/_1229_/ZN (AOI21D0BWP30P140)
   0.0295    7.3649 ^ accAdder/_1237_/ZN (MAOI222D0BWP30P140)
   0.0268    7.3917 ^ accAdder/_1248_/Z (AO21D0BWP30P140)
   0.0229    7.4146 v accAdder/_1258_/ZN (MAOI222D0BWP30P140)
   0.0342    7.4488 ^ accAdder/_1270_/ZN (MAOI222D0BWP30P140)
   0.0262    7.4750 ^ accAdder/_1274_/Z (AO21D0BWP30P140)
   0.0149    7.4899 v accAdder/_1291_/ZN (AOI21D0BWP30P140)
   0.0313    7.5212 ^ accAdder/_1295_/ZN (MAOI222D0BWP30P140)
   0.0285    7.5497 v accAdder/_1314_/ZN (MAOI222D0BWP30P140)
   0.0331    7.5827 ^ accAdder/_1316_/ZN (MAOI222D0BWP30P140)
   0.0185    7.6013 v accAdder/_1334_/ZN (AOI21D0BWP30P140)
   0.0284    7.6297 ^ accAdder/_1336_/ZN (MAOI222D0BWP30P140)
   0.0279    7.6576 ^ accAdder/_1363_/Z (AO21D0BWP30P140)
   0.0161    7.6737 v accAdder/_1367_/ZN (AOI211D0BWP30P140)
   0.0299    7.7036 v accAdder/_1369_/ZN (IAO21D0BWP30P140)
   0.0251    7.7287 v accAdder/_1370_/Z (OR2D0BWP30P140)
   0.2730    8.0017 ^ accAdder/_1450_/ZN (OAI31D0BWP30P140)
   0.0665    8.0682 ^ accAdder/_1555_/Z (MUX4D0BWP30P140)
   0.0446    8.1128 ^ accAdder/_1583_/Z (AN4D0BWP30P140)
   0.0382    8.1510 v accAdder/_1586_/ZN (ND4D0BWP30P140)
   0.0543    8.2053 ^ accAdder/_1589_/ZN (INR4D0BWP30P140)
   0.0491    8.2544 ^ accAdder/_1597_/Z (AN4D0BWP30P140)
   0.0361    8.2906 v accAdder/_1607_/ZN (ND4D0BWP30P140)
   0.0492    8.3398 v accAdder/_1610_/ZN (IND4D0BWP30P140)
   0.0279    8.3677 ^ accAdder/_1611_/ZN (NR3D0BWP30P140)
   0.0209    8.3886 v accAdder/_1612_/ZN (IND2D0BWP30P140)
   0.0383    8.4269 v accAdder/_1614_/ZN (IND3D0BWP30P140)
   0.0381    8.4650 ^ accAdder/_1616_/ZN (MAOI222D0BWP30P140)
   0.0323    8.4972 v accAdder/_1621_/ZN (IND4D0BWP30P140)
   0.0252    8.5224 ^ accAdder/_1626_/ZN (AOI21D0BWP30P140)
   0.0235    8.5459 v accAdder/_1628_/ZN (OAI21D0BWP30P140)
   0.0265    8.5724 v accAdder/_1629_/Z (AN2D0BWP30P140)
   0.0217    8.5941 ^ accAdder/_1634_/ZN (AOI22D0BWP30P140)
   0.0272    8.6214 v accAdder/_1635_/ZN (OAI31D0BWP30P140)
   0.0799    8.7013 v accAdder/_1666_/Z (AO211D0BWP30P140)
   0.0421    8.7433 ^ accAdder/_1712_/ZN (AOI211D0BWP30P140)
   0.0261    8.7694 ^ _061_/Z (AO22D0BWP30P140)
   0.0000    8.7694 ^ _069_/D (DFCNQD1BWP30P140)
             8.7694   data arrival time

  20.0000   20.0000   clock CORE_CLK (rise edge)
   0.0000   20.0000   clock network delay (ideal)
  -0.0500   19.9500   clock uncertainty
   0.0000   19.9500   clock reconvergence pessimism
            19.9500 ^ _069_/CP (DFCNQD1BWP30P140)
  -0.0174   19.9326   library setup time
            19.9326   data required time
-------------------------------------------------------------
            19.9326   data required time
            -8.7694   data arrival time
-------------------------------------------------------------
            11.1632   slack (MET)


