
6. Printing statistics.

=== BFP_PE ===

        +----------Local Count, excluding submodules.
        |        +-Local Area, excluding submodules.
        |        | 
      333        - wires
     2497        - wire bits
      299        - public wires
     2463        - public wire bits
       10        - ports
      437        - port bits
       67   99.918 cells
       32   24.192   AO22D0BWP30P140
       33   74.844   DFCNQD1BWP30P140
        1    0.504   INR2D0BWP30P140
        1    0.378   NR2D0BWP30P140
       97        - submodules
       31        -   CustomFPAdder_exp11_mant11
       32        -   CustomOperator_INT8_to_E2M1
        1        -   FP32Adder
       32        -   ScaleAddition_INT8_to_E2M1_scale_UE8M0
        1        -   ScaleToFP32_INT8_x_E2M1_UE8M0

   Chip area for module '\BFP_PE': 99.918000
     of which used for sequential elements: 74.844000 (74.91%)

=== FP32Adder ===

        +----------Local Count, excluding submodules.
        |        +-Local Area, excluding submodules.
        |        | 
      872        - wires
     1037        - wire bits
        6        - public wires
      171        - public wire bits
        3        - ports
       96        - port bits
      898  554.904 cells
       18    9.072   AN2D0BWP30P140
        5     3.15   AN3D0BWP30P140
        4    3.024   AN4D0BWP30P140
        2    1.512   AO211D0BWP30P140
       13     8.19   AO21D0BWP30P140
        4    3.024   AO22D0BWP30P140
       10      6.3   AOI211D0BWP30P140
       52   26.208   AOI21D0BWP30P140
       10     7.56   AOI221D0BWP30P140
        2    2.016   AOI222D0BWP30P140
       32    20.16   AOI22D0BWP30P140
        2     1.26   AOI31D0BWP30P140
       19   16.758   CKMUX2D0BWP30P140
       65    16.38   CKND0BWP30P140
       72   27.216   CKND2D0BWP30P140
        6     3.78   IAO21D0BWP30P140
       20    10.08   IND2D0BWP30P140
        1     0.63   IND3D0BWP30P140
        2    1.512   IND4D0BWP30P140
       21   10.584   INR2D0BWP30P140
        8     5.04   INR3D0BWP30P140
        3    2.268   INR4D0BWP30P140
        7     4.41   IOA21D0BWP30P140
       30    22.68   MAOI222D0BWP30P140
       15    11.34   MAOI22D0BWP30P140
        4    3.024   MOAI22D0BWP30P140
      114   86.184   MUX2ND0BWP30P140
        1    1.764   MUX3D0BWP30P140
        1    1.638   MUX3ND0BWP30P140
        2    4.788   MUX4D0BWP30P140
       16   36.288   MUX4ND0BWP30P140
       14    7.056   ND3D0BWP30P140
        5     3.15   ND4D0BWP30P140
       99   37.422   NR2D0BWP30P140
       35    17.64   NR3D0BWP30P140
        8     5.04   NR4D0BWP30P140
        2    1.512   OA211D0BWP30P140
        6     3.78   OA21D0BWP30P140
        1    0.882   OA22D0BWP30P140
       13     8.19   OAI211D0BWP30P140
       41   20.664   OAI21D0BWP30P140
        1    0.882   OAI221D0BWP30P140
        1    1.008   OAI222D0BWP30P140
       10      6.3   OAI22D0BWP30P140
        6     3.78   OAI31D0BWP30P140
        3    2.268   OAI32D0BWP30P140
        1    0.882   OAI33D0BWP30P140
        6    3.024   OR2D0BWP30P140
        8     5.04   OR3D0BWP30P140
        2    1.512   OR4D0BWP30P140
       51   44.982   XNR2UD0BWP30P140
        1    1.764   XNR3UD0BWP30P140
       23   20.286   XOR2UD0BWP30P140

   Chip area for module '\FP32Adder': 554.904000
     of which used for sequential elements: 0.000000 (0.00%)

=== ScaleToFP32_INT8_x_E2M1_UE8M0 ===

        +----------Local Count, excluding submodules.
        |        +-Local Area, excluding submodules.
        |        | 
      102        - wires
      153        - wire bits
        4        - public wires
       55        - public wire bits
        4        - ports
       55        - port bits
      117   68.418 cells
        1    0.756   AN4D0BWP30P140
        4     2.52   AOI211D0BWP30P140
       15     7.56   AOI21D0BWP30P140
        1    0.756   AOI221D0BWP30P140
        1     0.63   AOI22D0BWP30P140
        1     0.63   AOI31D0BWP30P140
        1    0.882   CKMUX2D0BWP30P140
        5     1.26   CKND0BWP30P140
        4    1.512   CKND2D0BWP30P140
        2     1.26   IAO21D0BWP30P140
        5     2.52   IND2D0BWP30P140
        7    3.528   INR2D0BWP30P140
        1     0.63   INR3D0BWP30P140
        1    0.756   MAOI222D0BWP30P140
       12    9.072   MUX2ND0BWP30P140
        2    1.008   ND3D0BWP30P140
        1     0.63   ND4D0BWP30P140
       16    6.048   NR2D0BWP30P140
        3    1.512   NR3D0BWP30P140
        5     3.15   NR4D0BWP30P140
        1     0.63   OA21D0BWP30P140
        2     1.26   OAI211D0BWP30P140
        3    1.512   OAI21D0BWP30P140
        2     1.26   OAI22D0BWP30P140
        1     0.63   OAI31D0BWP30P140
        1    0.756   OAI32D0BWP30P140
        2    1.008   OR2D0BWP30P140
        1     0.63   OR3D0BWP30P140
        9    7.938   XNR2UD0BWP30P140
        7    6.174   XOR2UD0BWP30P140

   Chip area for module '\ScaleToFP32_INT8_x_E2M1_UE8M0': 68.418000
     of which used for sequential elements: 0.000000 (0.00%)

=== CustomFPAdder_exp11_mant11 ===

        +----------Local Count, excluding submodules.
        |        +-Local Area, excluding submodules.
        |        | 
      400        - wires
      473        - wire bits
       10        - public wires
       83        - public wire bits
        9        - ports
       69        - port bits
      413  254.016 cells
       15     7.56   AN2D0BWP30P140
        3     1.89   AN3D0BWP30P140
        1    0.756   AO211D0BWP30P140
        6     3.78   AO21D0BWP30P140
        1    0.756   AO22D0BWP30P140
        9     5.67   AOI211D0BWP30P140
       21   10.584   AOI21D0BWP30P140
        4    3.024   AOI221D0BWP30P140
        1    1.008   AOI222D0BWP30P140
        5     3.15   AOI22D0BWP30P140
        5     3.15   AOI31D0BWP30P140
        2    1.512   AOI32D0BWP30P140
        3    2.646   CKMUX2D0BWP30P140
       26    6.552   CKND0BWP30P140
       24    9.072   CKND2D0BWP30P140
        3     1.89   IAO21D0BWP30P140
       13    6.552   IND2D0BWP30P140
        1     0.63   IND3D0BWP30P140
        2    1.512   IND4D0BWP30P140
       19    9.576   INR2D0BWP30P140
        1    0.756   INR4D0BWP30P140
        1     0.63   IOA21D0BWP30P140
       12    9.072   MAOI222D0BWP30P140
        3    2.268   MAOI22D0BWP30P140
        3    2.268   MOAI22D0BWP30P140
       63   47.628   MUX2ND0BWP30P140
        1    2.268   MUX4ND0BWP30P140
        6    3.024   ND3D0BWP30P140
        2     1.26   ND4D0BWP30P140
       32   12.096   NR2D0BWP30P140
       10     5.04   NR3D0BWP30P140
        6     3.78   NR4D0BWP30P140
        1    0.756   OA211D0BWP30P140
        7     4.41   OA21D0BWP30P140
        4     2.52   OAI211D0BWP30P140
       16    8.064   OAI21D0BWP30P140
        1    1.008   OAI222D0BWP30P140
        3     1.89   OAI22D0BWP30P140
        3     1.89   OAI31D0BWP30P140
        2    1.512   OAI32D0BWP30P140
        6    3.024   OR2D0BWP30P140
        5     3.15   OR3D0BWP30P140
        2    1.512   OR4D0BWP30P140
       33   29.106   XNR2UD0BWP30P140
        1    1.764   XNR3UD0BWP30P140
       25    22.05   XOR2UD0BWP30P140

   Chip area for module '\CustomFPAdder_exp11_mant11': 254.016000
     of which used for sequential elements: 0.000000 (0.00%)

=== ScaleAddition_INT8_to_E2M1_scale_UE8M0 ===

        +----------Local Count, excluding submodules.
        |        +-Local Area, excluding submodules.
        |        | 
       93        - wires
      139        - wire bits
        8        - public wires
       54        - public wire bits
        8        - ports
       54        - port bits
       95   65.646 cells
        2    1.008   AN2D0BWP30P140
        3     1.89   AN3D0BWP30P140
        4     2.52   AO21D0BWP30P140
        4    2.016   AOI21D0BWP30P140
        5     1.26   CKND0BWP30P140
        9    3.402   CKND2D0BWP30P140
        2    1.008   IND2D0BWP30P140
        5     2.52   INR2D0BWP30P140
        5     3.78   MAOI222D0BWP30P140
        6    3.024   ND3D0BWP30P140
        2     1.26   ND4D0BWP30P140
        6    2.268   NR2D0BWP30P140
        3    1.512   NR3D0BWP30P140
        5     2.52   OAI21D0BWP30P140
        2     1.26   OAI22D0BWP30P140
       11    9.702   XNR2UD0BWP30P140
        3    5.292   XNR3UD0BWP30P140
       14   12.348   XOR2UD0BWP30P140
        4    7.056   XOR3UD0BWP30P140

   Chip area for module '\ScaleAddition_INT8_to_E2M1_scale_UE8M0': 65.646000
     of which used for sequential elements: 0.000000 (0.00%)

=== CustomOperator_INT8_to_E2M1 ===

        +----------Local Count, excluding submodules.
        |        +-Local Area, excluding submodules.
        |        | 
       41        - wires
       65        - wire bits
        6        - public wires
       30        - public wire bits
        5        - ports
       27        - port bits
       47    27.72 cells
        5     2.52   AN2D0BWP30P140
        1    0.756   AN4D0BWP30P140
        2     1.26   AO21D0BWP30P140
        1     0.63   AOI211D0BWP30P140
        3     1.89   AOI22D0BWP30P140
        2    0.504   CKND0BWP30P140
        1    0.378   CKND2D0BWP30P140
        4    2.016   INR2D0BWP30P140
        2    1.512   MUX2ND0BWP30P140
        5     2.52   ND3D0BWP30P140
        1     0.63   ND4D0BWP30P140
        3    1.134   NR2D0BWP30P140
        1    0.756   OA211D0BWP30P140
        4    2.016   OAI21D0BWP30P140
        1     0.63   OAI22D0BWP30P140
        1     0.63   OAI31D0BWP30P140
        2    1.008   OR2D0BWP30P140
        1    0.756   OR4D0BWP30P140
        3    2.646   XNR2UD0BWP30P140
        4    3.528   XOR2UD0BWP30P140

   Chip area for module '\CustomOperator_INT8_to_E2M1': 27.720000
     of which used for sequential elements: 0.000000 (0.00%)

=== design hierarchy ===

        +----------Count including submodules.
        |        +-Area including submodules.
        |        | 
    18429 1.16E+04 BFP_PE
      413  254.016 CustomFPAdder_exp11_mant11
       47    27.72 CustomOperator_INT8_to_E2M1
      898  554.904 FP32Adder
       95   65.646 ScaleAddition_INT8_to_E2M1_scale_UE8M0
      117   68.418 ScaleToFP32_INT8_x_E2M1_UE8M0

        +----------Count including submodules.
        |        +-Area including submodules.
        |        | 
    17995        - wires
    24878        - wire bits
     1067        - public wires
     7950        - public wire bits
      712        - ports
     5319        - port bits
        -        - memories
        -        - memory bits
        -        - processes
    18429 1.16E+04 cells
      707  356.328   AN2D0BWP30P140
      194   122.22   AN3D0BWP30P140
       37   27.972   AN4D0BWP30P140
       33   24.948   AO211D0BWP30P140
      391   246.33   AO21D0BWP30P140
       67   50.652   AO22D0BWP30P140
      325   204.75   AOI211D0BWP30P140
      846  426.384   AOI21D0BWP30P140
      135   102.06   AOI221D0BWP30P140
       33   33.264   AOI222D0BWP30P140
      284   178.92   AOI22D0BWP30P140
      158    99.54   AOI31D0BWP30P140
       62   46.872   AOI32D0BWP30P140
      113   99.666   CKMUX2D0BWP30P140
     1100    277.2   CKND0BWP30P140
     1140   430.92   CKND2D0BWP30P140
       33   74.844   DFCNQD1BWP30P140
      101    63.63   IAO21D0BWP30P140
      492  247.968   IND2D0BWP30P140
       32    20.16   IND3D0BWP30P140
       64   48.384   IND4D0BWP30P140
      906  456.624   INR2D0BWP30P140
        9     5.67   INR3D0BWP30P140
       34   25.704   INR4D0BWP30P140
       38    23.94   IOA21D0BWP30P140
      563  425.628   MAOI222D0BWP30P140
      108   81.648   MAOI22D0BWP30P140
       97   73.332   MOAI22D0BWP30P140
     2143 1.62E+03   MUX2ND0BWP30P140
        1    1.764   MUX3D0BWP30P140
        1    1.638   MUX3ND0BWP30P140
        2    4.788   MUX4D0BWP30P140
       47  106.596   MUX4ND0BWP30P140
      554  279.216   ND3D0BWP30P140
      164   103.32   ND4D0BWP30P140
     1396  527.688   NR2D0BWP30P140
      444  223.776   NR3D0BWP30P140
      199   125.37   NR4D0BWP30P140
       65    49.14   OA211D0BWP30P140
      224   141.12   OA21D0BWP30P140
        1    0.882   OA22D0BWP30P140
      139    87.57   OAI211D0BWP30P140
      828  417.312   OAI21D0BWP30P140
        1    0.882   OAI221D0BWP30P140
       32   32.256   OAI222D0BWP30P140
      201   126.63   OAI22D0BWP30P140
      132    83.16   OAI31D0BWP30P140
       66   49.896   OAI32D0BWP30P140
        1    0.882   OAI33D0BWP30P140
      258  130.032   OR2D0BWP30P140
      164   103.32   OR3D0BWP30P140
       96   72.576   OR4D0BWP30P140
     1531 1.35E+03   XNR2UD0BWP30P140
      128  225.792   XNR3UD0BWP30P140
     1381 1.22E+03   XOR2UD0BWP30P140
      128  225.792   XOR3UD0BWP30P140
       97 1.15E+04 submodules
       31 7.87E+03   CustomFPAdder_exp11_mant11
       32   887.04   CustomOperator_INT8_to_E2M1
        1  554.904   FP32Adder
       32  2.1E+03   ScaleAddition_INT8_to_E2M1_scale_UE8M0
        1   68.418   ScaleToFP32_INT8_x_E2M1_UE8M0

   Chip area for top module '\BFP_PE': 11585.448000
     of which used for sequential elements: 74.844000 (0.65%)

