
6. Printing statistics.

=== BFP_PE ===

        +----------Local Count, excluding submodules.
        |        +-Local Area, excluding submodules.
        |        | 
       52        - wires
      265        - wire bits
       32        - public wires
      245        - public wire bits
       10        - ports
      101        - port bits
       39   57.582 cells
       18   13.608   AO22D0BWP30P140
       19   43.092   DFCNQD1BWP30P140
        1    0.504   INR2D0BWP30P140
        1    0.378   NR2D0BWP30P140
        8        - submodules
        4        -   CustomOperator_E4M3_to_E2M1
        1        -   FPNAdder
        1        -   FixedFPTree_exp6_mant6_out6_vec4_range14
        1        -   ScaleAddition_E4M3_to_E2M1_scale_UE4M4
        1        -   ScaleToFP9b_E4M3_x_E2M1_UE4M4

   Chip area for module '\BFP_PE': 57.582000
     of which used for sequential elements: 43.092000 (74.84%)

=== FPNAdder ===

        +----------Local Count, excluding submodules.
        |        +-Local Area, excluding submodules.
        |        | 
      448        - wires
      529        - wire bits
        6        - public wires
       87        - public wire bits
        3        - ports
       54        - port bits
      460  285.516 cells
       21   10.584   AN2D0BWP30P140
        6     3.78   AN3D0BWP30P140
        8     5.04   AO21D0BWP30P140
        3    2.268   AO22D0BWP30P140
       12     7.56   AOI211D0BWP30P140
       19    9.576   AOI21D0BWP30P140
        5     3.78   AOI221D0BWP30P140
        1    1.008   AOI222D0BWP30P140
        6     3.78   AOI22D0BWP30P140
        5     3.15   AOI31D0BWP30P140
        1    0.756   AOI32D0BWP30P140
        1    0.882   AOI33D0BWP30P140
        8    7.056   CKMUX2D0BWP30P140
       27    6.804   CKND0BWP30P140
       28   10.584   CKND2D0BWP30P140
        5     3.15   IAO21D0BWP30P140
       16    8.064   IND2D0BWP30P140
        1     0.63   IND3D0BWP30P140
        2    1.512   IND4D0BWP30P140
       16    8.064   INR2D0BWP30P140
        2     1.26   INR3D0BWP30P140
        4    3.024   INR4D0BWP30P140
        1     0.63   IOA21D0BWP30P140
        6    4.536   MAOI222D0BWP30P140
        3    2.268   MAOI22D0BWP30P140
        3    2.268   MOAI22D0BWP30P140
       35    26.46   MUX2ND0BWP30P140
        3    5.292   MUX3D0BWP30P140
        1    1.638   MUX3ND0BWP30P140
        1    2.394   MUX4D0BWP30P140
        5    11.34   MUX4ND0BWP30P140
       11    5.544   ND3D0BWP30P140
        9     5.67   ND4D0BWP30P140
       43   16.254   NR2D0BWP30P140
       19    9.576   NR3D0BWP30P140
        7     4.41   NR4D0BWP30P140
        3    2.268   OA211D0BWP30P140
       11     6.93   OA21D0BWP30P140
        1    0.882   OA22D0BWP30P140
       12     7.56   OAI211D0BWP30P140
       12    6.048   OAI21D0BWP30P140
        3    2.646   OAI221D0BWP30P140
        7     4.41   OAI22D0BWP30P140
        6     3.78   OAI31D0BWP30P140
        1    0.756   OAI32D0BWP30P140
        1    0.882   OAI33D0BWP30P140
        9    4.536   OR2D0BWP30P140
        2     1.26   OR3D0BWP30P140
        2    1.512   OR4D0BWP30P140
       30    26.46   XNR2UD0BWP30P140
       15    13.23   XOR2UD0BWP30P140
        1    1.764   XOR3UD0BWP30P140

   Chip area for module '\FPNAdder': 285.516000
     of which used for sequential elements: 0.000000 (0.00%)

=== ScaleToFP9b_E4M3_x_E2M1_UE4M4 ===

        +----------Local Count, excluding submodules.
        |        +-Local Area, excluding submodules.
        |        | 
      131        - wires
      169        - wire bits
        4        - public wires
       42        - public wire bits
        4        - ports
       42        - port bits
      145   92.862 cells
        4    2.016   AN2D0BWP30P140
        1    0.756   AO211D0BWP30P140
        2     1.26   AO21D0BWP30P140
        3     1.89   AOI211D0BWP30P140
       10     5.04   AOI21D0BWP30P140
        1     0.63   AOI22D0BWP30P140
        2     1.26   AOI31D0BWP30P140
        5     4.41   CKMUX2D0BWP30P140
        9    2.268   CKND0BWP30P140
        9    3.402   CKND2D0BWP30P140
        7     4.41   IAO21D0BWP30P140
        3    1.512   IND2D0BWP30P140
        2     1.26   IND3D0BWP30P140
        1    0.756   IND4D0BWP30P140
        8    4.032   INR2D0BWP30P140
        3     1.89   IOA21D0BWP30P140
        2    1.512   MAOI222D0BWP30P140
        1    0.756   MOAI22D0BWP30P140
       14   10.584   MUX2ND0BWP30P140
        4    9.072   MUX4ND0BWP30P140
        1    0.504   ND3D0BWP30P140
        1     0.63   ND4D0BWP30P140
       12    4.536   NR2D0BWP30P140
        5     2.52   NR3D0BWP30P140
        3     1.89   NR4D0BWP30P140
        2     1.26   OA21D0BWP30P140
        1    0.882   OA22D0BWP30P140
        2     1.26   OAI211D0BWP30P140
        5     2.52   OAI21D0BWP30P140
        1    0.882   OAI221D0BWP30P140
        1    1.008   OAI222D0BWP30P140
        3     1.89   OAI22D0BWP30P140
        2     1.26   OAI31D0BWP30P140
        1    0.756   OR4D0BWP30P140
        4    3.528   XNR2UD0BWP30P140
       10     8.82   XOR2UD0BWP30P140

   Chip area for module '\ScaleToFP9b_E4M3_x_E2M1_UE4M4': 92.862000
     of which used for sequential elements: 0.000000 (0.00%)

=== ScaleAddition_E4M3_to_E2M1_scale_UE4M4 ===

        +----------Local Count, excluding submodules.
        |        +-Local Area, excluding submodules.
        |        | 
      349        - wires
      394        - wire bits
        8        - public wires
       53        - public wire bits
        8        - ports
       53        - port bits
      364   265.23 cells
       15     7.56   AN2D0BWP30P140
        3     1.89   AN3D0BWP30P140
        4    3.024   AN4D0BWP30P140
        6     3.78   AO21D0BWP30P140
        5     3.78   AO22D0BWP30P140
        9    4.536   AOI21D0BWP30P140
        6     3.78   AOI22D0BWP30P140
        6     3.78   AOI31D0BWP30P140
        4    3.024   AOI32D0BWP30P140
       16    4.032   CKND0BWP30P140
       76   28.728   CKND2D0BWP30P140
        1     0.63   IAO21D0BWP30P140
        4    2.016   IND2D0BWP30P140
        8    4.032   INR2D0BWP30P140
        1     0.63   IOA21D0BWP30P140
       41   30.996   MAOI222D0BWP30P140
       12    6.048   ND3D0BWP30P140
        6     3.78   ND4D0BWP30P140
       13    4.914   NR2D0BWP30P140
        2    1.008   NR3D0BWP30P140
        1     0.63   OA21D0BWP30P140
        1     0.63   OAI211D0BWP30P140
        6    3.024   OAI21D0BWP30P140
        3     1.89   OAI22D0BWP30P140
        3    1.512   OR2D0BWP30P140
        2    1.512   OR4D0BWP30P140
       36   31.752   XNR2UD0BWP30P140
       21   37.044   XNR3UD0BWP30P140
        6   15.876   XNR4D0BWP30P140
       38   33.516   XOR2UD0BWP30P140
        9   15.876   XOR3UD0BWP30P140

   Chip area for module '\ScaleAddition_E4M3_to_E2M1_scale_UE4M4': 265.230000
     of which used for sequential elements: 0.000000 (0.00%)

=== FixedFPTree_exp6_mant6_out6_vec4_range14 ===

        +----------Local Count, excluding submodules.
        |        +-Local Area, excluding submodules.
        |        | 
     1135        - wires
     1281        - wire bits
       19        - public wires
      165        - public wire bits
       15        - ports
       65        - port bits
     1129   761.67 cells
       28   14.112   AN2D0BWP30P140
        7     4.41   AN3D0BWP30P140
        3    2.268   AN4D0BWP30P140
        7    5.292   AO211D0BWP30P140
       14     8.82   AO21D0BWP30P140
        2    1.512   AO22D0BWP30P140
       11     6.93   AOI211D0BWP30P140
       48   24.192   AOI21D0BWP30P140
        2    1.512   AOI221D0BWP30P140
       12     7.56   AOI22D0BWP30P140
       17    10.71   AOI31D0BWP30P140
        4    3.024   AOI32D0BWP30P140
       15    13.23   CKMUX2D0BWP30P140
       63   15.876   CKND0BWP30P140
       91   34.398   CKND2D0BWP30P140
       12     7.56   IAO21D0BWP30P140
       24   12.096   IND2D0BWP30P140
        3     1.89   IND3D0BWP30P140
        4    3.024   IND4D0BWP30P140
       21   10.584   INR2D0BWP30P140
        4     2.52   INR3D0BWP30P140
        2    1.512   INR4D0BWP30P140
       20     12.6   IOA21D0BWP30P140
       51   38.556   MAOI222D0BWP30P140
        5     3.78   MAOI22D0BWP30P140
        2    1.512   MOAI22D0BWP30P140
       81   61.236   MUX2ND0BWP30P140
        4    6.552   MUX3ND0BWP30P140
        1    2.394   MUX4D0BWP30P140
       12   27.216   MUX4ND0BWP30P140
       21   10.584   ND3D0BWP30P140
        6     3.78   ND4D0BWP30P140
      111   41.958   NR2D0BWP30P140
       22   11.088   NR3D0BWP30P140
        5     3.15   NR4D0BWP30P140
        5     3.78   OA211D0BWP30P140
       11     6.93   OA21D0BWP30P140
        2    1.764   OA22D0BWP30P140
       11     6.93   OAI211D0BWP30P140
       47   23.688   OAI21D0BWP30P140
        6    5.292   OAI221D0BWP30P140
        1    1.008   OAI222D0BWP30P140
       11     6.93   OAI22D0BWP30P140
        7     4.41   OAI31D0BWP30P140
        8    6.048   OAI32D0BWP30P140
       21   10.584   OR2D0BWP30P140
        4     2.52   OR3D0BWP30P140
        2    1.512   OR4D0BWP30P140
      128  112.896   XNR2UD0BWP30P140
       23   40.572   XNR3UD0BWP30P140
       90    79.38   XOR2UD0BWP30P140
       17   29.988   XOR3UD0BWP30P140

   Chip area for module '\FixedFPTree_exp6_mant6_out6_vec4_range14': 761.670000
     of which used for sequential elements: 0.000000 (0.00%)

=== CustomOperator_E4M3_to_E2M1 ===

        +----------Local Count, excluding submodules.
        |        +-Local Area, excluding submodules.
        |        | 
       30        - wires
       50        - wire bits
        5        - public wires
       25        - public wire bits
        5        - ports
       25        - port bits
       37   22.176 cells
        1     0.63   AOI211D0BWP30P140
        1    0.504   AOI21D0BWP30P140
        4    1.008   CKND0BWP30P140
        6    2.268   CKND2D0BWP30P140
        2    1.008   INR2D0BWP30P140
        2    1.512   MAOI222D0BWP30P140
        3    1.134   NR2D0BWP30P140
        1     0.63   NR4D0BWP30P140
        1     0.63   OAI211D0BWP30P140
        5     2.52   OAI21D0BWP30P140
        1    0.756   OAI32D0BWP30P140
        1    0.756   OR4D0BWP30P140
        5     4.41   XNR2UD0BWP30P140
        3    2.646   XOR2UD0BWP30P140
        1    1.764   XOR3UD0BWP30P140

   Chip area for module '\CustomOperator_E4M3_to_E2M1': 22.176000
     of which used for sequential elements: 0.000000 (0.00%)

=== design hierarchy ===

        +----------Count including submodules.
        |        +-Area including submodules.
        |        | 
     2285 1.55E+03 BFP_PE
       37   22.176 CustomOperator_E4M3_to_E2M1
      460  285.516 FPNAdder
     1129   761.67 FixedFPTree_exp6_mant6_out6_vec4_range14
      364   265.23 ScaleAddition_E4M3_to_E2M1_scale_UE4M4
      145   92.862 ScaleToFP9b_E4M3_x_E2M1_UE4M4

        +----------Count including submodules.
        |        +-Area including submodules.
        |        | 
     2235        - wires
     2838        - wire bits
       89        - public wires
      692        - public wire bits
       60        - ports
      415        - port bits
        -        - memories
        -        - memory bits
        -        - processes
     2285 1.55E+03 cells
       68   34.272   AN2D0BWP30P140
       16    10.08   AN3D0BWP30P140
        7    5.292   AN4D0BWP30P140
        8    6.048   AO211D0BWP30P140
       30     18.9   AO21D0BWP30P140
       28   21.168   AO22D0BWP30P140
       30     18.9   AOI211D0BWP30P140
       90    45.36   AOI21D0BWP30P140
        7    5.292   AOI221D0BWP30P140
        1    1.008   AOI222D0BWP30P140
       25    15.75   AOI22D0BWP30P140
       30     18.9   AOI31D0BWP30P140
        9    6.804   AOI32D0BWP30P140
        1    0.882   AOI33D0BWP30P140
       28   24.696   CKMUX2D0BWP30P140
      131   33.012   CKND0BWP30P140
      228   86.184   CKND2D0BWP30P140
       19   43.092   DFCNQD1BWP30P140
       25    15.75   IAO21D0BWP30P140
       47   23.688   IND2D0BWP30P140
        6     3.78   IND3D0BWP30P140
        7    5.292   IND4D0BWP30P140
       62   31.248   INR2D0BWP30P140
        6     3.78   INR3D0BWP30P140
        6    4.536   INR4D0BWP30P140
       25    15.75   IOA21D0BWP30P140
      108   81.648   MAOI222D0BWP30P140
        8    6.048   MAOI22D0BWP30P140
        6    4.536   MOAI22D0BWP30P140
      130    98.28   MUX2ND0BWP30P140
        3    5.292   MUX3D0BWP30P140
        5     8.19   MUX3ND0BWP30P140
        2    4.788   MUX4D0BWP30P140
       21   47.628   MUX4ND0BWP30P140
       45    22.68   ND3D0BWP30P140
       22    13.86   ND4D0BWP30P140
      192   72.576   NR2D0BWP30P140
       48   24.192   NR3D0BWP30P140
       19    11.97   NR4D0BWP30P140
        8    6.048   OA211D0BWP30P140
       25    15.75   OA21D0BWP30P140
        4    3.528   OA22D0BWP30P140
       30     18.9   OAI211D0BWP30P140
       90    45.36   OAI21D0BWP30P140
       10     8.82   OAI221D0BWP30P140
        2    2.016   OAI222D0BWP30P140
       24    15.12   OAI22D0BWP30P140
       15     9.45   OAI31D0BWP30P140
       13    9.828   OAI32D0BWP30P140
        1    0.882   OAI33D0BWP30P140
       33   16.632   OR2D0BWP30P140
        6     3.78   OR3D0BWP30P140
       11    8.316   OR4D0BWP30P140
      218  192.276   XNR2UD0BWP30P140
       44   77.616   XNR3UD0BWP30P140
        6   15.876   XNR4D0BWP30P140
      165   145.53   XOR2UD0BWP30P140
       31   54.684   XOR3UD0BWP30P140
        8 1.49E+03 submodules
        4   88.704   CustomOperator_E4M3_to_E2M1
        1  285.516   FPNAdder
        1   761.67   FixedFPTree_exp6_mant6_out6_vec4_range14
        1   265.23   ScaleAddition_E4M3_to_E2M1_scale_UE4M4
        1   92.862   ScaleToFP9b_E4M3_x_E2M1_UE4M4

   Chip area for top module '\BFP_PE': 1551.564000
     of which used for sequential elements: 43.092000 (2.78%)

