
===========================================================================
report_checks -unconstrained
===========================================================================
======================= Fastest Corner ===================================

Startpoint: io_inB[0] (input port clocked by clock)
Endpoint: accumulator._2317_ (rising edge-triggered flip-flop clocked by clock)
Path Group: clock
Path Type: max
Corner: Fastest

Fanout     Cap    Slew   Delay    Time   Description
-----------------------------------------------------------------------------
                          0.00    0.00   clock clock (rise edge)
                          0.00    0.00   clock network delay (propagated)
                          5.00    5.00 ^ input external delay
     1    0.00    0.01    0.01    5.01 ^ io_inB[0] (in)
                                         io_inB[0] (net)
                  0.01    0.00    5.01 ^ input7/A (sky130_fd_sc_hd__buf_1)
     4    0.01    0.13    0.12    5.13 ^ input7/X (sky130_fd_sc_hd__buf_1)
                                         net7 (net)
                  0.13    0.00    5.13 ^ operator._055_/A (sky130_fd_sc_hd__and2_1)
     1    0.00    0.04    0.09    5.23 ^ operator._055_/X (sky130_fd_sc_hd__and2_1)
                                         operator._000_ (net)
                  0.04    0.00    5.23 ^ operator._056_/A (sky130_fd_sc_hd__buf_1)
     2    0.01    0.11    0.11    5.34 ^ operator._056_/X (sky130_fd_sc_hd__buf_1)
                                         operator.io_outMant[0] (net)
                  0.11    0.00    5.34 ^ fanout63/A (sky130_fd_sc_hd__buf_2)
    10    0.04    0.14    0.17    5.51 ^ fanout63/X (sky130_fd_sc_hd__buf_2)
                                         net63 (net)
                  0.14    0.00    5.51 ^ operator._082_/A (sky130_fd_sc_hd__and2_2)
     3    0.02    0.09    0.16    5.67 ^ operator._082_/X (sky130_fd_sc_hd__and2_2)
                                         operator._021_ (net)
                  0.09    0.00    5.67 ^ operator._089_/A (sky130_fd_sc_hd__nand2_4)
     3    0.03    0.06    0.06    5.73 v operator._089_/Y (sky130_fd_sc_hd__nand2_4)
                                         operator._027_ (net)
                  0.06    0.00    5.73 v operator._113_/A1 (sky130_fd_sc_hd__o21ai_4)
     3    0.03    0.17    0.19    5.92 ^ operator._113_/Y (sky130_fd_sc_hd__o21ai_4)
                                         operator._049_ (net)
                  0.17    0.00    5.92 ^ operator._118_/A (sky130_fd_sc_hd__or3b_4)
     1    0.00    0.02    0.11    6.02 ^ operator._118_/X (sky130_fd_sc_hd__or3b_4)
                                         operator._052_ (net)
                  0.02    0.00    6.02 ^ operator._119_/A (sky130_fd_sc_hd__and3_1)
     1    0.01    0.06    0.10    6.13 ^ operator._119_/X (sky130_fd_sc_hd__and3_1)
                                         operator._053_ (net)
                  0.06    0.00    6.13 ^ operator._120_/A (sky130_fd_sc_hd__clkbuf_2)
     2    0.01    0.04    0.08    6.21 ^ operator._120_/X (sky130_fd_sc_hd__clkbuf_2)
                                         operator.io_outMant[6] (net)
                  0.04    0.00    6.21 ^ scaleAdd._391_/A (sky130_fd_sc_hd__and3_1)
     2    0.01    0.06    0.11    6.32 ^ scaleAdd._391_/X (sky130_fd_sc_hd__and3_1)
                                         scaleAdd._071_ (net)
                  0.06    0.00    6.32 ^ scaleAdd._392_/A (sky130_fd_sc_hd__and3_1)
     2    0.01    0.06    0.11    6.42 ^ scaleAdd._392_/X (sky130_fd_sc_hd__and3_1)
                                         scaleAdd._072_ (net)
                  0.06    0.00    6.42 ^ scaleAdd._394_/A_N (sky130_fd_sc_hd__and2b_1)
     1    0.01    0.04    0.14    6.56 v scaleAdd._394_/X (sky130_fd_sc_hd__and2b_1)
                                         scaleAdd._074_ (net)
                  0.04    0.00    6.56 v scaleAdd._395_/A (sky130_fd_sc_hd__xnor2_2)
     2    0.01    0.15    0.16    6.72 ^ scaleAdd._395_/Y (sky130_fd_sc_hd__xnor2_2)
                                         scaleAdd._075_ (net)
                  0.15    0.00    6.72 ^ scaleAdd._396_/B (sky130_fd_sc_hd__xnor2_2)
     2    0.01    0.05    0.06    6.78 v scaleAdd._396_/Y (sky130_fd_sc_hd__xnor2_2)
                                         scaleAdd._076_ (net)
                  0.05    0.00    6.78 v scaleAdd._409_/A (sky130_fd_sc_hd__or2_4)
     2    0.01    0.03    0.17    6.94 v scaleAdd._409_/X (sky130_fd_sc_hd__or2_4)
                                         scaleAdd._088_ (net)
                  0.03    0.00    6.94 v scaleAdd._419_/A (sky130_fd_sc_hd__and3_1)
     2    0.01    0.04    0.11    7.05 v scaleAdd._419_/X (sky130_fd_sc_hd__and3_1)
                                         scaleAdd._098_ (net)
                  0.04    0.00    7.05 v scaleAdd._420_/A (sky130_fd_sc_hd__or2_4)
     1    0.01    0.04    0.18    7.23 v scaleAdd._420_/X (sky130_fd_sc_hd__or2_4)
                                         scaleAdd._099_ (net)
                  0.04    0.00    7.23 v scaleAdd._421_/B (sky130_fd_sc_hd__xor2_4)
     3    0.02    0.16    0.16    7.39 ^ scaleAdd._421_/X (sky130_fd_sc_hd__xor2_4)
                                         scaleAdd._100_ (net)
                  0.16    0.00    7.40 ^ scaleAdd._422_/B (sky130_fd_sc_hd__xor2_2)
     4    0.01    0.15    0.14    7.54 ^ scaleAdd._422_/X (sky130_fd_sc_hd__xor2_2)
                                         scaleAdd._101_ (net)
                  0.15    0.00    7.54 ^ rebuffer34/A (sky130_fd_sc_hd__clkbuf_1)
     1    0.00    0.04    0.07    7.61 ^ rebuffer34/X (sky130_fd_sc_hd__clkbuf_1)
                                         net97 (net)
                  0.04    0.00    7.61 ^ scaleAdd._424_/B (sky130_fd_sc_hd__or2_4)
     2    0.01    0.03    0.07    7.69 ^ scaleAdd._424_/X (sky130_fd_sc_hd__or2_4)
                                         scaleAdd._103_ (net)
                  0.03    0.00    7.69 ^ scaleAdd._425_/B_N (sky130_fd_sc_hd__or2b_1)
     1    0.01    0.05    0.16    7.84 v scaleAdd._425_/X (sky130_fd_sc_hd__or2b_1)
                                         scaleAdd._104_ (net)
                  0.05    0.00    7.84 v scaleAdd._428_/B (sky130_fd_sc_hd__xnor2_2)
     5    0.02    0.06    0.12    7.96 v scaleAdd._428_/Y (sky130_fd_sc_hd__xnor2_2)
                                         accumulator.io_inMant[10] (net)
                  0.06    0.00    7.96 v accumulator._1161_/B (sky130_fd_sc_hd__or3_4)
     1    0.00    0.05    0.24    8.20 v accumulator._1161_/X (sky130_fd_sc_hd__or3_4)
                                         accumulator._0161_ (net)
                  0.05    0.00    8.20 v accumulator._1162_/A1 (sky130_fd_sc_hd__a311o_4)
     4    0.02    0.06    0.24    8.44 v accumulator._1162_/X (sky130_fd_sc_hd__a311o_4)
                                         accumulator._0171_ (net)
                  0.06    0.00    8.44 v accumulator._1163_/A (sky130_fd_sc_hd__xor2_2)
     2    0.01    0.09    0.13    8.56 ^ accumulator._1163_/X (sky130_fd_sc_hd__xor2_2)
                                         accumulator._0181_ (net)
                  0.09    0.00    8.56 ^ accumulator._1172_/A1 (sky130_fd_sc_hd__a41o_1)
     3    0.02    0.15    0.19    8.75 ^ accumulator._1172_/X (sky130_fd_sc_hd__a41o_1)
                                         accumulator._0269_ (net)
                  0.15    0.00    8.75 ^ accumulator._1175_/A2 (sky130_fd_sc_hd__a21oi_1)
     1    0.00    0.05    0.06    8.81 v accumulator._1175_/Y (sky130_fd_sc_hd__a21oi_1)
                                         accumulator._0275_ (net)
                  0.05    0.00    8.81 v accumulator._1188_/A1 (sky130_fd_sc_hd__o41a_1)
     2    0.00    0.05    0.27    9.08 v accumulator._1188_/X (sky130_fd_sc_hd__o41a_1)
                                         accumulator._0288_ (net)
                  0.05    0.00    9.08 v rebuffer5/A (sky130_fd_sc_hd__clkbuf_2)
     2    0.01    0.03    0.09    9.17 v rebuffer5/X (sky130_fd_sc_hd__clkbuf_2)
                                         net68 (net)
                  0.03    0.00    9.17 v accumulator._1204_/B2 (sky130_fd_sc_hd__o2bb2a_2)
     1    0.01    0.04    0.16    9.34 v accumulator._1204_/X (sky130_fd_sc_hd__o2bb2a_2)
                                         accumulator._0304_ (net)
                  0.04    0.00    9.34 v accumulator._1205_/B (sky130_fd_sc_hd__xnor2_2)
     2    0.02    0.07    0.12    9.46 v accumulator._1205_/Y (sky130_fd_sc_hd__xnor2_2)
                                         accumulator._0305_ (net)
                  0.07    0.00    9.46 v accumulator._1221_/A1 (sky130_fd_sc_hd__a31o_4)
     5    0.01    0.04    0.17    9.63 v accumulator._1221_/X (sky130_fd_sc_hd__a31o_4)
                                         accumulator._0321_ (net)
                  0.04    0.00    9.63 v accumulator._1227_/B (sky130_fd_sc_hd__or3_4)
     2    0.01    0.05    0.24    9.87 v accumulator._1227_/X (sky130_fd_sc_hd__or3_4)
                                         accumulator._0327_ (net)
                  0.05    0.00    9.87 v accumulator._1230_/A2 (sky130_fd_sc_hd__a21bo_4)
     2    0.01    0.03    0.15   10.02 v accumulator._1230_/X (sky130_fd_sc_hd__a21bo_4)
                                         accumulator._0330_ (net)
                  0.03    0.00   10.02 v accumulator._1232_/A1 (sky130_fd_sc_hd__a21o_4)
     2    0.02    0.04    0.15   10.17 v accumulator._1232_/X (sky130_fd_sc_hd__a21o_4)
                                         accumulator._0332_ (net)
                  0.04    0.00   10.17 v accumulator._1235_/A2 (sky130_fd_sc_hd__a21o_1)
     2    0.01    0.03    0.13   10.30 v accumulator._1235_/X (sky130_fd_sc_hd__a21o_1)
                                         accumulator._0335_ (net)
                  0.03    0.00   10.30 v accumulator._1237_/A1 (sky130_fd_sc_hd__a21o_1)
     2    0.01    0.05    0.13   10.43 v accumulator._1237_/X (sky130_fd_sc_hd__a21o_1)
                                         accumulator._0337_ (net)
                  0.05    0.00   10.43 v accumulator._1241_/A2 (sky130_fd_sc_hd__a21o_1)
     2    0.01    0.04    0.14   10.57 v accumulator._1241_/X (sky130_fd_sc_hd__a21o_1)
                                         accumulator._0341_ (net)
                  0.04    0.00   10.57 v accumulator._1243_/A2 (sky130_fd_sc_hd__a21o_4)
     4    0.06    0.07    0.19   10.76 v accumulator._1243_/X (sky130_fd_sc_hd__a21o_4)
                                         accumulator._0343_ (net)
                  0.07    0.00   10.76 v accumulator._1253_/A (sky130_fd_sc_hd__xor2_4)
     7    0.04    0.24    0.25   11.02 ^ accumulator._1253_/X (sky130_fd_sc_hd__xor2_4)
                                         accumulator._0353_ (net)
                  0.24    0.00   11.02 ^ accumulator._1299_/A (sky130_fd_sc_hd__buf_6)
     5    0.03    0.06    0.11   11.13 ^ accumulator._1299_/X (sky130_fd_sc_hd__buf_6)
                                         accumulator._0397_ (net)
                  0.06    0.00   11.13 ^ accumulator._1339_/A1 (sky130_fd_sc_hd__a21oi_2)
     3    0.01    0.06    0.05   11.18 v accumulator._1339_/Y (sky130_fd_sc_hd__a21oi_2)
                                         accumulator._0437_ (net)
                  0.06    0.00   11.18 v accumulator._1374_/B (sky130_fd_sc_hd__nor2_4)
     8    0.04    0.19    0.18   11.36 ^ accumulator._1374_/Y (sky130_fd_sc_hd__nor2_4)
                                         accumulator._0472_ (net)
                  0.19    0.00   11.36 ^ accumulator._1375_/A (sky130_fd_sc_hd__clkbuf_4)
    10    0.05    0.11    0.19   11.55 ^ accumulator._1375_/X (sky130_fd_sc_hd__clkbuf_4)
                                         accumulator._0473_ (net)
                  0.11    0.00   11.55 ^ accumulator._1556_/S (sky130_fd_sc_hd__mux2_4)
     4    0.02    0.06    0.23   11.78 v accumulator._1556_/X (sky130_fd_sc_hd__mux2_4)
                                         accumulator._0654_ (net)
                  0.06    0.00   11.78 v accumulator._1599_/A2 (sky130_fd_sc_hd__a2111o_1)
     3    0.01    0.07    0.30   12.08 v accumulator._1599_/X (sky130_fd_sc_hd__a2111o_1)
                                         accumulator._0697_ (net)
                  0.07    0.00   12.08 v accumulator._1601_/A2 (sky130_fd_sc_hd__a21o_1)
     4    0.01    0.05    0.16   12.24 v accumulator._1601_/X (sky130_fd_sc_hd__a21o_1)
                                         accumulator._0699_ (net)
                  0.05    0.00   12.24 v accumulator._1753_/A1 (sky130_fd_sc_hd__a2111o_4)
     6    0.03    0.07    0.34   12.58 v accumulator._1753_/X (sky130_fd_sc_hd__a2111o_4)
                                         accumulator._0851_ (net)
                  0.07    0.00   12.58 v accumulator._1755_/A1 (sky130_fd_sc_hd__a211o_4)
     3    0.02    0.05    0.24   12.83 v accumulator._1755_/X (sky130_fd_sc_hd__a211o_4)
                                         accumulator._0853_ (net)
                  0.05    0.00   12.83 v accumulator._1758_/A1 (sky130_fd_sc_hd__a31o_4)
     5    0.02    0.04    0.17   13.00 v accumulator._1758_/X (sky130_fd_sc_hd__a31o_4)
                                         accumulator._0856_ (net)
                  0.04    0.00   13.00 v accumulator._1769_/A3 (sky130_fd_sc_hd__o311a_4)
     2    0.01    0.05    0.22   13.22 v accumulator._1769_/X (sky130_fd_sc_hd__o311a_4)
                                         accumulator._0867_ (net)
                  0.05    0.00   13.22 v accumulator._1777_/A4 (sky130_fd_sc_hd__o41a_1)
     3    0.01    0.07    0.23   13.45 v accumulator._1777_/X (sky130_fd_sc_hd__o41a_1)
                                         accumulator._0875_ (net)
                  0.07    0.00   13.45 v accumulator._1778_/B (sky130_fd_sc_hd__or3_4)
     3    0.01    0.05    0.25   13.70 v accumulator._1778_/X (sky130_fd_sc_hd__or3_4)
                                         accumulator._0876_ (net)
                  0.05    0.00   13.70 v accumulator._1786_/A1 (sky130_fd_sc_hd__a311o_1)
     3    0.01    0.06    0.20   13.91 v accumulator._1786_/X (sky130_fd_sc_hd__a311o_1)
                                         accumulator._0884_ (net)
                  0.06    0.00   13.91 v accumulator._1792_/A1 (sky130_fd_sc_hd__a311o_1)
     1    0.00    0.04    0.18   14.08 v accumulator._1792_/X (sky130_fd_sc_hd__a311o_1)
                                         accumulator._0890_ (net)
                  0.04    0.00   14.08 v accumulator._1793_/A (sky130_fd_sc_hd__and3_4)
     5    0.02    0.04    0.12   14.21 v accumulator._1793_/X (sky130_fd_sc_hd__and3_4)
                                         accumulator._0891_ (net)
                  0.04    0.00   14.21 v accumulator._1803_/A (sky130_fd_sc_hd__or2_4)
     1    0.00    0.03    0.16   14.37 v accumulator._1803_/X (sky130_fd_sc_hd__or2_4)
                                         accumulator._0901_ (net)
                  0.03    0.00   14.37 v accumulator._1804_/A (sky130_fd_sc_hd__buf_6)
     8    0.03    0.03    0.09   14.46 v accumulator._1804_/X (sky130_fd_sc_hd__buf_6)
                                         accumulator._0902_ (net)
                  0.03    0.00   14.46 v accumulator._1971_/S (sky130_fd_sc_hd__mux2_4)
     4    0.01    0.05    0.21   14.68 v accumulator._1971_/X (sky130_fd_sc_hd__mux2_4)
                                         accumulator._1069_ (net)
                  0.05    0.00   14.68 v accumulator._2006_/A2 (sky130_fd_sc_hd__a21bo_1)
     1    0.00    0.03    0.13   14.81 v accumulator._2006_/X (sky130_fd_sc_hd__a21bo_1)
                                         accumulator._1104_ (net)
                  0.03    0.00   14.81 v accumulator._2007_/A2 (sky130_fd_sc_hd__a21bo_1)
     1    0.00    0.02    0.12   14.93 v accumulator._2007_/X (sky130_fd_sc_hd__a21bo_1)
                                         accumulator._1105_ (net)
                  0.02    0.00   14.93 v accumulator._2008_/A2 (sky130_fd_sc_hd__a21bo_1)
     1    0.00    0.03    0.13   15.06 v accumulator._2008_/X (sky130_fd_sc_hd__a21bo_1)
                                         accumulator._1106_ (net)
                  0.03    0.00   15.06 v accumulator._2009_/A2 (sky130_fd_sc_hd__a21o_1)
     1    0.00    0.02    0.12   15.17 v accumulator._2009_/X (sky130_fd_sc_hd__a21o_1)
                                         accumulator._1107_ (net)
                  0.02    0.00   15.17 v accumulator._2010_/A2 (sky130_fd_sc_hd__a21bo_1)
     1    0.00    0.03    0.13   15.30 v accumulator._2010_/X (sky130_fd_sc_hd__a21bo_1)
                                         accumulator._1108_ (net)
                  0.03    0.00   15.30 v accumulator._2011_/A1 (sky130_fd_sc_hd__a21oi_1)
     1    0.00    0.07    0.08   15.39 ^ accumulator._2011_/Y (sky130_fd_sc_hd__a21oi_1)
                                         accumulator._1109_ (net)
                  0.07    0.00   15.39 ^ accumulator._2012_/A1 (sky130_fd_sc_hd__o21ba_1)
     1    0.00    0.04    0.10   15.48 ^ accumulator._2012_/X (sky130_fd_sc_hd__o21ba_1)
                                         accumulator._1110_ (net)
                  0.04    0.00   15.48 ^ accumulator._2014_/A2 (sky130_fd_sc_hd__o21ai_1)
     1    0.00    0.05    0.03   15.52 v accumulator._2014_/Y (sky130_fd_sc_hd__o21ai_1)
                                         accumulator._1112_ (net)
                  0.05    0.00   15.52 v accumulator._2015_/A1 (sky130_fd_sc_hd__a21bo_1)
     1    0.00    0.03    0.12   15.64 v accumulator._2015_/X (sky130_fd_sc_hd__a21bo_1)
                                         accumulator._1113_ (net)
                  0.03    0.00   15.64 v accumulator._2016_/A2 (sky130_fd_sc_hd__a21oi_1)
     1    0.00    0.09    0.11   15.74 ^ accumulator._2016_/Y (sky130_fd_sc_hd__a21oi_1)
                                         accumulator._1114_ (net)
                  0.09    0.00   15.74 ^ accumulator._2017_/A1 (sky130_fd_sc_hd__o21ai_1)
     1    0.00    0.05    0.05   15.80 v accumulator._2017_/Y (sky130_fd_sc_hd__o21ai_1)
                                         accumulator._1115_ (net)
                  0.05    0.00   15.80 v accumulator._2020_/A1 (sky130_fd_sc_hd__a21o_1)
     4    0.02    0.08    0.16   15.96 v accumulator._2020_/X (sky130_fd_sc_hd__a21o_1)
                                         accumulator._1118_ (net)
                  0.08    0.00   15.96 v accumulator._2021_/A (sky130_fd_sc_hd__buf_6)
     6    0.06    0.04    0.13   16.09 v accumulator._2021_/X (sky130_fd_sc_hd__buf_6)
                                         accumulator._1119_ (net)
                  0.04    0.00   16.09 v accumulator._2055_/S (sky130_fd_sc_hd__mux2_4)
     2    0.01    0.04    0.21   16.30 v accumulator._2055_/X (sky130_fd_sc_hd__mux2_4)
                                         accumulator._0041_ (net)
                  0.04    0.00   16.30 v accumulator._2056_/A0 (sky130_fd_sc_hd__mux2_4)
     2    0.01    0.04    0.17   16.47 v accumulator._2056_/X (sky130_fd_sc_hd__mux2_4)
                                         accumulator._0042_ (net)
                  0.04    0.00   16.47 v accumulator._2094_/A0 (sky130_fd_sc_hd__mux2_4)
     2    0.01    0.04    0.17   16.64 v accumulator._2094_/X (sky130_fd_sc_hd__mux2_4)
                                         accumulator._0080_ (net)
                  0.04    0.00   16.64 v accumulator._2095_/A1 (sky130_fd_sc_hd__mux2_4)
     2    0.01    0.05    0.17   16.81 v accumulator._2095_/X (sky130_fd_sc_hd__mux2_4)
                                         accumulator._0081_ (net)
                  0.05    0.00   16.81 v accumulator._2220_/B1 (sky130_fd_sc_hd__o221a_1)
     1    0.00    0.03    0.14   16.95 v accumulator._2220_/X (sky130_fd_sc_hd__o221a_1)
                                         accumulator._0203_ (net)
                  0.03    0.00   16.95 v accumulator._2221_/A2 (sky130_fd_sc_hd__a21oi_1)
     1    0.00    0.07    0.09   17.04 ^ accumulator._2221_/Y (sky130_fd_sc_hd__a21oi_1)
                                         accumulator._0024_ (net)
                  0.07    0.00   17.04 ^ accumulator._2317_/D (sky130_fd_sc_hd__dfxtp_1)
                                 17.04   data arrival time

                         25.00   25.00   clock clock (rise edge)
                          0.00   25.00   clock source latency
     1    0.02    0.06    0.04   25.04 ^ clock (in)
                                         clock (net)
                  0.06    0.00   25.04 ^ clkbuf_0_clock/A (sky130_fd_sc_hd__clkbuf_16)
     4    0.04    0.04    0.10   25.14 ^ clkbuf_0_clock/X (sky130_fd_sc_hd__clkbuf_16)
                                         clknet_0_clock (net)
                  0.04    0.00   25.14 ^ clkbuf_2_0__f_clock/A (sky130_fd_sc_hd__clkbuf_16)
     8    0.03    0.04    0.09   25.24 ^ clkbuf_2_0__f_clock/X (sky130_fd_sc_hd__clkbuf_16)
                                         clknet_2_0__leaf_clock (net)
                  0.04    0.00   25.24 ^ accumulator._2317_/CLK (sky130_fd_sc_hd__dfxtp_1)
                         -0.25   24.99   clock uncertainty
                          0.00   24.99   clock reconvergence pessimism
                         -0.03   24.95   library setup time
                                 24.95   data required time
-----------------------------------------------------------------------------
                                 24.95   data required time
                                -17.04   data arrival time
-----------------------------------------------------------------------------
                                  7.91   slack (MET)



======================= Slowest Corner ===================================

Startpoint: io_inB[3] (input port clocked by clock)
Endpoint: accumulator._2312_ (rising edge-triggered flip-flop clocked by clock)
Path Group: clock
Path Type: max
Corner: Slowest

Fanout     Cap    Slew   Delay    Time   Description
-----------------------------------------------------------------------------
                          0.00    0.00   clock clock (rise edge)
                          0.00    0.00   clock network delay (propagated)
                          5.00    5.00 v input external delay
     1    0.00    0.02    0.01    5.01 v io_inB[3] (in)
                                         io_inB[3] (net)
                  0.02    0.00    5.01 v input10/A (sky130_fd_sc_hd__buf_4)
     6    0.02    0.08    0.28    5.29 v input10/X (sky130_fd_sc_hd__buf_4)
                                         net10 (net)
                  0.08    0.00    5.29 v operator._085_/A2 (sky130_fd_sc_hd__o31ai_4)
     4    0.02    0.51    0.58    5.87 ^ operator._085_/Y (sky130_fd_sc_hd__o31ai_4)
                                         operator._023_ (net)
                  0.51    0.00    5.87 ^ operator._096_/B (sky130_fd_sc_hd__xnor2_2)
     2    0.01    0.23    0.37    6.24 ^ operator._096_/Y (sky130_fd_sc_hd__xnor2_2)
                                         operator._033_ (net)
                  0.23    0.00    6.24 ^ operator._097_/A (sky130_fd_sc_hd__xor2_1)
     2    0.00    0.24    0.36    6.60 ^ operator._097_/X (sky130_fd_sc_hd__xor2_1)
                                         operator._034_ (net)
                  0.24    0.00    6.60 ^ operator._101_/B_N (sky130_fd_sc_hd__or2b_4)
     2    0.01    0.10    0.63    7.23 v operator._101_/X (sky130_fd_sc_hd__or2b_4)
                                         operator._038_ (net)
                  0.10    0.00    7.23 v operator._102_/B (sky130_fd_sc_hd__and2b_1)
     1    0.02    0.17    0.46    7.69 v operator._102_/X (sky130_fd_sc_hd__and2b_1)
                                         operator._039_ (net)
                  0.17    0.00    7.69 v operator._103_/B (sky130_fd_sc_hd__xnor2_4)
     9    0.04    0.47    0.50    8.18 ^ operator._103_/Y (sky130_fd_sc_hd__xnor2_4)
                                         operator.io_outMant[3] (net)
                  0.47    0.00    8.19 ^ scaleAdd._276_/B (sky130_fd_sc_hd__and2_1)
     2    0.01    0.11    0.41    8.59 ^ scaleAdd._276_/X (sky130_fd_sc_hd__and2_1)
                                         scaleAdd._228_ (net)
                  0.11    0.00    8.59 ^ scaleAdd._315_/A (sky130_fd_sc_hd__and2_1)
     2    0.01    0.24    0.38    8.98 ^ scaleAdd._315_/X (sky130_fd_sc_hd__and2_1)
                                         scaleAdd._264_ (net)
                  0.24    0.00    8.98 ^ scaleAdd._318_/A (sky130_fd_sc_hd__xnor2_2)
     2    0.01    0.24    0.30    9.28 ^ scaleAdd._318_/Y (sky130_fd_sc_hd__xnor2_2)
                                         scaleAdd._001_ (net)
                  0.24    0.00    9.28 ^ scaleAdd._320_/A (sky130_fd_sc_hd__xor2_1)
     2    0.01    0.35    0.45    9.72 ^ scaleAdd._320_/X (sky130_fd_sc_hd__xor2_1)
                                         scaleAdd._003_ (net)
                  0.35    0.00    9.72 ^ scaleAdd._321_/B (sky130_fd_sc_hd__xor2_1)
     2    0.01    0.16    0.28   10.00 v scaleAdd._321_/X (sky130_fd_sc_hd__xor2_1)
                                         scaleAdd._004_ (net)
                  0.16    0.00   10.00 v scaleAdd._322_/B1 (sky130_fd_sc_hd__o21a_1)
     3    0.01    0.14    0.32   10.32 v scaleAdd._322_/X (sky130_fd_sc_hd__o21a_1)
                                         scaleAdd._005_ (net)
                  0.14    0.00   10.32 v scaleAdd._324_/A (sky130_fd_sc_hd__or2_1)
     2    0.01    0.14    0.60   10.92 v scaleAdd._324_/X (sky130_fd_sc_hd__or2_1)
                                         scaleAdd._007_ (net)
                  0.14    0.00   10.92 v scaleAdd._325_/B (sky130_fd_sc_hd__xor2_1)
     2    0.01    0.17    0.35   11.28 v scaleAdd._325_/X (sky130_fd_sc_hd__xor2_1)
                                         scaleAdd._008_ (net)
                  0.17    0.00   11.28 v scaleAdd._352_/A2 (sky130_fd_sc_hd__a31o_1)
     3    0.01    0.11    0.48   11.76 v scaleAdd._352_/X (sky130_fd_sc_hd__a31o_1)
                                         scaleAdd._034_ (net)
                  0.11    0.00   11.76 v scaleAdd._354_/C (sky130_fd_sc_hd__and3_1)
     2    0.00    0.09    0.42   12.18 v scaleAdd._354_/X (sky130_fd_sc_hd__and3_1)
                                         scaleAdd._036_ (net)
                  0.09    0.00   12.18 v scaleAdd._377_/B1 (sky130_fd_sc_hd__a21o_1)
     3    0.01    0.14    0.38   12.56 v scaleAdd._377_/X (sky130_fd_sc_hd__a21o_1)
                                         scaleAdd._058_ (net)
                  0.14    0.00   12.56 v scaleAdd._427_/A2 (sky130_fd_sc_hd__a31o_4)
     4    0.02    0.10    0.51   13.07 v scaleAdd._427_/X (sky130_fd_sc_hd__a31o_4)
                                         scaleAdd._106_ (net)
                  0.10    0.00   13.07 v scaleAdd._467_/A (sky130_fd_sc_hd__or2_1)
     1    0.00    0.10    0.53   13.60 v scaleAdd._467_/X (sky130_fd_sc_hd__or2_1)
                                         scaleAdd._144_ (net)
                  0.10    0.00   13.60 v scaleAdd._468_/A2 (sky130_fd_sc_hd__a31o_1)
     1    0.00    0.07    0.40   14.01 v scaleAdd._468_/X (sky130_fd_sc_hd__a31o_1)
                                         scaleAdd._145_ (net)
                  0.07    0.00   14.01 v scaleAdd._469_/B (sky130_fd_sc_hd__and2_4)
     1    0.01    0.05    0.30   14.30 v scaleAdd._469_/X (sky130_fd_sc_hd__and2_4)
                                         scaleAdd._146_ (net)
                  0.05    0.00   14.30 v scaleAdd._470_/A (sky130_fd_sc_hd__buf_6)
     5    0.02    0.05    0.22   14.53 v scaleAdd._470_/X (sky130_fd_sc_hd__buf_6)
                                         accumulator.io_inMant[12] (net)
                  0.05    0.00   14.53 v accumulator._1148_/D (sky130_fd_sc_hd__or4_4)
     5    0.02    0.22    0.99   15.52 v accumulator._1148_/X (sky130_fd_sc_hd__or4_4)
                                         accumulator._0034_ (net)
                  0.22    0.00   15.52 v rebuffer22/A (sky130_fd_sc_hd__dlymetal6s2s_1)
     1    0.01    0.09    0.39   15.91 v rebuffer22/X (sky130_fd_sc_hd__dlymetal6s2s_1)
                                         net85 (net)
                  0.09    0.00   15.91 v accumulator._1150_/A (sky130_fd_sc_hd__inv_2)
     3    0.01    0.09    0.13   16.03 ^ accumulator._1150_/Y (sky130_fd_sc_hd__inv_2)
                                         accumulator._0054_ (net)
                  0.09    0.00   16.03 ^ accumulator._1152_/A (sky130_fd_sc_hd__nand2_2)
     3    0.01    0.11    0.14   16.18 v accumulator._1152_/Y (sky130_fd_sc_hd__nand2_2)
                                         accumulator._0074_ (net)
                  0.11    0.00   16.18 v accumulator._1153_/B1 (sky130_fd_sc_hd__o21a_1)
     2    0.01    0.09    0.25   16.43 v accumulator._1153_/X (sky130_fd_sc_hd__o21a_1)
                                         accumulator._0083_ (net)
                  0.09    0.00   16.43 v accumulator._1173_/A (sky130_fd_sc_hd__buf_4)
    10    0.04    0.11    0.33   16.76 v accumulator._1173_/X (sky130_fd_sc_hd__buf_4)
                                         accumulator._0273_ (net)
                  0.11    0.00   16.76 v accumulator._1174_/B (sky130_fd_sc_hd__and2_1)
     3    0.01    0.10    0.39   17.15 v accumulator._1174_/X (sky130_fd_sc_hd__and2_1)
                                         accumulator._0274_ (net)
                  0.10    0.00   17.15 v accumulator._1201_/B1 (sky130_fd_sc_hd__a21o_1)
     3    0.01    0.11    0.36   17.51 v accumulator._1201_/X (sky130_fd_sc_hd__a21o_1)
                                         accumulator._0301_ (net)
                  0.11    0.00   17.51 v accumulator._1208_/A1 (sky130_fd_sc_hd__a31o_1)
     1    0.01    0.09    0.38   17.90 v accumulator._1208_/X (sky130_fd_sc_hd__a31o_1)
                                         accumulator._0308_ (net)
                  0.09    0.00   17.90 v accumulator._1209_/B (sky130_fd_sc_hd__xor2_1)
     2    0.01    0.25    0.36   18.26 v accumulator._1209_/X (sky130_fd_sc_hd__xor2_1)
                                         accumulator._0309_ (net)
                  0.25    0.00   18.26 v accumulator._1220_/A (sky130_fd_sc_hd__and4_1)
     1    0.01    0.09    0.43   18.69 v accumulator._1220_/X (sky130_fd_sc_hd__and4_1)
                                         accumulator._0320_ (net)
                  0.09    0.00   18.69 v accumulator._1221_/A3 (sky130_fd_sc_hd__a31o_4)
     5    0.01    0.08    0.49   19.18 v accumulator._1221_/X (sky130_fd_sc_hd__a31o_4)
                                         accumulator._0321_ (net)
                  0.08    0.00   19.18 v accumulator._1227_/B (sky130_fd_sc_hd__or3_4)
     2    0.01    0.13    0.78   19.96 v accumulator._1227_/X (sky130_fd_sc_hd__or3_4)
                                         accumulator._0327_ (net)
                  0.13    0.00   19.96 v accumulator._1230_/A2 (sky130_fd_sc_hd__a21bo_4)
     2    0.01    0.07    0.44   20.40 v accumulator._1230_/X (sky130_fd_sc_hd__a21bo_4)
                                         accumulator._0330_ (net)
                  0.07    0.00   20.40 v accumulator._1232_/A1 (sky130_fd_sc_hd__a21o_4)
     2    0.02    0.10    0.43   20.83 v accumulator._1232_/X (sky130_fd_sc_hd__a21o_4)
                                         accumulator._0332_ (net)
                  0.10    0.00   20.83 v accumulator._1235_/A2 (sky130_fd_sc_hd__a21o_1)
     2    0.01    0.08    0.37   21.19 v accumulator._1235_/X (sky130_fd_sc_hd__a21o_1)
                                         accumulator._0335_ (net)
                  0.08    0.00   21.19 v accumulator._1237_/A1 (sky130_fd_sc_hd__a21o_1)
     2    0.01    0.13    0.38   21.57 v accumulator._1237_/X (sky130_fd_sc_hd__a21o_1)
                                         accumulator._0337_ (net)
                  0.13    0.00   21.57 v accumulator._1241_/A2 (sky130_fd_sc_hd__a21o_1)
     2    0.01    0.10    0.40   21.97 v accumulator._1241_/X (sky130_fd_sc_hd__a21o_1)
                                         accumulator._0341_ (net)
                  0.10    0.00   21.97 v accumulator._1243_/A2 (sky130_fd_sc_hd__a21o_4)
     4    0.06    0.17    0.54   22.52 v accumulator._1243_/X (sky130_fd_sc_hd__a21o_4)
                                         accumulator._0343_ (net)
                  0.17    0.00   22.52 v accumulator._1253_/A (sky130_fd_sc_hd__xor2_4)
     7    0.04    0.48    0.56   23.08 ^ accumulator._1253_/X (sky130_fd_sc_hd__xor2_4)
                                         accumulator._0353_ (net)
                  0.48    0.00   23.08 ^ accumulator._1355_/S (sky130_fd_sc_hd__mux2_4)
     5    0.02    0.12    0.78   23.86 v accumulator._1355_/X (sky130_fd_sc_hd__mux2_4)
                                         accumulator._0453_ (net)
                  0.12    0.00   23.86 v accumulator._1474_/B (sky130_fd_sc_hd__and3_1)
     3    0.01    0.14    0.45   24.31 v accumulator._1474_/X (sky130_fd_sc_hd__and3_1)
                                         accumulator._0572_ (net)
                  0.14    0.00   24.31 v accumulator._1502_/B (sky130_fd_sc_hd__or3_1)
     2    0.01    0.16    0.90   25.21 v accumulator._1502_/X (sky130_fd_sc_hd__or3_1)
                                         accumulator._0600_ (net)
                  0.16    0.00   25.21 v accumulator._1503_/C (sky130_fd_sc_hd__and3_1)
     2    0.01    0.13    0.49   25.70 v accumulator._1503_/X (sky130_fd_sc_hd__and3_1)
                                         accumulator._0601_ (net)
                  0.13    0.00   25.70 v accumulator._1742_/C1 (sky130_fd_sc_hd__a211o_1)
     2    0.02    0.19    0.60   26.30 v accumulator._1742_/X (sky130_fd_sc_hd__a211o_1)
                                         accumulator._0840_ (net)
                  0.19    0.00   26.30 v accumulator._1746_/A1 (sky130_fd_sc_hd__a32o_2)
     4    0.03    0.18    0.64   26.94 v accumulator._1746_/X (sky130_fd_sc_hd__a32o_2)
                                         accumulator._0844_ (net)
                  0.18    0.00   26.94 v accumulator._1753_/C1 (sky130_fd_sc_hd__a2111o_4)
     6    0.03    0.18    0.99   27.93 v accumulator._1753_/X (sky130_fd_sc_hd__a2111o_4)
                                         accumulator._0851_ (net)
                  0.18    0.00   27.93 v accumulator._1755_/A1 (sky130_fd_sc_hd__a211o_4)
     3    0.02    0.11    0.69   28.62 v accumulator._1755_/X (sky130_fd_sc_hd__a211o_4)
                                         accumulator._0853_ (net)
                  0.11    0.00   28.62 v accumulator._1758_/A1 (sky130_fd_sc_hd__a31o_4)
     5    0.02    0.10    0.48   29.10 v accumulator._1758_/X (sky130_fd_sc_hd__a31o_4)
                                         accumulator._0856_ (net)
                  0.10    0.00   29.10 v accumulator._1769_/A3 (sky130_fd_sc_hd__o311a_4)
     2    0.01    0.11    0.63   29.73 v accumulator._1769_/X (sky130_fd_sc_hd__o311a_4)
                                         accumulator._0867_ (net)
                  0.11    0.00   29.73 v accumulator._1777_/A4 (sky130_fd_sc_hd__o41a_1)
     3    0.01    0.19    0.74   30.47 v accumulator._1777_/X (sky130_fd_sc_hd__o41a_1)
                                         accumulator._0875_ (net)
                  0.19    0.00   30.47 v accumulator._1778_/B (sky130_fd_sc_hd__or3_4)
     3    0.01    0.13    0.83   31.31 v accumulator._1778_/X (sky130_fd_sc_hd__or3_4)
                                         accumulator._0876_ (net)
                  0.13    0.00   31.31 v accumulator._1786_/A1 (sky130_fd_sc_hd__a311o_1)
     3    0.01    0.16    0.64   31.95 v accumulator._1786_/X (sky130_fd_sc_hd__a311o_1)
                                         accumulator._0884_ (net)
                  0.16    0.00   31.95 v accumulator._1792_/A1 (sky130_fd_sc_hd__a311o_1)
     1    0.00    0.09    0.56   32.51 v accumulator._1792_/X (sky130_fd_sc_hd__a311o_1)
                                         accumulator._0890_ (net)
                  0.09    0.00   32.51 v accumulator._1793_/A (sky130_fd_sc_hd__and3_4)
     5    0.02    0.10    0.35   32.86 v accumulator._1793_/X (sky130_fd_sc_hd__and3_4)
                                         accumulator._0891_ (net)
                  0.10    0.00   32.86 v accumulator._1803_/A (sky130_fd_sc_hd__or2_4)
     1    0.01    0.08    0.50   33.36 v accumulator._1803_/X (sky130_fd_sc_hd__or2_4)
                                         accumulator._0901_ (net)
                  0.08    0.00   33.36 v accumulator._1804_/A (sky130_fd_sc_hd__buf_6)
     8    0.03    0.07    0.26   33.62 v accumulator._1804_/X (sky130_fd_sc_hd__buf_6)
                                         accumulator._0902_ (net)
                  0.07    0.00   33.62 v accumulator._1971_/S (sky130_fd_sc_hd__mux2_4)
     4    0.01    0.11    0.61   34.23 v accumulator._1971_/X (sky130_fd_sc_hd__mux2_4)
                                         accumulator._1069_ (net)
                  0.11    0.00   34.23 v accumulator._2006_/A2 (sky130_fd_sc_hd__a21bo_1)
     1    0.00    0.07    0.37   34.60 v accumulator._2006_/X (sky130_fd_sc_hd__a21bo_1)
                                         accumulator._1104_ (net)
                  0.07    0.00   34.60 v accumulator._2007_/A2 (sky130_fd_sc_hd__a21bo_1)
     1    0.00    0.06    0.35   34.95 v accumulator._2007_/X (sky130_fd_sc_hd__a21bo_1)
                                         accumulator._1105_ (net)
                  0.06    0.00   34.95 v accumulator._2008_/A2 (sky130_fd_sc_hd__a21bo_1)
     1    0.00    0.08    0.37   35.32 v accumulator._2008_/X (sky130_fd_sc_hd__a21bo_1)
                                         accumulator._1106_ (net)
                  0.08    0.00   35.32 v accumulator._2009_/A2 (sky130_fd_sc_hd__a21o_1)
     1    0.00    0.06    0.34   35.66 v accumulator._2009_/X (sky130_fd_sc_hd__a21o_1)
                                         accumulator._1107_ (net)
                  0.06    0.00   35.66 v accumulator._2010_/A2 (sky130_fd_sc_hd__a21bo_1)
     1    0.00    0.08    0.37   36.03 v accumulator._2010_/X (sky130_fd_sc_hd__a21bo_1)
                                         accumulator._1108_ (net)
                  0.08    0.00   36.03 v accumulator._2011_/A1 (sky130_fd_sc_hd__a21oi_1)
     1    0.00    0.17    0.21   36.24 ^ accumulator._2011_/Y (sky130_fd_sc_hd__a21oi_1)
                                         accumulator._1109_ (net)
                  0.17    0.00   36.24 ^ accumulator._2012_/A1 (sky130_fd_sc_hd__o21ba_1)
     1    0.00    0.09    0.32   36.56 ^ accumulator._2012_/X (sky130_fd_sc_hd__o21ba_1)
                                         accumulator._1110_ (net)
                  0.09    0.00   36.56 ^ accumulator._2014_/A2 (sky130_fd_sc_hd__o21ai_1)
     1    0.00    0.11    0.13   36.68 v accumulator._2014_/Y (sky130_fd_sc_hd__o21ai_1)
                                         accumulator._1112_ (net)
                  0.11    0.00   36.68 v accumulator._2015_/A1 (sky130_fd_sc_hd__a21bo_1)
     1    0.00    0.08    0.36   37.04 v accumulator._2015_/X (sky130_fd_sc_hd__a21bo_1)
                                         accumulator._1113_ (net)
                  0.08    0.00   37.04 v accumulator._2016_/A2 (sky130_fd_sc_hd__a21oi_1)
     1    0.00    0.19    0.26   37.30 ^ accumulator._2016_/Y (sky130_fd_sc_hd__a21oi_1)
                                         accumulator._1114_ (net)
                  0.19    0.00   37.30 ^ accumulator._2017_/A1 (sky130_fd_sc_hd__o21ai_1)
     1    0.00    0.11    0.20   37.51 v accumulator._2017_/Y (sky130_fd_sc_hd__o21ai_1)
                                         accumulator._1115_ (net)
                  0.11    0.00   37.51 v accumulator._2020_/A1 (sky130_fd_sc_hd__a21o_1)
     4    0.02    0.22    0.47   37.97 v accumulator._2020_/X (sky130_fd_sc_hd__a21o_1)
                                         accumulator._1118_ (net)
                  0.22    0.00   37.97 v accumulator._2021_/A (sky130_fd_sc_hd__buf_6)
     6    0.06    0.10    0.36   38.33 v accumulator._2021_/X (sky130_fd_sc_hd__buf_6)
                                         accumulator._1119_ (net)
                  0.10    0.00   38.34 v accumulator._2022_/A (sky130_fd_sc_hd__buf_8)
     5    0.04    0.07    0.27   38.61 v accumulator._2022_/X (sky130_fd_sc_hd__buf_8)
                                         accumulator._1120_ (net)
                  0.07    0.00   38.61 v accumulator._2180_/S (sky130_fd_sc_hd__mux2_2)
     2    0.01    0.12    0.62   39.23 v accumulator._2180_/X (sky130_fd_sc_hd__mux2_2)
                                         accumulator._0164_ (net)
                  0.12    0.00   39.23 v accumulator._2181_/A0 (sky130_fd_sc_hd__mux2_4)
     2    0.01    0.10    0.56   39.79 v accumulator._2181_/X (sky130_fd_sc_hd__mux2_4)
                                         accumulator._0165_ (net)
                  0.10    0.00   39.79 v accumulator._2182_/A1 (sky130_fd_sc_hd__mux2_1)
     1    0.00    0.13    0.72   40.51 v accumulator._2182_/X (sky130_fd_sc_hd__mux2_1)
                                         accumulator._0166_ (net)
                  0.13    0.00   40.51 v accumulator._2183_/B2 (sky130_fd_sc_hd__o2bb2a_1)
     1    0.00    0.11    0.67   41.18 v accumulator._2183_/X (sky130_fd_sc_hd__o2bb2a_1)
                                         accumulator._0167_ (net)
                  0.11    0.00   41.18 v accumulator._2184_/A2 (sky130_fd_sc_hd__a21oi_1)
     1    0.00    0.15    0.24   41.42 ^ accumulator._2184_/Y (sky130_fd_sc_hd__a21oi_1)
                                         accumulator._0019_ (net)
                  0.15    0.00   41.42 ^ accumulator._2312_/D (sky130_fd_sc_hd__dfxtp_1)
                                 41.42   data arrival time

                         25.00   25.00   clock clock (rise edge)
                          0.00   25.00   clock source latency
     1    0.02    0.13    0.09   25.09 ^ clock (in)
                                         clock (net)
                  0.13    0.00   25.09 ^ clkbuf_0_clock/A (sky130_fd_sc_hd__clkbuf_16)
     4    0.04    0.09    0.26   25.35 ^ clkbuf_0_clock/X (sky130_fd_sc_hd__clkbuf_16)
                                         clknet_0_clock (net)
                  0.09    0.00   25.35 ^ clkbuf_2_3__f_clock/A (sky130_fd_sc_hd__clkbuf_16)
     9    0.04    0.09    0.24   25.59 ^ clkbuf_2_3__f_clock/X (sky130_fd_sc_hd__clkbuf_16)
                                         clknet_2_3__leaf_clock (net)
                  0.09    0.00   25.60 ^ accumulator._2312_/CLK (sky130_fd_sc_hd__dfxtp_1)
                         -0.25   25.35   clock uncertainty
                          0.00   25.35   clock reconvergence pessimism
                         -0.15   25.20   library setup time
                                 25.20   data required time
-----------------------------------------------------------------------------
                                 25.20   data required time
                                -41.42   data arrival time
-----------------------------------------------------------------------------
                                -16.22   slack (VIOLATED)



======================= Typical Corner ===================================

Startpoint: io_inB[3] (input port clocked by clock)
Endpoint: accumulator._2317_ (rising edge-triggered flip-flop clocked by clock)
Path Group: clock
Path Type: max
Corner: Typical

Fanout     Cap    Slew   Delay    Time   Description
-----------------------------------------------------------------------------
                          0.00    0.00   clock clock (rise edge)
                          0.00    0.00   clock network delay (propagated)
                          5.00    5.00 v input external delay
     1    0.00    0.01    0.00    5.00 v io_inB[3] (in)
                                         io_inB[3] (net)
                  0.01    0.00    5.00 v input10/A (sky130_fd_sc_hd__buf_4)
     6    0.02    0.05    0.15    5.15 v input10/X (sky130_fd_sc_hd__buf_4)
                                         net10 (net)
                  0.05    0.00    5.15 v operator._085_/A2 (sky130_fd_sc_hd__o31ai_4)
     4    0.02    0.32    0.35    5.51 ^ operator._085_/Y (sky130_fd_sc_hd__o31ai_4)
                                         operator._023_ (net)
                  0.32    0.00    5.51 ^ operator._096_/B (sky130_fd_sc_hd__xnor2_2)
     2    0.01    0.15    0.17    5.68 ^ operator._096_/Y (sky130_fd_sc_hd__xnor2_2)
                                         operator._033_ (net)
                  0.15    0.00    5.68 ^ operator._097_/A (sky130_fd_sc_hd__xor2_1)
     2    0.01    0.15    0.19    5.87 ^ operator._097_/X (sky130_fd_sc_hd__xor2_1)
                                         operator._034_ (net)
                  0.15    0.00    5.87 ^ operator._101_/B_N (sky130_fd_sc_hd__or2b_4)
     2    0.01    0.06    0.31    6.18 v operator._101_/X (sky130_fd_sc_hd__or2b_4)
                                         operator._038_ (net)
                  0.06    0.00    6.18 v operator._102_/B (sky130_fd_sc_hd__and2b_1)
     1    0.02    0.09    0.22    6.41 v operator._102_/X (sky130_fd_sc_hd__and2b_1)
                                         operator._039_ (net)
                  0.09    0.00    6.41 v operator._103_/B (sky130_fd_sc_hd__xnor2_4)
     9    0.04    0.30    0.30    6.71 ^ operator._103_/Y (sky130_fd_sc_hd__xnor2_4)
                                         operator.io_outMant[3] (net)
                  0.31    0.00    6.71 ^ scaleAdd._276_/B (sky130_fd_sc_hd__and2_1)
     2    0.01    0.07    0.20    6.91 ^ scaleAdd._276_/X (sky130_fd_sc_hd__and2_1)
                                         scaleAdd._228_ (net)
                  0.07    0.00    6.91 ^ scaleAdd._315_/A (sky130_fd_sc_hd__and2_1)
     2    0.01    0.15    0.21    7.12 ^ scaleAdd._315_/X (sky130_fd_sc_hd__and2_1)
                                         scaleAdd._264_ (net)
                  0.15    0.00    7.12 ^ scaleAdd._318_/A (sky130_fd_sc_hd__xnor2_2)
     2    0.01    0.16    0.15    7.27 ^ scaleAdd._318_/Y (sky130_fd_sc_hd__xnor2_2)
                                         scaleAdd._001_ (net)
                  0.16    0.00    7.27 ^ scaleAdd._320_/A (sky130_fd_sc_hd__xor2_1)
     2    0.01    0.21    0.24    7.51 ^ scaleAdd._320_/X (sky130_fd_sc_hd__xor2_1)
                                         scaleAdd._003_ (net)
                  0.21    0.00    7.51 ^ scaleAdd._321_/B (sky130_fd_sc_hd__xor2_1)
     2    0.01    0.18    0.22    7.74 ^ scaleAdd._321_/X (sky130_fd_sc_hd__xor2_1)
                                         scaleAdd._004_ (net)
                  0.18    0.00    7.74 ^ scaleAdd._322_/B1 (sky130_fd_sc_hd__o21a_1)
     3    0.01    0.12    0.22    7.95 ^ scaleAdd._322_/X (sky130_fd_sc_hd__o21a_1)
                                         scaleAdd._005_ (net)
                  0.12    0.00    7.95 ^ scaleAdd._324_/A (sky130_fd_sc_hd__or2_1)
     2    0.01    0.08    0.16    8.11 ^ scaleAdd._324_/X (sky130_fd_sc_hd__or2_1)
                                         scaleAdd._007_ (net)
                  0.08    0.00    8.11 ^ scaleAdd._325_/B (sky130_fd_sc_hd__xor2_1)
     2    0.01    0.22    0.24    8.35 ^ scaleAdd._325_/X (sky130_fd_sc_hd__xor2_1)
                                         scaleAdd._008_ (net)
                  0.22    0.00    8.35 ^ scaleAdd._328_/A (sky130_fd_sc_hd__xnor2_1)
     3    0.01    0.28    0.22    8.57 ^ scaleAdd._328_/Y (sky130_fd_sc_hd__xnor2_1)
                                         scaleAdd._011_ (net)
                  0.28    0.00    8.57 ^ scaleAdd._356_/B1 (sky130_fd_sc_hd__o21a_1)
     2    0.01    0.13    0.25    8.82 ^ scaleAdd._356_/X (sky130_fd_sc_hd__o21a_1)
                                         scaleAdd._038_ (net)
                  0.13    0.00    8.82 ^ scaleAdd._377_/A2 (sky130_fd_sc_hd__a21o_1)
     3    0.01    0.12    0.20    9.02 ^ scaleAdd._377_/X (sky130_fd_sc_hd__a21o_1)
                                         scaleAdd._058_ (net)
                  0.12    0.00    9.02 ^ rebuffer35/A (sky130_fd_sc_hd__dlygate4sd1_1)
     1    0.01    0.09    0.26    9.29 ^ rebuffer35/X (sky130_fd_sc_hd__dlygate4sd1_1)
                                         net98 (net)
                  0.09    0.00    9.29 ^ scaleAdd._378_/B (sky130_fd_sc_hd__xor2_2)
     5    0.01    0.21    0.23    9.51 ^ scaleAdd._378_/X (sky130_fd_sc_hd__xor2_2)
                                         accumulator.io_inMant[8] (net)
                  0.21    0.00    9.51 ^ accumulator._1159_/A (sky130_fd_sc_hd__nor2_1)
     1    0.00    0.05    0.08    9.59 v accumulator._1159_/Y (sky130_fd_sc_hd__nor2_1)
                                         accumulator._0142_ (net)
                  0.05    0.00    9.59 v accumulator._1160_/B1 (sky130_fd_sc_hd__o31a_1)
     1    0.00    0.05    0.11    9.71 v accumulator._1160_/X (sky130_fd_sc_hd__o31a_1)
                                         accumulator._0152_ (net)
                  0.05    0.00    9.71 v accumulator._1161_/C (sky130_fd_sc_hd__or3_4)
     1    0.00    0.07    0.34   10.05 v accumulator._1161_/X (sky130_fd_sc_hd__or3_4)
                                         accumulator._0161_ (net)
                  0.07    0.00   10.05 v accumulator._1162_/A1 (sky130_fd_sc_hd__a311o_4)
     4    0.02    0.08    0.37   10.42 v accumulator._1162_/X (sky130_fd_sc_hd__a311o_4)
                                         accumulator._0171_ (net)
                  0.08    0.00   10.42 v accumulator._1163_/A (sky130_fd_sc_hd__xor2_2)
     2    0.01    0.12    0.18   10.60 ^ accumulator._1163_/X (sky130_fd_sc_hd__xor2_2)
                                         accumulator._0181_ (net)
                  0.12    0.00   10.60 ^ accumulator._1172_/A1 (sky130_fd_sc_hd__a41o_1)
     3    0.02    0.20    0.29   10.89 ^ accumulator._1172_/X (sky130_fd_sc_hd__a41o_1)
                                         accumulator._0269_ (net)
                  0.20    0.00   10.89 ^ accumulator._1175_/A2 (sky130_fd_sc_hd__a21oi_1)
     1    0.00    0.06    0.11   11.00 v accumulator._1175_/Y (sky130_fd_sc_hd__a21oi_1)
                                         accumulator._0275_ (net)
                  0.06    0.00   11.00 v accumulator._1188_/A1 (sky130_fd_sc_hd__o41a_1)
     2    0.00    0.07    0.45   11.45 v accumulator._1188_/X (sky130_fd_sc_hd__o41a_1)
                                         accumulator._0288_ (net)
                  0.07    0.00   11.45 v rebuffer5/A (sky130_fd_sc_hd__clkbuf_2)
     2    0.01    0.04    0.13   11.58 v rebuffer5/X (sky130_fd_sc_hd__clkbuf_2)
                                         net68 (net)
                  0.04    0.00   11.58 v accumulator._1194_/A3 (sky130_fd_sc_hd__o32a_4)
     1    0.02    0.07    0.35   11.93 v accumulator._1194_/X (sky130_fd_sc_hd__o32a_4)
                                         accumulator._0294_ (net)
                  0.07    0.00   11.93 v accumulator._1197_/B (sky130_fd_sc_hd__xnor2_4)
     4    0.02    0.10    0.17   12.10 v accumulator._1197_/Y (sky130_fd_sc_hd__xnor2_4)
                                         accumulator._0297_ (net)
                  0.10    0.00   12.10 v accumulator._1221_/B1 (sky130_fd_sc_hd__a31o_4)
     5    0.01    0.05    0.25   12.35 v accumulator._1221_/X (sky130_fd_sc_hd__a31o_4)
                                         accumulator._0321_ (net)
                  0.05    0.00   12.35 v accumulator._1227_/B (sky130_fd_sc_hd__or3_4)
     2    0.01    0.07    0.39   12.74 v accumulator._1227_/X (sky130_fd_sc_hd__or3_4)
                                         accumulator._0327_ (net)
                  0.07    0.00   12.74 v accumulator._1230_/A2 (sky130_fd_sc_hd__a21bo_4)
     2    0.01    0.04    0.24   12.98 v accumulator._1230_/X (sky130_fd_sc_hd__a21bo_4)
                                         accumulator._0330_ (net)
                  0.04    0.00   12.98 v accumulator._1232_/A1 (sky130_fd_sc_hd__a21o_4)
     2    0.02    0.05    0.23   13.21 v accumulator._1232_/X (sky130_fd_sc_hd__a21o_4)
                                         accumulator._0332_ (net)
                  0.05    0.00   13.21 v accumulator._1235_/A2 (sky130_fd_sc_hd__a21o_1)
     2    0.01    0.04    0.20   13.41 v accumulator._1235_/X (sky130_fd_sc_hd__a21o_1)
                                         accumulator._0335_ (net)
                  0.04    0.00   13.41 v accumulator._1237_/A1 (sky130_fd_sc_hd__a21o_1)
     2    0.01    0.07    0.20   13.61 v accumulator._1237_/X (sky130_fd_sc_hd__a21o_1)
                                         accumulator._0337_ (net)
                  0.07    0.00   13.61 v accumulator._1241_/A2 (sky130_fd_sc_hd__a21o_1)
     2    0.01    0.06    0.22   13.82 v accumulator._1241_/X (sky130_fd_sc_hd__a21o_1)
                                         accumulator._0341_ (net)
                  0.06    0.00   13.82 v accumulator._1243_/A2 (sky130_fd_sc_hd__a21o_4)
     4    0.06    0.09    0.30   14.12 v accumulator._1243_/X (sky130_fd_sc_hd__a21o_4)
                                         accumulator._0343_ (net)
                  0.09    0.00   14.12 v accumulator._1253_/A (sky130_fd_sc_hd__xor2_4)
     7    0.04    0.31    0.34   14.47 ^ accumulator._1253_/X (sky130_fd_sc_hd__xor2_4)
                                         accumulator._0353_ (net)
                  0.31    0.00   14.47 ^ accumulator._1307_/S (sky130_fd_sc_hd__mux2_4)
     4    0.01    0.06    0.37   14.84 v accumulator._1307_/X (sky130_fd_sc_hd__mux2_4)
                                         accumulator._0405_ (net)
                  0.06    0.00   14.84 v accumulator._1335_/B (sky130_fd_sc_hd__or3b_4)
     1    0.01    0.07    0.39   15.23 v accumulator._1335_/X (sky130_fd_sc_hd__or3b_4)
                                         accumulator._0433_ (net)
                  0.07    0.00   15.23 v accumulator._1336_/B1 (sky130_fd_sc_hd__o31a_4)
     5    0.02    0.07    0.15   15.38 v accumulator._1336_/X (sky130_fd_sc_hd__o31a_4)
                                         accumulator._0434_ (net)
                  0.07    0.00   15.38 v accumulator._1556_/A0 (sky130_fd_sc_hd__mux2_4)
     4    0.02    0.08    0.33   15.72 v accumulator._1556_/X (sky130_fd_sc_hd__mux2_4)
                                         accumulator._0654_ (net)
                  0.08    0.00   15.72 v accumulator._1599_/A2 (sky130_fd_sc_hd__a2111o_1)
     3    0.01    0.09    0.48   16.20 v accumulator._1599_/X (sky130_fd_sc_hd__a2111o_1)
                                         accumulator._0697_ (net)
                  0.09    0.00   16.20 v accumulator._1601_/A2 (sky130_fd_sc_hd__a21o_1)
     4    0.01    0.08    0.25   16.45 v accumulator._1601_/X (sky130_fd_sc_hd__a21o_1)
                                         accumulator._0699_ (net)
                  0.08    0.00   16.45 v accumulator._1753_/A1 (sky130_fd_sc_hd__a2111o_4)
     6    0.03    0.10    0.54   16.99 v accumulator._1753_/X (sky130_fd_sc_hd__a2111o_4)
                                         accumulator._0851_ (net)
                  0.10    0.00   16.99 v accumulator._1755_/A1 (sky130_fd_sc_hd__a211o_4)
     3    0.02    0.07    0.38   17.37 v accumulator._1755_/X (sky130_fd_sc_hd__a211o_4)
                                         accumulator._0853_ (net)
                  0.07    0.00   17.37 v accumulator._1758_/A1 (sky130_fd_sc_hd__a31o_4)
     5    0.02    0.06    0.26   17.64 v accumulator._1758_/X (sky130_fd_sc_hd__a31o_4)
                                         accumulator._0856_ (net)
                  0.06    0.00   17.64 v accumulator._1769_/A3 (sky130_fd_sc_hd__o311a_4)
     2    0.01    0.06    0.34   17.98 v accumulator._1769_/X (sky130_fd_sc_hd__o311a_4)
                                         accumulator._0867_ (net)
                  0.06    0.00   17.98 v accumulator._1777_/A4 (sky130_fd_sc_hd__o41a_1)
     3    0.01    0.10    0.38   18.36 v accumulator._1777_/X (sky130_fd_sc_hd__o41a_1)
                                         accumulator._0875_ (net)
                  0.10    0.00   18.36 v accumulator._1778_/B (sky130_fd_sc_hd__or3_4)
     3    0.01    0.07    0.42   18.77 v accumulator._1778_/X (sky130_fd_sc_hd__or3_4)
                                         accumulator._0876_ (net)
                  0.07    0.00   18.77 v accumulator._1786_/A1 (sky130_fd_sc_hd__a311o_1)
     3    0.01    0.09    0.33   19.10 v accumulator._1786_/X (sky130_fd_sc_hd__a311o_1)
                                         accumulator._0884_ (net)
                  0.09    0.00   19.10 v accumulator._1792_/A1 (sky130_fd_sc_hd__a311o_1)
     1    0.00    0.05    0.29   19.39 v accumulator._1792_/X (sky130_fd_sc_hd__a311o_1)
                                         accumulator._0890_ (net)
                  0.05    0.00   19.39 v accumulator._1793_/A (sky130_fd_sc_hd__and3_4)
     5    0.02    0.06    0.19   19.57 v accumulator._1793_/X (sky130_fd_sc_hd__and3_4)
                                         accumulator._0891_ (net)
                  0.06    0.00   19.57 v accumulator._1803_/A (sky130_fd_sc_hd__or2_4)
     1    0.00    0.05    0.26   19.84 v accumulator._1803_/X (sky130_fd_sc_hd__or2_4)
                                         accumulator._0901_ (net)
                  0.05    0.00   19.84 v accumulator._1804_/A (sky130_fd_sc_hd__buf_6)
     8    0.03    0.04    0.14   19.97 v accumulator._1804_/X (sky130_fd_sc_hd__buf_6)
                                         accumulator._0902_ (net)
                  0.04    0.00   19.98 v accumulator._1971_/S (sky130_fd_sc_hd__mux2_4)
     4    0.01    0.07    0.33   20.31 v accumulator._1971_/X (sky130_fd_sc_hd__mux2_4)
                                         accumulator._1069_ (net)
                  0.07    0.00   20.31 v accumulator._2006_/A2 (sky130_fd_sc_hd__a21bo_1)
     1    0.00    0.04    0.20   20.51 v accumulator._2006_/X (sky130_fd_sc_hd__a21bo_1)
                                         accumulator._1104_ (net)
                  0.04    0.00   20.51 v accumulator._2007_/A2 (sky130_fd_sc_hd__a21bo_1)
     1    0.00    0.03    0.19   20.70 v accumulator._2007_/X (sky130_fd_sc_hd__a21bo_1)
                                         accumulator._1105_ (net)
                  0.03    0.00   20.70 v accumulator._2008_/A2 (sky130_fd_sc_hd__a21bo_1)
     1    0.00    0.04    0.20   20.90 v accumulator._2008_/X (sky130_fd_sc_hd__a21bo_1)
                                         accumulator._1106_ (net)
                  0.04    0.00   20.90 v accumulator._2009_/A2 (sky130_fd_sc_hd__a21o_1)
     1    0.00    0.03    0.18   21.08 v accumulator._2009_/X (sky130_fd_sc_hd__a21o_1)
                                         accumulator._1107_ (net)
                  0.03    0.00   21.08 v accumulator._2010_/A2 (sky130_fd_sc_hd__a21bo_1)
     1    0.00    0.04    0.20   21.28 v accumulator._2010_/X (sky130_fd_sc_hd__a21bo_1)
                                         accumulator._1108_ (net)
                  0.04    0.00   21.28 v accumulator._2011_/A1 (sky130_fd_sc_hd__a21oi_1)
     1    0.00    0.10    0.12   21.40 ^ accumulator._2011_/Y (sky130_fd_sc_hd__a21oi_1)
                                         accumulator._1109_ (net)
                  0.10    0.00   21.40 ^ accumulator._2012_/A1 (sky130_fd_sc_hd__o21ba_1)
     1    0.00    0.06    0.16   21.55 ^ accumulator._2012_/X (sky130_fd_sc_hd__o21ba_1)
                                         accumulator._1110_ (net)
                  0.06    0.00   21.55 ^ accumulator._2014_/A2 (sky130_fd_sc_hd__o21ai_1)
     1    0.00    0.06    0.06   21.61 v accumulator._2014_/Y (sky130_fd_sc_hd__o21ai_1)
                                         accumulator._1112_ (net)
                  0.06    0.00   21.61 v accumulator._2015_/A1 (sky130_fd_sc_hd__a21bo_1)
     1    0.00    0.04    0.19   21.80 v accumulator._2015_/X (sky130_fd_sc_hd__a21bo_1)
                                         accumulator._1113_ (net)
                  0.04    0.00   21.80 v accumulator._2016_/A2 (sky130_fd_sc_hd__a21oi_1)
     1    0.00    0.12    0.15   21.95 ^ accumulator._2016_/Y (sky130_fd_sc_hd__a21oi_1)
                                         accumulator._1114_ (net)
                  0.12    0.00   21.95 ^ accumulator._2017_/A1 (sky130_fd_sc_hd__o21ai_1)
     1    0.00    0.06    0.09   22.04 v accumulator._2017_/Y (sky130_fd_sc_hd__o21ai_1)
                                         accumulator._1115_ (net)
                  0.06    0.00   22.04 v accumulator._2020_/A1 (sky130_fd_sc_hd__a21o_1)
     4    0.02    0.12    0.25   22.29 v accumulator._2020_/X (sky130_fd_sc_hd__a21o_1)
                                         accumulator._1118_ (net)
                  0.12    0.00   22.29 v accumulator._2021_/A (sky130_fd_sc_hd__buf_6)
     6    0.06    0.06    0.19   22.49 v accumulator._2021_/X (sky130_fd_sc_hd__buf_6)
                                         accumulator._1119_ (net)
                  0.06    0.00   22.49 v accumulator._2055_/S (sky130_fd_sc_hd__mux2_4)
     2    0.01    0.06    0.33   22.82 v accumulator._2055_/X (sky130_fd_sc_hd__mux2_4)
                                         accumulator._0041_ (net)
                  0.06    0.00   22.82 v accumulator._2056_/A0 (sky130_fd_sc_hd__mux2_4)
     2    0.01    0.05    0.29   23.11 v accumulator._2056_/X (sky130_fd_sc_hd__mux2_4)
                                         accumulator._0042_ (net)
                  0.05    0.00   23.11 v accumulator._2094_/A0 (sky130_fd_sc_hd__mux2_4)
     2    0.01    0.06    0.30   23.41 v accumulator._2094_/X (sky130_fd_sc_hd__mux2_4)
                                         accumulator._0080_ (net)
                  0.06    0.00   23.41 v accumulator._2095_/A1 (sky130_fd_sc_hd__mux2_4)
     2    0.01    0.06    0.29   23.70 v accumulator._2095_/X (sky130_fd_sc_hd__mux2_4)
                                         accumulator._0081_ (net)
                  0.06    0.00   23.70 v accumulator._2220_/B1 (sky130_fd_sc_hd__o221a_1)
     1    0.00    0.04    0.23   23.93 v accumulator._2220_/X (sky130_fd_sc_hd__o221a_1)
                                         accumulator._0203_ (net)
                  0.04    0.00   23.93 v accumulator._2221_/A2 (sky130_fd_sc_hd__a21oi_1)
     1    0.00    0.10    0.13   24.06 ^ accumulator._2221_/Y (sky130_fd_sc_hd__a21oi_1)
                                         accumulator._0024_ (net)
                  0.10    0.00   24.06 ^ accumulator._2317_/D (sky130_fd_sc_hd__dfxtp_1)
                                 24.06   data arrival time

                         25.00   25.00   clock clock (rise edge)
                          0.00   25.00   clock source latency
     1    0.02    0.09    0.06   25.06 ^ clock (in)
                                         clock (net)
                  0.09    0.00   25.06 ^ clkbuf_0_clock/A (sky130_fd_sc_hd__clkbuf_16)
     4    0.04    0.06    0.15   25.20 ^ clkbuf_0_clock/X (sky130_fd_sc_hd__clkbuf_16)
                                         clknet_0_clock (net)
                  0.06    0.00   25.20 ^ clkbuf_2_0__f_clock/A (sky130_fd_sc_hd__clkbuf_16)
     8    0.03    0.05    0.14   25.34 ^ clkbuf_2_0__f_clock/X (sky130_fd_sc_hd__clkbuf_16)
                                         clknet_2_0__leaf_clock (net)
                  0.05    0.00   25.34 ^ accumulator._2317_/CLK (sky130_fd_sc_hd__dfxtp_1)
                         -0.25   25.09   clock uncertainty
                          0.00   25.09   clock reconvergence pessimism
                         -0.06   25.03   library setup time
                                 25.03   data required time
-----------------------------------------------------------------------------
                                 25.03   data required time
                                -24.06   data arrival time
-----------------------------------------------------------------------------
                                  0.96   slack (MET)




===========================================================================
report_checks --slack_max -0.01
============================================================================
======================= Fastest Corner ===================================

No paths found.

======================= Slowest Corner ===================================

Startpoint: io_inB[3] (input port clocked by clock)
Endpoint: accumulator._2312_ (rising edge-triggered flip-flop clocked by clock)
Path Group: clock
Path Type: max
Corner: Slowest

Fanout     Cap    Slew   Delay    Time   Description
-----------------------------------------------------------------------------
                          0.00    0.00   clock clock (rise edge)
                          0.00    0.00   clock network delay (propagated)
                          5.00    5.00 v input external delay
     1    0.00    0.02    0.01    5.01 v io_inB[3] (in)
                                         io_inB[3] (net)
                  0.02    0.00    5.01 v input10/A (sky130_fd_sc_hd__buf_4)
     6    0.02    0.08    0.28    5.29 v input10/X (sky130_fd_sc_hd__buf_4)
                                         net10 (net)
                  0.08    0.00    5.29 v operator._085_/A2 (sky130_fd_sc_hd__o31ai_4)
     4    0.02    0.51    0.58    5.87 ^ operator._085_/Y (sky130_fd_sc_hd__o31ai_4)
                                         operator._023_ (net)
                  0.51    0.00    5.87 ^ operator._096_/B (sky130_fd_sc_hd__xnor2_2)
     2    0.01    0.23    0.37    6.24 ^ operator._096_/Y (sky130_fd_sc_hd__xnor2_2)
                                         operator._033_ (net)
                  0.23    0.00    6.24 ^ operator._097_/A (sky130_fd_sc_hd__xor2_1)
     2    0.00    0.24    0.36    6.60 ^ operator._097_/X (sky130_fd_sc_hd__xor2_1)
                                         operator._034_ (net)
                  0.24    0.00    6.60 ^ operator._101_/B_N (sky130_fd_sc_hd__or2b_4)
     2    0.01    0.10    0.63    7.23 v operator._101_/X (sky130_fd_sc_hd__or2b_4)
                                         operator._038_ (net)
                  0.10    0.00    7.23 v operator._102_/B (sky130_fd_sc_hd__and2b_1)
     1    0.02    0.17    0.46    7.69 v operator._102_/X (sky130_fd_sc_hd__and2b_1)
                                         operator._039_ (net)
                  0.17    0.00    7.69 v operator._103_/B (sky130_fd_sc_hd__xnor2_4)
     9    0.04    0.47    0.50    8.18 ^ operator._103_/Y (sky130_fd_sc_hd__xnor2_4)
                                         operator.io_outMant[3] (net)
                  0.47    0.00    8.19 ^ scaleAdd._276_/B (sky130_fd_sc_hd__and2_1)
     2    0.01    0.11    0.41    8.59 ^ scaleAdd._276_/X (sky130_fd_sc_hd__and2_1)
                                         scaleAdd._228_ (net)
                  0.11    0.00    8.59 ^ scaleAdd._315_/A (sky130_fd_sc_hd__and2_1)
     2    0.01    0.24    0.38    8.98 ^ scaleAdd._315_/X (sky130_fd_sc_hd__and2_1)
                                         scaleAdd._264_ (net)
                  0.24    0.00    8.98 ^ scaleAdd._318_/A (sky130_fd_sc_hd__xnor2_2)
     2    0.01    0.24    0.30    9.28 ^ scaleAdd._318_/Y (sky130_fd_sc_hd__xnor2_2)
                                         scaleAdd._001_ (net)
                  0.24    0.00    9.28 ^ scaleAdd._320_/A (sky130_fd_sc_hd__xor2_1)
     2    0.01    0.35    0.45    9.72 ^ scaleAdd._320_/X (sky130_fd_sc_hd__xor2_1)
                                         scaleAdd._003_ (net)
                  0.35    0.00    9.72 ^ scaleAdd._321_/B (sky130_fd_sc_hd__xor2_1)
     2    0.01    0.16    0.28   10.00 v scaleAdd._321_/X (sky130_fd_sc_hd__xor2_1)
                                         scaleAdd._004_ (net)
                  0.16    0.00   10.00 v scaleAdd._322_/B1 (sky130_fd_sc_hd__o21a_1)
     3    0.01    0.14    0.32   10.32 v scaleAdd._322_/X (sky130_fd_sc_hd__o21a_1)
                                         scaleAdd._005_ (net)
                  0.14    0.00   10.32 v scaleAdd._324_/A (sky130_fd_sc_hd__or2_1)
     2    0.01    0.14    0.60   10.92 v scaleAdd._324_/X (sky130_fd_sc_hd__or2_1)
                                         scaleAdd._007_ (net)
                  0.14    0.00   10.92 v scaleAdd._325_/B (sky130_fd_sc_hd__xor2_1)
     2    0.01    0.17    0.35   11.28 v scaleAdd._325_/X (sky130_fd_sc_hd__xor2_1)
                                         scaleAdd._008_ (net)
                  0.17    0.00   11.28 v scaleAdd._352_/A2 (sky130_fd_sc_hd__a31o_1)
     3    0.01    0.11    0.48   11.76 v scaleAdd._352_/X (sky130_fd_sc_hd__a31o_1)
                                         scaleAdd._034_ (net)
                  0.11    0.00   11.76 v scaleAdd._354_/C (sky130_fd_sc_hd__and3_1)
     2    0.00    0.09    0.42   12.18 v scaleAdd._354_/X (sky130_fd_sc_hd__and3_1)
                                         scaleAdd._036_ (net)
                  0.09    0.00   12.18 v scaleAdd._377_/B1 (sky130_fd_sc_hd__a21o_1)
     3    0.01    0.14    0.38   12.56 v scaleAdd._377_/X (sky130_fd_sc_hd__a21o_1)
                                         scaleAdd._058_ (net)
                  0.14    0.00   12.56 v scaleAdd._427_/A2 (sky130_fd_sc_hd__a31o_4)
     4    0.02    0.10    0.51   13.07 v scaleAdd._427_/X (sky130_fd_sc_hd__a31o_4)
                                         scaleAdd._106_ (net)
                  0.10    0.00   13.07 v scaleAdd._467_/A (sky130_fd_sc_hd__or2_1)
     1    0.00    0.10    0.53   13.60 v scaleAdd._467_/X (sky130_fd_sc_hd__or2_1)
                                         scaleAdd._144_ (net)
                  0.10    0.00   13.60 v scaleAdd._468_/A2 (sky130_fd_sc_hd__a31o_1)
     1    0.00    0.07    0.40   14.01 v scaleAdd._468_/X (sky130_fd_sc_hd__a31o_1)
                                         scaleAdd._145_ (net)
                  0.07    0.00   14.01 v scaleAdd._469_/B (sky130_fd_sc_hd__and2_4)
     1    0.01    0.05    0.30   14.30 v scaleAdd._469_/X (sky130_fd_sc_hd__and2_4)
                                         scaleAdd._146_ (net)
                  0.05    0.00   14.30 v scaleAdd._470_/A (sky130_fd_sc_hd__buf_6)
     5    0.02    0.05    0.22   14.53 v scaleAdd._470_/X (sky130_fd_sc_hd__buf_6)
                                         accumulator.io_inMant[12] (net)
                  0.05    0.00   14.53 v accumulator._1148_/D (sky130_fd_sc_hd__or4_4)
     5    0.02    0.22    0.99   15.52 v accumulator._1148_/X (sky130_fd_sc_hd__or4_4)
                                         accumulator._0034_ (net)
                  0.22    0.00   15.52 v rebuffer22/A (sky130_fd_sc_hd__dlymetal6s2s_1)
     1    0.01    0.09    0.39   15.91 v rebuffer22/X (sky130_fd_sc_hd__dlymetal6s2s_1)
                                         net85 (net)
                  0.09    0.00   15.91 v accumulator._1150_/A (sky130_fd_sc_hd__inv_2)
     3    0.01    0.09    0.13   16.03 ^ accumulator._1150_/Y (sky130_fd_sc_hd__inv_2)
                                         accumulator._0054_ (net)
                  0.09    0.00   16.03 ^ accumulator._1152_/A (sky130_fd_sc_hd__nand2_2)
     3    0.01    0.11    0.14   16.18 v accumulator._1152_/Y (sky130_fd_sc_hd__nand2_2)
                                         accumulator._0074_ (net)
                  0.11    0.00   16.18 v accumulator._1153_/B1 (sky130_fd_sc_hd__o21a_1)
     2    0.01    0.09    0.25   16.43 v accumulator._1153_/X (sky130_fd_sc_hd__o21a_1)
                                         accumulator._0083_ (net)
                  0.09    0.00   16.43 v accumulator._1173_/A (sky130_fd_sc_hd__buf_4)
    10    0.04    0.11    0.33   16.76 v accumulator._1173_/X (sky130_fd_sc_hd__buf_4)
                                         accumulator._0273_ (net)
                  0.11    0.00   16.76 v accumulator._1174_/B (sky130_fd_sc_hd__and2_1)
     3    0.01    0.10    0.39   17.15 v accumulator._1174_/X (sky130_fd_sc_hd__and2_1)
                                         accumulator._0274_ (net)
                  0.10    0.00   17.15 v accumulator._1201_/B1 (sky130_fd_sc_hd__a21o_1)
     3    0.01    0.11    0.36   17.51 v accumulator._1201_/X (sky130_fd_sc_hd__a21o_1)
                                         accumulator._0301_ (net)
                  0.11    0.00   17.51 v accumulator._1208_/A1 (sky130_fd_sc_hd__a31o_1)
     1    0.01    0.09    0.38   17.90 v accumulator._1208_/X (sky130_fd_sc_hd__a31o_1)
                                         accumulator._0308_ (net)
                  0.09    0.00   17.90 v accumulator._1209_/B (sky130_fd_sc_hd__xor2_1)
     2    0.01    0.25    0.36   18.26 v accumulator._1209_/X (sky130_fd_sc_hd__xor2_1)
                                         accumulator._0309_ (net)
                  0.25    0.00   18.26 v accumulator._1220_/A (sky130_fd_sc_hd__and4_1)
     1    0.01    0.09    0.43   18.69 v accumulator._1220_/X (sky130_fd_sc_hd__and4_1)
                                         accumulator._0320_ (net)
                  0.09    0.00   18.69 v accumulator._1221_/A3 (sky130_fd_sc_hd__a31o_4)
     5    0.01    0.08    0.49   19.18 v accumulator._1221_/X (sky130_fd_sc_hd__a31o_4)
                                         accumulator._0321_ (net)
                  0.08    0.00   19.18 v accumulator._1227_/B (sky130_fd_sc_hd__or3_4)
     2    0.01    0.13    0.78   19.96 v accumulator._1227_/X (sky130_fd_sc_hd__or3_4)
                                         accumulator._0327_ (net)
                  0.13    0.00   19.96 v accumulator._1230_/A2 (sky130_fd_sc_hd__a21bo_4)
     2    0.01    0.07    0.44   20.40 v accumulator._1230_/X (sky130_fd_sc_hd__a21bo_4)
                                         accumulator._0330_ (net)
                  0.07    0.00   20.40 v accumulator._1232_/A1 (sky130_fd_sc_hd__a21o_4)
     2    0.02    0.10    0.43   20.83 v accumulator._1232_/X (sky130_fd_sc_hd__a21o_4)
                                         accumulator._0332_ (net)
                  0.10    0.00   20.83 v accumulator._1235_/A2 (sky130_fd_sc_hd__a21o_1)
     2    0.01    0.08    0.37   21.19 v accumulator._1235_/X (sky130_fd_sc_hd__a21o_1)
                                         accumulator._0335_ (net)
                  0.08    0.00   21.19 v accumulator._1237_/A1 (sky130_fd_sc_hd__a21o_1)
     2    0.01    0.13    0.38   21.57 v accumulator._1237_/X (sky130_fd_sc_hd__a21o_1)
                                         accumulator._0337_ (net)
                  0.13    0.00   21.57 v accumulator._1241_/A2 (sky130_fd_sc_hd__a21o_1)
     2    0.01    0.10    0.40   21.97 v accumulator._1241_/X (sky130_fd_sc_hd__a21o_1)
                                         accumulator._0341_ (net)
                  0.10    0.00   21.97 v accumulator._1243_/A2 (sky130_fd_sc_hd__a21o_4)
     4    0.06    0.17    0.54   22.52 v accumulator._1243_/X (sky130_fd_sc_hd__a21o_4)
                                         accumulator._0343_ (net)
                  0.17    0.00   22.52 v accumulator._1253_/A (sky130_fd_sc_hd__xor2_4)
     7    0.04    0.48    0.56   23.08 ^ accumulator._1253_/X (sky130_fd_sc_hd__xor2_4)
                                         accumulator._0353_ (net)
                  0.48    0.00   23.08 ^ accumulator._1355_/S (sky130_fd_sc_hd__mux2_4)
     5    0.02    0.12    0.78   23.86 v accumulator._1355_/X (sky130_fd_sc_hd__mux2_4)
                                         accumulator._0453_ (net)
                  0.12    0.00   23.86 v accumulator._1474_/B (sky130_fd_sc_hd__and3_1)
     3    0.01    0.14    0.45   24.31 v accumulator._1474_/X (sky130_fd_sc_hd__and3_1)
                                         accumulator._0572_ (net)
                  0.14    0.00   24.31 v accumulator._1502_/B (sky130_fd_sc_hd__or3_1)
     2    0.01    0.16    0.90   25.21 v accumulator._1502_/X (sky130_fd_sc_hd__or3_1)
                                         accumulator._0600_ (net)
                  0.16    0.00   25.21 v accumulator._1503_/C (sky130_fd_sc_hd__and3_1)
     2    0.01    0.13    0.49   25.70 v accumulator._1503_/X (sky130_fd_sc_hd__and3_1)
                                         accumulator._0601_ (net)
                  0.13    0.00   25.70 v accumulator._1742_/C1 (sky130_fd_sc_hd__a211o_1)
     2    0.02    0.19    0.60   26.30 v accumulator._1742_/X (sky130_fd_sc_hd__a211o_1)
                                         accumulator._0840_ (net)
                  0.19    0.00   26.30 v accumulator._1746_/A1 (sky130_fd_sc_hd__a32o_2)
     4    0.03    0.18    0.64   26.94 v accumulator._1746_/X (sky130_fd_sc_hd__a32o_2)
                                         accumulator._0844_ (net)
                  0.18    0.00   26.94 v accumulator._1753_/C1 (sky130_fd_sc_hd__a2111o_4)
     6    0.03    0.18    0.99   27.93 v accumulator._1753_/X (sky130_fd_sc_hd__a2111o_4)
                                         accumulator._0851_ (net)
                  0.18    0.00   27.93 v accumulator._1755_/A1 (sky130_fd_sc_hd__a211o_4)
     3    0.02    0.11    0.69   28.62 v accumulator._1755_/X (sky130_fd_sc_hd__a211o_4)
                                         accumulator._0853_ (net)
                  0.11    0.00   28.62 v accumulator._1758_/A1 (sky130_fd_sc_hd__a31o_4)
     5    0.02    0.10    0.48   29.10 v accumulator._1758_/X (sky130_fd_sc_hd__a31o_4)
                                         accumulator._0856_ (net)
                  0.10    0.00   29.10 v accumulator._1769_/A3 (sky130_fd_sc_hd__o311a_4)
     2    0.01    0.11    0.63   29.73 v accumulator._1769_/X (sky130_fd_sc_hd__o311a_4)
                                         accumulator._0867_ (net)
                  0.11    0.00   29.73 v accumulator._1777_/A4 (sky130_fd_sc_hd__o41a_1)
     3    0.01    0.19    0.74   30.47 v accumulator._1777_/X (sky130_fd_sc_hd__o41a_1)
                                         accumulator._0875_ (net)
                  0.19    0.00   30.47 v accumulator._1778_/B (sky130_fd_sc_hd__or3_4)
     3    0.01    0.13    0.83   31.31 v accumulator._1778_/X (sky130_fd_sc_hd__or3_4)
                                         accumulator._0876_ (net)
                  0.13    0.00   31.31 v accumulator._1786_/A1 (sky130_fd_sc_hd__a311o_1)
     3    0.01    0.16    0.64   31.95 v accumulator._1786_/X (sky130_fd_sc_hd__a311o_1)
                                         accumulator._0884_ (net)
                  0.16    0.00   31.95 v accumulator._1792_/A1 (sky130_fd_sc_hd__a311o_1)
     1    0.00    0.09    0.56   32.51 v accumulator._1792_/X (sky130_fd_sc_hd__a311o_1)
                                         accumulator._0890_ (net)
                  0.09    0.00   32.51 v accumulator._1793_/A (sky130_fd_sc_hd__and3_4)
     5    0.02    0.10    0.35   32.86 v accumulator._1793_/X (sky130_fd_sc_hd__and3_4)
                                         accumulator._0891_ (net)
                  0.10    0.00   32.86 v accumulator._1803_/A (sky130_fd_sc_hd__or2_4)
     1    0.01    0.08    0.50   33.36 v accumulator._1803_/X (sky130_fd_sc_hd__or2_4)
                                         accumulator._0901_ (net)
                  0.08    0.00   33.36 v accumulator._1804_/A (sky130_fd_sc_hd__buf_6)
     8    0.03    0.07    0.26   33.62 v accumulator._1804_/X (sky130_fd_sc_hd__buf_6)
                                         accumulator._0902_ (net)
                  0.07    0.00   33.62 v accumulator._1971_/S (sky130_fd_sc_hd__mux2_4)
     4    0.01    0.11    0.61   34.23 v accumulator._1971_/X (sky130_fd_sc_hd__mux2_4)
                                         accumulator._1069_ (net)
                  0.11    0.00   34.23 v accumulator._2006_/A2 (sky130_fd_sc_hd__a21bo_1)
     1    0.00    0.07    0.37   34.60 v accumulator._2006_/X (sky130_fd_sc_hd__a21bo_1)
                                         accumulator._1104_ (net)
                  0.07    0.00   34.60 v accumulator._2007_/A2 (sky130_fd_sc_hd__a21bo_1)
     1    0.00    0.06    0.35   34.95 v accumulator._2007_/X (sky130_fd_sc_hd__a21bo_1)
                                         accumulator._1105_ (net)
                  0.06    0.00   34.95 v accumulator._2008_/A2 (sky130_fd_sc_hd__a21bo_1)
     1    0.00    0.08    0.37   35.32 v accumulator._2008_/X (sky130_fd_sc_hd__a21bo_1)
                                         accumulator._1106_ (net)
                  0.08    0.00   35.32 v accumulator._2009_/A2 (sky130_fd_sc_hd__a21o_1)
     1    0.00    0.06    0.34   35.66 v accumulator._2009_/X (sky130_fd_sc_hd__a21o_1)
                                         accumulator._1107_ (net)
                  0.06    0.00   35.66 v accumulator._2010_/A2 (sky130_fd_sc_hd__a21bo_1)
     1    0.00    0.08    0.37   36.03 v accumulator._2010_/X (sky130_fd_sc_hd__a21bo_1)
                                         accumulator._1108_ (net)
                  0.08    0.00   36.03 v accumulator._2011_/A1 (sky130_fd_sc_hd__a21oi_1)
     1    0.00    0.17    0.21   36.24 ^ accumulator._2011_/Y (sky130_fd_sc_hd__a21oi_1)
                                         accumulator._1109_ (net)
                  0.17    0.00   36.24 ^ accumulator._2012_/A1 (sky130_fd_sc_hd__o21ba_1)
     1    0.00    0.09    0.32   36.56 ^ accumulator._2012_/X (sky130_fd_sc_hd__o21ba_1)
                                         accumulator._1110_ (net)
                  0.09    0.00   36.56 ^ accumulator._2014_/A2 (sky130_fd_sc_hd__o21ai_1)
     1    0.00    0.11    0.13   36.68 v accumulator._2014_/Y (sky130_fd_sc_hd__o21ai_1)
                                         accumulator._1112_ (net)
                  0.11    0.00   36.68 v accumulator._2015_/A1 (sky130_fd_sc_hd__a21bo_1)
     1    0.00    0.08    0.36   37.04 v accumulator._2015_/X (sky130_fd_sc_hd__a21bo_1)
                                         accumulator._1113_ (net)
                  0.08    0.00   37.04 v accumulator._2016_/A2 (sky130_fd_sc_hd__a21oi_1)
     1    0.00    0.19    0.26   37.30 ^ accumulator._2016_/Y (sky130_fd_sc_hd__a21oi_1)
                                         accumulator._1114_ (net)
                  0.19    0.00   37.30 ^ accumulator._2017_/A1 (sky130_fd_sc_hd__o21ai_1)
     1    0.00    0.11    0.20   37.51 v accumulator._2017_/Y (sky130_fd_sc_hd__o21ai_1)
                                         accumulator._1115_ (net)
                  0.11    0.00   37.51 v accumulator._2020_/A1 (sky130_fd_sc_hd__a21o_1)
     4    0.02    0.22    0.47   37.97 v accumulator._2020_/X (sky130_fd_sc_hd__a21o_1)
                                         accumulator._1118_ (net)
                  0.22    0.00   37.97 v accumulator._2021_/A (sky130_fd_sc_hd__buf_6)
     6    0.06    0.10    0.36   38.33 v accumulator._2021_/X (sky130_fd_sc_hd__buf_6)
                                         accumulator._1119_ (net)
                  0.10    0.00   38.34 v accumulator._2022_/A (sky130_fd_sc_hd__buf_8)
     5    0.04    0.07    0.27   38.61 v accumulator._2022_/X (sky130_fd_sc_hd__buf_8)
                                         accumulator._1120_ (net)
                  0.07    0.00   38.61 v accumulator._2180_/S (sky130_fd_sc_hd__mux2_2)
     2    0.01    0.12    0.62   39.23 v accumulator._2180_/X (sky130_fd_sc_hd__mux2_2)
                                         accumulator._0164_ (net)
                  0.12    0.00   39.23 v accumulator._2181_/A0 (sky130_fd_sc_hd__mux2_4)
     2    0.01    0.10    0.56   39.79 v accumulator._2181_/X (sky130_fd_sc_hd__mux2_4)
                                         accumulator._0165_ (net)
                  0.10    0.00   39.79 v accumulator._2182_/A1 (sky130_fd_sc_hd__mux2_1)
     1    0.00    0.13    0.72   40.51 v accumulator._2182_/X (sky130_fd_sc_hd__mux2_1)
                                         accumulator._0166_ (net)
                  0.13    0.00   40.51 v accumulator._2183_/B2 (sky130_fd_sc_hd__o2bb2a_1)
     1    0.00    0.11    0.67   41.18 v accumulator._2183_/X (sky130_fd_sc_hd__o2bb2a_1)
                                         accumulator._0167_ (net)
                  0.11    0.00   41.18 v accumulator._2184_/A2 (sky130_fd_sc_hd__a21oi_1)
     1    0.00    0.15    0.24   41.42 ^ accumulator._2184_/Y (sky130_fd_sc_hd__a21oi_1)
                                         accumulator._0019_ (net)
                  0.15    0.00   41.42 ^ accumulator._2312_/D (sky130_fd_sc_hd__dfxtp_1)
                                 41.42   data arrival time

                         25.00   25.00   clock clock (rise edge)
                          0.00   25.00   clock source latency
     1    0.02    0.13    0.09   25.09 ^ clock (in)
                                         clock (net)
                  0.13    0.00   25.09 ^ clkbuf_0_clock/A (sky130_fd_sc_hd__clkbuf_16)
     4    0.04    0.09    0.26   25.35 ^ clkbuf_0_clock/X (sky130_fd_sc_hd__clkbuf_16)
                                         clknet_0_clock (net)
                  0.09    0.00   25.35 ^ clkbuf_2_3__f_clock/A (sky130_fd_sc_hd__clkbuf_16)
     9    0.04    0.09    0.24   25.59 ^ clkbuf_2_3__f_clock/X (sky130_fd_sc_hd__clkbuf_16)
                                         clknet_2_3__leaf_clock (net)
                  0.09    0.00   25.60 ^ accumulator._2312_/CLK (sky130_fd_sc_hd__dfxtp_1)
                         -0.25   25.35   clock uncertainty
                          0.00   25.35   clock reconvergence pessimism
                         -0.15   25.20   library setup time
                                 25.20   data required time
-----------------------------------------------------------------------------
                                 25.20   data required time
                                -41.42   data arrival time
-----------------------------------------------------------------------------
                                -16.22   slack (VIOLATED)



======================= Typical Corner ===================================

No paths found.


===========================================================================
 report_check_types -max_slew -max_cap -max_fanout -violators
============================================================================
======================= Fastest Corner ===================================

max fanout

Pin                                   Limit Fanout  Slack
---------------------------------------------------------
clkbuf_2_2__f_clock/X                    10     12     -2 (VIOLATED)


max slew violations count Fastest: 0
max fanout violations count Fastest: 1
max cap violations count Fastest: 0
======================= Slowest Corner ===================================

max slew

Pin                                    Limit    Slew   Slack
------------------------------------------------------------
scaleAdd._290_/B1                       0.75    0.80   -0.05 (VIOLATED)
scaleAdd._289_/C_N                      0.75    0.80   -0.05 (VIOLATED)
scaleAdd._301_/B                        0.75    0.80   -0.05 (VIOLATED)
scaleAdd._302_/A2                       0.75    0.80   -0.05 (VIOLATED)
scaleAdd._412_/A2                       0.75    0.80   -0.05 (VIOLATED)
scaleAdd._335_/A2                       0.75    0.80   -0.05 (VIOLATED)
scaleAdd._393_/A2                       0.75    0.80   -0.05 (VIOLATED)
scaleAdd._392_/B                        0.75    0.80   -0.05 (VIOLATED)
scaleAdd._411_/C                        0.75    0.80   -0.05 (VIOLATED)
scaleAdd._360_/B                        0.75    0.80   -0.05 (VIOLATED)
scaleAdd._288_/Y                        0.75    0.80   -0.05 (VIOLATED)
accumulator._1846_/A                    0.75    0.76   -0.01 (VIOLATED)
accumulator._1850_/S                    0.75    0.76   -0.01 (VIOLATED)
accumulator._1840_/B1                   0.75    0.76   -0.01 (VIOLATED)
accumulator._1830_/A                    0.75    0.76   -0.01 (VIOLATED)
accumulator._1865_/A1                   0.75    0.76   -0.01 (VIOLATED)
accumulator._1831_/A1                   0.75    0.76   -0.01 (VIOLATED)
accumulator._1833_/A                    0.75    0.76   -0.01 (VIOLATED)
accumulator._1858_/A1                   0.75    0.76   -0.01 (VIOLATED)
accumulator._1857_/A                    0.75    0.76   -0.01 (VIOLATED)
accumulator._1268_/A                    0.75    0.76   -0.01 (VIOLATED)
accumulator._1267_/Y                    0.75    0.76   -0.01 (VIOLATED)

max fanout

Pin                                   Limit Fanout  Slack
---------------------------------------------------------
clkbuf_2_2__f_clock/X                    10     12     -2 (VIOLATED)


max slew violations count Slowest: 22
max fanout violations count Slowest: 1
max cap violations count Slowest: 0
======================= Typical Corner ===================================

max fanout

Pin                                   Limit Fanout  Slack
---------------------------------------------------------
clkbuf_2_2__f_clock/X                    10     12     -2 (VIOLATED)


max slew violations count Typical: 0
max fanout violations count Typical: 1
max cap violations count Typical: 0

===========================================================================
report_parasitic_annotation -report_unannotated
============================================================================
Found 6 unannotated drivers.
 io_inScaleB[0]
 io_inScaleB[1]
 io_inScaleB[2]
 clkload0/Y
 clkload1/Y
 clkload2/Y
Found 0 partially unannotated drivers.

===========================================================================
max slew violation count 22
max fanout violation count 1
max cap violation count 0
============================================================================

===========================================================================
check_setup -verbose -unconstrained_endpoints -multiple_clock -no_clock -no_input_delay -loops -generated_clocks
===========================================================================
