
===========================================================================
 report_power
============================================================================
======================= Fastest Corner ===================================

Group                  Internal  Switching    Leakage      Total
                          Power      Power      Power      Power (Watts)
----------------------------------------------------------------
Sequential             1.02e-04   6.69e-05   5.44e-10   1.69e-04   0.9%
Combinational          8.65e-03   1.03e-02   1.26e-08   1.90e-02  98.7%
Clock                  5.35e-05   2.83e-05   3.93e-09   8.19e-05   0.4%
Macro                  0.00e+00   0.00e+00   0.00e+00   0.00e+00   0.0%
Pad                    0.00e+00   0.00e+00   0.00e+00   0.00e+00   0.0%
----------------------------------------------------------------
Total                  8.80e-03   1.04e-02   1.71e-08   1.92e-02 100.0%
                          45.7%      54.3%       0.0%

======================= Slowest Corner ===================================

Group                  Internal  Switching    Leakage      Total
                          Power      Power      Power      Power (Watts)
----------------------------------------------------------------
Sequential             7.00e-05   4.42e-05   4.80e-07   1.15e-04   0.9%
Combinational          6.28e-03   6.86e-03   8.37e-06   1.31e-02  98.7%
Clock                  3.84e-05   1.81e-05   1.24e-07   5.67e-05   0.4%
Macro                  0.00e+00   0.00e+00   0.00e+00   0.00e+00   0.0%
Pad                    0.00e+00   0.00e+00   0.00e+00   0.00e+00   0.0%
----------------------------------------------------------------
Total                  6.39e-03   6.92e-03   8.98e-06   1.33e-02 100.0%
                          48.0%      52.0%       0.1%

======================= Typical Corner ===================================

Group                  Internal  Switching    Leakage      Total
                          Power      Power      Power      Power (Watts)
----------------------------------------------------------------
Sequential             8.89e-05   5.64e-05   2.81e-10   1.45e-04   0.9%
Combinational          7.73e-03   8.74e-03   6.51e-09   1.65e-02  98.7%
Clock                  4.69e-05   2.37e-05   3.58e-09   7.06e-05   0.4%
Macro                  0.00e+00   0.00e+00   0.00e+00   0.00e+00   0.0%
Pad                    0.00e+00   0.00e+00   0.00e+00   0.00e+00   0.0%
----------------------------------------------------------------
Total                  7.87e-03   8.82e-03   1.04e-08   1.67e-02 100.0%
                          47.2%      52.8%       0.0%

