Startpoint: reset (input port clocked by CORE_CLK)
Endpoint: _40_ (recovery check against rising-edge clock CORE_CLK)
Path Group: asynchronous
Path Type: max

    Delay      Time   Description
-------------------------------------------------------------
   0.0000    0.0000   clock CORE_CLK (rise edge)
   0.0000    0.0000   clock network delay (ideal)
   0.0000    0.0000 ^ input external delay
   0.0000    0.0000 ^ reset (in)
   0.0000    0.0000 ^ _40_/CDN (DFCNQD1BWP30P140)
             0.0000   data arrival time

   2.0000    2.0000   clock CORE_CLK (rise edge)
   0.0000    2.0000   clock network delay (ideal)
  -0.0500    1.9500   clock uncertainty
   0.0000    1.9500   clock reconvergence pessimism
             1.9500 ^ _40_/CP (DFCNQD1BWP30P140)
   0.0258    1.9758   library recovery time
             1.9758   data required time
-------------------------------------------------------------
             1.9758   data required time
            -0.0000   data arrival time
-------------------------------------------------------------
             1.9758   slack (MET)


Startpoint: io_op_b_i[13] (input port clocked by CORE_CLK)
Endpoint: _42_ (rising edge-triggered flip-flop clocked by CORE_CLK)
Path Group: CORE_CLK
Path Type: max

    Delay      Time   Description
-------------------------------------------------------------
   0.0000    0.0000   clock CORE_CLK (rise edge)
   0.0000    0.0000   clock network delay (ideal)
   0.0000    0.0000 ^ input external delay
   0.0000    0.0000 ^ io_op_b_i[13] (in)
   0.0109    0.0109 v op_1/_118_/ZN (NR3D0BWP30P140)
   0.0175    0.0284 v op_1/_119_/ZN (INR2D0BWP30P140)
   0.0321    0.0605 ^ op_1/_205_/ZN (NR2D0BWP30P140)
   0.0185    0.0791 ^ tree/_1360_/ZN (IND2D0BWP30P140)
   0.0201    0.0991 v tree/_1363_/ZN (AOI221D0BWP30P140)
   0.0175    0.1166 ^ tree/_1366_/ZN (OAI21D0BWP30P140)
   0.0343    0.1509 v tree/_1368_/ZN (MAOI22D0BWP30P140)
   0.0342    0.1851 v tree/_1375_/ZN (MUX2ND0BWP30P140)
   0.0248    0.2100 ^ tree/_1376_/ZN (AOI22D0BWP30P140)
   0.0214    0.2314 ^ tree/_1378_/Z (AO21D0BWP30P140)
   0.0315    0.2629 v tree/_1382_/ZN (AOI221D0BWP30P140)
   0.0422    0.3051 v tree/_1383_/Z (OR2D0BWP30P140)
   0.0276    0.3327 v tree/_1396_/Z (AO21D0BWP30P140)
   0.0286    0.3613 v tree/_1398_/ZN (XNR2UD0BWP30P140)
   0.0281    0.3894 ^ tree/_1407_/ZN (NR4D0BWP30P140)
   0.0257    0.4151 v tree/_1410_/ZN (OAI31D0BWP30P140)
   0.0797    0.4948 ^ tree/_1416_/ZN (AOI211D0BWP30P140)
   0.0499    0.5447 v tree/_1570_/ZN (MUX2ND0BWP30P140)
   0.0320    0.5767 v tree/_1571_/Z (AN2D0BWP30P140)
   0.0313    0.6080 ^ tree/_1572_/ZN (MAOI222D0BWP30P140)
   0.0331    0.6411 ^ tree/_1576_/Z (AO211D0BWP30P140)
   0.0324    0.6735 ^ tree/_1577_/Z (AN3D0BWP30P140)
   0.0477    0.7212 v tree/_1583_/ZN (OAI22D0BWP30P140)
   0.1366    0.8578 ^ tree/_1594_/ZN (AOI21D0BWP30P140)
   0.0472    0.9050 ^ tree/_1625_/ZN (MUX4ND0BWP30P140)
   0.0152    0.9202 v tree/_1629_/ZN (NR2D0BWP30P140)
   0.0317    0.9519 ^ tree/_1630_/ZN (NR2D0BWP30P140)
   0.0221    0.9740 ^ tree/_1631_/Z (OR2D0BWP30P140)
   0.0254    0.9994 v tree/_2283_/ZN (AOI31D0BWP30P140)
   0.0703    1.0697 v tree/_2296_/Z (XOR3UD0BWP30P140)
   0.0552    1.1250 v tree/_2303_/ZN (XNR3UD0BWP30P140)
   0.0188    1.1437 ^ tree/_2304_/ZN (CKND2D0BWP30P140)
   0.0236    1.1674 v tree/_2305_/ZN (MAOI222D0BWP30P140)
   0.0331    1.2004 ^ tree/_2306_/ZN (MAOI222D0BWP30P140)
   0.0302    1.2306 v tree/_2307_/ZN (MAOI222D0BWP30P140)
   0.0358    1.2664 ^ tree/_2309_/ZN (MAOI222D0BWP30P140)
   0.0305    1.2968 v tree/_2310_/ZN (MAOI222D0BWP30P140)
   0.0384    1.3353 ^ tree/_2312_/ZN (MAOI222D0BWP30P140)
   0.0256    1.3609 v tree/_2315_/ZN (OAI21D0BWP30P140)
   0.0370    1.3979 ^ tree/_2317_/ZN (MAOI222D0BWP30P140)
   0.0318    1.4298 v tree/_2319_/ZN (MAOI222D0BWP30P140)
   0.0397    1.4694 ^ tree/_2321_/ZN (MAOI222D0BWP30P140)
   0.0257    1.4951 v tree/_2324_/ZN (OAI21D0BWP30P140)
   0.0370    1.5321 ^ tree/_2326_/ZN (MAOI222D0BWP30P140)
   0.0278    1.5599 v tree/_2328_/ZN (MAOI222D0BWP30P140)
   0.0380    1.5979 ^ tree/_2329_/ZN (MAOI222D0BWP30P140)
   0.0245    1.6224 v tree/_2331_/ZN (OAI21D0BWP30P140)
   0.0288    1.6512 ^ tree/_2333_/ZN (AOI21D0BWP30P140)
   0.0291    1.6803 v tree/_2335_/ZN (MAOI222D0BWP30P140)
   0.0312    1.7116 ^ tree/_2337_/ZN (AOI21D0BWP30P140)
   0.0241    1.7356 v tree/_2339_/ZN (OAI21D0BWP30P140)
   0.0388    1.7745 ^ tree/_2341_/ZN (MAOI222D0BWP30P140)
   0.0284    1.8029 v tree/_2344_/ZN (OAI211D0BWP30P140)
   0.0326    1.8355 ^ tree/_2346_/ZN (AOI31D0BWP30P140)
   0.0262    1.8617 v tree/_2348_/ZN (OAI21D0BWP30P140)
   0.0283    1.8900 ^ tree/_2352_/ZN (AOI211D0BWP30P140)
   0.0150    1.9050 v tree/_2354_/ZN (OAI31D0BWP30P140)
   0.0581    1.9631 v tree/_2355_/Z (XOR2UD0BWP30P140)
   0.0587    2.0218 ^ tree/_2356_/ZN (CKND0BWP30P140)
   0.0204    2.0422 v tree/_2494_/ZN (AOI21D0BWP30P140)
   0.0223    2.0645 ^ tree/_2514_/ZN (OAI22D0BWP30P140)
   0.0124    2.0770 v tree/_2515_/ZN (AOI21D0BWP30P140)
   0.0171    2.0941 ^ tree/_2516_/ZN (OAI21D0BWP30P140)
   0.0123    2.1064 v tree/_2517_/ZN (AOI21D0BWP30P140)
   0.0174    2.1238 ^ tree/_2518_/ZN (OAI21D0BWP30P140)
   0.0214    2.1452 ^ tree/_2519_/ZN (IOA21D0BWP30P140)
   0.0208    2.1661 ^ tree/_2520_/ZN (IOA21D0BWP30P140)
   0.0209    2.1870 ^ tree/_2521_/ZN (IOA21D0BWP30P140)
   0.0205    2.2075 ^ tree/_2522_/ZN (IOA21D0BWP30P140)
   0.0117    2.2191 v tree/_2523_/ZN (AOI21D0BWP30P140)
   0.0165    2.2356 ^ tree/_2524_/ZN (OAI21D0BWP30P140)
   0.0120    2.2476 v tree/_2525_/ZN (AOI21D0BWP30P140)
   0.0257    2.2733 ^ tree/_2527_/ZN (OAI211D0BWP30P140)
   0.1604    2.4336 v tree/_2528_/ZN (CKND2D0BWP30P140)
   0.0855    2.5192 ^ tree/_2571_/ZN (MUX4ND0BWP30P140)
   0.0276    2.5468 v tree/_2573_/ZN (MUX2ND0BWP30P140)
   0.0392    2.5860 ^ tree/_2628_/ZN (AOI22D0BWP30P140)
   0.0449    2.6309 v tree/_2649_/ZN (OAI221D0BWP30P140)
   0.0309    2.6618 v tree/_2663_/Z (OA21D0BWP30P140)
   0.0277    2.6894 ^ tree/_2664_/ZN (NR2D0BWP30P140)
   0.0185    2.7079 v sa/_490_/ZN (CKND2D0BWP30P140)
   0.0580    2.7659 v sa/_494_/Z (XOR3UD0BWP30P140)
   0.0287    2.7946 ^ sa/_495_/ZN (NR2D0BWP30P140)
   0.0459    2.8405 v sa/_498_/ZN (XNR4D0BWP30P140)
   0.0292    2.8696 v sa/_502_/ZN (XNR2UD0BWP30P140)
   0.0217    2.8913 ^ sa/_510_/ZN (NR2D0BWP30P140)
   0.0245    2.9159 v sa/_511_/ZN (MAOI222D0BWP30P140)
   0.0330    2.9489 ^ sa/_512_/ZN (MAOI222D0BWP30P140)
   0.0266    2.9755 v sa/_513_/ZN (MAOI222D0BWP30P140)
   0.0332    3.0087 ^ sa/_514_/ZN (MAOI222D0BWP30P140)
   0.0301    3.0388 v sa/_515_/ZN (MAOI222D0BWP30P140)
   0.0385    3.0773 ^ sa/_517_/ZN (MAOI222D0BWP30P140)
   0.0263    3.1036 v sa/_519_/ZN (AOI21D0BWP30P140)
   0.0281    3.1317 ^ sa/_564_/ZN (OAI211D0BWP30P140)
   0.0217    3.1535 v sa/_565_/ZN (ND3D0BWP30P140)
   0.0235    3.1770 v sa/_638_/ZN (INR2D0BWP30P140)
   0.1768    3.3538 ^ conv/_202_/ZN (OAI31D0BWP30P140)
   0.0267    3.3805 v conv/_203_/ZN (CKND0BWP30P140)
   0.0372    3.4177 v conv/_226_/ZN (MUX3ND0BWP30P140)
   0.0424    3.4601 ^ conv/_228_/ZN (MUX2ND0BWP30P140)
   0.0395    3.4996 v conv/_256_/ZN (ND4D0BWP30P140)
   0.0419    3.5415 ^ conv/_266_/ZN (INR4D0BWP30P140)
   0.0362    3.5777 ^ conv/_268_/ZN (INR3D0BWP30P140)
   0.0362    3.6139 v conv/_271_/ZN (IND4D0BWP30P140)
   0.0448    3.6586 ^ conv/_273_/ZN (MAOI222D0BWP30P140)
   0.0341    3.6928 v conv/_283_/ZN (AOI31D0BWP30P140)
   0.0350    3.7278 ^ conv/_287_/ZN (OAI211D0BWP30P140)
   0.0285    3.7563 v conv/_290_/ZN (ND4D0BWP30P140)
   0.0316    3.7879 ^ conv/_293_/ZN (AOI31D0BWP30P140)
   0.0754    3.8633 v conv/_316_/ZN (OAI211D0BWP30P140)
   0.0565    3.9198 ^ conv/_319_/ZN (NR2D0BWP30P140)
   0.0256    3.9454 ^ accAdder/_461_/ZN (XNR2UD0BWP30P140)
   0.0293    3.9747 ^ accAdder/_462_/Z (AO21D0BWP30P140)
   0.0165    3.9911 v accAdder/_465_/ZN (AOI211D0BWP30P140)
   0.0332    4.0244 ^ accAdder/_467_/ZN (OAI31D0BWP30P140)
   0.0299    4.0542 v accAdder/_470_/ZN (OAI211D0BWP30P140)
   0.0294    4.0836 ^ accAdder/_492_/ZN (AOI21D0BWP30P140)
   0.0467    4.1303 v accAdder/_494_/ZN (OAI211D0BWP30P140)
   0.0876    4.2179 v accAdder/_518_/ZN (MUX2ND0BWP30P140)
   0.0860    4.3039 ^ accAdder/_543_/ZN (AOI31D0BWP30P140)
   0.0611    4.3649 v accAdder/_549_/ZN (ND3D0BWP30P140)
   0.0399    4.4049 v accAdder/_566_/Z (OA21D0BWP30P140)
   0.0311    4.4359 ^ accAdder/_589_/ZN (MUX3ND0BWP30P140)
   0.0331    4.4691 v accAdder/_677_/ZN (AOI221D0BWP30P140)
   0.0251    4.4942 ^ accAdder/_678_/ZN (ND3D0BWP30P140)
   0.0175    4.5117 v accAdder/_680_/ZN (OAI21D0BWP30P140)
   0.0236    4.5353 ^ accAdder/_681_/ZN (AOI21D0BWP30P140)
   0.0255    4.5608 v accAdder/_682_/ZN (MAOI222D0BWP30P140)
   0.0329    4.5936 ^ accAdder/_684_/ZN (MAOI222D0BWP30P140)
   0.0301    4.6237 v accAdder/_686_/ZN (MAOI222D0BWP30P140)
   0.0324    4.6561 ^ accAdder/_687_/ZN (AOI211D0BWP30P140)
   0.0238    4.6799 v accAdder/_688_/ZN (OAI32D0BWP30P140)
   0.0302    4.7102 ^ accAdder/_698_/ZN (AOI211D0BWP30P140)
   0.0230    4.7332 ^ accAdder/_700_/Z (OR2D0BWP30P140)
   0.1489    4.8821 v accAdder/_751_/ZN (AOI31D0BWP30P140)
   0.0882    4.9702 v accAdder/_791_/ZN (MUX4ND0BWP30P140)
   0.0430    5.0133 ^ accAdder/_792_/ZN (NR4D0BWP30P140)
   0.0345    5.0478 v accAdder/_798_/ZN (IND4D0BWP30P140)
   0.0296    5.0774 ^ accAdder/_801_/ZN (NR3D0BWP30P140)
   0.0291    5.1065 v accAdder/_803_/ZN (IND3D0BWP30P140)
   0.0406    5.1471 ^ accAdder/_805_/ZN (MAOI222D0BWP30P140)
   0.0426    5.1897 v accAdder/_810_/ZN (IND4D0BWP30P140)
   0.0444    5.2342 ^ accAdder/_820_/ZN (AOI211D0BWP30P140)
   0.0333    5.2675 ^ accAdder/_821_/Z (AN3D0BWP30P140)
   0.0241    5.2916 ^ accAdder/_828_/ZN (MAOI22D0BWP30P140)
   0.0569    5.3485 v accAdder/_855_/ZN (OAI31D0BWP30P140)
   0.0427    5.3912 ^ accAdder/_877_/ZN (INR4D0BWP30P140)
   0.0262    5.4174 ^ _32_/Z (AO22D0BWP30P140)
   0.0000    5.4174 ^ _42_/D (DFCNQD1BWP30P140)
             5.4174   data arrival time

   2.0000    2.0000   clock CORE_CLK (rise edge)
   0.0000    2.0000   clock network delay (ideal)
  -0.0500    1.9500   clock uncertainty
   0.0000    1.9500   clock reconvergence pessimism
             1.9500 ^ _42_/CP (DFCNQD1BWP30P140)
  -0.0170    1.9330   library setup time
             1.9330   data required time
-------------------------------------------------------------
             1.9330   data required time
            -5.4174   data arrival time
-------------------------------------------------------------
            -3.4844   slack (VIOLATED)


