Startpoint: reset (input port clocked by CORE_CLK)
Endpoint: _068_ (recovery check against rising-edge clock CORE_CLK)
Path Group: asynchronous
Path Type: max

    Delay      Time   Description
-------------------------------------------------------------
   0.0000    0.0000   clock CORE_CLK (rise edge)
   0.0000    0.0000   clock network delay (ideal)
   0.0000    0.0000 ^ input external delay
   0.0000    0.0000 ^ reset (in)
   0.0000    0.0000 ^ _068_/CDN (DFCNQD1BWP30P140)
             0.0000   data arrival time

  20.0000   20.0000   clock CORE_CLK (rise edge)
   0.0000   20.0000   clock network delay (ideal)
  -0.0500   19.9500   clock uncertainty
   0.0000   19.9500   clock reconvergence pessimism
            19.9500 ^ _068_/CP (DFCNQD1BWP30P140)
   0.0258   19.9758   library recovery time
            19.9758   data required time
-------------------------------------------------------------
            19.9758   data required time
            -0.0000   data arrival time
-------------------------------------------------------------
            19.9758   slack (MET)


Startpoint: io_op_a_i[9] (input port clocked by CORE_CLK)
Endpoint: _070_ (rising edge-triggered flip-flop clocked by CORE_CLK)
Path Group: CORE_CLK
Path Type: max

    Delay      Time   Description
-------------------------------------------------------------
   0.0000    0.0000   clock CORE_CLK (rise edge)
   0.0000    0.0000   clock network delay (ideal)
   0.0000    0.0000 ^ input external delay
   0.0000    0.0000 ^ io_op_a_i[9] (in)
   0.0167    0.0167 ^ reducedSum_op_1/_093_/Z (AN2D0BWP30P140)
   0.0241    0.0408 v reducedSum_op_1/_094_/ZN (OAI22D0BWP30P140)
   0.0207    0.0615 ^ reducedSum_op_1/_095_/ZN (CKND2D0BWP30P140)
   0.0520    0.1135 ^ reducedSum_op_1/_107_/ZN (XNR3UD0BWP30P140)
   0.0161    0.1296 v reducedSum_op_1/_108_/ZN (IND2D0BWP30P140)
   0.0284    0.1579 ^ reducedSum_op_1/_109_/ZN (MAOI222D0BWP30P140)
   0.0300    0.1879 v reducedSum_op_1/_110_/ZN (MAOI222D0BWP30P140)
   0.0401    0.2280 ^ reducedSum_op_1/_112_/ZN (MAOI222D0BWP30P140)
   0.0270    0.2549 v reducedSum_op_1/_114_/ZN (MAOI222D0BWP30P140)
   0.0425    0.2975 v reducedSum_op_1/_115_/Z (XOR2UD0BWP30P140)
   0.0259    0.3234 ^ reducedSum_sa_1/_385_/ZN (CKND2D0BWP30P140)
   0.0460    0.3694 v reducedSum_sa_1/_388_/ZN (XNR3UD0BWP30P140)
   0.0302    0.3996 v reducedSum_sa_1/_389_/ZN (XNR3UD0BWP30P140)
   0.0307    0.4303 v reducedSum_sa_1/_390_/Z (XOR2UD0BWP30P140)
   0.0297    0.4600 v reducedSum_sa_1/_392_/ZN (XNR2UD0BWP30P140)
   0.0219    0.4819 ^ reducedSum_sa_1/_393_/ZN (NR2D0BWP30P140)
   0.0160    0.4979 v reducedSum_sa_1/_469_/ZN (AOI21D0BWP30P140)
   0.0364    0.5343 ^ reducedSum_sa_1/_471_/ZN (MAOI222D0BWP30P140)
   0.0312    0.5655 v reducedSum_sa_1/_473_/ZN (MAOI222D0BWP30P140)
   0.0400    0.6055 ^ reducedSum_sa_1/_475_/ZN (MAOI222D0BWP30P140)
   0.0305    0.6360 v reducedSum_sa_1/_477_/ZN (MAOI222D0BWP30P140)
   0.0299    0.6659 ^ reducedSum_sa_1/_495_/ZN (OAI21D0BWP30P140)
   0.0220    0.6879 v reducedSum_sa_1/_575_/ZN (MAOI22D0BWP30P140)
   0.0298    0.7177 ^ reducedSum_sa_1/_584_/ZN (OAI21D0BWP30P140)
   0.0130    0.7307 v reducedSum_reduced_nextLevel_adder/_0529_/ZN (CKND0BWP30P140)
   0.0209    0.7516 ^ reducedSum_reduced_nextLevel_adder/_0636_/ZN (AOI22D0BWP30P140)
   0.0289    0.7805 v reducedSum_reduced_nextLevel_adder/_0638_/ZN (OAI211D0BWP30P140)
   0.0324    0.8130 ^ reducedSum_reduced_nextLevel_adder/_0640_/ZN (AOI211D0BWP30P140)
   0.0172    0.8302 v reducedSum_reduced_nextLevel_adder/_0641_/ZN (OAI21D0BWP30P140)
   0.2951    1.1253 ^ reducedSum_reduced_nextLevel_adder/_0645_/ZN (AOI21D0BWP30P140)
   0.0401    1.1654 v reducedSum_reduced_nextLevel_adder/_0680_/ZN (MUX2ND0BWP30P140)
   0.0630    1.2284 ^ reducedSum_reduced_nextLevel_adder/_0756_/ZN (MUX4ND0BWP30P140)
   0.0363    1.2646 ^ reducedSum_reduced_nextLevel_adder/_0757_/Z (MUX3D0BWP30P140)
   0.0254    1.2901 ^ reducedSum_reduced_nextLevel_adder/_0794_/ZN (MOAI22D0BWP30P140)
   0.0115    1.3016 v reducedSum_reduced_nextLevel_adder/_0796_/ZN (NR2D0BWP30P140)
   0.0295    1.3311 ^ reducedSum_reduced_nextLevel_adder/_0801_/ZN (AOI31D0BWP30P140)
   0.0256    1.3566 v reducedSum_reduced_nextLevel_adder/_0804_/ZN (MAOI222D0BWP30P140)
   0.0368    1.3934 ^ reducedSum_reduced_nextLevel_adder/_0808_/ZN (MAOI222D0BWP30P140)
   0.0252    1.4186 v reducedSum_reduced_nextLevel_adder/_0813_/ZN (MAOI222D0BWP30P140)
   0.0289    1.4475 v reducedSum_reduced_nextLevel_adder/_0817_/Z (AO21D0BWP30P140)
   0.0176    1.4650 ^ reducedSum_reduced_nextLevel_adder/_0821_/ZN (AOI21D0BWP30P140)
   0.0237    1.4888 v reducedSum_reduced_nextLevel_adder/_0826_/ZN (MAOI222D0BWP30P140)
   0.0256    1.5144 ^ reducedSum_reduced_nextLevel_adder/_0829_/ZN (AOI21D0BWP30P140)
   0.0274    1.5418 v reducedSum_reduced_nextLevel_adder/_0833_/ZN (MAOI222D0BWP30P140)
   0.0323    1.5741 ^ reducedSum_reduced_nextLevel_adder/_0842_/ZN (AOI211D0BWP30P140)
   0.0145    1.5886 v reducedSum_reduced_nextLevel_adder/_0848_/ZN (OAI31D0BWP30P140)
   0.0259    1.6145 ^ reducedSum_reduced_nextLevel_adder/_0849_/ZN (AOI31D0BWP30P140)
   0.0332    1.6477 v reducedSum_reduced_nextLevel_adder/_0858_/ZN (OAI211D0BWP30P140)
   0.0625    1.7102 v reducedSum_reduced_nextLevel_adder/_0882_/Z (OA211D0BWP30P140)
   0.0417    1.7519 v reducedSum_reduced_nextLevel_adder/_0897_/ZN (MUX2ND0BWP30P140)
   0.0315    1.7833 ^ reducedSum_reduced_nextLevel_adder/_0907_/ZN (NR4D0BWP30P140)
   0.0453    1.8286 v reducedSum_reduced_nextLevel_adder/_0923_/ZN (ND4D0BWP30P140)
   0.0632    1.8918 v reducedSum_reduced_nextLevel_adder/_0940_/ZN (IND4D0BWP30P140)
   0.0430    1.9348 ^ reducedSum_reduced_nextLevel_adder/_0956_/ZN (NR4D0BWP30P140)
   0.0469    1.9817 ^ reducedSum_reduced_nextLevel_adder/_1025_/Z (AN4D0BWP30P140)
   0.0474    2.0291 ^ reducedSum_reduced_nextLevel_adder/_1033_/ZN (INR4D0BWP30P140)
   0.0151    2.0443 v reducedSum_reduced_nextLevel_adder/_1042_/ZN (NR2D0BWP30P140)
   0.0317    2.0760 v reducedSum_reduced_nextLevel_adder/_1045_/Z (XOR2UD0BWP30P140)
   0.0236    2.0996 v reducedSum_reduced_nextLevel_adder_16/_0542_/ZN (INR2D0BWP30P140)
   0.0095    2.1091 ^ reducedSum_reduced_nextLevel_adder_16/_0543_/ZN (CKND0BWP30P140)
   0.0338    2.1429 ^ reducedSum_reduced_nextLevel_adder_16/_0553_/Z (OA211D0BWP30P140)
   0.0207    2.1635 v reducedSum_reduced_nextLevel_adder_16/_0555_/ZN (OAI31D0BWP30P140)
   0.0221    2.1857 ^ reducedSum_reduced_nextLevel_adder_16/_0580_/ZN (XNR2UD0BWP30P140)
   0.0309    2.2166 ^ reducedSum_reduced_nextLevel_adder_16/_0581_/ZN (INR3D0BWP30P140)
   0.0496    2.2662 v reducedSum_reduced_nextLevel_adder_16/_0588_/ZN (ND4D0BWP30P140)
   0.0219    2.2880 ^ reducedSum_reduced_nextLevel_adder_16/_0644_/ZN (NR3D0BWP30P140)
   0.2315    2.5195 v reducedSum_reduced_nextLevel_adder_16/_0645_/ZN (AOI21D0BWP30P140)
   0.1037    2.6232 ^ reducedSum_reduced_nextLevel_adder_16/_0678_/ZN (MUX2ND0BWP30P140)
   0.0444    2.6676 v reducedSum_reduced_nextLevel_adder_16/_0694_/ZN (MUX4ND0BWP30P140)
   0.0420    2.7095 v reducedSum_reduced_nextLevel_adder_16/_0696_/Z (CKMUX2D0BWP30P140)
   0.0338    2.7433 v reducedSum_reduced_nextLevel_adder_16/_0706_/Z (AO211D0BWP30P140)
   0.0270    2.7704 ^ reducedSum_reduced_nextLevel_adder_16/_0726_/ZN (AOI21D0BWP30P140)
   0.0241    2.7945 v reducedSum_reduced_nextLevel_adder_16/_0801_/ZN (AOI31D0BWP30P140)
   0.0328    2.8273 ^ reducedSum_reduced_nextLevel_adder_16/_0804_/ZN (MAOI222D0BWP30P140)
   0.0283    2.8556 v reducedSum_reduced_nextLevel_adder_16/_0808_/ZN (MAOI222D0BWP30P140)
   0.0316    2.8872 ^ reducedSum_reduced_nextLevel_adder_16/_0813_/ZN (MAOI222D0BWP30P140)
   0.0256    2.9129 ^ reducedSum_reduced_nextLevel_adder_16/_0817_/Z (AO21D0BWP30P140)
   0.0150    2.9279 v reducedSum_reduced_nextLevel_adder_16/_0821_/ZN (AOI21D0BWP30P140)
   0.0270    2.9548 ^ reducedSum_reduced_nextLevel_adder_16/_0826_/ZN (MAOI222D0BWP30P140)
   0.0198    2.9746 v reducedSum_reduced_nextLevel_adder_16/_0829_/ZN (AOI21D0BWP30P140)
   0.0320    3.0066 ^ reducedSum_reduced_nextLevel_adder_16/_0833_/ZN (MAOI222D0BWP30P140)
   0.0210    3.0277 v reducedSum_reduced_nextLevel_adder_16/_0842_/ZN (AOI211D0BWP30P140)
   0.0204    3.0481 ^ reducedSum_reduced_nextLevel_adder_16/_0848_/ZN (OAI31D0BWP30P140)
   0.0260    3.0741 v reducedSum_reduced_nextLevel_adder_16/_0849_/ZN (AOI31D0BWP30P140)
   0.0335    3.1076 ^ reducedSum_reduced_nextLevel_adder_16/_0858_/ZN (OAI211D0BWP30P140)
   0.0761    3.1836 ^ reducedSum_reduced_nextLevel_adder_16/_0882_/Z (OA211D0BWP30P140)
   0.0298    3.2134 v reducedSum_reduced_nextLevel_adder_16/_0897_/ZN (MUX2ND0BWP30P140)
   0.0315    3.2449 ^ reducedSum_reduced_nextLevel_adder_16/_0907_/ZN (NR4D0BWP30P140)
   0.0453    3.2902 v reducedSum_reduced_nextLevel_adder_16/_0923_/ZN (ND4D0BWP30P140)
   0.0632    3.3534 v reducedSum_reduced_nextLevel_adder_16/_0940_/ZN (IND4D0BWP30P140)
   0.0430    3.3964 ^ reducedSum_reduced_nextLevel_adder_16/_0956_/ZN (NR4D0BWP30P140)
   0.0469    3.4433 ^ reducedSum_reduced_nextLevel_adder_16/_1025_/Z (AN4D0BWP30P140)
   0.0474    3.4907 ^ reducedSum_reduced_nextLevel_adder_16/_1033_/ZN (INR4D0BWP30P140)
   0.0151    3.5058 v reducedSum_reduced_nextLevel_adder_16/_1042_/ZN (NR2D0BWP30P140)
   0.0317    3.5375 v reducedSum_reduced_nextLevel_adder_16/_1045_/Z (XOR2UD0BWP30P140)
   0.0236    3.5611 v reducedSum_reduced_nextLevel_adder_24/_0542_/ZN (INR2D0BWP30P140)
   0.0095    3.5706 ^ reducedSum_reduced_nextLevel_adder_24/_0543_/ZN (CKND0BWP30P140)
   0.0338    3.6044 ^ reducedSum_reduced_nextLevel_adder_24/_0553_/Z (OA211D0BWP30P140)
   0.0207    3.6251 v reducedSum_reduced_nextLevel_adder_24/_0555_/ZN (OAI31D0BWP30P140)
   0.0221    3.6472 ^ reducedSum_reduced_nextLevel_adder_24/_0580_/ZN (XNR2UD0BWP30P140)
   0.0309    3.6781 ^ reducedSum_reduced_nextLevel_adder_24/_0581_/ZN (INR3D0BWP30P140)
   0.0496    3.7278 v reducedSum_reduced_nextLevel_adder_24/_0588_/ZN (ND4D0BWP30P140)
   0.0219    3.7496 ^ reducedSum_reduced_nextLevel_adder_24/_0644_/ZN (NR3D0BWP30P140)
   0.2315    3.9811 v reducedSum_reduced_nextLevel_adder_24/_0645_/ZN (AOI21D0BWP30P140)
   0.1037    4.0847 ^ reducedSum_reduced_nextLevel_adder_24/_0678_/ZN (MUX2ND0BWP30P140)
   0.0444    4.1291 v reducedSum_reduced_nextLevel_adder_24/_0694_/ZN (MUX4ND0BWP30P140)
   0.0420    4.1711 v reducedSum_reduced_nextLevel_adder_24/_0696_/Z (CKMUX2D0BWP30P140)
   0.0338    4.2049 v reducedSum_reduced_nextLevel_adder_24/_0706_/Z (AO211D0BWP30P140)
   0.0270    4.2319 ^ reducedSum_reduced_nextLevel_adder_24/_0726_/ZN (AOI21D0BWP30P140)
   0.0241    4.2561 v reducedSum_reduced_nextLevel_adder_24/_0801_/ZN (AOI31D0BWP30P140)
   0.0328    4.2889 ^ reducedSum_reduced_nextLevel_adder_24/_0804_/ZN (MAOI222D0BWP30P140)
   0.0283    4.3172 v reducedSum_reduced_nextLevel_adder_24/_0808_/ZN (MAOI222D0BWP30P140)
   0.0316    4.3488 ^ reducedSum_reduced_nextLevel_adder_24/_0813_/ZN (MAOI222D0BWP30P140)
   0.0256    4.3744 ^ reducedSum_reduced_nextLevel_adder_24/_0817_/Z (AO21D0BWP30P140)
   0.0150    4.3894 v reducedSum_reduced_nextLevel_adder_24/_0821_/ZN (AOI21D0BWP30P140)
   0.0270    4.4164 ^ reducedSum_reduced_nextLevel_adder_24/_0826_/ZN (MAOI222D0BWP30P140)
   0.0198    4.4362 v reducedSum_reduced_nextLevel_adder_24/_0829_/ZN (AOI21D0BWP30P140)
   0.0320    4.4682 ^ reducedSum_reduced_nextLevel_adder_24/_0833_/ZN (MAOI222D0BWP30P140)
   0.0210    4.4892 v reducedSum_reduced_nextLevel_adder_24/_0842_/ZN (AOI211D0BWP30P140)
   0.0204    4.5097 ^ reducedSum_reduced_nextLevel_adder_24/_0848_/ZN (OAI31D0BWP30P140)
   0.0260    4.5357 v reducedSum_reduced_nextLevel_adder_24/_0849_/ZN (AOI31D0BWP30P140)
   0.0335    4.5691 ^ reducedSum_reduced_nextLevel_adder_24/_0858_/ZN (OAI211D0BWP30P140)
   0.0761    4.6452 ^ reducedSum_reduced_nextLevel_adder_24/_0882_/Z (OA211D0BWP30P140)
   0.0298    4.6750 v reducedSum_reduced_nextLevel_adder_24/_0897_/ZN (MUX2ND0BWP30P140)
   0.0315    4.7064 ^ reducedSum_reduced_nextLevel_adder_24/_0907_/ZN (NR4D0BWP30P140)
   0.0453    4.7518 v reducedSum_reduced_nextLevel_adder_24/_0923_/ZN (ND4D0BWP30P140)
   0.0632    4.8150 v reducedSum_reduced_nextLevel_adder_24/_0940_/ZN (IND4D0BWP30P140)
   0.0430    4.8579 ^ reducedSum_reduced_nextLevel_adder_24/_0956_/ZN (NR4D0BWP30P140)
   0.0469    4.9048 ^ reducedSum_reduced_nextLevel_adder_24/_1025_/Z (AN4D0BWP30P140)
   0.0474    4.9522 ^ reducedSum_reduced_nextLevel_adder_24/_1033_/ZN (INR4D0BWP30P140)
   0.0151    4.9674 v reducedSum_reduced_nextLevel_adder_24/_1042_/ZN (NR2D0BWP30P140)
   0.0317    4.9991 v reducedSum_reduced_nextLevel_adder_24/_1045_/Z (XOR2UD0BWP30P140)
   0.0236    5.0227 v reducedSum_reduced_nextLevel_adder_28/_0542_/ZN (INR2D0BWP30P140)
   0.0095    5.0322 ^ reducedSum_reduced_nextLevel_adder_28/_0543_/ZN (CKND0BWP30P140)
   0.0338    5.0660 ^ reducedSum_reduced_nextLevel_adder_28/_0553_/Z (OA211D0BWP30P140)
   0.0207    5.0866 v reducedSum_reduced_nextLevel_adder_28/_0555_/ZN (OAI31D0BWP30P140)
   0.0221    5.1088 ^ reducedSum_reduced_nextLevel_adder_28/_0580_/ZN (XNR2UD0BWP30P140)
   0.0309    5.1397 ^ reducedSum_reduced_nextLevel_adder_28/_0581_/ZN (INR3D0BWP30P140)
   0.0496    5.1893 v reducedSum_reduced_nextLevel_adder_28/_0588_/ZN (ND4D0BWP30P140)
   0.0219    5.2112 ^ reducedSum_reduced_nextLevel_adder_28/_0644_/ZN (NR3D0BWP30P140)
   0.2315    5.4426 v reducedSum_reduced_nextLevel_adder_28/_0645_/ZN (AOI21D0BWP30P140)
   0.1037    5.5463 ^ reducedSum_reduced_nextLevel_adder_28/_0678_/ZN (MUX2ND0BWP30P140)
   0.0444    5.5907 v reducedSum_reduced_nextLevel_adder_28/_0694_/ZN (MUX4ND0BWP30P140)
   0.0420    5.6326 v reducedSum_reduced_nextLevel_adder_28/_0696_/Z (CKMUX2D0BWP30P140)
   0.0338    5.6664 v reducedSum_reduced_nextLevel_adder_28/_0706_/Z (AO211D0BWP30P140)
   0.0270    5.6935 ^ reducedSum_reduced_nextLevel_adder_28/_0726_/ZN (AOI21D0BWP30P140)
   0.0241    5.7176 v reducedSum_reduced_nextLevel_adder_28/_0801_/ZN (AOI31D0BWP30P140)
   0.0328    5.7504 ^ reducedSum_reduced_nextLevel_adder_28/_0804_/ZN (MAOI222D0BWP30P140)
   0.0283    5.7787 v reducedSum_reduced_nextLevel_adder_28/_0808_/ZN (MAOI222D0BWP30P140)
   0.0316    5.8103 ^ reducedSum_reduced_nextLevel_adder_28/_0813_/ZN (MAOI222D0BWP30P140)
   0.0256    5.8360 ^ reducedSum_reduced_nextLevel_adder_28/_0817_/Z (AO21D0BWP30P140)
   0.0150    5.8510 v reducedSum_reduced_nextLevel_adder_28/_0821_/ZN (AOI21D0BWP30P140)
   0.0270    5.8779 ^ reducedSum_reduced_nextLevel_adder_28/_0826_/ZN (MAOI222D0BWP30P140)
   0.0198    5.8977 v reducedSum_reduced_nextLevel_adder_28/_0829_/ZN (AOI21D0BWP30P140)
   0.0320    5.9297 ^ reducedSum_reduced_nextLevel_adder_28/_0833_/ZN (MAOI222D0BWP30P140)
   0.0210    5.9508 v reducedSum_reduced_nextLevel_adder_28/_0842_/ZN (AOI211D0BWP30P140)
   0.0204    5.9712 ^ reducedSum_reduced_nextLevel_adder_28/_0848_/ZN (OAI31D0BWP30P140)
   0.0260    5.9972 v reducedSum_reduced_nextLevel_adder_28/_0849_/ZN (AOI31D0BWP30P140)
   0.0335    6.0307 ^ reducedSum_reduced_nextLevel_adder_28/_0858_/ZN (OAI211D0BWP30P140)
   0.0761    6.1068 ^ reducedSum_reduced_nextLevel_adder_28/_0882_/Z (OA211D0BWP30P140)
   0.0298    6.1365 v reducedSum_reduced_nextLevel_adder_28/_0897_/ZN (MUX2ND0BWP30P140)
   0.0315    6.1680 ^ reducedSum_reduced_nextLevel_adder_28/_0907_/ZN (NR4D0BWP30P140)
   0.0453    6.2133 v reducedSum_reduced_nextLevel_adder_28/_0923_/ZN (ND4D0BWP30P140)
   0.0632    6.2765 v reducedSum_reduced_nextLevel_adder_28/_0940_/ZN (IND4D0BWP30P140)
   0.0430    6.3195 ^ reducedSum_reduced_nextLevel_adder_28/_0956_/ZN (NR4D0BWP30P140)
   0.0469    6.3664 ^ reducedSum_reduced_nextLevel_adder_28/_1025_/Z (AN4D0BWP30P140)
   0.0474    6.4138 ^ reducedSum_reduced_nextLevel_adder_28/_1033_/ZN (INR4D0BWP30P140)
   0.0151    6.4289 v reducedSum_reduced_nextLevel_adder_28/_1042_/ZN (NR2D0BWP30P140)
   0.0317    6.4606 v reducedSum_reduced_nextLevel_adder_28/_1045_/Z (XOR2UD0BWP30P140)
   0.0236    6.4843 v reducedSum_reduced_nextLevel_adder_30/_0542_/ZN (INR2D0BWP30P140)
   0.0095    6.4937 ^ reducedSum_reduced_nextLevel_adder_30/_0543_/ZN (CKND0BWP30P140)
   0.0338    6.5275 ^ reducedSum_reduced_nextLevel_adder_30/_0553_/Z (OA211D0BWP30P140)
   0.0207    6.5482 v reducedSum_reduced_nextLevel_adder_30/_0555_/ZN (OAI31D0BWP30P140)
   0.0221    6.5703 ^ reducedSum_reduced_nextLevel_adder_30/_0580_/ZN (XNR2UD0BWP30P140)
   0.0309    6.6012 ^ reducedSum_reduced_nextLevel_adder_30/_0581_/ZN (INR3D0BWP30P140)
   0.0496    6.6509 v reducedSum_reduced_nextLevel_adder_30/_0588_/ZN (ND4D0BWP30P140)
   0.0219    6.6727 ^ reducedSum_reduced_nextLevel_adder_30/_0644_/ZN (NR3D0BWP30P140)
   0.2315    6.9042 v reducedSum_reduced_nextLevel_adder_30/_0645_/ZN (AOI21D0BWP30P140)
   0.1037    7.0079 ^ reducedSum_reduced_nextLevel_adder_30/_0678_/ZN (MUX2ND0BWP30P140)
   0.0444    7.0522 v reducedSum_reduced_nextLevel_adder_30/_0694_/ZN (MUX4ND0BWP30P140)
   0.0420    7.0942 v reducedSum_reduced_nextLevel_adder_30/_0696_/Z (CKMUX2D0BWP30P140)
   0.0338    7.1280 v reducedSum_reduced_nextLevel_adder_30/_0706_/Z (AO211D0BWP30P140)
   0.0270    7.1550 ^ reducedSum_reduced_nextLevel_adder_30/_0726_/ZN (AOI21D0BWP30P140)
   0.0241    7.1792 v reducedSum_reduced_nextLevel_adder_30/_0801_/ZN (AOI31D0BWP30P140)
   0.0328    7.2120 ^ reducedSum_reduced_nextLevel_adder_30/_0804_/ZN (MAOI222D0BWP30P140)
   0.0283    7.2403 v reducedSum_reduced_nextLevel_adder_30/_0808_/ZN (MAOI222D0BWP30P140)
   0.0316    7.2719 ^ reducedSum_reduced_nextLevel_adder_30/_0813_/ZN (MAOI222D0BWP30P140)
   0.0256    7.2975 ^ reducedSum_reduced_nextLevel_adder_30/_0817_/Z (AO21D0BWP30P140)
   0.0150    7.3125 v reducedSum_reduced_nextLevel_adder_30/_0821_/ZN (AOI21D0BWP30P140)
   0.0270    7.3395 ^ reducedSum_reduced_nextLevel_adder_30/_0826_/ZN (MAOI222D0BWP30P140)
   0.0198    7.3593 v reducedSum_reduced_nextLevel_adder_30/_0829_/ZN (AOI21D0BWP30P140)
   0.0320    7.3913 ^ reducedSum_reduced_nextLevel_adder_30/_0833_/ZN (MAOI222D0BWP30P140)
   0.0210    7.4123 v reducedSum_reduced_nextLevel_adder_30/_0842_/ZN (AOI211D0BWP30P140)
   0.0204    7.4328 ^ reducedSum_reduced_nextLevel_adder_30/_0848_/ZN (OAI31D0BWP30P140)
   0.0260    7.4588 v reducedSum_reduced_nextLevel_adder_30/_0849_/ZN (AOI31D0BWP30P140)
   0.0335    7.4923 ^ reducedSum_reduced_nextLevel_adder_30/_0858_/ZN (OAI211D0BWP30P140)
   0.0761    7.5683 ^ reducedSum_reduced_nextLevel_adder_30/_0882_/Z (OA211D0BWP30P140)
   0.0298    7.5981 v reducedSum_reduced_nextLevel_adder_30/_0897_/ZN (MUX2ND0BWP30P140)
   0.0315    7.6295 ^ reducedSum_reduced_nextLevel_adder_30/_0907_/ZN (NR4D0BWP30P140)
   0.0453    7.6749 v reducedSum_reduced_nextLevel_adder_30/_0923_/ZN (ND4D0BWP30P140)
   0.0632    7.7381 v reducedSum_reduced_nextLevel_adder_30/_0940_/ZN (IND4D0BWP30P140)
   0.0430    7.7810 ^ reducedSum_reduced_nextLevel_adder_30/_0956_/ZN (NR4D0BWP30P140)
   0.0242    7.8053 v reducedSum_reduced_nextLevel_adder_30/_0964_/ZN (ND3D0BWP30P140)
   0.0246    7.8298 v reducedSum_reduced_nextLevel_adder_30/_0966_/ZN (INR2D0BWP30P140)
   0.0130    7.8428 ^ reducedSum_conv/_127_/ZN (NR2D0BWP30P140)
   0.0943    7.9370 v reducedSum_conv/_143_/ZN (OAI31D0BWP30P140)
   0.0660    8.0031 ^ reducedSum_conv/_156_/Z (XOR2UD0BWP30P140)
   0.0378    8.0408 v reducedSum_conv/_160_/ZN (OAI211D0BWP30P140)
   0.0378    8.0786 v reducedSum_conv/_163_/Z (AO21D0BWP30P140)
   0.0302    8.1089 ^ reducedSum_conv/_169_/ZN (AOI211D0BWP30P140)
   0.0236    8.1325 v reducedSum_conv/_173_/ZN (AOI22D0BWP30P140)
   0.0276    8.1601 ^ reducedSum_conv/_175_/ZN (AOI32D0BWP30P140)
   0.0862    8.2463 v reducedSum_conv/_176_/ZN (OAI21D0BWP30P140)
   0.0809    8.3272 ^ reducedSum_conv/_200_/ZN (INR4D0BWP30P140)
   0.0282    8.3553 v accAdder/_0897_/ZN (XNR2UD0BWP30P140)
   0.0326    8.3879 ^ accAdder/_0899_/ZN (AOI21D0BWP30P140)
   0.0302    8.4181 v accAdder/_0901_/ZN (MAOI222D0BWP30P140)
   0.0370    8.4551 ^ accAdder/_0902_/ZN (MAOI222D0BWP30P140)
   0.0303    8.4854 v accAdder/_0903_/ZN (MAOI222D0BWP30P140)
   0.0372    8.5225 ^ accAdder/_0966_/ZN (MAOI222D0BWP30P140)
   0.0303    8.5528 v accAdder/_0968_/ZN (MAOI222D0BWP30P140)
   0.0269    8.5797 v accAdder/_0970_/ZN (XNR2UD0BWP30P140)
   0.0212    8.6009 ^ accAdder/_0971_/ZN (NR2D0BWP30P140)
   0.0257    8.6266 ^ accAdder/_0972_/Z (AN2D0BWP30P140)
   0.4170    9.0436 v accAdder/_0975_/ZN (AOI31D0BWP30P140)
   0.4192    9.4628 ^ accAdder/_0991_/ZN (AOI22D0BWP30P140)
   0.0318    9.4947 v accAdder/_1063_/ZN (CKND2D0BWP30P140)
   0.0370    9.5316 ^ accAdder/_1188_/ZN (OAI32D0BWP30P140)
   0.0151    9.5467 v accAdder/_1189_/ZN (AOI21D0BWP30P140)
   0.0396    9.5863 ^ accAdder/_1191_/ZN (OAI221D0BWP30P140)
   0.0211    9.6074 v accAdder/_1196_/ZN (OAI31D0BWP30P140)
   0.0222    9.6297 ^ accAdder/_1198_/ZN (AOI21D0BWP30P140)
   0.0256    9.6553 v accAdder/_1200_/ZN (MAOI222D0BWP30P140)
   0.0396    9.6949 ^ accAdder/_1202_/ZN (MAOI222D0BWP30P140)
   0.0257    9.7206 v accAdder/_1204_/ZN (MAOI222D0BWP30P140)
   0.0277    9.7483 ^ accAdder/_1206_/ZN (AOI21D0BWP30P140)
   0.0253    9.7736 ^ accAdder/_1209_/ZN (IAO21D0BWP30P140)
   0.0247    9.7982 v accAdder/_1211_/ZN (MAOI222D0BWP30P140)
   0.0395    9.8378 ^ accAdder/_1213_/ZN (MAOI222D0BWP30P140)
   0.0265    9.8643 v accAdder/_1221_/ZN (MAOI222D0BWP30P140)
   0.0354    9.8996 v accAdder/_1232_/Z (AO21D0BWP30P140)
   0.0261    9.9257 ^ accAdder/_1242_/ZN (MAOI222D0BWP30P140)
   0.0265    9.9522 v accAdder/_1255_/ZN (MAOI222D0BWP30P140)
   0.0315    9.9837 v accAdder/_1259_/Z (AO21D0BWP30P140)
   0.0182   10.0019 ^ accAdder/_1276_/ZN (AOI21D0BWP30P140)
   0.0258   10.0278 v accAdder/_1280_/ZN (MAOI222D0BWP30P140)
   0.0391   10.0669 ^ accAdder/_1296_/ZN (MAOI222D0BWP30P140)
   0.0262   10.0930 v accAdder/_1300_/ZN (MAOI222D0BWP30P140)
   0.0304   10.1234 ^ accAdder/_1318_/ZN (AOI21D0BWP30P140)
   0.0249   10.1483 v accAdder/_1322_/ZN (MAOI222D0BWP30P140)
   0.0364   10.1848 v accAdder/_1345_/Z (AO21D0BWP30P140)
   0.0156   10.2004 ^ accAdder/_1353_/ZN (MUX2ND0BWP30P140)
   0.0348   10.2352 ^ accAdder/_1354_/ZN (XNR2UD0BWP30P140)
   0.0288   10.2640 ^ accAdder/_1453_/ZN (MAOI22D0BWP30P140)
   0.1281   10.3921 v accAdder/_1456_/ZN (OAI211D0BWP30P140)
   0.0886   10.4807 ^ accAdder/_1531_/Z (MUX4D0BWP30P140)
   0.0194   10.5001 v accAdder/_1534_/ZN (MUX3ND0BWP30P140)
   0.0405   10.5406 ^ accAdder/_1568_/ZN (NR2D0BWP30P140)
   0.0507   10.5913 ^ accAdder/_1577_/ZN (INR4D0BWP30P140)
   0.0510   10.6423 ^ accAdder/_1582_/Z (AN4D0BWP30P140)
   0.0395   10.6818 ^ accAdder/_1590_/Z (AN4D0BWP30P140)
   0.0406   10.7224 ^ accAdder/_1601_/Z (AN4D0BWP30P140)
   0.0349   10.7573 ^ accAdder/_1603_/Z (AN3D0BWP30P140)
   0.0271   10.7844 v accAdder/_1605_/ZN (IND3D0BWP30P140)
   0.0379   10.8223 v accAdder/_1606_/Z (OR3D0BWP30P140)
   0.0368   10.8592 ^ accAdder/_1608_/ZN (INR3D0BWP30P140)
   0.0364   10.8956 v accAdder/_1611_/ZN (MAOI222D0BWP30P140)
   0.0357   10.9312 ^ accAdder/_1616_/ZN (NR4D0BWP30P140)
   0.0219   10.9531 v accAdder/_1619_/ZN (OAI31D0BWP30P140)
   0.0327   10.9858 v accAdder/_1621_/Z (AO21D0BWP30P140)
   0.0312   11.0171 ^ accAdder/_1623_/ZN (AOI21D0BWP30P140)
   0.0237   11.0407 v accAdder/_1626_/ZN (OAI21D0BWP30P140)
   0.0215   11.0622 v accAdder/_1658_/Z (AN3D0BWP30P140)
   0.0613   11.1235 v accAdder/_1659_/Z (OR3D0BWP30P140)
   0.0420   11.1655 ^ accAdder/_1703_/ZN (AOI211D0BWP30P140)
   0.0261   11.1915 ^ _060_/Z (AO22D0BWP30P140)
   0.0000   11.1915 ^ _070_/D (DFCNQD1BWP30P140)
            11.1915   data arrival time

  20.0000   20.0000   clock CORE_CLK (rise edge)
   0.0000   20.0000   clock network delay (ideal)
  -0.0500   19.9500   clock uncertainty
   0.0000   19.9500   clock reconvergence pessimism
            19.9500 ^ _070_/CP (DFCNQD1BWP30P140)
  -0.0174   19.9326   library setup time
            19.9326   data required time
-------------------------------------------------------------
            19.9326   data required time
           -11.1915   data arrival time
-------------------------------------------------------------
             8.7411   slack (MET)


