
===========================================================================
 report_power
============================================================================
======================= Fastest Corner ===================================

Group                  Internal  Switching    Leakage      Total
                          Power      Power      Power      Power (Watts)
----------------------------------------------------------------
Sequential             1.19e-04   6.95e-05   5.15e-10   1.88e-04   1.6%
Combinational          5.07e-03   6.31e-03   1.33e-08   1.14e-02  97.7%
Clock                  5.32e-05   3.05e-05   4.03e-09   8.37e-05   0.7%
Macro                  0.00e+00   0.00e+00   0.00e+00   0.00e+00   0.0%
Pad                    0.00e+00   0.00e+00   0.00e+00   0.00e+00   0.0%
----------------------------------------------------------------
Total                  5.24e-03   6.41e-03   1.79e-08   1.16e-02 100.0%
                          45.0%      55.0%       0.0%

======================= Slowest Corner ===================================

Group                  Internal  Switching    Leakage      Total
                          Power      Power      Power      Power (Watts)
----------------------------------------------------------------
Sequential             8.16e-05   4.57e-05   4.74e-07   1.28e-04   1.6%
Combinational          3.71e-03   4.19e-03   8.69e-06   7.91e-03  97.7%
Clock                  3.79e-05   1.95e-05   1.10e-07   5.76e-05   0.7%
Macro                  0.00e+00   0.00e+00   0.00e+00   0.00e+00   0.0%
Pad                    0.00e+00   0.00e+00   0.00e+00   0.00e+00   0.0%
----------------------------------------------------------------
Total                  3.83e-03   4.26e-03   9.27e-06   8.10e-03 100.0%
                          47.3%      52.6%       0.1%

======================= Typical Corner ===================================

Group                  Internal  Switching    Leakage      Total
                          Power      Power      Power      Power (Watts)
----------------------------------------------------------------
Sequential             1.03e-04   5.85e-05   2.78e-10   1.62e-04   1.6%
Combinational          4.57e-03   5.33e-03   6.95e-09   9.90e-03  97.7%
Clock                  4.65e-05   2.56e-05   3.76e-09   7.21e-05   0.7%
Macro                  0.00e+00   0.00e+00   0.00e+00   0.00e+00   0.0%
Pad                    0.00e+00   0.00e+00   0.00e+00   0.00e+00   0.0%
----------------------------------------------------------------
Total                  4.72e-03   5.42e-03   1.10e-08   1.01e-02 100.0%
                          46.6%      53.4%       0.0%

