Startpoint: reset (input port clocked by CORE_CLK)
Endpoint: _068_ (recovery check against rising-edge clock CORE_CLK)
Path Group: asynchronous
Path Type: max

    Delay      Time   Description
-------------------------------------------------------------
   0.0000    0.0000   clock CORE_CLK (rise edge)
   0.0000    0.0000   clock network delay (ideal)
   0.0000    0.0000 ^ input external delay
   0.0000    0.0000 ^ reset (in)
   0.0000    0.0000 ^ _068_/CDN (DFCNQD1BWP30P140)
             0.0000   data arrival time

  20.0000   20.0000   clock CORE_CLK (rise edge)
   0.0000   20.0000   clock network delay (ideal)
  -0.0500   19.9500   clock uncertainty
   0.0000   19.9500   clock reconvergence pessimism
            19.9500 ^ _068_/CP (DFCNQD1BWP30P140)
   0.0258   19.9758   library recovery time
            19.9758   data required time
-------------------------------------------------------------
            19.9758   data required time
            -0.0000   data arrival time
-------------------------------------------------------------
            19.9758   slack (MET)


Startpoint: io_op_b_i[3] (input port clocked by CORE_CLK)
Endpoint: _070_ (rising edge-triggered flip-flop clocked by CORE_CLK)
Path Group: CORE_CLK
Path Type: max

    Delay      Time   Description
-------------------------------------------------------------
   0.0000    0.0000   clock CORE_CLK (rise edge)
   0.0000    0.0000   clock network delay (ideal)
   0.0000    0.0000 v input external delay
   0.0000    0.0000 v io_op_b_i[3] (in)
   0.0147    0.0147 ^ reducedSum_op/_056_/ZN (NR2D0BWP30P140)
   0.0121    0.0268 v reducedSum_op/_057_/ZN (INR2D0BWP30P140)
   0.0610    0.0878 v reducedSum_sa/_123_/Z (XOR3UD0BWP30P140)
   0.0611    0.1489 v reducedSum_sa/_137_/Z (XOR3UD0BWP30P140)
   0.0211    0.1700 ^ reducedSum_sa/_138_/ZN (NR2D0BWP30P140)
   0.0197    0.1896 v reducedSum_sa/_140_/ZN (OAI21D0BWP30P140)
   0.0253    0.2149 ^ reducedSum_sa/_142_/ZN (AOI21D0BWP30P140)
   0.0216    0.2365 v reducedSum_sa/_144_/ZN (OAI21D0BWP30P140)
   0.0207    0.2572 v reducedSum_sa/_165_/Z (AN3D0BWP30P140)
   0.0181    0.2753 ^ reducedSum_sa/_166_/ZN (NR2D0BWP30P140)
   0.0325    0.3078 ^ reducedSum_reduced_nextLevel_adder/_449_/ZN (XNR2UD0BWP30P140)
   0.0295    0.3374 v reducedSum_reduced_nextLevel_adder/_451_/ZN (OAI211D0BWP30P140)
   0.0310    0.3684 ^ reducedSum_reduced_nextLevel_adder/_453_/ZN (AOI31D0BWP30P140)
   0.0259    0.3943 ^ reducedSum_reduced_nextLevel_adder/_454_/Z (AO21D0BWP30P140)
   0.0180    0.4123 ^ reducedSum_reduced_nextLevel_adder/_462_/ZN (XNR2UD0BWP30P140)
   0.0411    0.4534 v reducedSum_reduced_nextLevel_adder/_471_/ZN (AOI32D0BWP30P140)
   0.1350    0.5884 v reducedSum_reduced_nextLevel_adder/_515_/Z (AO21D0BWP30P140)
   0.0591    0.6475 v reducedSum_reduced_nextLevel_adder/_598_/ZN (MUX2ND0BWP30P140)
   0.0398    0.6874 v reducedSum_reduced_nextLevel_adder/_599_/Z (CKMUX2D0BWP30P140)
   0.0206    0.7080 ^ reducedSum_reduced_nextLevel_adder/_600_/ZN (OAI32D0BWP30P140)
   0.0151    0.7231 v reducedSum_reduced_nextLevel_adder/_601_/ZN (AOI21D0BWP30P140)
   0.0286    0.7517 v reducedSum_reduced_nextLevel_adder/_603_/Z (AO21D0BWP30P140)
   0.0219    0.7736 v reducedSum_reduced_nextLevel_adder/_618_/ZN (XNR2UD0BWP30P140)
   0.0278    0.8014 ^ reducedSum_reduced_nextLevel_adder/_619_/ZN (AOI21D0BWP30P140)
   0.0255    0.8269 v reducedSum_reduced_nextLevel_adder/_620_/ZN (MAOI222D0BWP30P140)
   0.0361    0.8630 ^ reducedSum_reduced_nextLevel_adder/_622_/ZN (MAOI222D0BWP30P140)
   0.0264    0.8894 v reducedSum_reduced_nextLevel_adder/_626_/ZN (MAOI222D0BWP30P140)
   0.0281    0.9175 v reducedSum_reduced_nextLevel_adder/_631_/Z (AO21D0BWP30P140)
   0.0256    0.9431 ^ reducedSum_reduced_nextLevel_adder/_635_/ZN (MAOI222D0BWP30P140)
   0.0277    0.9708 v reducedSum_reduced_nextLevel_adder/_639_/ZN (MAOI222D0BWP30P140)
   0.0320    1.0028 ^ reducedSum_reduced_nextLevel_adder/_643_/ZN (AOI211D0BWP30P140)
   0.0239    1.0267 v reducedSum_reduced_nextLevel_adder/_644_/ZN (OAI32D0BWP30P140)
   0.0364    1.0631 v reducedSum_reduced_nextLevel_adder/_655_/Z (AO211D0BWP30P140)
   0.0421    1.1052 v reducedSum_reduced_nextLevel_adder/_670_/Z (AN2D0BWP30P140)
   0.0299    1.1351 v reducedSum_reduced_nextLevel_adder/_700_/Z (CKMUX2D0BWP30P140)
   0.0470    1.1822 v reducedSum_reduced_nextLevel_adder/_701_/ZN (IND4D0BWP30P140)
   0.0565    1.2386 v reducedSum_reduced_nextLevel_adder/_717_/ZN (IND4D0BWP30P140)
   0.0543    1.2929 v reducedSum_reduced_nextLevel_adder/_733_/ZN (IND4D0BWP30P140)
   0.0311    1.3240 ^ reducedSum_reduced_nextLevel_adder/_819_/ZN (OAI31D0BWP30P140)
   0.0314    1.3554 ^ reducedSum_reduced_nextLevel_adder/_820_/ZN (XNR2UD0BWP30P140)
   0.0347    1.3902 ^ reducedSum_reduced_nextLevel_adder_16/_422_/ZN (XNR2UD0BWP30P140)
   0.0236    1.4138 v reducedSum_reduced_nextLevel_adder_16/_423_/ZN (AOI21D0BWP30P140)
   0.0294    1.4432 v reducedSum_reduced_nextLevel_adder_16/_427_/Z (OA211D0BWP30P140)
   0.0310    1.4742 ^ reducedSum_reduced_nextLevel_adder_16/_430_/ZN (OAI31D0BWP30P140)
   0.0284    1.5026 v reducedSum_reduced_nextLevel_adder_16/_451_/ZN (OAI211D0BWP30P140)
   0.0310    1.5337 ^ reducedSum_reduced_nextLevel_adder_16/_453_/ZN (AOI31D0BWP30P140)
   0.0259    1.5596 ^ reducedSum_reduced_nextLevel_adder_16/_454_/Z (AO21D0BWP30P140)
   0.0180    1.5776 ^ reducedSum_reduced_nextLevel_adder_16/_462_/ZN (XNR2UD0BWP30P140)
   0.0411    1.6187 v reducedSum_reduced_nextLevel_adder_16/_471_/ZN (AOI32D0BWP30P140)
   0.1350    1.7537 v reducedSum_reduced_nextLevel_adder_16/_515_/Z (AO21D0BWP30P140)
   0.0610    1.8147 v reducedSum_reduced_nextLevel_adder_16/_516_/ZN (MUX2ND0BWP30P140)
   0.0420    1.8567 v reducedSum_reduced_nextLevel_adder_16/_535_/Z (CKMUX2D0BWP30P140)
   0.0220    1.8787 ^ reducedSum_reduced_nextLevel_adder_16/_538_/ZN (MUX2ND0BWP30P140)
   0.0175    1.8962 v reducedSum_reduced_nextLevel_adder_16/_602_/ZN (AOI21D0BWP30P140)
   0.0327    1.9289 v reducedSum_reduced_nextLevel_adder_16/_603_/Z (AO21D0BWP30P140)
   0.0219    1.9508 v reducedSum_reduced_nextLevel_adder_16/_618_/ZN (XNR2UD0BWP30P140)
   0.0278    1.9786 ^ reducedSum_reduced_nextLevel_adder_16/_619_/ZN (AOI21D0BWP30P140)
   0.0255    2.0041 v reducedSum_reduced_nextLevel_adder_16/_620_/ZN (MAOI222D0BWP30P140)
   0.0361    2.0402 ^ reducedSum_reduced_nextLevel_adder_16/_622_/ZN (MAOI222D0BWP30P140)
   0.0264    2.0666 v reducedSum_reduced_nextLevel_adder_16/_626_/ZN (MAOI222D0BWP30P140)
   0.0281    2.0947 v reducedSum_reduced_nextLevel_adder_16/_631_/Z (AO21D0BWP30P140)
   0.0256    2.1203 ^ reducedSum_reduced_nextLevel_adder_16/_635_/ZN (MAOI222D0BWP30P140)
   0.0277    2.1480 v reducedSum_reduced_nextLevel_adder_16/_639_/ZN (MAOI222D0BWP30P140)
   0.0320    2.1800 ^ reducedSum_reduced_nextLevel_adder_16/_643_/ZN (AOI211D0BWP30P140)
   0.0239    2.2039 v reducedSum_reduced_nextLevel_adder_16/_644_/ZN (OAI32D0BWP30P140)
   0.0364    2.2403 v reducedSum_reduced_nextLevel_adder_16/_655_/Z (AO211D0BWP30P140)
   0.0421    2.2824 v reducedSum_reduced_nextLevel_adder_16/_670_/Z (AN2D0BWP30P140)
   0.0299    2.3123 v reducedSum_reduced_nextLevel_adder_16/_700_/Z (CKMUX2D0BWP30P140)
   0.0470    2.3594 v reducedSum_reduced_nextLevel_adder_16/_701_/ZN (IND4D0BWP30P140)
   0.0565    2.4158 v reducedSum_reduced_nextLevel_adder_16/_717_/ZN (IND4D0BWP30P140)
   0.0543    2.4701 v reducedSum_reduced_nextLevel_adder_16/_733_/ZN (IND4D0BWP30P140)
   0.0311    2.5012 ^ reducedSum_reduced_nextLevel_adder_16/_819_/ZN (OAI31D0BWP30P140)
   0.0314    2.5326 ^ reducedSum_reduced_nextLevel_adder_16/_820_/ZN (XNR2UD0BWP30P140)
   0.0347    2.5674 ^ reducedSum_reduced_nextLevel_adder_24/_422_/ZN (XNR2UD0BWP30P140)
   0.0236    2.5910 v reducedSum_reduced_nextLevel_adder_24/_423_/ZN (AOI21D0BWP30P140)
   0.0294    2.6204 v reducedSum_reduced_nextLevel_adder_24/_427_/Z (OA211D0BWP30P140)
   0.0310    2.6514 ^ reducedSum_reduced_nextLevel_adder_24/_430_/ZN (OAI31D0BWP30P140)
   0.0284    2.6799 v reducedSum_reduced_nextLevel_adder_24/_451_/ZN (OAI211D0BWP30P140)
   0.0310    2.7109 ^ reducedSum_reduced_nextLevel_adder_24/_453_/ZN (AOI31D0BWP30P140)
   0.0259    2.7368 ^ reducedSum_reduced_nextLevel_adder_24/_454_/Z (AO21D0BWP30P140)
   0.0180    2.7548 ^ reducedSum_reduced_nextLevel_adder_24/_462_/ZN (XNR2UD0BWP30P140)
   0.0411    2.7959 v reducedSum_reduced_nextLevel_adder_24/_471_/ZN (AOI32D0BWP30P140)
   0.1350    2.9309 v reducedSum_reduced_nextLevel_adder_24/_515_/Z (AO21D0BWP30P140)
   0.0610    2.9919 v reducedSum_reduced_nextLevel_adder_24/_516_/ZN (MUX2ND0BWP30P140)
   0.0420    3.0339 v reducedSum_reduced_nextLevel_adder_24/_535_/Z (CKMUX2D0BWP30P140)
   0.0220    3.0559 ^ reducedSum_reduced_nextLevel_adder_24/_538_/ZN (MUX2ND0BWP30P140)
   0.0175    3.0734 v reducedSum_reduced_nextLevel_adder_24/_602_/ZN (AOI21D0BWP30P140)
   0.0327    3.1061 v reducedSum_reduced_nextLevel_adder_24/_603_/Z (AO21D0BWP30P140)
   0.0219    3.1280 v reducedSum_reduced_nextLevel_adder_24/_618_/ZN (XNR2UD0BWP30P140)
   0.0278    3.1558 ^ reducedSum_reduced_nextLevel_adder_24/_619_/ZN (AOI21D0BWP30P140)
   0.0255    3.1813 v reducedSum_reduced_nextLevel_adder_24/_620_/ZN (MAOI222D0BWP30P140)
   0.0361    3.2174 ^ reducedSum_reduced_nextLevel_adder_24/_622_/ZN (MAOI222D0BWP30P140)
   0.0264    3.2438 v reducedSum_reduced_nextLevel_adder_24/_626_/ZN (MAOI222D0BWP30P140)
   0.0281    3.2719 v reducedSum_reduced_nextLevel_adder_24/_631_/Z (AO21D0BWP30P140)
   0.0256    3.2975 ^ reducedSum_reduced_nextLevel_adder_24/_635_/ZN (MAOI222D0BWP30P140)
   0.0277    3.3252 v reducedSum_reduced_nextLevel_adder_24/_639_/ZN (MAOI222D0BWP30P140)
   0.0320    3.3572 ^ reducedSum_reduced_nextLevel_adder_24/_643_/ZN (AOI211D0BWP30P140)
   0.0239    3.3811 v reducedSum_reduced_nextLevel_adder_24/_644_/ZN (OAI32D0BWP30P140)
   0.0364    3.4175 v reducedSum_reduced_nextLevel_adder_24/_655_/Z (AO211D0BWP30P140)
   0.0421    3.4596 v reducedSum_reduced_nextLevel_adder_24/_670_/Z (AN2D0BWP30P140)
   0.0299    3.4895 v reducedSum_reduced_nextLevel_adder_24/_700_/Z (CKMUX2D0BWP30P140)
   0.0470    3.5366 v reducedSum_reduced_nextLevel_adder_24/_701_/ZN (IND4D0BWP30P140)
   0.0565    3.5931 v reducedSum_reduced_nextLevel_adder_24/_717_/ZN (IND4D0BWP30P140)
   0.0543    3.6473 v reducedSum_reduced_nextLevel_adder_24/_733_/ZN (IND4D0BWP30P140)
   0.0311    3.6784 ^ reducedSum_reduced_nextLevel_adder_24/_819_/ZN (OAI31D0BWP30P140)
   0.0314    3.7098 ^ reducedSum_reduced_nextLevel_adder_24/_820_/ZN (XNR2UD0BWP30P140)
   0.0347    3.7446 ^ reducedSum_reduced_nextLevel_adder_28/_422_/ZN (XNR2UD0BWP30P140)
   0.0236    3.7682 v reducedSum_reduced_nextLevel_adder_28/_423_/ZN (AOI21D0BWP30P140)
   0.0294    3.7976 v reducedSum_reduced_nextLevel_adder_28/_427_/Z (OA211D0BWP30P140)
   0.0310    3.8286 ^ reducedSum_reduced_nextLevel_adder_28/_430_/ZN (OAI31D0BWP30P140)
   0.0284    3.8571 v reducedSum_reduced_nextLevel_adder_28/_451_/ZN (OAI211D0BWP30P140)
   0.0310    3.8881 ^ reducedSum_reduced_nextLevel_adder_28/_453_/ZN (AOI31D0BWP30P140)
   0.0259    3.9140 ^ reducedSum_reduced_nextLevel_adder_28/_454_/Z (AO21D0BWP30P140)
   0.0180    3.9320 ^ reducedSum_reduced_nextLevel_adder_28/_462_/ZN (XNR2UD0BWP30P140)
   0.0411    3.9731 v reducedSum_reduced_nextLevel_adder_28/_471_/ZN (AOI32D0BWP30P140)
   0.1350    4.1081 v reducedSum_reduced_nextLevel_adder_28/_515_/Z (AO21D0BWP30P140)
   0.0610    4.1691 v reducedSum_reduced_nextLevel_adder_28/_516_/ZN (MUX2ND0BWP30P140)
   0.0420    4.2111 v reducedSum_reduced_nextLevel_adder_28/_535_/Z (CKMUX2D0BWP30P140)
   0.0220    4.2331 ^ reducedSum_reduced_nextLevel_adder_28/_538_/ZN (MUX2ND0BWP30P140)
   0.0175    4.2506 v reducedSum_reduced_nextLevel_adder_28/_602_/ZN (AOI21D0BWP30P140)
   0.0327    4.2833 v reducedSum_reduced_nextLevel_adder_28/_603_/Z (AO21D0BWP30P140)
   0.0219    4.3052 v reducedSum_reduced_nextLevel_adder_28/_618_/ZN (XNR2UD0BWP30P140)
   0.0278    4.3330 ^ reducedSum_reduced_nextLevel_adder_28/_619_/ZN (AOI21D0BWP30P140)
   0.0255    4.3585 v reducedSum_reduced_nextLevel_adder_28/_620_/ZN (MAOI222D0BWP30P140)
   0.0361    4.3946 ^ reducedSum_reduced_nextLevel_adder_28/_622_/ZN (MAOI222D0BWP30P140)
   0.0264    4.4210 v reducedSum_reduced_nextLevel_adder_28/_626_/ZN (MAOI222D0BWP30P140)
   0.0281    4.4491 v reducedSum_reduced_nextLevel_adder_28/_631_/Z (AO21D0BWP30P140)
   0.0256    4.4747 ^ reducedSum_reduced_nextLevel_adder_28/_635_/ZN (MAOI222D0BWP30P140)
   0.0277    4.5024 v reducedSum_reduced_nextLevel_adder_28/_639_/ZN (MAOI222D0BWP30P140)
   0.0320    4.5344 ^ reducedSum_reduced_nextLevel_adder_28/_643_/ZN (AOI211D0BWP30P140)
   0.0239    4.5583 v reducedSum_reduced_nextLevel_adder_28/_644_/ZN (OAI32D0BWP30P140)
   0.0364    4.5947 v reducedSum_reduced_nextLevel_adder_28/_655_/Z (AO211D0BWP30P140)
   0.0421    4.6368 v reducedSum_reduced_nextLevel_adder_28/_670_/Z (AN2D0BWP30P140)
   0.0299    4.6667 v reducedSum_reduced_nextLevel_adder_28/_700_/Z (CKMUX2D0BWP30P140)
   0.0470    4.7138 v reducedSum_reduced_nextLevel_adder_28/_701_/ZN (IND4D0BWP30P140)
   0.0565    4.7703 v reducedSum_reduced_nextLevel_adder_28/_717_/ZN (IND4D0BWP30P140)
   0.0543    4.8245 v reducedSum_reduced_nextLevel_adder_28/_733_/ZN (IND4D0BWP30P140)
   0.0311    4.8556 ^ reducedSum_reduced_nextLevel_adder_28/_819_/ZN (OAI31D0BWP30P140)
   0.0314    4.8870 ^ reducedSum_reduced_nextLevel_adder_28/_820_/ZN (XNR2UD0BWP30P140)
   0.0347    4.9218 ^ reducedSum_reduced_nextLevel_adder_30/_422_/ZN (XNR2UD0BWP30P140)
   0.0236    4.9454 v reducedSum_reduced_nextLevel_adder_30/_423_/ZN (AOI21D0BWP30P140)
   0.0294    4.9748 v reducedSum_reduced_nextLevel_adder_30/_427_/Z (OA211D0BWP30P140)
   0.0310    5.0058 ^ reducedSum_reduced_nextLevel_adder_30/_430_/ZN (OAI31D0BWP30P140)
   0.0284    5.0343 v reducedSum_reduced_nextLevel_adder_30/_451_/ZN (OAI211D0BWP30P140)
   0.0310    5.0653 ^ reducedSum_reduced_nextLevel_adder_30/_453_/ZN (AOI31D0BWP30P140)
   0.0259    5.0912 ^ reducedSum_reduced_nextLevel_adder_30/_454_/Z (AO21D0BWP30P140)
   0.0180    5.1092 ^ reducedSum_reduced_nextLevel_adder_30/_462_/ZN (XNR2UD0BWP30P140)
   0.0411    5.1503 v reducedSum_reduced_nextLevel_adder_30/_471_/ZN (AOI32D0BWP30P140)
   0.1350    5.2853 v reducedSum_reduced_nextLevel_adder_30/_515_/Z (AO21D0BWP30P140)
   0.0610    5.3463 v reducedSum_reduced_nextLevel_adder_30/_516_/ZN (MUX2ND0BWP30P140)
   0.0420    5.3883 v reducedSum_reduced_nextLevel_adder_30/_535_/Z (CKMUX2D0BWP30P140)
   0.0220    5.4103 ^ reducedSum_reduced_nextLevel_adder_30/_538_/ZN (MUX2ND0BWP30P140)
   0.0175    5.4278 v reducedSum_reduced_nextLevel_adder_30/_602_/ZN (AOI21D0BWP30P140)
   0.0327    5.4605 v reducedSum_reduced_nextLevel_adder_30/_603_/Z (AO21D0BWP30P140)
   0.0219    5.4824 v reducedSum_reduced_nextLevel_adder_30/_618_/ZN (XNR2UD0BWP30P140)
   0.0278    5.5102 ^ reducedSum_reduced_nextLevel_adder_30/_619_/ZN (AOI21D0BWP30P140)
   0.0255    5.5358 v reducedSum_reduced_nextLevel_adder_30/_620_/ZN (MAOI222D0BWP30P140)
   0.0361    5.5718 ^ reducedSum_reduced_nextLevel_adder_30/_622_/ZN (MAOI222D0BWP30P140)
   0.0264    5.5982 v reducedSum_reduced_nextLevel_adder_30/_626_/ZN (MAOI222D0BWP30P140)
   0.0281    5.6263 v reducedSum_reduced_nextLevel_adder_30/_631_/Z (AO21D0BWP30P140)
   0.0256    5.6519 ^ reducedSum_reduced_nextLevel_adder_30/_635_/ZN (MAOI222D0BWP30P140)
   0.0277    5.6797 v reducedSum_reduced_nextLevel_adder_30/_639_/ZN (MAOI222D0BWP30P140)
   0.0320    5.7116 ^ reducedSum_reduced_nextLevel_adder_30/_643_/ZN (AOI211D0BWP30P140)
   0.0239    5.7355 v reducedSum_reduced_nextLevel_adder_30/_644_/ZN (OAI32D0BWP30P140)
   0.0364    5.7719 v reducedSum_reduced_nextLevel_adder_30/_655_/Z (AO211D0BWP30P140)
   0.0421    5.8140 v reducedSum_reduced_nextLevel_adder_30/_670_/Z (AN2D0BWP30P140)
   0.0299    5.8439 v reducedSum_reduced_nextLevel_adder_30/_700_/Z (CKMUX2D0BWP30P140)
   0.0470    5.8910 v reducedSum_reduced_nextLevel_adder_30/_701_/ZN (IND4D0BWP30P140)
   0.0565    5.9475 v reducedSum_reduced_nextLevel_adder_30/_717_/ZN (IND4D0BWP30P140)
   0.0320    5.9795 ^ reducedSum_reduced_nextLevel_adder_30/_724_/ZN (INR2D0BWP30P140)
   0.0253    6.0047 ^ reducedSum_reduced_nextLevel_adder_30/_729_/Z (AN2D0BWP30P140)
   0.0172    6.0219 v reducedSum_reduced_nextLevel_adder_30/_734_/Z (XOR2UD0BWP30P140)
   0.1212    6.1431 ^ reducedSum_conv/_131_/ZN (AOI211D0BWP30P140)
   0.0392    6.1822 ^ reducedSum_conv/_142_/ZN (XNR2UD0BWP30P140)
   0.0364    6.2186 v reducedSum_conv/_145_/ZN (OAI211D0BWP30P140)
   0.0362    6.2548 v reducedSum_conv/_146_/Z (AO21D0BWP30P140)
   0.0271    6.2819 v reducedSum_conv/_150_/Z (AO21D0BWP30P140)
   0.0296    6.3115 ^ reducedSum_conv/_156_/ZN (OAI31D0BWP30P140)
   0.0255    6.3370 ^ reducedSum_conv/_167_/ZN (MUX2ND0BWP30P140)
   0.0181    6.3551 ^ reducedSum_conv/_178_/ZN (IND4D0BWP30P140)
   0.0879    6.4430 v reducedSum_conv/_179_/ZN (OAI211D0BWP30P140)
   0.0701    6.5131 ^ reducedSum_conv/_196_/ZN (AOI21D0BWP30P140)
   0.0268    6.5399 v accAdder/_0897_/ZN (XNR2UD0BWP30P140)
   0.0314    6.5713 ^ accAdder/_0899_/ZN (AOI21D0BWP30P140)
   0.0301    6.6014 v accAdder/_0901_/ZN (MAOI222D0BWP30P140)
   0.0372    6.6385 ^ accAdder/_0902_/ZN (MAOI222D0BWP30P140)
   0.0303    6.6688 v accAdder/_0903_/ZN (MAOI222D0BWP30P140)
   0.0372    6.7060 ^ accAdder/_0966_/ZN (MAOI222D0BWP30P140)
   0.0303    6.7363 v accAdder/_0968_/ZN (MAOI222D0BWP30P140)
   0.0270    6.7633 v accAdder/_0970_/ZN (XNR2UD0BWP30P140)
   0.0212    6.7845 ^ accAdder/_0971_/ZN (NR2D0BWP30P140)
   0.0257    6.8103 ^ accAdder/_0972_/Z (AN2D0BWP30P140)
   0.4170    7.2272 v accAdder/_0975_/ZN (AOI31D0BWP30P140)
   0.4192    7.6465 ^ accAdder/_0991_/ZN (AOI22D0BWP30P140)
   0.0318    7.6783 v accAdder/_1063_/ZN (CKND2D0BWP30P140)
   0.0370    7.7153 ^ accAdder/_1188_/ZN (OAI32D0BWP30P140)
   0.0151    7.7304 v accAdder/_1189_/ZN (AOI21D0BWP30P140)
   0.0396    7.7700 ^ accAdder/_1191_/ZN (OAI221D0BWP30P140)
   0.0211    7.7911 v accAdder/_1196_/ZN (OAI31D0BWP30P140)
   0.0222    7.8133 ^ accAdder/_1198_/ZN (AOI21D0BWP30P140)
   0.0256    7.8389 v accAdder/_1200_/ZN (MAOI222D0BWP30P140)
   0.0396    7.8785 ^ accAdder/_1202_/ZN (MAOI222D0BWP30P140)
   0.0257    7.9042 v accAdder/_1204_/ZN (MAOI222D0BWP30P140)
   0.0277    7.9320 ^ accAdder/_1206_/ZN (AOI21D0BWP30P140)
   0.0253    7.9572 ^ accAdder/_1209_/ZN (IAO21D0BWP30P140)
   0.0247    7.9819 v accAdder/_1211_/ZN (MAOI222D0BWP30P140)
   0.0395    8.0214 ^ accAdder/_1213_/ZN (MAOI222D0BWP30P140)
   0.0265    8.0479 v accAdder/_1221_/ZN (MAOI222D0BWP30P140)
   0.0354    8.0833 v accAdder/_1232_/Z (AO21D0BWP30P140)
   0.0261    8.1093 ^ accAdder/_1242_/ZN (MAOI222D0BWP30P140)
   0.0265    8.1359 v accAdder/_1255_/ZN (MAOI222D0BWP30P140)
   0.0315    8.1674 v accAdder/_1259_/Z (AO21D0BWP30P140)
   0.0182    8.1856 ^ accAdder/_1276_/ZN (AOI21D0BWP30P140)
   0.0258    8.2114 v accAdder/_1280_/ZN (MAOI222D0BWP30P140)
   0.0391    8.2505 ^ accAdder/_1296_/ZN (MAOI222D0BWP30P140)
   0.0262    8.2767 v accAdder/_1300_/ZN (MAOI222D0BWP30P140)
   0.0304    8.3071 ^ accAdder/_1318_/ZN (AOI21D0BWP30P140)
   0.0249    8.3320 v accAdder/_1322_/ZN (MAOI222D0BWP30P140)
   0.0364    8.3684 v accAdder/_1345_/Z (AO21D0BWP30P140)
   0.0156    8.3841 ^ accAdder/_1353_/ZN (MUX2ND0BWP30P140)
   0.0348    8.4188 ^ accAdder/_1354_/ZN (XNR2UD0BWP30P140)
   0.0288    8.4476 ^ accAdder/_1453_/ZN (MAOI22D0BWP30P140)
   0.1281    8.5757 v accAdder/_1456_/ZN (OAI211D0BWP30P140)
   0.0886    8.6643 ^ accAdder/_1531_/Z (MUX4D0BWP30P140)
   0.0194    8.6837 v accAdder/_1534_/ZN (MUX3ND0BWP30P140)
   0.0405    8.7242 ^ accAdder/_1568_/ZN (NR2D0BWP30P140)
   0.0507    8.7749 ^ accAdder/_1577_/ZN (INR4D0BWP30P140)
   0.0510    8.8260 ^ accAdder/_1582_/Z (AN4D0BWP30P140)
   0.0395    8.8654 ^ accAdder/_1590_/Z (AN4D0BWP30P140)
   0.0406    8.9060 ^ accAdder/_1601_/Z (AN4D0BWP30P140)
   0.0349    8.9409 ^ accAdder/_1603_/Z (AN3D0BWP30P140)
   0.0271    8.9680 v accAdder/_1605_/ZN (IND3D0BWP30P140)
   0.0379    9.0059 v accAdder/_1606_/Z (OR3D0BWP30P140)
   0.0368    9.0428 ^ accAdder/_1608_/ZN (INR3D0BWP30P140)
   0.0364    9.0792 v accAdder/_1611_/ZN (MAOI222D0BWP30P140)
   0.0357    9.1149 ^ accAdder/_1616_/ZN (NR4D0BWP30P140)
   0.0219    9.1368 v accAdder/_1619_/ZN (OAI31D0BWP30P140)
   0.0327    9.1694 v accAdder/_1621_/Z (AO21D0BWP30P140)
   0.0312    9.2007 ^ accAdder/_1623_/ZN (AOI21D0BWP30P140)
   0.0237    9.2243 v accAdder/_1626_/ZN (OAI21D0BWP30P140)
   0.0215    9.2458 v accAdder/_1658_/Z (AN3D0BWP30P140)
   0.0613    9.3071 v accAdder/_1659_/Z (OR3D0BWP30P140)
   0.0420    9.3491 ^ accAdder/_1703_/ZN (AOI211D0BWP30P140)
   0.0261    9.3751 ^ _060_/Z (AO22D0BWP30P140)
   0.0000    9.3751 ^ _070_/D (DFCNQD1BWP30P140)
             9.3751   data arrival time

  20.0000   20.0000   clock CORE_CLK (rise edge)
   0.0000   20.0000   clock network delay (ideal)
  -0.0500   19.9500   clock uncertainty
   0.0000   19.9500   clock reconvergence pessimism
            19.9500 ^ _070_/CP (DFCNQD1BWP30P140)
  -0.0174   19.9326   library setup time
            19.9326   data required time
-------------------------------------------------------------
            19.9326   data required time
            -9.3751   data arrival time
-------------------------------------------------------------
            10.5575   slack (MET)


