
===========================================================================
report_checks -unconstrained
===========================================================================
======================= Typical Corner ===================================

Startpoint: io_inB[3] (input port clocked by clock)
Endpoint: accumulator._2309_ (rising edge-triggered flip-flop clocked by clock)
Path Group: clock
Path Type: max

Fanout     Cap    Slew   Delay    Time   Description
-----------------------------------------------------------------------------
                  0.15    0.00    0.00   clock clock (rise edge)
                          0.00    0.00   clock network delay (ideal)
                          5.00    5.00 v input external delay
     6    0.02    0.05    0.03    5.03 v io_inB[3] (in)
                                         io_inB[3] (net)
                  0.05    0.00    5.03 v operator._058_/A (sky130_fd_sc_hd__or2_2)
     3    0.01    0.08    0.34    5.37 v operator._058_/X (sky130_fd_sc_hd__or2_2)
                                         operator._002_ (net)
                  0.08    0.00    5.37 v operator._104_/B (sky130_fd_sc_hd__or2_2)
     4    0.01    0.08    0.33    5.70 v operator._104_/X (sky130_fd_sc_hd__or2_2)
                                         operator._040_ (net)
                  0.08    0.00    5.70 v operator._105_/A2 (sky130_fd_sc_hd__a22o_2)
     1    0.00    0.04    0.28    5.99 v operator._105_/X (sky130_fd_sc_hd__a22o_2)
                                         operator._041_ (net)
                  0.04    0.00    5.99 v operator._107_/A (sky130_fd_sc_hd__nand2_2)
     2    0.00    0.04    0.05    6.04 ^ operator._107_/Y (sky130_fd_sc_hd__nand2_2)
                                         operator._043_ (net)
                  0.04    0.00    6.04 ^ operator._110_/A_N (sky130_fd_sc_hd__and2b_2)
     3    0.01    0.05    0.23    6.28 v operator._110_/X (sky130_fd_sc_hd__and2b_2)
                                         operator._046_ (net)
                  0.05    0.00    6.28 v operator._118_/B (sky130_fd_sc_hd__or3b_2)
     1    0.00    0.07    0.45    6.72 v operator._118_/X (sky130_fd_sc_hd__or3b_2)
                                         operator._052_ (net)
                  0.07    0.00    6.72 v operator._119_/C (sky130_fd_sc_hd__and3_2)
     1    0.00    0.04    0.23    6.95 v operator._119_/X (sky130_fd_sc_hd__and3_2)
                                         operator._053_ (net)
                  0.04    0.00    6.95 v operator._120_/A (sky130_fd_sc_hd__buf_1)
     2    0.00    0.03    0.09    7.05 v operator._120_/X (sky130_fd_sc_hd__buf_1)
                                         operator.io_outMant[6] (net)
                  0.03    0.00    7.05 v scaleAdd._313_/A (sky130_fd_sc_hd__buf_1)
    10    0.03    0.20    0.23    7.28 v scaleAdd._313_/X (sky130_fd_sc_hd__buf_1)
                                         scaleAdd._262_ (net)
                  0.20    0.00    7.28 v scaleAdd._411_/B (sky130_fd_sc_hd__and4_2)
     2    0.01    0.05    0.30    7.57 v scaleAdd._411_/X (sky130_fd_sc_hd__and4_2)
                                         scaleAdd._090_ (net)
                  0.05    0.00    7.57 v scaleAdd._413_/A (sky130_fd_sc_hd__or2_2)
     1    0.01    0.07    0.33    7.90 v scaleAdd._413_/X (sky130_fd_sc_hd__or2_2)
                                         scaleAdd._092_ (net)
                  0.07    0.00    7.90 v scaleAdd._414_/B (sky130_fd_sc_hd__xnor2_2)
     2    0.01    0.07    0.16    8.07 v scaleAdd._414_/Y (sky130_fd_sc_hd__xnor2_2)
                                         scaleAdd._093_ (net)
                  0.07    0.00    8.07 v scaleAdd._416_/A (sky130_fd_sc_hd__xnor2_2)
     2    0.01    0.08    0.17    8.24 v scaleAdd._416_/Y (sky130_fd_sc_hd__xnor2_2)
                                         scaleAdd._095_ (net)
                  0.08    0.00    8.24 v scaleAdd._431_/C (sky130_fd_sc_hd__and3_2)
     2    0.01    0.05    0.24    8.48 v scaleAdd._431_/X (sky130_fd_sc_hd__and3_2)
                                         scaleAdd._109_ (net)
                  0.05    0.00    8.48 v scaleAdd._441_/B (sky130_fd_sc_hd__or3b_2)
     1    0.00    0.07    0.44    8.93 v scaleAdd._441_/X (sky130_fd_sc_hd__or3b_2)
                                         scaleAdd._119_ (net)
                  0.07    0.00    8.93 v scaleAdd._442_/B_N (sky130_fd_sc_hd__or2b_2)
     2    0.01    0.06    0.20    9.13 ^ scaleAdd._442_/X (sky130_fd_sc_hd__or2b_2)
                                         scaleAdd._120_ (net)
                  0.06    0.00    9.13 ^ scaleAdd._443_/B (sky130_fd_sc_hd__xnor2_2)
     2    0.00    0.06    0.06    9.19 v scaleAdd._443_/Y (sky130_fd_sc_hd__xnor2_2)
                                         scaleAdd._121_ (net)
                  0.06    0.00    9.19 v scaleAdd._444_/B1 (sky130_fd_sc_hd__a21o_2)
     4    0.01    0.06    0.23    9.42 v scaleAdd._444_/X (sky130_fd_sc_hd__a21o_2)
                                         scaleAdd._122_ (net)
                  0.06    0.00    9.42 v scaleAdd._450_/A3 (sky130_fd_sc_hd__a31o_2)
     2    0.01    0.04    0.27    9.69 v scaleAdd._450_/X (sky130_fd_sc_hd__a31o_2)
                                         scaleAdd._127_ (net)
                  0.04    0.00    9.69 v scaleAdd._467_/B (sky130_fd_sc_hd__or2_2)
     1    0.00    0.05    0.28    9.96 v scaleAdd._467_/X (sky130_fd_sc_hd__or2_2)
                                         scaleAdd._144_ (net)
                  0.05    0.00    9.96 v scaleAdd._468_/A2 (sky130_fd_sc_hd__a31o_2)
     1    0.00    0.03    0.23   10.20 v scaleAdd._468_/X (sky130_fd_sc_hd__a31o_2)
                                         scaleAdd._145_ (net)
                  0.03    0.00   10.20 v scaleAdd._469_/B (sky130_fd_sc_hd__and2_2)
     1    0.00    0.04    0.19   10.38 v scaleAdd._469_/X (sky130_fd_sc_hd__and2_2)
                                         scaleAdd._146_ (net)
                  0.04    0.00   10.38 v scaleAdd._470_/A (sky130_fd_sc_hd__buf_1)
     5    0.01    0.08    0.14   10.52 v scaleAdd._470_/X (sky130_fd_sc_hd__buf_1)
                                         accumulator.io_inMant[12] (net)
                  0.08    0.00   10.52 v accumulator._1148_/C (sky130_fd_sc_hd__or4_2)
     7    0.03    0.18    0.77   11.29 v accumulator._1148_/X (sky130_fd_sc_hd__or4_2)
                                         accumulator._0034_ (net)
                  0.18    0.00   11.29 v accumulator._1176_/A (sky130_fd_sc_hd__nor2_2)
     5    0.02    0.24    0.29   11.58 ^ accumulator._1176_/Y (sky130_fd_sc_hd__nor2_2)
                                         accumulator._0276_ (net)
                  0.24    0.00   11.59 ^ accumulator._1177_/B (sky130_fd_sc_hd__or2_2)
     2    0.01    0.08    0.20   11.79 ^ accumulator._1177_/X (sky130_fd_sc_hd__or2_2)
                                         accumulator._0277_ (net)
                  0.08    0.00   11.79 ^ accumulator._1181_/B (sky130_fd_sc_hd__xnor2_2)
     2    0.01    0.16    0.13   11.92 ^ accumulator._1181_/Y (sky130_fd_sc_hd__xnor2_2)
                                         accumulator._0281_ (net)
                  0.16    0.00   11.92 ^ accumulator._1182_/A (sky130_fd_sc_hd__inv_2)
     2    0.01    0.05    0.07   11.99 v accumulator._1182_/Y (sky130_fd_sc_hd__inv_2)
                                         accumulator._0282_ (net)
                  0.05    0.00   11.99 v accumulator._1188_/A3 (sky130_fd_sc_hd__o41a_2)
     3    0.01    0.09    0.50   12.49 v accumulator._1188_/X (sky130_fd_sc_hd__o41a_2)
                                         accumulator._0288_ (net)
                  0.09    0.00   12.49 v accumulator._1194_/A1 (sky130_fd_sc_hd__o32a_2)
     1    0.01    0.07    0.44   12.93 v accumulator._1194_/X (sky130_fd_sc_hd__o32a_2)
                                         accumulator._0294_ (net)
                  0.07    0.00   12.93 v accumulator._1197_/A (sky130_fd_sc_hd__xnor2_2)
     4    0.02    0.09    0.18   13.12 v accumulator._1197_/Y (sky130_fd_sc_hd__xnor2_2)
                                         accumulator._0297_ (net)
                  0.09    0.00   13.12 v accumulator._1221_/B1 (sky130_fd_sc_hd__a31o_2)
     5    0.01    0.06    0.28   13.39 v accumulator._1221_/X (sky130_fd_sc_hd__a31o_2)
                                         accumulator._0321_ (net)
                  0.06    0.00   13.39 v accumulator._1227_/C (sky130_fd_sc_hd__or3_2)
     4    0.02    0.13    0.52   13.91 v accumulator._1227_/X (sky130_fd_sc_hd__or3_2)
                                         accumulator._0327_ (net)
                  0.13    0.00   13.91 v accumulator._1230_/A1 (sky130_fd_sc_hd__a21bo_2)
     2    0.01    0.06    0.26   14.17 v accumulator._1230_/X (sky130_fd_sc_hd__a21bo_2)
                                         accumulator._0330_ (net)
                  0.06    0.00   14.17 v accumulator._1232_/A2 (sky130_fd_sc_hd__a21o_2)
     2    0.01    0.06    0.25   14.42 v accumulator._1232_/X (sky130_fd_sc_hd__a21o_2)
                                         accumulator._0332_ (net)
                  0.06    0.00   14.42 v accumulator._1235_/A1 (sky130_fd_sc_hd__a21o_2)
     2    0.01    0.05    0.22   14.65 v accumulator._1235_/X (sky130_fd_sc_hd__a21o_2)
                                         accumulator._0335_ (net)
                  0.05    0.00   14.65 v accumulator._1237_/A2 (sky130_fd_sc_hd__a21o_2)
     2    0.01    0.06    0.25   14.89 v accumulator._1237_/X (sky130_fd_sc_hd__a21o_2)
                                         accumulator._0337_ (net)
                  0.06    0.00   14.89 v accumulator._1241_/A1 (sky130_fd_sc_hd__a21o_2)
     2    0.01    0.05    0.22   15.12 v accumulator._1241_/X (sky130_fd_sc_hd__a21o_2)
                                         accumulator._0341_ (net)
                  0.05    0.00   15.12 v accumulator._1243_/A2 (sky130_fd_sc_hd__a21o_2)
     3    0.02    0.08    0.28   15.40 v accumulator._1243_/X (sky130_fd_sc_hd__a21o_2)
                                         accumulator._0343_ (net)
                  0.08    0.00   15.40 v accumulator._1253_/A (sky130_fd_sc_hd__xor2_2)
     5    0.02    0.24    0.28   15.67 ^ accumulator._1253_/X (sky130_fd_sc_hd__xor2_2)
                                         accumulator._0353_ (net)
                  0.24    0.00   15.67 ^ accumulator._1299_/A (sky130_fd_sc_hd__buf_1)
    10    0.03    0.39    0.38   16.05 ^ accumulator._1299_/X (sky130_fd_sc_hd__buf_1)
                                         accumulator._0397_ (net)
                  0.39    0.00   16.05 ^ accumulator._1339_/A1 (sky130_fd_sc_hd__a21oi_2)
     3    0.01    0.10    0.12   16.18 v accumulator._1339_/Y (sky130_fd_sc_hd__a21oi_2)
                                         accumulator._0437_ (net)
                  0.10    0.00   16.18 v accumulator._1374_/B (sky130_fd_sc_hd__nor2_2)
     8    0.03    0.31    0.29   16.47 ^ accumulator._1374_/Y (sky130_fd_sc_hd__nor2_2)
                                         accumulator._0472_ (net)
                  0.31    0.00   16.47 ^ accumulator._1375_/A (sky130_fd_sc_hd__buf_1)
    10    0.04    0.42    0.41   16.88 ^ accumulator._1375_/X (sky130_fd_sc_hd__buf_1)
                                         accumulator._0473_ (net)
                  0.42    0.00   16.88 ^ accumulator._1556_/S (sky130_fd_sc_hd__mux2_2)
     4    0.02    0.08    0.46   17.34 v accumulator._1556_/X (sky130_fd_sc_hd__mux2_2)
                                         accumulator._0654_ (net)
                  0.08    0.00   17.34 v accumulator._1599_/A2 (sky130_fd_sc_hd__a2111o_2)
     3    0.01    0.09    0.54   17.88 v accumulator._1599_/X (sky130_fd_sc_hd__a2111o_2)
                                         accumulator._0697_ (net)
                  0.09    0.00   17.88 v accumulator._1601_/A2 (sky130_fd_sc_hd__a21o_2)
     4    0.02    0.07    0.28   18.15 v accumulator._1601_/X (sky130_fd_sc_hd__a21o_2)
                                         accumulator._0699_ (net)
                  0.07    0.00   18.15 v accumulator._1753_/A1 (sky130_fd_sc_hd__a2111o_2)
     6    0.02    0.12    0.52   18.67 v accumulator._1753_/X (sky130_fd_sc_hd__a2111o_2)
                                         accumulator._0851_ (net)
                  0.12    0.00   18.67 v accumulator._1755_/A2 (sky130_fd_sc_hd__a211o_2)
     3    0.01    0.07    0.40   19.07 v accumulator._1755_/X (sky130_fd_sc_hd__a211o_2)
                                         accumulator._0853_ (net)
                  0.07    0.00   19.07 v accumulator._1758_/A3 (sky130_fd_sc_hd__a31o_2)
     5    0.01    0.06    0.30   19.37 v accumulator._1758_/X (sky130_fd_sc_hd__a31o_2)
                                         accumulator._0856_ (net)
                  0.06    0.00   19.37 v accumulator._1769_/A1 (sky130_fd_sc_hd__o311a_2)
     2    0.01    0.07    0.43   19.80 v accumulator._1769_/X (sky130_fd_sc_hd__o311a_2)
                                         accumulator._0867_ (net)
                  0.07    0.00   19.80 v accumulator._1777_/A2 (sky130_fd_sc_hd__o41a_2)
     3    0.01    0.08    0.51   20.32 v accumulator._1777_/X (sky130_fd_sc_hd__o41a_2)
                                         accumulator._0875_ (net)
                  0.08    0.00   20.32 v accumulator._1778_/C (sky130_fd_sc_hd__or3_2)
     3    0.01    0.09    0.46   20.78 v accumulator._1778_/X (sky130_fd_sc_hd__or3_2)
                                         accumulator._0876_ (net)
                  0.09    0.00   20.78 v accumulator._1786_/A1 (sky130_fd_sc_hd__a311o_2)
     3    0.01    0.07    0.37   21.15 v accumulator._1786_/X (sky130_fd_sc_hd__a311o_2)
                                         accumulator._0884_ (net)
                  0.07    0.00   21.15 v accumulator._1792_/A2 (sky130_fd_sc_hd__a311o_2)
     1    0.00    0.05    0.37   21.52 v accumulator._1792_/X (sky130_fd_sc_hd__a311o_2)
                                         accumulator._0890_ (net)
                  0.05    0.00   21.52 v accumulator._1793_/C (sky130_fd_sc_hd__and3_2)
     5    0.01    0.06    0.26   21.78 v accumulator._1793_/X (sky130_fd_sc_hd__and3_2)
                                         accumulator._0891_ (net)
                  0.06    0.00   21.78 v accumulator._1803_/A (sky130_fd_sc_hd__or2_2)
     1    0.00    0.05    0.30   22.08 v accumulator._1803_/X (sky130_fd_sc_hd__or2_2)
                                         accumulator._0901_ (net)
                  0.05    0.00   22.08 v accumulator._1804_/A (sky130_fd_sc_hd__buf_1)
     8    0.03    0.17    0.21   22.29 v accumulator._1804_/X (sky130_fd_sc_hd__buf_1)
                                         accumulator._0902_ (net)
                  0.17    0.00   22.29 v accumulator._1971_/S (sky130_fd_sc_hd__mux2_2)
     4    0.01    0.08    0.37   22.66 v accumulator._1971_/X (sky130_fd_sc_hd__mux2_2)
                                         accumulator._1069_ (net)
                  0.08    0.00   22.66 v accumulator._2006_/A1 (sky130_fd_sc_hd__a21bo_2)
     1    0.00    0.03    0.21   22.87 v accumulator._2006_/X (sky130_fd_sc_hd__a21bo_2)
                                         accumulator._1104_ (net)
                  0.03    0.00   22.87 v accumulator._2007_/A2 (sky130_fd_sc_hd__a21bo_2)
     1    0.00    0.03    0.21   23.08 v accumulator._2007_/X (sky130_fd_sc_hd__a21bo_2)
                                         accumulator._1105_ (net)
                  0.03    0.00   23.08 v accumulator._2008_/A2 (sky130_fd_sc_hd__a21bo_2)
     1    0.00    0.04    0.22   23.30 v accumulator._2008_/X (sky130_fd_sc_hd__a21bo_2)
                                         accumulator._1106_ (net)
                  0.04    0.00   23.30 v accumulator._2009_/A2 (sky130_fd_sc_hd__a21o_2)
     1    0.00    0.03    0.21   23.51 v accumulator._2009_/X (sky130_fd_sc_hd__a21o_2)
                                         accumulator._1107_ (net)
                  0.03    0.00   23.51 v accumulator._2010_/A2 (sky130_fd_sc_hd__a21bo_2)
     1    0.01    0.04    0.22   23.73 v accumulator._2010_/X (sky130_fd_sc_hd__a21bo_2)
                                         accumulator._1108_ (net)
                  0.04    0.00   23.73 v accumulator._2011_/A2 (sky130_fd_sc_hd__a21oi_2)
     1    0.00    0.08    0.13   23.86 ^ accumulator._2011_/Y (sky130_fd_sc_hd__a21oi_2)
                                         accumulator._1109_ (net)
                  0.08    0.00   23.86 ^ accumulator._2012_/A2 (sky130_fd_sc_hd__o21ba_2)
     1    0.01    0.05    0.14   24.00 ^ accumulator._2012_/X (sky130_fd_sc_hd__o21ba_2)
                                         accumulator._1110_ (net)
                  0.05    0.00   24.00 ^ accumulator._2014_/A2 (sky130_fd_sc_hd__o21ai_2)
     1    0.00    0.05    0.05   24.05 v accumulator._2014_/Y (sky130_fd_sc_hd__o21ai_2)
                                         accumulator._1112_ (net)
                  0.05    0.00   24.05 v accumulator._2015_/A2 (sky130_fd_sc_hd__a21bo_2)
     1    0.01    0.04    0.23   24.28 v accumulator._2015_/X (sky130_fd_sc_hd__a21bo_2)
                                         accumulator._1113_ (net)
                  0.04    0.00   24.28 v accumulator._2016_/A2 (sky130_fd_sc_hd__a21oi_2)
     1    0.01    0.11    0.15   24.43 ^ accumulator._2016_/Y (sky130_fd_sc_hd__a21oi_2)
                                         accumulator._1114_ (net)
                  0.11    0.00   24.43 ^ accumulator._2017_/A2 (sky130_fd_sc_hd__o21ai_2)
     1    0.00    0.05    0.06   24.49 v accumulator._2017_/Y (sky130_fd_sc_hd__o21ai_2)
                                         accumulator._1115_ (net)
                  0.05    0.00   24.49 v accumulator._2020_/A1 (sky130_fd_sc_hd__a21o_2)
     2    0.00    0.04    0.20   24.69 v accumulator._2020_/X (sky130_fd_sc_hd__a21o_2)
                                         accumulator._1118_ (net)
                  0.04    0.00   24.69 v accumulator._2021_/A (sky130_fd_sc_hd__buf_1)
    10    0.04    0.24    0.26   24.95 v accumulator._2021_/X (sky130_fd_sc_hd__buf_1)
                                         accumulator._1119_ (net)
                  0.24    0.00   24.95 v accumulator._2022_/A (sky130_fd_sc_hd__buf_1)
    10    0.04    0.24    0.34   25.29 v accumulator._2022_/X (sky130_fd_sc_hd__buf_1)
                                         accumulator._1120_ (net)
                  0.24    0.00   25.29 v accumulator._2155_/S (sky130_fd_sc_hd__mux2_2)
     2    0.00    0.05    0.36   25.65 v accumulator._2155_/X (sky130_fd_sc_hd__mux2_2)
                                         accumulator._0139_ (net)
                  0.05    0.00   25.65 v accumulator._2157_/A0 (sky130_fd_sc_hd__mux2_2)
     2    0.01    0.06    0.29   25.94 v accumulator._2157_/X (sky130_fd_sc_hd__mux2_2)
                                         accumulator._0141_ (net)
                  0.06    0.00   25.94 v accumulator._2158_/A1 (sky130_fd_sc_hd__mux2_2)
     2    0.01    0.06    0.29   26.23 v accumulator._2158_/X (sky130_fd_sc_hd__mux2_2)
                                         accumulator._0143_ (net)
                  0.06    0.00   26.23 v accumulator._2159_/A1 (sky130_fd_sc_hd__mux2_2)
     1    0.00    0.05    0.28   26.52 v accumulator._2159_/X (sky130_fd_sc_hd__mux2_2)
                                         accumulator._0144_ (net)
                  0.05    0.00   26.52 v accumulator._2160_/B1 (sky130_fd_sc_hd__o211ai_2)
     1    0.00    0.11    0.07   26.59 ^ accumulator._2160_/Y (sky130_fd_sc_hd__o211ai_2)
                                         accumulator._0145_ (net)
                  0.11    0.00   26.59 ^ accumulator._2161_/C1 (sky130_fd_sc_hd__o211a_2)
     1    0.00    0.04    0.18   26.77 ^ accumulator._2161_/X (sky130_fd_sc_hd__o211a_2)
                                         accumulator._0016_ (net)
                  0.04    0.00   26.77 ^ accumulator._2309_/D (sky130_fd_sc_hd__dfxtp_2)
                                 26.77   data arrival time

                  0.15   25.00   25.00   clock clock (rise edge)
                          0.00   25.00   clock network delay (ideal)
                         -0.25   24.75   clock uncertainty
                          0.00   24.75   clock reconvergence pessimism
                                 24.75 ^ accumulator._2309_/CLK (sky130_fd_sc_hd__dfxtp_2)
                         -0.04   24.71   library setup time
                                 24.71   data required time
-----------------------------------------------------------------------------
                                 24.71   data required time
                                -26.77   data arrival time
-----------------------------------------------------------------------------
                                 -2.06   slack (VIOLATED)




===========================================================================
report_checks --slack_max -0.01
============================================================================
======================= Typical Corner ===================================

Startpoint: io_inB[3] (input port clocked by clock)
Endpoint: accumulator._2309_ (rising edge-triggered flip-flop clocked by clock)
Path Group: clock
Path Type: max

Fanout     Cap    Slew   Delay    Time   Description
-----------------------------------------------------------------------------
                  0.15    0.00    0.00   clock clock (rise edge)
                          0.00    0.00   clock network delay (ideal)
                          5.00    5.00 v input external delay
     6    0.02    0.05    0.03    5.03 v io_inB[3] (in)
                                         io_inB[3] (net)
                  0.05    0.00    5.03 v operator._058_/A (sky130_fd_sc_hd__or2_2)
     3    0.01    0.08    0.34    5.37 v operator._058_/X (sky130_fd_sc_hd__or2_2)
                                         operator._002_ (net)
                  0.08    0.00    5.37 v operator._104_/B (sky130_fd_sc_hd__or2_2)
     4    0.01    0.08    0.33    5.70 v operator._104_/X (sky130_fd_sc_hd__or2_2)
                                         operator._040_ (net)
                  0.08    0.00    5.70 v operator._105_/A2 (sky130_fd_sc_hd__a22o_2)
     1    0.00    0.04    0.28    5.99 v operator._105_/X (sky130_fd_sc_hd__a22o_2)
                                         operator._041_ (net)
                  0.04    0.00    5.99 v operator._107_/A (sky130_fd_sc_hd__nand2_2)
     2    0.00    0.04    0.05    6.04 ^ operator._107_/Y (sky130_fd_sc_hd__nand2_2)
                                         operator._043_ (net)
                  0.04    0.00    6.04 ^ operator._110_/A_N (sky130_fd_sc_hd__and2b_2)
     3    0.01    0.05    0.23    6.28 v operator._110_/X (sky130_fd_sc_hd__and2b_2)
                                         operator._046_ (net)
                  0.05    0.00    6.28 v operator._118_/B (sky130_fd_sc_hd__or3b_2)
     1    0.00    0.07    0.45    6.72 v operator._118_/X (sky130_fd_sc_hd__or3b_2)
                                         operator._052_ (net)
                  0.07    0.00    6.72 v operator._119_/C (sky130_fd_sc_hd__and3_2)
     1    0.00    0.04    0.23    6.95 v operator._119_/X (sky130_fd_sc_hd__and3_2)
                                         operator._053_ (net)
                  0.04    0.00    6.95 v operator._120_/A (sky130_fd_sc_hd__buf_1)
     2    0.00    0.03    0.09    7.05 v operator._120_/X (sky130_fd_sc_hd__buf_1)
                                         operator.io_outMant[6] (net)
                  0.03    0.00    7.05 v scaleAdd._313_/A (sky130_fd_sc_hd__buf_1)
    10    0.03    0.20    0.23    7.28 v scaleAdd._313_/X (sky130_fd_sc_hd__buf_1)
                                         scaleAdd._262_ (net)
                  0.20    0.00    7.28 v scaleAdd._411_/B (sky130_fd_sc_hd__and4_2)
     2    0.01    0.05    0.30    7.57 v scaleAdd._411_/X (sky130_fd_sc_hd__and4_2)
                                         scaleAdd._090_ (net)
                  0.05    0.00    7.57 v scaleAdd._413_/A (sky130_fd_sc_hd__or2_2)
     1    0.01    0.07    0.33    7.90 v scaleAdd._413_/X (sky130_fd_sc_hd__or2_2)
                                         scaleAdd._092_ (net)
                  0.07    0.00    7.90 v scaleAdd._414_/B (sky130_fd_sc_hd__xnor2_2)
     2    0.01    0.07    0.16    8.07 v scaleAdd._414_/Y (sky130_fd_sc_hd__xnor2_2)
                                         scaleAdd._093_ (net)
                  0.07    0.00    8.07 v scaleAdd._416_/A (sky130_fd_sc_hd__xnor2_2)
     2    0.01    0.08    0.17    8.24 v scaleAdd._416_/Y (sky130_fd_sc_hd__xnor2_2)
                                         scaleAdd._095_ (net)
                  0.08    0.00    8.24 v scaleAdd._431_/C (sky130_fd_sc_hd__and3_2)
     2    0.01    0.05    0.24    8.48 v scaleAdd._431_/X (sky130_fd_sc_hd__and3_2)
                                         scaleAdd._109_ (net)
                  0.05    0.00    8.48 v scaleAdd._441_/B (sky130_fd_sc_hd__or3b_2)
     1    0.00    0.07    0.44    8.93 v scaleAdd._441_/X (sky130_fd_sc_hd__or3b_2)
                                         scaleAdd._119_ (net)
                  0.07    0.00    8.93 v scaleAdd._442_/B_N (sky130_fd_sc_hd__or2b_2)
     2    0.01    0.06    0.20    9.13 ^ scaleAdd._442_/X (sky130_fd_sc_hd__or2b_2)
                                         scaleAdd._120_ (net)
                  0.06    0.00    9.13 ^ scaleAdd._443_/B (sky130_fd_sc_hd__xnor2_2)
     2    0.00    0.06    0.06    9.19 v scaleAdd._443_/Y (sky130_fd_sc_hd__xnor2_2)
                                         scaleAdd._121_ (net)
                  0.06    0.00    9.19 v scaleAdd._444_/B1 (sky130_fd_sc_hd__a21o_2)
     4    0.01    0.06    0.23    9.42 v scaleAdd._444_/X (sky130_fd_sc_hd__a21o_2)
                                         scaleAdd._122_ (net)
                  0.06    0.00    9.42 v scaleAdd._450_/A3 (sky130_fd_sc_hd__a31o_2)
     2    0.01    0.04    0.27    9.69 v scaleAdd._450_/X (sky130_fd_sc_hd__a31o_2)
                                         scaleAdd._127_ (net)
                  0.04    0.00    9.69 v scaleAdd._467_/B (sky130_fd_sc_hd__or2_2)
     1    0.00    0.05    0.28    9.96 v scaleAdd._467_/X (sky130_fd_sc_hd__or2_2)
                                         scaleAdd._144_ (net)
                  0.05    0.00    9.96 v scaleAdd._468_/A2 (sky130_fd_sc_hd__a31o_2)
     1    0.00    0.03    0.23   10.20 v scaleAdd._468_/X (sky130_fd_sc_hd__a31o_2)
                                         scaleAdd._145_ (net)
                  0.03    0.00   10.20 v scaleAdd._469_/B (sky130_fd_sc_hd__and2_2)
     1    0.00    0.04    0.19   10.38 v scaleAdd._469_/X (sky130_fd_sc_hd__and2_2)
                                         scaleAdd._146_ (net)
                  0.04    0.00   10.38 v scaleAdd._470_/A (sky130_fd_sc_hd__buf_1)
     5    0.01    0.08    0.14   10.52 v scaleAdd._470_/X (sky130_fd_sc_hd__buf_1)
                                         accumulator.io_inMant[12] (net)
                  0.08    0.00   10.52 v accumulator._1148_/C (sky130_fd_sc_hd__or4_2)
     7    0.03    0.18    0.77   11.29 v accumulator._1148_/X (sky130_fd_sc_hd__or4_2)
                                         accumulator._0034_ (net)
                  0.18    0.00   11.29 v accumulator._1176_/A (sky130_fd_sc_hd__nor2_2)
     5    0.02    0.24    0.29   11.58 ^ accumulator._1176_/Y (sky130_fd_sc_hd__nor2_2)
                                         accumulator._0276_ (net)
                  0.24    0.00   11.59 ^ accumulator._1177_/B (sky130_fd_sc_hd__or2_2)
     2    0.01    0.08    0.20   11.79 ^ accumulator._1177_/X (sky130_fd_sc_hd__or2_2)
                                         accumulator._0277_ (net)
                  0.08    0.00   11.79 ^ accumulator._1181_/B (sky130_fd_sc_hd__xnor2_2)
     2    0.01    0.16    0.13   11.92 ^ accumulator._1181_/Y (sky130_fd_sc_hd__xnor2_2)
                                         accumulator._0281_ (net)
                  0.16    0.00   11.92 ^ accumulator._1182_/A (sky130_fd_sc_hd__inv_2)
     2    0.01    0.05    0.07   11.99 v accumulator._1182_/Y (sky130_fd_sc_hd__inv_2)
                                         accumulator._0282_ (net)
                  0.05    0.00   11.99 v accumulator._1188_/A3 (sky130_fd_sc_hd__o41a_2)
     3    0.01    0.09    0.50   12.49 v accumulator._1188_/X (sky130_fd_sc_hd__o41a_2)
                                         accumulator._0288_ (net)
                  0.09    0.00   12.49 v accumulator._1194_/A1 (sky130_fd_sc_hd__o32a_2)
     1    0.01    0.07    0.44   12.93 v accumulator._1194_/X (sky130_fd_sc_hd__o32a_2)
                                         accumulator._0294_ (net)
                  0.07    0.00   12.93 v accumulator._1197_/A (sky130_fd_sc_hd__xnor2_2)
     4    0.02    0.09    0.18   13.12 v accumulator._1197_/Y (sky130_fd_sc_hd__xnor2_2)
                                         accumulator._0297_ (net)
                  0.09    0.00   13.12 v accumulator._1221_/B1 (sky130_fd_sc_hd__a31o_2)
     5    0.01    0.06    0.28   13.39 v accumulator._1221_/X (sky130_fd_sc_hd__a31o_2)
                                         accumulator._0321_ (net)
                  0.06    0.00   13.39 v accumulator._1227_/C (sky130_fd_sc_hd__or3_2)
     4    0.02    0.13    0.52   13.91 v accumulator._1227_/X (sky130_fd_sc_hd__or3_2)
                                         accumulator._0327_ (net)
                  0.13    0.00   13.91 v accumulator._1230_/A1 (sky130_fd_sc_hd__a21bo_2)
     2    0.01    0.06    0.26   14.17 v accumulator._1230_/X (sky130_fd_sc_hd__a21bo_2)
                                         accumulator._0330_ (net)
                  0.06    0.00   14.17 v accumulator._1232_/A2 (sky130_fd_sc_hd__a21o_2)
     2    0.01    0.06    0.25   14.42 v accumulator._1232_/X (sky130_fd_sc_hd__a21o_2)
                                         accumulator._0332_ (net)
                  0.06    0.00   14.42 v accumulator._1235_/A1 (sky130_fd_sc_hd__a21o_2)
     2    0.01    0.05    0.22   14.65 v accumulator._1235_/X (sky130_fd_sc_hd__a21o_2)
                                         accumulator._0335_ (net)
                  0.05    0.00   14.65 v accumulator._1237_/A2 (sky130_fd_sc_hd__a21o_2)
     2    0.01    0.06    0.25   14.89 v accumulator._1237_/X (sky130_fd_sc_hd__a21o_2)
                                         accumulator._0337_ (net)
                  0.06    0.00   14.89 v accumulator._1241_/A1 (sky130_fd_sc_hd__a21o_2)
     2    0.01    0.05    0.22   15.12 v accumulator._1241_/X (sky130_fd_sc_hd__a21o_2)
                                         accumulator._0341_ (net)
                  0.05    0.00   15.12 v accumulator._1243_/A2 (sky130_fd_sc_hd__a21o_2)
     3    0.02    0.08    0.28   15.40 v accumulator._1243_/X (sky130_fd_sc_hd__a21o_2)
                                         accumulator._0343_ (net)
                  0.08    0.00   15.40 v accumulator._1253_/A (sky130_fd_sc_hd__xor2_2)
     5    0.02    0.24    0.28   15.67 ^ accumulator._1253_/X (sky130_fd_sc_hd__xor2_2)
                                         accumulator._0353_ (net)
                  0.24    0.00   15.67 ^ accumulator._1299_/A (sky130_fd_sc_hd__buf_1)
    10    0.03    0.39    0.38   16.05 ^ accumulator._1299_/X (sky130_fd_sc_hd__buf_1)
                                         accumulator._0397_ (net)
                  0.39    0.00   16.05 ^ accumulator._1339_/A1 (sky130_fd_sc_hd__a21oi_2)
     3    0.01    0.10    0.12   16.18 v accumulator._1339_/Y (sky130_fd_sc_hd__a21oi_2)
                                         accumulator._0437_ (net)
                  0.10    0.00   16.18 v accumulator._1374_/B (sky130_fd_sc_hd__nor2_2)
     8    0.03    0.31    0.29   16.47 ^ accumulator._1374_/Y (sky130_fd_sc_hd__nor2_2)
                                         accumulator._0472_ (net)
                  0.31    0.00   16.47 ^ accumulator._1375_/A (sky130_fd_sc_hd__buf_1)
    10    0.04    0.42    0.41   16.88 ^ accumulator._1375_/X (sky130_fd_sc_hd__buf_1)
                                         accumulator._0473_ (net)
                  0.42    0.00   16.88 ^ accumulator._1556_/S (sky130_fd_sc_hd__mux2_2)
     4    0.02    0.08    0.46   17.34 v accumulator._1556_/X (sky130_fd_sc_hd__mux2_2)
                                         accumulator._0654_ (net)
                  0.08    0.00   17.34 v accumulator._1599_/A2 (sky130_fd_sc_hd__a2111o_2)
     3    0.01    0.09    0.54   17.88 v accumulator._1599_/X (sky130_fd_sc_hd__a2111o_2)
                                         accumulator._0697_ (net)
                  0.09    0.00   17.88 v accumulator._1601_/A2 (sky130_fd_sc_hd__a21o_2)
     4    0.02    0.07    0.28   18.15 v accumulator._1601_/X (sky130_fd_sc_hd__a21o_2)
                                         accumulator._0699_ (net)
                  0.07    0.00   18.15 v accumulator._1753_/A1 (sky130_fd_sc_hd__a2111o_2)
     6    0.02    0.12    0.52   18.67 v accumulator._1753_/X (sky130_fd_sc_hd__a2111o_2)
                                         accumulator._0851_ (net)
                  0.12    0.00   18.67 v accumulator._1755_/A2 (sky130_fd_sc_hd__a211o_2)
     3    0.01    0.07    0.40   19.07 v accumulator._1755_/X (sky130_fd_sc_hd__a211o_2)
                                         accumulator._0853_ (net)
                  0.07    0.00   19.07 v accumulator._1758_/A3 (sky130_fd_sc_hd__a31o_2)
     5    0.01    0.06    0.30   19.37 v accumulator._1758_/X (sky130_fd_sc_hd__a31o_2)
                                         accumulator._0856_ (net)
                  0.06    0.00   19.37 v accumulator._1769_/A1 (sky130_fd_sc_hd__o311a_2)
     2    0.01    0.07    0.43   19.80 v accumulator._1769_/X (sky130_fd_sc_hd__o311a_2)
                                         accumulator._0867_ (net)
                  0.07    0.00   19.80 v accumulator._1777_/A2 (sky130_fd_sc_hd__o41a_2)
     3    0.01    0.08    0.51   20.32 v accumulator._1777_/X (sky130_fd_sc_hd__o41a_2)
                                         accumulator._0875_ (net)
                  0.08    0.00   20.32 v accumulator._1778_/C (sky130_fd_sc_hd__or3_2)
     3    0.01    0.09    0.46   20.78 v accumulator._1778_/X (sky130_fd_sc_hd__or3_2)
                                         accumulator._0876_ (net)
                  0.09    0.00   20.78 v accumulator._1786_/A1 (sky130_fd_sc_hd__a311o_2)
     3    0.01    0.07    0.37   21.15 v accumulator._1786_/X (sky130_fd_sc_hd__a311o_2)
                                         accumulator._0884_ (net)
                  0.07    0.00   21.15 v accumulator._1792_/A2 (sky130_fd_sc_hd__a311o_2)
     1    0.00    0.05    0.37   21.52 v accumulator._1792_/X (sky130_fd_sc_hd__a311o_2)
                                         accumulator._0890_ (net)
                  0.05    0.00   21.52 v accumulator._1793_/C (sky130_fd_sc_hd__and3_2)
     5    0.01    0.06    0.26   21.78 v accumulator._1793_/X (sky130_fd_sc_hd__and3_2)
                                         accumulator._0891_ (net)
                  0.06    0.00   21.78 v accumulator._1803_/A (sky130_fd_sc_hd__or2_2)
     1    0.00    0.05    0.30   22.08 v accumulator._1803_/X (sky130_fd_sc_hd__or2_2)
                                         accumulator._0901_ (net)
                  0.05    0.00   22.08 v accumulator._1804_/A (sky130_fd_sc_hd__buf_1)
     8    0.03    0.17    0.21   22.29 v accumulator._1804_/X (sky130_fd_sc_hd__buf_1)
                                         accumulator._0902_ (net)
                  0.17    0.00   22.29 v accumulator._1971_/S (sky130_fd_sc_hd__mux2_2)
     4    0.01    0.08    0.37   22.66 v accumulator._1971_/X (sky130_fd_sc_hd__mux2_2)
                                         accumulator._1069_ (net)
                  0.08    0.00   22.66 v accumulator._2006_/A1 (sky130_fd_sc_hd__a21bo_2)
     1    0.00    0.03    0.21   22.87 v accumulator._2006_/X (sky130_fd_sc_hd__a21bo_2)
                                         accumulator._1104_ (net)
                  0.03    0.00   22.87 v accumulator._2007_/A2 (sky130_fd_sc_hd__a21bo_2)
     1    0.00    0.03    0.21   23.08 v accumulator._2007_/X (sky130_fd_sc_hd__a21bo_2)
                                         accumulator._1105_ (net)
                  0.03    0.00   23.08 v accumulator._2008_/A2 (sky130_fd_sc_hd__a21bo_2)
     1    0.00    0.04    0.22   23.30 v accumulator._2008_/X (sky130_fd_sc_hd__a21bo_2)
                                         accumulator._1106_ (net)
                  0.04    0.00   23.30 v accumulator._2009_/A2 (sky130_fd_sc_hd__a21o_2)
     1    0.00    0.03    0.21   23.51 v accumulator._2009_/X (sky130_fd_sc_hd__a21o_2)
                                         accumulator._1107_ (net)
                  0.03    0.00   23.51 v accumulator._2010_/A2 (sky130_fd_sc_hd__a21bo_2)
     1    0.01    0.04    0.22   23.73 v accumulator._2010_/X (sky130_fd_sc_hd__a21bo_2)
                                         accumulator._1108_ (net)
                  0.04    0.00   23.73 v accumulator._2011_/A2 (sky130_fd_sc_hd__a21oi_2)
     1    0.00    0.08    0.13   23.86 ^ accumulator._2011_/Y (sky130_fd_sc_hd__a21oi_2)
                                         accumulator._1109_ (net)
                  0.08    0.00   23.86 ^ accumulator._2012_/A2 (sky130_fd_sc_hd__o21ba_2)
     1    0.01    0.05    0.14   24.00 ^ accumulator._2012_/X (sky130_fd_sc_hd__o21ba_2)
                                         accumulator._1110_ (net)
                  0.05    0.00   24.00 ^ accumulator._2014_/A2 (sky130_fd_sc_hd__o21ai_2)
     1    0.00    0.05    0.05   24.05 v accumulator._2014_/Y (sky130_fd_sc_hd__o21ai_2)
                                         accumulator._1112_ (net)
                  0.05    0.00   24.05 v accumulator._2015_/A2 (sky130_fd_sc_hd__a21bo_2)
     1    0.01    0.04    0.23   24.28 v accumulator._2015_/X (sky130_fd_sc_hd__a21bo_2)
                                         accumulator._1113_ (net)
                  0.04    0.00   24.28 v accumulator._2016_/A2 (sky130_fd_sc_hd__a21oi_2)
     1    0.01    0.11    0.15   24.43 ^ accumulator._2016_/Y (sky130_fd_sc_hd__a21oi_2)
                                         accumulator._1114_ (net)
                  0.11    0.00   24.43 ^ accumulator._2017_/A2 (sky130_fd_sc_hd__o21ai_2)
     1    0.00    0.05    0.06   24.49 v accumulator._2017_/Y (sky130_fd_sc_hd__o21ai_2)
                                         accumulator._1115_ (net)
                  0.05    0.00   24.49 v accumulator._2020_/A1 (sky130_fd_sc_hd__a21o_2)
     2    0.00    0.04    0.20   24.69 v accumulator._2020_/X (sky130_fd_sc_hd__a21o_2)
                                         accumulator._1118_ (net)
                  0.04    0.00   24.69 v accumulator._2021_/A (sky130_fd_sc_hd__buf_1)
    10    0.04    0.24    0.26   24.95 v accumulator._2021_/X (sky130_fd_sc_hd__buf_1)
                                         accumulator._1119_ (net)
                  0.24    0.00   24.95 v accumulator._2022_/A (sky130_fd_sc_hd__buf_1)
    10    0.04    0.24    0.34   25.29 v accumulator._2022_/X (sky130_fd_sc_hd__buf_1)
                                         accumulator._1120_ (net)
                  0.24    0.00   25.29 v accumulator._2155_/S (sky130_fd_sc_hd__mux2_2)
     2    0.00    0.05    0.36   25.65 v accumulator._2155_/X (sky130_fd_sc_hd__mux2_2)
                                         accumulator._0139_ (net)
                  0.05    0.00   25.65 v accumulator._2157_/A0 (sky130_fd_sc_hd__mux2_2)
     2    0.01    0.06    0.29   25.94 v accumulator._2157_/X (sky130_fd_sc_hd__mux2_2)
                                         accumulator._0141_ (net)
                  0.06    0.00   25.94 v accumulator._2158_/A1 (sky130_fd_sc_hd__mux2_2)
     2    0.01    0.06    0.29   26.23 v accumulator._2158_/X (sky130_fd_sc_hd__mux2_2)
                                         accumulator._0143_ (net)
                  0.06    0.00   26.23 v accumulator._2159_/A1 (sky130_fd_sc_hd__mux2_2)
     1    0.00    0.05    0.28   26.52 v accumulator._2159_/X (sky130_fd_sc_hd__mux2_2)
                                         accumulator._0144_ (net)
                  0.05    0.00   26.52 v accumulator._2160_/B1 (sky130_fd_sc_hd__o211ai_2)
     1    0.00    0.11    0.07   26.59 ^ accumulator._2160_/Y (sky130_fd_sc_hd__o211ai_2)
                                         accumulator._0145_ (net)
                  0.11    0.00   26.59 ^ accumulator._2161_/C1 (sky130_fd_sc_hd__o211a_2)
     1    0.00    0.04    0.18   26.77 ^ accumulator._2161_/X (sky130_fd_sc_hd__o211a_2)
                                         accumulator._0016_ (net)
                  0.04    0.00   26.77 ^ accumulator._2309_/D (sky130_fd_sc_hd__dfxtp_2)
                                 26.77   data arrival time

                  0.15   25.00   25.00   clock clock (rise edge)
                          0.00   25.00   clock network delay (ideal)
                         -0.25   24.75   clock uncertainty
                          0.00   24.75   clock reconvergence pessimism
                                 24.75 ^ accumulator._2309_/CLK (sky130_fd_sc_hd__dfxtp_2)
                         -0.04   24.71   library setup time
                                 24.71   data required time
-----------------------------------------------------------------------------
                                 24.71   data required time
                                -26.77   data arrival time
-----------------------------------------------------------------------------
                                 -2.06   slack (VIOLATED)




===========================================================================
 report_check_types -max_slew -max_cap -max_fanout -violators
============================================================================
======================= Typical Corner ===================================

max fanout

Pin                                   Limit Fanout  Slack
---------------------------------------------------------
operator._056_/X                         10     11        (VIOLATED)


max slew violations count Typical: 0
max fanout violations count Typical: 1
max cap violations count Typical: 0

===========================================================================
report_parasitic_annotation -report_unannotated
============================================================================
Found 4 unannotated drivers.
 clock
 io_inScaleB[0]
 io_inScaleB[1]
 io_inScaleB[2]
Found 0 partially unannotated drivers.

===========================================================================
max slew violation count 0
max fanout violation count 1
max cap violation count 0
============================================================================

===========================================================================
check_setup -verbose -unconstrained_endpoints -multiple_clock -no_clock -no_input_delay -loops -generated_clocks
===========================================================================
