
===========================================================================
report_checks -unconstrained
===========================================================================
======================= Typical Corner ===================================

Startpoint: io_inB[3] (input port clocked by clock)
Endpoint: accumulator._2309_ (rising edge-triggered flip-flop clocked by clock)
Path Group: clock
Path Type: max

Fanout     Cap    Slew   Delay    Time   Description
-----------------------------------------------------------------------------
                  0.15    0.00    0.00   clock clock (rise edge)
                          0.00    0.00   clock network delay (ideal)
                          5.00    5.00 v input external delay
     1    0.00    0.01    0.00    5.00 v io_inB[3] (in)
                                         io_inB[3] (net)
                  0.01    0.00    5.00 v input10/A (sky130_fd_sc_hd__clkbuf_2)
     6    0.02    0.08    0.14    5.14 v input10/X (sky130_fd_sc_hd__clkbuf_2)
                                         net10 (net)
                  0.08    0.00    5.14 v operator._058_/A (sky130_fd_sc_hd__or2_1)
     3    0.01    0.07    0.27    5.41 v operator._058_/X (sky130_fd_sc_hd__or2_1)
                                         operator._002_ (net)
                  0.07    0.00    5.41 v operator._104_/B (sky130_fd_sc_hd__or2_1)
     4    0.01    0.07    0.26    5.67 v operator._104_/X (sky130_fd_sc_hd__or2_1)
                                         operator._040_ (net)
                  0.07    0.00    5.67 v operator._105_/A2 (sky130_fd_sc_hd__a22o_1)
     1    0.00    0.04    0.24    5.91 v operator._105_/X (sky130_fd_sc_hd__a22o_1)
                                         operator._041_ (net)
                  0.04    0.00    5.91 v operator._107_/A (sky130_fd_sc_hd__nand2_1)
     2    0.00    0.06    0.06    5.98 ^ operator._107_/Y (sky130_fd_sc_hd__nand2_1)
                                         operator._043_ (net)
                  0.06    0.00    5.98 ^ operator._110_/A_N (sky130_fd_sc_hd__and2b_1)
     3    0.01    0.06    0.21    6.18 v operator._110_/X (sky130_fd_sc_hd__and2b_1)
                                         operator._046_ (net)
                  0.06    0.00    6.18 v operator._118_/B (sky130_fd_sc_hd__or3b_1)
     1    0.00    0.06    0.36    6.54 v operator._118_/X (sky130_fd_sc_hd__or3b_1)
                                         operator._052_ (net)
                  0.06    0.00    6.54 v operator._119_/C (sky130_fd_sc_hd__and3_1)
     1    0.00    0.04    0.20    6.74 v operator._119_/X (sky130_fd_sc_hd__and3_1)
                                         operator._053_ (net)
                  0.04    0.00    6.74 v operator._120_/A (sky130_fd_sc_hd__clkbuf_1)
     2    0.00    0.03    0.10    6.83 v operator._120_/X (sky130_fd_sc_hd__clkbuf_1)
                                         operator.io_outMant[6] (net)
                  0.03    0.00    6.83 v scaleAdd._313_/A (sky130_fd_sc_hd__clkbuf_4)
    10    0.03    0.08    0.18    7.02 v scaleAdd._313_/X (sky130_fd_sc_hd__clkbuf_4)
                                         scaleAdd._262_ (net)
                  0.08    0.00    7.02 v scaleAdd._411_/B (sky130_fd_sc_hd__and4_1)
     2    0.01    0.05    0.21    7.22 v scaleAdd._411_/X (sky130_fd_sc_hd__and4_1)
                                         scaleAdd._090_ (net)
                  0.05    0.00    7.22 v scaleAdd._413_/A (sky130_fd_sc_hd__or2_1)
     1    0.00    0.06    0.25    7.47 v scaleAdd._413_/X (sky130_fd_sc_hd__or2_1)
                                         scaleAdd._092_ (net)
                  0.06    0.00    7.47 v scaleAdd._414_/B (sky130_fd_sc_hd__xnor2_1)
     2    0.01    0.20    0.20    7.67 ^ scaleAdd._414_/Y (sky130_fd_sc_hd__xnor2_1)
                                         scaleAdd._093_ (net)
                  0.20    0.00    7.67 ^ scaleAdd._416_/A (sky130_fd_sc_hd__xnor2_1)
     2    0.01    0.09    0.14    7.81 v scaleAdd._416_/Y (sky130_fd_sc_hd__xnor2_1)
                                         scaleAdd._095_ (net)
                  0.09    0.00    7.81 v scaleAdd._431_/C (sky130_fd_sc_hd__and3_1)
     2    0.01    0.06    0.23    8.04 v scaleAdd._431_/X (sky130_fd_sc_hd__and3_1)
                                         scaleAdd._109_ (net)
                  0.06    0.00    8.04 v scaleAdd._441_/B (sky130_fd_sc_hd__or3b_1)
     1    0.00    0.06    0.35    8.39 v scaleAdd._441_/X (sky130_fd_sc_hd__or3b_1)
                                         scaleAdd._119_ (net)
                  0.06    0.00    8.39 v scaleAdd._442_/B_N (sky130_fd_sc_hd__or2b_1)
     2    0.01    0.07    0.19    8.58 ^ scaleAdd._442_/X (sky130_fd_sc_hd__or2b_1)
                                         scaleAdd._120_ (net)
                  0.07    0.00    8.58 ^ scaleAdd._443_/B (sky130_fd_sc_hd__xnor2_1)
     2    0.00    0.06    0.08    8.66 v scaleAdd._443_/Y (sky130_fd_sc_hd__xnor2_1)
                                         scaleAdd._121_ (net)
                  0.06    0.00    8.66 v scaleAdd._444_/B1 (sky130_fd_sc_hd__a21o_1)
     4    0.01    0.08    0.22    8.87 v scaleAdd._444_/X (sky130_fd_sc_hd__a21o_1)
                                         scaleAdd._122_ (net)
                  0.08    0.00    8.87 v scaleAdd._450_/A3 (sky130_fd_sc_hd__a31o_1)
     2    0.01    0.05    0.25    9.12 v scaleAdd._450_/X (sky130_fd_sc_hd__a31o_1)
                                         scaleAdd._127_ (net)
                  0.05    0.00    9.12 v scaleAdd._467_/B (sky130_fd_sc_hd__or2_1)
     1    0.00    0.05    0.21    9.33 v scaleAdd._467_/X (sky130_fd_sc_hd__or2_1)
                                         scaleAdd._144_ (net)
                  0.05    0.00    9.33 v scaleAdd._468_/A2 (sky130_fd_sc_hd__a31o_1)
     1    0.00    0.03    0.20    9.54 v scaleAdd._468_/X (sky130_fd_sc_hd__a31o_1)
                                         scaleAdd._145_ (net)
                  0.03    0.00    9.54 v scaleAdd._469_/B (sky130_fd_sc_hd__and2_1)
     1    0.00    0.03    0.15    9.69 v scaleAdd._469_/X (sky130_fd_sc_hd__and2_1)
                                         scaleAdd._146_ (net)
                  0.03    0.00    9.69 v scaleAdd._470_/A (sky130_fd_sc_hd__dlymetal6s2s_1)
     5    0.01    0.08    0.18    9.87 v scaleAdd._470_/X (sky130_fd_sc_hd__dlymetal6s2s_1)
                                         accumulator.io_inMant[12] (net)
                  0.08    0.00    9.87 v accumulator._1148_/C (sky130_fd_sc_hd__or4_4)
     7    0.02    0.12    0.57   10.44 v accumulator._1148_/X (sky130_fd_sc_hd__or4_4)
                                         accumulator._0034_ (net)
                  0.12    0.00   10.45 v accumulator._1176_/A (sky130_fd_sc_hd__nor2_1)
     5    0.01    0.27    0.28   10.72 ^ accumulator._1176_/Y (sky130_fd_sc_hd__nor2_1)
                                         accumulator._0276_ (net)
                  0.27    0.00   10.72 ^ accumulator._1177_/B (sky130_fd_sc_hd__or2_1)
     2    0.01    0.10    0.20   10.92 ^ accumulator._1177_/X (sky130_fd_sc_hd__or2_1)
                                         accumulator._0277_ (net)
                  0.10    0.00   10.92 ^ accumulator._1181_/B (sky130_fd_sc_hd__xnor2_1)
     2    0.01    0.22    0.17   11.09 ^ accumulator._1181_/Y (sky130_fd_sc_hd__xnor2_1)
                                         accumulator._0281_ (net)
                  0.22    0.00   11.09 ^ accumulator._1182_/A (sky130_fd_sc_hd__inv_2)
     2    0.01    0.06    0.08   11.17 v accumulator._1182_/Y (sky130_fd_sc_hd__inv_2)
                                         accumulator._0282_ (net)
                  0.06    0.00   11.17 v accumulator._1188_/A3 (sky130_fd_sc_hd__o41a_1)
     3    0.01    0.09    0.43   11.60 v accumulator._1188_/X (sky130_fd_sc_hd__o41a_1)
                                         accumulator._0288_ (net)
                  0.09    0.00   11.60 v accumulator._1194_/A1 (sky130_fd_sc_hd__o32a_1)
     1    0.01    0.08    0.41   12.02 v accumulator._1194_/X (sky130_fd_sc_hd__o32a_1)
                                         accumulator._0294_ (net)
                  0.08    0.00   12.02 v accumulator._1197_/A (sky130_fd_sc_hd__xnor2_2)
     4    0.02    0.09    0.19   12.21 v accumulator._1197_/Y (sky130_fd_sc_hd__xnor2_2)
                                         accumulator._0297_ (net)
                  0.09    0.00   12.21 v accumulator._1221_/B1 (sky130_fd_sc_hd__a31o_1)
     5    0.01    0.08    0.26   12.47 v accumulator._1221_/X (sky130_fd_sc_hd__a31o_1)
                                         accumulator._0321_ (net)
                  0.08    0.00   12.47 v accumulator._1227_/C (sky130_fd_sc_hd__or3_4)
     4    0.02    0.09    0.40   12.87 v accumulator._1227_/X (sky130_fd_sc_hd__or3_4)
                                         accumulator._0327_ (net)
                  0.09    0.00   12.87 v accumulator._1230_/A1 (sky130_fd_sc_hd__a21bo_1)
     2    0.02    0.10    0.25   13.12 v accumulator._1230_/X (sky130_fd_sc_hd__a21bo_1)
                                         accumulator._0330_ (net)
                  0.10    0.00   13.12 v accumulator._1232_/A2 (sky130_fd_sc_hd__a21o_2)
     2    0.02    0.07    0.29   13.41 v accumulator._1232_/X (sky130_fd_sc_hd__a21o_2)
                                         accumulator._0332_ (net)
                  0.07    0.00   13.41 v accumulator._1235_/A1 (sky130_fd_sc_hd__a21o_1)
     2    0.01    0.07    0.21   13.62 v accumulator._1235_/X (sky130_fd_sc_hd__a21o_1)
                                         accumulator._0335_ (net)
                  0.07    0.00   13.62 v accumulator._1237_/A2 (sky130_fd_sc_hd__a21o_1)
     2    0.01    0.07    0.23   13.85 v accumulator._1237_/X (sky130_fd_sc_hd__a21o_1)
                                         accumulator._0337_ (net)
                  0.07    0.00   13.85 v accumulator._1241_/A1 (sky130_fd_sc_hd__a21o_1)
     2    0.01    0.07    0.21   14.05 v accumulator._1241_/X (sky130_fd_sc_hd__a21o_1)
                                         accumulator._0341_ (net)
                  0.07    0.00   14.05 v accumulator._1243_/A2 (sky130_fd_sc_hd__a21o_2)
     3    0.03    0.10    0.30   14.36 v accumulator._1243_/X (sky130_fd_sc_hd__a21o_2)
                                         accumulator._0343_ (net)
                  0.10    0.00   14.36 v accumulator._1253_/A (sky130_fd_sc_hd__xor2_2)
     5    0.02    0.24    0.28   14.64 ^ accumulator._1253_/X (sky130_fd_sc_hd__xor2_2)
                                         accumulator._0353_ (net)
                  0.24    0.00   14.64 ^ accumulator._1299_/A (sky130_fd_sc_hd__buf_2)
    10    0.03    0.16    0.26   14.90 ^ accumulator._1299_/X (sky130_fd_sc_hd__buf_2)
                                         accumulator._0397_ (net)
                  0.16    0.00   14.91 ^ accumulator._1339_/A1 (sky130_fd_sc_hd__a21oi_1)
     3    0.01    0.09    0.12   15.03 v accumulator._1339_/Y (sky130_fd_sc_hd__a21oi_1)
                                         accumulator._0437_ (net)
                  0.09    0.00   15.03 v accumulator._1374_/B (sky130_fd_sc_hd__nor2_2)
     8    0.03    0.31    0.29   15.31 ^ accumulator._1374_/Y (sky130_fd_sc_hd__nor2_2)
                                         accumulator._0472_ (net)
                  0.31    0.00   15.31 ^ accumulator._1375_/A (sky130_fd_sc_hd__clkbuf_4)
    10    0.04    0.12    0.29   15.60 ^ accumulator._1375_/X (sky130_fd_sc_hd__clkbuf_4)
                                         accumulator._0473_ (net)
                  0.12    0.00   15.60 ^ accumulator._1556_/S (sky130_fd_sc_hd__mux2_2)
     4    0.01    0.08    0.41   16.01 v accumulator._1556_/X (sky130_fd_sc_hd__mux2_2)
                                         accumulator._0654_ (net)
                  0.08    0.00   16.01 v accumulator._1599_/A2 (sky130_fd_sc_hd__a2111o_1)
     3    0.01    0.09    0.47   16.48 v accumulator._1599_/X (sky130_fd_sc_hd__a2111o_1)
                                         accumulator._0697_ (net)
                  0.09    0.00   16.48 v accumulator._1601_/A2 (sky130_fd_sc_hd__a21o_1)
     4    0.01    0.07    0.24   16.72 v accumulator._1601_/X (sky130_fd_sc_hd__a21o_1)
                                         accumulator._0699_ (net)
                  0.07    0.00   16.72 v accumulator._1753_/A1 (sky130_fd_sc_hd__a2111o_2)
     6    0.02    0.11    0.51   17.22 v accumulator._1753_/X (sky130_fd_sc_hd__a2111o_2)
                                         accumulator._0851_ (net)
                  0.11    0.00   17.22 v accumulator._1755_/A2 (sky130_fd_sc_hd__a211o_1)
     3    0.01    0.08    0.37   17.59 v accumulator._1755_/X (sky130_fd_sc_hd__a211o_1)
                                         accumulator._0853_ (net)
                  0.08    0.00   17.59 v accumulator._1758_/A3 (sky130_fd_sc_hd__a31o_1)
     5    0.01    0.09    0.29   17.88 v accumulator._1758_/X (sky130_fd_sc_hd__a31o_1)
                                         accumulator._0856_ (net)
                  0.09    0.00   17.88 v accumulator._1769_/A1 (sky130_fd_sc_hd__o311a_1)
     2    0.01    0.07    0.40   18.29 v accumulator._1769_/X (sky130_fd_sc_hd__o311a_1)
                                         accumulator._0867_ (net)
                  0.07    0.00   18.29 v accumulator._1777_/A2 (sky130_fd_sc_hd__o41a_1)
     3    0.01    0.08    0.46   18.74 v accumulator._1777_/X (sky130_fd_sc_hd__o41a_1)
                                         accumulator._0875_ (net)
                  0.08    0.00   18.74 v accumulator._1778_/C (sky130_fd_sc_hd__or3_1)
     3    0.01    0.09    0.37   19.12 v accumulator._1778_/X (sky130_fd_sc_hd__or3_1)
                                         accumulator._0876_ (net)
                  0.09    0.00   19.12 v accumulator._1786_/A1 (sky130_fd_sc_hd__a311o_1)
     3    0.01    0.08    0.32   19.44 v accumulator._1786_/X (sky130_fd_sc_hd__a311o_1)
                                         accumulator._0884_ (net)
                  0.08    0.00   19.44 v accumulator._1792_/A2 (sky130_fd_sc_hd__a311o_1)
     1    0.00    0.05    0.32   19.76 v accumulator._1792_/X (sky130_fd_sc_hd__a311o_1)
                                         accumulator._0890_ (net)
                  0.05    0.00   19.76 v accumulator._1793_/C (sky130_fd_sc_hd__and3_2)
     5    0.02    0.07    0.26   20.03 v accumulator._1793_/X (sky130_fd_sc_hd__and3_2)
                                         accumulator._0891_ (net)
                  0.07    0.00   20.03 v accumulator._1803_/A (sky130_fd_sc_hd__or2_1)
     1    0.00    0.05    0.24   20.26 v accumulator._1803_/X (sky130_fd_sc_hd__or2_1)
                                         accumulator._0901_ (net)
                  0.05    0.00   20.26 v accumulator._1804_/A (sky130_fd_sc_hd__clkbuf_2)
     8    0.02    0.09    0.16   20.43 v accumulator._1804_/X (sky130_fd_sc_hd__clkbuf_2)
                                         accumulator._0902_ (net)
                  0.09    0.00   20.43 v accumulator._1971_/S (sky130_fd_sc_hd__mux2_1)
     4    0.01    0.09    0.39   20.82 v accumulator._1971_/X (sky130_fd_sc_hd__mux2_1)
                                         accumulator._1069_ (net)
                  0.09    0.00   20.82 v accumulator._2006_/A1 (sky130_fd_sc_hd__a21bo_1)
     1    0.00    0.03    0.19   21.01 v accumulator._2006_/X (sky130_fd_sc_hd__a21bo_1)
                                         accumulator._1104_ (net)
                  0.03    0.00   21.01 v accumulator._2007_/A2 (sky130_fd_sc_hd__a21bo_1)
     1    0.00    0.03    0.19   21.19 v accumulator._2007_/X (sky130_fd_sc_hd__a21bo_1)
                                         accumulator._1105_ (net)
                  0.03    0.00   21.19 v accumulator._2008_/A2 (sky130_fd_sc_hd__a21bo_1)
     1    0.00    0.04    0.19   21.39 v accumulator._2008_/X (sky130_fd_sc_hd__a21bo_1)
                                         accumulator._1106_ (net)
                  0.04    0.00   21.39 v accumulator._2009_/A2 (sky130_fd_sc_hd__a21o_1)
     1    0.00    0.03    0.18   21.56 v accumulator._2009_/X (sky130_fd_sc_hd__a21o_1)
                                         accumulator._1107_ (net)
                  0.03    0.00   21.56 v accumulator._2010_/A2 (sky130_fd_sc_hd__a21bo_1)
     1    0.00    0.04    0.19   21.75 v accumulator._2010_/X (sky130_fd_sc_hd__a21bo_1)
                                         accumulator._1108_ (net)
                  0.04    0.00   21.75 v accumulator._2011_/A2 (sky130_fd_sc_hd__a21oi_1)
     1    0.00    0.11    0.14   21.89 ^ accumulator._2011_/Y (sky130_fd_sc_hd__a21oi_1)
                                         accumulator._1109_ (net)
                  0.11    0.00   21.89 ^ accumulator._2012_/A2 (sky130_fd_sc_hd__o21ba_1)
     1    0.00    0.05    0.14   22.03 ^ accumulator._2012_/X (sky130_fd_sc_hd__o21ba_1)
                                         accumulator._1110_ (net)
                  0.05    0.00   22.03 ^ accumulator._2014_/A2 (sky130_fd_sc_hd__o21ai_1)
     1    0.00    0.06    0.06   22.08 v accumulator._2014_/Y (sky130_fd_sc_hd__o21ai_1)
                                         accumulator._1112_ (net)
                  0.06    0.00   22.08 v accumulator._2015_/A2 (sky130_fd_sc_hd__a21bo_1)
     1    0.00    0.04    0.20   22.28 v accumulator._2015_/X (sky130_fd_sc_hd__a21bo_1)
                                         accumulator._1113_ (net)
                  0.04    0.00   22.28 v accumulator._2016_/A2 (sky130_fd_sc_hd__a21oi_1)
     1    0.00    0.12    0.15   22.43 ^ accumulator._2016_/Y (sky130_fd_sc_hd__a21oi_1)
                                         accumulator._1114_ (net)
                  0.12    0.00   22.43 ^ accumulator._2017_/A2 (sky130_fd_sc_hd__o21ai_1)
     1    0.00    0.06    0.07   22.50 v accumulator._2017_/Y (sky130_fd_sc_hd__o21ai_1)
                                         accumulator._1115_ (net)
                  0.06    0.00   22.50 v accumulator._2020_/A1 (sky130_fd_sc_hd__a21o_1)
     2    0.00    0.04    0.17   22.68 v accumulator._2020_/X (sky130_fd_sc_hd__a21o_1)
                                         accumulator._1118_ (net)
                  0.04    0.00   22.68 v accumulator._2021_/A (sky130_fd_sc_hd__clkbuf_4)
    10    0.04    0.10    0.20   22.88 v accumulator._2021_/X (sky130_fd_sc_hd__clkbuf_4)
                                         accumulator._1119_ (net)
                  0.10    0.00   22.88 v accumulator._2022_/A (sky130_fd_sc_hd__clkbuf_4)
    10    0.04    0.09    0.22   23.11 v accumulator._2022_/X (sky130_fd_sc_hd__clkbuf_4)
                                         accumulator._1120_ (net)
                  0.09    0.00   23.11 v accumulator._2155_/S (sky130_fd_sc_hd__mux2_1)
     2    0.00    0.06    0.35   23.46 v accumulator._2155_/X (sky130_fd_sc_hd__mux2_1)
                                         accumulator._0139_ (net)
                  0.06    0.00   23.46 v accumulator._2157_/A0 (sky130_fd_sc_hd__mux2_1)
     2    0.01    0.07    0.32   23.78 v accumulator._2157_/X (sky130_fd_sc_hd__mux2_1)
                                         accumulator._0141_ (net)
                  0.07    0.00   23.78 v accumulator._2158_/A1 (sky130_fd_sc_hd__mux2_1)
     2    0.01    0.07    0.34   24.12 v accumulator._2158_/X (sky130_fd_sc_hd__mux2_1)
                                         accumulator._0143_ (net)
                  0.07    0.00   24.12 v accumulator._2159_/A1 (sky130_fd_sc_hd__mux2_1)
     1    0.00    0.06    0.31   24.43 v accumulator._2159_/X (sky130_fd_sc_hd__mux2_1)
                                         accumulator._0144_ (net)
                  0.06    0.00   24.43 v accumulator._2160_/B1 (sky130_fd_sc_hd__o211ai_1)
     1    0.00    0.14    0.09   24.52 ^ accumulator._2160_/Y (sky130_fd_sc_hd__o211ai_1)
                                         accumulator._0145_ (net)
                  0.14    0.00   24.52 ^ accumulator._2161_/C1 (sky130_fd_sc_hd__o211a_1)
     1    0.00    0.04    0.16   24.68 ^ accumulator._2161_/X (sky130_fd_sc_hd__o211a_1)
                                         accumulator._0016_ (net)
                  0.04    0.00   24.68 ^ accumulator._2309_/D (sky130_fd_sc_hd__dfxtp_1)
                                 24.68   data arrival time

                  0.15   25.00   25.00   clock clock (rise edge)
                          0.00   25.00   clock network delay (ideal)
                         -0.25   24.75   clock uncertainty
                          0.00   24.75   clock reconvergence pessimism
                                 24.75 ^ accumulator._2309_/CLK (sky130_fd_sc_hd__dfxtp_1)
                         -0.04   24.71   library setup time
                                 24.71   data required time
-----------------------------------------------------------------------------
                                 24.71   data required time
                                -24.68   data arrival time
-----------------------------------------------------------------------------
                                  0.03   slack (MET)




===========================================================================
report_checks --slack_max -0.01
============================================================================
======================= Typical Corner ===================================

No paths found.


===========================================================================
 report_check_types -max_slew -max_cap -max_fanout -violators
============================================================================
======================= Typical Corner ===================================


max slew violations count Typical: 0
max fanout violations count Typical: 0
max cap violations count Typical: 0

===========================================================================
report_parasitic_annotation -report_unannotated
============================================================================
Found 4 unannotated drivers.
 clock
 io_inScaleB[0]
 io_inScaleB[1]
 io_inScaleB[2]
Found 0 partially unannotated drivers.

===========================================================================
max slew violation count 0
max fanout violation count 0
max cap violation count 0
============================================================================

===========================================================================
check_setup -verbose -unconstrained_endpoints -multiple_clock -no_clock -no_input_delay -loops -generated_clocks
===========================================================================
