
6. Printing statistics.

=== BFP_PE ===

        +----------Local Count, excluding submodules.
        |        +-Local Area, excluding submodules.
        |        | 
       53        - wires
      297        - wire bits
       32        - public wires
      276        - public wire bits
       10        - ports
      117        - port bits
       41   60.606 cells
       19   14.364   AO22D0BWP30P140
       20    45.36   DFCNQD1BWP30P140
        1    0.504   INR2D0BWP30P140
        1    0.378   NR2D0BWP30P140
        8        - submodules
        4        -   CustomOperator_E5M2_to_E4M3
        1        -   FPNAdder
        1        -   FixedFPTree_exp7_mant7_out7_vec4_range42
        1        -   ScaleAddition_E5M2_to_E4M3_scale_UE4M4
        1        -   ScaleToFP10b_E5M2_x_E4M3_UE4M4

   Chip area for module '\BFP_PE': 60.606000
     of which used for sequential elements: 45.360000 (74.84%)

=== FPNAdder ===

        +----------Local Count, excluding submodules.
        |        +-Local Area, excluding submodules.
        |        | 
      508        - wires
      595        - wire bits
        6        - public wires
       93        - public wire bits
        3        - ports
       57        - port bits
      521  319.662 cells
        6    3.024   AN2D0BWP30P140
        6     3.78   AN3D0BWP30P140
        1    0.756   AN4D0BWP30P140
        1    0.756   AO211D0BWP30P140
        9     5.67   AO21D0BWP30P140
       16    10.08   AOI211D0BWP30P140
       25     12.6   AOI21D0BWP30P140
        5     3.78   AOI221D0BWP30P140
        2    2.016   AOI222D0BWP30P140
        5     3.15   AOI22D0BWP30P140
        4     2.52   AOI31D0BWP30P140
        5     3.78   AOI32D0BWP30P140
       12   10.584   CKMUX2D0BWP30P140
       24    6.048   CKND0BWP30P140
       27   10.206   CKND2D0BWP30P140
        7     4.41   IAO21D0BWP30P140
       29   14.616   IND2D0BWP30P140
        2     1.26   IND3D0BWP30P140
        1    0.756   IND4D0BWP30P140
       15     7.56   INR2D0BWP30P140
        4     2.52   INR3D0BWP30P140
        2    1.512   INR4D0BWP30P140
        2     1.26   IOA21D0BWP30P140
        7    5.292   MAOI222D0BWP30P140
        1    0.756   MAOI22D0BWP30P140
        3    2.268   MOAI22D0BWP30P140
       47   35.532   MUX2ND0BWP30P140
        3    4.914   MUX3ND0BWP30P140
        1    2.394   MUX4D0BWP30P140
        3    6.804   MUX4ND0BWP30P140
       14    7.056   ND3D0BWP30P140
        4     2.52   ND4D0BWP30P140
       48   18.144   NR2D0BWP30P140
       26   13.104   NR3D0BWP30P140
       29    18.27   NR4D0BWP30P140
        3    2.268   OA211D0BWP30P140
        3     1.89   OA21D0BWP30P140
        1    0.882   OA22D0BWP30P140
        6     3.78   OAI211D0BWP30P140
       22   11.088   OAI21D0BWP30P140
        2    1.764   OAI221D0BWP30P140
        1    1.008   OAI222D0BWP30P140
        7     4.41   OAI22D0BWP30P140
        9     5.67   OAI31D0BWP30P140
        3    2.268   OAI32D0BWP30P140
       14    7.056   OR2D0BWP30P140
        1     0.63   OR3D0BWP30P140
        3    2.268   OR4D0BWP30P140
       32   28.224   XNR2UD0BWP30P140
        1    1.764   XNR3UD0BWP30P140
       17   14.994   XOR2UD0BWP30P140

   Chip area for module '\FPNAdder': 319.662000
     of which used for sequential elements: 0.000000 (0.00%)

=== ScaleToFP10b_E5M2_x_E4M3_UE4M4 ===

        +----------Local Count, excluding submodules.
        |        +-Local Area, excluding submodules.
        |        | 
      169        - wires
      210        - wire bits
        4        - public wires
       45        - public wire bits
        4        - ports
       45        - port bits
      184   112.77 cells
        7    3.528   AN2D0BWP30P140
        2     1.26   AN3D0BWP30P140
        3     1.89   AO21D0BWP30P140
        5     3.15   AOI211D0BWP30P140
       16    8.064   AOI21D0BWP30P140
        2    1.512   AOI221D0BWP30P140
        6    5.292   CKMUX2D0BWP30P140
        9    2.268   CKND0BWP30P140
       12    4.536   CKND2D0BWP30P140
        3     1.89   IAO21D0BWP30P140
        2    1.008   IND2D0BWP30P140
        1     0.63   IND3D0BWP30P140
        1    0.756   IND4D0BWP30P140
        5     2.52   INR2D0BWP30P140
        1     0.63   INR3D0BWP30P140
        4    3.024   INR4D0BWP30P140
        6     3.78   IOA21D0BWP30P140
        3    2.268   MAOI222D0BWP30P140
        1    0.756   MOAI22D0BWP30P140
       12    9.072   MUX2ND0BWP30P140
        2    3.276   MUX3ND0BWP30P140
        3    6.804   MUX4ND0BWP30P140
        1    0.504   ND3D0BWP30P140
        1     0.63   ND4D0BWP30P140
       17    6.426   NR2D0BWP30P140
       12    6.048   NR3D0BWP30P140
        7     4.41   NR4D0BWP30P140
        4     2.52   OA21D0BWP30P140
        2     1.26   OAI211D0BWP30P140
        8    4.032   OAI21D0BWP30P140
        1     0.63   OAI22D0BWP30P140
        4     2.52   OAI31D0BWP30P140
        1    0.756   OAI32D0BWP30P140
        6    3.024   OR2D0BWP30P140
        1     0.63   OR3D0BWP30P140
       11    9.702   XNR2UD0BWP30P140
        2    1.764   XOR2UD0BWP30P140

   Chip area for module '\ScaleToFP10b_E5M2_x_E4M3_UE4M4': 112.770000
     of which used for sequential elements: 0.000000 (0.00%)

=== ScaleAddition_E5M2_to_E4M3_scale_UE4M4 ===

        +----------Local Count, excluding submodules.
        |        +-Local Area, excluding submodules.
        |        | 
      414        - wires
      463        - wire bits
        8        - public wires
       57        - public wire bits
        8        - ports
       57        - port bits
      431  324.324 cells
       22   11.088   AN2D0BWP30P140
        8     5.04   AN3D0BWP30P140
        2    1.512   AN4D0BWP30P140
        1    0.756   AO211D0BWP30P140
        5     3.15   AO21D0BWP30P140
        3    2.268   AO22D0BWP30P140
        1     0.63   AOI211D0BWP30P140
       14    7.056   AOI21D0BWP30P140
        6     3.78   AOI22D0BWP30P140
        6     3.78   AOI31D0BWP30P140
        3    2.268   AOI32D0BWP30P140
       26    6.552   CKND0BWP30P140
       76   28.728   CKND2D0BWP30P140
        6     3.78   IAO21D0BWP30P140
        8    4.032   IND2D0BWP30P140
        2    1.512   IND4D0BWP30P140
        9    4.536   INR2D0BWP30P140
        1     0.63   INR3D0BWP30P140
        1     0.63   IOA21D0BWP30P140
       46   34.776   MAOI222D0BWP30P140
        2    1.512   MOAI22D0BWP30P140
        9    4.536   ND3D0BWP30P140
        4     2.52   ND4D0BWP30P140
       18    6.804   NR2D0BWP30P140
        3    1.512   NR3D0BWP30P140
        4     2.52   OA21D0BWP30P140
        2    1.764   OA22D0BWP30P140
        5     2.52   OAI21D0BWP30P140
        2     1.26   OAI22D0BWP30P140
        1    0.756   OAI32D0BWP30P140
        6    3.024   OR2D0BWP30P140
        2    1.512   OR4D0BWP30P140
       40    35.28   XNR2UD0BWP30P140
       29   51.156   XNR3UD0BWP30P140
       12   31.752   XNR4D0BWP30P140
       36   31.752   XOR2UD0BWP30P140
       10    17.64   XOR3UD0BWP30P140

   Chip area for module '\ScaleAddition_E5M2_to_E4M3_scale_UE4M4': 324.324000
     of which used for sequential elements: 0.000000 (0.00%)

=== FixedFPTree_exp7_mant7_out7_vec4_range42 ===

        +----------Local Count, excluding submodules.
        |        +-Local Area, excluding submodules.
        |        | 
     2295        - wires
     2651        - wire bits
       24        - public wires
      380        - public wire bits
       15        - ports
       75        - port bits
     2286   1581.3 cells
       52   26.208   AN2D0BWP30P140
        7     4.41   AN3D0BWP30P140
        2    1.512   AN4D0BWP30P140
        6    4.536   AO211D0BWP30P140
       17    10.71   AO21D0BWP30P140
        4    3.024   AO22D0BWP30P140
       23    14.49   AOI211D0BWP30P140
      108   54.432   AOI21D0BWP30P140
        6    4.536   AOI221D0BWP30P140
       10      6.3   AOI22D0BWP30P140
       13     8.19   AOI31D0BWP30P140
        4    3.024   AOI32D0BWP30P140
        2    1.764   AOI33D0BWP30P140
       30    26.46   CKMUX2D0BWP30P140
      156   39.312   CKND0BWP30P140
      210    79.38   CKND2D0BWP30P140
       34    21.42   IAO21D0BWP30P140
       55    27.72   IND2D0BWP30P140
       10      6.3   IND3D0BWP30P140
       10     7.56   IND4D0BWP30P140
       29   14.616   INR2D0BWP30P140
        5     3.15   INR3D0BWP30P140
        3    2.268   INR4D0BWP30P140
       32    20.16   IOA21D0BWP30P140
      113   85.428   MAOI222D0BWP30P140
        6    4.536   MAOI22D0BWP30P140
        3    2.268   MOAI22D0BWP30P140
      100     75.6   MUX2ND0BWP30P140
        3    5.292   MUX3D0BWP30P140
        3    4.914   MUX3ND0BWP30P140
       14   33.516   MUX4D0BWP30P140
       55   124.74   MUX4ND0BWP30P140
       36   18.144   ND3D0BWP30P140
       11     6.93   ND4D0BWP30P140
      260    98.28   NR2D0BWP30P140
       36   18.144   NR3D0BWP30P140
       31    19.53   NR4D0BWP30P140
        6    4.536   OA211D0BWP30P140
       12     7.56   OA21D0BWP30P140
        2    1.764   OA22D0BWP30P140
       22    13.86   OAI211D0BWP30P140
       85    42.84   OAI21D0BWP30P140
        2    2.016   OAI222D0BWP30P140
       25    15.75   OAI22D0BWP30P140
       33    20.79   OAI31D0BWP30P140
        3    2.268   OAI32D0BWP30P140
       50     25.2   OR2D0BWP30P140
       12     7.56   OR3D0BWP30P140
        9    6.804   OR4D0BWP30P140
      239  210.798   XNR2UD0BWP30P140
       59  104.076   XNR3UD0BWP30P140
      199  175.518   XOR2UD0BWP30P140
       29   51.156   XOR3UD0BWP30P140

   Chip area for module '\FixedFPTree_exp7_mant7_out7_vec4_range42': 1581.300000
     of which used for sequential elements: 0.000000 (0.00%)

=== CustomOperator_E5M2_to_E4M3 ===

        +----------Local Count, excluding submodules.
        |        +-Local Area, excluding submodules.
        |        | 
       61        - wires
       87        - wire bits
        5        - public wires
       31        - public wire bits
        5        - ports
       31        - port bits
       70   46.872 cells
        1    0.504   AN2D0BWP30P140
        2     1.26   AOI211D0BWP30P140
        2    1.008   AOI21D0BWP30P140
        1     0.63   AOI22D0BWP30P140
        1     0.63   AOI31D0BWP30P140
        1    0.756   AOI32D0BWP30P140
        3    0.756   CKND0BWP30P140
        8    3.024   CKND2D0BWP30P140
        7    3.528   IND2D0BWP30P140
        3    1.512   INR2D0BWP30P140
        1     0.63   IOA21D0BWP30P140
        5     3.78   MAOI222D0BWP30P140
        2    1.008   ND3D0BWP30P140
        2     1.26   ND4D0BWP30P140
        3    1.134   NR2D0BWP30P140
        1    0.504   NR3D0BWP30P140
        2     1.26   NR4D0BWP30P140
        1    0.882   OA22D0BWP30P140
        1    0.504   OAI21D0BWP30P140
        1    0.504   OR2D0BWP30P140
        1     0.63   OR3D0BWP30P140
       11    9.702   XNR2UD0BWP30P140
        3    5.292   XNR3UD0BWP30P140
        7    6.174   XOR2UD0BWP30P140

   Chip area for module '\CustomOperator_E5M2_to_E4M3': 46.872000
     of which used for sequential elements: 0.000000 (0.00%)

=== design hierarchy ===

        +----------Count including submodules.
        |        +-Area including submodules.
        |        | 
     3743  2586.15 BFP_PE
       70   46.872 CustomOperator_E5M2_to_E4M3
      521  319.662 FPNAdder
     2286   1581.3 FixedFPTree_exp7_mant7_out7_vec4_range42
      431  324.324 ScaleAddition_E5M2_to_E4M3_scale_UE4M4
      184   112.77 ScaleToFP10b_E5M2_x_E4M3_UE4M4

        +----------Count including submodules.
        |        +-Area including submodules.
        |        | 
     3683        - wires
     4564        - wire bits
       94        - public wires
      975        - public wire bits
       60        - ports
      475        - port bits
        -        - memories
        -        - memory bits
        -        - processes
     3743  2586.15 cells
       91   45.864   AN2D0BWP30P140
       23    14.49   AN3D0BWP30P140
        5     3.78   AN4D0BWP30P140
        8    6.048   AO211D0BWP30P140
       34    21.42   AO21D0BWP30P140
       26   19.656   AO22D0BWP30P140
       53    33.39   AOI211D0BWP30P140
      171   86.184   AOI21D0BWP30P140
       13    9.828   AOI221D0BWP30P140
        2    2.016   AOI222D0BWP30P140
       25    15.75   AOI22D0BWP30P140
       27    17.01   AOI31D0BWP30P140
       16   12.096   AOI32D0BWP30P140
        2    1.764   AOI33D0BWP30P140
       48   42.336   CKMUX2D0BWP30P140
      227   57.204   CKND0BWP30P140
      357  134.946   CKND2D0BWP30P140
       20    45.36   DFCNQD1BWP30P140
       50     31.5   IAO21D0BWP30P140
      122   61.488   IND2D0BWP30P140
       13     8.19   IND3D0BWP30P140
       14   10.584   IND4D0BWP30P140
       71   35.784   INR2D0BWP30P140
       11     6.93   INR3D0BWP30P140
        9    6.804   INR4D0BWP30P140
       45    28.35   IOA21D0BWP30P140
      189  142.884   MAOI222D0BWP30P140
        7    5.292   MAOI22D0BWP30P140
        9    6.804   MOAI22D0BWP30P140
      159  120.204   MUX2ND0BWP30P140
        3    5.292   MUX3D0BWP30P140
        8   13.104   MUX3ND0BWP30P140
       15    35.91   MUX4D0BWP30P140
       61  138.348   MUX4ND0BWP30P140
       68   34.272   ND3D0BWP30P140
       28    17.64   ND4D0BWP30P140
      356  134.568   NR2D0BWP30P140
       81   40.824   NR3D0BWP30P140
       75    47.25   NR4D0BWP30P140
        9    6.804   OA211D0BWP30P140
       23    14.49   OA21D0BWP30P140
        9    7.938   OA22D0BWP30P140
       30     18.9   OAI211D0BWP30P140
      124   62.496   OAI21D0BWP30P140
        2    1.764   OAI221D0BWP30P140
        3    3.024   OAI222D0BWP30P140
       35    22.05   OAI22D0BWP30P140
       46    28.98   OAI31D0BWP30P140
        8    6.048   OAI32D0BWP30P140
       80    40.32   OR2D0BWP30P140
       18    11.34   OR3D0BWP30P140
       14   10.584   OR4D0BWP30P140
      366  322.812   XNR2UD0BWP30P140
      101  178.164   XNR3UD0BWP30P140
       12   31.752   XNR4D0BWP30P140
      282  248.724   XOR2UD0BWP30P140
       39   68.796   XOR3UD0BWP30P140
        8 2.53E+03 submodules
        4  187.488   CustomOperator_E5M2_to_E4M3
        1  319.662   FPNAdder
        1   1581.3   FixedFPTree_exp7_mant7_out7_vec4_range42
        1  324.324   ScaleAddition_E5M2_to_E4M3_scale_UE4M4
        1   112.77   ScaleToFP10b_E5M2_x_E4M3_UE4M4

   Chip area for top module '\BFP_PE': 2586.150000
     of which used for sequential elements: 45.360000 (1.75%)

