
6. Printing statistics.

=== BFP_PE ===

        +----------Local Count, excluding submodules.
        |        +-Local Area, excluding submodules.
        |        | 
      189        - wires
     1531        - wire bits
      155        - public wires
     1497        - public wire bits
       10        - ports
      277        - port bits
       67   99.918 cells
       32   24.192   AO22D0BWP30P140
       33   74.844   DFCNQD1BWP30P140
        1    0.504   INR2D0BWP30P140
        1    0.378   NR2D0BWP30P140
       49        - submodules
       15        -   CustomFPAdder_exp8_mant20
       16        -   CustomOperator_E5M2_to_E3M2
        1        -   FP32Adder
       16        -   ScaleAddition_E5M2_to_E3M2_scale_UE2M6
        1        -   ScaleToFP32_E5M2_x_E3M2_UE2M6

   Chip area for module '\BFP_PE': 99.918000
     of which used for sequential elements: 74.844000 (74.91%)

=== FP32Adder ===

        +----------Local Count, excluding submodules.
        |        +-Local Area, excluding submodules.
        |        | 
      872        - wires
     1037        - wire bits
        6        - public wires
      171        - public wire bits
        3        - ports
       96        - port bits
      898  554.904 cells
       18    9.072   AN2D0BWP30P140
        5     3.15   AN3D0BWP30P140
        4    3.024   AN4D0BWP30P140
        2    1.512   AO211D0BWP30P140
       13     8.19   AO21D0BWP30P140
        4    3.024   AO22D0BWP30P140
       10      6.3   AOI211D0BWP30P140
       52   26.208   AOI21D0BWP30P140
       10     7.56   AOI221D0BWP30P140
        2    2.016   AOI222D0BWP30P140
       32    20.16   AOI22D0BWP30P140
        2     1.26   AOI31D0BWP30P140
       19   16.758   CKMUX2D0BWP30P140
       65    16.38   CKND0BWP30P140
       72   27.216   CKND2D0BWP30P140
        6     3.78   IAO21D0BWP30P140
       20    10.08   IND2D0BWP30P140
        1     0.63   IND3D0BWP30P140
        2    1.512   IND4D0BWP30P140
       21   10.584   INR2D0BWP30P140
        8     5.04   INR3D0BWP30P140
        3    2.268   INR4D0BWP30P140
        7     4.41   IOA21D0BWP30P140
       30    22.68   MAOI222D0BWP30P140
       15    11.34   MAOI22D0BWP30P140
        4    3.024   MOAI22D0BWP30P140
      114   86.184   MUX2ND0BWP30P140
        1    1.764   MUX3D0BWP30P140
        1    1.638   MUX3ND0BWP30P140
        2    4.788   MUX4D0BWP30P140
       16   36.288   MUX4ND0BWP30P140
       14    7.056   ND3D0BWP30P140
        5     3.15   ND4D0BWP30P140
       99   37.422   NR2D0BWP30P140
       35    17.64   NR3D0BWP30P140
        8     5.04   NR4D0BWP30P140
        2    1.512   OA211D0BWP30P140
        6     3.78   OA21D0BWP30P140
        1    0.882   OA22D0BWP30P140
       13     8.19   OAI211D0BWP30P140
       41   20.664   OAI21D0BWP30P140
        1    0.882   OAI221D0BWP30P140
        1    1.008   OAI222D0BWP30P140
       10      6.3   OAI22D0BWP30P140
        6     3.78   OAI31D0BWP30P140
        3    2.268   OAI32D0BWP30P140
        1    0.882   OAI33D0BWP30P140
        6    3.024   OR2D0BWP30P140
        8     5.04   OR3D0BWP30P140
        2    1.512   OR4D0BWP30P140
       51   44.982   XNR2UD0BWP30P140
        1    1.764   XNR3UD0BWP30P140
       23   20.286   XOR2UD0BWP30P140

   Chip area for module '\FP32Adder': 554.904000
     of which used for sequential elements: 0.000000 (0.00%)

=== ScaleToFP32_E5M2_x_E3M2_UE2M6 ===

        +----------Local Count, excluding submodules.
        |        +-Local Area, excluding submodules.
        |        | 
      146        - wires
      203        - wire bits
        4        - public wires
       61        - public wire bits
        4        - ports
       61        - port bits
      170  105.966 cells
        4    2.016   AN2D0BWP30P140
        1     0.63   AN3D0BWP30P140
        5     3.15   AO21D0BWP30P140
       14     8.82   AOI211D0BWP30P140
       16    8.064   AOI21D0BWP30P140
        4    3.024   AOI221D0BWP30P140
        1     0.63   AOI31D0BWP30P140
        1    0.756   AOI32D0BWP30P140
       16   14.112   CKMUX2D0BWP30P140
        4    1.008   CKND0BWP30P140
        8    3.024   CKND2D0BWP30P140
       10      6.3   IAO21D0BWP30P140
        7    3.528   IND2D0BWP30P140
        4    2.016   INR2D0BWP30P140
        2     1.26   IOA21D0BWP30P140
        1    0.756   MAOI22D0BWP30P140
       24   18.144   MUX2ND0BWP30P140
        1    1.638   MUX3ND0BWP30P140
        5     2.52   ND3D0BWP30P140
        8    3.024   NR2D0BWP30P140
        7    3.528   NR3D0BWP30P140
        4     2.52   NR4D0BWP30P140
        1     0.63   OA21D0BWP30P140
        3    1.512   OAI21D0BWP30P140
        1    0.882   OAI221D0BWP30P140
        2     1.26   OAI22D0BWP30P140
        1     0.63   OAI31D0BWP30P140
        6    3.024   OR2D0BWP30P140
        1     0.63   OR3D0BWP30P140
        1    0.756   OR4D0BWP30P140
        5     4.41   XNR2UD0BWP30P140
        2    1.764   XOR2UD0BWP30P140

   Chip area for module '\ScaleToFP32_E5M2_x_E3M2_UE2M6': 105.966000
     of which used for sequential elements: 0.000000 (0.00%)

=== CustomFPAdder_exp8_mant20 ===

        +----------Local Count, excluding submodules.
        |        +-Local Area, excluding submodules.
        |        | 
      584        - wires
      684        - wire bits
       10        - public wires
      110        - public wire bits
        9        - ports
       87        - port bits
      603  367.416 cells
       10     5.04   AN2D0BWP30P140
        2     1.26   AN3D0BWP30P140
        3    2.268   AN4D0BWP30P140
        6     3.78   AO21D0BWP30P140
        1    0.756   AO22D0BWP30P140
        4     2.52   AOI211D0BWP30P140
       32   16.128   AOI21D0BWP30P140
       10     7.56   AOI221D0BWP30P140
        8     5.04   AOI22D0BWP30P140
        8     5.04   AOI31D0BWP30P140
        2    1.512   AOI32D0BWP30P140
        1    0.882   AOI33D0BWP30P140
       25    22.05   CKMUX2D0BWP30P140
       39    9.828   CKND0BWP30P140
       47   17.766   CKND2D0BWP30P140
        2     1.26   IAO21D0BWP30P140
       24   12.096   IND2D0BWP30P140
        1     0.63   IND3D0BWP30P140
        4    3.024   IND4D0BWP30P140
       28   14.112   INR2D0BWP30P140
        4     2.52   INR3D0BWP30P140
        2    1.512   INR4D0BWP30P140
        6     3.78   IOA21D0BWP30P140
       18   13.608   MAOI222D0BWP30P140
        2    1.512   MAOI22D0BWP30P140
        4    3.024   MOAI22D0BWP30P140
       84   63.504   MUX2ND0BWP30P140
        1    2.268   MUX4ND0BWP30P140
       11    5.544   ND3D0BWP30P140
        5     3.15   ND4D0BWP30P140
       48   18.144   NR2D0BWP30P140
       12    6.048   NR3D0BWP30P140
        4     2.52   NR4D0BWP30P140
        7    5.292   OA211D0BWP30P140
        3     1.89   OA21D0BWP30P140
        2    1.764   OA22D0BWP30P140
       10      6.3   OAI211D0BWP30P140
       26   13.104   OAI21D0BWP30P140
        2    1.764   OAI221D0BWP30P140
        1    1.008   OAI222D0BWP30P140
        5     3.15   OAI22D0BWP30P140
        4     2.52   OAI31D0BWP30P140
        4    3.024   OAI32D0BWP30P140
        8    4.032   OR2D0BWP30P140
        4    3.024   OR4D0BWP30P140
       48   42.336   XNR2UD0BWP30P140
       21   18.522   XOR2UD0BWP30P140

   Chip area for module '\CustomFPAdder_exp8_mant20': 367.416000
     of which used for sequential elements: 0.000000 (0.00%)

=== ScaleAddition_E5M2_to_E3M2_scale_UE2M6 ===

        +----------Local Count, excluding submodules.
        |        +-Local Area, excluding submodules.
        |        | 
      541        - wires
      592        - wire bits
        8        - public wires
       59        - public wire bits
        8        - ports
       59        - port bits
      561  407.862 cells
       31   15.624   AN2D0BWP30P140
        6     3.78   AN3D0BWP30P140
        4    3.024   AN4D0BWP30P140
       10      6.3   AO21D0BWP30P140
        6    4.536   AO22D0BWP30P140
       15     7.56   AOI21D0BWP30P140
        8     5.04   AOI22D0BWP30P140
       10      6.3   AOI31D0BWP30P140
        1    0.756   AOI32D0BWP30P140
       11    2.772   CKND0BWP30P140
      121   45.738   CKND2D0BWP30P140
        3     1.89   IAO21D0BWP30P140
        8    4.032   IND2D0BWP30P140
        1     0.63   IND3D0BWP30P140
        3    2.268   IND4D0BWP30P140
       18    9.072   INR2D0BWP30P140
        3     1.89   INR3D0BWP30P140
        1     0.63   IOA21D0BWP30P140
       54   40.824   MAOI222D0BWP30P140
        1    0.756   MAOI22D0BWP30P140
        4    3.024   MOAI22D0BWP30P140
       15     7.56   ND3D0BWP30P140
        5     3.15   ND4D0BWP30P140
       27   10.206   NR2D0BWP30P140
        2     1.26   NR4D0BWP30P140
        1     0.63   OA21D0BWP30P140
        2     1.26   OAI211D0BWP30P140
        9    4.536   OAI21D0BWP30P140
        4     2.52   OAI22D0BWP30P140
        1    0.756   OAI32D0BWP30P140
        8    4.032   OR2D0BWP30P140
       71   62.622   XNR2UD0BWP30P140
       28   49.392   XNR3UD0BWP30P140
       11   29.106   XNR4D0BWP30P140
       45    39.69   XOR2UD0BWP30P140
       11   19.404   XOR3UD0BWP30P140
        2    5.292   XOR4D0BWP30P140

   Chip area for module '\ScaleAddition_E5M2_to_E3M2_scale_UE2M6': 407.862000
     of which used for sequential elements: 0.000000 (0.00%)

=== CustomOperator_E5M2_to_E3M2 ===

        +----------Local Count, excluding submodules.
        |        +-Local Area, excluding submodules.
        |        | 
       48        - wires
       71        - wire bits
        5        - public wires
       28        - public wire bits
        5        - ports
       28        - port bits
       56   38.178 cells
        1    0.504   AN2D0BWP30P140
        2    1.512   AN4D0BWP30P140
        1     0.63   AOI211D0BWP30P140
        3    1.512   AOI21D0BWP30P140
        1     0.63   AOI22D0BWP30P140
        1     0.63   AOI31D0BWP30P140
        2    0.504   CKND0BWP30P140
        5     1.89   CKND2D0BWP30P140
        1     0.63   IAO21D0BWP30P140
        2    1.008   IND2D0BWP30P140
        2    1.008   INR2D0BWP30P140
        4    3.024   MAOI222D0BWP30P140
        1    0.756   MAOI22D0BWP30P140
        1    0.756   MUX2ND0BWP30P140
        2    1.008   ND3D0BWP30P140
        1    0.378   NR2D0BWP30P140
        1    0.504   NR3D0BWP30P140
        1     0.63   OA21D0BWP30P140
        1     0.63   OAI211D0BWP30P140
        2    1.008   OAI21D0BWP30P140
        1     0.63   OAI22D0BWP30P140
        1     0.63   OAI31D0BWP30P140
        3    1.512   OR2D0BWP30P140
        2     1.26   OR3D0BWP30P140
        6    5.292   XNR2UD0BWP30P140
        1    1.764   XNR3UD0BWP30P140
        5     4.41   XOR2UD0BWP30P140
        2    3.528   XOR3UD0BWP30P140

   Chip area for module '\CustomOperator_E5M2_to_E3M2': 38.178000
     of which used for sequential elements: 0.000000 (0.00%)

=== design hierarchy ===

        +----------Count including submodules.
        |        +-Area including submodules.
        |        | 
    20052 1.34E+04 BFP_PE
      603  367.416 CustomFPAdder_exp8_mant20
       56   38.178 CustomOperator_E5M2_to_E3M2
      898  554.904 FP32Adder
      561  407.862 ScaleAddition_E5M2_to_E3M2_scale_UE2M6
      170  105.966 ScaleToFP32_E5M2_x_E3M2_UE2M6

        +----------Count including submodules.
        |        +-Area including submodules.
        |        | 
    19391        - wires
    23639        - wire bits
      523        - public wires
     4771        - public wire bits
      360        - ports
     3131        - port bits
        -        - memories
        -        - memory bits
        -        - processes
    20052 1.34E+04 cells
      684  344.736   AN2D0BWP30P140
      132    83.16   AN3D0BWP30P140
      145   109.62   AN4D0BWP30P140
        2    1.512   AO211D0BWP30P140
      268   168.84   AO21D0BWP30P140
      147  111.132   AO22D0BWP30P140
      100       63   AOI211D0BWP30P140
      836  421.344   AOI21D0BWP30P140
      164  123.984   AOI221D0BWP30P140
        2    2.016   AOI222D0BWP30P140
      296   186.48   AOI22D0BWP30P140
      299   188.37   AOI31D0BWP30P140
       47   35.532   AOI32D0BWP30P140
       15    13.23   AOI33D0BWP30P140
      410   361.62   CKMUX2D0BWP30P140
      862  217.224   CKND0BWP30P140
     2801 1.06E+03   CKND2D0BWP30P140
       33   74.844   DFCNQD1BWP30P140
      110     69.3   IAO21D0BWP30P140
      547  275.688   IND2D0BWP30P140
       32    20.16   IND3D0BWP30P140
      110    83.16   IND4D0BWP30P140
      766  386.064   INR2D0BWP30P140
      116    73.08   INR3D0BWP30P140
       33   24.948   INR4D0BWP30P140
      115    72.45   IOA21D0BWP30P140
     1228  928.368   MAOI222D0BWP30P140
       78   58.968   MAOI22D0BWP30P140
      128   96.768   MOAI22D0BWP30P140
     1414 1.07E+03   MUX2ND0BWP30P140
        1    1.764   MUX3D0BWP30P140
        2    3.276   MUX3ND0BWP30P140
        2    4.788   MUX4D0BWP30P140
       31   70.308   MUX4ND0BWP30P140
      456  229.824   ND3D0BWP30P140
      160    100.8   ND4D0BWP30P140
     1276  482.328   NR2D0BWP30P140
      238  119.952   NR3D0BWP30P140
      104    65.52   NR4D0BWP30P140
      107   80.892   OA211D0BWP30P140
       84    52.92   OA21D0BWP30P140
       31   27.342   OA22D0BWP30P140
      211   132.93   OAI211D0BWP30P140
      610   307.44   OAI21D0BWP30P140
       32   28.224   OAI221D0BWP30P140
       16   16.128   OAI222D0BWP30P140
      167   105.21   OAI22D0BWP30P140
       83    52.29   OAI31D0BWP30P140
       79   59.724   OAI32D0BWP30P140
        1    0.882   OAI33D0BWP30P140
      308  155.232   OR2D0BWP30P140
       41    25.83   OR3D0BWP30P140
       63   47.628   OR4D0BWP30P140
     2008 1.77E+03   XNR2UD0BWP30P140
      465   820.26   XNR3UD0BWP30P140
      176  465.696   XNR4D0BWP30P140
     1140  1005.48   XOR2UD0BWP30P140
      208  366.912   XOR3UD0BWP30P140
       32   84.672   XOR4D0BWP30P140
       49 1.33E+04 submodules
       15  5511.24   CustomFPAdder_exp8_mant20
       16  610.848   CustomOperator_E5M2_to_E3M2
        1  554.904   FP32Adder
       16 6.53E+03   ScaleAddition_E5M2_to_E3M2_scale_UE2M6
        1  105.966   ScaleToFP32_E5M2_x_E3M2_UE2M6

   Chip area for top module '\BFP_PE': 13408.668000
     of which used for sequential elements: 74.844000 (0.56%)

