
6. Printing statistics.

=== BFP_PE ===

        +----------Local Count, excluding submodules.
        |        +-Local Area, excluding submodules.
        |        | 
      174        - wires
     2152        - wire bits
      140        - public wires
     2118        - public wire bits
       10        - ports
      277        - port bits
       67   99.918 cells
       32   24.192   AO22D0BWP30P140
       33   74.844   DFCNQD1BWP30P140
        1    0.504   INR2D0BWP30P140
        1    0.378   NR2D0BWP30P140
       64        - submodules
       16        -   CustomOperator_INT8_to_E3M2
       16        -   FP32Adder
       16        -   ScaleAddition_INT8_to_E3M2_scale_UE2M6
       16        -   ScaleToFP32_INT8_x_E3M2_UE2M6

   Chip area for module '\BFP_PE': 99.918000
     of which used for sequential elements: 74.844000 (74.91%)

=== FP32Adder ===

        +----------Local Count, excluding submodules.
        |        +-Local Area, excluding submodules.
        |        | 
      872        - wires
     1037        - wire bits
        6        - public wires
      171        - public wire bits
        3        - ports
       96        - port bits
      898  554.904 cells
       18    9.072   AN2D0BWP30P140
        5     3.15   AN3D0BWP30P140
        4    3.024   AN4D0BWP30P140
        2    1.512   AO211D0BWP30P140
       13     8.19   AO21D0BWP30P140
        4    3.024   AO22D0BWP30P140
       10      6.3   AOI211D0BWP30P140
       52   26.208   AOI21D0BWP30P140
       10     7.56   AOI221D0BWP30P140
        2    2.016   AOI222D0BWP30P140
       32    20.16   AOI22D0BWP30P140
        2     1.26   AOI31D0BWP30P140
       19   16.758   CKMUX2D0BWP30P140
       65    16.38   CKND0BWP30P140
       72   27.216   CKND2D0BWP30P140
        6     3.78   IAO21D0BWP30P140
       20    10.08   IND2D0BWP30P140
        1     0.63   IND3D0BWP30P140
        2    1.512   IND4D0BWP30P140
       21   10.584   INR2D0BWP30P140
        8     5.04   INR3D0BWP30P140
        3    2.268   INR4D0BWP30P140
        7     4.41   IOA21D0BWP30P140
       30    22.68   MAOI222D0BWP30P140
       15    11.34   MAOI22D0BWP30P140
        4    3.024   MOAI22D0BWP30P140
      114   86.184   MUX2ND0BWP30P140
        1    1.764   MUX3D0BWP30P140
        1    1.638   MUX3ND0BWP30P140
        2    4.788   MUX4D0BWP30P140
       16   36.288   MUX4ND0BWP30P140
       14    7.056   ND3D0BWP30P140
        5     3.15   ND4D0BWP30P140
       99   37.422   NR2D0BWP30P140
       35    17.64   NR3D0BWP30P140
        8     5.04   NR4D0BWP30P140
        2    1.512   OA211D0BWP30P140
        6     3.78   OA21D0BWP30P140
        1    0.882   OA22D0BWP30P140
       13     8.19   OAI211D0BWP30P140
       41   20.664   OAI21D0BWP30P140
        1    0.882   OAI221D0BWP30P140
        1    1.008   OAI222D0BWP30P140
       10      6.3   OAI22D0BWP30P140
        6     3.78   OAI31D0BWP30P140
        3    2.268   OAI32D0BWP30P140
        1    0.882   OAI33D0BWP30P140
        6    3.024   OR2D0BWP30P140
        8     5.04   OR3D0BWP30P140
        2    1.512   OR4D0BWP30P140
       51   44.982   XNR2UD0BWP30P140
        1    1.764   XNR3UD0BWP30P140
       23   20.286   XOR2UD0BWP30P140

   Chip area for module '\FP32Adder': 554.904000
     of which used for sequential elements: 0.000000 (0.00%)

=== ScaleToFP32_INT8_x_E3M2_UE2M6 ===

        +----------Local Count, excluding submodules.
        |        +-Local Area, excluding submodules.
        |        | 
      154        - wires
      214        - wire bits
        4        - public wires
       64        - public wire bits
        4        - ports
       64        - port bits
      182  111.384 cells
       10     5.04   AN2D0BWP30P140
        2     1.26   AO21D0BWP30P140
        3     1.89   AOI211D0BWP30P140
        6    3.024   AOI21D0BWP30P140
        3    2.268   AOI221D0BWP30P140
        1     0.63   AOI22D0BWP30P140
        2     1.26   AOI31D0BWP30P140
       20    17.64   CKMUX2D0BWP30P140
        5     1.26   CKND0BWP30P140
       13    4.914   CKND2D0BWP30P140
        9     5.67   IAO21D0BWP30P140
        3    1.512   IND2D0BWP30P140
        4    2.016   INR2D0BWP30P140
        2     1.26   INR3D0BWP30P140
        3     1.89   IOA21D0BWP30P140
        2    1.512   MAOI22D0BWP30P140
        1    0.756   MOAI22D0BWP30P140
       35    26.46   MUX2ND0BWP30P140
        3    1.512   ND3D0BWP30P140
       20     7.56   NR2D0BWP30P140
        8    4.032   NR3D0BWP30P140
        3     1.89   NR4D0BWP30P140
        2     1.26   OA21D0BWP30P140
        2     1.26   OAI211D0BWP30P140
        6    3.024   OAI21D0BWP30P140
        1    0.882   OAI221D0BWP30P140
        1     0.63   OAI22D0BWP30P140
        1     0.63   OAI31D0BWP30P140
        3    1.512   OR2D0BWP30P140
        1    0.756   OR4D0BWP30P140
        4    3.528   XNR2UD0BWP30P140
        3    2.646   XOR2UD0BWP30P140

   Chip area for module '\ScaleToFP32_INT8_x_E3M2_UE2M6': 111.384000
     of which used for sequential elements: 0.000000 (0.00%)

=== ScaleAddition_INT8_to_E3M2_scale_UE2M6 ===

        +----------Local Count, excluding submodules.
        |        +-Local Area, excluding submodules.
        |        | 
      773        - wires
      830        - wire bits
        8        - public wires
       65        - public wire bits
        8        - ports
       65        - port bits
      796  561.456 cells
       24   12.096   AN2D0BWP30P140
        9     5.67   AN3D0BWP30P140
        1    0.756   AO211D0BWP30P140
        2     1.26   AO21D0BWP30P140
        1    0.756   AO22D0BWP30P140
        1     0.63   AOI211D0BWP30P140
       20    10.08   AOI21D0BWP30P140
        1    0.756   AOI221D0BWP30P140
        9     5.67   AOI22D0BWP30P140
       10      6.3   AOI31D0BWP30P140
        2    1.512   AOI32D0BWP30P140
       32    8.064   CKND0BWP30P140
      174   65.772   CKND2D0BWP30P140
        4     2.52   IAO21D0BWP30P140
       23   11.592   IND2D0BWP30P140
        2     1.26   IND3D0BWP30P140
        2    1.512   IND4D0BWP30P140
       21   10.584   INR2D0BWP30P140
        2     1.26   INR3D0BWP30P140
        1     0.63   IOA21D0BWP30P140
       98   74.088   MAOI222D0BWP30P140
        1    0.756   MOAI22D0BWP30P140
        6    3.024   ND3D0BWP30P140
        1     0.63   ND4D0BWP30P140
       51   19.278   NR2D0BWP30P140
        2    1.008   NR3D0BWP30P140
        1    0.756   OA211D0BWP30P140
        1     0.63   OA21D0BWP30P140
       13    6.552   OAI21D0BWP30P140
        4     2.52   OAI22D0BWP30P140
        4     2.52   OAI31D0BWP30P140
        8    4.032   OR2D0BWP30P140
        1     0.63   OR3D0BWP30P140
      122  107.604   XNR2UD0BWP30P140
       48   84.672   XNR3UD0BWP30P140
        4   10.584   XNR4D0BWP30P140
       74   65.268   XOR2UD0BWP30P140
       16   28.224   XOR3UD0BWP30P140

   Chip area for module '\ScaleAddition_INT8_to_E3M2_scale_UE2M6': 561.456000
     of which used for sequential elements: 0.000000 (0.00%)

=== CustomOperator_INT8_to_E3M2 ===

        +----------Local Count, excluding submodules.
        |        +-Local Area, excluding submodules.
        |        | 
       62        - wires
       95        - wire bits
        7        - public wires
       40        - public wire bits
        5        - ports
       31        - port bits
       68   44.604 cells
        7    3.528   AN2D0BWP30P140
        1     0.63   AN3D0BWP30P140
        3    1.512   AOI21D0BWP30P140
        1     0.63   AOI22D0BWP30P140
        3    0.756   CKND0BWP30P140
       12    4.536   CKND2D0BWP30P140
        1     0.63   IAO21D0BWP30P140
        1    0.504   IND2D0BWP30P140
        1    0.504   INR2D0BWP30P140
        2     1.26   IOA21D0BWP30P140
        8    6.048   MAOI222D0BWP30P140
        1    0.504   ND3D0BWP30P140
        2    0.756   NR2D0BWP30P140
        1    0.756   OA211D0BWP30P140
        1    0.504   OAI21D0BWP30P140
        1     0.63   OAI22D0BWP30P140
        1     0.63   OAI31D0BWP30P140
       16   14.112   XNR2UD0BWP30P140
        1    1.764   XNR3UD0BWP30P140
        3    2.646   XOR2UD0BWP30P140
        1    1.764   XOR3UD0BWP30P140

   Chip area for module '\CustomOperator_INT8_to_E3M2': 44.604000
     of which used for sequential elements: 0.000000 (0.00%)

=== design hierarchy ===

        +----------Count including submodules.
        |        +-Area including submodules.
        |        | 
    31171 2.05E+04 BFP_PE
       68   44.604 CustomOperator_INT8_to_E3M2
      898  554.904 FP32Adder
      796  561.456 ScaleAddition_INT8_to_E3M2_scale_UE2M6
      182  111.384 ScaleToFP32_INT8_x_E3M2_UE2M6

        +----------Count including submodules.
        |        +-Area including submodules.
        |        | 
    29950        - wires
    36968        - wire bits
      540        - public wires
     7558        - public wire bits
      330        - ports
     4373        - port bits
        -        - memories
        -        - memory bits
        -        - processes
    31171 2.05E+04 cells
      944  475.776   AN2D0BWP30P140
      240    151.2   AN3D0BWP30P140
       64   48.384   AN4D0BWP30P140
       48   36.288   AO211D0BWP30P140
      272   171.36   AO21D0BWP30P140
      112   84.672   AO22D0BWP30P140
      224   141.12   AOI211D0BWP30P140
     1296  653.184   AOI21D0BWP30P140
      224  169.344   AOI221D0BWP30P140
       32   32.256   AOI222D0BWP30P140
      688   433.44   AOI22D0BWP30P140
      224   141.12   AOI31D0BWP30P140
       32   24.192   AOI32D0BWP30P140
      624  550.368   CKMUX2D0BWP30P140
     1680   423.36   CKND0BWP30P140
     4336 1.64E+03   CKND2D0BWP30P140
       33   74.844   DFCNQD1BWP30P140
      320    201.6   IAO21D0BWP30P140
      752  379.008   IND2D0BWP30P140
       48    30.24   IND3D0BWP30P140
       64   48.384   IND4D0BWP30P140
      753  379.512   INR2D0BWP30P140
      192   120.96   INR3D0BWP30P140
       48   36.288   INR4D0BWP30P140
      208   131.04   IOA21D0BWP30P140
     2176 1.65E+03   MAOI222D0BWP30P140
      272  205.632   MAOI22D0BWP30P140
       96   72.576   MOAI22D0BWP30P140
     2384  1.8E+03   MUX2ND0BWP30P140
       16   28.224   MUX3D0BWP30P140
       16   26.208   MUX3ND0BWP30P140
       32   76.608   MUX4D0BWP30P140
      256  580.608   MUX4ND0BWP30P140
      384  193.536   ND3D0BWP30P140
       96    60.48   ND4D0BWP30P140
     2753 1.04E+03   NR2D0BWP30P140
      720   362.88   NR3D0BWP30P140
      176   110.88   NR4D0BWP30P140
       64   48.384   OA211D0BWP30P140
      144    90.72   OA21D0BWP30P140
       16   14.112   OA22D0BWP30P140
      240    151.2   OAI211D0BWP30P140
      976  491.904   OAI21D0BWP30P140
       32   28.224   OAI221D0BWP30P140
       16   16.128   OAI222D0BWP30P140
      256   161.28   OAI22D0BWP30P140
      192   120.96   OAI31D0BWP30P140
       48   36.288   OAI32D0BWP30P140
       16   14.112   OAI33D0BWP30P140
      272  137.088   OR2D0BWP30P140
      144    90.72   OR3D0BWP30P140
       48   36.288   OR4D0BWP30P140
     3088 2.72E+03   XNR2UD0BWP30P140
      800   1411.2   XNR3UD0BWP30P140
       64  169.344   XNR4D0BWP30P140
     1648 1.45E+03   XOR2UD0BWP30P140
      272  479.808   XOR3UD0BWP30P140
       64 2.04E+04 submodules
       16  713.664   CustomOperator_INT8_to_E3M2
       16 8.88E+03   FP32Adder
       16 8.98E+03   ScaleAddition_INT8_to_E3M2_scale_UE2M6
       16 1.78E+03   ScaleToFP32_INT8_x_E3M2_UE2M6

   Chip area for top module '\BFP_PE': 20457.486000
     of which used for sequential elements: 74.844000 (0.37%)

