
63. Printing statistics.

=== DotProductUnit_E2M1_x_E2M1_scale_UE2M6 ===

   Number of wires:               1553
   Number of wire bits:           1604
   Number of public wires:          12
   Number of public wire bits:      63
   Number of memories:               0
   Number of memory bits:            0
   Number of processes:              0
   Number of cells:               1576
     sky130_fd_sc_hd__a2111o_2       4
     sky130_fd_sc_hd__a211o_2       18
     sky130_fd_sc_hd__a211oi_2       3
     sky130_fd_sc_hd__a21bo_2        9
     sky130_fd_sc_hd__a21bo_4        1
     sky130_fd_sc_hd__a21boi_2       4
     sky130_fd_sc_hd__a21o_2        92
     sky130_fd_sc_hd__a21oi_2       49
     sky130_fd_sc_hd__a21oi_4        3
     sky130_fd_sc_hd__a221o_2        6
     sky130_fd_sc_hd__a22o_2        12
     sky130_fd_sc_hd__a22oi_2        1
     sky130_fd_sc_hd__a2bb2o_2       6
     sky130_fd_sc_hd__a2bb2o_4       1
     sky130_fd_sc_hd__a2bb2oi_2      1
     sky130_fd_sc_hd__a311o_2       11
     sky130_fd_sc_hd__a311oi_2       2
     sky130_fd_sc_hd__a31o_2        30
     sky130_fd_sc_hd__a31oi_2       14
     sky130_fd_sc_hd__a32o_2         4
     sky130_fd_sc_hd__a32oi_2        1
     sky130_fd_sc_hd__a41o_2         1
     sky130_fd_sc_hd__a41oi_2        1
     sky130_fd_sc_hd__and2_2        62
     sky130_fd_sc_hd__and2_4         5
     sky130_fd_sc_hd__and2b_2       25
     sky130_fd_sc_hd__and3_2        44
     sky130_fd_sc_hd__and3_4         3
     sky130_fd_sc_hd__and3b_2        8
     sky130_fd_sc_hd__and4_2         8
     sky130_fd_sc_hd__and4_4         1
     sky130_fd_sc_hd__and4b_2        1
     sky130_fd_sc_hd__and4bb_2       3
     sky130_fd_sc_hd__and4bb_4       1
     sky130_fd_sc_hd__buf_1         59
     sky130_fd_sc_hd__buf_2         15
     sky130_fd_sc_hd__buf_6          7
     sky130_fd_sc_hd__dfxtp_2       34
     sky130_fd_sc_hd__inv_2         61
     sky130_fd_sc_hd__mux2_1        26
     sky130_fd_sc_hd__mux2_2       116
     sky130_fd_sc_hd__mux2_4         4
     sky130_fd_sc_hd__nand2_2      129
     sky130_fd_sc_hd__nand2b_2      11
     sky130_fd_sc_hd__nand2b_4       1
     sky130_fd_sc_hd__nand3_2        3
     sky130_fd_sc_hd__nand3b_2       1
     sky130_fd_sc_hd__nor2_2       134
     sky130_fd_sc_hd__nor2_4         2
     sky130_fd_sc_hd__nor2b_2        4
     sky130_fd_sc_hd__nor3_2         9
     sky130_fd_sc_hd__nor3b_2        1
     sky130_fd_sc_hd__o2111a_2       1
     sky130_fd_sc_hd__o211a_2       27
     sky130_fd_sc_hd__o211a_4        2
     sky130_fd_sc_hd__o211ai_2       3
     sky130_fd_sc_hd__o21a_2        35
     sky130_fd_sc_hd__o21ai_2       38
     sky130_fd_sc_hd__o21ai_4        2
     sky130_fd_sc_hd__o21ba_2        9
     sky130_fd_sc_hd__o21bai_2       7
     sky130_fd_sc_hd__o21bai_4       1
     sky130_fd_sc_hd__o221a_2        5
     sky130_fd_sc_hd__o221a_4        1
     sky130_fd_sc_hd__o221ai_2       5
     sky130_fd_sc_hd__o22a_2        13
     sky130_fd_sc_hd__o22ai_2        5
     sky130_fd_sc_hd__o2bb2a_2       5
     sky130_fd_sc_hd__o2bb2a_4       2
     sky130_fd_sc_hd__o311a_2        3
     sky130_fd_sc_hd__o311a_4        1
     sky130_fd_sc_hd__o311ai_2       1
     sky130_fd_sc_hd__o31a_2         9
     sky130_fd_sc_hd__o31a_4         1
     sky130_fd_sc_hd__o31ai_2        2
     sky130_fd_sc_hd__o32a_2         5
     sky130_fd_sc_hd__o32ai_2        1
     sky130_fd_sc_hd__or2_2        100
     sky130_fd_sc_hd__or2_4          4
     sky130_fd_sc_hd__or2b_2        39
     sky130_fd_sc_hd__or3_2         18
     sky130_fd_sc_hd__or3_4         12
     sky130_fd_sc_hd__or3b_2         7
     sky130_fd_sc_hd__or4_2          6
     sky130_fd_sc_hd__or4_4          1
     sky130_fd_sc_hd__or4b_2         1
     sky130_fd_sc_hd__xnor2_2       97
     sky130_fd_sc_hd__xnor2_4        1
     sky130_fd_sc_hd__xor2_2        53
     sky130_fd_sc_hd__xor2_4         1

   Chip area for module '\DotProductUnit_E2M1_x_E2M1_scale_UE2M6': 14792.937600

