
6. Printing statistics.

=== BFP_PE ===

        +----------Local Count, excluding submodules.
        |        +-Local Area, excluding submodules.
        |        | 
      174        - wires
     1960        - wire bits
      140        - public wires
     1926        - public wire bits
       10        - ports
      277        - port bits
       67   99.918 cells
       32   24.192   AO22D0BWP30P140
       33   74.844   DFCNQD1BWP30P140
        1    0.504   INR2D0BWP30P140
        1    0.378   NR2D0BWP30P140
       64        - submodules
       16        -   CustomOperator_E4M3_to_E3M2
       16        -   FP32Adder
       16        -   ScaleAddition_E4M3_to_E3M2_scale_UE6M2
       16        -   ScaleToFP32_E4M3_x_E3M2_UE6M2

   Chip area for module '\BFP_PE': 99.918000
     of which used for sequential elements: 74.844000 (74.91%)

=== FP32Adder ===

        +----------Local Count, excluding submodules.
        |        +-Local Area, excluding submodules.
        |        | 
      872        - wires
     1037        - wire bits
        6        - public wires
      171        - public wire bits
        3        - ports
       96        - port bits
      898  554.904 cells
       18    9.072   AN2D0BWP30P140
        5     3.15   AN3D0BWP30P140
        4    3.024   AN4D0BWP30P140
        2    1.512   AO211D0BWP30P140
       13     8.19   AO21D0BWP30P140
        4    3.024   AO22D0BWP30P140
       10      6.3   AOI211D0BWP30P140
       52   26.208   AOI21D0BWP30P140
       10     7.56   AOI221D0BWP30P140
        2    2.016   AOI222D0BWP30P140
       32    20.16   AOI22D0BWP30P140
        2     1.26   AOI31D0BWP30P140
       19   16.758   CKMUX2D0BWP30P140
       65    16.38   CKND0BWP30P140
       72   27.216   CKND2D0BWP30P140
        6     3.78   IAO21D0BWP30P140
       20    10.08   IND2D0BWP30P140
        1     0.63   IND3D0BWP30P140
        2    1.512   IND4D0BWP30P140
       21   10.584   INR2D0BWP30P140
        8     5.04   INR3D0BWP30P140
        3    2.268   INR4D0BWP30P140
        7     4.41   IOA21D0BWP30P140
       30    22.68   MAOI222D0BWP30P140
       15    11.34   MAOI22D0BWP30P140
        4    3.024   MOAI22D0BWP30P140
      114   86.184   MUX2ND0BWP30P140
        1    1.764   MUX3D0BWP30P140
        1    1.638   MUX3ND0BWP30P140
        2    4.788   MUX4D0BWP30P140
       16   36.288   MUX4ND0BWP30P140
       14    7.056   ND3D0BWP30P140
        5     3.15   ND4D0BWP30P140
       99   37.422   NR2D0BWP30P140
       35    17.64   NR3D0BWP30P140
        8     5.04   NR4D0BWP30P140
        2    1.512   OA211D0BWP30P140
        6     3.78   OA21D0BWP30P140
        1    0.882   OA22D0BWP30P140
       13     8.19   OAI211D0BWP30P140
       41   20.664   OAI21D0BWP30P140
        1    0.882   OAI221D0BWP30P140
        1    1.008   OAI222D0BWP30P140
       10      6.3   OAI22D0BWP30P140
        6     3.78   OAI31D0BWP30P140
        3    2.268   OAI32D0BWP30P140
        1    0.882   OAI33D0BWP30P140
        6    3.024   OR2D0BWP30P140
        8     5.04   OR3D0BWP30P140
        2    1.512   OR4D0BWP30P140
       51   44.982   XNR2UD0BWP30P140
        1    1.764   XNR3UD0BWP30P140
       23   20.286   XOR2UD0BWP30P140

   Chip area for module '\FP32Adder': 554.904000
     of which used for sequential elements: 0.000000 (0.00%)

=== ScaleToFP32_E4M3_x_E3M2_UE6M2 ===

        +----------Local Count, excluding submodules.
        |        +-Local Area, excluding submodules.
        |        | 
      107        - wires
      158        - wire bits
        4        - public wires
       55        - public wire bits
        4        - ports
       55        - port bits
      124   73.584 cells
        1    0.504   AN2D0BWP30P140
        2     1.26   AN3D0BWP30P140
        3     1.89   AO21D0BWP30P140
        4     2.52   AOI211D0BWP30P140
        8    4.032   AOI21D0BWP30P140
        1     0.63   AOI22D0BWP30P140
        8    7.056   CKMUX2D0BWP30P140
        4    1.008   CKND0BWP30P140
        6    2.268   CKND2D0BWP30P140
        7     4.41   IAO21D0BWP30P140
        2    1.008   IND2D0BWP30P140
        7    3.528   INR2D0BWP30P140
        2     1.26   INR3D0BWP30P140
        1    0.756   INR4D0BWP30P140
        1     0.63   IOA21D0BWP30P140
        1    0.756   MAOI222D0BWP30P140
       11    8.316   MUX2ND0BWP30P140
        1    0.504   ND3D0BWP30P140
       20     7.56   NR2D0BWP30P140
        6    3.024   NR3D0BWP30P140
        3     1.89   NR4D0BWP30P140
        5     2.52   OAI21D0BWP30P140
        2    1.764   OAI221D0BWP30P140
        2     1.26   OAI31D0BWP30P140
        1    0.756   OAI32D0BWP30P140
        1    0.504   OR2D0BWP30P140
        1     0.63   OR3D0BWP30P140
        1    0.756   OR4D0BWP30P140
        5     4.41   XNR2UD0BWP30P140
        7    6.174   XOR2UD0BWP30P140

   Chip area for module '\ScaleToFP32_E4M3_x_E3M2_UE6M2': 73.584000
     of which used for sequential elements: 0.000000 (0.00%)

=== ScaleAddition_E4M3_to_E3M2_scale_UE6M2 ===

        +----------Local Count, excluding submodules.
        |        +-Local Area, excluding submodules.
        |        | 
      236        - wires
      281        - wire bits
        8        - public wires
       53        - public wire bits
        8        - ports
       53        - port bits
      249  172.368 cells
        6    3.024   AN2D0BWP30P140
        5     3.15   AN3D0BWP30P140
        1    0.756   AO211D0BWP30P140
        3     1.89   AO21D0BWP30P140
       13    6.552   AOI21D0BWP30P140
        1    0.756   AOI221D0BWP30P140
        2     1.26   AOI22D0BWP30P140
        6    1.512   CKND0BWP30P140
       49   18.522   CKND2D0BWP30P140
        6    3.024   IND2D0BWP30P140
       10     5.04   INR2D0BWP30P140
        1     0.63   INR3D0BWP30P140
        1     0.63   IOA21D0BWP30P140
       24   18.144   MAOI222D0BWP30P140
       10     5.04   ND3D0BWP30P140
       12    4.536   NR2D0BWP30P140
        5     2.52   NR3D0BWP30P140
        1     0.63   OAI211D0BWP30P140
        9    4.536   OAI21D0BWP30P140
        1    0.882   OAI221D0BWP30P140
        3     1.89   OAI22D0BWP30P140
        6    3.024   OR2D0BWP30P140
        2    1.512   OR4D0BWP30P140
       31   27.342   XNR2UD0BWP30P140
       16   28.224   XNR3UD0BWP30P140
        1    2.646   XNR4D0BWP30P140
       20    17.64   XOR2UD0BWP30P140
        4    7.056   XOR3UD0BWP30P140

   Chip area for module '\ScaleAddition_E4M3_to_E3M2_scale_UE6M2': 172.368000
     of which used for sequential elements: 0.000000 (0.00%)

=== CustomOperator_E4M3_to_E3M2 ===

        +----------Local Count, excluding submodules.
        |        +-Local Area, excluding submodules.
        |        | 
       51        - wires
       74        - wire bits
        5        - public wires
       28        - public wire bits
        5        - ports
       28        - port bits
       59    40.95 cells
        2    1.008   AN2D0BWP30P140
        1     0.63   AN3D0BWP30P140
        1    0.756   AN4D0BWP30P140
        2    1.008   AOI21D0BWP30P140
        1     0.63   AOI22D0BWP30P140
        1     0.63   AOI31D0BWP30P140
        2    0.504   CKND0BWP30P140
        8    3.024   CKND2D0BWP30P140
        1    0.504   INR2D0BWP30P140
        6    4.536   MAOI222D0BWP30P140
        1    0.756   MOAI22D0BWP30P140
        1    0.504   ND3D0BWP30P140
        4    1.512   NR2D0BWP30P140
        1    0.504   NR3D0BWP30P140
        1     0.63   NR4D0BWP30P140
        1    0.504   OAI21D0BWP30P140
        2     1.26   OAI22D0BWP30P140
        2     1.26   OAI31D0BWP30P140
        2    1.008   OR2D0BWP30P140
        1     0.63   OR3D0BWP30P140
        2    1.512   OR4D0BWP30P140
        3    2.646   XNR2UD0BWP30P140
        1    1.764   XNR3UD0BWP30P140
        9    7.938   XOR2UD0BWP30P140
        3    5.292   XOR3UD0BWP30P140

   Chip area for module '\CustomOperator_E4M3_to_E3M2': 40.950000
     of which used for sequential elements: 0.000000 (0.00%)

=== design hierarchy ===

        +----------Count including submodules.
        |        +-Area including submodules.
        |        | 
    21347 1.36E+04 BFP_PE
       59    40.95 CustomOperator_E4M3_to_E3M2
      898  554.904 FP32Adder
      249  172.368 ScaleAddition_E4M3_to_E3M2_scale_UE6M2
      124   73.584 ScaleToFP32_E4M3_x_E3M2_UE6M2

        +----------Count including submodules.
        |        +-Area including submodules.
        |        | 
    20430        - wires
    26760        - wire bits
      508        - public wires
     6838        - public wire bits
      330        - ports
     3989        - port bits
        -        - memories
        -        - memory bits
        -        - processes
    21347 1.36E+04 cells
      432  217.728   AN2D0BWP30P140
      208   131.04   AN3D0BWP30P140
       80    60.48   AN4D0BWP30P140
       48   36.288   AO211D0BWP30P140
      304   191.52   AO21D0BWP30P140
       96   72.576   AO22D0BWP30P140
      224   141.12   AOI211D0BWP30P140
     1200    604.8   AOI21D0BWP30P140
      176  133.056   AOI221D0BWP30P140
       32   32.256   AOI222D0BWP30P140
      576   362.88   AOI22D0BWP30P140
       48    30.24   AOI31D0BWP30P140
      432  381.024   CKMUX2D0BWP30P140
     1232  310.464   CKND0BWP30P140
     2160   816.48   CKND2D0BWP30P140
       33   74.844   DFCNQD1BWP30P140
      208   131.04   IAO21D0BWP30P140
      448  225.792   IND2D0BWP30P140
       16    10.08   IND3D0BWP30P140
       32   24.192   IND4D0BWP30P140
      625      315   INR2D0BWP30P140
      176   110.88   INR3D0BWP30P140
       64   48.384   INR4D0BWP30P140
      144    90.72   IOA21D0BWP30P140
      976  737.856   MAOI222D0BWP30P140
      240   181.44   MAOI22D0BWP30P140
       80    60.48   MOAI22D0BWP30P140
     2000     1512   MUX2ND0BWP30P140
       16   28.224   MUX3D0BWP30P140
       16   26.208   MUX3ND0BWP30P140
       32   76.608   MUX4D0BWP30P140
      256  580.608   MUX4ND0BWP30P140
      416  209.664   ND3D0BWP30P140
       80     50.4   ND4D0BWP30P140
     2161  816.858   NR2D0BWP30P140
      752  379.008   NR3D0BWP30P140
      192   120.96   NR4D0BWP30P140
       32   24.192   OA211D0BWP30P140
       96    60.48   OA21D0BWP30P140
       16   14.112   OA22D0BWP30P140
      224   141.12   OAI211D0BWP30P140
      896  451.584   OAI21D0BWP30P140
       64   56.448   OAI221D0BWP30P140
       16   16.128   OAI222D0BWP30P140
      240    151.2   OAI22D0BWP30P140
      160    100.8   OAI31D0BWP30P140
       64   48.384   OAI32D0BWP30P140
       16   14.112   OAI33D0BWP30P140
      240   120.96   OR2D0BWP30P140
      160    100.8   OR3D0BWP30P140
      112   84.672   OR4D0BWP30P140
     1440  1270.08   XNR2UD0BWP30P140
      288  508.032   XNR3UD0BWP30P140
       16   42.336   XNR4D0BWP30P140
      944  832.608   XOR2UD0BWP30P140
      112  197.568   XOR3UD0BWP30P140
       64 1.35E+04 submodules
       16    655.2   CustomOperator_E4M3_to_E3M2
       16 8.88E+03   FP32Adder
       16 2.76E+03   ScaleAddition_E4M3_to_E3M2_scale_UE6M2
       16 1.18E+03   ScaleToFP32_E4M3_x_E3M2_UE6M2

   Chip area for top module '\BFP_PE': 13568.814000
     of which used for sequential elements: 74.844000 (0.55%)

