Startpoint: reset (input port clocked by CORE_CLK)
Endpoint: _068_ (recovery check against rising-edge clock CORE_CLK)
Path Group: asynchronous
Path Type: max

    Delay      Time   Description
-------------------------------------------------------------
   0.0000    0.0000   clock CORE_CLK (rise edge)
   0.0000    0.0000   clock network delay (ideal)
   0.0000    0.0000 ^ input external delay
   0.0000    0.0000 ^ reset (in)
   0.0000    0.0000 ^ _068_/CDN (DFCNQD1BWP30P140)
             0.0000   data arrival time

  20.0000   20.0000   clock CORE_CLK (rise edge)
   0.0000   20.0000   clock network delay (ideal)
  -0.0500   19.9500   clock uncertainty
   0.0000   19.9500   clock reconvergence pessimism
            19.9500 ^ _068_/CP (DFCNQD1BWP30P140)
   0.0258   19.9758   library recovery time
            19.9758   data required time
-------------------------------------------------------------
            19.9758   data required time
            -0.0000   data arrival time
-------------------------------------------------------------
            19.9758   slack (MET)


Startpoint: io_op_a_i[7] (input port clocked by CORE_CLK)
Endpoint: _070_ (rising edge-triggered flip-flop clocked by CORE_CLK)
Path Group: CORE_CLK
Path Type: max

    Delay      Time   Description
-------------------------------------------------------------
   0.0000    0.0000   clock CORE_CLK (rise edge)
   0.0000    0.0000   clock network delay (ideal)
   0.0000    0.0000 ^ input external delay
   0.0000    0.0000 ^ io_op_a_i[7] (in)
   0.0149    0.0149 v reducedSum_op/_078_/ZN (OAI21D0BWP30P140)
   0.0307    0.0457 ^ reducedSum_op/_080_/ZN (OAI22D0BWP30P140)
   0.0190    0.0646 v reducedSum_op/_081_/ZN (CKND2D0BWP30P140)
   0.0630    0.1276 v reducedSum_op/_091_/ZN (XNR3UD0BWP30P140)
   0.0649    0.1925 v reducedSum_op/_109_/Z (XOR3UD0BWP30P140)
   0.0353    0.2278 ^ reducedSum_op/_113_/ZN (MAOI222D0BWP30P140)
   0.0337    0.2615 v reducedSum_op/_115_/ZN (MAOI222D0BWP30P140)
   0.0406    0.3021 ^ reducedSum_op/_151_/ZN (MAOI222D0BWP30P140)
   0.0317    0.3338 v reducedSum_op/_153_/ZN (MAOI222D0BWP30P140)
   0.0342    0.3681 v reducedSum_op/_162_/ZN (XNR2UD0BWP30P140)
   0.0260    0.3940 ^ reducedSum_sa/_434_/ZN (CKND2D0BWP30P140)
   0.0460    0.4401 v reducedSum_sa/_437_/ZN (XNR3UD0BWP30P140)
   0.0334    0.4735 v reducedSum_sa/_457_/ZN (XNR3UD0BWP30P140)
   0.0295    0.5030 v reducedSum_sa/_460_/Z (XOR2UD0BWP30P140)
   0.0329    0.5359 v reducedSum_sa/_478_/ZN (XNR2UD0BWP30P140)
   0.0321    0.5680 ^ reducedSum_sa/_513_/ZN (MAOI222D0BWP30P140)
   0.0263    0.5943 v reducedSum_sa/_514_/ZN (MAOI222D0BWP30P140)
   0.0367    0.6310 ^ reducedSum_sa/_515_/ZN (MAOI222D0BWP30P140)
   0.0243    0.6553 v reducedSum_sa/_517_/ZN (OAI21D0BWP30P140)
   0.0314    0.6868 ^ reducedSum_sa/_519_/ZN (AOI21D0BWP30P140)
   0.0305    0.7173 v reducedSum_sa/_564_/ZN (OAI211D0BWP30P140)
   0.0216    0.7390 ^ reducedSum_sa/_565_/ZN (ND3D0BWP30P140)
   0.0286    0.7676 ^ reducedSum_sa/_638_/ZN (INR2D0BWP30P140)
   0.0267    0.7943 ^ reducedSum_reduced_nextLevel_adder/_0678_/ZN (XNR2UD0BWP30P140)
   0.0235    0.8178 v reducedSum_reduced_nextLevel_adder/_0679_/ZN (OAI211D0BWP30P140)
   0.0347    0.8525 ^ reducedSum_reduced_nextLevel_adder/_0680_/ZN (AOI211D0BWP30P140)
   0.0373    0.8898 v reducedSum_reduced_nextLevel_adder/_0685_/ZN (OAI211D0BWP30P140)
   0.1007    0.9905 ^ reducedSum_reduced_nextLevel_adder/_0687_/ZN (CKND2D0BWP30P140)
   0.0421    1.0326 v reducedSum_reduced_nextLevel_adder/_0688_/ZN (MUX2ND0BWP30P140)
   0.0360    1.0685 ^ reducedSum_reduced_nextLevel_adder/_0755_/ZN (OAI211D0BWP30P140)
   0.0245    1.0931 v reducedSum_reduced_nextLevel_adder/_0874_/ZN (ND4D0BWP30P140)
   0.0282    1.1212 v reducedSum_reduced_nextLevel_adder/_0877_/Z (OA211D0BWP30P140)
   0.0165    1.1378 ^ reducedSum_reduced_nextLevel_adder/_0878_/ZN (OAI21D0BWP30P140)
   0.0234    1.1612 ^ reducedSum_reduced_nextLevel_adder/_0879_/Z (OR3D0BWP30P140)
   0.0224    1.1836 v reducedSum_reduced_nextLevel_adder/_0883_/ZN (MAOI222D0BWP30P140)
   0.0294    1.2130 v reducedSum_reduced_nextLevel_adder/_0884_/Z (AO21D0BWP30P140)
   0.0210    1.2340 v reducedSum_reduced_nextLevel_adder/_0888_/Z (AO21D0BWP30P140)
   0.0255    1.2596 ^ reducedSum_reduced_nextLevel_adder/_0891_/ZN (MAOI222D0BWP30P140)
   0.0259    1.2854 v reducedSum_reduced_nextLevel_adder/_0895_/ZN (MAOI222D0BWP30P140)
   0.0328    1.3182 ^ reducedSum_reduced_nextLevel_adder/_0900_/ZN (MAOI222D0BWP30P140)
   0.0254    1.3436 ^ reducedSum_reduced_nextLevel_adder/_0902_/ZN (IAO21D0BWP30P140)
   0.0230    1.3666 v reducedSum_reduced_nextLevel_adder/_0906_/ZN (MAOI222D0BWP30P140)
   0.0284    1.3950 ^ reducedSum_reduced_nextLevel_adder/_0910_/ZN (AOI21D0BWP30P140)
   0.0254    1.4204 v reducedSum_reduced_nextLevel_adder/_0912_/ZN (OAI211D0BWP30P140)
   0.0264    1.4467 ^ reducedSum_reduced_nextLevel_adder/_0913_/ZN (AOI31D0BWP30P140)
   0.0313    1.4780 ^ reducedSum_reduced_nextLevel_adder/_0914_/ZN (IAO21D0BWP30P140)
   0.0344    1.5124 ^ reducedSum_reduced_nextLevel_adder/_0921_/Z (OA211D0BWP30P140)
   0.0217    1.5341 v reducedSum_reduced_nextLevel_adder/_0931_/ZN (OAI31D0BWP30P140)
   0.1271    1.6613 ^ reducedSum_reduced_nextLevel_adder/_0957_/ZN (NR2D0BWP30P140)
   0.0341    1.6954 v reducedSum_reduced_nextLevel_adder/_0982_/ZN (AOI21D0BWP30P140)
   0.0336    1.7290 ^ reducedSum_reduced_nextLevel_adder/_0987_/ZN (NR4D0BWP30P140)
   0.0459    1.7749 ^ reducedSum_reduced_nextLevel_adder/_1004_/Z (AN4D0BWP30P140)
   0.0434    1.8183 ^ reducedSum_reduced_nextLevel_adder/_1021_/ZN (INR4D0BWP30P140)
   0.0523    1.8705 v reducedSum_reduced_nextLevel_adder/_1039_/ZN (ND4D0BWP30P140)
   0.0486    1.9192 ^ reducedSum_reduced_nextLevel_adder/_1112_/ZN (NR4D0BWP30P140)
   0.0173    1.9365 v reducedSum_reduced_nextLevel_adder/_1114_/ZN (CKND2D0BWP30P140)
   0.0210    1.9574 v reducedSum_reduced_nextLevel_adder/_1134_/Z (AN3D0BWP30P140)
   0.0193    1.9768 ^ reducedSum_reduced_nextLevel_adder/_1135_/ZN (NR2D0BWP30P140)
   0.0314    2.0082 ^ reducedSum_reduced_nextLevel_adder_16/_0585_/ZN (XNR2UD0BWP30P140)
   0.0228    2.0311 v reducedSum_reduced_nextLevel_adder_16/_0586_/ZN (AOI21D0BWP30P140)
   0.0291    2.0602 v reducedSum_reduced_nextLevel_adder_16/_0590_/Z (OA211D0BWP30P140)
   0.0303    2.0905 ^ reducedSum_reduced_nextLevel_adder_16/_0600_/ZN (OAI31D0BWP30P140)
   0.0392    2.1296 ^ reducedSum_reduced_nextLevel_adder_16/_0611_/Z (OA211D0BWP30P140)
   0.0185    2.1481 v reducedSum_reduced_nextLevel_adder_16/_0620_/ZN (OAI31D0BWP30P140)
   0.0424    2.1906 v reducedSum_reduced_nextLevel_adder_16/_0622_/ZN (XNR2UD0BWP30P140)
   0.0434    2.2340 v reducedSum_reduced_nextLevel_adder_16/_0625_/Z (OR4D0BWP30P140)
   0.0360    2.2700 ^ reducedSum_reduced_nextLevel_adder_16/_0629_/ZN (AOI211D0BWP30P140)
   0.0767    2.3467 v reducedSum_reduced_nextLevel_adder_16/_0636_/ZN (IND3D0BWP30P140)
   0.0475    2.3942 ^ reducedSum_reduced_nextLevel_adder_16/_0650_/ZN (OAI211D0BWP30P140)
   0.0661    2.4603 v reducedSum_reduced_nextLevel_adder_16/_0652_/ZN (CKND2D0BWP30P140)
   0.0452    2.5055 ^ reducedSum_reduced_nextLevel_adder_16/_0755_/ZN (OAI211D0BWP30P140)
   0.0245    2.5300 v reducedSum_reduced_nextLevel_adder_16/_0874_/ZN (ND4D0BWP30P140)
   0.0282    2.5582 v reducedSum_reduced_nextLevel_adder_16/_0877_/Z (OA211D0BWP30P140)
   0.0165    2.5747 ^ reducedSum_reduced_nextLevel_adder_16/_0878_/ZN (OAI21D0BWP30P140)
   0.0234    2.5982 ^ reducedSum_reduced_nextLevel_adder_16/_0879_/Z (OR3D0BWP30P140)
   0.0224    2.6205 v reducedSum_reduced_nextLevel_adder_16/_0883_/ZN (MAOI222D0BWP30P140)
   0.0294    2.6500 v reducedSum_reduced_nextLevel_adder_16/_0884_/Z (AO21D0BWP30P140)
   0.0210    2.6710 v reducedSum_reduced_nextLevel_adder_16/_0888_/Z (AO21D0BWP30P140)
   0.0255    2.6965 ^ reducedSum_reduced_nextLevel_adder_16/_0891_/ZN (MAOI222D0BWP30P140)
   0.0259    2.7224 v reducedSum_reduced_nextLevel_adder_16/_0895_/ZN (MAOI222D0BWP30P140)
   0.0328    2.7552 ^ reducedSum_reduced_nextLevel_adder_16/_0900_/ZN (MAOI222D0BWP30P140)
   0.0254    2.7806 ^ reducedSum_reduced_nextLevel_adder_16/_0902_/ZN (IAO21D0BWP30P140)
   0.0230    2.8036 v reducedSum_reduced_nextLevel_adder_16/_0906_/ZN (MAOI222D0BWP30P140)
   0.0284    2.8320 ^ reducedSum_reduced_nextLevel_adder_16/_0910_/ZN (AOI21D0BWP30P140)
   0.0254    2.8573 v reducedSum_reduced_nextLevel_adder_16/_0912_/ZN (OAI211D0BWP30P140)
   0.0264    2.8837 ^ reducedSum_reduced_nextLevel_adder_16/_0913_/ZN (AOI31D0BWP30P140)
   0.0313    2.9150 ^ reducedSum_reduced_nextLevel_adder_16/_0914_/ZN (IAO21D0BWP30P140)
   0.0344    2.9494 ^ reducedSum_reduced_nextLevel_adder_16/_0921_/Z (OA211D0BWP30P140)
   0.0217    2.9711 v reducedSum_reduced_nextLevel_adder_16/_0931_/ZN (OAI31D0BWP30P140)
   0.1271    3.0982 ^ reducedSum_reduced_nextLevel_adder_16/_0957_/ZN (NR2D0BWP30P140)
   0.0341    3.1323 v reducedSum_reduced_nextLevel_adder_16/_0982_/ZN (AOI21D0BWP30P140)
   0.0336    3.1660 ^ reducedSum_reduced_nextLevel_adder_16/_0987_/ZN (NR4D0BWP30P140)
   0.0459    3.2119 ^ reducedSum_reduced_nextLevel_adder_16/_1004_/Z (AN4D0BWP30P140)
   0.0434    3.2553 ^ reducedSum_reduced_nextLevel_adder_16/_1021_/ZN (INR4D0BWP30P140)
   0.0523    3.3075 v reducedSum_reduced_nextLevel_adder_16/_1039_/ZN (ND4D0BWP30P140)
   0.0486    3.3561 ^ reducedSum_reduced_nextLevel_adder_16/_1112_/ZN (NR4D0BWP30P140)
   0.0173    3.3734 v reducedSum_reduced_nextLevel_adder_16/_1114_/ZN (CKND2D0BWP30P140)
   0.0210    3.3944 v reducedSum_reduced_nextLevel_adder_16/_1134_/Z (AN3D0BWP30P140)
   0.0193    3.4138 ^ reducedSum_reduced_nextLevel_adder_16/_1135_/ZN (NR2D0BWP30P140)
   0.0314    3.4452 ^ reducedSum_reduced_nextLevel_adder_24/_0585_/ZN (XNR2UD0BWP30P140)
   0.0228    3.4680 v reducedSum_reduced_nextLevel_adder_24/_0586_/ZN (AOI21D0BWP30P140)
   0.0291    3.4972 v reducedSum_reduced_nextLevel_adder_24/_0590_/Z (OA211D0BWP30P140)
   0.0303    3.5274 ^ reducedSum_reduced_nextLevel_adder_24/_0600_/ZN (OAI31D0BWP30P140)
   0.0392    3.5666 ^ reducedSum_reduced_nextLevel_adder_24/_0611_/Z (OA211D0BWP30P140)
   0.0185    3.5851 v reducedSum_reduced_nextLevel_adder_24/_0620_/ZN (OAI31D0BWP30P140)
   0.0424    3.6275 v reducedSum_reduced_nextLevel_adder_24/_0622_/ZN (XNR2UD0BWP30P140)
   0.0434    3.6710 v reducedSum_reduced_nextLevel_adder_24/_0625_/Z (OR4D0BWP30P140)
   0.0360    3.7069 ^ reducedSum_reduced_nextLevel_adder_24/_0629_/ZN (AOI211D0BWP30P140)
   0.0767    3.7837 v reducedSum_reduced_nextLevel_adder_24/_0636_/ZN (IND3D0BWP30P140)
   0.0475    3.8312 ^ reducedSum_reduced_nextLevel_adder_24/_0650_/ZN (OAI211D0BWP30P140)
   0.0661    3.8972 v reducedSum_reduced_nextLevel_adder_24/_0652_/ZN (CKND2D0BWP30P140)
   0.0452    3.9425 ^ reducedSum_reduced_nextLevel_adder_24/_0755_/ZN (OAI211D0BWP30P140)
   0.0245    3.9670 v reducedSum_reduced_nextLevel_adder_24/_0874_/ZN (ND4D0BWP30P140)
   0.0282    3.9952 v reducedSum_reduced_nextLevel_adder_24/_0877_/Z (OA211D0BWP30P140)
   0.0165    4.0117 ^ reducedSum_reduced_nextLevel_adder_24/_0878_/ZN (OAI21D0BWP30P140)
   0.0234    4.0351 ^ reducedSum_reduced_nextLevel_adder_24/_0879_/Z (OR3D0BWP30P140)
   0.0224    4.0575 v reducedSum_reduced_nextLevel_adder_24/_0883_/ZN (MAOI222D0BWP30P140)
   0.0294    4.0870 v reducedSum_reduced_nextLevel_adder_24/_0884_/Z (AO21D0BWP30P140)
   0.0210    4.1080 v reducedSum_reduced_nextLevel_adder_24/_0888_/Z (AO21D0BWP30P140)
   0.0255    4.1335 ^ reducedSum_reduced_nextLevel_adder_24/_0891_/ZN (MAOI222D0BWP30P140)
   0.0259    4.1594 v reducedSum_reduced_nextLevel_adder_24/_0895_/ZN (MAOI222D0BWP30P140)
   0.0328    4.1922 ^ reducedSum_reduced_nextLevel_adder_24/_0900_/ZN (MAOI222D0BWP30P140)
   0.0254    4.2175 ^ reducedSum_reduced_nextLevel_adder_24/_0902_/ZN (IAO21D0BWP30P140)
   0.0230    4.2406 v reducedSum_reduced_nextLevel_adder_24/_0906_/ZN (MAOI222D0BWP30P140)
   0.0284    4.2689 ^ reducedSum_reduced_nextLevel_adder_24/_0910_/ZN (AOI21D0BWP30P140)
   0.0254    4.2943 v reducedSum_reduced_nextLevel_adder_24/_0912_/ZN (OAI211D0BWP30P140)
   0.0264    4.3207 ^ reducedSum_reduced_nextLevel_adder_24/_0913_/ZN (AOI31D0BWP30P140)
   0.0313    4.3519 ^ reducedSum_reduced_nextLevel_adder_24/_0914_/ZN (IAO21D0BWP30P140)
   0.0344    4.3864 ^ reducedSum_reduced_nextLevel_adder_24/_0921_/Z (OA211D0BWP30P140)
   0.0217    4.4081 v reducedSum_reduced_nextLevel_adder_24/_0931_/ZN (OAI31D0BWP30P140)
   0.1271    4.5352 ^ reducedSum_reduced_nextLevel_adder_24/_0957_/ZN (NR2D0BWP30P140)
   0.0341    4.5693 v reducedSum_reduced_nextLevel_adder_24/_0982_/ZN (AOI21D0BWP30P140)
   0.0336    4.6029 ^ reducedSum_reduced_nextLevel_adder_24/_0987_/ZN (NR4D0BWP30P140)
   0.0459    4.6488 ^ reducedSum_reduced_nextLevel_adder_24/_1004_/Z (AN4D0BWP30P140)
   0.0434    4.6922 ^ reducedSum_reduced_nextLevel_adder_24/_1021_/ZN (INR4D0BWP30P140)
   0.0523    4.7445 v reducedSum_reduced_nextLevel_adder_24/_1039_/ZN (ND4D0BWP30P140)
   0.0486    4.7931 ^ reducedSum_reduced_nextLevel_adder_24/_1112_/ZN (NR4D0BWP30P140)
   0.0173    4.8104 v reducedSum_reduced_nextLevel_adder_24/_1114_/ZN (CKND2D0BWP30P140)
   0.0210    4.8314 v reducedSum_reduced_nextLevel_adder_24/_1134_/Z (AN3D0BWP30P140)
   0.0193    4.8507 ^ reducedSum_reduced_nextLevel_adder_24/_1135_/ZN (NR2D0BWP30P140)
   0.0314    4.8822 ^ reducedSum_reduced_nextLevel_adder_28/_0585_/ZN (XNR2UD0BWP30P140)
   0.0228    4.9050 v reducedSum_reduced_nextLevel_adder_28/_0586_/ZN (AOI21D0BWP30P140)
   0.0291    4.9341 v reducedSum_reduced_nextLevel_adder_28/_0590_/Z (OA211D0BWP30P140)
   0.0303    4.9644 ^ reducedSum_reduced_nextLevel_adder_28/_0600_/ZN (OAI31D0BWP30P140)
   0.0392    5.0036 ^ reducedSum_reduced_nextLevel_adder_28/_0611_/Z (OA211D0BWP30P140)
   0.0185    5.0221 v reducedSum_reduced_nextLevel_adder_28/_0620_/ZN (OAI31D0BWP30P140)
   0.0424    5.0645 v reducedSum_reduced_nextLevel_adder_28/_0622_/ZN (XNR2UD0BWP30P140)
   0.0434    5.1079 v reducedSum_reduced_nextLevel_adder_28/_0625_/Z (OR4D0BWP30P140)
   0.0360    5.1439 ^ reducedSum_reduced_nextLevel_adder_28/_0629_/ZN (AOI211D0BWP30P140)
   0.0767    5.2206 v reducedSum_reduced_nextLevel_adder_28/_0636_/ZN (IND3D0BWP30P140)
   0.0475    5.2681 ^ reducedSum_reduced_nextLevel_adder_28/_0650_/ZN (OAI211D0BWP30P140)
   0.0661    5.3342 v reducedSum_reduced_nextLevel_adder_28/_0652_/ZN (CKND2D0BWP30P140)
   0.0452    5.3794 ^ reducedSum_reduced_nextLevel_adder_28/_0755_/ZN (OAI211D0BWP30P140)
   0.0245    5.4040 v reducedSum_reduced_nextLevel_adder_28/_0874_/ZN (ND4D0BWP30P140)
   0.0282    5.4322 v reducedSum_reduced_nextLevel_adder_28/_0877_/Z (OA211D0BWP30P140)
   0.0165    5.4487 ^ reducedSum_reduced_nextLevel_adder_28/_0878_/ZN (OAI21D0BWP30P140)
   0.0234    5.4721 ^ reducedSum_reduced_nextLevel_adder_28/_0879_/Z (OR3D0BWP30P140)
   0.0224    5.4945 v reducedSum_reduced_nextLevel_adder_28/_0883_/ZN (MAOI222D0BWP30P140)
   0.0294    5.5239 v reducedSum_reduced_nextLevel_adder_28/_0884_/Z (AO21D0BWP30P140)
   0.0210    5.5449 v reducedSum_reduced_nextLevel_adder_28/_0888_/Z (AO21D0BWP30P140)
   0.0255    5.5705 ^ reducedSum_reduced_nextLevel_adder_28/_0891_/ZN (MAOI222D0BWP30P140)
   0.0259    5.5964 v reducedSum_reduced_nextLevel_adder_28/_0895_/ZN (MAOI222D0BWP30P140)
   0.0328    5.6291 ^ reducedSum_reduced_nextLevel_adder_28/_0900_/ZN (MAOI222D0BWP30P140)
   0.0254    5.6545 ^ reducedSum_reduced_nextLevel_adder_28/_0902_/ZN (IAO21D0BWP30P140)
   0.0230    5.6775 v reducedSum_reduced_nextLevel_adder_28/_0906_/ZN (MAOI222D0BWP30P140)
   0.0284    5.7059 ^ reducedSum_reduced_nextLevel_adder_28/_0910_/ZN (AOI21D0BWP30P140)
   0.0254    5.7313 v reducedSum_reduced_nextLevel_adder_28/_0912_/ZN (OAI211D0BWP30P140)
   0.0264    5.7576 ^ reducedSum_reduced_nextLevel_adder_28/_0913_/ZN (AOI31D0BWP30P140)
   0.0313    5.7889 ^ reducedSum_reduced_nextLevel_adder_28/_0914_/ZN (IAO21D0BWP30P140)
   0.0344    5.8233 ^ reducedSum_reduced_nextLevel_adder_28/_0921_/Z (OA211D0BWP30P140)
   0.0217    5.8450 v reducedSum_reduced_nextLevel_adder_28/_0931_/ZN (OAI31D0BWP30P140)
   0.1271    5.9722 ^ reducedSum_reduced_nextLevel_adder_28/_0957_/ZN (NR2D0BWP30P140)
   0.0341    6.0063 v reducedSum_reduced_nextLevel_adder_28/_0982_/ZN (AOI21D0BWP30P140)
   0.0336    6.0399 ^ reducedSum_reduced_nextLevel_adder_28/_0987_/ZN (NR4D0BWP30P140)
   0.0459    6.0858 ^ reducedSum_reduced_nextLevel_adder_28/_1004_/Z (AN4D0BWP30P140)
   0.0434    6.1292 ^ reducedSum_reduced_nextLevel_adder_28/_1021_/ZN (INR4D0BWP30P140)
   0.0523    6.1815 v reducedSum_reduced_nextLevel_adder_28/_1039_/ZN (ND4D0BWP30P140)
   0.0486    6.2301 ^ reducedSum_reduced_nextLevel_adder_28/_1112_/ZN (NR4D0BWP30P140)
   0.0173    6.2474 v reducedSum_reduced_nextLevel_adder_28/_1114_/ZN (CKND2D0BWP30P140)
   0.0210    6.2684 v reducedSum_reduced_nextLevel_adder_28/_1134_/Z (AN3D0BWP30P140)
   0.0193    6.2877 ^ reducedSum_reduced_nextLevel_adder_28/_1135_/ZN (NR2D0BWP30P140)
   0.0314    6.3191 ^ reducedSum_reduced_nextLevel_adder_30/_0585_/ZN (XNR2UD0BWP30P140)
   0.0228    6.3420 v reducedSum_reduced_nextLevel_adder_30/_0586_/ZN (AOI21D0BWP30P140)
   0.0291    6.3711 v reducedSum_reduced_nextLevel_adder_30/_0590_/Z (OA211D0BWP30P140)
   0.0303    6.4014 ^ reducedSum_reduced_nextLevel_adder_30/_0600_/ZN (OAI31D0BWP30P140)
   0.0392    6.4406 ^ reducedSum_reduced_nextLevel_adder_30/_0611_/Z (OA211D0BWP30P140)
   0.0185    6.4591 v reducedSum_reduced_nextLevel_adder_30/_0620_/ZN (OAI31D0BWP30P140)
   0.0424    6.5015 v reducedSum_reduced_nextLevel_adder_30/_0622_/ZN (XNR2UD0BWP30P140)
   0.0434    6.5449 v reducedSum_reduced_nextLevel_adder_30/_0625_/Z (OR4D0BWP30P140)
   0.0360    6.5809 ^ reducedSum_reduced_nextLevel_adder_30/_0629_/ZN (AOI211D0BWP30P140)
   0.0767    6.6576 v reducedSum_reduced_nextLevel_adder_30/_0636_/ZN (IND3D0BWP30P140)
   0.0475    6.7051 ^ reducedSum_reduced_nextLevel_adder_30/_0650_/ZN (OAI211D0BWP30P140)
   0.0661    6.7712 v reducedSum_reduced_nextLevel_adder_30/_0652_/ZN (CKND2D0BWP30P140)
   0.0452    6.8164 ^ reducedSum_reduced_nextLevel_adder_30/_0755_/ZN (OAI211D0BWP30P140)
   0.0245    6.8409 v reducedSum_reduced_nextLevel_adder_30/_0874_/ZN (ND4D0BWP30P140)
   0.0282    6.8691 v reducedSum_reduced_nextLevel_adder_30/_0877_/Z (OA211D0BWP30P140)
   0.0165    6.8857 ^ reducedSum_reduced_nextLevel_adder_30/_0878_/ZN (OAI21D0BWP30P140)
   0.0234    6.9091 ^ reducedSum_reduced_nextLevel_adder_30/_0879_/Z (OR3D0BWP30P140)
   0.0224    6.9315 v reducedSum_reduced_nextLevel_adder_30/_0883_/ZN (MAOI222D0BWP30P140)
   0.0294    6.9609 v reducedSum_reduced_nextLevel_adder_30/_0884_/Z (AO21D0BWP30P140)
   0.0210    6.9819 v reducedSum_reduced_nextLevel_adder_30/_0888_/Z (AO21D0BWP30P140)
   0.0255    7.0074 ^ reducedSum_reduced_nextLevel_adder_30/_0891_/ZN (MAOI222D0BWP30P140)
   0.0259    7.0333 v reducedSum_reduced_nextLevel_adder_30/_0895_/ZN (MAOI222D0BWP30P140)
   0.0328    7.0661 ^ reducedSum_reduced_nextLevel_adder_30/_0900_/ZN (MAOI222D0BWP30P140)
   0.0254    7.0915 ^ reducedSum_reduced_nextLevel_adder_30/_0902_/ZN (IAO21D0BWP30P140)
   0.0230    7.1145 v reducedSum_reduced_nextLevel_adder_30/_0906_/ZN (MAOI222D0BWP30P140)
   0.0284    7.1429 ^ reducedSum_reduced_nextLevel_adder_30/_0910_/ZN (AOI21D0BWP30P140)
   0.0254    7.1682 v reducedSum_reduced_nextLevel_adder_30/_0912_/ZN (OAI211D0BWP30P140)
   0.0264    7.1946 ^ reducedSum_reduced_nextLevel_adder_30/_0913_/ZN (AOI31D0BWP30P140)
   0.0313    7.2259 ^ reducedSum_reduced_nextLevel_adder_30/_0914_/ZN (IAO21D0BWP30P140)
   0.0344    7.2603 ^ reducedSum_reduced_nextLevel_adder_30/_0921_/Z (OA211D0BWP30P140)
   0.0217    7.2820 v reducedSum_reduced_nextLevel_adder_30/_0931_/ZN (OAI31D0BWP30P140)
   0.1271    7.4091 ^ reducedSum_reduced_nextLevel_adder_30/_0957_/ZN (NR2D0BWP30P140)
   0.0341    7.4432 v reducedSum_reduced_nextLevel_adder_30/_0982_/ZN (AOI21D0BWP30P140)
   0.0336    7.4769 ^ reducedSum_reduced_nextLevel_adder_30/_0987_/ZN (NR4D0BWP30P140)
   0.0459    7.5228 ^ reducedSum_reduced_nextLevel_adder_30/_1004_/Z (AN4D0BWP30P140)
   0.0434    7.5662 ^ reducedSum_reduced_nextLevel_adder_30/_1021_/ZN (INR4D0BWP30P140)
   0.0523    7.6184 v reducedSum_reduced_nextLevel_adder_30/_1039_/ZN (ND4D0BWP30P140)
   0.0329    7.6513 ^ reducedSum_reduced_nextLevel_adder_30/_1043_/ZN (NR2D0BWP30P140)
   0.0206    7.6720 v reducedSum_reduced_nextLevel_adder_30/_1048_/ZN (XNR2UD0BWP30P140)
   0.0203    7.6923 ^ reducedSum_conv/_131_/ZN (NR2D0BWP30P140)
   0.0965    7.7888 v reducedSum_conv/_160_/ZN (OAI31D0BWP30P140)
   0.0555    7.8443 v reducedSum_conv/_173_/Z (XOR2UD0BWP30P140)
   0.0248    7.8691 ^ reducedSum_conv/_174_/ZN (CKND0BWP30P140)
   0.0225    7.8916 v reducedSum_conv/_179_/ZN (OAI31D0BWP30P140)
   0.0281    7.9197 ^ reducedSum_conv/_182_/ZN (AOI21D0BWP30P140)
   0.0326    7.9523 v reducedSum_conv/_185_/ZN (OAI22D0BWP30P140)
   0.0331    7.9855 ^ reducedSum_conv/_189_/ZN (NR4D0BWP30P140)
   0.0214    8.0068 ^ reducedSum_conv/_193_/ZN (IAO21D0BWP30P140)
   0.0283    8.0352 v reducedSum_conv/_194_/ZN (OAI22D0BWP30P140)
   0.0542    8.0894 v reducedSum_conv/_209_/Z (AO21D0BWP30P140)
   0.0331    8.1225 ^ reducedSum_conv/_216_/ZN (NR3D0BWP30P140)
   0.0234    8.1459 v accAdder/_0897_/ZN (XNR2UD0BWP30P140)
   0.0314    8.1772 ^ accAdder/_0899_/ZN (AOI21D0BWP30P140)
   0.0301    8.2074 v accAdder/_0901_/ZN (MAOI222D0BWP30P140)
   0.0371    8.2444 ^ accAdder/_0902_/ZN (MAOI222D0BWP30P140)
   0.0303    8.2747 v accAdder/_0903_/ZN (MAOI222D0BWP30P140)
   0.0361    8.3108 ^ accAdder/_0966_/ZN (MAOI222D0BWP30P140)
   0.0302    8.3410 v accAdder/_0968_/ZN (MAOI222D0BWP30P140)
   0.0261    8.3671 v accAdder/_0970_/ZN (XNR2UD0BWP30P140)
   0.0212    8.3883 ^ accAdder/_0971_/ZN (NR2D0BWP30P140)
   0.0257    8.4140 ^ accAdder/_0972_/Z (AN2D0BWP30P140)
   0.4170    8.8310 v accAdder/_0975_/ZN (AOI31D0BWP30P140)
   0.4192    9.2502 ^ accAdder/_0991_/ZN (AOI22D0BWP30P140)
   0.0318    9.2821 v accAdder/_1063_/ZN (CKND2D0BWP30P140)
   0.0370    9.3190 ^ accAdder/_1188_/ZN (OAI32D0BWP30P140)
   0.0151    9.3341 v accAdder/_1189_/ZN (AOI21D0BWP30P140)
   0.0396    9.3737 ^ accAdder/_1191_/ZN (OAI221D0BWP30P140)
   0.0211    9.3948 v accAdder/_1196_/ZN (OAI31D0BWP30P140)
   0.0222    9.4171 ^ accAdder/_1198_/ZN (AOI21D0BWP30P140)
   0.0256    9.4426 v accAdder/_1200_/ZN (MAOI222D0BWP30P140)
   0.0396    9.4823 ^ accAdder/_1202_/ZN (MAOI222D0BWP30P140)
   0.0257    9.5080 v accAdder/_1204_/ZN (MAOI222D0BWP30P140)
   0.0277    9.5357 ^ accAdder/_1206_/ZN (AOI21D0BWP30P140)
   0.0253    9.5610 ^ accAdder/_1209_/ZN (IAO21D0BWP30P140)
   0.0247    9.5856 v accAdder/_1211_/ZN (MAOI222D0BWP30P140)
   0.0395    9.6252 ^ accAdder/_1213_/ZN (MAOI222D0BWP30P140)
   0.0265    9.6516 v accAdder/_1221_/ZN (MAOI222D0BWP30P140)
   0.0354    9.6870 v accAdder/_1232_/Z (AO21D0BWP30P140)
   0.0261    9.7131 ^ accAdder/_1242_/ZN (MAOI222D0BWP30P140)
   0.0265    9.7396 v accAdder/_1255_/ZN (MAOI222D0BWP30P140)
   0.0315    9.7711 v accAdder/_1259_/Z (AO21D0BWP30P140)
   0.0182    9.7893 ^ accAdder/_1276_/ZN (AOI21D0BWP30P140)
   0.0258    9.8151 v accAdder/_1280_/ZN (MAOI222D0BWP30P140)
   0.0391    9.8542 ^ accAdder/_1296_/ZN (MAOI222D0BWP30P140)
   0.0262    9.8804 v accAdder/_1300_/ZN (MAOI222D0BWP30P140)
   0.0304    9.9108 ^ accAdder/_1318_/ZN (AOI21D0BWP30P140)
   0.0249    9.9357 v accAdder/_1322_/ZN (MAOI222D0BWP30P140)
   0.0364    9.9722 v accAdder/_1345_/Z (AO21D0BWP30P140)
   0.0156    9.9878 ^ accAdder/_1353_/ZN (MUX2ND0BWP30P140)
   0.0347   10.0225 ^ accAdder/_1354_/ZN (XNR2UD0BWP30P140)
   0.0288   10.0513 ^ accAdder/_1453_/ZN (MAOI22D0BWP30P140)
   0.1281   10.1794 v accAdder/_1456_/ZN (OAI211D0BWP30P140)
   0.0886   10.2680 ^ accAdder/_1531_/Z (MUX4D0BWP30P140)
   0.0194   10.2874 v accAdder/_1534_/ZN (MUX3ND0BWP30P140)
   0.0405   10.3279 ^ accAdder/_1568_/ZN (NR2D0BWP30P140)
   0.0507   10.3786 ^ accAdder/_1577_/ZN (INR4D0BWP30P140)
   0.0510   10.4297 ^ accAdder/_1582_/Z (AN4D0BWP30P140)
   0.0395   10.4691 ^ accAdder/_1590_/Z (AN4D0BWP30P140)
   0.0406   10.5097 ^ accAdder/_1601_/Z (AN4D0BWP30P140)
   0.0349   10.5446 ^ accAdder/_1603_/Z (AN3D0BWP30P140)
   0.0271   10.5717 v accAdder/_1605_/ZN (IND3D0BWP30P140)
   0.0379   10.6096 v accAdder/_1606_/Z (OR3D0BWP30P140)
   0.0368   10.6465 ^ accAdder/_1608_/ZN (INR3D0BWP30P140)
   0.0364   10.6829 v accAdder/_1611_/ZN (MAOI222D0BWP30P140)
   0.0357   10.7186 ^ accAdder/_1616_/ZN (NR4D0BWP30P140)
   0.0219   10.7405 v accAdder/_1619_/ZN (OAI31D0BWP30P140)
   0.0327   10.7731 v accAdder/_1621_/Z (AO21D0BWP30P140)
   0.0312   10.8044 ^ accAdder/_1623_/ZN (AOI21D0BWP30P140)
   0.0237   10.8280 v accAdder/_1626_/ZN (OAI21D0BWP30P140)
   0.0215   10.8495 v accAdder/_1658_/Z (AN3D0BWP30P140)
   0.0613   10.9108 v accAdder/_1659_/Z (OR3D0BWP30P140)
   0.0420   10.9528 ^ accAdder/_1703_/ZN (AOI211D0BWP30P140)
   0.0261   10.9788 ^ _060_/Z (AO22D0BWP30P140)
   0.0000   10.9788 ^ _070_/D (DFCNQD1BWP30P140)
            10.9788   data arrival time

  20.0000   20.0000   clock CORE_CLK (rise edge)
   0.0000   20.0000   clock network delay (ideal)
  -0.0500   19.9500   clock uncertainty
   0.0000   19.9500   clock reconvergence pessimism
            19.9500 ^ _070_/CP (DFCNQD1BWP30P140)
  -0.0174   19.9326   library setup time
            19.9326   data required time
-------------------------------------------------------------
            19.9326   data required time
           -10.9788   data arrival time
-------------------------------------------------------------
             8.9538   slack (MET)


