
===========================================================================
report_checks -unconstrained
===========================================================================
======================= Typical Corner ===================================

Startpoint: io_inScaleA[6] (input port clocked by clock)
Endpoint: _3113_ (rising edge-triggered flip-flop clocked by clock)
Path Group: clock
Path Type: max

Fanout     Cap    Slew   Delay    Time   Description
-----------------------------------------------------------------------------
                          0.00    0.00   clock clock (rise edge)
                          0.00    0.00   clock network delay (propagated)
                          2.00    2.00 v input external delay
     1    0.01    0.02    0.01    2.01 v io_inScaleA[6] (in)
                                         io_inScaleA[6] (net)
                  0.02    0.00    2.01 v input15/A (sky130_fd_sc_hd__buf_8)
     4    0.02    0.03    0.12    2.13 v input15/X (sky130_fd_sc_hd__buf_8)
                                         net15 (net)
                  0.03    0.00    2.13 v _1585_/A1 (sky130_fd_sc_hd__o21ai_4)
     5    0.03    0.27    0.26    2.39 ^ _1585_/Y (sky130_fd_sc_hd__o21ai_4)
                                         _0419_ (net)
                  0.27    0.00    2.39 ^ _1595_/B (sky130_fd_sc_hd__xnor2_2)
     1    0.01    0.07    0.12    2.51 v _1595_/Y (sky130_fd_sc_hd__xnor2_2)
                                         _0521_ (net)
                  0.07    0.00    2.51 v _1596_/A (sky130_fd_sc_hd__xnor2_2)
     2    0.01    0.23    0.26    2.77 ^ _1596_/Y (sky130_fd_sc_hd__xnor2_2)
                                         _0530_ (net)
                  0.23    0.00    2.77 ^ _1597_/A (sky130_fd_sc_hd__xnor2_2)
     2    0.01    0.09    0.14    2.91 v _1597_/Y (sky130_fd_sc_hd__xnor2_2)
                                         _0540_ (net)
                  0.09    0.00    2.91 v _1621_/B (sky130_fd_sc_hd__or3_4)
     1    0.00    0.06    0.39    3.30 v _1621_/X (sky130_fd_sc_hd__or3_4)
                                         _0705_ (net)
                  0.06    0.00    3.30 v _1622_/B1_N (sky130_fd_sc_hd__a21bo_4)
     2    0.01    0.05    0.20    3.50 ^ _1622_/X (sky130_fd_sc_hd__a21bo_4)
                                         _0706_ (net)
                  0.05    0.00    3.50 ^ _1626_/B (sky130_fd_sc_hd__xor2_2)
     2    0.01    0.19    0.21    3.71 ^ _1626_/X (sky130_fd_sc_hd__xor2_2)
                                         _0710_ (net)
                  0.19    0.00    3.71 ^ _1627_/A (sky130_fd_sc_hd__xnor2_2)
     2    0.02    0.31    0.21    3.92 ^ _1627_/Y (sky130_fd_sc_hd__xnor2_2)
                                         _0711_ (net)
                  0.31    0.00    3.92 ^ _1628_/A (sky130_fd_sc_hd__xor2_4)
     2    0.02    0.19    0.25    4.16 ^ _1628_/X (sky130_fd_sc_hd__xor2_4)
                                         _0712_ (net)
                  0.19    0.00    4.17 ^ _1633_/A_N (sky130_fd_sc_hd__and2b_1)
     1    0.00    0.03    0.21    4.38 v _1633_/X (sky130_fd_sc_hd__and2b_1)
                                         _0717_ (net)
                  0.03    0.00    4.38 v _1634_/B1 (sky130_fd_sc_hd__a31o_1)
     2    0.01    0.08    0.23    4.61 v _1634_/X (sky130_fd_sc_hd__a31o_1)
                                         _0718_ (net)
                  0.08    0.00    4.61 v _1722_/C (sky130_fd_sc_hd__or3_4)
     2    0.00    0.07    0.35    4.97 v _1722_/X (sky130_fd_sc_hd__or3_4)
                                         _0806_ (net)
                  0.07    0.00    4.97 v _1783_/A (sky130_fd_sc_hd__and3_1)
     1    0.01    0.06    0.19    5.15 v _1783_/X (sky130_fd_sc_hd__and3_1)
                                         _0867_ (net)
                  0.06    0.00    5.15 v _1784_/B (sky130_fd_sc_hd__xnor2_2)
     2    0.01    0.07    0.16    5.31 v _1784_/Y (sky130_fd_sc_hd__xnor2_2)
                                         _0868_ (net)
                  0.07    0.00    5.31 v _1785_/A (sky130_fd_sc_hd__xnor2_1)
     2    0.01    0.24    0.26    5.58 ^ _1785_/Y (sky130_fd_sc_hd__xnor2_1)
                                         _0869_ (net)
                  0.24    0.00    5.58 ^ _1786_/B (sky130_fd_sc_hd__or3_4)
     1    0.00    0.03    0.18    5.76 ^ _1786_/X (sky130_fd_sc_hd__or3_4)
                                         _0870_ (net)
                  0.03    0.00    5.76 ^ _1787_/B1_N (sky130_fd_sc_hd__a21bo_4)
     2    0.01    0.05    0.24    5.99 v _1787_/X (sky130_fd_sc_hd__a21bo_4)
                                         _0871_ (net)
                  0.05    0.00    6.00 v _1789_/A (sky130_fd_sc_hd__xor2_2)
     2    0.01    0.11    0.20    6.20 v _1789_/X (sky130_fd_sc_hd__xor2_2)
                                         _0873_ (net)
                  0.11    0.00    6.20 v _1832_/A2 (sky130_fd_sc_hd__o21bai_4)
     3    0.01    0.14    0.18    6.38 ^ _1832_/Y (sky130_fd_sc_hd__o21bai_4)
                                         _0916_ (net)
                  0.14    0.00    6.38 ^ _1834_/A1 (sky130_fd_sc_hd__a21o_1)
     2    0.01    0.13    0.21    6.59 ^ _1834_/X (sky130_fd_sc_hd__a21o_1)
                                         _0918_ (net)
                  0.13    0.00    6.59 ^ _1836_/A1 (sky130_fd_sc_hd__a21oi_4)
     3    0.02    0.06    0.09    6.68 v _1836_/Y (sky130_fd_sc_hd__a21oi_4)
                                         _0920_ (net)
                  0.06    0.00    6.68 v _1840_/A1 (sky130_fd_sc_hd__o211a_1)
     2    0.01    0.06    0.27    6.95 v _1840_/X (sky130_fd_sc_hd__o211a_1)
                                         _0924_ (net)
                  0.06    0.00    6.95 v _1841_/A2 (sky130_fd_sc_hd__o31a_4)
     4    0.02    0.07    0.39    7.33 v _1841_/X (sky130_fd_sc_hd__o31a_4)
                                         _0925_ (net)
                  0.07    0.00    7.33 v rebuffer28/A (sky130_fd_sc_hd__buf_8)
     1    0.02    0.03    0.14    7.47 v rebuffer28/X (sky130_fd_sc_hd__buf_8)
                                         net83 (net)
                  0.03    0.00    7.48 v _1879_/B (sky130_fd_sc_hd__xnor2_4)
     7    0.02    0.19    0.19    7.67 ^ _1879_/Y (sky130_fd_sc_hd__xnor2_4)
                                         _0963_ (net)
                  0.19    0.00    7.67 ^ _1934_/C (sky130_fd_sc_hd__and4_1)
     2    0.01    0.09    0.25    7.92 ^ _1934_/X (sky130_fd_sc_hd__and4_1)
                                         _1018_ (net)
                  0.09    0.00    7.92 ^ _1935_/A (sky130_fd_sc_hd__buf_6)
     5    0.01    0.04    0.12    8.04 ^ _1935_/X (sky130_fd_sc_hd__buf_6)
                                         _1019_ (net)
                  0.04    0.00    8.04 ^ _1936_/A (sky130_fd_sc_hd__and2_4)
     1    0.01    0.04    0.14    8.18 ^ _1936_/X (sky130_fd_sc_hd__and2_4)
                                         _1020_ (net)
                  0.04    0.00    8.18 ^ _1937_/A (sky130_fd_sc_hd__buf_8)
     7    0.04    0.07    0.13    8.30 ^ _1937_/X (sky130_fd_sc_hd__buf_8)
                                         _1021_ (net)
                  0.07    0.00    8.30 ^ _1942_/B (sky130_fd_sc_hd__xnor2_4)
     2    0.01    0.08    0.08    8.39 v _1942_/Y (sky130_fd_sc_hd__xnor2_4)
                                         _1026_ (net)
                  0.08    0.00    8.39 v _1952_/A1 (sky130_fd_sc_hd__o221a_1)
     2    0.01    0.08    0.32    8.70 v _1952_/X (sky130_fd_sc_hd__o221a_1)
                                         _1036_ (net)
                  0.08    0.00    8.70 v _1955_/A (sky130_fd_sc_hd__nor2b_2)
     2    0.02    0.19    0.21    8.92 ^ _1955_/Y (sky130_fd_sc_hd__nor2b_2)
                                         _1039_ (net)
                  0.19    0.00    8.92 ^ _1958_/A1 (sky130_fd_sc_hd__a31oi_4)
     5    0.01    0.09    0.13    9.04 v _1958_/Y (sky130_fd_sc_hd__a31oi_4)
                                         _1042_ (net)
                  0.09    0.00    9.04 v _1959_/B (sky130_fd_sc_hd__or3_4)
     4    0.02    0.10    0.45    9.49 v _1959_/X (sky130_fd_sc_hd__or3_4)
                                         _1043_ (net)
                  0.10    0.00    9.49 v _1965_/A2 (sky130_fd_sc_hd__a21o_4)
     2    0.02    0.06    0.27    9.77 v _1965_/X (sky130_fd_sc_hd__a21o_4)
                                         _1049_ (net)
                  0.06    0.00    9.77 v _1971_/A2 (sky130_fd_sc_hd__a21o_4)
     2    0.02    0.06    0.25   10.02 v _1971_/X (sky130_fd_sc_hd__a21o_4)
                                         _1055_ (net)
                  0.06    0.00   10.02 v _1977_/A2 (sky130_fd_sc_hd__a21bo_4)
     2    0.02    0.06    0.26   10.28 v _1977_/X (sky130_fd_sc_hd__a21bo_4)
                                         _1061_ (net)
                  0.06    0.00   10.28 v _1986_/A2 (sky130_fd_sc_hd__a21o_4)
     2    0.02    0.05    0.25   10.53 v _1986_/X (sky130_fd_sc_hd__a21o_4)
                                         _1070_ (net)
                  0.05    0.00   10.54 v _1989_/A2 (sky130_fd_sc_hd__a21o_1)
     2    0.02    0.10    0.25   10.79 v _1989_/X (sky130_fd_sc_hd__a21o_1)
                                         _1073_ (net)
                  0.10    0.00   10.79 v _1992_/A2 (sky130_fd_sc_hd__a21oi_4)
     3    0.02    0.19    0.24   11.03 ^ _1992_/Y (sky130_fd_sc_hd__a21oi_4)
                                         _1076_ (net)
                  0.19    0.00   11.03 ^ max_cap1/A (sky130_fd_sc_hd__buf_4)
     3    0.04    0.11    0.22   11.25 ^ max_cap1/X (sky130_fd_sc_hd__buf_4)
                                         net90 (net)
                  0.11    0.00   11.25 ^ _1993_/A (sky130_fd_sc_hd__xnor2_4)
     6    0.04    0.34    0.21   11.46 ^ _1993_/Y (sky130_fd_sc_hd__xnor2_4)
                                         _1077_ (net)
                  0.34    0.00   11.47 ^ _2029_/S (sky130_fd_sc_hd__mux2_4)
     5    0.01    0.06    0.38   11.84 v _2029_/X (sky130_fd_sc_hd__mux2_4)
                                         _1113_ (net)
                  0.06    0.00   11.84 v _2109_/A (sky130_fd_sc_hd__buf_2)
    10    0.03    0.07    0.18   12.02 v _2109_/X (sky130_fd_sc_hd__buf_2)
                                         _1193_ (net)
                  0.07    0.00   12.02 v _2230_/A1 (sky130_fd_sc_hd__a21o_1)
     3    0.01    0.06    0.20   12.22 v _2230_/X (sky130_fd_sc_hd__a21o_1)
                                         _1314_ (net)
                  0.06    0.00   12.22 v _2310_/A3 (sky130_fd_sc_hd__a311o_1)
     1    0.01    0.08    0.41   12.63 v _2310_/X (sky130_fd_sc_hd__a311o_1)
                                         _1394_ (net)
                  0.08    0.00   12.63 v _2315_/A3 (sky130_fd_sc_hd__a31oi_4)
     1    0.01    0.12    0.19   12.82 ^ _2315_/Y (sky130_fd_sc_hd__a31oi_4)
                                         _1399_ (net)
                  0.12    0.00   12.82 ^ _2316_/C1 (sky130_fd_sc_hd__a311o_1)
     3    0.01    0.14    0.20   13.02 ^ _2316_/X (sky130_fd_sc_hd__a311o_1)
                                         _1400_ (net)
                  0.14    0.00   13.02 ^ rebuffer6/A (sky130_fd_sc_hd__clkbuf_1)
     1    0.00    0.05    0.12   13.14 ^ rebuffer6/X (sky130_fd_sc_hd__clkbuf_1)
                                         net61 (net)
                  0.05    0.00   13.14 ^ _2320_/B (sky130_fd_sc_hd__nand3_1)
     2    0.01    0.10    0.12   13.26 v _2320_/Y (sky130_fd_sc_hd__nand3_1)
                                         _1404_ (net)
                  0.10    0.00   13.26 v _2357_/A1 (sky130_fd_sc_hd__a2111o_4)
     4    0.02    0.09    0.52   13.78 v _2357_/X (sky130_fd_sc_hd__a2111o_4)
                                         _1441_ (net)
                  0.09    0.00   13.78 v _2359_/A1 (sky130_fd_sc_hd__a21o_1)
     3    0.01    0.06    0.21   13.99 v _2359_/X (sky130_fd_sc_hd__a21o_1)
                                         _1443_ (net)
                  0.06    0.00   13.99 v _2374_/A1 (sky130_fd_sc_hd__a311o_1)
     3    0.01    0.09    0.32   14.31 v _2374_/X (sky130_fd_sc_hd__a311o_1)
                                         _1459_ (net)
                  0.09    0.00   14.31 v _2391_/A2 (sky130_fd_sc_hd__a2111o_1)
     2    0.01    0.10    0.50   14.81 v _2391_/X (sky130_fd_sc_hd__a2111o_1)
                                         _1478_ (net)
                  0.10    0.00   14.81 v _2400_/A1 (sky130_fd_sc_hd__a41oi_4)
     4    0.02    0.23    0.22   15.03 ^ _2400_/Y (sky130_fd_sc_hd__a41oi_4)
                                         _1488_ (net)
                  0.23    0.00   15.03 ^ _2437_/A1 (sky130_fd_sc_hd__a311oi_2)
     2    0.00    0.10    0.14   15.17 v _2437_/Y (sky130_fd_sc_hd__a311oi_2)
                                         _1527_ (net)
                  0.10    0.00   15.17 v _2461_/A1 (sky130_fd_sc_hd__a2111o_1)
     2    0.00    0.07    0.40   15.57 v _2461_/X (sky130_fd_sc_hd__a2111o_1)
                                         _0047_ (net)
                  0.07    0.00   15.57 v _2489_/A2 (sky130_fd_sc_hd__a21o_1)
     2    0.00    0.04    0.19   15.76 v _2489_/X (sky130_fd_sc_hd__a21o_1)
                                         _0077_ (net)
                  0.04    0.00   15.76 v _2495_/A (sky130_fd_sc_hd__and3_1)
     3    0.01    0.07    0.18   15.94 v _2495_/X (sky130_fd_sc_hd__and3_1)
                                         _0084_ (net)
                  0.07    0.00   15.94 v _2557_/A3 (sky130_fd_sc_hd__o311a_4)
     2    0.01    0.06    0.33   16.27 v _2557_/X (sky130_fd_sc_hd__o311a_4)
                                         _0152_ (net)
                  0.06    0.00   16.27 v _2570_/A3 (sky130_fd_sc_hd__o31a_4)
     3    0.01    0.06    0.31   16.58 v _2570_/X (sky130_fd_sc_hd__o31a_4)
                                         _0167_ (net)
                  0.06    0.00   16.59 v _2774_/S (sky130_fd_sc_hd__mux2_4)
     4    0.01    0.06    0.34   16.92 v _2774_/X (sky130_fd_sc_hd__mux2_4)
                                         _0391_ (net)
                  0.06    0.00   16.92 v _2790_/B2 (sky130_fd_sc_hd__a221o_1)
     1    0.00    0.06    0.34   17.27 v _2790_/X (sky130_fd_sc_hd__a221o_1)
                                         _0409_ (net)
                  0.06    0.00   17.27 v _2791_/A1 (sky130_fd_sc_hd__a21bo_1)
     1    0.00    0.04    0.18   17.45 v _2791_/X (sky130_fd_sc_hd__a21bo_1)
                                         _0410_ (net)
                  0.04    0.00   17.45 v _2792_/A1 (sky130_fd_sc_hd__a21o_1)
     1    0.00    0.04    0.16   17.61 v _2792_/X (sky130_fd_sc_hd__a21o_1)
                                         _0411_ (net)
                  0.04    0.00   17.61 v _2793_/A1 (sky130_fd_sc_hd__a21o_1)
     1    0.00    0.04    0.16   17.77 v _2793_/X (sky130_fd_sc_hd__a21o_1)
                                         _0412_ (net)
                  0.04    0.00   17.77 v _2794_/A1 (sky130_fd_sc_hd__a21o_1)
     1    0.00    0.03    0.15   17.92 v _2794_/X (sky130_fd_sc_hd__a21o_1)
                                         _0413_ (net)
                  0.03    0.00   17.92 v _2796_/A1 (sky130_fd_sc_hd__a21o_1)
     1    0.00    0.04    0.16   18.09 v _2796_/X (sky130_fd_sc_hd__a21o_1)
                                         _0415_ (net)
                  0.04    0.00   18.09 v _2797_/A1 (sky130_fd_sc_hd__a21o_1)
     1    0.00    0.04    0.16   18.25 v _2797_/X (sky130_fd_sc_hd__a21o_1)
                                         _0416_ (net)
                  0.04    0.00   18.25 v _2798_/A1 (sky130_fd_sc_hd__a21o_1)
     1    0.00    0.03    0.15   18.40 v _2798_/X (sky130_fd_sc_hd__a21o_1)
                                         _0417_ (net)
                  0.03    0.00   18.40 v _2800_/A1 (sky130_fd_sc_hd__a21o_1)
     1    0.00    0.04    0.16   18.56 v _2800_/X (sky130_fd_sc_hd__a21o_1)
                                         _0420_ (net)
                  0.04    0.00   18.56 v _2801_/A1 (sky130_fd_sc_hd__a21oi_1)
     1    0.00    0.10    0.11   18.67 ^ _2801_/Y (sky130_fd_sc_hd__a21oi_1)
                                         _0421_ (net)
                  0.10    0.00   18.67 ^ _2802_/A1 (sky130_fd_sc_hd__o21ba_1)
     1    0.00    0.05    0.15   18.82 ^ _2802_/X (sky130_fd_sc_hd__o21ba_1)
                                         _0422_ (net)
                  0.05    0.00   18.82 ^ _2804_/A1 (sky130_fd_sc_hd__o21ai_1)
     1    0.00    0.07    0.07   18.90 v _2804_/Y (sky130_fd_sc_hd__o21ai_1)
                                         _0424_ (net)
                  0.07    0.00   18.90 v _2805_/A1 (sky130_fd_sc_hd__a21o_1)
     4    0.02    0.09    0.23   19.13 v _2805_/X (sky130_fd_sc_hd__a21o_1)
                                         _0425_ (net)
                  0.09    0.00   19.13 v clone11/A (sky130_fd_sc_hd__buf_6)
     5    0.02    0.03    0.16   19.28 v clone11/X (sky130_fd_sc_hd__buf_6)
                                         net66 (net)
                  0.03    0.00   19.28 v _3032_/A4 (sky130_fd_sc_hd__a41o_1)
     2    0.01    0.06    0.27   19.55 v _3032_/X (sky130_fd_sc_hd__a41o_1)
                                         _0649_ (net)
                  0.06    0.00   19.55 v _3044_/A2 (sky130_fd_sc_hd__a21bo_1)
     2    0.01    0.07    0.24   19.79 v _3044_/X (sky130_fd_sc_hd__a21bo_1)
                                         _0661_ (net)
                  0.07    0.00   19.79 v _3056_/A2 (sky130_fd_sc_hd__a21oi_2)
     2    0.01    0.16    0.21   20.00 ^ _3056_/Y (sky130_fd_sc_hd__a21oi_2)
                                         _0673_ (net)
                  0.16    0.00   20.00 ^ _3063_/B1 (sky130_fd_sc_hd__o22ai_2)
     2    0.01    0.08    0.12   20.12 v _3063_/Y (sky130_fd_sc_hd__o22ai_2)
                                         _0680_ (net)
                  0.08    0.00   20.12 v _3067_/A (sky130_fd_sc_hd__or2_1)
     1    0.00    0.05    0.25   20.37 v _3067_/X (sky130_fd_sc_hd__or2_1)
                                         _0684_ (net)
                  0.05    0.00   20.37 v _3068_/B (sky130_fd_sc_hd__and2_4)
     1    0.00    0.03    0.16   20.53 v _3068_/X (sky130_fd_sc_hd__and2_4)
                                         _0685_ (net)
                  0.03    0.00   20.53 v _3070_/A2 (sky130_fd_sc_hd__o211a_1)
     1    0.00    0.04    0.20   20.73 v _3070_/X (sky130_fd_sc_hd__o211a_1)
                                         _0030_ (net)
                  0.04    0.00   20.73 v _3113_/D (sky130_fd_sc_hd__dfxtp_1)
                                 20.73   data arrival time

                         10.00   10.00   clock clock (rise edge)
                          0.00   10.00   clock source latency
     1    0.01    0.04    0.03   10.03 ^ clock (in)
                                         clock (net)
                  0.04    0.00   10.03 ^ clkbuf_0_clock/A (sky130_fd_sc_hd__clkbuf_16)
     4    0.03    0.05    0.13   10.15 ^ clkbuf_0_clock/X (sky130_fd_sc_hd__clkbuf_16)
                                         clknet_0_clock (net)
                  0.05    0.00   10.15 ^ clkbuf_2_2__f_clock/A (sky130_fd_sc_hd__clkbuf_16)
     7    0.02    0.04    0.12   10.28 ^ clkbuf_2_2__f_clock/X (sky130_fd_sc_hd__clkbuf_16)
                                         clknet_2_2__leaf_clock (net)
                  0.04    0.00   10.28 ^ _3113_/CLK (sky130_fd_sc_hd__dfxtp_1)
                         -0.25   10.03   clock uncertainty
                          0.00   10.03   clock reconvergence pessimism
                         -0.11    9.92   library setup time
                                  9.92   data required time
-----------------------------------------------------------------------------
                                  9.92   data required time
                                -20.73   data arrival time
-----------------------------------------------------------------------------
                                -10.81   slack (VIOLATED)




===========================================================================
report_checks --slack_max -0.01
============================================================================
======================= Typical Corner ===================================

Startpoint: io_inScaleA[6] (input port clocked by clock)
Endpoint: _3113_ (rising edge-triggered flip-flop clocked by clock)
Path Group: clock
Path Type: max

Fanout     Cap    Slew   Delay    Time   Description
-----------------------------------------------------------------------------
                          0.00    0.00   clock clock (rise edge)
                          0.00    0.00   clock network delay (propagated)
                          2.00    2.00 v input external delay
     1    0.01    0.02    0.01    2.01 v io_inScaleA[6] (in)
                                         io_inScaleA[6] (net)
                  0.02    0.00    2.01 v input15/A (sky130_fd_sc_hd__buf_8)
     4    0.02    0.03    0.12    2.13 v input15/X (sky130_fd_sc_hd__buf_8)
                                         net15 (net)
                  0.03    0.00    2.13 v _1585_/A1 (sky130_fd_sc_hd__o21ai_4)
     5    0.03    0.27    0.26    2.39 ^ _1585_/Y (sky130_fd_sc_hd__o21ai_4)
                                         _0419_ (net)
                  0.27    0.00    2.39 ^ _1595_/B (sky130_fd_sc_hd__xnor2_2)
     1    0.01    0.07    0.12    2.51 v _1595_/Y (sky130_fd_sc_hd__xnor2_2)
                                         _0521_ (net)
                  0.07    0.00    2.51 v _1596_/A (sky130_fd_sc_hd__xnor2_2)
     2    0.01    0.23    0.26    2.77 ^ _1596_/Y (sky130_fd_sc_hd__xnor2_2)
                                         _0530_ (net)
                  0.23    0.00    2.77 ^ _1597_/A (sky130_fd_sc_hd__xnor2_2)
     2    0.01    0.09    0.14    2.91 v _1597_/Y (sky130_fd_sc_hd__xnor2_2)
                                         _0540_ (net)
                  0.09    0.00    2.91 v _1621_/B (sky130_fd_sc_hd__or3_4)
     1    0.00    0.06    0.39    3.30 v _1621_/X (sky130_fd_sc_hd__or3_4)
                                         _0705_ (net)
                  0.06    0.00    3.30 v _1622_/B1_N (sky130_fd_sc_hd__a21bo_4)
     2    0.01    0.05    0.20    3.50 ^ _1622_/X (sky130_fd_sc_hd__a21bo_4)
                                         _0706_ (net)
                  0.05    0.00    3.50 ^ _1626_/B (sky130_fd_sc_hd__xor2_2)
     2    0.01    0.19    0.21    3.71 ^ _1626_/X (sky130_fd_sc_hd__xor2_2)
                                         _0710_ (net)
                  0.19    0.00    3.71 ^ _1627_/A (sky130_fd_sc_hd__xnor2_2)
     2    0.02    0.31    0.21    3.92 ^ _1627_/Y (sky130_fd_sc_hd__xnor2_2)
                                         _0711_ (net)
                  0.31    0.00    3.92 ^ _1628_/A (sky130_fd_sc_hd__xor2_4)
     2    0.02    0.19    0.25    4.16 ^ _1628_/X (sky130_fd_sc_hd__xor2_4)
                                         _0712_ (net)
                  0.19    0.00    4.17 ^ _1633_/A_N (sky130_fd_sc_hd__and2b_1)
     1    0.00    0.03    0.21    4.38 v _1633_/X (sky130_fd_sc_hd__and2b_1)
                                         _0717_ (net)
                  0.03    0.00    4.38 v _1634_/B1 (sky130_fd_sc_hd__a31o_1)
     2    0.01    0.08    0.23    4.61 v _1634_/X (sky130_fd_sc_hd__a31o_1)
                                         _0718_ (net)
                  0.08    0.00    4.61 v _1722_/C (sky130_fd_sc_hd__or3_4)
     2    0.00    0.07    0.35    4.97 v _1722_/X (sky130_fd_sc_hd__or3_4)
                                         _0806_ (net)
                  0.07    0.00    4.97 v _1783_/A (sky130_fd_sc_hd__and3_1)
     1    0.01    0.06    0.19    5.15 v _1783_/X (sky130_fd_sc_hd__and3_1)
                                         _0867_ (net)
                  0.06    0.00    5.15 v _1784_/B (sky130_fd_sc_hd__xnor2_2)
     2    0.01    0.07    0.16    5.31 v _1784_/Y (sky130_fd_sc_hd__xnor2_2)
                                         _0868_ (net)
                  0.07    0.00    5.31 v _1785_/A (sky130_fd_sc_hd__xnor2_1)
     2    0.01    0.24    0.26    5.58 ^ _1785_/Y (sky130_fd_sc_hd__xnor2_1)
                                         _0869_ (net)
                  0.24    0.00    5.58 ^ _1786_/B (sky130_fd_sc_hd__or3_4)
     1    0.00    0.03    0.18    5.76 ^ _1786_/X (sky130_fd_sc_hd__or3_4)
                                         _0870_ (net)
                  0.03    0.00    5.76 ^ _1787_/B1_N (sky130_fd_sc_hd__a21bo_4)
     2    0.01    0.05    0.24    5.99 v _1787_/X (sky130_fd_sc_hd__a21bo_4)
                                         _0871_ (net)
                  0.05    0.00    6.00 v _1789_/A (sky130_fd_sc_hd__xor2_2)
     2    0.01    0.11    0.20    6.20 v _1789_/X (sky130_fd_sc_hd__xor2_2)
                                         _0873_ (net)
                  0.11    0.00    6.20 v _1832_/A2 (sky130_fd_sc_hd__o21bai_4)
     3    0.01    0.14    0.18    6.38 ^ _1832_/Y (sky130_fd_sc_hd__o21bai_4)
                                         _0916_ (net)
                  0.14    0.00    6.38 ^ _1834_/A1 (sky130_fd_sc_hd__a21o_1)
     2    0.01    0.13    0.21    6.59 ^ _1834_/X (sky130_fd_sc_hd__a21o_1)
                                         _0918_ (net)
                  0.13    0.00    6.59 ^ _1836_/A1 (sky130_fd_sc_hd__a21oi_4)
     3    0.02    0.06    0.09    6.68 v _1836_/Y (sky130_fd_sc_hd__a21oi_4)
                                         _0920_ (net)
                  0.06    0.00    6.68 v _1840_/A1 (sky130_fd_sc_hd__o211a_1)
     2    0.01    0.06    0.27    6.95 v _1840_/X (sky130_fd_sc_hd__o211a_1)
                                         _0924_ (net)
                  0.06    0.00    6.95 v _1841_/A2 (sky130_fd_sc_hd__o31a_4)
     4    0.02    0.07    0.39    7.33 v _1841_/X (sky130_fd_sc_hd__o31a_4)
                                         _0925_ (net)
                  0.07    0.00    7.33 v rebuffer28/A (sky130_fd_sc_hd__buf_8)
     1    0.02    0.03    0.14    7.47 v rebuffer28/X (sky130_fd_sc_hd__buf_8)
                                         net83 (net)
                  0.03    0.00    7.48 v _1879_/B (sky130_fd_sc_hd__xnor2_4)
     7    0.02    0.19    0.19    7.67 ^ _1879_/Y (sky130_fd_sc_hd__xnor2_4)
                                         _0963_ (net)
                  0.19    0.00    7.67 ^ _1934_/C (sky130_fd_sc_hd__and4_1)
     2    0.01    0.09    0.25    7.92 ^ _1934_/X (sky130_fd_sc_hd__and4_1)
                                         _1018_ (net)
                  0.09    0.00    7.92 ^ _1935_/A (sky130_fd_sc_hd__buf_6)
     5    0.01    0.04    0.12    8.04 ^ _1935_/X (sky130_fd_sc_hd__buf_6)
                                         _1019_ (net)
                  0.04    0.00    8.04 ^ _1936_/A (sky130_fd_sc_hd__and2_4)
     1    0.01    0.04    0.14    8.18 ^ _1936_/X (sky130_fd_sc_hd__and2_4)
                                         _1020_ (net)
                  0.04    0.00    8.18 ^ _1937_/A (sky130_fd_sc_hd__buf_8)
     7    0.04    0.07    0.13    8.30 ^ _1937_/X (sky130_fd_sc_hd__buf_8)
                                         _1021_ (net)
                  0.07    0.00    8.30 ^ _1942_/B (sky130_fd_sc_hd__xnor2_4)
     2    0.01    0.08    0.08    8.39 v _1942_/Y (sky130_fd_sc_hd__xnor2_4)
                                         _1026_ (net)
                  0.08    0.00    8.39 v _1952_/A1 (sky130_fd_sc_hd__o221a_1)
     2    0.01    0.08    0.32    8.70 v _1952_/X (sky130_fd_sc_hd__o221a_1)
                                         _1036_ (net)
                  0.08    0.00    8.70 v _1955_/A (sky130_fd_sc_hd__nor2b_2)
     2    0.02    0.19    0.21    8.92 ^ _1955_/Y (sky130_fd_sc_hd__nor2b_2)
                                         _1039_ (net)
                  0.19    0.00    8.92 ^ _1958_/A1 (sky130_fd_sc_hd__a31oi_4)
     5    0.01    0.09    0.13    9.04 v _1958_/Y (sky130_fd_sc_hd__a31oi_4)
                                         _1042_ (net)
                  0.09    0.00    9.04 v _1959_/B (sky130_fd_sc_hd__or3_4)
     4    0.02    0.10    0.45    9.49 v _1959_/X (sky130_fd_sc_hd__or3_4)
                                         _1043_ (net)
                  0.10    0.00    9.49 v _1965_/A2 (sky130_fd_sc_hd__a21o_4)
     2    0.02    0.06    0.27    9.77 v _1965_/X (sky130_fd_sc_hd__a21o_4)
                                         _1049_ (net)
                  0.06    0.00    9.77 v _1971_/A2 (sky130_fd_sc_hd__a21o_4)
     2    0.02    0.06    0.25   10.02 v _1971_/X (sky130_fd_sc_hd__a21o_4)
                                         _1055_ (net)
                  0.06    0.00   10.02 v _1977_/A2 (sky130_fd_sc_hd__a21bo_4)
     2    0.02    0.06    0.26   10.28 v _1977_/X (sky130_fd_sc_hd__a21bo_4)
                                         _1061_ (net)
                  0.06    0.00   10.28 v _1986_/A2 (sky130_fd_sc_hd__a21o_4)
     2    0.02    0.05    0.25   10.53 v _1986_/X (sky130_fd_sc_hd__a21o_4)
                                         _1070_ (net)
                  0.05    0.00   10.54 v _1989_/A2 (sky130_fd_sc_hd__a21o_1)
     2    0.02    0.10    0.25   10.79 v _1989_/X (sky130_fd_sc_hd__a21o_1)
                                         _1073_ (net)
                  0.10    0.00   10.79 v _1992_/A2 (sky130_fd_sc_hd__a21oi_4)
     3    0.02    0.19    0.24   11.03 ^ _1992_/Y (sky130_fd_sc_hd__a21oi_4)
                                         _1076_ (net)
                  0.19    0.00   11.03 ^ max_cap1/A (sky130_fd_sc_hd__buf_4)
     3    0.04    0.11    0.22   11.25 ^ max_cap1/X (sky130_fd_sc_hd__buf_4)
                                         net90 (net)
                  0.11    0.00   11.25 ^ _1993_/A (sky130_fd_sc_hd__xnor2_4)
     6    0.04    0.34    0.21   11.46 ^ _1993_/Y (sky130_fd_sc_hd__xnor2_4)
                                         _1077_ (net)
                  0.34    0.00   11.47 ^ _2029_/S (sky130_fd_sc_hd__mux2_4)
     5    0.01    0.06    0.38   11.84 v _2029_/X (sky130_fd_sc_hd__mux2_4)
                                         _1113_ (net)
                  0.06    0.00   11.84 v _2109_/A (sky130_fd_sc_hd__buf_2)
    10    0.03    0.07    0.18   12.02 v _2109_/X (sky130_fd_sc_hd__buf_2)
                                         _1193_ (net)
                  0.07    0.00   12.02 v _2230_/A1 (sky130_fd_sc_hd__a21o_1)
     3    0.01    0.06    0.20   12.22 v _2230_/X (sky130_fd_sc_hd__a21o_1)
                                         _1314_ (net)
                  0.06    0.00   12.22 v _2310_/A3 (sky130_fd_sc_hd__a311o_1)
     1    0.01    0.08    0.41   12.63 v _2310_/X (sky130_fd_sc_hd__a311o_1)
                                         _1394_ (net)
                  0.08    0.00   12.63 v _2315_/A3 (sky130_fd_sc_hd__a31oi_4)
     1    0.01    0.12    0.19   12.82 ^ _2315_/Y (sky130_fd_sc_hd__a31oi_4)
                                         _1399_ (net)
                  0.12    0.00   12.82 ^ _2316_/C1 (sky130_fd_sc_hd__a311o_1)
     3    0.01    0.14    0.20   13.02 ^ _2316_/X (sky130_fd_sc_hd__a311o_1)
                                         _1400_ (net)
                  0.14    0.00   13.02 ^ rebuffer6/A (sky130_fd_sc_hd__clkbuf_1)
     1    0.00    0.05    0.12   13.14 ^ rebuffer6/X (sky130_fd_sc_hd__clkbuf_1)
                                         net61 (net)
                  0.05    0.00   13.14 ^ _2320_/B (sky130_fd_sc_hd__nand3_1)
     2    0.01    0.10    0.12   13.26 v _2320_/Y (sky130_fd_sc_hd__nand3_1)
                                         _1404_ (net)
                  0.10    0.00   13.26 v _2357_/A1 (sky130_fd_sc_hd__a2111o_4)
     4    0.02    0.09    0.52   13.78 v _2357_/X (sky130_fd_sc_hd__a2111o_4)
                                         _1441_ (net)
                  0.09    0.00   13.78 v _2359_/A1 (sky130_fd_sc_hd__a21o_1)
     3    0.01    0.06    0.21   13.99 v _2359_/X (sky130_fd_sc_hd__a21o_1)
                                         _1443_ (net)
                  0.06    0.00   13.99 v _2374_/A1 (sky130_fd_sc_hd__a311o_1)
     3    0.01    0.09    0.32   14.31 v _2374_/X (sky130_fd_sc_hd__a311o_1)
                                         _1459_ (net)
                  0.09    0.00   14.31 v _2391_/A2 (sky130_fd_sc_hd__a2111o_1)
     2    0.01    0.10    0.50   14.81 v _2391_/X (sky130_fd_sc_hd__a2111o_1)
                                         _1478_ (net)
                  0.10    0.00   14.81 v _2400_/A1 (sky130_fd_sc_hd__a41oi_4)
     4    0.02    0.23    0.22   15.03 ^ _2400_/Y (sky130_fd_sc_hd__a41oi_4)
                                         _1488_ (net)
                  0.23    0.00   15.03 ^ _2437_/A1 (sky130_fd_sc_hd__a311oi_2)
     2    0.00    0.10    0.14   15.17 v _2437_/Y (sky130_fd_sc_hd__a311oi_2)
                                         _1527_ (net)
                  0.10    0.00   15.17 v _2461_/A1 (sky130_fd_sc_hd__a2111o_1)
     2    0.00    0.07    0.40   15.57 v _2461_/X (sky130_fd_sc_hd__a2111o_1)
                                         _0047_ (net)
                  0.07    0.00   15.57 v _2489_/A2 (sky130_fd_sc_hd__a21o_1)
     2    0.00    0.04    0.19   15.76 v _2489_/X (sky130_fd_sc_hd__a21o_1)
                                         _0077_ (net)
                  0.04    0.00   15.76 v _2495_/A (sky130_fd_sc_hd__and3_1)
     3    0.01    0.07    0.18   15.94 v _2495_/X (sky130_fd_sc_hd__and3_1)
                                         _0084_ (net)
                  0.07    0.00   15.94 v _2557_/A3 (sky130_fd_sc_hd__o311a_4)
     2    0.01    0.06    0.33   16.27 v _2557_/X (sky130_fd_sc_hd__o311a_4)
                                         _0152_ (net)
                  0.06    0.00   16.27 v _2570_/A3 (sky130_fd_sc_hd__o31a_4)
     3    0.01    0.06    0.31   16.58 v _2570_/X (sky130_fd_sc_hd__o31a_4)
                                         _0167_ (net)
                  0.06    0.00   16.59 v _2774_/S (sky130_fd_sc_hd__mux2_4)
     4    0.01    0.06    0.34   16.92 v _2774_/X (sky130_fd_sc_hd__mux2_4)
                                         _0391_ (net)
                  0.06    0.00   16.92 v _2790_/B2 (sky130_fd_sc_hd__a221o_1)
     1    0.00    0.06    0.34   17.27 v _2790_/X (sky130_fd_sc_hd__a221o_1)
                                         _0409_ (net)
                  0.06    0.00   17.27 v _2791_/A1 (sky130_fd_sc_hd__a21bo_1)
     1    0.00    0.04    0.18   17.45 v _2791_/X (sky130_fd_sc_hd__a21bo_1)
                                         _0410_ (net)
                  0.04    0.00   17.45 v _2792_/A1 (sky130_fd_sc_hd__a21o_1)
     1    0.00    0.04    0.16   17.61 v _2792_/X (sky130_fd_sc_hd__a21o_1)
                                         _0411_ (net)
                  0.04    0.00   17.61 v _2793_/A1 (sky130_fd_sc_hd__a21o_1)
     1    0.00    0.04    0.16   17.77 v _2793_/X (sky130_fd_sc_hd__a21o_1)
                                         _0412_ (net)
                  0.04    0.00   17.77 v _2794_/A1 (sky130_fd_sc_hd__a21o_1)
     1    0.00    0.03    0.15   17.92 v _2794_/X (sky130_fd_sc_hd__a21o_1)
                                         _0413_ (net)
                  0.03    0.00   17.92 v _2796_/A1 (sky130_fd_sc_hd__a21o_1)
     1    0.00    0.04    0.16   18.09 v _2796_/X (sky130_fd_sc_hd__a21o_1)
                                         _0415_ (net)
                  0.04    0.00   18.09 v _2797_/A1 (sky130_fd_sc_hd__a21o_1)
     1    0.00    0.04    0.16   18.25 v _2797_/X (sky130_fd_sc_hd__a21o_1)
                                         _0416_ (net)
                  0.04    0.00   18.25 v _2798_/A1 (sky130_fd_sc_hd__a21o_1)
     1    0.00    0.03    0.15   18.40 v _2798_/X (sky130_fd_sc_hd__a21o_1)
                                         _0417_ (net)
                  0.03    0.00   18.40 v _2800_/A1 (sky130_fd_sc_hd__a21o_1)
     1    0.00    0.04    0.16   18.56 v _2800_/X (sky130_fd_sc_hd__a21o_1)
                                         _0420_ (net)
                  0.04    0.00   18.56 v _2801_/A1 (sky130_fd_sc_hd__a21oi_1)
     1    0.00    0.10    0.11   18.67 ^ _2801_/Y (sky130_fd_sc_hd__a21oi_1)
                                         _0421_ (net)
                  0.10    0.00   18.67 ^ _2802_/A1 (sky130_fd_sc_hd__o21ba_1)
     1    0.00    0.05    0.15   18.82 ^ _2802_/X (sky130_fd_sc_hd__o21ba_1)
                                         _0422_ (net)
                  0.05    0.00   18.82 ^ _2804_/A1 (sky130_fd_sc_hd__o21ai_1)
     1    0.00    0.07    0.07   18.90 v _2804_/Y (sky130_fd_sc_hd__o21ai_1)
                                         _0424_ (net)
                  0.07    0.00   18.90 v _2805_/A1 (sky130_fd_sc_hd__a21o_1)
     4    0.02    0.09    0.23   19.13 v _2805_/X (sky130_fd_sc_hd__a21o_1)
                                         _0425_ (net)
                  0.09    0.00   19.13 v clone11/A (sky130_fd_sc_hd__buf_6)
     5    0.02    0.03    0.16   19.28 v clone11/X (sky130_fd_sc_hd__buf_6)
                                         net66 (net)
                  0.03    0.00   19.28 v _3032_/A4 (sky130_fd_sc_hd__a41o_1)
     2    0.01    0.06    0.27   19.55 v _3032_/X (sky130_fd_sc_hd__a41o_1)
                                         _0649_ (net)
                  0.06    0.00   19.55 v _3044_/A2 (sky130_fd_sc_hd__a21bo_1)
     2    0.01    0.07    0.24   19.79 v _3044_/X (sky130_fd_sc_hd__a21bo_1)
                                         _0661_ (net)
                  0.07    0.00   19.79 v _3056_/A2 (sky130_fd_sc_hd__a21oi_2)
     2    0.01    0.16    0.21   20.00 ^ _3056_/Y (sky130_fd_sc_hd__a21oi_2)
                                         _0673_ (net)
                  0.16    0.00   20.00 ^ _3063_/B1 (sky130_fd_sc_hd__o22ai_2)
     2    0.01    0.08    0.12   20.12 v _3063_/Y (sky130_fd_sc_hd__o22ai_2)
                                         _0680_ (net)
                  0.08    0.00   20.12 v _3067_/A (sky130_fd_sc_hd__or2_1)
     1    0.00    0.05    0.25   20.37 v _3067_/X (sky130_fd_sc_hd__or2_1)
                                         _0684_ (net)
                  0.05    0.00   20.37 v _3068_/B (sky130_fd_sc_hd__and2_4)
     1    0.00    0.03    0.16   20.53 v _3068_/X (sky130_fd_sc_hd__and2_4)
                                         _0685_ (net)
                  0.03    0.00   20.53 v _3070_/A2 (sky130_fd_sc_hd__o211a_1)
     1    0.00    0.04    0.20   20.73 v _3070_/X (sky130_fd_sc_hd__o211a_1)
                                         _0030_ (net)
                  0.04    0.00   20.73 v _3113_/D (sky130_fd_sc_hd__dfxtp_1)
                                 20.73   data arrival time

                         10.00   10.00   clock clock (rise edge)
                          0.00   10.00   clock source latency
     1    0.01    0.04    0.03   10.03 ^ clock (in)
                                         clock (net)
                  0.04    0.00   10.03 ^ clkbuf_0_clock/A (sky130_fd_sc_hd__clkbuf_16)
     4    0.03    0.05    0.13   10.15 ^ clkbuf_0_clock/X (sky130_fd_sc_hd__clkbuf_16)
                                         clknet_0_clock (net)
                  0.05    0.00   10.15 ^ clkbuf_2_2__f_clock/A (sky130_fd_sc_hd__clkbuf_16)
     7    0.02    0.04    0.12   10.28 ^ clkbuf_2_2__f_clock/X (sky130_fd_sc_hd__clkbuf_16)
                                         clknet_2_2__leaf_clock (net)
                  0.04    0.00   10.28 ^ _3113_/CLK (sky130_fd_sc_hd__dfxtp_1)
                         -0.25   10.03   clock uncertainty
                          0.00   10.03   clock reconvergence pessimism
                         -0.11    9.92   library setup time
                                  9.92   data required time
-----------------------------------------------------------------------------
                                  9.92   data required time
                                -20.73   data arrival time
-----------------------------------------------------------------------------
                                -10.81   slack (VIOLATED)




===========================================================================
 report_check_types -max_slew -max_cap -max_fanout -violators
============================================================================
======================= Typical Corner ===================================

max fanout

Pin                                   Limit Fanout  Slack
---------------------------------------------------------
clkbuf_2_1__f_clock/X                    10     11        (VIOLATED)


max slew violations count Typical: 0
max fanout violations count Typical: 1
max cap violations count Typical: 0

===========================================================================
report_parasitic_annotation -report_unannotated
============================================================================
Found 10 unannotated drivers.
 io_inScaleB[0]
 io_inScaleB[1]
 io_inScaleB[2]
 io_inScaleB[3]
 io_inScaleB[4]
 io_inScaleB[5]
 clkload0/Y
 clkload1/Y
 clkload2/Y
 max_cap1/X
Found 210 partially unannotated drivers.
 clock
 io_inA[1]
 io_inB[0]
 io_inB[1]
 io_inScaleA[1]
 io_inScaleA[3]
 io_inScaleA[5]
 io_inScaleA[6]
 io_inScaleB[6]
 _1544_/X
 _1545_/X
 _1559_/Y
 _1560_/X
 _1561_/X
 _1569_/X
 _1584_/X
 _1585_/Y
 _1598_/X
 _1608_/X
 _1615_/X
 _1620_/X
 _1622_/X
 _1631_/X
 _1636_/Y
 _1637_/Y
 _1642_/X
 _1647_/Y
 _1654_/X
 _1679_/X
 _1680_/X
 _1684_/X
 _1693_/Y
 _1694_/X
 _1708_/X
 _1752_/Y
 _1766_/X
 _1769_/X
 _1781_/Y
 _1793_/X
 _1866_/Y
 _1934_/X
 _1958_/Y
 _1960_/X
 _1972_/X
 _1984_/X
 _1985_/Y
 _1992_/Y
 _2006_/X
 _2007_/Y
 _2009_/X
 _2018_/X
 _2019_/X
 _2023_/X
 _2025_/X
 _2027_/X
 _2053_/X
 _2096_/X
 _2097_/Y
 _2101_/Y
 _2104_/X
 _2109_/X
 _2110_/X
 _2131_/X
 _2134_/X
 _2138_/X
 _2141_/X
 _2163_/X
 _2165_/X
 _2184_/Y
 _2186_/X
 _2201_/X
 _2206_/X
 _2231_/X
 _2236_/X
 _2238_/X
 _2242_/X
 _2274_/X
 _2277_/X
 _2289_/X
 _2302_/X
 _2381_/X
 _2396_/X
 _2411_/Y
 _2419_/X
 _2421_/X
 _2437_/Y
 _2439_/X
 _2461_/X
 _2483_/X
 _2489_/X
 _2492_/Y
 _2502_/Y
 _2526_/X
 _2528_/X
 _2533_/X
 _2541_/Y
 _2543_/X
 _2554_/Y
 _2555_/X
 _2582_/X
 _2583_/X
 _2646_/X
 _2689_/X
 _2693_/Y
 _2703_/Y
 _2736_/X
 _2739_/Y
 _2749_/Y
 _2751_/Y
 _2753_/Y
 _2755_/X
 _2757_/X
 _2779_/Y
 _2783_/X
 _2798_/X
 _2801_/Y
 _2805_/X
 _2806_/X
 _2808_/Y
 _2810_/X
 _2812_/X
 _2813_/X
 _2820_/Y
 _2821_/X
 _2823_/X
 _2825_/X
 _2828_/Y
 _2832_/X
 _2833_/X
 _2834_/X
 _2835_/X
 _2839_/X
 _2841_/X
 _2843_/X
 _2844_/X
 _2847_/X
 _2848_/X
 _2850_/X
 _2851_/X
 _2852_/X
 _2854_/X
 _2855_/X
 _2857_/X
 _2860_/Y
 _2864_/X
 _2865_/X
 _2869_/X
 _2875_/X
 _2877_/X
 _2880_/X
 _2887_/Y
 _2890_/X
 _2895_/X
 _2897_/Y
 _2901_/X
 _2904_/X
 _2905_/X
 _2910_/X
 _2912_/Y
 _2916_/X
 _2918_/Y
 _2919_/X
 _2923_/X
 _2926_/X
 _2928_/Y
 _2929_/X
 _2932_/Y
 _2934_/X
 _2938_/X
 _2939_/X
 _2945_/X
 _2948_/Y
 _2950_/X
 _2951_/X
 _2960_/Y
 _2966_/X
 _2972_/Y
 _2974_/Y
 _2989_/X
 _2995_/X
 _3000_/X
 _3016_/X
 _3035_/X
 _3046_/X
 _3057_/Y
 _3064_/Y
 _3085_/Q
 _3086_/Q
 _3087_/Q
 _3088_/Q
 _3089_/Q
 _3090_/Q
 _3096_/Q
 _3100_/Q
 _3102_/Q
 _3104_/Q
 _3107_/Q
 _3113_/Q
 _3114_/Q
 _3116_/Q
 clkbuf_0_clock/X
 clkbuf_2_0__f_clock/X
 clkbuf_2_2__f_clock/X
 clone11/X
 input10/X
 input2/X
 input20/X
 input8/X
 output26/X
 output44/X

===========================================================================
max slew violation count 0
max fanout violation count 1
max cap violation count 0
============================================================================

===========================================================================
check_setup -verbose -unconstrained_endpoints -multiple_clock -no_clock -no_input_delay -loops -generated_clocks
===========================================================================
