
===========================================================================
report_checks -unconstrained
===========================================================================
======================= Typical Corner ===================================

Startpoint: io_inScaleA[7] (input port clocked by clock)
Endpoint: _3090_ (rising edge-triggered flip-flop clocked by clock)
Path Group: clock
Path Type: max

Fanout     Cap    Slew   Delay    Time   Description
-----------------------------------------------------------------------------
                          0.00    0.00   clock clock (rise edge)
                          0.00    0.00   clock network delay (propagated)
                          2.00    2.00 v input external delay
     1    0.01    0.02    0.01    2.01 v io_inScaleA[7] (in)
                                         io_inScaleA[7] (net)
                  0.02    0.00    2.01 v input16/A (sky130_fd_sc_hd__buf_6)
     5    0.02    0.03    0.12    2.13 v input16/X (sky130_fd_sc_hd__buf_6)
                                         net16 (net)
                  0.03    0.00    2.13 v _1585_/A1 (sky130_fd_sc_hd__o21ai_4)
     5    0.03    0.27    0.27    2.40 ^ _1585_/Y (sky130_fd_sc_hd__o21ai_4)
                                         _0419_ (net)
                  0.27    0.00    2.40 ^ _1595_/A (sky130_fd_sc_hd__xnor2_2)
     1    0.02    0.11    0.16    2.56 v _1595_/Y (sky130_fd_sc_hd__xnor2_2)
                                         _0521_ (net)
                  0.11    0.00    2.56 v _1596_/B (sky130_fd_sc_hd__xnor2_4)
     2    0.01    0.07    0.17    2.73 v _1596_/Y (sky130_fd_sc_hd__xnor2_4)
                                         _0530_ (net)
                  0.07    0.00    2.73 v _1597_/B (sky130_fd_sc_hd__xnor2_2)
     2    0.01    0.09    0.16    2.89 v _1597_/Y (sky130_fd_sc_hd__xnor2_2)
                                         _0540_ (net)
                  0.09    0.00    2.89 v _1621_/B (sky130_fd_sc_hd__or3_4)
     1    0.00    0.06    0.38    3.27 v _1621_/X (sky130_fd_sc_hd__or3_4)
                                         _0705_ (net)
                  0.06    0.00    3.27 v _1622_/B1_N (sky130_fd_sc_hd__a21bo_4)
     2    0.01    0.06    0.20    3.47 ^ _1622_/X (sky130_fd_sc_hd__a21bo_4)
                                         _0706_ (net)
                  0.06    0.00    3.47 ^ _1626_/A (sky130_fd_sc_hd__xor2_2)
     2    0.01    0.18    0.19    3.66 ^ _1626_/X (sky130_fd_sc_hd__xor2_2)
                                         _0710_ (net)
                  0.18    0.00    3.66 ^ _1627_/B (sky130_fd_sc_hd__xnor2_2)
     2    0.02    0.31    0.20    3.87 ^ _1627_/Y (sky130_fd_sc_hd__xnor2_2)
                                         _0711_ (net)
                  0.31    0.00    3.87 ^ _1628_/A (sky130_fd_sc_hd__xor2_4)
     2    0.02    0.19    0.25    4.12 ^ _1628_/X (sky130_fd_sc_hd__xor2_4)
                                         _0712_ (net)
                  0.19    0.00    4.12 ^ _1633_/A_N (sky130_fd_sc_hd__and2b_1)
     1    0.00    0.03    0.21    4.33 v _1633_/X (sky130_fd_sc_hd__and2b_1)
                                         _0717_ (net)
                  0.03    0.00    4.33 v _1634_/B1 (sky130_fd_sc_hd__a31o_1)
     2    0.01    0.08    0.23    4.56 v _1634_/X (sky130_fd_sc_hd__a31o_1)
                                         _0718_ (net)
                  0.08    0.00    4.57 v _1651_/A1 (sky130_fd_sc_hd__o21ai_4)
     6    0.02    0.21    0.25    4.81 ^ _1651_/Y (sky130_fd_sc_hd__o21ai_4)
                                         _0735_ (net)
                  0.21    0.00    4.81 ^ _1686_/A1 (sky130_fd_sc_hd__a21oi_2)
     2    0.01    0.06    0.09    4.91 v _1686_/Y (sky130_fd_sc_hd__a21oi_2)
                                         _0770_ (net)
                  0.06    0.00    4.91 v _1688_/A (sky130_fd_sc_hd__or2_4)
     3    0.01    0.05    0.28    5.18 v _1688_/X (sky130_fd_sc_hd__or2_4)
                                         _0772_ (net)
                  0.05    0.00    5.18 v _1689_/B (sky130_fd_sc_hd__or2_4)
     2    0.01    0.05    0.24    5.43 v _1689_/X (sky130_fd_sc_hd__or2_4)
                                         _0773_ (net)
                  0.05    0.00    5.43 v _1690_/B (sky130_fd_sc_hd__or3_4)
     3    0.02    0.09    0.42    5.85 v _1690_/X (sky130_fd_sc_hd__or3_4)
                                         _0774_ (net)
                  0.09    0.00    5.85 v _1727_/A (sky130_fd_sc_hd__nand2_4)
     2    0.01    0.07    0.09    5.94 ^ _1727_/Y (sky130_fd_sc_hd__nand2_4)
                                         _0811_ (net)
                  0.07    0.00    5.94 ^ _1730_/A (sky130_fd_sc_hd__xor2_2)
     2    0.01    0.13    0.15    6.09 ^ _1730_/X (sky130_fd_sc_hd__xor2_2)
                                         _0814_ (net)
                  0.13    0.00    6.09 ^ _1747_/A (sky130_fd_sc_hd__xnor2_1)
     2    0.01    0.07    0.11    6.20 v _1747_/Y (sky130_fd_sc_hd__xnor2_1)
                                         _0831_ (net)
                  0.07    0.00    6.20 v _1748_/B (sky130_fd_sc_hd__and2_4)
     2    0.01    0.04    0.18    6.38 v _1748_/X (sky130_fd_sc_hd__and2_4)
                                         _0832_ (net)
                  0.04    0.00    6.38 v _1750_/A (sky130_fd_sc_hd__or2_4)
     2    0.01    0.06    0.27    6.65 v _1750_/X (sky130_fd_sc_hd__or2_4)
                                         _0834_ (net)
                  0.06    0.00    6.65 v _1840_/A1 (sky130_fd_sc_hd__o211a_1)
     2    0.01    0.06    0.26    6.91 v _1840_/X (sky130_fd_sc_hd__o211a_1)
                                         _0924_ (net)
                  0.06    0.00    6.91 v _1841_/A3 (sky130_fd_sc_hd__o31a_4)
     4    0.02    0.07    0.33    7.24 v _1841_/X (sky130_fd_sc_hd__o31a_4)
                                         _0925_ (net)
                  0.07    0.00    7.25 v rebuffer28/A (sky130_fd_sc_hd__buf_8)
     1    0.02    0.03    0.14    7.39 v rebuffer28/X (sky130_fd_sc_hd__buf_8)
                                         net83 (net)
                  0.03    0.00    7.39 v _1879_/A (sky130_fd_sc_hd__xnor2_4)
     7    0.02    0.19    0.22    7.60 ^ _1879_/Y (sky130_fd_sc_hd__xnor2_4)
                                         _0963_ (net)
                  0.19    0.00    7.60 ^ _1926_/C (sky130_fd_sc_hd__and4bb_1)
     1    0.01    0.09    0.25    7.85 ^ _1926_/X (sky130_fd_sc_hd__and4bb_1)
                                         _1010_ (net)
                  0.09    0.00    7.86 ^ _1927_/A (sky130_fd_sc_hd__buf_6)
     8    0.03    0.07    0.14    8.00 ^ _1927_/X (sky130_fd_sc_hd__buf_6)
                                         _1011_ (net)
                  0.07    0.00    8.00 ^ _1928_/B (sky130_fd_sc_hd__xnor2_2)
     2    0.02    0.24    0.15    8.15 ^ _1928_/Y (sky130_fd_sc_hd__xnor2_2)
                                         _1012_ (net)
                  0.24    0.00    8.15 ^ _1944_/C1 (sky130_fd_sc_hd__o311ai_4)
     3    0.01    0.12    0.16    8.31 v _1944_/Y (sky130_fd_sc_hd__o311ai_4)
                                         _1028_ (net)
                  0.12    0.00    8.31 v _1952_/A1 (sky130_fd_sc_hd__o221a_4)
     2    0.01    0.05    0.33    8.65 v _1952_/X (sky130_fd_sc_hd__o221a_4)
                                         _1036_ (net)
                  0.05    0.00    8.65 v _1955_/A (sky130_fd_sc_hd__nor2b_4)
     2    0.02    0.12    0.15    8.80 ^ _1955_/Y (sky130_fd_sc_hd__nor2b_4)
                                         _1039_ (net)
                  0.12    0.00    8.80 ^ _1958_/A2 (sky130_fd_sc_hd__a31oi_4)
     5    0.01    0.10    0.11    8.92 v _1958_/Y (sky130_fd_sc_hd__a31oi_4)
                                         _1042_ (net)
                  0.10    0.00    8.92 v _1963_/B (sky130_fd_sc_hd__or3_4)
     2    0.01    0.07    0.41    9.32 v _1963_/X (sky130_fd_sc_hd__or3_4)
                                         _1047_ (net)
                  0.07    0.00    9.32 v _1965_/A2 (sky130_fd_sc_hd__a21o_4)
     2    0.02    0.06    0.26    9.59 v _1965_/X (sky130_fd_sc_hd__a21o_4)
                                         _1049_ (net)
                  0.06    0.00    9.59 v _1971_/A1 (sky130_fd_sc_hd__a21o_4)
     2    0.02    0.05    0.24    9.83 v _1971_/X (sky130_fd_sc_hd__a21o_4)
                                         _1055_ (net)
                  0.05    0.00    9.83 v _1977_/A1 (sky130_fd_sc_hd__a21bo_4)
     2    0.02    0.06    0.25   10.08 v _1977_/X (sky130_fd_sc_hd__a21bo_4)
                                         _1061_ (net)
                  0.06    0.00   10.08 v _1986_/A1 (sky130_fd_sc_hd__a21o_4)
     2    0.02    0.06    0.24   10.32 v _1986_/X (sky130_fd_sc_hd__a21o_4)
                                         _1070_ (net)
                  0.06    0.00   10.32 v _1989_/A1 (sky130_fd_sc_hd__a21o_4)
     2    0.02    0.05    0.24   10.56 v _1989_/X (sky130_fd_sc_hd__a21o_4)
                                         _1073_ (net)
                  0.05    0.00   10.56 v _1992_/A1 (sky130_fd_sc_hd__a21oi_4)
     3    0.02    0.21    0.21   10.77 ^ _1992_/Y (sky130_fd_sc_hd__a21oi_4)
                                         _1076_ (net)
                  0.21    0.00   10.77 ^ max_cap1/A (sky130_fd_sc_hd__buf_6)
     3    0.04    0.08    0.18   10.95 ^ max_cap1/X (sky130_fd_sc_hd__buf_6)
                                         net90 (net)
                  0.08    0.00   10.95 ^ _1993_/B (sky130_fd_sc_hd__xnor2_4)
     6    0.04    0.34    0.19   11.15 ^ _1993_/Y (sky130_fd_sc_hd__xnor2_4)
                                         _1077_ (net)
                  0.34    0.00   11.15 ^ _2029_/S (sky130_fd_sc_hd__mux2_4)
     5    0.01    0.06    0.38   11.53 v _2029_/X (sky130_fd_sc_hd__mux2_4)
                                         _1113_ (net)
                  0.06    0.00   11.53 v _2109_/A (sky130_fd_sc_hd__buf_4)
    10    0.03    0.05    0.18   11.71 v _2109_/X (sky130_fd_sc_hd__buf_4)
                                         _1193_ (net)
                  0.05    0.00   11.71 v _2227_/A1 (sky130_fd_sc_hd__a21o_1)
     3    0.01    0.06    0.18   11.89 v _2227_/X (sky130_fd_sc_hd__a21o_1)
                                         _1311_ (net)
                  0.06    0.00   11.89 v _2310_/A2 (sky130_fd_sc_hd__a311o_1)
     1    0.01    0.08    0.36   12.26 v _2310_/X (sky130_fd_sc_hd__a311o_1)
                                         _1394_ (net)
                  0.08    0.00   12.26 v _2315_/A3 (sky130_fd_sc_hd__a31oi_4)
     1    0.01    0.12    0.19   12.45 ^ _2315_/Y (sky130_fd_sc_hd__a31oi_4)
                                         _1399_ (net)
                  0.12    0.00   12.45 ^ _2316_/C1 (sky130_fd_sc_hd__a311o_1)
     3    0.01    0.14    0.20   12.65 ^ _2316_/X (sky130_fd_sc_hd__a311o_1)
                                         _1400_ (net)
                  0.14    0.00   12.65 ^ rebuffer6/A (sky130_fd_sc_hd__clkbuf_1)
     1    0.00    0.07    0.12   12.78 ^ rebuffer6/X (sky130_fd_sc_hd__clkbuf_1)
                                         net61 (net)
                  0.07    0.00   12.78 ^ _2320_/B (sky130_fd_sc_hd__nand3_2)
     2    0.01    0.06    0.08   12.86 v _2320_/Y (sky130_fd_sc_hd__nand3_2)
                                         _1404_ (net)
                  0.06    0.00   12.86 v _2357_/A2 (sky130_fd_sc_hd__a2111o_4)
     4    0.01    0.07    0.52   13.39 v _2357_/X (sky130_fd_sc_hd__a2111o_4)
                                         _1441_ (net)
                  0.07    0.00   13.39 v _2359_/A2 (sky130_fd_sc_hd__a21o_1)
     3    0.01    0.06    0.23   13.61 v _2359_/X (sky130_fd_sc_hd__a21o_1)
                                         _1443_ (net)
                  0.06    0.00   13.61 v _2374_/A2 (sky130_fd_sc_hd__a311o_1)
     3    0.01    0.09    0.37   13.98 v _2374_/X (sky130_fd_sc_hd__a311o_1)
                                         _1459_ (net)
                  0.09    0.00   13.99 v _2391_/A1 (sky130_fd_sc_hd__a2111o_1)
     2    0.01    0.10    0.45   14.44 v _2391_/X (sky130_fd_sc_hd__a2111o_1)
                                         _1478_ (net)
                  0.10    0.00   14.44 v _2400_/A1 (sky130_fd_sc_hd__a41oi_4)
     4    0.02    0.23    0.22   14.66 ^ _2400_/Y (sky130_fd_sc_hd__a41oi_4)
                                         _1488_ (net)
                  0.23    0.00   14.66 ^ _2437_/A2 (sky130_fd_sc_hd__a311oi_2)
     2    0.00    0.09    0.14   14.79 v _2437_/Y (sky130_fd_sc_hd__a311oi_2)
                                         _1527_ (net)
                  0.09    0.00   14.79 v _2461_/A2 (sky130_fd_sc_hd__a2111o_1)
     2    0.00    0.07    0.45   15.24 v _2461_/X (sky130_fd_sc_hd__a2111o_1)
                                         _0047_ (net)
                  0.07    0.00   15.24 v _2489_/A1 (sky130_fd_sc_hd__a21o_1)
     2    0.00    0.04    0.17   15.41 v _2489_/X (sky130_fd_sc_hd__a21o_1)
                                         _0077_ (net)
                  0.04    0.00   15.41 v _2495_/A (sky130_fd_sc_hd__and3_1)
     3    0.01    0.07    0.18   15.59 v _2495_/X (sky130_fd_sc_hd__and3_1)
                                         _0084_ (net)
                  0.07    0.00   15.59 v _2557_/A3 (sky130_fd_sc_hd__o311a_4)
     2    0.01    0.06    0.33   15.92 v _2557_/X (sky130_fd_sc_hd__o311a_4)
                                         _0152_ (net)
                  0.06    0.00   15.92 v _2570_/A3 (sky130_fd_sc_hd__o31a_4)
     3    0.01    0.06    0.31   16.23 v _2570_/X (sky130_fd_sc_hd__o31a_4)
                                         _0167_ (net)
                  0.06    0.00   16.23 v _2774_/S (sky130_fd_sc_hd__mux2_4)
     2    0.01    0.06    0.33   16.56 v _2774_/X (sky130_fd_sc_hd__mux2_4)
                                         _0391_ (net)
                  0.06    0.00   16.56 v _2790_/B2 (sky130_fd_sc_hd__a221o_1)
     1    0.00    0.06    0.34   16.90 v _2790_/X (sky130_fd_sc_hd__a221o_1)
                                         _0409_ (net)
                  0.06    0.00   16.90 v _2791_/A1 (sky130_fd_sc_hd__a21bo_1)
     1    0.00    0.04    0.18   17.08 v _2791_/X (sky130_fd_sc_hd__a21bo_1)
                                         _0410_ (net)
                  0.04    0.00   17.08 v _2792_/A1 (sky130_fd_sc_hd__a21o_1)
     1    0.00    0.04    0.16   17.24 v _2792_/X (sky130_fd_sc_hd__a21o_1)
                                         _0411_ (net)
                  0.04    0.00   17.24 v _2793_/A1 (sky130_fd_sc_hd__a21o_1)
     1    0.00    0.04    0.16   17.40 v _2793_/X (sky130_fd_sc_hd__a21o_1)
                                         _0412_ (net)
                  0.04    0.00   17.40 v _2794_/A1 (sky130_fd_sc_hd__a21o_1)
     1    0.00    0.03    0.15   17.56 v _2794_/X (sky130_fd_sc_hd__a21o_1)
                                         _0413_ (net)
                  0.03    0.00   17.56 v _2796_/A1 (sky130_fd_sc_hd__a21o_1)
     1    0.00    0.04    0.16   17.72 v _2796_/X (sky130_fd_sc_hd__a21o_1)
                                         _0415_ (net)
                  0.04    0.00   17.72 v _2797_/A1 (sky130_fd_sc_hd__a21o_1)
     1    0.00    0.04    0.16   17.89 v _2797_/X (sky130_fd_sc_hd__a21o_1)
                                         _0416_ (net)
                  0.04    0.00   17.89 v _2798_/A1 (sky130_fd_sc_hd__a21o_1)
     1    0.00    0.03    0.15   18.04 v _2798_/X (sky130_fd_sc_hd__a21o_1)
                                         _0417_ (net)
                  0.03    0.00   18.04 v _2800_/A1 (sky130_fd_sc_hd__a21o_1)
     1    0.01    0.04    0.17   18.20 v _2800_/X (sky130_fd_sc_hd__a21o_1)
                                         _0420_ (net)
                  0.04    0.00   18.20 v _2801_/A1 (sky130_fd_sc_hd__a21oi_2)
     1    0.00    0.08    0.11   18.31 ^ _2801_/Y (sky130_fd_sc_hd__a21oi_2)
                                         _0421_ (net)
                  0.08    0.00   18.31 ^ _2802_/A2 (sky130_fd_sc_hd__o21ba_1)
     1    0.00    0.05    0.13   18.44 ^ _2802_/X (sky130_fd_sc_hd__o21ba_1)
                                         _0422_ (net)
                  0.05    0.00   18.44 ^ _2804_/A1 (sky130_fd_sc_hd__o21ai_1)
     1    0.00    0.07    0.07   18.51 v _2804_/Y (sky130_fd_sc_hd__o21ai_1)
                                         _0424_ (net)
                  0.07    0.00   18.51 v _2805_/A1 (sky130_fd_sc_hd__a21o_1)
     4    0.02    0.09    0.23   18.74 v _2805_/X (sky130_fd_sc_hd__a21o_1)
                                         _0425_ (net)
                  0.09    0.00   18.74 v _2809_/A (sky130_fd_sc_hd__buf_6)
     5    0.03    0.04    0.16   18.91 v _2809_/X (sky130_fd_sc_hd__buf_6)
                                         _0429_ (net)
                  0.04    0.00   18.91 v _2810_/S (sky130_fd_sc_hd__mux2_4)
     2    0.00    0.05    0.31   19.22 v _2810_/X (sky130_fd_sc_hd__mux2_4)
                                         _0431_ (net)
                  0.05    0.00   19.22 v _2833_/A0 (sky130_fd_sc_hd__mux2_4)
     2    0.00    0.05    0.28   19.49 v _2833_/X (sky130_fd_sc_hd__mux2_4)
                                         _0454_ (net)
                  0.05    0.00   19.49 v _2876_/A0 (sky130_fd_sc_hd__mux2_4)
     2    0.01    0.05    0.29   19.78 v _2876_/X (sky130_fd_sc_hd__mux2_4)
                                         _0497_ (net)
                  0.05    0.00   19.78 v _2877_/A1 (sky130_fd_sc_hd__mux2_4)
     2    0.00    0.05    0.27   20.05 v _2877_/X (sky130_fd_sc_hd__mux2_4)
                                         _0498_ (net)
                  0.05    0.00   20.05 v _2878_/B2 (sky130_fd_sc_hd__o2bb2a_2)
     1    0.00    0.04    0.25   20.30 v _2878_/X (sky130_fd_sc_hd__o2bb2a_2)
                                         _0499_ (net)
                  0.04    0.00   20.30 v _2879_/B (sky130_fd_sc_hd__nor2_1)
     1    0.00    0.09    0.09   20.40 ^ _2879_/Y (sky130_fd_sc_hd__nor2_1)
                                         _0007_ (net)
                  0.09    0.00   20.40 ^ _3090_/D (sky130_fd_sc_hd__dfxtp_1)
                                 20.40   data arrival time

                         10.00   10.00   clock clock (rise edge)
                          0.00   10.00   clock source latency
     1    0.01    0.04    0.03   10.03 ^ clock (in)
                                         clock (net)
                  0.04    0.00   10.03 ^ clkbuf_0_clock/A (sky130_fd_sc_hd__clkbuf_16)
     4    0.03    0.05    0.13   10.15 ^ clkbuf_0_clock/X (sky130_fd_sc_hd__clkbuf_16)
                                         clknet_0_clock (net)
                  0.05    0.00   10.15 ^ clkbuf_2_3__f_clock/A (sky130_fd_sc_hd__clkbuf_16)
    10    0.03    0.05    0.13   10.28 ^ clkbuf_2_3__f_clock/X (sky130_fd_sc_hd__clkbuf_16)
                                         clknet_2_3__leaf_clock (net)
                  0.05    0.00   10.28 ^ _3090_/CLK (sky130_fd_sc_hd__dfxtp_1)
                         -0.25   10.03   clock uncertainty
                          0.00   10.03   clock reconvergence pessimism
                         -0.06    9.97   library setup time
                                  9.97   data required time
-----------------------------------------------------------------------------
                                  9.97   data required time
                                -20.40   data arrival time
-----------------------------------------------------------------------------
                                -10.43   slack (VIOLATED)




===========================================================================
report_checks --slack_max -0.01
============================================================================
======================= Typical Corner ===================================

Startpoint: io_inScaleA[7] (input port clocked by clock)
Endpoint: _3090_ (rising edge-triggered flip-flop clocked by clock)
Path Group: clock
Path Type: max

Fanout     Cap    Slew   Delay    Time   Description
-----------------------------------------------------------------------------
                          0.00    0.00   clock clock (rise edge)
                          0.00    0.00   clock network delay (propagated)
                          2.00    2.00 v input external delay
     1    0.01    0.02    0.01    2.01 v io_inScaleA[7] (in)
                                         io_inScaleA[7] (net)
                  0.02    0.00    2.01 v input16/A (sky130_fd_sc_hd__buf_6)
     5    0.02    0.03    0.12    2.13 v input16/X (sky130_fd_sc_hd__buf_6)
                                         net16 (net)
                  0.03    0.00    2.13 v _1585_/A1 (sky130_fd_sc_hd__o21ai_4)
     5    0.03    0.27    0.27    2.40 ^ _1585_/Y (sky130_fd_sc_hd__o21ai_4)
                                         _0419_ (net)
                  0.27    0.00    2.40 ^ _1595_/A (sky130_fd_sc_hd__xnor2_2)
     1    0.02    0.11    0.16    2.56 v _1595_/Y (sky130_fd_sc_hd__xnor2_2)
                                         _0521_ (net)
                  0.11    0.00    2.56 v _1596_/B (sky130_fd_sc_hd__xnor2_4)
     2    0.01    0.07    0.17    2.73 v _1596_/Y (sky130_fd_sc_hd__xnor2_4)
                                         _0530_ (net)
                  0.07    0.00    2.73 v _1597_/B (sky130_fd_sc_hd__xnor2_2)
     2    0.01    0.09    0.16    2.89 v _1597_/Y (sky130_fd_sc_hd__xnor2_2)
                                         _0540_ (net)
                  0.09    0.00    2.89 v _1621_/B (sky130_fd_sc_hd__or3_4)
     1    0.00    0.06    0.38    3.27 v _1621_/X (sky130_fd_sc_hd__or3_4)
                                         _0705_ (net)
                  0.06    0.00    3.27 v _1622_/B1_N (sky130_fd_sc_hd__a21bo_4)
     2    0.01    0.06    0.20    3.47 ^ _1622_/X (sky130_fd_sc_hd__a21bo_4)
                                         _0706_ (net)
                  0.06    0.00    3.47 ^ _1626_/A (sky130_fd_sc_hd__xor2_2)
     2    0.01    0.18    0.19    3.66 ^ _1626_/X (sky130_fd_sc_hd__xor2_2)
                                         _0710_ (net)
                  0.18    0.00    3.66 ^ _1627_/B (sky130_fd_sc_hd__xnor2_2)
     2    0.02    0.31    0.20    3.87 ^ _1627_/Y (sky130_fd_sc_hd__xnor2_2)
                                         _0711_ (net)
                  0.31    0.00    3.87 ^ _1628_/A (sky130_fd_sc_hd__xor2_4)
     2    0.02    0.19    0.25    4.12 ^ _1628_/X (sky130_fd_sc_hd__xor2_4)
                                         _0712_ (net)
                  0.19    0.00    4.12 ^ _1633_/A_N (sky130_fd_sc_hd__and2b_1)
     1    0.00    0.03    0.21    4.33 v _1633_/X (sky130_fd_sc_hd__and2b_1)
                                         _0717_ (net)
                  0.03    0.00    4.33 v _1634_/B1 (sky130_fd_sc_hd__a31o_1)
     2    0.01    0.08    0.23    4.56 v _1634_/X (sky130_fd_sc_hd__a31o_1)
                                         _0718_ (net)
                  0.08    0.00    4.57 v _1651_/A1 (sky130_fd_sc_hd__o21ai_4)
     6    0.02    0.21    0.25    4.81 ^ _1651_/Y (sky130_fd_sc_hd__o21ai_4)
                                         _0735_ (net)
                  0.21    0.00    4.81 ^ _1686_/A1 (sky130_fd_sc_hd__a21oi_2)
     2    0.01    0.06    0.09    4.91 v _1686_/Y (sky130_fd_sc_hd__a21oi_2)
                                         _0770_ (net)
                  0.06    0.00    4.91 v _1688_/A (sky130_fd_sc_hd__or2_4)
     3    0.01    0.05    0.28    5.18 v _1688_/X (sky130_fd_sc_hd__or2_4)
                                         _0772_ (net)
                  0.05    0.00    5.18 v _1689_/B (sky130_fd_sc_hd__or2_4)
     2    0.01    0.05    0.24    5.43 v _1689_/X (sky130_fd_sc_hd__or2_4)
                                         _0773_ (net)
                  0.05    0.00    5.43 v _1690_/B (sky130_fd_sc_hd__or3_4)
     3    0.02    0.09    0.42    5.85 v _1690_/X (sky130_fd_sc_hd__or3_4)
                                         _0774_ (net)
                  0.09    0.00    5.85 v _1727_/A (sky130_fd_sc_hd__nand2_4)
     2    0.01    0.07    0.09    5.94 ^ _1727_/Y (sky130_fd_sc_hd__nand2_4)
                                         _0811_ (net)
                  0.07    0.00    5.94 ^ _1730_/A (sky130_fd_sc_hd__xor2_2)
     2    0.01    0.13    0.15    6.09 ^ _1730_/X (sky130_fd_sc_hd__xor2_2)
                                         _0814_ (net)
                  0.13    0.00    6.09 ^ _1747_/A (sky130_fd_sc_hd__xnor2_1)
     2    0.01    0.07    0.11    6.20 v _1747_/Y (sky130_fd_sc_hd__xnor2_1)
                                         _0831_ (net)
                  0.07    0.00    6.20 v _1748_/B (sky130_fd_sc_hd__and2_4)
     2    0.01    0.04    0.18    6.38 v _1748_/X (sky130_fd_sc_hd__and2_4)
                                         _0832_ (net)
                  0.04    0.00    6.38 v _1750_/A (sky130_fd_sc_hd__or2_4)
     2    0.01    0.06    0.27    6.65 v _1750_/X (sky130_fd_sc_hd__or2_4)
                                         _0834_ (net)
                  0.06    0.00    6.65 v _1840_/A1 (sky130_fd_sc_hd__o211a_1)
     2    0.01    0.06    0.26    6.91 v _1840_/X (sky130_fd_sc_hd__o211a_1)
                                         _0924_ (net)
                  0.06    0.00    6.91 v _1841_/A3 (sky130_fd_sc_hd__o31a_4)
     4    0.02    0.07    0.33    7.24 v _1841_/X (sky130_fd_sc_hd__o31a_4)
                                         _0925_ (net)
                  0.07    0.00    7.25 v rebuffer28/A (sky130_fd_sc_hd__buf_8)
     1    0.02    0.03    0.14    7.39 v rebuffer28/X (sky130_fd_sc_hd__buf_8)
                                         net83 (net)
                  0.03    0.00    7.39 v _1879_/A (sky130_fd_sc_hd__xnor2_4)
     7    0.02    0.19    0.22    7.60 ^ _1879_/Y (sky130_fd_sc_hd__xnor2_4)
                                         _0963_ (net)
                  0.19    0.00    7.60 ^ _1926_/C (sky130_fd_sc_hd__and4bb_1)
     1    0.01    0.09    0.25    7.85 ^ _1926_/X (sky130_fd_sc_hd__and4bb_1)
                                         _1010_ (net)
                  0.09    0.00    7.86 ^ _1927_/A (sky130_fd_sc_hd__buf_6)
     8    0.03    0.07    0.14    8.00 ^ _1927_/X (sky130_fd_sc_hd__buf_6)
                                         _1011_ (net)
                  0.07    0.00    8.00 ^ _1928_/B (sky130_fd_sc_hd__xnor2_2)
     2    0.02    0.24    0.15    8.15 ^ _1928_/Y (sky130_fd_sc_hd__xnor2_2)
                                         _1012_ (net)
                  0.24    0.00    8.15 ^ _1944_/C1 (sky130_fd_sc_hd__o311ai_4)
     3    0.01    0.12    0.16    8.31 v _1944_/Y (sky130_fd_sc_hd__o311ai_4)
                                         _1028_ (net)
                  0.12    0.00    8.31 v _1952_/A1 (sky130_fd_sc_hd__o221a_4)
     2    0.01    0.05    0.33    8.65 v _1952_/X (sky130_fd_sc_hd__o221a_4)
                                         _1036_ (net)
                  0.05    0.00    8.65 v _1955_/A (sky130_fd_sc_hd__nor2b_4)
     2    0.02    0.12    0.15    8.80 ^ _1955_/Y (sky130_fd_sc_hd__nor2b_4)
                                         _1039_ (net)
                  0.12    0.00    8.80 ^ _1958_/A2 (sky130_fd_sc_hd__a31oi_4)
     5    0.01    0.10    0.11    8.92 v _1958_/Y (sky130_fd_sc_hd__a31oi_4)
                                         _1042_ (net)
                  0.10    0.00    8.92 v _1963_/B (sky130_fd_sc_hd__or3_4)
     2    0.01    0.07    0.41    9.32 v _1963_/X (sky130_fd_sc_hd__or3_4)
                                         _1047_ (net)
                  0.07    0.00    9.32 v _1965_/A2 (sky130_fd_sc_hd__a21o_4)
     2    0.02    0.06    0.26    9.59 v _1965_/X (sky130_fd_sc_hd__a21o_4)
                                         _1049_ (net)
                  0.06    0.00    9.59 v _1971_/A1 (sky130_fd_sc_hd__a21o_4)
     2    0.02    0.05    0.24    9.83 v _1971_/X (sky130_fd_sc_hd__a21o_4)
                                         _1055_ (net)
                  0.05    0.00    9.83 v _1977_/A1 (sky130_fd_sc_hd__a21bo_4)
     2    0.02    0.06    0.25   10.08 v _1977_/X (sky130_fd_sc_hd__a21bo_4)
                                         _1061_ (net)
                  0.06    0.00   10.08 v _1986_/A1 (sky130_fd_sc_hd__a21o_4)
     2    0.02    0.06    0.24   10.32 v _1986_/X (sky130_fd_sc_hd__a21o_4)
                                         _1070_ (net)
                  0.06    0.00   10.32 v _1989_/A1 (sky130_fd_sc_hd__a21o_4)
     2    0.02    0.05    0.24   10.56 v _1989_/X (sky130_fd_sc_hd__a21o_4)
                                         _1073_ (net)
                  0.05    0.00   10.56 v _1992_/A1 (sky130_fd_sc_hd__a21oi_4)
     3    0.02    0.21    0.21   10.77 ^ _1992_/Y (sky130_fd_sc_hd__a21oi_4)
                                         _1076_ (net)
                  0.21    0.00   10.77 ^ max_cap1/A (sky130_fd_sc_hd__buf_6)
     3    0.04    0.08    0.18   10.95 ^ max_cap1/X (sky130_fd_sc_hd__buf_6)
                                         net90 (net)
                  0.08    0.00   10.95 ^ _1993_/B (sky130_fd_sc_hd__xnor2_4)
     6    0.04    0.34    0.19   11.15 ^ _1993_/Y (sky130_fd_sc_hd__xnor2_4)
                                         _1077_ (net)
                  0.34    0.00   11.15 ^ _2029_/S (sky130_fd_sc_hd__mux2_4)
     5    0.01    0.06    0.38   11.53 v _2029_/X (sky130_fd_sc_hd__mux2_4)
                                         _1113_ (net)
                  0.06    0.00   11.53 v _2109_/A (sky130_fd_sc_hd__buf_4)
    10    0.03    0.05    0.18   11.71 v _2109_/X (sky130_fd_sc_hd__buf_4)
                                         _1193_ (net)
                  0.05    0.00   11.71 v _2227_/A1 (sky130_fd_sc_hd__a21o_1)
     3    0.01    0.06    0.18   11.89 v _2227_/X (sky130_fd_sc_hd__a21o_1)
                                         _1311_ (net)
                  0.06    0.00   11.89 v _2310_/A2 (sky130_fd_sc_hd__a311o_1)
     1    0.01    0.08    0.36   12.26 v _2310_/X (sky130_fd_sc_hd__a311o_1)
                                         _1394_ (net)
                  0.08    0.00   12.26 v _2315_/A3 (sky130_fd_sc_hd__a31oi_4)
     1    0.01    0.12    0.19   12.45 ^ _2315_/Y (sky130_fd_sc_hd__a31oi_4)
                                         _1399_ (net)
                  0.12    0.00   12.45 ^ _2316_/C1 (sky130_fd_sc_hd__a311o_1)
     3    0.01    0.14    0.20   12.65 ^ _2316_/X (sky130_fd_sc_hd__a311o_1)
                                         _1400_ (net)
                  0.14    0.00   12.65 ^ rebuffer6/A (sky130_fd_sc_hd__clkbuf_1)
     1    0.00    0.07    0.12   12.78 ^ rebuffer6/X (sky130_fd_sc_hd__clkbuf_1)
                                         net61 (net)
                  0.07    0.00   12.78 ^ _2320_/B (sky130_fd_sc_hd__nand3_2)
     2    0.01    0.06    0.08   12.86 v _2320_/Y (sky130_fd_sc_hd__nand3_2)
                                         _1404_ (net)
                  0.06    0.00   12.86 v _2357_/A2 (sky130_fd_sc_hd__a2111o_4)
     4    0.01    0.07    0.52   13.39 v _2357_/X (sky130_fd_sc_hd__a2111o_4)
                                         _1441_ (net)
                  0.07    0.00   13.39 v _2359_/A2 (sky130_fd_sc_hd__a21o_1)
     3    0.01    0.06    0.23   13.61 v _2359_/X (sky130_fd_sc_hd__a21o_1)
                                         _1443_ (net)
                  0.06    0.00   13.61 v _2374_/A2 (sky130_fd_sc_hd__a311o_1)
     3    0.01    0.09    0.37   13.98 v _2374_/X (sky130_fd_sc_hd__a311o_1)
                                         _1459_ (net)
                  0.09    0.00   13.99 v _2391_/A1 (sky130_fd_sc_hd__a2111o_1)
     2    0.01    0.10    0.45   14.44 v _2391_/X (sky130_fd_sc_hd__a2111o_1)
                                         _1478_ (net)
                  0.10    0.00   14.44 v _2400_/A1 (sky130_fd_sc_hd__a41oi_4)
     4    0.02    0.23    0.22   14.66 ^ _2400_/Y (sky130_fd_sc_hd__a41oi_4)
                                         _1488_ (net)
                  0.23    0.00   14.66 ^ _2437_/A2 (sky130_fd_sc_hd__a311oi_2)
     2    0.00    0.09    0.14   14.79 v _2437_/Y (sky130_fd_sc_hd__a311oi_2)
                                         _1527_ (net)
                  0.09    0.00   14.79 v _2461_/A2 (sky130_fd_sc_hd__a2111o_1)
     2    0.00    0.07    0.45   15.24 v _2461_/X (sky130_fd_sc_hd__a2111o_1)
                                         _0047_ (net)
                  0.07    0.00   15.24 v _2489_/A1 (sky130_fd_sc_hd__a21o_1)
     2    0.00    0.04    0.17   15.41 v _2489_/X (sky130_fd_sc_hd__a21o_1)
                                         _0077_ (net)
                  0.04    0.00   15.41 v _2495_/A (sky130_fd_sc_hd__and3_1)
     3    0.01    0.07    0.18   15.59 v _2495_/X (sky130_fd_sc_hd__and3_1)
                                         _0084_ (net)
                  0.07    0.00   15.59 v _2557_/A3 (sky130_fd_sc_hd__o311a_4)
     2    0.01    0.06    0.33   15.92 v _2557_/X (sky130_fd_sc_hd__o311a_4)
                                         _0152_ (net)
                  0.06    0.00   15.92 v _2570_/A3 (sky130_fd_sc_hd__o31a_4)
     3    0.01    0.06    0.31   16.23 v _2570_/X (sky130_fd_sc_hd__o31a_4)
                                         _0167_ (net)
                  0.06    0.00   16.23 v _2774_/S (sky130_fd_sc_hd__mux2_4)
     2    0.01    0.06    0.33   16.56 v _2774_/X (sky130_fd_sc_hd__mux2_4)
                                         _0391_ (net)
                  0.06    0.00   16.56 v _2790_/B2 (sky130_fd_sc_hd__a221o_1)
     1    0.00    0.06    0.34   16.90 v _2790_/X (sky130_fd_sc_hd__a221o_1)
                                         _0409_ (net)
                  0.06    0.00   16.90 v _2791_/A1 (sky130_fd_sc_hd__a21bo_1)
     1    0.00    0.04    0.18   17.08 v _2791_/X (sky130_fd_sc_hd__a21bo_1)
                                         _0410_ (net)
                  0.04    0.00   17.08 v _2792_/A1 (sky130_fd_sc_hd__a21o_1)
     1    0.00    0.04    0.16   17.24 v _2792_/X (sky130_fd_sc_hd__a21o_1)
                                         _0411_ (net)
                  0.04    0.00   17.24 v _2793_/A1 (sky130_fd_sc_hd__a21o_1)
     1    0.00    0.04    0.16   17.40 v _2793_/X (sky130_fd_sc_hd__a21o_1)
                                         _0412_ (net)
                  0.04    0.00   17.40 v _2794_/A1 (sky130_fd_sc_hd__a21o_1)
     1    0.00    0.03    0.15   17.56 v _2794_/X (sky130_fd_sc_hd__a21o_1)
                                         _0413_ (net)
                  0.03    0.00   17.56 v _2796_/A1 (sky130_fd_sc_hd__a21o_1)
     1    0.00    0.04    0.16   17.72 v _2796_/X (sky130_fd_sc_hd__a21o_1)
                                         _0415_ (net)
                  0.04    0.00   17.72 v _2797_/A1 (sky130_fd_sc_hd__a21o_1)
     1    0.00    0.04    0.16   17.89 v _2797_/X (sky130_fd_sc_hd__a21o_1)
                                         _0416_ (net)
                  0.04    0.00   17.89 v _2798_/A1 (sky130_fd_sc_hd__a21o_1)
     1    0.00    0.03    0.15   18.04 v _2798_/X (sky130_fd_sc_hd__a21o_1)
                                         _0417_ (net)
                  0.03    0.00   18.04 v _2800_/A1 (sky130_fd_sc_hd__a21o_1)
     1    0.01    0.04    0.17   18.20 v _2800_/X (sky130_fd_sc_hd__a21o_1)
                                         _0420_ (net)
                  0.04    0.00   18.20 v _2801_/A1 (sky130_fd_sc_hd__a21oi_2)
     1    0.00    0.08    0.11   18.31 ^ _2801_/Y (sky130_fd_sc_hd__a21oi_2)
                                         _0421_ (net)
                  0.08    0.00   18.31 ^ _2802_/A2 (sky130_fd_sc_hd__o21ba_1)
     1    0.00    0.05    0.13   18.44 ^ _2802_/X (sky130_fd_sc_hd__o21ba_1)
                                         _0422_ (net)
                  0.05    0.00   18.44 ^ _2804_/A1 (sky130_fd_sc_hd__o21ai_1)
     1    0.00    0.07    0.07   18.51 v _2804_/Y (sky130_fd_sc_hd__o21ai_1)
                                         _0424_ (net)
                  0.07    0.00   18.51 v _2805_/A1 (sky130_fd_sc_hd__a21o_1)
     4    0.02    0.09    0.23   18.74 v _2805_/X (sky130_fd_sc_hd__a21o_1)
                                         _0425_ (net)
                  0.09    0.00   18.74 v _2809_/A (sky130_fd_sc_hd__buf_6)
     5    0.03    0.04    0.16   18.91 v _2809_/X (sky130_fd_sc_hd__buf_6)
                                         _0429_ (net)
                  0.04    0.00   18.91 v _2810_/S (sky130_fd_sc_hd__mux2_4)
     2    0.00    0.05    0.31   19.22 v _2810_/X (sky130_fd_sc_hd__mux2_4)
                                         _0431_ (net)
                  0.05    0.00   19.22 v _2833_/A0 (sky130_fd_sc_hd__mux2_4)
     2    0.00    0.05    0.28   19.49 v _2833_/X (sky130_fd_sc_hd__mux2_4)
                                         _0454_ (net)
                  0.05    0.00   19.49 v _2876_/A0 (sky130_fd_sc_hd__mux2_4)
     2    0.01    0.05    0.29   19.78 v _2876_/X (sky130_fd_sc_hd__mux2_4)
                                         _0497_ (net)
                  0.05    0.00   19.78 v _2877_/A1 (sky130_fd_sc_hd__mux2_4)
     2    0.00    0.05    0.27   20.05 v _2877_/X (sky130_fd_sc_hd__mux2_4)
                                         _0498_ (net)
                  0.05    0.00   20.05 v _2878_/B2 (sky130_fd_sc_hd__o2bb2a_2)
     1    0.00    0.04    0.25   20.30 v _2878_/X (sky130_fd_sc_hd__o2bb2a_2)
                                         _0499_ (net)
                  0.04    0.00   20.30 v _2879_/B (sky130_fd_sc_hd__nor2_1)
     1    0.00    0.09    0.09   20.40 ^ _2879_/Y (sky130_fd_sc_hd__nor2_1)
                                         _0007_ (net)
                  0.09    0.00   20.40 ^ _3090_/D (sky130_fd_sc_hd__dfxtp_1)
                                 20.40   data arrival time

                         10.00   10.00   clock clock (rise edge)
                          0.00   10.00   clock source latency
     1    0.01    0.04    0.03   10.03 ^ clock (in)
                                         clock (net)
                  0.04    0.00   10.03 ^ clkbuf_0_clock/A (sky130_fd_sc_hd__clkbuf_16)
     4    0.03    0.05    0.13   10.15 ^ clkbuf_0_clock/X (sky130_fd_sc_hd__clkbuf_16)
                                         clknet_0_clock (net)
                  0.05    0.00   10.15 ^ clkbuf_2_3__f_clock/A (sky130_fd_sc_hd__clkbuf_16)
    10    0.03    0.05    0.13   10.28 ^ clkbuf_2_3__f_clock/X (sky130_fd_sc_hd__clkbuf_16)
                                         clknet_2_3__leaf_clock (net)
                  0.05    0.00   10.28 ^ _3090_/CLK (sky130_fd_sc_hd__dfxtp_1)
                         -0.25   10.03   clock uncertainty
                          0.00   10.03   clock reconvergence pessimism
                         -0.06    9.97   library setup time
                                  9.97   data required time
-----------------------------------------------------------------------------
                                  9.97   data required time
                                -20.40   data arrival time
-----------------------------------------------------------------------------
                                -10.43   slack (VIOLATED)




===========================================================================
 report_check_types -max_slew -max_cap -max_fanout -violators
============================================================================
======================= Typical Corner ===================================

max fanout

Pin                                   Limit Fanout  Slack
---------------------------------------------------------
clkbuf_2_1__f_clock/X                    10     11        (VIOLATED)


max slew violations count Typical: 0
max fanout violations count Typical: 1
max cap violations count Typical: 0

===========================================================================
report_parasitic_annotation -report_unannotated
============================================================================
Found 10 unannotated drivers.
 io_inScaleB[0]
 io_inScaleB[1]
 io_inScaleB[2]
 io_inScaleB[3]
 io_inScaleB[4]
 io_inScaleB[5]
 clkload0/Y
 clkload1/Y
 clkload2/Y
 rebuffer1/X
Found 251 partially unannotated drivers.
 clock
 io_inA[1]
 io_inB[0]
 io_inB[1]
 io_inScaleA[1]
 io_inScaleA[3]
 io_inScaleA[5]
 io_inScaleA[6]
 io_inScaleB[6]
 _1544_/X
 _1545_/X
 _1559_/Y
 _1560_/X
 _1561_/X
 _1564_/X
 _1569_/X
 _1584_/X
 _1585_/Y
 _1588_/Y
 _1589_/X
 _1590_/Y
 _1592_/X
 _1593_/Y
 _1594_/Y
 _1595_/Y
 _1596_/Y
 _1597_/Y
 _1598_/X
 _1608_/X
 _1615_/X
 _1620_/X
 _1621_/X
 _1622_/X
 _1631_/X
 _1636_/Y
 _1637_/Y
 _1642_/X
 _1647_/Y
 _1654_/X
 _1679_/X
 _1680_/X
 _1684_/X
 _1685_/X
 _1693_/Y
 _1694_/X
 _1708_/X
 _1752_/Y
 _1766_/X
 _1769_/X
 _1781_/Y
 _1793_/X
 _1866_/Y
 _1934_/X
 _1946_/X
 _1952_/X
 _1958_/Y
 _1960_/X
 _1972_/X
 _1984_/X
 _1985_/Y
 _1992_/Y
 _2006_/X
 _2007_/Y
 _2008_/X
 _2009_/X
 _2018_/X
 _2019_/X
 _2023_/X
 _2025_/X
 _2027_/X
 _2053_/X
 _2062_/X
 _2089_/Y
 _2096_/X
 _2097_/Y
 _2101_/Y
 _2103_/X
 _2104_/X
 _2109_/X
 _2110_/X
 _2122_/X
 _2130_/X
 _2131_/X
 _2134_/X
 _2138_/X
 _2141_/X
 _2154_/X
 _2163_/X
 _2165_/X
 _2184_/Y
 _2186_/X
 _2201_/X
 _2206_/X
 _2230_/X
 _2231_/X
 _2236_/X
 _2238_/X
 _2242_/X
 _2258_/X
 _2274_/X
 _2277_/X
 _2289_/X
 _2302_/X
 _2308_/Y
 _2319_/X
 _2320_/Y
 _2328_/X
 _2334_/Y
 _2356_/X
 _2357_/X
 _2381_/X
 _2396_/X
 _2411_/Y
 _2419_/X
 _2421_/X
 _2437_/Y
 _2439_/X
 _2461_/X
 _2483_/X
 _2489_/X
 _2492_/Y
 _2502_/Y
 _2526_/X
 _2528_/X
 _2533_/X
 _2541_/Y
 _2543_/X
 _2554_/Y
 _2555_/X
 _2582_/X
 _2583_/X
 _2646_/X
 _2688_/Y
 _2689_/X
 _2693_/Y
 _2703_/Y
 _2736_/X
 _2739_/Y
 _2749_/Y
 _2751_/Y
 _2753_/Y
 _2755_/X
 _2757_/X
 _2779_/Y
 _2783_/X
 _2798_/X
 _2801_/Y
 _2805_/X
 _2806_/X
 _2808_/Y
 _2810_/X
 _2812_/X
 _2813_/X
 _2820_/Y
 _2821_/X
 _2823_/X
 _2825_/X
 _2826_/X
 _2828_/Y
 _2832_/X
 _2833_/X
 _2834_/X
 _2835_/X
 _2839_/X
 _2841_/X
 _2843_/X
 _2844_/X
 _2847_/X
 _2848_/X
 _2850_/X
 _2851_/X
 _2852_/X
 _2854_/X
 _2855_/X
 _2857_/X
 _2860_/Y
 _2864_/X
 _2865_/X
 _2869_/X
 _2875_/X
 _2877_/X
 _2880_/X
 _2887_/Y
 _2890_/X
 _2895_/X
 _2897_/Y
 _2901_/X
 _2904_/X
 _2905_/X
 _2910_/X
 _2912_/Y
 _2916_/X
 _2918_/Y
 _2919_/X
 _2923_/X
 _2926_/X
 _2928_/Y
 _2929_/X
 _2932_/Y
 _2934_/X
 _2938_/X
 _2939_/X
 _2945_/X
 _2948_/Y
 _2950_/X
 _2951_/X
 _2960_/Y
 _2966_/X
 _2972_/Y
 _2974_/Y
 _2975_/Y
 _2989_/X
 _2995_/X
 _3000_/X
 _3016_/X
 _3035_/X
 _3046_/X
 _3057_/Y
 _3064_/Y
 _3085_/Q
 _3086_/Q
 _3087_/Q
 _3088_/Q
 _3089_/Q
 _3090_/Q
 _3096_/Q
 _3099_/Q
 _3100_/Q
 _3101_/Q
 _3102_/Q
 _3104_/Q
 _3107_/Q
 _3113_/Q
 _3114_/Q
 _3116_/Q
 clkbuf_0_clock/X
 clkbuf_2_0__f_clock/X
 clkbuf_2_2__f_clock/X
 clone11/X
 clone27/X
 input10/X
 input13/X
 input2/X
 input20/X
 input8/X
 input9/X
 output26/X
 output44/X
 rebuffer4/X
 rebuffer6/X
 rebuffer9/X

===========================================================================
max slew violation count 0
max fanout violation count 1
max cap violation count 0
============================================================================

===========================================================================
check_setup -verbose -unconstrained_endpoints -multiple_clock -no_clock -no_input_delay -loops -generated_clocks
===========================================================================
