Startpoint: reset (input port clocked by CORE_CLK)
Endpoint: _40_ (recovery check against rising-edge clock CORE_CLK)
Path Group: asynchronous
Path Type: max

    Delay      Time   Description
-------------------------------------------------------------
   0.0000    0.0000   clock CORE_CLK (rise edge)
   0.0000    0.0000   clock network delay (ideal)
   0.0000    0.0000 ^ input external delay
   0.0000    0.0000 ^ reset (in)
   0.0000    0.0000 ^ _40_/CDN (DFCNQD1BWP30P140)
             0.0000   data arrival time

   2.0000    2.0000   clock CORE_CLK (rise edge)
   0.0000    2.0000   clock network delay (ideal)
  -0.0500    1.9500   clock uncertainty
   0.0000    1.9500   clock reconvergence pessimism
             1.9500 ^ _40_/CP (DFCNQD1BWP30P140)
   0.0258    1.9758   library recovery time
             1.9758   data required time
-------------------------------------------------------------
             1.9758   data required time
            -0.0000   data arrival time
-------------------------------------------------------------
             1.9758   slack (MET)


Startpoint: io_op_a_i[5] (input port clocked by CORE_CLK)
Endpoint: _42_ (rising edge-triggered flip-flop clocked by CORE_CLK)
Path Group: CORE_CLK
Path Type: max

    Delay      Time   Description
-------------------------------------------------------------
   0.0000    0.0000   clock CORE_CLK (rise edge)
   0.0000    0.0000   clock network delay (ideal)
   0.0000    0.0000 v input external delay
   0.0000    0.0000 v io_op_a_i[5] (in)
   0.0252    0.0252 ^ op/_088_/ZN (NR4D0BWP30P140)
   0.0169    0.0421 v op/_140_/ZN (AOI21D0BWP30P140)
   0.0132    0.0553 ^ op/_141_/ZN (CKND0BWP30P140)
   0.0229    0.0782 v op/_144_/ZN (MAOI222D0BWP30P140)
   0.0370    0.1152 ^ op/_145_/ZN (MAOI222D0BWP30P140)
   0.0213    0.1365 v op/_146_/ZN (OAI21D0BWP30P140)
   0.0365    0.1730 v op/_149_/ZN (XNR2UD0BWP30P140)
   0.0178    0.1908 ^ tree/_06382_/ZN (CKND0BWP30P140)
   0.0167    0.2075 v tree/_06491_/ZN (AOI22D0BWP30P140)
   0.0157    0.2232 ^ tree/_06492_/ZN (OAI21D0BWP30P140)
   0.0348    0.2580 v tree/_06494_/ZN (MAOI22D0BWP30P140)
   0.0366    0.2946 v tree/_06499_/ZN (MUX2ND0BWP30P140)
   0.0416    0.3362 ^ tree/_06500_/ZN (AOI222D0BWP30P140)
   0.0271    0.3633 ^ tree/_06505_/Z (AO211D0BWP30P140)
   0.0368    0.4001 v tree/_06507_/ZN (AOI22D0BWP30P140)
   0.0380    0.4381 v tree/_06513_/ZN (MUX2ND0BWP30P140)
   0.0242    0.4624 ^ tree/_06514_/ZN (OAI22D0BWP30P140)
   0.0269    0.4893 v tree/_06518_/ZN (OAI221D0BWP30P140)
   0.0398    0.5291 ^ tree/_06523_/ZN (AOI21D0BWP30P140)
   0.0191    0.5482 v tree/_06533_/ZN (NR3D0BWP30P140)
   0.0292    0.5774 ^ tree/_06534_/ZN (OAI33D0BWP30P140)
   0.0174    0.5948 v tree/_06544_/ZN (AOI21D0BWP30P140)
   0.0360    0.6308 ^ tree/_06550_/ZN (OAI21D0BWP30P140)
   0.0426    0.6734 ^ tree/_06561_/Z (OA211D0BWP30P140)
   0.0169    0.6903 v tree/_06568_/ZN (OAI33D0BWP30P140)
   0.0283    0.7185 ^ tree/_06569_/ZN (AOI31D0BWP30P140)
   0.0345    0.7531 v tree/_06575_/ZN (OAI21D0BWP30P140)
   0.0302    0.7833 v tree/_06585_/Z (OA211D0BWP30P140)
   0.0264    0.8097 ^ tree/_06586_/ZN (OAI33D0BWP30P140)
   0.0174    0.8271 v tree/_06597_/ZN (AOI21D0BWP30P140)
   0.0360    0.8631 ^ tree/_06603_/ZN (OAI21D0BWP30P140)
   0.0397    0.9028 ^ tree/_06613_/Z (OA211D0BWP30P140)
   0.0203    0.9231 v tree/_06614_/ZN (OAI33D0BWP30P140)
   0.0215    0.9446 ^ tree/_06625_/ZN (AOI21D0BWP30P140)
   0.0340    0.9786 v tree/_06631_/ZN (OAI21D0BWP30P140)
   0.0300    1.0086 v tree/_06640_/Z (OA211D0BWP30P140)
   0.0264    1.0350 ^ tree/_06641_/ZN (OAI33D0BWP30P140)
   0.0174    1.0524 v tree/_06651_/ZN (AOI21D0BWP30P140)
   0.0362    1.0887 ^ tree/_06657_/ZN (OAI21D0BWP30P140)
   0.0427    1.1314 ^ tree/_06668_/Z (OA211D0BWP30P140)
   0.0169    1.1482 v tree/_06675_/ZN (OAI33D0BWP30P140)
   0.0283    1.1765 ^ tree/_06676_/ZN (AOI31D0BWP30P140)
   0.0341    1.2106 v tree/_06682_/ZN (OAI21D0BWP30P140)
   0.0301    1.2406 v tree/_06691_/Z (OA211D0BWP30P140)
   0.0274    1.2681 ^ tree/_06692_/ZN (OAI33D0BWP30P140)
   0.0203    1.2884 v tree/_06701_/ZN (AOI221D0BWP30P140)
   0.0392    1.3276 ^ tree/_06707_/ZN (OAI21D0BWP30P140)
   0.0427    1.3703 ^ tree/_06717_/Z (OA211D0BWP30P140)
   0.0169    1.3871 v tree/_06723_/ZN (OAI33D0BWP30P140)
   0.0280    1.4152 ^ tree/_06724_/ZN (AOI31D0BWP30P140)
   0.0262    1.4413 v tree/_06730_/ZN (OAI21D0BWP30P140)
   0.0270    1.4683 v tree/_06735_/Z (OA211D0BWP30P140)
   0.0267    1.4949 ^ tree/_06736_/ZN (OAI33D0BWP30P140)
   0.0272    1.5222 v tree/_06746_/ZN (ND4D0BWP30P140)
   0.0367    1.5588 ^ tree/_06753_/ZN (AOI21D0BWP30P140)
   0.0184    1.5772 v tree/_06765_/ZN (NR3D0BWP30P140)
   0.0299    1.6071 ^ tree/_06766_/ZN (OAI33D0BWP30P140)
   0.0204    1.6275 v tree/_06774_/ZN (AOI221D0BWP30P140)
   0.0390    1.6664 ^ tree/_06778_/ZN (OAI21D0BWP30P140)
   0.0426    1.7091 ^ tree/_06793_/Z (OA211D0BWP30P140)
   0.0168    1.7259 v tree/_06799_/ZN (OAI33D0BWP30P140)
   0.0251    1.7510 ^ tree/_06800_/ZN (AOI31D0BWP30P140)
   0.0223    1.7733 v tree/_06804_/ZN (OAI21D0BWP30P140)
   0.0315    1.8048 v tree/_06805_/Z (AN2D0BWP30P140)
   0.0281    1.8329 v tree/_06824_/ZN (MUX2ND0BWP30P140)
   0.0344    1.8672 v tree/_06829_/ZN (XNR2UD0BWP30P140)
   0.0290    1.8962 ^ tree/_06832_/ZN (NR4D0BWP30P140)
   0.0282    1.9244 v tree/_06836_/ZN (OAI31D0BWP30P140)
   0.0602    1.9846 ^ tree/_06840_/ZN (AOI21D0BWP30P140)
   0.1654    2.1500 v tree/_06850_/ZN (MUX2ND0BWP30P140)
   0.0929    2.2429 ^ tree/_07803_/ZN (MAOI222D0BWP30P140)
   0.0241    2.2670 v tree/_07806_/ZN (AOI211D0BWP30P140)
   0.0255    2.2925 ^ tree/_07808_/ZN (NR3D0BWP30P140)
   0.0969    2.3893 v tree/_07814_/ZN (OAI22D0BWP30P140)
   0.1247    2.5140 ^ tree/_07829_/ZN (AOI21D0BWP30P140)
   0.0481    2.5621 v tree/_07848_/ZN (MUX4ND0BWP30P140)
   0.0458    2.6079 ^ tree/_07889_/ZN (AOI211D0BWP30P140)
   0.0253    2.6332 v tree/_07891_/ZN (AOI211D0BWP30P140)
   0.0247    2.6580 ^ tree/_07921_/ZN (NR2D0BWP30P140)
   0.0223    2.6802 v tree/_11983_/ZN (XNR2UD0BWP30P140)
   0.0317    2.7119 v tree/_11984_/Z (XOR3UD0BWP30P140)
   0.0356    2.7475 v tree/_12045_/ZN (XNR3UD0BWP30P140)
   0.0652    2.8127 v tree/_12106_/Z (XOR3UD0BWP30P140)
   0.0652    2.8780 v tree/_12159_/Z (XOR3UD0BWP30P140)
   0.0662    2.9442 v tree/_12192_/Z (XOR3UD0BWP30P140)
   0.0582    3.0024 v tree/_12211_/ZN (XNR3UD0BWP30P140)
   0.0349    3.0372 ^ tree/_12219_/ZN (MAOI222D0BWP30P140)
   0.0206    3.0578 v tree/_12221_/ZN (OAI21D0BWP30P140)
   0.0307    3.0885 ^ tree/_12222_/ZN (MAOI222D0BWP30P140)
   0.0291    3.1176 v tree/_12223_/ZN (MAOI222D0BWP30P140)
   0.0259    3.1435 ^ tree/_12225_/ZN (AOI21D0BWP30P140)
   0.0283    3.1717 v tree/_12226_/ZN (MAOI222D0BWP30P140)
   0.0305    3.2023 v tree/_12228_/Z (AO21D0BWP30P140)
   0.0221    3.2244 v tree/_12230_/ZN (IOA21D0BWP30P140)
   0.0278    3.2522 ^ tree/_12231_/ZN (MAOI222D0BWP30P140)
   0.0262    3.2784 v tree/_12232_/ZN (MAOI222D0BWP30P140)
   0.0367    3.3150 ^ tree/_12233_/ZN (MAOI222D0BWP30P140)
   0.0251    3.3402 v tree/_12235_/ZN (OAI21D0BWP30P140)
   0.0359    3.3760 ^ tree/_12237_/ZN (MAOI222D0BWP30P140)
   0.0253    3.4013 v tree/_12239_/ZN (OAI21D0BWP30P140)
   0.0360    3.4373 ^ tree/_12241_/ZN (MAOI222D0BWP30P140)
   0.0256    3.4629 v tree/_12243_/ZN (OAI21D0BWP30P140)
   0.0325    3.4954 ^ tree/_12245_/ZN (MAOI222D0BWP30P140)
   0.0300    3.5255 v tree/_12246_/ZN (MAOI222D0BWP30P140)
   0.0418    3.5673 ^ tree/_12248_/ZN (MAOI222D0BWP30P140)
   0.0281    3.5955 v tree/_12252_/ZN (OAI211D0BWP30P140)
   0.0325    3.6280 ^ tree/_12254_/ZN (AOI31D0BWP30P140)
   0.0263    3.6543 v tree/_12257_/ZN (OAI21D0BWP30P140)
   0.0251    3.6794 ^ tree/_12264_/ZN (AOI31D0BWP30P140)
   0.0235    3.7030 v tree/_12265_/ZN (OAI21D0BWP30P140)
   0.0387    3.7417 ^ tree/_12267_/ZN (MAOI222D0BWP30P140)
   0.0286    3.7703 v tree/_12271_/ZN (OAI211D0BWP30P140)
   0.0326    3.8029 ^ tree/_12273_/ZN (AOI31D0BWP30P140)
   0.0263    3.8292 v tree/_12276_/ZN (OAI21D0BWP30P140)
   0.0286    3.8577 ^ tree/_12280_/ZN (AOI211D0BWP30P140)
   0.0221    3.8799 v tree/_12282_/ZN (OAI31D0BWP30P140)
   0.0306    3.9105 v tree/_12283_/Z (AO21D0BWP30P140)
   0.0245    3.9349 ^ tree/_12289_/ZN (AOI31D0BWP30P140)
   0.0270    3.9620 v tree/_12291_/ZN (MAOI222D0BWP30P140)
   0.0603    4.0223 ^ tree/_12297_/Z (XOR2UD0BWP30P140)
   0.0696    4.0919 v tree/_12298_/ZN (CKND0BWP30P140)
   0.0355    4.1274 ^ tree/_12370_/ZN (OAI31D0BWP30P140)
   0.0334    4.1607 v tree/_12373_/ZN (IND4D0BWP30P140)
   0.0390    4.1997 v tree/_12376_/ZN (IND3D0BWP30P140)
   0.0310    4.2307 ^ tree/_12378_/ZN (INR4D0BWP30P140)
   0.0239    4.2546 ^ tree/_12379_/Z (AN2D0BWP30P140)
   0.0209    4.2755 ^ tree/_12380_/Z (AN2D0BWP30P140)
   0.0224    4.2979 ^ tree/_12381_/Z (AN2D0BWP30P140)
   0.0257    4.3237 v tree/_12387_/ZN (AOI31D0BWP30P140)
   0.0305    4.3542 ^ tree/_12423_/ZN (AOI21D0BWP30P140)
   0.0212    4.3754 v tree/_12424_/ZN (AOI21D0BWP30P140)
   0.0299    4.4053 ^ tree/_12426_/ZN (AOI21D0BWP30P140)
   0.0290    4.4343 ^ tree/_12427_/Z (OA21D0BWP30P140)
   0.0261    4.4604 ^ tree/_12428_/Z (OA21D0BWP30P140)
   0.0260    4.4864 ^ tree/_12429_/Z (OA21D0BWP30P140)
   0.0260    4.5124 ^ tree/_12430_/Z (OA21D0BWP30P140)
   0.0240    4.5365 ^ tree/_12431_/Z (OA21D0BWP30P140)
   0.0271    4.5636 ^ tree/_12432_/Z (XOR2UD0BWP30P140)
   0.0130    4.5766 v tree/_12435_/ZN (CKND2D0BWP30P140)
   0.2868    4.8633 ^ tree/_12536_/ZN (NR2D0BWP30P140)
   0.1265    4.9898 v tree/_12537_/ZN (CKND0BWP30P140)
   0.0742    5.0641 v tree/_12625_/ZN (MUX4ND0BWP30P140)
   0.0655    5.1296 v tree/_12672_/Z (MUX4D0BWP30P140)
   0.0327    5.1624 v tree/_12690_/ZN (IND4D0BWP30P140)
   0.0263    5.1886 ^ tree/_12694_/ZN (OAI31D0BWP30P140)
   0.0302    5.2188 v tree/_12711_/ZN (ND4D0BWP30P140)
   0.0239    5.2427 ^ tree/_12713_/ZN (IND4D0BWP30P140)
   0.0195    5.2622 ^ tree/_12714_/Z (OR2D0BWP30P140)
   0.0334    5.2957 ^ tree/_12723_/Z (XOR2UD0BWP30P140)
   0.0194    5.3151 v sa/_266_/ZN (CKND2D0BWP30P140)
   0.0586    5.3736 v sa/_269_/Z (XOR3UD0BWP30P140)
   0.0252    5.3988 ^ sa/_270_/ZN (NR2D0BWP30P140)
   0.0501    5.4489 ^ sa/_293_/Z (XOR4D0BWP30P140)
   0.0269    5.4758 ^ sa/_309_/Z (XOR2UD0BWP30P140)
   0.0259    5.5017 v sa/_310_/ZN (MAOI222D0BWP30P140)
   0.0360    5.5377 ^ sa/_311_/ZN (MAOI222D0BWP30P140)
   0.0282    5.5659 v sa/_458_/ZN (MAOI222D0BWP30P140)
   0.0375    5.6035 ^ sa/_459_/ZN (MAOI222D0BWP30P140)
   0.0252    5.6287 v sa/_461_/ZN (OAI21D0BWP30P140)
   0.0359    5.6646 ^ sa/_463_/ZN (MAOI222D0BWP30P140)
   0.0210    5.6856 v sa/_466_/ZN (OAI21D0BWP30P140)
   0.0349    5.7205 ^ sa/_467_/ZN (MAOI222D0BWP30P140)
   0.0360    5.7565 v sa/_481_/ZN (OAI211D0BWP30P140)
   0.0223    5.7788 ^ conv/_135_/ZN (NR2D0BWP30P140)
   0.1070    5.8857 v conv/_164_/ZN (OAI31D0BWP30P140)
   0.0765    5.9623 v conv/_172_/ZN (MUX4ND0BWP30P140)
   0.0433    6.0056 ^ conv/_201_/ZN (NR3D0BWP30P140)
   0.0407    6.0463 v conv/_206_/ZN (ND4D0BWP30P140)
   0.0356    6.0819 ^ conv/_209_/ZN (NR3D0BWP30P140)
   0.0394    6.1213 v conv/_211_/ZN (ND4D0BWP30P140)
   0.0456    6.1669 ^ conv/_214_/ZN (OAI32D0BWP30P140)
   0.0403    6.2072 v conv/_219_/ZN (AOI31D0BWP30P140)
   0.0376    6.2448 ^ conv/_231_/ZN (OAI32D0BWP30P140)
   0.0234    6.2682 v conv/_232_/ZN (MAOI222D0BWP30P140)
   0.0347    6.3029 v conv/_233_/ZN (XNR2UD0BWP30P140)
   0.0598    6.3627 v conv/_247_/Z (AO211D0BWP30P140)
   0.0389    6.4016 ^ conv/_252_/ZN (NR2D0BWP30P140)
   0.0243    6.4260 ^ accAdder/_461_/ZN (XNR2UD0BWP30P140)
   0.0293    6.4552 ^ accAdder/_462_/Z (AO21D0BWP30P140)
   0.0165    6.4717 v accAdder/_465_/ZN (AOI211D0BWP30P140)
   0.0332    6.5049 ^ accAdder/_467_/ZN (OAI31D0BWP30P140)
   0.0299    6.5348 v accAdder/_470_/ZN (OAI211D0BWP30P140)
   0.0294    6.5642 ^ accAdder/_492_/ZN (AOI21D0BWP30P140)
   0.0467    6.6109 v accAdder/_494_/ZN (OAI211D0BWP30P140)
   0.0876    6.6985 v accAdder/_518_/ZN (MUX2ND0BWP30P140)
   0.0860    6.7844 ^ accAdder/_543_/ZN (AOI31D0BWP30P140)
   0.0611    6.8455 v accAdder/_549_/ZN (ND3D0BWP30P140)
   0.0399    6.8854 v accAdder/_566_/Z (OA21D0BWP30P140)
   0.0311    6.9165 ^ accAdder/_589_/ZN (MUX3ND0BWP30P140)
   0.0331    6.9496 v accAdder/_677_/ZN (AOI221D0BWP30P140)
   0.0251    6.9748 ^ accAdder/_678_/ZN (ND3D0BWP30P140)
   0.0175    6.9922 v accAdder/_680_/ZN (OAI21D0BWP30P140)
   0.0236    7.0158 ^ accAdder/_681_/ZN (AOI21D0BWP30P140)
   0.0255    7.0413 v accAdder/_682_/ZN (MAOI222D0BWP30P140)
   0.0329    7.0742 ^ accAdder/_684_/ZN (MAOI222D0BWP30P140)
   0.0301    7.1043 v accAdder/_686_/ZN (MAOI222D0BWP30P140)
   0.0324    7.1367 ^ accAdder/_687_/ZN (AOI211D0BWP30P140)
   0.0238    7.1605 v accAdder/_688_/ZN (OAI32D0BWP30P140)
   0.0302    7.1907 ^ accAdder/_698_/ZN (AOI211D0BWP30P140)
   0.0230    7.2137 ^ accAdder/_700_/Z (OR2D0BWP30P140)
   0.1489    7.3626 v accAdder/_751_/ZN (AOI31D0BWP30P140)
   0.0882    7.4507 v accAdder/_791_/ZN (MUX4ND0BWP30P140)
   0.0430    7.4938 ^ accAdder/_792_/ZN (NR4D0BWP30P140)
   0.0345    7.5283 v accAdder/_798_/ZN (IND4D0BWP30P140)
   0.0296    7.5579 ^ accAdder/_801_/ZN (NR3D0BWP30P140)
   0.0291    7.5870 v accAdder/_803_/ZN (IND3D0BWP30P140)
   0.0406    7.6276 ^ accAdder/_805_/ZN (MAOI222D0BWP30P140)
   0.0426    7.6702 v accAdder/_810_/ZN (IND4D0BWP30P140)
   0.0444    7.7147 ^ accAdder/_820_/ZN (AOI211D0BWP30P140)
   0.0333    7.7480 ^ accAdder/_821_/Z (AN3D0BWP30P140)
   0.0241    7.7721 ^ accAdder/_828_/ZN (MAOI22D0BWP30P140)
   0.0569    7.8290 v accAdder/_855_/ZN (OAI31D0BWP30P140)
   0.0427    7.8717 ^ accAdder/_877_/ZN (INR4D0BWP30P140)
   0.0262    7.8979 ^ _32_/Z (AO22D0BWP30P140)
   0.0000    7.8979 ^ _42_/D (DFCNQD1BWP30P140)
             7.8979   data arrival time

   2.0000    2.0000   clock CORE_CLK (rise edge)
   0.0000    2.0000   clock network delay (ideal)
  -0.0500    1.9500   clock uncertainty
   0.0000    1.9500   clock reconvergence pessimism
             1.9500 ^ _42_/CP (DFCNQD1BWP30P140)
  -0.0170    1.9330   library setup time
             1.9330   data required time
-------------------------------------------------------------
             1.9330   data required time
            -7.8979   data arrival time
-------------------------------------------------------------
            -5.9650   slack (VIOLATED)


