Startpoint: reset (input port clocked by CORE_CLK)
Endpoint: _068_ (recovery check against rising-edge clock CORE_CLK)
Path Group: asynchronous
Path Type: max

    Delay      Time   Description
-------------------------------------------------------------
   0.0000    0.0000   clock CORE_CLK (rise edge)
   0.0000    0.0000   clock network delay (ideal)
   0.0000    0.0000 ^ input external delay
   0.0000    0.0000 ^ reset (in)
   0.0000    0.0000 ^ _068_/CDN (DFCNQD1BWP30P140)
             0.0000   data arrival time

  20.0000   20.0000   clock CORE_CLK (rise edge)
   0.0000   20.0000   clock network delay (ideal)
  -0.0500   19.9500   clock uncertainty
   0.0000   19.9500   clock reconvergence pessimism
            19.9500 ^ _068_/CP (DFCNQD1BWP30P140)
   0.0258   19.9758   library recovery time
            19.9758   data required time
-------------------------------------------------------------
            19.9758   data required time
            -0.0000   data arrival time
-------------------------------------------------------------
            19.9758   slack (MET)


Startpoint: io_share_exp_B_i[3] (input port clocked by CORE_CLK)
Endpoint: _070_ (rising edge-triggered flip-flop clocked by CORE_CLK)
Path Group: CORE_CLK
Path Type: max

    Delay      Time   Description
-------------------------------------------------------------
   0.0000    0.0000   clock CORE_CLK (rise edge)
   0.0000    0.0000   clock network delay (ideal)
   0.0000    0.0000 ^ input external delay
   0.0000    0.0000 ^ io_share_exp_B_i[3] (in)
   0.0102    0.0102 v reducedSum_sa/_434_/ZN (CKND2D0BWP30P140)
   0.0607    0.0709 v reducedSum_sa/_448_/ZN (XNR3UD0BWP30P140)
   0.0610    0.1319 v reducedSum_sa/_454_/Z (XOR3UD0BWP30P140)
   0.0287    0.1606 v reducedSum_sa/_455_/Z (XOR2UD0BWP30P140)
   0.0334    0.1941 v reducedSum_sa/_456_/ZN (XNR2UD0BWP30P140)
   0.0577    0.2518 v reducedSum_sa/_492_/ZN (XNR3UD0BWP30P140)
   0.0707    0.3225 v reducedSum_sa/_654_/Z (XOR3UD0BWP30P140)
   0.0255    0.3480 ^ reducedSum_sa/_688_/ZN (CKND2D0BWP30P140)
   0.0208    0.3688 v reducedSum_sa/_706_/ZN (XNR2UD0BWP30P140)
   0.0670    0.4358 v reducedSum_sa/_724_/Z (XOR3UD0BWP30P140)
   0.0566    0.4924 v reducedSum_sa/_741_/ZN (XNR3UD0BWP30P140)
   0.0308    0.5232 ^ reducedSum_sa/_800_/ZN (MAOI222D0BWP30P140)
   0.0267    0.5499 v reducedSum_sa/_801_/ZN (MAOI222D0BWP30P140)
   0.0341    0.5841 ^ reducedSum_sa/_802_/ZN (MAOI222D0BWP30P140)
   0.0267    0.6107 v reducedSum_sa/_803_/ZN (MAOI222D0BWP30P140)
   0.0331    0.6438 ^ reducedSum_sa/_804_/ZN (MAOI222D0BWP30P140)
   0.0295    0.6733 v reducedSum_sa/_805_/ZN (MAOI222D0BWP30P140)
   0.0263    0.6996 ^ reducedSum_sa/_808_/ZN (AOI21D0BWP30P140)
   0.0352    0.7348 ^ reducedSum_sa/_820_/ZN (XNR3UD0BWP30P140)
   0.0124    0.7472 v reducedSum_reduced_nextLevel_adder/_0571_/ZN (CKND0BWP30P140)
   0.0125    0.7597 ^ reducedSum_reduced_nextLevel_adder/_0636_/ZN (CKND2D0BWP30P140)
   0.0159    0.7756 v reducedSum_reduced_nextLevel_adder/_0637_/ZN (OAI21D0BWP30P140)
   0.0335    0.8091 ^ reducedSum_reduced_nextLevel_adder/_0638_/ZN (AOI211D0BWP30P140)
   0.0250    0.8341 v reducedSum_reduced_nextLevel_adder/_0640_/ZN (OAI211D0BWP30P140)
   0.0241    0.8582 v reducedSum_reduced_nextLevel_adder/_0643_/Z (OA21D0BWP30P140)
   0.0123    0.8705 ^ reducedSum_reduced_nextLevel_adder/_0646_/ZN (OAI21D0BWP30P140)
   0.1750    1.0455 ^ reducedSum_reduced_nextLevel_adder/_0648_/Z (AO21D0BWP30P140)
   0.0337    1.0792 ^ reducedSum_reduced_nextLevel_adder/_0695_/ZN (MUX2ND0BWP30P140)
   0.0320    1.1112 ^ reducedSum_reduced_nextLevel_adder/_0706_/Z (CKMUX2D0BWP30P140)
   0.0287    1.1399 v reducedSum_reduced_nextLevel_adder/_0738_/ZN (MUX4ND0BWP30P140)
   0.0339    1.1738 ^ reducedSum_reduced_nextLevel_adder/_0811_/ZN (AOI22D0BWP30P140)
   0.0181    1.1919 v reducedSum_reduced_nextLevel_adder/_0812_/ZN (OAI21D0BWP30P140)
   0.0345    1.2263 v reducedSum_reduced_nextLevel_adder/_0813_/Z (AO22D0BWP30P140)
   0.0269    1.2533 ^ reducedSum_reduced_nextLevel_adder/_0932_/ZN (MAOI222D0BWP30P140)
   0.0254    1.2787 ^ reducedSum_reduced_nextLevel_adder/_0933_/ZN (IAO21D0BWP30P140)
   0.0195    1.2982 v reducedSum_reduced_nextLevel_adder/_0934_/ZN (OAI21D0BWP30P140)
   0.0351    1.3333 v reducedSum_reduced_nextLevel_adder/_0936_/Z (AO211D0BWP30P140)
   0.0218    1.3551 ^ reducedSum_reduced_nextLevel_adder/_0937_/ZN (AOI31D0BWP30P140)
   0.0249    1.3800 v reducedSum_reduced_nextLevel_adder/_0938_/ZN (MAOI222D0BWP30P140)
   0.0310    1.4110 v reducedSum_reduced_nextLevel_adder/_0939_/Z (AO21D0BWP30P140)
   0.0185    1.4295 ^ reducedSum_reduced_nextLevel_adder/_0940_/ZN (AOI21D0BWP30P140)
   0.0241    1.4537 v reducedSum_reduced_nextLevel_adder/_0941_/ZN (MAOI222D0BWP30P140)
   0.0310    1.4847 v reducedSum_reduced_nextLevel_adder/_0942_/Z (AO21D0BWP30P140)
   0.0179    1.5026 ^ reducedSum_reduced_nextLevel_adder/_0943_/ZN (AOI21D0BWP30P140)
   0.0241    1.5267 v reducedSum_reduced_nextLevel_adder/_0944_/ZN (MAOI222D0BWP30P140)
   0.0261    1.5528 ^ reducedSum_reduced_nextLevel_adder/_0945_/ZN (AOI21D0BWP30P140)
   0.0245    1.5772 v reducedSum_reduced_nextLevel_adder/_0946_/ZN (MAOI222D0BWP30P140)
   0.0260    1.6032 ^ reducedSum_reduced_nextLevel_adder/_0947_/ZN (AOI21D0BWP30P140)
   0.0203    1.6235 ^ reducedSum_reduced_nextLevel_adder/_0948_/ZN (INR2D0BWP30P140)
   0.0103    1.6338 v reducedSum_reduced_nextLevel_adder/_0949_/ZN (INR3D0BWP30P140)
   0.0198    1.6537 v reducedSum_reduced_nextLevel_adder/_0950_/Z (AN2D0BWP30P140)
   0.1352    1.7889 ^ reducedSum_reduced_nextLevel_adder/_0951_/ZN (NR2D0BWP30P140)
   0.0337    1.8226 ^ reducedSum_reduced_nextLevel_adder/_0970_/ZN (MUX2ND0BWP30P140)
   0.0436    1.8662 v reducedSum_reduced_nextLevel_adder/_0980_/ZN (ND4D0BWP30P140)
   0.0274    1.8937 ^ reducedSum_reduced_nextLevel_adder/_0995_/ZN (NR4D0BWP30P140)
   0.0348    1.9284 v reducedSum_reduced_nextLevel_adder/_1011_/ZN (ND4D0BWP30P140)
   0.0319    1.9603 ^ reducedSum_reduced_nextLevel_adder/_1026_/ZN (NR4D0BWP30P140)
   0.0451    2.0054 v reducedSum_reduced_nextLevel_adder/_1041_/ZN (ND4D0BWP30P140)
   0.0580    2.0634 v reducedSum_reduced_nextLevel_adder/_1115_/Z (OR4D0BWP30P140)
   0.0213    2.0847 v reducedSum_reduced_nextLevel_adder/_1134_/Z (OA21D0BWP30P140)
   0.0288    2.1135 v reducedSum_reduced_nextLevel_adder/_1135_/Z (XOR2UD0BWP30P140)
   0.0370    2.1505 v reducedSum_reduced_nextLevel_adder_8/_0589_/ZN (XNR2UD0BWP30P140)
   0.0346    2.1852 v reducedSum_reduced_nextLevel_adder_8/_0590_/Z (AO21D0BWP30P140)
   0.0238    2.2090 ^ reducedSum_reduced_nextLevel_adder_8/_0593_/ZN (AOI211D0BWP30P140)
   0.0246    2.2336 v reducedSum_reduced_nextLevel_adder_8/_0595_/ZN (OAI31D0BWP30P140)
   0.0218    2.2554 ^ reducedSum_reduced_nextLevel_adder_8/_0596_/ZN (OAI21D0BWP30P140)
   0.0282    2.2836 ^ reducedSum_reduced_nextLevel_adder_8/_0602_/Z (XOR2UD0BWP30P140)
   0.0411    2.3247 v reducedSum_reduced_nextLevel_adder_8/_0615_/ZN (AOI32D0BWP30P140)
   0.0306    2.3553 ^ reducedSum_reduced_nextLevel_adder_8/_0657_/ZN (NR2D0BWP30P140)
   0.0312    2.3864 ^ reducedSum_reduced_nextLevel_adder_8/_0659_/Z (XOR2UD0BWP30P140)
   0.0289    2.4154 ^ reducedSum_reduced_nextLevel_adder_8/_0665_/Z (AO21D0BWP30P140)
   0.1765    2.5918 v reducedSum_reduced_nextLevel_adder_8/_0674_/ZN (IND3D0BWP30P140)
   0.0762    2.6681 ^ reducedSum_reduced_nextLevel_adder_8/_0735_/Z (CKMUX2D0BWP30P140)
   0.0299    2.6980 v reducedSum_reduced_nextLevel_adder_8/_0738_/ZN (MUX4ND0BWP30P140)
   0.0339    2.7319 ^ reducedSum_reduced_nextLevel_adder_8/_0811_/ZN (AOI22D0BWP30P140)
   0.0181    2.7499 v reducedSum_reduced_nextLevel_adder_8/_0812_/ZN (OAI21D0BWP30P140)
   0.0345    2.7844 v reducedSum_reduced_nextLevel_adder_8/_0813_/Z (AO22D0BWP30P140)
   0.0269    2.8114 ^ reducedSum_reduced_nextLevel_adder_8/_0932_/ZN (MAOI222D0BWP30P140)
   0.0254    2.8368 ^ reducedSum_reduced_nextLevel_adder_8/_0933_/ZN (IAO21D0BWP30P140)
   0.0195    2.8563 v reducedSum_reduced_nextLevel_adder_8/_0934_/ZN (OAI21D0BWP30P140)
   0.0351    2.8914 v reducedSum_reduced_nextLevel_adder_8/_0936_/Z (AO211D0BWP30P140)
   0.0218    2.9132 ^ reducedSum_reduced_nextLevel_adder_8/_0937_/ZN (AOI31D0BWP30P140)
   0.0249    2.9381 v reducedSum_reduced_nextLevel_adder_8/_0938_/ZN (MAOI222D0BWP30P140)
   0.0310    2.9691 v reducedSum_reduced_nextLevel_adder_8/_0939_/Z (AO21D0BWP30P140)
   0.0185    2.9876 ^ reducedSum_reduced_nextLevel_adder_8/_0940_/ZN (AOI21D0BWP30P140)
   0.0241    3.0117 v reducedSum_reduced_nextLevel_adder_8/_0941_/ZN (MAOI222D0BWP30P140)
   0.0310    3.0428 v reducedSum_reduced_nextLevel_adder_8/_0942_/Z (AO21D0BWP30P140)
   0.0179    3.0607 ^ reducedSum_reduced_nextLevel_adder_8/_0943_/ZN (AOI21D0BWP30P140)
   0.0241    3.0848 v reducedSum_reduced_nextLevel_adder_8/_0944_/ZN (MAOI222D0BWP30P140)
   0.0261    3.1109 ^ reducedSum_reduced_nextLevel_adder_8/_0945_/ZN (AOI21D0BWP30P140)
   0.0245    3.1353 v reducedSum_reduced_nextLevel_adder_8/_0946_/ZN (MAOI222D0BWP30P140)
   0.0260    3.1613 ^ reducedSum_reduced_nextLevel_adder_8/_0947_/ZN (AOI21D0BWP30P140)
   0.0203    3.1816 ^ reducedSum_reduced_nextLevel_adder_8/_0948_/ZN (INR2D0BWP30P140)
   0.0103    3.1919 v reducedSum_reduced_nextLevel_adder_8/_0949_/ZN (INR3D0BWP30P140)
   0.0198    3.2117 v reducedSum_reduced_nextLevel_adder_8/_0950_/Z (AN2D0BWP30P140)
   0.1352    3.3470 ^ reducedSum_reduced_nextLevel_adder_8/_0951_/ZN (NR2D0BWP30P140)
   0.0337    3.3807 ^ reducedSum_reduced_nextLevel_adder_8/_0970_/ZN (MUX2ND0BWP30P140)
   0.0436    3.4243 v reducedSum_reduced_nextLevel_adder_8/_0980_/ZN (ND4D0BWP30P140)
   0.0274    3.4517 ^ reducedSum_reduced_nextLevel_adder_8/_0995_/ZN (NR4D0BWP30P140)
   0.0348    3.4865 v reducedSum_reduced_nextLevel_adder_8/_1011_/ZN (ND4D0BWP30P140)
   0.0319    3.5184 ^ reducedSum_reduced_nextLevel_adder_8/_1026_/ZN (NR4D0BWP30P140)
   0.0451    3.5635 v reducedSum_reduced_nextLevel_adder_8/_1041_/ZN (ND4D0BWP30P140)
   0.0580    3.6215 v reducedSum_reduced_nextLevel_adder_8/_1115_/Z (OR4D0BWP30P140)
   0.0213    3.6428 v reducedSum_reduced_nextLevel_adder_8/_1134_/Z (OA21D0BWP30P140)
   0.0288    3.6716 v reducedSum_reduced_nextLevel_adder_8/_1135_/Z (XOR2UD0BWP30P140)
   0.0370    3.7086 v reducedSum_reduced_nextLevel_adder_12/_0589_/ZN (XNR2UD0BWP30P140)
   0.0346    3.7433 v reducedSum_reduced_nextLevel_adder_12/_0590_/Z (AO21D0BWP30P140)
   0.0238    3.7671 ^ reducedSum_reduced_nextLevel_adder_12/_0593_/ZN (AOI211D0BWP30P140)
   0.0246    3.7917 v reducedSum_reduced_nextLevel_adder_12/_0595_/ZN (OAI31D0BWP30P140)
   0.0218    3.8135 ^ reducedSum_reduced_nextLevel_adder_12/_0596_/ZN (OAI21D0BWP30P140)
   0.0282    3.8417 ^ reducedSum_reduced_nextLevel_adder_12/_0602_/Z (XOR2UD0BWP30P140)
   0.0411    3.8828 v reducedSum_reduced_nextLevel_adder_12/_0615_/ZN (AOI32D0BWP30P140)
   0.0306    3.9133 ^ reducedSum_reduced_nextLevel_adder_12/_0657_/ZN (NR2D0BWP30P140)
   0.0312    3.9445 ^ reducedSum_reduced_nextLevel_adder_12/_0659_/Z (XOR2UD0BWP30P140)
   0.0289    3.9735 ^ reducedSum_reduced_nextLevel_adder_12/_0665_/Z (AO21D0BWP30P140)
   0.1765    4.1499 v reducedSum_reduced_nextLevel_adder_12/_0674_/ZN (IND3D0BWP30P140)
   0.0762    4.2262 ^ reducedSum_reduced_nextLevel_adder_12/_0735_/Z (CKMUX2D0BWP30P140)
   0.0299    4.2561 v reducedSum_reduced_nextLevel_adder_12/_0738_/ZN (MUX4ND0BWP30P140)
   0.0339    4.2900 ^ reducedSum_reduced_nextLevel_adder_12/_0811_/ZN (AOI22D0BWP30P140)
   0.0181    4.3080 v reducedSum_reduced_nextLevel_adder_12/_0812_/ZN (OAI21D0BWP30P140)
   0.0345    4.3425 v reducedSum_reduced_nextLevel_adder_12/_0813_/Z (AO22D0BWP30P140)
   0.0269    4.3694 ^ reducedSum_reduced_nextLevel_adder_12/_0932_/ZN (MAOI222D0BWP30P140)
   0.0254    4.3949 ^ reducedSum_reduced_nextLevel_adder_12/_0933_/ZN (IAO21D0BWP30P140)
   0.0195    4.4144 v reducedSum_reduced_nextLevel_adder_12/_0934_/ZN (OAI21D0BWP30P140)
   0.0351    4.4495 v reducedSum_reduced_nextLevel_adder_12/_0936_/Z (AO211D0BWP30P140)
   0.0218    4.4713 ^ reducedSum_reduced_nextLevel_adder_12/_0937_/ZN (AOI31D0BWP30P140)
   0.0249    4.4962 v reducedSum_reduced_nextLevel_adder_12/_0938_/ZN (MAOI222D0BWP30P140)
   0.0310    4.5272 v reducedSum_reduced_nextLevel_adder_12/_0939_/Z (AO21D0BWP30P140)
   0.0185    4.5457 ^ reducedSum_reduced_nextLevel_adder_12/_0940_/ZN (AOI21D0BWP30P140)
   0.0241    4.5698 v reducedSum_reduced_nextLevel_adder_12/_0941_/ZN (MAOI222D0BWP30P140)
   0.0310    4.6008 v reducedSum_reduced_nextLevel_adder_12/_0942_/Z (AO21D0BWP30P140)
   0.0179    4.6187 ^ reducedSum_reduced_nextLevel_adder_12/_0943_/ZN (AOI21D0BWP30P140)
   0.0241    4.6429 v reducedSum_reduced_nextLevel_adder_12/_0944_/ZN (MAOI222D0BWP30P140)
   0.0261    4.6689 ^ reducedSum_reduced_nextLevel_adder_12/_0945_/ZN (AOI21D0BWP30P140)
   0.0245    4.6934 v reducedSum_reduced_nextLevel_adder_12/_0946_/ZN (MAOI222D0BWP30P140)
   0.0260    4.7194 ^ reducedSum_reduced_nextLevel_adder_12/_0947_/ZN (AOI21D0BWP30P140)
   0.0203    4.7397 ^ reducedSum_reduced_nextLevel_adder_12/_0948_/ZN (INR2D0BWP30P140)
   0.0103    4.7500 v reducedSum_reduced_nextLevel_adder_12/_0949_/ZN (INR3D0BWP30P140)
   0.0198    4.7698 v reducedSum_reduced_nextLevel_adder_12/_0950_/Z (AN2D0BWP30P140)
   0.1352    4.9051 ^ reducedSum_reduced_nextLevel_adder_12/_0951_/ZN (NR2D0BWP30P140)
   0.0337    4.9388 ^ reducedSum_reduced_nextLevel_adder_12/_0970_/ZN (MUX2ND0BWP30P140)
   0.0436    4.9824 v reducedSum_reduced_nextLevel_adder_12/_0980_/ZN (ND4D0BWP30P140)
   0.0274    5.0098 ^ reducedSum_reduced_nextLevel_adder_12/_0995_/ZN (NR4D0BWP30P140)
   0.0348    5.0446 v reducedSum_reduced_nextLevel_adder_12/_1011_/ZN (ND4D0BWP30P140)
   0.0319    5.0765 ^ reducedSum_reduced_nextLevel_adder_12/_1026_/ZN (NR4D0BWP30P140)
   0.0451    5.1216 v reducedSum_reduced_nextLevel_adder_12/_1041_/ZN (ND4D0BWP30P140)
   0.0580    5.1796 v reducedSum_reduced_nextLevel_adder_12/_1115_/Z (OR4D0BWP30P140)
   0.0213    5.2009 v reducedSum_reduced_nextLevel_adder_12/_1134_/Z (OA21D0BWP30P140)
   0.0288    5.2297 v reducedSum_reduced_nextLevel_adder_12/_1135_/Z (XOR2UD0BWP30P140)
   0.0370    5.2667 v reducedSum_reduced_nextLevel_adder_14/_0589_/ZN (XNR2UD0BWP30P140)
   0.0346    5.3014 v reducedSum_reduced_nextLevel_adder_14/_0590_/Z (AO21D0BWP30P140)
   0.0238    5.3251 ^ reducedSum_reduced_nextLevel_adder_14/_0593_/ZN (AOI211D0BWP30P140)
   0.0246    5.3498 v reducedSum_reduced_nextLevel_adder_14/_0595_/ZN (OAI31D0BWP30P140)
   0.0218    5.3716 ^ reducedSum_reduced_nextLevel_adder_14/_0596_/ZN (OAI21D0BWP30P140)
   0.0282    5.3998 ^ reducedSum_reduced_nextLevel_adder_14/_0602_/Z (XOR2UD0BWP30P140)
   0.0411    5.4409 v reducedSum_reduced_nextLevel_adder_14/_0615_/ZN (AOI32D0BWP30P140)
   0.0306    5.4714 ^ reducedSum_reduced_nextLevel_adder_14/_0657_/ZN (NR2D0BWP30P140)
   0.0312    5.5026 ^ reducedSum_reduced_nextLevel_adder_14/_0659_/Z (XOR2UD0BWP30P140)
   0.0289    5.5315 ^ reducedSum_reduced_nextLevel_adder_14/_0665_/Z (AO21D0BWP30P140)
   0.1765    5.7080 v reducedSum_reduced_nextLevel_adder_14/_0674_/ZN (IND3D0BWP30P140)
   0.0762    5.7842 ^ reducedSum_reduced_nextLevel_adder_14/_0735_/Z (CKMUX2D0BWP30P140)
   0.0299    5.8142 v reducedSum_reduced_nextLevel_adder_14/_0738_/ZN (MUX4ND0BWP30P140)
   0.0339    5.8480 ^ reducedSum_reduced_nextLevel_adder_14/_0811_/ZN (AOI22D0BWP30P140)
   0.0181    5.8661 v reducedSum_reduced_nextLevel_adder_14/_0812_/ZN (OAI21D0BWP30P140)
   0.0345    5.9006 v reducedSum_reduced_nextLevel_adder_14/_0813_/Z (AO22D0BWP30P140)
   0.0269    5.9275 ^ reducedSum_reduced_nextLevel_adder_14/_0932_/ZN (MAOI222D0BWP30P140)
   0.0254    5.9530 ^ reducedSum_reduced_nextLevel_adder_14/_0933_/ZN (IAO21D0BWP30P140)
   0.0195    5.9725 v reducedSum_reduced_nextLevel_adder_14/_0934_/ZN (OAI21D0BWP30P140)
   0.0351    6.0076 v reducedSum_reduced_nextLevel_adder_14/_0936_/Z (AO211D0BWP30P140)
   0.0218    6.0294 ^ reducedSum_reduced_nextLevel_adder_14/_0937_/ZN (AOI31D0BWP30P140)
   0.0249    6.0543 v reducedSum_reduced_nextLevel_adder_14/_0938_/ZN (MAOI222D0BWP30P140)
   0.0310    6.0853 v reducedSum_reduced_nextLevel_adder_14/_0939_/Z (AO21D0BWP30P140)
   0.0185    6.1038 ^ reducedSum_reduced_nextLevel_adder_14/_0940_/ZN (AOI21D0BWP30P140)
   0.0241    6.1279 v reducedSum_reduced_nextLevel_adder_14/_0941_/ZN (MAOI222D0BWP30P140)
   0.0310    6.1589 v reducedSum_reduced_nextLevel_adder_14/_0942_/Z (AO21D0BWP30P140)
   0.0179    6.1768 ^ reducedSum_reduced_nextLevel_adder_14/_0943_/ZN (AOI21D0BWP30P140)
   0.0241    6.2009 v reducedSum_reduced_nextLevel_adder_14/_0944_/ZN (MAOI222D0BWP30P140)
   0.0261    6.2270 ^ reducedSum_reduced_nextLevel_adder_14/_0945_/ZN (AOI21D0BWP30P140)
   0.0245    6.2515 v reducedSum_reduced_nextLevel_adder_14/_0946_/ZN (MAOI222D0BWP30P140)
   0.0260    6.2775 ^ reducedSum_reduced_nextLevel_adder_14/_0947_/ZN (AOI21D0BWP30P140)
   0.0203    6.2978 ^ reducedSum_reduced_nextLevel_adder_14/_0948_/ZN (INR2D0BWP30P140)
   0.0103    6.3081 v reducedSum_reduced_nextLevel_adder_14/_0949_/ZN (INR3D0BWP30P140)
   0.0198    6.3279 v reducedSum_reduced_nextLevel_adder_14/_0950_/Z (AN2D0BWP30P140)
   0.1352    6.4631 ^ reducedSum_reduced_nextLevel_adder_14/_0951_/ZN (NR2D0BWP30P140)
   0.0337    6.4969 ^ reducedSum_reduced_nextLevel_adder_14/_0970_/ZN (MUX2ND0BWP30P140)
   0.0436    6.5405 v reducedSum_reduced_nextLevel_adder_14/_0980_/ZN (ND4D0BWP30P140)
   0.0369    6.5774 v reducedSum_reduced_nextLevel_adder_14/_0987_/ZN (IND2D0BWP30P140)
   0.0355    6.6129 v reducedSum_reduced_nextLevel_adder_14/_0996_/Z (OR3D0BWP30P140)
   0.0252    6.6381 ^ reducedSum_reduced_nextLevel_adder_14/_1001_/ZN (NR2D0BWP30P140)
   0.0315    6.6696 ^ reducedSum_reduced_nextLevel_adder_14/_1010_/Z (AN3D0BWP30P140)
   0.0164    6.6859 v reducedSum_reduced_nextLevel_adder_14/_1057_/ZN (NR2D0BWP30P140)
   0.0254    6.7114 ^ reducedSum_conv/_144_/ZN (NR4D0BWP30P140)
   0.0186    6.7300 v reducedSum_conv/_145_/ZN (OAI31D0BWP30P140)
   0.0232    6.7532 ^ reducedSum_conv/_149_/ZN (AOI211D0BWP30P140)
   0.0149    6.7681 v reducedSum_conv/_150_/ZN (NR3D0BWP30P140)
   0.0657    6.8338 ^ reducedSum_conv/_151_/ZN (NR3D0BWP30P140)
   0.0424    6.8762 v reducedSum_conv/_167_/ZN (MAOI222D0BWP30P140)
   0.0435    6.9198 ^ reducedSum_conv/_193_/ZN (AOI211D0BWP30P140)
   0.0176    6.9373 v reducedSum_conv/_195_/ZN (NR3D0BWP30P140)
   0.0484    6.9857 v reducedSum_conv/_198_/ZN (IND4D0BWP30P140)
   0.0579    7.0437 ^ reducedSum_conv/_203_/ZN (AOI211D0BWP30P140)
   0.0616    7.1053 ^ reducedSum_conv/_207_/Z (AO21D0BWP30P140)
   0.0244    7.1297 v reducedSum_conv/_219_/ZN (NR2D0BWP30P140)
   0.0290    7.1586 v accAdder/_0897_/ZN (XNR2UD0BWP30P140)
   0.0314    7.1900 ^ accAdder/_0899_/ZN (AOI21D0BWP30P140)
   0.0301    7.2201 v accAdder/_0901_/ZN (MAOI222D0BWP30P140)
   0.0357    7.2558 ^ accAdder/_0902_/ZN (MAOI222D0BWP30P140)
   0.0302    7.2860 v accAdder/_0903_/ZN (MAOI222D0BWP30P140)
   0.0364    7.3224 ^ accAdder/_0966_/ZN (MAOI222D0BWP30P140)
   0.0303    7.3527 v accAdder/_0968_/ZN (MAOI222D0BWP30P140)
   0.0257    7.3783 v accAdder/_0970_/ZN (XNR2UD0BWP30P140)
   0.0212    7.3996 ^ accAdder/_0971_/ZN (NR2D0BWP30P140)
   0.0257    7.4253 ^ accAdder/_0972_/Z (AN2D0BWP30P140)
   0.4170    7.8422 v accAdder/_0975_/ZN (AOI31D0BWP30P140)
   0.4192    8.2615 ^ accAdder/_0991_/ZN (AOI22D0BWP30P140)
   0.0318    8.2933 v accAdder/_1063_/ZN (CKND2D0BWP30P140)
   0.0370    8.3303 ^ accAdder/_1188_/ZN (OAI32D0BWP30P140)
   0.0151    8.3454 v accAdder/_1189_/ZN (AOI21D0BWP30P140)
   0.0396    8.3850 ^ accAdder/_1191_/ZN (OAI221D0BWP30P140)
   0.0211    8.4061 v accAdder/_1196_/ZN (OAI31D0BWP30P140)
   0.0222    8.4283 ^ accAdder/_1198_/ZN (AOI21D0BWP30P140)
   0.0256    8.4539 v accAdder/_1200_/ZN (MAOI222D0BWP30P140)
   0.0396    8.4935 ^ accAdder/_1202_/ZN (MAOI222D0BWP30P140)
   0.0257    8.5192 v accAdder/_1204_/ZN (MAOI222D0BWP30P140)
   0.0277    8.5470 ^ accAdder/_1206_/ZN (AOI21D0BWP30P140)
   0.0253    8.5723 ^ accAdder/_1209_/ZN (IAO21D0BWP30P140)
   0.0247    8.5969 v accAdder/_1211_/ZN (MAOI222D0BWP30P140)
   0.0395    8.6364 ^ accAdder/_1213_/ZN (MAOI222D0BWP30P140)
   0.0265    8.6629 v accAdder/_1221_/ZN (MAOI222D0BWP30P140)
   0.0354    8.6983 v accAdder/_1232_/Z (AO21D0BWP30P140)
   0.0261    8.7244 ^ accAdder/_1242_/ZN (MAOI222D0BWP30P140)
   0.0265    8.7509 v accAdder/_1255_/ZN (MAOI222D0BWP30P140)
   0.0315    8.7824 v accAdder/_1259_/Z (AO21D0BWP30P140)
   0.0182    8.8006 ^ accAdder/_1276_/ZN (AOI21D0BWP30P140)
   0.0258    8.8264 v accAdder/_1280_/ZN (MAOI222D0BWP30P140)
   0.0391    8.8655 ^ accAdder/_1296_/ZN (MAOI222D0BWP30P140)
   0.0262    8.8917 v accAdder/_1300_/ZN (MAOI222D0BWP30P140)
   0.0304    8.9221 ^ accAdder/_1318_/ZN (AOI21D0BWP30P140)
   0.0249    8.9470 v accAdder/_1322_/ZN (MAOI222D0BWP30P140)
   0.0364    8.9834 v accAdder/_1345_/Z (AO21D0BWP30P140)
   0.0156    8.9991 ^ accAdder/_1353_/ZN (MUX2ND0BWP30P140)
   0.0347    9.0338 ^ accAdder/_1354_/ZN (XNR2UD0BWP30P140)
   0.0288    9.0626 ^ accAdder/_1453_/ZN (MAOI22D0BWP30P140)
   0.1281    9.1906 v accAdder/_1456_/ZN (OAI211D0BWP30P140)
   0.0886    9.2792 ^ accAdder/_1531_/Z (MUX4D0BWP30P140)
   0.0194    9.2987 v accAdder/_1534_/ZN (MUX3ND0BWP30P140)
   0.0405    9.3392 ^ accAdder/_1568_/ZN (NR2D0BWP30P140)
   0.0507    9.3899 ^ accAdder/_1577_/ZN (INR4D0BWP30P140)
   0.0510    9.4409 ^ accAdder/_1582_/Z (AN4D0BWP30P140)
   0.0395    9.4804 ^ accAdder/_1590_/Z (AN4D0BWP30P140)
   0.0406    9.5210 ^ accAdder/_1601_/Z (AN4D0BWP30P140)
   0.0349    9.5558 ^ accAdder/_1603_/Z (AN3D0BWP30P140)
   0.0271    9.5830 v accAdder/_1605_/ZN (IND3D0BWP30P140)
   0.0379    9.6209 v accAdder/_1606_/Z (OR3D0BWP30P140)
   0.0368    9.6577 ^ accAdder/_1608_/ZN (INR3D0BWP30P140)
   0.0364    9.6942 v accAdder/_1611_/ZN (MAOI222D0BWP30P140)
   0.0357    9.7298 ^ accAdder/_1616_/ZN (NR4D0BWP30P140)
   0.0219    9.7517 v accAdder/_1619_/ZN (OAI31D0BWP30P140)
   0.0327    9.7844 v accAdder/_1621_/Z (AO21D0BWP30P140)
   0.0312    9.8156 ^ accAdder/_1623_/ZN (AOI21D0BWP30P140)
   0.0237    9.8393 v accAdder/_1626_/ZN (OAI21D0BWP30P140)
   0.0215    9.8608 v accAdder/_1658_/Z (AN3D0BWP30P140)
   0.0613    9.9220 v accAdder/_1659_/Z (OR3D0BWP30P140)
   0.0420    9.9640 ^ accAdder/_1703_/ZN (AOI211D0BWP30P140)
   0.0261    9.9901 ^ _060_/Z (AO22D0BWP30P140)
   0.0000    9.9901 ^ _070_/D (DFCNQD1BWP30P140)
             9.9901   data arrival time

  20.0000   20.0000   clock CORE_CLK (rise edge)
   0.0000   20.0000   clock network delay (ideal)
  -0.0500   19.9500   clock uncertainty
   0.0000   19.9500   clock reconvergence pessimism
            19.9500 ^ _070_/CP (DFCNQD1BWP30P140)
  -0.0174   19.9326   library setup time
            19.9326   data required time
-------------------------------------------------------------
            19.9326   data required time
            -9.9901   data arrival time
-------------------------------------------------------------
             9.9425   slack (MET)


