Startpoint: reset (input port clocked by CORE_CLK)
Endpoint: _068_ (recovery check against rising-edge clock CORE_CLK)
Path Group: asynchronous
Path Type: max

    Delay      Time   Description
-------------------------------------------------------------
   0.0000    0.0000   clock CORE_CLK (rise edge)
   0.0000    0.0000   clock network delay (ideal)
   0.0000    0.0000 ^ input external delay
   0.0000    0.0000 ^ reset (in)
   0.0000    0.0000 ^ _068_/CDN (DFCNQD1BWP30P140)
             0.0000   data arrival time

  20.0000   20.0000   clock CORE_CLK (rise edge)
   0.0000   20.0000   clock network delay (ideal)
  -0.0500   19.9500   clock uncertainty
   0.0000   19.9500   clock reconvergence pessimism
            19.9500 ^ _068_/CP (DFCNQD1BWP30P140)
   0.0258   19.9758   library recovery time
            19.9758   data required time
-------------------------------------------------------------
            19.9758   data required time
            -0.0000   data arrival time
-------------------------------------------------------------
            19.9758   slack (MET)


Startpoint: io_op_b_i[1] (input port clocked by CORE_CLK)
Endpoint: _070_ (rising edge-triggered flip-flop clocked by CORE_CLK)
Path Group: CORE_CLK
Path Type: max

    Delay      Time   Description
-------------------------------------------------------------
   0.0000    0.0000   clock CORE_CLK (rise edge)
   0.0000    0.0000   clock network delay (ideal)
   0.0000    0.0000 v input external delay
   0.0000    0.0000 v io_op_b_i[1] (in)
   0.0357    0.0357 v reducedSum_op/_178_/Z (OR4D0BWP30P140)
   0.0159    0.0516 ^ reducedSum_op/_180_/ZN (OAI21D0BWP30P140)
   0.0359    0.0875 ^ reducedSum_op/_181_/ZN (XNR2UD0BWP30P140)
   0.0169    0.1044 v reducedSum_op/_186_/ZN (CKND2D0BWP30P140)
   0.0663    0.1706 v reducedSum_op/_227_/ZN (XNR3UD0BWP30P140)
   0.0673    0.2379 v reducedSum_op/_248_/Z (XOR4D0BWP30P140)
   0.0486    0.2865 v reducedSum_op/_259_/ZN (XNR3UD0BWP30P140)
   0.0267    0.3132 ^ reducedSum_op/_260_/ZN (OAI32D0BWP30P140)
   0.0296    0.3428 v reducedSum_op/_261_/ZN (MAOI222D0BWP30P140)
   0.0306    0.3734 ^ reducedSum_op/_263_/ZN (OAI21D0BWP30P140)
   0.0320    0.4054 v reducedSum_op/_265_/ZN (MAOI222D0BWP30P140)
   0.0387    0.4441 ^ reducedSum_op/_275_/ZN (MAOI222D0BWP30P140)
   0.0444    0.4886 v reducedSum_op/_281_/ZN (XNR2UD0BWP30P140)
   0.0266    0.5151 ^ reducedSum_sa/_1670_/ZN (CKND2D0BWP30P140)
   0.0288    0.5440 ^ reducedSum_sa/_1673_/ZN (XNR2UD0BWP30P140)
   0.0315    0.5755 ^ reducedSum_sa/_1674_/Z (OA21D0BWP30P140)
   0.0154    0.5908 ^ reducedSum_sa/_1677_/ZN (XNR2UD0BWP30P140)
   0.0326    0.6234 ^ reducedSum_sa/_1678_/ZN (XNR2UD0BWP30P140)
   0.0220    0.6454 ^ reducedSum_sa/_1715_/Z (XOR2UD0BWP30P140)
   0.0279    0.6733 ^ reducedSum_sa/_1731_/ZN (XNR2UD0BWP30P140)
   0.0393    0.7126 ^ reducedSum_sa/_1772_/ZN (XNR3UD0BWP30P140)
   0.0534    0.7660 v reducedSum_sa/_1811_/ZN (XNR3UD0BWP30P140)
   0.0577    0.8237 v reducedSum_sa/_1843_/ZN (XNR3UD0BWP30P140)
   0.0312    0.8548 ^ reducedSum_sa/_1937_/ZN (MAOI222D0BWP30P140)
   0.0263    0.8811 v reducedSum_sa/_1938_/ZN (MAOI222D0BWP30P140)
   0.0375    0.9186 ^ reducedSum_sa/_1939_/ZN (MAOI222D0BWP30P140)
   0.0255    0.9441 v reducedSum_sa/_1941_/ZN (OAI21D0BWP30P140)
   0.0360    0.9801 ^ reducedSum_sa/_1943_/ZN (MAOI222D0BWP30P140)
   0.0241    1.0042 v reducedSum_sa/_1946_/ZN (OAI21D0BWP30P140)
   0.0286    1.0328 ^ reducedSum_sa/_1948_/ZN (AOI21D0BWP30P140)
   0.0290    1.0618 v reducedSum_sa/_1950_/ZN (MAOI222D0BWP30P140)
   0.0309    1.0928 ^ reducedSum_sa/_1953_/ZN (AOI21D0BWP30P140)
   0.0302    1.1230 v reducedSum_sa/_1955_/ZN (MAOI222D0BWP30P140)
   0.0410    1.1639 ^ reducedSum_sa/_1957_/ZN (MAOI222D0BWP30P140)
   0.0286    1.1926 v reducedSum_sa/_2038_/ZN (OAI31D0BWP30P140)
   0.0247    1.2173 ^ reducedSum_sa/_2042_/ZN (MAOI22D0BWP30P140)
   0.0327    1.2500 ^ reducedSum_sa/_2046_/ZN (MAOI22D0BWP30P140)
   0.0293    1.2793 v reducedSum_sa/_2082_/ZN (OAI211D0BWP30P140)
   0.0292    1.3085 ^ reducedSum_conv/_283_/ZN (NR2D0BWP30P140)
   0.1706    1.4791 v reducedSum_conv/_284_/ZN (AOI21D0BWP30P140)
   0.0900    1.5691 v reducedSum_conv/_367_/ZN (MUX4ND0BWP30P140)
   0.0605    1.6296 ^ reducedSum_conv/_397_/ZN (AOI211D0BWP30P140)
   0.0412    1.6708 v reducedSum_conv/_400_/ZN (ND4D0BWP30P140)
   0.0462    1.7170 v reducedSum_conv/_403_/Z (OR4D0BWP30P140)
   0.0425    1.7595 v reducedSum_conv/_406_/Z (OR4D0BWP30P140)
   0.0595    1.8190 v reducedSum_conv/_413_/ZN (IND4D0BWP30P140)
   0.0347    1.8536 ^ reducedSum_conv/_424_/ZN (NR4D0BWP30P140)
   0.0358    1.8894 v reducedSum_conv/_425_/ZN (IND3D0BWP30P140)
   0.0354    1.9248 ^ reducedSum_conv/_427_/ZN (NR4D0BWP30P140)
   0.0359    1.9607 ^ reducedSum_conv/_428_/Z (AN3D0BWP30P140)
   0.0219    1.9826 ^ reducedSum_conv/_429_/Z (AN2D0BWP30P140)
   0.0228    2.0054 ^ reducedSum_conv/_431_/Z (AN2D0BWP30P140)
   0.0148    2.0202 ^ reducedSum_conv/_434_/Z (OR2D0BWP30P140)
   0.0194    2.0396 v reducedSum_conv/_453_/ZN (AOI21D0BWP30P140)
   0.0366    2.0761 v reducedSum_nextLevel_adder/_0897_/ZN (XNR2UD0BWP30P140)
   0.0322    2.1083 ^ reducedSum_nextLevel_adder/_0899_/ZN (AOI21D0BWP30P140)
   0.0302    2.1385 v reducedSum_nextLevel_adder/_0901_/ZN (MAOI222D0BWP30P140)
   0.0360    2.1745 ^ reducedSum_nextLevel_adder/_0902_/ZN (MAOI222D0BWP30P140)
   0.0302    2.2047 v reducedSum_nextLevel_adder/_0903_/ZN (MAOI222D0BWP30P140)
   0.0362    2.2409 ^ reducedSum_nextLevel_adder/_0966_/ZN (MAOI222D0BWP30P140)
   0.0302    2.2712 v reducedSum_nextLevel_adder/_0968_/ZN (MAOI222D0BWP30P140)
   0.0262    2.2974 v reducedSum_nextLevel_adder/_0970_/ZN (XNR2UD0BWP30P140)
   0.0213    2.3187 ^ reducedSum_nextLevel_adder/_0971_/ZN (NR2D0BWP30P140)
   0.0257    2.3444 ^ reducedSum_nextLevel_adder/_0972_/Z (AN2D0BWP30P140)
   0.4170    2.7614 v reducedSum_nextLevel_adder/_0975_/ZN (AOI31D0BWP30P140)
   0.4192    3.1806 ^ reducedSum_nextLevel_adder/_0991_/ZN (AOI22D0BWP30P140)
   0.0318    3.2125 v reducedSum_nextLevel_adder/_1063_/ZN (CKND2D0BWP30P140)
   0.0370    3.2494 ^ reducedSum_nextLevel_adder/_1188_/ZN (OAI32D0BWP30P140)
   0.0151    3.2645 v reducedSum_nextLevel_adder/_1189_/ZN (AOI21D0BWP30P140)
   0.0396    3.3041 ^ reducedSum_nextLevel_adder/_1191_/ZN (OAI221D0BWP30P140)
   0.0211    3.3252 v reducedSum_nextLevel_adder/_1196_/ZN (OAI31D0BWP30P140)
   0.0222    3.3475 ^ reducedSum_nextLevel_adder/_1198_/ZN (AOI21D0BWP30P140)
   0.0256    3.3731 v reducedSum_nextLevel_adder/_1200_/ZN (MAOI222D0BWP30P140)
   0.0396    3.4127 ^ reducedSum_nextLevel_adder/_1202_/ZN (MAOI222D0BWP30P140)
   0.0257    3.4384 v reducedSum_nextLevel_adder/_1204_/ZN (MAOI222D0BWP30P140)
   0.0277    3.4661 ^ reducedSum_nextLevel_adder/_1206_/ZN (AOI21D0BWP30P140)
   0.0253    3.4914 ^ reducedSum_nextLevel_adder/_1209_/ZN (IAO21D0BWP30P140)
   0.0247    3.5161 v reducedSum_nextLevel_adder/_1211_/ZN (MAOI222D0BWP30P140)
   0.0395    3.5556 ^ reducedSum_nextLevel_adder/_1213_/ZN (MAOI222D0BWP30P140)
   0.0265    3.5821 v reducedSum_nextLevel_adder/_1221_/ZN (MAOI222D0BWP30P140)
   0.0354    3.6174 v reducedSum_nextLevel_adder/_1232_/Z (AO21D0BWP30P140)
   0.0261    3.6435 ^ reducedSum_nextLevel_adder/_1242_/ZN (MAOI222D0BWP30P140)
   0.0265    3.6700 v reducedSum_nextLevel_adder/_1255_/ZN (MAOI222D0BWP30P140)
   0.0315    3.7015 v reducedSum_nextLevel_adder/_1259_/Z (AO21D0BWP30P140)
   0.0182    3.7197 ^ reducedSum_nextLevel_adder/_1276_/ZN (AOI21D0BWP30P140)
   0.0258    3.7456 v reducedSum_nextLevel_adder/_1280_/ZN (MAOI222D0BWP30P140)
   0.0391    3.7847 ^ reducedSum_nextLevel_adder/_1296_/ZN (MAOI222D0BWP30P140)
   0.0262    3.8108 v reducedSum_nextLevel_adder/_1300_/ZN (MAOI222D0BWP30P140)
   0.0304    3.8412 ^ reducedSum_nextLevel_adder/_1318_/ZN (AOI21D0BWP30P140)
   0.0249    3.8661 v reducedSum_nextLevel_adder/_1322_/ZN (MAOI222D0BWP30P140)
   0.0364    3.9026 v reducedSum_nextLevel_adder/_1345_/Z (AO21D0BWP30P140)
   0.0156    3.9182 ^ reducedSum_nextLevel_adder/_1353_/ZN (MUX2ND0BWP30P140)
   0.0347    3.9529 ^ reducedSum_nextLevel_adder/_1354_/ZN (XNR2UD0BWP30P140)
   0.0288    3.9817 ^ reducedSum_nextLevel_adder/_1453_/ZN (MAOI22D0BWP30P140)
   0.1281    4.1098 v reducedSum_nextLevel_adder/_1456_/ZN (OAI211D0BWP30P140)
   0.0886    4.1984 ^ reducedSum_nextLevel_adder/_1531_/Z (MUX4D0BWP30P140)
   0.0194    4.2178 v reducedSum_nextLevel_adder/_1534_/ZN (MUX3ND0BWP30P140)
   0.0405    4.2584 ^ reducedSum_nextLevel_adder/_1568_/ZN (NR2D0BWP30P140)
   0.0507    4.3090 ^ reducedSum_nextLevel_adder/_1577_/ZN (INR4D0BWP30P140)
   0.0510    4.3601 ^ reducedSum_nextLevel_adder/_1582_/Z (AN4D0BWP30P140)
   0.0395    4.3995 ^ reducedSum_nextLevel_adder/_1590_/Z (AN4D0BWP30P140)
   0.0406    4.4401 ^ reducedSum_nextLevel_adder/_1601_/Z (AN4D0BWP30P140)
   0.0349    4.4750 ^ reducedSum_nextLevel_adder/_1603_/Z (AN3D0BWP30P140)
   0.0271    4.5021 v reducedSum_nextLevel_adder/_1605_/ZN (IND3D0BWP30P140)
   0.0379    4.5401 v reducedSum_nextLevel_adder/_1606_/Z (OR3D0BWP30P140)
   0.0368    4.5769 ^ reducedSum_nextLevel_adder/_1608_/ZN (INR3D0BWP30P140)
   0.0364    4.6133 v reducedSum_nextLevel_adder/_1611_/ZN (MAOI222D0BWP30P140)
   0.0357    4.6490 ^ reducedSum_nextLevel_adder/_1616_/ZN (NR4D0BWP30P140)
   0.0219    4.6709 v reducedSum_nextLevel_adder/_1619_/ZN (OAI31D0BWP30P140)
   0.0327    4.7036 v reducedSum_nextLevel_adder/_1621_/Z (AO21D0BWP30P140)
   0.0312    4.7348 ^ reducedSum_nextLevel_adder/_1623_/ZN (AOI21D0BWP30P140)
   0.0248    4.7596 ^ reducedSum_nextLevel_adder/_1625_/Z (OR3D0BWP30P140)
   0.0144    4.7739 v reducedSum_nextLevel_adder/_1647_/ZN (AOI21D0BWP30P140)
   0.0314    4.8053 v reducedSum_nextLevel_adder/_1648_/Z (OR2D0BWP30P140)
   0.0267    4.8321 ^ reducedSum_nextLevel_adder/_1653_/ZN (NR2D0BWP30P140)
   0.0319    4.8640 v reducedSum_nextLevel_adder_16/_0897_/ZN (XNR2UD0BWP30P140)
   0.0322    4.8961 ^ reducedSum_nextLevel_adder_16/_0899_/ZN (AOI21D0BWP30P140)
   0.0302    4.9263 v reducedSum_nextLevel_adder_16/_0901_/ZN (MAOI222D0BWP30P140)
   0.0360    4.9624 ^ reducedSum_nextLevel_adder_16/_0902_/ZN (MAOI222D0BWP30P140)
   0.0302    4.9926 v reducedSum_nextLevel_adder_16/_0903_/ZN (MAOI222D0BWP30P140)
   0.0360    5.0286 ^ reducedSum_nextLevel_adder_16/_0966_/ZN (MAOI222D0BWP30P140)
   0.0302    5.0588 v reducedSum_nextLevel_adder_16/_0968_/ZN (MAOI222D0BWP30P140)
   0.0257    5.0845 v reducedSum_nextLevel_adder_16/_0970_/ZN (XNR2UD0BWP30P140)
   0.0213    5.1058 ^ reducedSum_nextLevel_adder_16/_0971_/ZN (NR2D0BWP30P140)
   0.0257    5.1315 ^ reducedSum_nextLevel_adder_16/_0972_/Z (AN2D0BWP30P140)
   0.4170    5.5485 v reducedSum_nextLevel_adder_16/_0975_/ZN (AOI31D0BWP30P140)
   0.4192    5.9677 ^ reducedSum_nextLevel_adder_16/_0991_/ZN (AOI22D0BWP30P140)
   0.0318    5.9996 v reducedSum_nextLevel_adder_16/_1063_/ZN (CKND2D0BWP30P140)
   0.0370    6.0365 ^ reducedSum_nextLevel_adder_16/_1188_/ZN (OAI32D0BWP30P140)
   0.0151    6.0516 v reducedSum_nextLevel_adder_16/_1189_/ZN (AOI21D0BWP30P140)
   0.0396    6.0912 ^ reducedSum_nextLevel_adder_16/_1191_/ZN (OAI221D0BWP30P140)
   0.0211    6.1123 v reducedSum_nextLevel_adder_16/_1196_/ZN (OAI31D0BWP30P140)
   0.0222    6.1346 ^ reducedSum_nextLevel_adder_16/_1198_/ZN (AOI21D0BWP30P140)
   0.0256    6.1601 v reducedSum_nextLevel_adder_16/_1200_/ZN (MAOI222D0BWP30P140)
   0.0396    6.1998 ^ reducedSum_nextLevel_adder_16/_1202_/ZN (MAOI222D0BWP30P140)
   0.0257    6.2255 v reducedSum_nextLevel_adder_16/_1204_/ZN (MAOI222D0BWP30P140)
   0.0277    6.2532 ^ reducedSum_nextLevel_adder_16/_1206_/ZN (AOI21D0BWP30P140)
   0.0253    6.2785 ^ reducedSum_nextLevel_adder_16/_1209_/ZN (IAO21D0BWP30P140)
   0.0247    6.3031 v reducedSum_nextLevel_adder_16/_1211_/ZN (MAOI222D0BWP30P140)
   0.0395    6.3427 ^ reducedSum_nextLevel_adder_16/_1213_/ZN (MAOI222D0BWP30P140)
   0.0265    6.3691 v reducedSum_nextLevel_adder_16/_1221_/ZN (MAOI222D0BWP30P140)
   0.0354    6.4045 v reducedSum_nextLevel_adder_16/_1232_/Z (AO21D0BWP30P140)
   0.0261    6.4306 ^ reducedSum_nextLevel_adder_16/_1242_/ZN (MAOI222D0BWP30P140)
   0.0265    6.4571 v reducedSum_nextLevel_adder_16/_1255_/ZN (MAOI222D0BWP30P140)
   0.0315    6.4886 v reducedSum_nextLevel_adder_16/_1259_/Z (AO21D0BWP30P140)
   0.0182    6.5068 ^ reducedSum_nextLevel_adder_16/_1276_/ZN (AOI21D0BWP30P140)
   0.0258    6.5326 v reducedSum_nextLevel_adder_16/_1280_/ZN (MAOI222D0BWP30P140)
   0.0391    6.5717 ^ reducedSum_nextLevel_adder_16/_1296_/ZN (MAOI222D0BWP30P140)
   0.0262    6.5979 v reducedSum_nextLevel_adder_16/_1300_/ZN (MAOI222D0BWP30P140)
   0.0304    6.6283 ^ reducedSum_nextLevel_adder_16/_1318_/ZN (AOI21D0BWP30P140)
   0.0249    6.6532 v reducedSum_nextLevel_adder_16/_1322_/ZN (MAOI222D0BWP30P140)
   0.0364    6.6897 v reducedSum_nextLevel_adder_16/_1345_/Z (AO21D0BWP30P140)
   0.0156    6.7053 ^ reducedSum_nextLevel_adder_16/_1353_/ZN (MUX2ND0BWP30P140)
   0.0347    6.7400 ^ reducedSum_nextLevel_adder_16/_1354_/ZN (XNR2UD0BWP30P140)
   0.0288    6.7688 ^ reducedSum_nextLevel_adder_16/_1453_/ZN (MAOI22D0BWP30P140)
   0.1281    6.8969 v reducedSum_nextLevel_adder_16/_1456_/ZN (OAI211D0BWP30P140)
   0.0886    6.9855 ^ reducedSum_nextLevel_adder_16/_1531_/Z (MUX4D0BWP30P140)
   0.0194    7.0049 v reducedSum_nextLevel_adder_16/_1534_/ZN (MUX3ND0BWP30P140)
   0.0405    7.0455 ^ reducedSum_nextLevel_adder_16/_1568_/ZN (NR2D0BWP30P140)
   0.0507    7.0961 ^ reducedSum_nextLevel_adder_16/_1577_/ZN (INR4D0BWP30P140)
   0.0510    7.1472 ^ reducedSum_nextLevel_adder_16/_1582_/Z (AN4D0BWP30P140)
   0.0395    7.1866 ^ reducedSum_nextLevel_adder_16/_1590_/Z (AN4D0BWP30P140)
   0.0406    7.2272 ^ reducedSum_nextLevel_adder_16/_1601_/Z (AN4D0BWP30P140)
   0.0349    7.2621 ^ reducedSum_nextLevel_adder_16/_1603_/Z (AN3D0BWP30P140)
   0.0271    7.2892 v reducedSum_nextLevel_adder_16/_1605_/ZN (IND3D0BWP30P140)
   0.0379    7.3272 v reducedSum_nextLevel_adder_16/_1606_/Z (OR3D0BWP30P140)
   0.0368    7.3640 ^ reducedSum_nextLevel_adder_16/_1608_/ZN (INR3D0BWP30P140)
   0.0364    7.4004 v reducedSum_nextLevel_adder_16/_1611_/ZN (MAOI222D0BWP30P140)
   0.0357    7.4361 ^ reducedSum_nextLevel_adder_16/_1616_/ZN (NR4D0BWP30P140)
   0.0219    7.4580 v reducedSum_nextLevel_adder_16/_1619_/ZN (OAI31D0BWP30P140)
   0.0327    7.4907 v reducedSum_nextLevel_adder_16/_1621_/Z (AO21D0BWP30P140)
   0.0312    7.5219 ^ reducedSum_nextLevel_adder_16/_1623_/ZN (AOI21D0BWP30P140)
   0.0248    7.5467 ^ reducedSum_nextLevel_adder_16/_1625_/Z (OR3D0BWP30P140)
   0.0144    7.5611 v reducedSum_nextLevel_adder_16/_1647_/ZN (AOI21D0BWP30P140)
   0.0314    7.5925 v reducedSum_nextLevel_adder_16/_1648_/Z (OR2D0BWP30P140)
   0.0267    7.6192 ^ reducedSum_nextLevel_adder_16/_1653_/ZN (NR2D0BWP30P140)
   0.0319    7.6511 v reducedSum_nextLevel_adder_24/_0897_/ZN (XNR2UD0BWP30P140)
   0.0322    7.6832 ^ reducedSum_nextLevel_adder_24/_0899_/ZN (AOI21D0BWP30P140)
   0.0302    7.7135 v reducedSum_nextLevel_adder_24/_0901_/ZN (MAOI222D0BWP30P140)
   0.0360    7.7495 ^ reducedSum_nextLevel_adder_24/_0902_/ZN (MAOI222D0BWP30P140)
   0.0302    7.7797 v reducedSum_nextLevel_adder_24/_0903_/ZN (MAOI222D0BWP30P140)
   0.0360    7.8157 ^ reducedSum_nextLevel_adder_24/_0966_/ZN (MAOI222D0BWP30P140)
   0.0302    7.8459 v reducedSum_nextLevel_adder_24/_0968_/ZN (MAOI222D0BWP30P140)
   0.0257    7.8716 v reducedSum_nextLevel_adder_24/_0970_/ZN (XNR2UD0BWP30P140)
   0.0213    7.8929 ^ reducedSum_nextLevel_adder_24/_0971_/ZN (NR2D0BWP30P140)
   0.0257    7.9186 ^ reducedSum_nextLevel_adder_24/_0972_/Z (AN2D0BWP30P140)
   0.4170    8.3356 v reducedSum_nextLevel_adder_24/_0975_/ZN (AOI31D0BWP30P140)
   0.4192    8.7548 ^ reducedSum_nextLevel_adder_24/_0991_/ZN (AOI22D0BWP30P140)
   0.0318    8.7867 v reducedSum_nextLevel_adder_24/_1063_/ZN (CKND2D0BWP30P140)
   0.0370    8.8236 ^ reducedSum_nextLevel_adder_24/_1188_/ZN (OAI32D0BWP30P140)
   0.0151    8.8387 v reducedSum_nextLevel_adder_24/_1189_/ZN (AOI21D0BWP30P140)
   0.0396    8.8783 ^ reducedSum_nextLevel_adder_24/_1191_/ZN (OAI221D0BWP30P140)
   0.0211    8.8994 v reducedSum_nextLevel_adder_24/_1196_/ZN (OAI31D0BWP30P140)
   0.0222    8.9217 ^ reducedSum_nextLevel_adder_24/_1198_/ZN (AOI21D0BWP30P140)
   0.0256    8.9472 v reducedSum_nextLevel_adder_24/_1200_/ZN (MAOI222D0BWP30P140)
   0.0396    8.9869 ^ reducedSum_nextLevel_adder_24/_1202_/ZN (MAOI222D0BWP30P140)
   0.0257    9.0126 v reducedSum_nextLevel_adder_24/_1204_/ZN (MAOI222D0BWP30P140)
   0.0277    9.0403 ^ reducedSum_nextLevel_adder_24/_1206_/ZN (AOI21D0BWP30P140)
   0.0253    9.0656 ^ reducedSum_nextLevel_adder_24/_1209_/ZN (IAO21D0BWP30P140)
   0.0247    9.0902 v reducedSum_nextLevel_adder_24/_1211_/ZN (MAOI222D0BWP30P140)
   0.0395    9.1298 ^ reducedSum_nextLevel_adder_24/_1213_/ZN (MAOI222D0BWP30P140)
   0.0265    9.1562 v reducedSum_nextLevel_adder_24/_1221_/ZN (MAOI222D0BWP30P140)
   0.0354    9.1916 v reducedSum_nextLevel_adder_24/_1232_/Z (AO21D0BWP30P140)
   0.0261    9.2177 ^ reducedSum_nextLevel_adder_24/_1242_/ZN (MAOI222D0BWP30P140)
   0.0265    9.2442 v reducedSum_nextLevel_adder_24/_1255_/ZN (MAOI222D0BWP30P140)
   0.0315    9.2757 v reducedSum_nextLevel_adder_24/_1259_/Z (AO21D0BWP30P140)
   0.0182    9.2939 ^ reducedSum_nextLevel_adder_24/_1276_/ZN (AOI21D0BWP30P140)
   0.0258    9.3197 v reducedSum_nextLevel_adder_24/_1280_/ZN (MAOI222D0BWP30P140)
   0.0391    9.3588 ^ reducedSum_nextLevel_adder_24/_1296_/ZN (MAOI222D0BWP30P140)
   0.0262    9.3850 v reducedSum_nextLevel_adder_24/_1300_/ZN (MAOI222D0BWP30P140)
   0.0304    9.4154 ^ reducedSum_nextLevel_adder_24/_1318_/ZN (AOI21D0BWP30P140)
   0.0249    9.4403 v reducedSum_nextLevel_adder_24/_1322_/ZN (MAOI222D0BWP30P140)
   0.0364    9.4768 v reducedSum_nextLevel_adder_24/_1345_/Z (AO21D0BWP30P140)
   0.0156    9.4924 ^ reducedSum_nextLevel_adder_24/_1353_/ZN (MUX2ND0BWP30P140)
   0.0347    9.5272 ^ reducedSum_nextLevel_adder_24/_1354_/ZN (XNR2UD0BWP30P140)
   0.0288    9.5559 ^ reducedSum_nextLevel_adder_24/_1453_/ZN (MAOI22D0BWP30P140)
   0.1281    9.6840 v reducedSum_nextLevel_adder_24/_1456_/ZN (OAI211D0BWP30P140)
   0.0886    9.7726 ^ reducedSum_nextLevel_adder_24/_1531_/Z (MUX4D0BWP30P140)
   0.0194    9.7921 v reducedSum_nextLevel_adder_24/_1534_/ZN (MUX3ND0BWP30P140)
   0.0405    9.8326 ^ reducedSum_nextLevel_adder_24/_1568_/ZN (NR2D0BWP30P140)
   0.0507    9.8832 ^ reducedSum_nextLevel_adder_24/_1577_/ZN (INR4D0BWP30P140)
   0.0510    9.9343 ^ reducedSum_nextLevel_adder_24/_1582_/Z (AN4D0BWP30P140)
   0.0395    9.9738 ^ reducedSum_nextLevel_adder_24/_1590_/Z (AN4D0BWP30P140)
   0.0406   10.0143 ^ reducedSum_nextLevel_adder_24/_1601_/Z (AN4D0BWP30P140)
   0.0349   10.0492 ^ reducedSum_nextLevel_adder_24/_1603_/Z (AN3D0BWP30P140)
   0.0271   10.0763 v reducedSum_nextLevel_adder_24/_1605_/ZN (IND3D0BWP30P140)
   0.0379   10.1143 v reducedSum_nextLevel_adder_24/_1606_/Z (OR3D0BWP30P140)
   0.0368   10.1511 ^ reducedSum_nextLevel_adder_24/_1608_/ZN (INR3D0BWP30P140)
   0.0364   10.1875 v reducedSum_nextLevel_adder_24/_1611_/ZN (MAOI222D0BWP30P140)
   0.0357   10.2232 ^ reducedSum_nextLevel_adder_24/_1616_/ZN (NR4D0BWP30P140)
   0.0219   10.2451 v reducedSum_nextLevel_adder_24/_1619_/ZN (OAI31D0BWP30P140)
   0.0327   10.2778 v reducedSum_nextLevel_adder_24/_1621_/Z (AO21D0BWP30P140)
   0.0312   10.3090 ^ reducedSum_nextLevel_adder_24/_1623_/ZN (AOI21D0BWP30P140)
   0.0248   10.3338 ^ reducedSum_nextLevel_adder_24/_1625_/Z (OR3D0BWP30P140)
   0.0144   10.3482 v reducedSum_nextLevel_adder_24/_1647_/ZN (AOI21D0BWP30P140)
   0.0314   10.3796 v reducedSum_nextLevel_adder_24/_1648_/Z (OR2D0BWP30P140)
   0.0267   10.4063 ^ reducedSum_nextLevel_adder_24/_1653_/ZN (NR2D0BWP30P140)
   0.0319   10.4382 v reducedSum_nextLevel_adder_28/_0897_/ZN (XNR2UD0BWP30P140)
   0.0322   10.4704 ^ reducedSum_nextLevel_adder_28/_0899_/ZN (AOI21D0BWP30P140)
   0.0302   10.5006 v reducedSum_nextLevel_adder_28/_0901_/ZN (MAOI222D0BWP30P140)
   0.0360   10.5366 ^ reducedSum_nextLevel_adder_28/_0902_/ZN (MAOI222D0BWP30P140)
   0.0302   10.5668 v reducedSum_nextLevel_adder_28/_0903_/ZN (MAOI222D0BWP30P140)
   0.0360   10.6028 ^ reducedSum_nextLevel_adder_28/_0966_/ZN (MAOI222D0BWP30P140)
   0.0302   10.6330 v reducedSum_nextLevel_adder_28/_0968_/ZN (MAOI222D0BWP30P140)
   0.0257   10.6587 v reducedSum_nextLevel_adder_28/_0970_/ZN (XNR2UD0BWP30P140)
   0.0213   10.6800 ^ reducedSum_nextLevel_adder_28/_0971_/ZN (NR2D0BWP30P140)
   0.0257   10.7057 ^ reducedSum_nextLevel_adder_28/_0972_/Z (AN2D0BWP30P140)
   0.4170   11.1227 v reducedSum_nextLevel_adder_28/_0975_/ZN (AOI31D0BWP30P140)
   0.4192   11.5419 ^ reducedSum_nextLevel_adder_28/_0991_/ZN (AOI22D0BWP30P140)
   0.0318   11.5738 v reducedSum_nextLevel_adder_28/_1063_/ZN (CKND2D0BWP30P140)
   0.0370   11.6107 ^ reducedSum_nextLevel_adder_28/_1188_/ZN (OAI32D0BWP30P140)
   0.0151   11.6258 v reducedSum_nextLevel_adder_28/_1189_/ZN (AOI21D0BWP30P140)
   0.0396   11.6654 ^ reducedSum_nextLevel_adder_28/_1191_/ZN (OAI221D0BWP30P140)
   0.0211   11.6865 v reducedSum_nextLevel_adder_28/_1196_/ZN (OAI31D0BWP30P140)
   0.0222   11.7088 ^ reducedSum_nextLevel_adder_28/_1198_/ZN (AOI21D0BWP30P140)
   0.0256   11.7344 v reducedSum_nextLevel_adder_28/_1200_/ZN (MAOI222D0BWP30P140)
   0.0396   11.7740 ^ reducedSum_nextLevel_adder_28/_1202_/ZN (MAOI222D0BWP30P140)
   0.0257   11.7997 v reducedSum_nextLevel_adder_28/_1204_/ZN (MAOI222D0BWP30P140)
   0.0277   11.8274 ^ reducedSum_nextLevel_adder_28/_1206_/ZN (AOI21D0BWP30P140)
   0.0253   11.8527 ^ reducedSum_nextLevel_adder_28/_1209_/ZN (IAO21D0BWP30P140)
   0.0247   11.8774 v reducedSum_nextLevel_adder_28/_1211_/ZN (MAOI222D0BWP30P140)
   0.0395   11.9169 ^ reducedSum_nextLevel_adder_28/_1213_/ZN (MAOI222D0BWP30P140)
   0.0265   11.9434 v reducedSum_nextLevel_adder_28/_1221_/ZN (MAOI222D0BWP30P140)
   0.0354   11.9787 v reducedSum_nextLevel_adder_28/_1232_/Z (AO21D0BWP30P140)
   0.0261   12.0048 ^ reducedSum_nextLevel_adder_28/_1242_/ZN (MAOI222D0BWP30P140)
   0.0265   12.0313 v reducedSum_nextLevel_adder_28/_1255_/ZN (MAOI222D0BWP30P140)
   0.0315   12.0628 v reducedSum_nextLevel_adder_28/_1259_/Z (AO21D0BWP30P140)
   0.0182   12.0810 ^ reducedSum_nextLevel_adder_28/_1276_/ZN (AOI21D0BWP30P140)
   0.0258   12.1069 v reducedSum_nextLevel_adder_28/_1280_/ZN (MAOI222D0BWP30P140)
   0.0391   12.1460 ^ reducedSum_nextLevel_adder_28/_1296_/ZN (MAOI222D0BWP30P140)
   0.0262   12.1721 v reducedSum_nextLevel_adder_28/_1300_/ZN (MAOI222D0BWP30P140)
   0.0304   12.2025 ^ reducedSum_nextLevel_adder_28/_1318_/ZN (AOI21D0BWP30P140)
   0.0249   12.2274 v reducedSum_nextLevel_adder_28/_1322_/ZN (MAOI222D0BWP30P140)
   0.0364   12.2639 v reducedSum_nextLevel_adder_28/_1345_/Z (AO21D0BWP30P140)
   0.0156   12.2795 ^ reducedSum_nextLevel_adder_28/_1353_/ZN (MUX2ND0BWP30P140)
   0.0347   12.3143 ^ reducedSum_nextLevel_adder_28/_1354_/ZN (XNR2UD0BWP30P140)
   0.0288   12.3430 ^ reducedSum_nextLevel_adder_28/_1453_/ZN (MAOI22D0BWP30P140)
   0.1281   12.4711 v reducedSum_nextLevel_adder_28/_1456_/ZN (OAI211D0BWP30P140)
   0.0886   12.5597 ^ reducedSum_nextLevel_adder_28/_1531_/Z (MUX4D0BWP30P140)
   0.0194   12.5792 v reducedSum_nextLevel_adder_28/_1534_/ZN (MUX3ND0BWP30P140)
   0.0405   12.6197 ^ reducedSum_nextLevel_adder_28/_1568_/ZN (NR2D0BWP30P140)
   0.0507   12.6703 ^ reducedSum_nextLevel_adder_28/_1577_/ZN (INR4D0BWP30P140)
   0.0510   12.7214 ^ reducedSum_nextLevel_adder_28/_1582_/Z (AN4D0BWP30P140)
   0.0395   12.7609 ^ reducedSum_nextLevel_adder_28/_1590_/Z (AN4D0BWP30P140)
   0.0406   12.8014 ^ reducedSum_nextLevel_adder_28/_1601_/Z (AN4D0BWP30P140)
   0.0349   12.8363 ^ reducedSum_nextLevel_adder_28/_1603_/Z (AN3D0BWP30P140)
   0.0271   12.8635 v reducedSum_nextLevel_adder_28/_1605_/ZN (IND3D0BWP30P140)
   0.0379   12.9014 v reducedSum_nextLevel_adder_28/_1606_/Z (OR3D0BWP30P140)
   0.0368   12.9382 ^ reducedSum_nextLevel_adder_28/_1608_/ZN (INR3D0BWP30P140)
   0.0364   12.9746 v reducedSum_nextLevel_adder_28/_1611_/ZN (MAOI222D0BWP30P140)
   0.0357   13.0103 ^ reducedSum_nextLevel_adder_28/_1616_/ZN (NR4D0BWP30P140)
   0.0219   13.0322 v reducedSum_nextLevel_adder_28/_1619_/ZN (OAI31D0BWP30P140)
   0.0327   13.0649 v reducedSum_nextLevel_adder_28/_1621_/Z (AO21D0BWP30P140)
   0.0312   13.0961 ^ reducedSum_nextLevel_adder_28/_1623_/ZN (AOI21D0BWP30P140)
   0.0248   13.1209 ^ reducedSum_nextLevel_adder_28/_1625_/Z (OR3D0BWP30P140)
   0.0144   13.1353 v reducedSum_nextLevel_adder_28/_1647_/ZN (AOI21D0BWP30P140)
   0.0314   13.1667 v reducedSum_nextLevel_adder_28/_1648_/Z (OR2D0BWP30P140)
   0.0267   13.1934 ^ reducedSum_nextLevel_adder_28/_1653_/ZN (NR2D0BWP30P140)
   0.0319   13.2253 v reducedSum_nextLevel_adder_30/_0897_/ZN (XNR2UD0BWP30P140)
   0.0322   13.2575 ^ reducedSum_nextLevel_adder_30/_0899_/ZN (AOI21D0BWP30P140)
   0.0302   13.2877 v reducedSum_nextLevel_adder_30/_0901_/ZN (MAOI222D0BWP30P140)
   0.0360   13.3237 ^ reducedSum_nextLevel_adder_30/_0902_/ZN (MAOI222D0BWP30P140)
   0.0302   13.3539 v reducedSum_nextLevel_adder_30/_0903_/ZN (MAOI222D0BWP30P140)
   0.0360   13.3899 ^ reducedSum_nextLevel_adder_30/_0966_/ZN (MAOI222D0BWP30P140)
   0.0302   13.4201 v reducedSum_nextLevel_adder_30/_0968_/ZN (MAOI222D0BWP30P140)
   0.0257   13.4458 v reducedSum_nextLevel_adder_30/_0970_/ZN (XNR2UD0BWP30P140)
   0.0213   13.4671 ^ reducedSum_nextLevel_adder_30/_0971_/ZN (NR2D0BWP30P140)
   0.0257   13.4928 ^ reducedSum_nextLevel_adder_30/_0972_/Z (AN2D0BWP30P140)
   0.4170   13.9098 v reducedSum_nextLevel_adder_30/_0975_/ZN (AOI31D0BWP30P140)
   0.4192   14.3290 ^ reducedSum_nextLevel_adder_30/_0991_/ZN (AOI22D0BWP30P140)
   0.0318   14.3609 v reducedSum_nextLevel_adder_30/_1063_/ZN (CKND2D0BWP30P140)
   0.0370   14.3979 ^ reducedSum_nextLevel_adder_30/_1188_/ZN (OAI32D0BWP30P140)
   0.0151   14.4129 v reducedSum_nextLevel_adder_30/_1189_/ZN (AOI21D0BWP30P140)
   0.0396   14.4526 ^ reducedSum_nextLevel_adder_30/_1191_/ZN (OAI221D0BWP30P140)
   0.0211   14.4736 v reducedSum_nextLevel_adder_30/_1196_/ZN (OAI31D0BWP30P140)
   0.0222   14.4959 ^ reducedSum_nextLevel_adder_30/_1198_/ZN (AOI21D0BWP30P140)
   0.0256   14.5215 v reducedSum_nextLevel_adder_30/_1200_/ZN (MAOI222D0BWP30P140)
   0.0396   14.5611 ^ reducedSum_nextLevel_adder_30/_1202_/ZN (MAOI222D0BWP30P140)
   0.0257   14.5868 v reducedSum_nextLevel_adder_30/_1204_/ZN (MAOI222D0BWP30P140)
   0.0277   14.6145 ^ reducedSum_nextLevel_adder_30/_1206_/ZN (AOI21D0BWP30P140)
   0.0253   14.6398 ^ reducedSum_nextLevel_adder_30/_1209_/ZN (IAO21D0BWP30P140)
   0.0247   14.6645 v reducedSum_nextLevel_adder_30/_1211_/ZN (MAOI222D0BWP30P140)
   0.0395   14.7040 ^ reducedSum_nextLevel_adder_30/_1213_/ZN (MAOI222D0BWP30P140)
   0.0265   14.7305 v reducedSum_nextLevel_adder_30/_1221_/ZN (MAOI222D0BWP30P140)
   0.0354   14.7659 v reducedSum_nextLevel_adder_30/_1232_/Z (AO21D0BWP30P140)
   0.0261   14.7919 ^ reducedSum_nextLevel_adder_30/_1242_/ZN (MAOI222D0BWP30P140)
   0.0265   14.8184 v reducedSum_nextLevel_adder_30/_1255_/ZN (MAOI222D0BWP30P140)
   0.0315   14.8499 v reducedSum_nextLevel_adder_30/_1259_/Z (AO21D0BWP30P140)
   0.0182   14.8681 ^ reducedSum_nextLevel_adder_30/_1276_/ZN (AOI21D0BWP30P140)
   0.0258   14.8940 v reducedSum_nextLevel_adder_30/_1280_/ZN (MAOI222D0BWP30P140)
   0.0391   14.9331 ^ reducedSum_nextLevel_adder_30/_1296_/ZN (MAOI222D0BWP30P140)
   0.0262   14.9592 v reducedSum_nextLevel_adder_30/_1300_/ZN (MAOI222D0BWP30P140)
   0.0304   14.9896 ^ reducedSum_nextLevel_adder_30/_1318_/ZN (AOI21D0BWP30P140)
   0.0249   15.0146 v reducedSum_nextLevel_adder_30/_1322_/ZN (MAOI222D0BWP30P140)
   0.0364   15.0510 v reducedSum_nextLevel_adder_30/_1345_/Z (AO21D0BWP30P140)
   0.0156   15.0666 ^ reducedSum_nextLevel_adder_30/_1353_/ZN (MUX2ND0BWP30P140)
   0.0347   15.1014 ^ reducedSum_nextLevel_adder_30/_1354_/ZN (XNR2UD0BWP30P140)
   0.0288   15.1301 ^ reducedSum_nextLevel_adder_30/_1453_/ZN (MAOI22D0BWP30P140)
   0.1281   15.2582 v reducedSum_nextLevel_adder_30/_1456_/ZN (OAI211D0BWP30P140)
   0.0886   15.3468 ^ reducedSum_nextLevel_adder_30/_1531_/Z (MUX4D0BWP30P140)
   0.0194   15.3663 v reducedSum_nextLevel_adder_30/_1534_/ZN (MUX3ND0BWP30P140)
   0.0405   15.4068 ^ reducedSum_nextLevel_adder_30/_1568_/ZN (NR2D0BWP30P140)
   0.0507   15.4575 ^ reducedSum_nextLevel_adder_30/_1577_/ZN (INR4D0BWP30P140)
   0.0511   15.5085 ^ reducedSum_nextLevel_adder_30/_1582_/Z (AN4D0BWP30P140)
   0.0395   15.5480 ^ reducedSum_nextLevel_adder_30/_1590_/Z (AN4D0BWP30P140)
   0.0406   15.5885 ^ reducedSum_nextLevel_adder_30/_1601_/Z (AN4D0BWP30P140)
   0.0349   15.6234 ^ reducedSum_nextLevel_adder_30/_1603_/Z (AN3D0BWP30P140)
   0.0271   15.6506 v reducedSum_nextLevel_adder_30/_1605_/ZN (IND3D0BWP30P140)
   0.0379   15.6885 v reducedSum_nextLevel_adder_30/_1606_/Z (OR3D0BWP30P140)
   0.0368   15.7253 ^ reducedSum_nextLevel_adder_30/_1608_/ZN (INR3D0BWP30P140)
   0.0364   15.7617 v reducedSum_nextLevel_adder_30/_1611_/ZN (MAOI222D0BWP30P140)
   0.0357   15.7974 ^ reducedSum_nextLevel_adder_30/_1616_/ZN (NR4D0BWP30P140)
   0.0219   15.8193 v reducedSum_nextLevel_adder_30/_1619_/ZN (OAI31D0BWP30P140)
   0.0327   15.8520 v reducedSum_nextLevel_adder_30/_1621_/Z (AO21D0BWP30P140)
   0.0312   15.8832 ^ reducedSum_nextLevel_adder_30/_1623_/ZN (AOI21D0BWP30P140)
   0.0248   15.9080 ^ reducedSum_nextLevel_adder_30/_1625_/Z (OR3D0BWP30P140)
   0.0144   15.9224 v reducedSum_nextLevel_adder_30/_1647_/ZN (AOI21D0BWP30P140)
   0.0314   15.9538 v reducedSum_nextLevel_adder_30/_1648_/Z (OR2D0BWP30P140)
   0.0303   15.9841 ^ reducedSum_nextLevel_adder_30/_1653_/ZN (NR2D0BWP30P140)
   0.0246   16.0086 v accAdder/_0897_/ZN (XNR2UD0BWP30P140)
   0.0314   16.0400 ^ accAdder/_0899_/ZN (AOI21D0BWP30P140)
   0.0301   16.0701 v accAdder/_0901_/ZN (MAOI222D0BWP30P140)
   0.0360   16.1061 ^ accAdder/_0902_/ZN (MAOI222D0BWP30P140)
   0.0302   16.1364 v accAdder/_0903_/ZN (MAOI222D0BWP30P140)
   0.0360   16.1723 ^ accAdder/_0966_/ZN (MAOI222D0BWP30P140)
   0.0302   16.2026 v accAdder/_0968_/ZN (MAOI222D0BWP30P140)
   0.0257   16.2282 v accAdder/_0970_/ZN (XNR2UD0BWP30P140)
   0.0212   16.2495 ^ accAdder/_0971_/ZN (NR2D0BWP30P140)
   0.0257   16.2752 ^ accAdder/_0972_/Z (AN2D0BWP30P140)
   0.4170   16.6921 v accAdder/_0975_/ZN (AOI31D0BWP30P140)
   0.4192   17.1114 ^ accAdder/_0991_/ZN (AOI22D0BWP30P140)
   0.0318   17.1432 v accAdder/_1063_/ZN (CKND2D0BWP30P140)
   0.0370   17.1802 ^ accAdder/_1188_/ZN (OAI32D0BWP30P140)
   0.0151   17.1953 v accAdder/_1189_/ZN (AOI21D0BWP30P140)
   0.0396   17.2349 ^ accAdder/_1191_/ZN (OAI221D0BWP30P140)
   0.0211   17.2560 v accAdder/_1196_/ZN (OAI31D0BWP30P140)
   0.0222   17.2782 ^ accAdder/_1198_/ZN (AOI21D0BWP30P140)
   0.0256   17.3038 v accAdder/_1200_/ZN (MAOI222D0BWP30P140)
   0.0396   17.3434 ^ accAdder/_1202_/ZN (MAOI222D0BWP30P140)
   0.0257   17.3691 v accAdder/_1204_/ZN (MAOI222D0BWP30P140)
   0.0277   17.3969 ^ accAdder/_1206_/ZN (AOI21D0BWP30P140)
   0.0253   17.4221 ^ accAdder/_1209_/ZN (IAO21D0BWP30P140)
   0.0247   17.4468 v accAdder/_1211_/ZN (MAOI222D0BWP30P140)
   0.0395   17.4863 ^ accAdder/_1213_/ZN (MAOI222D0BWP30P140)
   0.0265   17.5128 v accAdder/_1221_/ZN (MAOI222D0BWP30P140)
   0.0354   17.5482 v accAdder/_1232_/Z (AO21D0BWP30P140)
   0.0261   17.5742 ^ accAdder/_1242_/ZN (MAOI222D0BWP30P140)
   0.0265   17.6008 v accAdder/_1255_/ZN (MAOI222D0BWP30P140)
   0.0315   17.6323 v accAdder/_1259_/Z (AO21D0BWP30P140)
   0.0182   17.6505 ^ accAdder/_1276_/ZN (AOI21D0BWP30P140)
   0.0258   17.6763 v accAdder/_1280_/ZN (MAOI222D0BWP30P140)
   0.0391   17.7154 ^ accAdder/_1296_/ZN (MAOI222D0BWP30P140)
   0.0262   17.7416 v accAdder/_1300_/ZN (MAOI222D0BWP30P140)
   0.0304   17.7720 ^ accAdder/_1318_/ZN (AOI21D0BWP30P140)
   0.0249   17.7969 v accAdder/_1322_/ZN (MAOI222D0BWP30P140)
   0.0364   17.8333 v accAdder/_1345_/Z (AO21D0BWP30P140)
   0.0156   17.8490 ^ accAdder/_1353_/ZN (MUX2ND0BWP30P140)
   0.0347   17.8837 ^ accAdder/_1354_/ZN (XNR2UD0BWP30P140)
   0.0288   17.9125 ^ accAdder/_1453_/ZN (MAOI22D0BWP30P140)
   0.1281   18.0405 v accAdder/_1456_/ZN (OAI211D0BWP30P140)
   0.0886   18.1292 ^ accAdder/_1531_/Z (MUX4D0BWP30P140)
   0.0194   18.1486 v accAdder/_1534_/ZN (MUX3ND0BWP30P140)
   0.0405   18.1891 ^ accAdder/_1568_/ZN (NR2D0BWP30P140)
   0.0507   18.2398 ^ accAdder/_1577_/ZN (INR4D0BWP30P140)
   0.0511   18.2908 ^ accAdder/_1582_/Z (AN4D0BWP30P140)
   0.0395   18.3303 ^ accAdder/_1590_/Z (AN4D0BWP30P140)
   0.0406   18.3709 ^ accAdder/_1601_/Z (AN4D0BWP30P140)
   0.0349   18.4057 ^ accAdder/_1603_/Z (AN3D0BWP30P140)
   0.0271   18.4329 v accAdder/_1605_/ZN (IND3D0BWP30P140)
   0.0379   18.4708 v accAdder/_1606_/Z (OR3D0BWP30P140)
   0.0368   18.5077 ^ accAdder/_1608_/ZN (INR3D0BWP30P140)
   0.0364   18.5441 v accAdder/_1611_/ZN (MAOI222D0BWP30P140)
   0.0357   18.5797 ^ accAdder/_1616_/ZN (NR4D0BWP30P140)
   0.0219   18.6016 v accAdder/_1619_/ZN (OAI31D0BWP30P140)
   0.0327   18.6343 v accAdder/_1621_/Z (AO21D0BWP30P140)
   0.0312   18.6656 ^ accAdder/_1623_/ZN (AOI21D0BWP30P140)
   0.0237   18.6892 v accAdder/_1626_/ZN (OAI21D0BWP30P140)
   0.0215   18.7107 v accAdder/_1658_/Z (AN3D0BWP30P140)
   0.0613   18.7719 v accAdder/_1659_/Z (OR3D0BWP30P140)
   0.0420   18.8139 ^ accAdder/_1703_/ZN (AOI211D0BWP30P140)
   0.0261   18.8400 ^ _060_/Z (AO22D0BWP30P140)
   0.0000   18.8400 ^ _070_/D (DFCNQD1BWP30P140)
            18.8400   data arrival time

  20.0000   20.0000   clock CORE_CLK (rise edge)
   0.0000   20.0000   clock network delay (ideal)
  -0.0500   19.9500   clock uncertainty
   0.0000   19.9500   clock reconvergence pessimism
            19.9500 ^ _070_/CP (DFCNQD1BWP30P140)
  -0.0174   19.9326   library setup time
            19.9326   data required time
-------------------------------------------------------------
            19.9326   data required time
           -18.8400   data arrival time
-------------------------------------------------------------
             1.0926   slack (MET)


