
===========================================================================
report_checks -unconstrained
===========================================================================
======================= Typical Corner ===================================

Startpoint: io_inScaleA[6] (input port clocked by clock)
Endpoint: accumulator._2420_ (rising edge-triggered flip-flop clocked by clock)
Path Group: clock
Path Type: max

Fanout     Cap    Slew   Delay    Time   Description
-----------------------------------------------------------------------------
                  0.15    0.00    0.00   clock clock (rise edge)
                          0.00    0.00   clock network delay (ideal)
                          5.00    5.00 v input external delay
     5    0.02    0.04    0.03    5.03 v io_inScaleA[6] (in)
                                         io_inScaleA[6] (net)
                  0.04    0.00    5.03 v scaleAdd._421_/A1 (sky130_fd_sc_hd__o21a_2)
     4    0.02    0.08    0.27    5.31 v scaleAdd._421_/X (sky130_fd_sc_hd__o21a_2)
                                         scaleAdd._002_ (net)
                  0.08    0.00    5.31 v scaleAdd._428_/A (sky130_fd_sc_hd__xor2_2)
     2    0.01    0.08    0.22    5.52 v scaleAdd._428_/X (sky130_fd_sc_hd__xor2_2)
                                         scaleAdd._009_ (net)
                  0.08    0.00    5.52 v scaleAdd._429_/B (sky130_fd_sc_hd__xnor2_2)
     2    0.01    0.08    0.18    5.70 v scaleAdd._429_/Y (sky130_fd_sc_hd__xnor2_2)
                                         scaleAdd._010_ (net)
                  0.08    0.00    5.70 v scaleAdd._431_/A (sky130_fd_sc_hd__xnor2_2)
     2    0.01    0.23    0.26    5.96 ^ scaleAdd._431_/Y (sky130_fd_sc_hd__xnor2_2)
                                         scaleAdd._012_ (net)
                  0.23    0.00    5.96 ^ scaleAdd._432_/B (sky130_fd_sc_hd__xnor2_2)
     2    0.01    0.08    0.13    6.09 v scaleAdd._432_/Y (sky130_fd_sc_hd__xnor2_2)
                                         scaleAdd._013_ (net)
                  0.08    0.00    6.09 v scaleAdd._435_/A (sky130_fd_sc_hd__xor2_2)
     2    0.01    0.08    0.21    6.30 v scaleAdd._435_/X (sky130_fd_sc_hd__xor2_2)
                                         scaleAdd._016_ (net)
                  0.08    0.00    6.30 v scaleAdd._436_/B (sky130_fd_sc_hd__xnor2_2)
     2    0.01    0.07    0.17    6.46 v scaleAdd._436_/Y (sky130_fd_sc_hd__xnor2_2)
                                         scaleAdd._017_ (net)
                  0.07    0.00    6.46 v scaleAdd._438_/A (sky130_fd_sc_hd__xnor2_2)
     2    0.01    0.20    0.23    6.69 ^ scaleAdd._438_/Y (sky130_fd_sc_hd__xnor2_2)
                                         scaleAdd._019_ (net)
                  0.20    0.00    6.69 ^ scaleAdd._439_/B (sky130_fd_sc_hd__xor2_2)
     5    0.03    0.38    0.37    7.06 ^ scaleAdd._439_/X (sky130_fd_sc_hd__xor2_2)
                                         scaleAdd._020_ (net)
                  0.38    0.00    7.06 ^ scaleAdd._443_/A (sky130_fd_sc_hd__xnor2_2)
     1    0.01    0.09    0.14    7.21 v scaleAdd._443_/Y (sky130_fd_sc_hd__xnor2_2)
                                         scaleAdd._024_ (net)
                  0.09    0.00    7.21 v scaleAdd._444_/B (sky130_fd_sc_hd__xnor2_2)
     6    0.02    0.29    0.29    7.50 ^ scaleAdd._444_/Y (sky130_fd_sc_hd__xnor2_2)
                                         scaleAdd._025_ (net)
                  0.29    0.00    7.50 ^ scaleAdd._445_/B_N (sky130_fd_sc_hd__or2b_2)
     3    0.01    0.07    0.37    7.86 v scaleAdd._445_/X (sky130_fd_sc_hd__or2b_2)
                                         scaleAdd._026_ (net)
                  0.07    0.00    7.86 v scaleAdd._448_/B1 (sky130_fd_sc_hd__a22o_2)
     2    0.01    0.05    0.24    8.10 v scaleAdd._448_/X (sky130_fd_sc_hd__a22o_2)
                                         scaleAdd._029_ (net)
                  0.05    0.00    8.10 v scaleAdd._452_/A2 (sky130_fd_sc_hd__a21o_2)
     2    0.01    0.04    0.23    8.33 v scaleAdd._452_/X (sky130_fd_sc_hd__a21o_2)
                                         scaleAdd._033_ (net)
                  0.04    0.00    8.33 v scaleAdd._454_/B2 (sky130_fd_sc_hd__a22o_2)
     3    0.01    0.06    0.26    8.59 v scaleAdd._454_/X (sky130_fd_sc_hd__a22o_2)
                                         scaleAdd._035_ (net)
                  0.06    0.00    8.59 v scaleAdd._456_/B (sky130_fd_sc_hd__and3_2)
     2    0.01    0.05    0.22    8.81 v scaleAdd._456_/X (sky130_fd_sc_hd__and3_2)
                                         scaleAdd._037_ (net)
                  0.05    0.00    8.81 v scaleAdd._458_/B (sky130_fd_sc_hd__or3_2)
     3    0.01    0.09    0.50    9.31 v scaleAdd._458_/X (sky130_fd_sc_hd__or3_2)
                                         scaleAdd._039_ (net)
                  0.09    0.00    9.31 v scaleAdd._492_/A2 (sky130_fd_sc_hd__a21o_2)
     3    0.01    0.05    0.25    9.57 v scaleAdd._492_/X (sky130_fd_sc_hd__a21o_2)
                                         scaleAdd._072_ (net)
                  0.05    0.00    9.57 v scaleAdd._539_/A2 (sky130_fd_sc_hd__a21oi_2)
     5    0.02    0.26    0.26    9.83 ^ scaleAdd._539_/Y (sky130_fd_sc_hd__a21oi_2)
                                         scaleAdd._118_ (net)
                  0.26    0.00    9.83 ^ scaleAdd._603_/A2 (sky130_fd_sc_hd__o311ai_2)
     3    0.01    0.10    0.15    9.98 v scaleAdd._603_/Y (sky130_fd_sc_hd__o311ai_2)
                                         scaleAdd._180_ (net)
                  0.10    0.00    9.98 v scaleAdd._652_/A2 (sky130_fd_sc_hd__a311o_2)
     4    0.01    0.08    0.44   10.42 v scaleAdd._652_/X (sky130_fd_sc_hd__a311o_2)
                                         scaleAdd._227_ (net)
                  0.08    0.00   10.42 v scaleAdd._688_/A2 (sky130_fd_sc_hd__a311o_2)
     3    0.01    0.08    0.43   10.85 v scaleAdd._688_/X (sky130_fd_sc_hd__a311o_2)
                                         scaleAdd._261_ (net)
                  0.08    0.00   10.85 v scaleAdd._691_/A (sky130_fd_sc_hd__and2_2)
     1    0.00    0.04    0.18   11.03 v scaleAdd._691_/X (sky130_fd_sc_hd__and2_2)
                                         scaleAdd._264_ (net)
                  0.04    0.00   11.03 v scaleAdd._692_/A (sky130_fd_sc_hd__buf_1)
     5    0.01    0.09    0.14   11.17 v scaleAdd._692_/X (sky130_fd_sc_hd__buf_1)
                                         accumulator.io_inMant[14] (net)
                  0.09    0.00   11.17 v accumulator._1204_/B (sky130_fd_sc_hd__or4_2)
     4    0.01    0.14    0.75   11.92 v accumulator._1204_/X (sky130_fd_sc_hd__or4_2)
                                         accumulator._0065_ (net)
                  0.14    0.00   11.92 v accumulator._1206_/A (sky130_fd_sc_hd__or2_2)
     3    0.01    0.07    0.37   12.29 v accumulator._1206_/X (sky130_fd_sc_hd__or2_2)
                                         accumulator._0085_ (net)
                  0.07    0.00   12.29 v accumulator._1207_/B (sky130_fd_sc_hd__or2_2)
     4    0.01    0.08    0.33   12.62 v accumulator._1207_/X (sky130_fd_sc_hd__or2_2)
                                         accumulator._0095_ (net)
                  0.08    0.00   12.62 v accumulator._1240_/B (sky130_fd_sc_hd__and2_2)
     2    0.00    0.04    0.21   12.83 v accumulator._1240_/X (sky130_fd_sc_hd__and2_2)
                                         accumulator._0339_ (net)
                  0.04    0.00   12.83 v accumulator._1241_/B1 (sky130_fd_sc_hd__a311o_2)
     3    0.01    0.07    0.40   13.23 v accumulator._1241_/X (sky130_fd_sc_hd__a311o_2)
                                         accumulator._0340_ (net)
                  0.07    0.00   13.23 v accumulator._1255_/A2 (sky130_fd_sc_hd__a21o_2)
     2    0.01    0.04    0.24   13.47 v accumulator._1255_/X (sky130_fd_sc_hd__a21o_2)
                                         accumulator._0354_ (net)
                  0.04    0.00   13.47 v accumulator._1257_/A2 (sky130_fd_sc_hd__a211o_2)
     4    0.01    0.08    0.38   13.86 v accumulator._1257_/X (sky130_fd_sc_hd__a211o_2)
                                         accumulator._0356_ (net)
                  0.08    0.00   13.86 v accumulator._1263_/A (sky130_fd_sc_hd__and2_2)
     9    0.02    0.08    0.24   14.10 v accumulator._1263_/X (sky130_fd_sc_hd__and2_2)
                                         accumulator._0362_ (net)
                  0.08    0.00   14.10 v accumulator._1274_/D (sky130_fd_sc_hd__or4_2)
     4    0.02    0.15    0.66   14.77 v accumulator._1274_/X (sky130_fd_sc_hd__or4_2)
                                         accumulator._0373_ (net)
                  0.15    0.00   14.77 v accumulator._1276_/A2 (sky130_fd_sc_hd__a21o_2)
     2    0.01    0.05    0.29   15.05 v accumulator._1276_/X (sky130_fd_sc_hd__a21o_2)
                                         accumulator._0375_ (net)
                  0.05    0.00   15.05 v accumulator._1278_/A2 (sky130_fd_sc_hd__a21o_2)
     2    0.01    0.06    0.25   15.30 v accumulator._1278_/X (sky130_fd_sc_hd__a21o_2)
                                         accumulator._0377_ (net)
                  0.06    0.00   15.30 v accumulator._1284_/A1 (sky130_fd_sc_hd__a21o_2)
     2    0.01    0.05    0.22   15.53 v accumulator._1284_/X (sky130_fd_sc_hd__a21o_2)
                                         accumulator._0383_ (net)
                  0.05    0.00   15.53 v accumulator._1285_/A2 (sky130_fd_sc_hd__a21o_2)
     2    0.01    0.06    0.25   15.78 v accumulator._1285_/X (sky130_fd_sc_hd__a21o_2)
                                         accumulator._0384_ (net)
                  0.06    0.00   15.78 v accumulator._1290_/A1 (sky130_fd_sc_hd__a21o_2)
     2    0.01    0.06    0.23   16.01 v accumulator._1290_/X (sky130_fd_sc_hd__a21o_2)
                                         accumulator._0389_ (net)
                  0.06    0.00   16.01 v accumulator._1293_/A1 (sky130_fd_sc_hd__a21boi_2)
     3    0.03    0.32    0.31   16.32 ^ accumulator._1293_/Y (sky130_fd_sc_hd__a21boi_2)
                                         accumulator._0392_ (net)
                  0.32    0.00   16.32 ^ accumulator._1302_/B (sky130_fd_sc_hd__xor2_2)
     3    0.01    0.18    0.23   16.55 ^ accumulator._1302_/X (sky130_fd_sc_hd__xor2_2)
                                         accumulator._0401_ (net)
                  0.18    0.00   16.55 ^ accumulator._1303_/A (sky130_fd_sc_hd__buf_1)
    10    0.03    0.34    0.33   16.88 ^ accumulator._1303_/X (sky130_fd_sc_hd__buf_1)
                                         accumulator._0402_ (net)
                  0.34    0.00   16.88 ^ accumulator._1335_/S (sky130_fd_sc_hd__mux2_2)
    10    0.03    0.10    0.48   17.36 v accumulator._1335_/X (sky130_fd_sc_hd__mux2_2)
                                         accumulator._0432_ (net)
                  0.10    0.00   17.36 v accumulator._1381_/A (sky130_fd_sc_hd__buf_1)
    10    0.03    0.15    0.22   17.58 v accumulator._1381_/X (sky130_fd_sc_hd__buf_1)
                                         accumulator._0478_ (net)
                  0.15    0.00   17.58 v accumulator._1413_/A1 (sky130_fd_sc_hd__a21o_2)
     2    0.00    0.04    0.24   17.83 v accumulator._1413_/X (sky130_fd_sc_hd__a21o_2)
                                         accumulator._0510_ (net)
                  0.04    0.00   17.83 v accumulator._1568_/C (sky130_fd_sc_hd__and3_2)
     2    0.01    0.05    0.22   18.05 v accumulator._1568_/X (sky130_fd_sc_hd__and3_2)
                                         accumulator._0665_ (net)
                  0.05    0.00   18.05 v accumulator._1659_/A (sky130_fd_sc_hd__or2_2)
     1    0.00    0.05    0.30   18.35 v accumulator._1659_/X (sky130_fd_sc_hd__or2_2)
                                         accumulator._0756_ (net)
                  0.05    0.00   18.35 v accumulator._1660_/A1 (sky130_fd_sc_hd__mux2_2)
     2    0.01    0.06    0.29   18.64 v accumulator._1660_/X (sky130_fd_sc_hd__mux2_2)
                                         accumulator._0757_ (net)
                  0.06    0.00   18.64 v accumulator._1661_/B (sky130_fd_sc_hd__or2_2)
     1    0.00    0.06    0.29   18.93 v accumulator._1661_/X (sky130_fd_sc_hd__or2_2)
                                         accumulator._0758_ (net)
                  0.06    0.00   18.93 v accumulator._1667_/A2 (sky130_fd_sc_hd__a32o_2)
     4    0.02    0.08    0.33   19.26 v accumulator._1667_/X (sky130_fd_sc_hd__a32o_2)
                                         accumulator._0764_ (net)
                  0.08    0.00   19.26 v accumulator._1834_/A (sky130_fd_sc_hd__xnor2_2)
     3    0.01    0.23    0.26   19.52 ^ accumulator._1834_/Y (sky130_fd_sc_hd__xnor2_2)
                                         accumulator._0931_ (net)
                  0.23    0.00   19.52 ^ accumulator._1839_/A1 (sky130_fd_sc_hd__a311o_2)
     3    0.01    0.08    0.26   19.78 ^ accumulator._1839_/X (sky130_fd_sc_hd__a311o_2)
                                         accumulator._0936_ (net)
                  0.08    0.00   19.78 ^ accumulator._1842_/A3 (sky130_fd_sc_hd__a311o_2)
     2    0.01    0.07    0.21   19.99 ^ accumulator._1842_/X (sky130_fd_sc_hd__a311o_2)
                                         accumulator._0939_ (net)
                  0.07    0.00   19.99 ^ accumulator._1844_/A3 (sky130_fd_sc_hd__a31oi_2)
     3    0.01    0.10    0.13   20.12 v accumulator._1844_/Y (sky130_fd_sc_hd__a31oi_2)
                                         accumulator._0941_ (net)
                  0.10    0.00   20.12 v accumulator._1846_/A2 (sky130_fd_sc_hd__a211o_2)
     3    0.01    0.06    0.38   20.50 v accumulator._1846_/X (sky130_fd_sc_hd__a211o_2)
                                         accumulator._0943_ (net)
                  0.06    0.00   20.50 v accumulator._1847_/A3 (sky130_fd_sc_hd__a311o_2)
     3    0.01    0.07    0.43   20.93 v accumulator._1847_/X (sky130_fd_sc_hd__a311o_2)
                                         accumulator._0944_ (net)
                  0.07    0.00   20.93 v accumulator._1855_/A2 (sky130_fd_sc_hd__o311a_2)
     4    0.02    0.09    0.45   21.38 v accumulator._1855_/X (sky130_fd_sc_hd__o311a_2)
                                         accumulator._0952_ (net)
                  0.09    0.00   21.38 v accumulator._1866_/A2 (sky130_fd_sc_hd__o31ai_2)
     3    0.01    0.32    0.36   21.74 ^ accumulator._1866_/Y (sky130_fd_sc_hd__o31ai_2)
                                         accumulator._0963_ (net)
                  0.32    0.00   21.74 ^ accumulator._1867_/B (sky130_fd_sc_hd__nand3b_2)
     1    0.00    0.07    0.11   21.86 v accumulator._1867_/Y (sky130_fd_sc_hd__nand3b_2)
                                         accumulator._0964_ (net)
                  0.07    0.00   21.86 v accumulator._1868_/B1 (sky130_fd_sc_hd__o211a_2)
     3    0.01    0.05    0.17   22.02 v accumulator._1868_/X (sky130_fd_sc_hd__o211a_2)
                                         accumulator._0965_ (net)
                  0.05    0.00   22.02 v accumulator._1871_/A4 (sky130_fd_sc_hd__o41a_2)
     7    0.02    0.12    0.47   22.50 v accumulator._1871_/X (sky130_fd_sc_hd__o41a_2)
                                         accumulator._0968_ (net)
                  0.12    0.00   22.50 v accumulator._1872_/B (sky130_fd_sc_hd__and2_2)
     5    0.02    0.07    0.27   22.77 v accumulator._1872_/X (sky130_fd_sc_hd__and2_2)
                                         accumulator._0969_ (net)
                  0.07    0.00   22.77 v accumulator._1895_/A (sky130_fd_sc_hd__buf_1)
    10    0.04    0.22    0.26   23.02 v accumulator._1895_/X (sky130_fd_sc_hd__buf_1)
                                         accumulator._0992_ (net)
                  0.22    0.00   23.02 v accumulator._1912_/A (sky130_fd_sc_hd__nor2_2)
     1    0.01    0.13    0.21   23.23 ^ accumulator._1912_/Y (sky130_fd_sc_hd__nor2_2)
                                         accumulator._1009_ (net)
                  0.13    0.00   23.23 ^ accumulator._1913_/B (sky130_fd_sc_hd__xor2_2)
     5    0.02    0.29    0.30   23.53 ^ accumulator._1913_/X (sky130_fd_sc_hd__xor2_2)
                                         accumulator._1010_ (net)
                  0.29    0.00   23.53 ^ accumulator._2072_/B1 (sky130_fd_sc_hd__o21ai_2)
     1    0.01    0.08    0.11   23.64 v accumulator._2072_/Y (sky130_fd_sc_hd__o21ai_2)
                                         accumulator._1169_ (net)
                  0.08    0.00   23.64 v accumulator._2073_/A2 (sky130_fd_sc_hd__a21oi_2)
     1    0.00    0.11    0.16   23.80 ^ accumulator._2073_/Y (sky130_fd_sc_hd__a21oi_2)
                                         accumulator._1170_ (net)
                  0.11    0.00   23.80 ^ accumulator._2074_/A2 (sky130_fd_sc_hd__o21ai_2)
     1    0.00    0.06    0.06   23.86 v accumulator._2074_/Y (sky130_fd_sc_hd__o21ai_2)
                                         accumulator._1171_ (net)
                  0.06    0.00   23.86 v accumulator._2075_/A2 (sky130_fd_sc_hd__a21o_2)
     1    0.01    0.04    0.23   24.08 v accumulator._2075_/X (sky130_fd_sc_hd__a21o_2)
                                         accumulator._1172_ (net)
                  0.04    0.00   24.08 v accumulator._2076_/A2 (sky130_fd_sc_hd__a21oi_2)
     1    0.01    0.11    0.14   24.23 ^ accumulator._2076_/Y (sky130_fd_sc_hd__a21oi_2)
                                         accumulator._1173_ (net)
                  0.11    0.00   24.23 ^ accumulator._2077_/A2 (sky130_fd_sc_hd__o21ai_2)
     1    0.00    0.07    0.07   24.29 v accumulator._2077_/Y (sky130_fd_sc_hd__o21ai_2)
                                         accumulator._1174_ (net)
                  0.07    0.00   24.29 v accumulator._2078_/A2 (sky130_fd_sc_hd__a21oi_2)
     1    0.00    0.10    0.15   24.45 ^ accumulator._2078_/Y (sky130_fd_sc_hd__a21oi_2)
                                         accumulator._1175_ (net)
                  0.10    0.00   24.45 ^ accumulator._2079_/A2 (sky130_fd_sc_hd__o21bai_2)
     1    0.00    0.06    0.06   24.51 v accumulator._2079_/Y (sky130_fd_sc_hd__o21bai_2)
                                         accumulator._1176_ (net)
                  0.06    0.00   24.51 v accumulator._2082_/A2 (sky130_fd_sc_hd__a21o_2)
     6    0.02    0.07    0.27   24.78 v accumulator._2082_/X (sky130_fd_sc_hd__a21o_2)
                                         accumulator._1180_ (net)
                  0.07    0.00   24.79 v accumulator._2083_/B (sky130_fd_sc_hd__nand2_2)
     8    0.03    0.16    0.17   24.96 ^ accumulator._2083_/Y (sky130_fd_sc_hd__nand2_2)
                                         accumulator._1181_ (net)
                  0.16    0.00   24.96 ^ accumulator._2086_/A (sky130_fd_sc_hd__buf_1)
    10    0.04    0.44    0.40   25.36 ^ accumulator._2086_/X (sky130_fd_sc_hd__buf_1)
                                         accumulator._1184_ (net)
                  0.44    0.00   25.36 ^ accumulator._2259_/S (sky130_fd_sc_hd__mux2_2)
     2    0.01    0.06    0.42   25.78 v accumulator._2259_/X (sky130_fd_sc_hd__mux2_2)
                                         accumulator._0193_ (net)
                  0.06    0.00   25.78 v accumulator._2260_/A1 (sky130_fd_sc_hd__mux2_2)
     2    0.01    0.06    0.30   26.08 v accumulator._2260_/X (sky130_fd_sc_hd__mux2_2)
                                         accumulator._0194_ (net)
                  0.06    0.00   26.08 v accumulator._2297_/A0 (sky130_fd_sc_hd__mux2_2)
     1    0.00    0.05    0.27   26.35 v accumulator._2297_/X (sky130_fd_sc_hd__mux2_2)
                                         accumulator._0231_ (net)
                  0.05    0.00   26.35 v accumulator._2298_/A1 (sky130_fd_sc_hd__mux2_2)
     1    0.00    0.05    0.28   26.64 v accumulator._2298_/X (sky130_fd_sc_hd__mux2_2)
                                         accumulator._0232_ (net)
                  0.05    0.00   26.64 v accumulator._2300_/A3 (sky130_fd_sc_hd__o311a_2)
     1    0.00    0.05    0.34   26.97 v accumulator._2300_/X (sky130_fd_sc_hd__o311a_2)
                                         accumulator._0021_ (net)
                  0.05    0.00   26.97 v accumulator._2420_/D (sky130_fd_sc_hd__dfxtp_2)
                                 26.97   data arrival time

                  0.15   25.00   25.00   clock clock (rise edge)
                          0.00   25.00   clock network delay (ideal)
                         -0.25   24.75   clock uncertainty
                          0.00   24.75   clock reconvergence pessimism
                                 24.75 ^ accumulator._2420_/CLK (sky130_fd_sc_hd__dfxtp_2)
                         -0.09   24.66   library setup time
                                 24.66   data required time
-----------------------------------------------------------------------------
                                 24.66   data required time
                                -26.97   data arrival time
-----------------------------------------------------------------------------
                                 -2.31   slack (VIOLATED)




===========================================================================
report_checks --slack_max -0.01
============================================================================
======================= Typical Corner ===================================

Startpoint: io_inScaleA[6] (input port clocked by clock)
Endpoint: accumulator._2420_ (rising edge-triggered flip-flop clocked by clock)
Path Group: clock
Path Type: max

Fanout     Cap    Slew   Delay    Time   Description
-----------------------------------------------------------------------------
                  0.15    0.00    0.00   clock clock (rise edge)
                          0.00    0.00   clock network delay (ideal)
                          5.00    5.00 v input external delay
     5    0.02    0.04    0.03    5.03 v io_inScaleA[6] (in)
                                         io_inScaleA[6] (net)
                  0.04    0.00    5.03 v scaleAdd._421_/A1 (sky130_fd_sc_hd__o21a_2)
     4    0.02    0.08    0.27    5.31 v scaleAdd._421_/X (sky130_fd_sc_hd__o21a_2)
                                         scaleAdd._002_ (net)
                  0.08    0.00    5.31 v scaleAdd._428_/A (sky130_fd_sc_hd__xor2_2)
     2    0.01    0.08    0.22    5.52 v scaleAdd._428_/X (sky130_fd_sc_hd__xor2_2)
                                         scaleAdd._009_ (net)
                  0.08    0.00    5.52 v scaleAdd._429_/B (sky130_fd_sc_hd__xnor2_2)
     2    0.01    0.08    0.18    5.70 v scaleAdd._429_/Y (sky130_fd_sc_hd__xnor2_2)
                                         scaleAdd._010_ (net)
                  0.08    0.00    5.70 v scaleAdd._431_/A (sky130_fd_sc_hd__xnor2_2)
     2    0.01    0.23    0.26    5.96 ^ scaleAdd._431_/Y (sky130_fd_sc_hd__xnor2_2)
                                         scaleAdd._012_ (net)
                  0.23    0.00    5.96 ^ scaleAdd._432_/B (sky130_fd_sc_hd__xnor2_2)
     2    0.01    0.08    0.13    6.09 v scaleAdd._432_/Y (sky130_fd_sc_hd__xnor2_2)
                                         scaleAdd._013_ (net)
                  0.08    0.00    6.09 v scaleAdd._435_/A (sky130_fd_sc_hd__xor2_2)
     2    0.01    0.08    0.21    6.30 v scaleAdd._435_/X (sky130_fd_sc_hd__xor2_2)
                                         scaleAdd._016_ (net)
                  0.08    0.00    6.30 v scaleAdd._436_/B (sky130_fd_sc_hd__xnor2_2)
     2    0.01    0.07    0.17    6.46 v scaleAdd._436_/Y (sky130_fd_sc_hd__xnor2_2)
                                         scaleAdd._017_ (net)
                  0.07    0.00    6.46 v scaleAdd._438_/A (sky130_fd_sc_hd__xnor2_2)
     2    0.01    0.20    0.23    6.69 ^ scaleAdd._438_/Y (sky130_fd_sc_hd__xnor2_2)
                                         scaleAdd._019_ (net)
                  0.20    0.00    6.69 ^ scaleAdd._439_/B (sky130_fd_sc_hd__xor2_2)
     5    0.03    0.38    0.37    7.06 ^ scaleAdd._439_/X (sky130_fd_sc_hd__xor2_2)
                                         scaleAdd._020_ (net)
                  0.38    0.00    7.06 ^ scaleAdd._443_/A (sky130_fd_sc_hd__xnor2_2)
     1    0.01    0.09    0.14    7.21 v scaleAdd._443_/Y (sky130_fd_sc_hd__xnor2_2)
                                         scaleAdd._024_ (net)
                  0.09    0.00    7.21 v scaleAdd._444_/B (sky130_fd_sc_hd__xnor2_2)
     6    0.02    0.29    0.29    7.50 ^ scaleAdd._444_/Y (sky130_fd_sc_hd__xnor2_2)
                                         scaleAdd._025_ (net)
                  0.29    0.00    7.50 ^ scaleAdd._445_/B_N (sky130_fd_sc_hd__or2b_2)
     3    0.01    0.07    0.37    7.86 v scaleAdd._445_/X (sky130_fd_sc_hd__or2b_2)
                                         scaleAdd._026_ (net)
                  0.07    0.00    7.86 v scaleAdd._448_/B1 (sky130_fd_sc_hd__a22o_2)
     2    0.01    0.05    0.24    8.10 v scaleAdd._448_/X (sky130_fd_sc_hd__a22o_2)
                                         scaleAdd._029_ (net)
                  0.05    0.00    8.10 v scaleAdd._452_/A2 (sky130_fd_sc_hd__a21o_2)
     2    0.01    0.04    0.23    8.33 v scaleAdd._452_/X (sky130_fd_sc_hd__a21o_2)
                                         scaleAdd._033_ (net)
                  0.04    0.00    8.33 v scaleAdd._454_/B2 (sky130_fd_sc_hd__a22o_2)
     3    0.01    0.06    0.26    8.59 v scaleAdd._454_/X (sky130_fd_sc_hd__a22o_2)
                                         scaleAdd._035_ (net)
                  0.06    0.00    8.59 v scaleAdd._456_/B (sky130_fd_sc_hd__and3_2)
     2    0.01    0.05    0.22    8.81 v scaleAdd._456_/X (sky130_fd_sc_hd__and3_2)
                                         scaleAdd._037_ (net)
                  0.05    0.00    8.81 v scaleAdd._458_/B (sky130_fd_sc_hd__or3_2)
     3    0.01    0.09    0.50    9.31 v scaleAdd._458_/X (sky130_fd_sc_hd__or3_2)
                                         scaleAdd._039_ (net)
                  0.09    0.00    9.31 v scaleAdd._492_/A2 (sky130_fd_sc_hd__a21o_2)
     3    0.01    0.05    0.25    9.57 v scaleAdd._492_/X (sky130_fd_sc_hd__a21o_2)
                                         scaleAdd._072_ (net)
                  0.05    0.00    9.57 v scaleAdd._539_/A2 (sky130_fd_sc_hd__a21oi_2)
     5    0.02    0.26    0.26    9.83 ^ scaleAdd._539_/Y (sky130_fd_sc_hd__a21oi_2)
                                         scaleAdd._118_ (net)
                  0.26    0.00    9.83 ^ scaleAdd._603_/A2 (sky130_fd_sc_hd__o311ai_2)
     3    0.01    0.10    0.15    9.98 v scaleAdd._603_/Y (sky130_fd_sc_hd__o311ai_2)
                                         scaleAdd._180_ (net)
                  0.10    0.00    9.98 v scaleAdd._652_/A2 (sky130_fd_sc_hd__a311o_2)
     4    0.01    0.08    0.44   10.42 v scaleAdd._652_/X (sky130_fd_sc_hd__a311o_2)
                                         scaleAdd._227_ (net)
                  0.08    0.00   10.42 v scaleAdd._688_/A2 (sky130_fd_sc_hd__a311o_2)
     3    0.01    0.08    0.43   10.85 v scaleAdd._688_/X (sky130_fd_sc_hd__a311o_2)
                                         scaleAdd._261_ (net)
                  0.08    0.00   10.85 v scaleAdd._691_/A (sky130_fd_sc_hd__and2_2)
     1    0.00    0.04    0.18   11.03 v scaleAdd._691_/X (sky130_fd_sc_hd__and2_2)
                                         scaleAdd._264_ (net)
                  0.04    0.00   11.03 v scaleAdd._692_/A (sky130_fd_sc_hd__buf_1)
     5    0.01    0.09    0.14   11.17 v scaleAdd._692_/X (sky130_fd_sc_hd__buf_1)
                                         accumulator.io_inMant[14] (net)
                  0.09    0.00   11.17 v accumulator._1204_/B (sky130_fd_sc_hd__or4_2)
     4    0.01    0.14    0.75   11.92 v accumulator._1204_/X (sky130_fd_sc_hd__or4_2)
                                         accumulator._0065_ (net)
                  0.14    0.00   11.92 v accumulator._1206_/A (sky130_fd_sc_hd__or2_2)
     3    0.01    0.07    0.37   12.29 v accumulator._1206_/X (sky130_fd_sc_hd__or2_2)
                                         accumulator._0085_ (net)
                  0.07    0.00   12.29 v accumulator._1207_/B (sky130_fd_sc_hd__or2_2)
     4    0.01    0.08    0.33   12.62 v accumulator._1207_/X (sky130_fd_sc_hd__or2_2)
                                         accumulator._0095_ (net)
                  0.08    0.00   12.62 v accumulator._1240_/B (sky130_fd_sc_hd__and2_2)
     2    0.00    0.04    0.21   12.83 v accumulator._1240_/X (sky130_fd_sc_hd__and2_2)
                                         accumulator._0339_ (net)
                  0.04    0.00   12.83 v accumulator._1241_/B1 (sky130_fd_sc_hd__a311o_2)
     3    0.01    0.07    0.40   13.23 v accumulator._1241_/X (sky130_fd_sc_hd__a311o_2)
                                         accumulator._0340_ (net)
                  0.07    0.00   13.23 v accumulator._1255_/A2 (sky130_fd_sc_hd__a21o_2)
     2    0.01    0.04    0.24   13.47 v accumulator._1255_/X (sky130_fd_sc_hd__a21o_2)
                                         accumulator._0354_ (net)
                  0.04    0.00   13.47 v accumulator._1257_/A2 (sky130_fd_sc_hd__a211o_2)
     4    0.01    0.08    0.38   13.86 v accumulator._1257_/X (sky130_fd_sc_hd__a211o_2)
                                         accumulator._0356_ (net)
                  0.08    0.00   13.86 v accumulator._1263_/A (sky130_fd_sc_hd__and2_2)
     9    0.02    0.08    0.24   14.10 v accumulator._1263_/X (sky130_fd_sc_hd__and2_2)
                                         accumulator._0362_ (net)
                  0.08    0.00   14.10 v accumulator._1274_/D (sky130_fd_sc_hd__or4_2)
     4    0.02    0.15    0.66   14.77 v accumulator._1274_/X (sky130_fd_sc_hd__or4_2)
                                         accumulator._0373_ (net)
                  0.15    0.00   14.77 v accumulator._1276_/A2 (sky130_fd_sc_hd__a21o_2)
     2    0.01    0.05    0.29   15.05 v accumulator._1276_/X (sky130_fd_sc_hd__a21o_2)
                                         accumulator._0375_ (net)
                  0.05    0.00   15.05 v accumulator._1278_/A2 (sky130_fd_sc_hd__a21o_2)
     2    0.01    0.06    0.25   15.30 v accumulator._1278_/X (sky130_fd_sc_hd__a21o_2)
                                         accumulator._0377_ (net)
                  0.06    0.00   15.30 v accumulator._1284_/A1 (sky130_fd_sc_hd__a21o_2)
     2    0.01    0.05    0.22   15.53 v accumulator._1284_/X (sky130_fd_sc_hd__a21o_2)
                                         accumulator._0383_ (net)
                  0.05    0.00   15.53 v accumulator._1285_/A2 (sky130_fd_sc_hd__a21o_2)
     2    0.01    0.06    0.25   15.78 v accumulator._1285_/X (sky130_fd_sc_hd__a21o_2)
                                         accumulator._0384_ (net)
                  0.06    0.00   15.78 v accumulator._1290_/A1 (sky130_fd_sc_hd__a21o_2)
     2    0.01    0.06    0.23   16.01 v accumulator._1290_/X (sky130_fd_sc_hd__a21o_2)
                                         accumulator._0389_ (net)
                  0.06    0.00   16.01 v accumulator._1293_/A1 (sky130_fd_sc_hd__a21boi_2)
     3    0.03    0.32    0.31   16.32 ^ accumulator._1293_/Y (sky130_fd_sc_hd__a21boi_2)
                                         accumulator._0392_ (net)
                  0.32    0.00   16.32 ^ accumulator._1302_/B (sky130_fd_sc_hd__xor2_2)
     3    0.01    0.18    0.23   16.55 ^ accumulator._1302_/X (sky130_fd_sc_hd__xor2_2)
                                         accumulator._0401_ (net)
                  0.18    0.00   16.55 ^ accumulator._1303_/A (sky130_fd_sc_hd__buf_1)
    10    0.03    0.34    0.33   16.88 ^ accumulator._1303_/X (sky130_fd_sc_hd__buf_1)
                                         accumulator._0402_ (net)
                  0.34    0.00   16.88 ^ accumulator._1335_/S (sky130_fd_sc_hd__mux2_2)
    10    0.03    0.10    0.48   17.36 v accumulator._1335_/X (sky130_fd_sc_hd__mux2_2)
                                         accumulator._0432_ (net)
                  0.10    0.00   17.36 v accumulator._1381_/A (sky130_fd_sc_hd__buf_1)
    10    0.03    0.15    0.22   17.58 v accumulator._1381_/X (sky130_fd_sc_hd__buf_1)
                                         accumulator._0478_ (net)
                  0.15    0.00   17.58 v accumulator._1413_/A1 (sky130_fd_sc_hd__a21o_2)
     2    0.00    0.04    0.24   17.83 v accumulator._1413_/X (sky130_fd_sc_hd__a21o_2)
                                         accumulator._0510_ (net)
                  0.04    0.00   17.83 v accumulator._1568_/C (sky130_fd_sc_hd__and3_2)
     2    0.01    0.05    0.22   18.05 v accumulator._1568_/X (sky130_fd_sc_hd__and3_2)
                                         accumulator._0665_ (net)
                  0.05    0.00   18.05 v accumulator._1659_/A (sky130_fd_sc_hd__or2_2)
     1    0.00    0.05    0.30   18.35 v accumulator._1659_/X (sky130_fd_sc_hd__or2_2)
                                         accumulator._0756_ (net)
                  0.05    0.00   18.35 v accumulator._1660_/A1 (sky130_fd_sc_hd__mux2_2)
     2    0.01    0.06    0.29   18.64 v accumulator._1660_/X (sky130_fd_sc_hd__mux2_2)
                                         accumulator._0757_ (net)
                  0.06    0.00   18.64 v accumulator._1661_/B (sky130_fd_sc_hd__or2_2)
     1    0.00    0.06    0.29   18.93 v accumulator._1661_/X (sky130_fd_sc_hd__or2_2)
                                         accumulator._0758_ (net)
                  0.06    0.00   18.93 v accumulator._1667_/A2 (sky130_fd_sc_hd__a32o_2)
     4    0.02    0.08    0.33   19.26 v accumulator._1667_/X (sky130_fd_sc_hd__a32o_2)
                                         accumulator._0764_ (net)
                  0.08    0.00   19.26 v accumulator._1834_/A (sky130_fd_sc_hd__xnor2_2)
     3    0.01    0.23    0.26   19.52 ^ accumulator._1834_/Y (sky130_fd_sc_hd__xnor2_2)
                                         accumulator._0931_ (net)
                  0.23    0.00   19.52 ^ accumulator._1839_/A1 (sky130_fd_sc_hd__a311o_2)
     3    0.01    0.08    0.26   19.78 ^ accumulator._1839_/X (sky130_fd_sc_hd__a311o_2)
                                         accumulator._0936_ (net)
                  0.08    0.00   19.78 ^ accumulator._1842_/A3 (sky130_fd_sc_hd__a311o_2)
     2    0.01    0.07    0.21   19.99 ^ accumulator._1842_/X (sky130_fd_sc_hd__a311o_2)
                                         accumulator._0939_ (net)
                  0.07    0.00   19.99 ^ accumulator._1844_/A3 (sky130_fd_sc_hd__a31oi_2)
     3    0.01    0.10    0.13   20.12 v accumulator._1844_/Y (sky130_fd_sc_hd__a31oi_2)
                                         accumulator._0941_ (net)
                  0.10    0.00   20.12 v accumulator._1846_/A2 (sky130_fd_sc_hd__a211o_2)
     3    0.01    0.06    0.38   20.50 v accumulator._1846_/X (sky130_fd_sc_hd__a211o_2)
                                         accumulator._0943_ (net)
                  0.06    0.00   20.50 v accumulator._1847_/A3 (sky130_fd_sc_hd__a311o_2)
     3    0.01    0.07    0.43   20.93 v accumulator._1847_/X (sky130_fd_sc_hd__a311o_2)
                                         accumulator._0944_ (net)
                  0.07    0.00   20.93 v accumulator._1855_/A2 (sky130_fd_sc_hd__o311a_2)
     4    0.02    0.09    0.45   21.38 v accumulator._1855_/X (sky130_fd_sc_hd__o311a_2)
                                         accumulator._0952_ (net)
                  0.09    0.00   21.38 v accumulator._1866_/A2 (sky130_fd_sc_hd__o31ai_2)
     3    0.01    0.32    0.36   21.74 ^ accumulator._1866_/Y (sky130_fd_sc_hd__o31ai_2)
                                         accumulator._0963_ (net)
                  0.32    0.00   21.74 ^ accumulator._1867_/B (sky130_fd_sc_hd__nand3b_2)
     1    0.00    0.07    0.11   21.86 v accumulator._1867_/Y (sky130_fd_sc_hd__nand3b_2)
                                         accumulator._0964_ (net)
                  0.07    0.00   21.86 v accumulator._1868_/B1 (sky130_fd_sc_hd__o211a_2)
     3    0.01    0.05    0.17   22.02 v accumulator._1868_/X (sky130_fd_sc_hd__o211a_2)
                                         accumulator._0965_ (net)
                  0.05    0.00   22.02 v accumulator._1871_/A4 (sky130_fd_sc_hd__o41a_2)
     7    0.02    0.12    0.47   22.50 v accumulator._1871_/X (sky130_fd_sc_hd__o41a_2)
                                         accumulator._0968_ (net)
                  0.12    0.00   22.50 v accumulator._1872_/B (sky130_fd_sc_hd__and2_2)
     5    0.02    0.07    0.27   22.77 v accumulator._1872_/X (sky130_fd_sc_hd__and2_2)
                                         accumulator._0969_ (net)
                  0.07    0.00   22.77 v accumulator._1895_/A (sky130_fd_sc_hd__buf_1)
    10    0.04    0.22    0.26   23.02 v accumulator._1895_/X (sky130_fd_sc_hd__buf_1)
                                         accumulator._0992_ (net)
                  0.22    0.00   23.02 v accumulator._1912_/A (sky130_fd_sc_hd__nor2_2)
     1    0.01    0.13    0.21   23.23 ^ accumulator._1912_/Y (sky130_fd_sc_hd__nor2_2)
                                         accumulator._1009_ (net)
                  0.13    0.00   23.23 ^ accumulator._1913_/B (sky130_fd_sc_hd__xor2_2)
     5    0.02    0.29    0.30   23.53 ^ accumulator._1913_/X (sky130_fd_sc_hd__xor2_2)
                                         accumulator._1010_ (net)
                  0.29    0.00   23.53 ^ accumulator._2072_/B1 (sky130_fd_sc_hd__o21ai_2)
     1    0.01    0.08    0.11   23.64 v accumulator._2072_/Y (sky130_fd_sc_hd__o21ai_2)
                                         accumulator._1169_ (net)
                  0.08    0.00   23.64 v accumulator._2073_/A2 (sky130_fd_sc_hd__a21oi_2)
     1    0.00    0.11    0.16   23.80 ^ accumulator._2073_/Y (sky130_fd_sc_hd__a21oi_2)
                                         accumulator._1170_ (net)
                  0.11    0.00   23.80 ^ accumulator._2074_/A2 (sky130_fd_sc_hd__o21ai_2)
     1    0.00    0.06    0.06   23.86 v accumulator._2074_/Y (sky130_fd_sc_hd__o21ai_2)
                                         accumulator._1171_ (net)
                  0.06    0.00   23.86 v accumulator._2075_/A2 (sky130_fd_sc_hd__a21o_2)
     1    0.01    0.04    0.23   24.08 v accumulator._2075_/X (sky130_fd_sc_hd__a21o_2)
                                         accumulator._1172_ (net)
                  0.04    0.00   24.08 v accumulator._2076_/A2 (sky130_fd_sc_hd__a21oi_2)
     1    0.01    0.11    0.14   24.23 ^ accumulator._2076_/Y (sky130_fd_sc_hd__a21oi_2)
                                         accumulator._1173_ (net)
                  0.11    0.00   24.23 ^ accumulator._2077_/A2 (sky130_fd_sc_hd__o21ai_2)
     1    0.00    0.07    0.07   24.29 v accumulator._2077_/Y (sky130_fd_sc_hd__o21ai_2)
                                         accumulator._1174_ (net)
                  0.07    0.00   24.29 v accumulator._2078_/A2 (sky130_fd_sc_hd__a21oi_2)
     1    0.00    0.10    0.15   24.45 ^ accumulator._2078_/Y (sky130_fd_sc_hd__a21oi_2)
                                         accumulator._1175_ (net)
                  0.10    0.00   24.45 ^ accumulator._2079_/A2 (sky130_fd_sc_hd__o21bai_2)
     1    0.00    0.06    0.06   24.51 v accumulator._2079_/Y (sky130_fd_sc_hd__o21bai_2)
                                         accumulator._1176_ (net)
                  0.06    0.00   24.51 v accumulator._2082_/A2 (sky130_fd_sc_hd__a21o_2)
     6    0.02    0.07    0.27   24.78 v accumulator._2082_/X (sky130_fd_sc_hd__a21o_2)
                                         accumulator._1180_ (net)
                  0.07    0.00   24.79 v accumulator._2083_/B (sky130_fd_sc_hd__nand2_2)
     8    0.03    0.16    0.17   24.96 ^ accumulator._2083_/Y (sky130_fd_sc_hd__nand2_2)
                                         accumulator._1181_ (net)
                  0.16    0.00   24.96 ^ accumulator._2086_/A (sky130_fd_sc_hd__buf_1)
    10    0.04    0.44    0.40   25.36 ^ accumulator._2086_/X (sky130_fd_sc_hd__buf_1)
                                         accumulator._1184_ (net)
                  0.44    0.00   25.36 ^ accumulator._2259_/S (sky130_fd_sc_hd__mux2_2)
     2    0.01    0.06    0.42   25.78 v accumulator._2259_/X (sky130_fd_sc_hd__mux2_2)
                                         accumulator._0193_ (net)
                  0.06    0.00   25.78 v accumulator._2260_/A1 (sky130_fd_sc_hd__mux2_2)
     2    0.01    0.06    0.30   26.08 v accumulator._2260_/X (sky130_fd_sc_hd__mux2_2)
                                         accumulator._0194_ (net)
                  0.06    0.00   26.08 v accumulator._2297_/A0 (sky130_fd_sc_hd__mux2_2)
     1    0.00    0.05    0.27   26.35 v accumulator._2297_/X (sky130_fd_sc_hd__mux2_2)
                                         accumulator._0231_ (net)
                  0.05    0.00   26.35 v accumulator._2298_/A1 (sky130_fd_sc_hd__mux2_2)
     1    0.00    0.05    0.28   26.64 v accumulator._2298_/X (sky130_fd_sc_hd__mux2_2)
                                         accumulator._0232_ (net)
                  0.05    0.00   26.64 v accumulator._2300_/A3 (sky130_fd_sc_hd__o311a_2)
     1    0.00    0.05    0.34   26.97 v accumulator._2300_/X (sky130_fd_sc_hd__o311a_2)
                                         accumulator._0021_ (net)
                  0.05    0.00   26.97 v accumulator._2420_/D (sky130_fd_sc_hd__dfxtp_2)
                                 26.97   data arrival time

                  0.15   25.00   25.00   clock clock (rise edge)
                          0.00   25.00   clock network delay (ideal)
                         -0.25   24.75   clock uncertainty
                          0.00   24.75   clock reconvergence pessimism
                                 24.75 ^ accumulator._2420_/CLK (sky130_fd_sc_hd__dfxtp_2)
                         -0.09   24.66   library setup time
                                 24.66   data required time
-----------------------------------------------------------------------------
                                 24.66   data required time
                                -26.97   data arrival time
-----------------------------------------------------------------------------
                                 -2.31   slack (VIOLATED)




===========================================================================
 report_check_types -max_slew -max_cap -max_fanout -violators
============================================================================
======================= Typical Corner ===================================


max slew violations count Typical: 0
max fanout violations count Typical: 0
max cap violations count Typical: 0

===========================================================================
report_parasitic_annotation -report_unannotated
============================================================================
Found 8 unannotated drivers.
 clock
 io_inScaleB[0]
 io_inScaleB[1]
 io_inScaleB[2]
 io_inScaleB[3]
 io_inScaleB[4]
 io_inScaleB[5]
 operator._30_/HI
Found 0 partially unannotated drivers.

===========================================================================
max slew violation count 0
max fanout violation count 0
max cap violation count 0
============================================================================

===========================================================================
check_setup -verbose -unconstrained_endpoints -multiple_clock -no_clock -no_input_delay -loops -generated_clocks
===========================================================================
