Startpoint: reset (input port clocked by CORE_CLK)
Endpoint: _068_ (recovery check against rising-edge clock CORE_CLK)
Path Group: asynchronous
Path Type: max

    Delay      Time   Description
-------------------------------------------------------------
   0.0000    0.0000   clock CORE_CLK (rise edge)
   0.0000    0.0000   clock network delay (ideal)
   0.0000    0.0000 ^ input external delay
   0.0000    0.0000 ^ reset (in)
   0.0000    0.0000 ^ _068_/CDN (DFCNQD1BWP30P140)
             0.0000   data arrival time

  20.0000   20.0000   clock CORE_CLK (rise edge)
   0.0000   20.0000   clock network delay (ideal)
  -0.0500   19.9500   clock uncertainty
   0.0000   19.9500   clock reconvergence pessimism
            19.9500 ^ _068_/CP (DFCNQD1BWP30P140)
   0.0258   19.9758   library recovery time
            19.9758   data required time
-------------------------------------------------------------
            19.9758   data required time
            -0.0000   data arrival time
-------------------------------------------------------------
            19.9758   slack (MET)


Startpoint: io_op_a_i[3] (input port clocked by CORE_CLK)
Endpoint: _070_ (rising edge-triggered flip-flop clocked by CORE_CLK)
Path Group: CORE_CLK
Path Type: max

    Delay      Time   Description
-------------------------------------------------------------
   0.0000    0.0000   clock CORE_CLK (rise edge)
   0.0000    0.0000   clock network delay (ideal)
   0.0000    0.0000 ^ input external delay
   0.0000    0.0000 ^ io_op_a_i[3] (in)
   0.0141    0.0141 ^ reducedSum_op/_053_/Z (OR2D0BWP30P140)
   0.0123    0.0264 v reducedSum_op/_054_/ZN (NR3D0BWP30P140)
   0.0213    0.0477 ^ reducedSum_op/_058_/ZN (NR2D0BWP30P140)
   0.0183    0.0660 v reducedSum_op/_059_/ZN (OAI21D0BWP30P140)
   0.0276    0.0935 v reducedSum_op/_060_/Z (OR2D0BWP30P140)
   0.0189    0.1125 v reducedSum_op/_069_/ZN (XNR2UD0BWP30P140)
   0.0658    0.1783 v reducedSum_sa/_123_/Z (XOR3UD0BWP30P140)
   0.0611    0.2394 v reducedSum_sa/_137_/Z (XOR3UD0BWP30P140)
   0.0211    0.2605 ^ reducedSum_sa/_138_/ZN (NR2D0BWP30P140)
   0.0197    0.2802 v reducedSum_sa/_140_/ZN (OAI21D0BWP30P140)
   0.0253    0.3055 ^ reducedSum_sa/_142_/ZN (AOI21D0BWP30P140)
   0.0216    0.3270 v reducedSum_sa/_144_/ZN (OAI21D0BWP30P140)
   0.0207    0.3478 v reducedSum_sa/_165_/Z (AN3D0BWP30P140)
   0.0179    0.3656 ^ reducedSum_sa/_166_/ZN (NR2D0BWP30P140)
   0.0324    0.3980 ^ reducedSum_reduced_nextLevel_adder/_430_/ZN (XNR2UD0BWP30P140)
   0.0295    0.4276 v reducedSum_reduced_nextLevel_adder/_432_/ZN (OAI211D0BWP30P140)
   0.0348    0.4624 ^ reducedSum_reduced_nextLevel_adder/_434_/ZN (AOI31D0BWP30P140)
   0.0312    0.4935 ^ reducedSum_reduced_nextLevel_adder/_435_/Z (AO21D0BWP30P140)
   0.0177    0.5112 ^ reducedSum_reduced_nextLevel_adder/_447_/ZN (XNR2UD0BWP30P140)
   0.0392    0.5504 v reducedSum_reduced_nextLevel_adder/_456_/ZN (AOI32D0BWP30P140)
   0.2213    0.7716 ^ reducedSum_reduced_nextLevel_adder/_497_/ZN (AOI21D0BWP30P140)
   0.0392    0.8109 ^ reducedSum_reduced_nextLevel_adder/_501_/ZN (MUX2ND0BWP30P140)
   0.0426    0.8535 v reducedSum_reduced_nextLevel_adder/_540_/ZN (MUX4ND0BWP30P140)
   0.0427    0.8962 ^ reducedSum_reduced_nextLevel_adder/_544_/ZN (AOI211D0BWP30P140)
   0.0435    0.9397 v reducedSum_reduced_nextLevel_adder/_547_/ZN (OAI222D0BWP30P140)
   0.0330    0.9727 ^ reducedSum_reduced_nextLevel_adder/_614_/ZN (OAI31D0BWP30P140)
   0.0163    0.9890 v reducedSum_reduced_nextLevel_adder/_615_/ZN (AOI21D0BWP30P140)
   0.0184    1.0074 ^ reducedSum_reduced_nextLevel_adder/_617_/ZN (OAI21D0BWP30P140)
   0.0232    1.0306 ^ reducedSum_reduced_nextLevel_adder/_619_/Z (AO21D0BWP30P140)
   0.0225    1.0531 ^ reducedSum_reduced_nextLevel_adder/_621_/Z (AO21D0BWP30P140)
   0.0159    1.0690 v reducedSum_reduced_nextLevel_adder/_624_/ZN (AOI211D0BWP30P140)
   0.0260    1.0950 ^ reducedSum_reduced_nextLevel_adder/_625_/ZN (OAI32D0BWP30P140)
   0.0175    1.1124 v reducedSum_reduced_nextLevel_adder/_630_/ZN (AOI211D0BWP30P140)
   0.1202    1.2326 ^ reducedSum_reduced_nextLevel_adder/_631_/ZN (AOI211D0BWP30P140)
   0.0286    1.2612 ^ reducedSum_reduced_nextLevel_adder/_661_/ZN (MUX2ND0BWP30P140)
   0.0473    1.3085 v reducedSum_reduced_nextLevel_adder/_662_/ZN (ND4D0BWP30P140)
   0.0250    1.3335 ^ reducedSum_reduced_nextLevel_adder/_673_/ZN (NR3D0BWP30P140)
   0.0312    1.3647 v reducedSum_reduced_nextLevel_adder/_687_/ZN (ND3D0BWP30P140)
   0.0525    1.4172 v reducedSum_reduced_nextLevel_adder/_743_/ZN (IND4D0BWP30P140)
   0.0210    1.4382 ^ reducedSum_reduced_nextLevel_adder/_767_/ZN (CKND2D0BWP30P140)
   0.0302    1.4685 ^ reducedSum_reduced_nextLevel_adder/_768_/ZN (XNR2UD0BWP30P140)
   0.0299    1.4983 v reducedSum_reduced_nextLevel_adder_16/_396_/ZN (XNR2UD0BWP30P140)
   0.0332    1.5315 ^ reducedSum_reduced_nextLevel_adder_16/_397_/ZN (AOI21D0BWP30P140)
   0.0356    1.5671 ^ reducedSum_reduced_nextLevel_adder_16/_402_/Z (OA211D0BWP30P140)
   0.0214    1.5885 v reducedSum_reduced_nextLevel_adder_16/_405_/ZN (OAI31D0BWP30P140)
   0.0266    1.6151 ^ reducedSum_reduced_nextLevel_adder_16/_432_/ZN (OAI211D0BWP30P140)
   0.0309    1.6460 v reducedSum_reduced_nextLevel_adder_16/_434_/ZN (AOI31D0BWP30P140)
   0.0416    1.6876 ^ reducedSum_reduced_nextLevel_adder_16/_436_/ZN (AOI211D0BWP30P140)
   0.0242    1.7118 ^ reducedSum_reduced_nextLevel_adder_16/_441_/Z (OR3D0BWP30P140)
   0.0306    1.7423 v reducedSum_reduced_nextLevel_adder_16/_456_/ZN (AOI32D0BWP30P140)
   0.2213    1.9636 ^ reducedSum_reduced_nextLevel_adder_16/_497_/ZN (AOI21D0BWP30P140)
   0.0392    2.0028 ^ reducedSum_reduced_nextLevel_adder_16/_501_/ZN (MUX2ND0BWP30P140)
   0.0426    2.0455 v reducedSum_reduced_nextLevel_adder_16/_540_/ZN (MUX4ND0BWP30P140)
   0.0356    2.0811 ^ reducedSum_reduced_nextLevel_adder_16/_587_/ZN (AOI22D0BWP30P140)
   0.0424    2.1235 v reducedSum_reduced_nextLevel_adder_16/_588_/ZN (OAI32D0BWP30P140)
   0.0384    2.1618 ^ reducedSum_reduced_nextLevel_adder_16/_591_/ZN (MAOI222D0BWP30P140)
   0.0254    2.1873 v reducedSum_reduced_nextLevel_adder_16/_592_/ZN (MAOI222D0BWP30P140)
   0.0286    2.2158 ^ reducedSum_reduced_nextLevel_adder_16/_593_/ZN (OAI21D0BWP30P140)
   0.0259    2.2417 v reducedSum_reduced_nextLevel_adder_16/_594_/ZN (MAOI222D0BWP30P140)
   0.0257    2.2674 ^ reducedSum_reduced_nextLevel_adder_16/_595_/ZN (OAI211D0BWP30P140)
   0.0212    2.2886 v reducedSum_reduced_nextLevel_adder_16/_598_/ZN (AOI31D0BWP30P140)
   0.0226    2.3112 ^ reducedSum_reduced_nextLevel_adder_16/_601_/ZN (OAI21D0BWP30P140)
   0.0139    2.3251 v reducedSum_reduced_nextLevel_adder_16/_602_/ZN (NR2D0BWP30P140)
   0.1272    2.4522 ^ reducedSum_reduced_nextLevel_adder_16/_631_/ZN (AOI211D0BWP30P140)
   0.0286    2.4808 ^ reducedSum_reduced_nextLevel_adder_16/_661_/ZN (MUX2ND0BWP30P140)
   0.0473    2.5281 v reducedSum_reduced_nextLevel_adder_16/_662_/ZN (ND4D0BWP30P140)
   0.0250    2.5531 ^ reducedSum_reduced_nextLevel_adder_16/_673_/ZN (NR3D0BWP30P140)
   0.0312    2.5843 v reducedSum_reduced_nextLevel_adder_16/_687_/ZN (ND3D0BWP30P140)
   0.0525    2.6368 v reducedSum_reduced_nextLevel_adder_16/_743_/ZN (IND4D0BWP30P140)
   0.0210    2.6578 ^ reducedSum_reduced_nextLevel_adder_16/_767_/ZN (CKND2D0BWP30P140)
   0.0302    2.6881 ^ reducedSum_reduced_nextLevel_adder_16/_768_/ZN (XNR2UD0BWP30P140)
   0.0299    2.7179 v reducedSum_reduced_nextLevel_adder_24/_396_/ZN (XNR2UD0BWP30P140)
   0.0332    2.7511 ^ reducedSum_reduced_nextLevel_adder_24/_397_/ZN (AOI21D0BWP30P140)
   0.0356    2.7867 ^ reducedSum_reduced_nextLevel_adder_24/_402_/Z (OA211D0BWP30P140)
   0.0214    2.8080 v reducedSum_reduced_nextLevel_adder_24/_405_/ZN (OAI31D0BWP30P140)
   0.0266    2.8347 ^ reducedSum_reduced_nextLevel_adder_24/_432_/ZN (OAI211D0BWP30P140)
   0.0309    2.8656 v reducedSum_reduced_nextLevel_adder_24/_434_/ZN (AOI31D0BWP30P140)
   0.0416    2.9072 ^ reducedSum_reduced_nextLevel_adder_24/_436_/ZN (AOI211D0BWP30P140)
   0.0242    2.9314 ^ reducedSum_reduced_nextLevel_adder_24/_441_/Z (OR3D0BWP30P140)
   0.0306    2.9619 v reducedSum_reduced_nextLevel_adder_24/_456_/ZN (AOI32D0BWP30P140)
   0.2213    3.1832 ^ reducedSum_reduced_nextLevel_adder_24/_497_/ZN (AOI21D0BWP30P140)
   0.0392    3.2224 ^ reducedSum_reduced_nextLevel_adder_24/_501_/ZN (MUX2ND0BWP30P140)
   0.0426    3.2651 v reducedSum_reduced_nextLevel_adder_24/_540_/ZN (MUX4ND0BWP30P140)
   0.0356    3.3007 ^ reducedSum_reduced_nextLevel_adder_24/_587_/ZN (AOI22D0BWP30P140)
   0.0424    3.3431 v reducedSum_reduced_nextLevel_adder_24/_588_/ZN (OAI32D0BWP30P140)
   0.0384    3.3814 ^ reducedSum_reduced_nextLevel_adder_24/_591_/ZN (MAOI222D0BWP30P140)
   0.0254    3.4069 v reducedSum_reduced_nextLevel_adder_24/_592_/ZN (MAOI222D0BWP30P140)
   0.0286    3.4354 ^ reducedSum_reduced_nextLevel_adder_24/_593_/ZN (OAI21D0BWP30P140)
   0.0259    3.4613 v reducedSum_reduced_nextLevel_adder_24/_594_/ZN (MAOI222D0BWP30P140)
   0.0257    3.4870 ^ reducedSum_reduced_nextLevel_adder_24/_595_/ZN (OAI211D0BWP30P140)
   0.0212    3.5082 v reducedSum_reduced_nextLevel_adder_24/_598_/ZN (AOI31D0BWP30P140)
   0.0226    3.5308 ^ reducedSum_reduced_nextLevel_adder_24/_601_/ZN (OAI21D0BWP30P140)
   0.0139    3.5447 v reducedSum_reduced_nextLevel_adder_24/_602_/ZN (NR2D0BWP30P140)
   0.1272    3.6718 ^ reducedSum_reduced_nextLevel_adder_24/_631_/ZN (AOI211D0BWP30P140)
   0.0286    3.7004 ^ reducedSum_reduced_nextLevel_adder_24/_661_/ZN (MUX2ND0BWP30P140)
   0.0473    3.7477 v reducedSum_reduced_nextLevel_adder_24/_662_/ZN (ND4D0BWP30P140)
   0.0250    3.7727 ^ reducedSum_reduced_nextLevel_adder_24/_673_/ZN (NR3D0BWP30P140)
   0.0312    3.8039 v reducedSum_reduced_nextLevel_adder_24/_687_/ZN (ND3D0BWP30P140)
   0.0525    3.8564 v reducedSum_reduced_nextLevel_adder_24/_743_/ZN (IND4D0BWP30P140)
   0.0210    3.8774 ^ reducedSum_reduced_nextLevel_adder_24/_767_/ZN (CKND2D0BWP30P140)
   0.0302    3.9077 ^ reducedSum_reduced_nextLevel_adder_24/_768_/ZN (XNR2UD0BWP30P140)
   0.0299    3.9375 v reducedSum_reduced_nextLevel_adder_28/_396_/ZN (XNR2UD0BWP30P140)
   0.0332    3.9707 ^ reducedSum_reduced_nextLevel_adder_28/_397_/ZN (AOI21D0BWP30P140)
   0.0356    4.0063 ^ reducedSum_reduced_nextLevel_adder_28/_402_/Z (OA211D0BWP30P140)
   0.0214    4.0276 v reducedSum_reduced_nextLevel_adder_28/_405_/ZN (OAI31D0BWP30P140)
   0.0266    4.0543 ^ reducedSum_reduced_nextLevel_adder_28/_432_/ZN (OAI211D0BWP30P140)
   0.0309    4.0852 v reducedSum_reduced_nextLevel_adder_28/_434_/ZN (AOI31D0BWP30P140)
   0.0416    4.1268 ^ reducedSum_reduced_nextLevel_adder_28/_436_/ZN (AOI211D0BWP30P140)
   0.0242    4.1510 ^ reducedSum_reduced_nextLevel_adder_28/_441_/Z (OR3D0BWP30P140)
   0.0306    4.1815 v reducedSum_reduced_nextLevel_adder_28/_456_/ZN (AOI32D0BWP30P140)
   0.2213    4.4028 ^ reducedSum_reduced_nextLevel_adder_28/_497_/ZN (AOI21D0BWP30P140)
   0.0392    4.4420 ^ reducedSum_reduced_nextLevel_adder_28/_501_/ZN (MUX2ND0BWP30P140)
   0.0426    4.4847 v reducedSum_reduced_nextLevel_adder_28/_540_/ZN (MUX4ND0BWP30P140)
   0.0356    4.5203 ^ reducedSum_reduced_nextLevel_adder_28/_587_/ZN (AOI22D0BWP30P140)
   0.0424    4.5627 v reducedSum_reduced_nextLevel_adder_28/_588_/ZN (OAI32D0BWP30P140)
   0.0384    4.6010 ^ reducedSum_reduced_nextLevel_adder_28/_591_/ZN (MAOI222D0BWP30P140)
   0.0254    4.6264 v reducedSum_reduced_nextLevel_adder_28/_592_/ZN (MAOI222D0BWP30P140)
   0.0286    4.6550 ^ reducedSum_reduced_nextLevel_adder_28/_593_/ZN (OAI21D0BWP30P140)
   0.0259    4.6809 v reducedSum_reduced_nextLevel_adder_28/_594_/ZN (MAOI222D0BWP30P140)
   0.0257    4.7066 ^ reducedSum_reduced_nextLevel_adder_28/_595_/ZN (OAI211D0BWP30P140)
   0.0212    4.7278 v reducedSum_reduced_nextLevel_adder_28/_598_/ZN (AOI31D0BWP30P140)
   0.0226    4.7504 ^ reducedSum_reduced_nextLevel_adder_28/_601_/ZN (OAI21D0BWP30P140)
   0.0139    4.7643 v reducedSum_reduced_nextLevel_adder_28/_602_/ZN (NR2D0BWP30P140)
   0.1272    4.8914 ^ reducedSum_reduced_nextLevel_adder_28/_631_/ZN (AOI211D0BWP30P140)
   0.0286    4.9200 ^ reducedSum_reduced_nextLevel_adder_28/_661_/ZN (MUX2ND0BWP30P140)
   0.0473    4.9673 v reducedSum_reduced_nextLevel_adder_28/_662_/ZN (ND4D0BWP30P140)
   0.0250    4.9923 ^ reducedSum_reduced_nextLevel_adder_28/_673_/ZN (NR3D0BWP30P140)
   0.0312    5.0235 v reducedSum_reduced_nextLevel_adder_28/_687_/ZN (ND3D0BWP30P140)
   0.0525    5.0760 v reducedSum_reduced_nextLevel_adder_28/_743_/ZN (IND4D0BWP30P140)
   0.0210    5.0970 ^ reducedSum_reduced_nextLevel_adder_28/_767_/ZN (CKND2D0BWP30P140)
   0.0302    5.1272 ^ reducedSum_reduced_nextLevel_adder_28/_768_/ZN (XNR2UD0BWP30P140)
   0.0299    5.1571 v reducedSum_reduced_nextLevel_adder_30/_396_/ZN (XNR2UD0BWP30P140)
   0.0332    5.1903 ^ reducedSum_reduced_nextLevel_adder_30/_397_/ZN (AOI21D0BWP30P140)
   0.0356    5.2259 ^ reducedSum_reduced_nextLevel_adder_30/_402_/Z (OA211D0BWP30P140)
   0.0214    5.2472 v reducedSum_reduced_nextLevel_adder_30/_405_/ZN (OAI31D0BWP30P140)
   0.0266    5.2738 ^ reducedSum_reduced_nextLevel_adder_30/_432_/ZN (OAI211D0BWP30P140)
   0.0309    5.3048 v reducedSum_reduced_nextLevel_adder_30/_434_/ZN (AOI31D0BWP30P140)
   0.0416    5.3464 ^ reducedSum_reduced_nextLevel_adder_30/_436_/ZN (AOI211D0BWP30P140)
   0.0242    5.3706 ^ reducedSum_reduced_nextLevel_adder_30/_441_/Z (OR3D0BWP30P140)
   0.0306    5.4011 v reducedSum_reduced_nextLevel_adder_30/_456_/ZN (AOI32D0BWP30P140)
   0.2213    5.6224 ^ reducedSum_reduced_nextLevel_adder_30/_497_/ZN (AOI21D0BWP30P140)
   0.0392    5.6616 ^ reducedSum_reduced_nextLevel_adder_30/_501_/ZN (MUX2ND0BWP30P140)
   0.0426    5.7043 v reducedSum_reduced_nextLevel_adder_30/_540_/ZN (MUX4ND0BWP30P140)
   0.0356    5.7399 ^ reducedSum_reduced_nextLevel_adder_30/_587_/ZN (AOI22D0BWP30P140)
   0.0424    5.7823 v reducedSum_reduced_nextLevel_adder_30/_588_/ZN (OAI32D0BWP30P140)
   0.0384    5.8206 ^ reducedSum_reduced_nextLevel_adder_30/_591_/ZN (MAOI222D0BWP30P140)
   0.0254    5.8460 v reducedSum_reduced_nextLevel_adder_30/_592_/ZN (MAOI222D0BWP30P140)
   0.0286    5.8746 ^ reducedSum_reduced_nextLevel_adder_30/_593_/ZN (OAI21D0BWP30P140)
   0.0259    5.9005 v reducedSum_reduced_nextLevel_adder_30/_594_/ZN (MAOI222D0BWP30P140)
   0.0257    5.9262 ^ reducedSum_reduced_nextLevel_adder_30/_595_/ZN (OAI211D0BWP30P140)
   0.0212    5.9474 v reducedSum_reduced_nextLevel_adder_30/_598_/ZN (AOI31D0BWP30P140)
   0.0226    5.9700 ^ reducedSum_reduced_nextLevel_adder_30/_601_/ZN (OAI21D0BWP30P140)
   0.0139    5.9839 v reducedSum_reduced_nextLevel_adder_30/_602_/ZN (NR2D0BWP30P140)
   0.1272    6.1110 ^ reducedSum_reduced_nextLevel_adder_30/_631_/ZN (AOI211D0BWP30P140)
   0.0286    6.1396 ^ reducedSum_reduced_nextLevel_adder_30/_661_/ZN (MUX2ND0BWP30P140)
   0.0473    6.1869 v reducedSum_reduced_nextLevel_adder_30/_662_/ZN (ND4D0BWP30P140)
   0.0250    6.2119 ^ reducedSum_reduced_nextLevel_adder_30/_673_/ZN (NR3D0BWP30P140)
   0.0312    6.2431 v reducedSum_reduced_nextLevel_adder_30/_687_/ZN (ND3D0BWP30P140)
   0.0525    6.2956 v reducedSum_reduced_nextLevel_adder_30/_743_/ZN (IND4D0BWP30P140)
   0.0210    6.3166 ^ reducedSum_reduced_nextLevel_adder_30/_767_/ZN (CKND2D0BWP30P140)
   0.0203    6.3369 v reducedSum_reduced_nextLevel_adder_30/_768_/ZN (XNR2UD0BWP30P140)
   0.0130    6.3499 ^ reducedSum_conv/_105_/ZN (CKND0BWP30P140)
   0.0426    6.3925 ^ reducedSum_conv/_126_/Z (OA211D0BWP30P140)
   0.0205    6.4130 ^ reducedSum_conv/_138_/ZN (XNR2UD0BWP30P140)
   0.0403    6.4533 v reducedSum_conv/_139_/ZN (OAI221D0BWP30P140)
   0.0371    6.4904 ^ reducedSum_conv/_140_/ZN (AOI21D0BWP30P140)
   0.0280    6.5183 v reducedSum_conv/_145_/ZN (OAI211D0BWP30P140)
   0.0404    6.5587 ^ reducedSum_conv/_148_/ZN (OAI31D0BWP30P140)
   0.0252    6.5839 v reducedSum_conv/_150_/ZN (AOI31D0BWP30P140)
   0.0184    6.6023 ^ reducedSum_conv/_153_/ZN (NR3D0BWP30P140)
   0.0632    6.6655 v reducedSum_conv/_171_/ZN (OAI31D0BWP30P140)
   0.0579    6.7234 ^ reducedSum_conv/_188_/ZN (AOI21D0BWP30P140)
   0.0258    6.7491 v accAdder/_0897_/ZN (XNR2UD0BWP30P140)
   0.0314    6.7805 ^ accAdder/_0899_/ZN (AOI21D0BWP30P140)
   0.0301    6.8106 v accAdder/_0901_/ZN (MAOI222D0BWP30P140)
   0.0367    6.8473 ^ accAdder/_0902_/ZN (MAOI222D0BWP30P140)
   0.0303    6.8775 v accAdder/_0903_/ZN (MAOI222D0BWP30P140)
   0.0367    6.9142 ^ accAdder/_0966_/ZN (MAOI222D0BWP30P140)
   0.0303    6.9445 v accAdder/_0968_/ZN (MAOI222D0BWP30P140)
   0.0266    6.9711 v accAdder/_0970_/ZN (XNR2UD0BWP30P140)
   0.0212    6.9923 ^ accAdder/_0971_/ZN (NR2D0BWP30P140)
   0.0257    7.0180 ^ accAdder/_0972_/Z (AN2D0BWP30P140)
   0.4170    7.4350 v accAdder/_0975_/ZN (AOI31D0BWP30P140)
   0.4192    7.8542 ^ accAdder/_0991_/ZN (AOI22D0BWP30P140)
   0.0318    7.8861 v accAdder/_1063_/ZN (CKND2D0BWP30P140)
   0.0370    7.9230 ^ accAdder/_1188_/ZN (OAI32D0BWP30P140)
   0.0151    7.9381 v accAdder/_1189_/ZN (AOI21D0BWP30P140)
   0.0396    7.9777 ^ accAdder/_1191_/ZN (OAI221D0BWP30P140)
   0.0211    7.9988 v accAdder/_1196_/ZN (OAI31D0BWP30P140)
   0.0222    8.0211 ^ accAdder/_1198_/ZN (AOI21D0BWP30P140)
   0.0256    8.0466 v accAdder/_1200_/ZN (MAOI222D0BWP30P140)
   0.0396    8.0863 ^ accAdder/_1202_/ZN (MAOI222D0BWP30P140)
   0.0257    8.1120 v accAdder/_1204_/ZN (MAOI222D0BWP30P140)
   0.0277    8.1397 ^ accAdder/_1206_/ZN (AOI21D0BWP30P140)
   0.0253    8.1650 ^ accAdder/_1209_/ZN (IAO21D0BWP30P140)
   0.0247    8.1896 v accAdder/_1211_/ZN (MAOI222D0BWP30P140)
   0.0395    8.2292 ^ accAdder/_1213_/ZN (MAOI222D0BWP30P140)
   0.0265    8.2556 v accAdder/_1221_/ZN (MAOI222D0BWP30P140)
   0.0354    8.2910 v accAdder/_1232_/Z (AO21D0BWP30P140)
   0.0261    8.3171 ^ accAdder/_1242_/ZN (MAOI222D0BWP30P140)
   0.0265    8.3436 v accAdder/_1255_/ZN (MAOI222D0BWP30P140)
   0.0315    8.3751 v accAdder/_1259_/Z (AO21D0BWP30P140)
   0.0182    8.3933 ^ accAdder/_1276_/ZN (AOI21D0BWP30P140)
   0.0258    8.4191 v accAdder/_1280_/ZN (MAOI222D0BWP30P140)
   0.0391    8.4582 ^ accAdder/_1296_/ZN (MAOI222D0BWP30P140)
   0.0262    8.4844 v accAdder/_1300_/ZN (MAOI222D0BWP30P140)
   0.0304    8.5148 ^ accAdder/_1318_/ZN (AOI21D0BWP30P140)
   0.0249    8.5397 v accAdder/_1322_/ZN (MAOI222D0BWP30P140)
   0.0364    8.5762 v accAdder/_1345_/Z (AO21D0BWP30P140)
   0.0156    8.5918 ^ accAdder/_1353_/ZN (MUX2ND0BWP30P140)
   0.0347    8.6266 ^ accAdder/_1354_/ZN (XNR2UD0BWP30P140)
   0.0288    8.6553 ^ accAdder/_1453_/ZN (MAOI22D0BWP30P140)
   0.1281    8.7834 v accAdder/_1456_/ZN (OAI211D0BWP30P140)
   0.0886    8.8720 ^ accAdder/_1531_/Z (MUX4D0BWP30P140)
   0.0194    8.8914 v accAdder/_1534_/ZN (MUX3ND0BWP30P140)
   0.0405    8.9320 ^ accAdder/_1568_/ZN (NR2D0BWP30P140)
   0.0507    8.9826 ^ accAdder/_1577_/ZN (INR4D0BWP30P140)
   0.0510    9.0337 ^ accAdder/_1582_/Z (AN4D0BWP30P140)
   0.0395    9.0732 ^ accAdder/_1590_/Z (AN4D0BWP30P140)
   0.0406    9.1137 ^ accAdder/_1601_/Z (AN4D0BWP30P140)
   0.0349    9.1486 ^ accAdder/_1603_/Z (AN3D0BWP30P140)
   0.0271    9.1757 v accAdder/_1605_/ZN (IND3D0BWP30P140)
   0.0379    9.2137 v accAdder/_1606_/Z (OR3D0BWP30P140)
   0.0368    9.2505 ^ accAdder/_1608_/ZN (INR3D0BWP30P140)
   0.0364    9.2869 v accAdder/_1611_/ZN (MAOI222D0BWP30P140)
   0.0357    9.3226 ^ accAdder/_1616_/ZN (NR4D0BWP30P140)
   0.0219    9.3445 v accAdder/_1619_/ZN (OAI31D0BWP30P140)
   0.0327    9.3772 v accAdder/_1621_/Z (AO21D0BWP30P140)
   0.0312    9.4084 ^ accAdder/_1623_/ZN (AOI21D0BWP30P140)
   0.0237    9.4321 v accAdder/_1626_/ZN (OAI21D0BWP30P140)
   0.0215    9.4535 v accAdder/_1658_/Z (AN3D0BWP30P140)
   0.0613    9.5148 v accAdder/_1659_/Z (OR3D0BWP30P140)
   0.0420    9.5568 ^ accAdder/_1703_/ZN (AOI211D0BWP30P140)
   0.0261    9.5829 ^ _060_/Z (AO22D0BWP30P140)
   0.0000    9.5829 ^ _070_/D (DFCNQD1BWP30P140)
             9.5829   data arrival time

  20.0000   20.0000   clock CORE_CLK (rise edge)
   0.0000   20.0000   clock network delay (ideal)
  -0.0500   19.9500   clock uncertainty
   0.0000   19.9500   clock reconvergence pessimism
            19.9500 ^ _070_/CP (DFCNQD1BWP30P140)
  -0.0174   19.9326   library setup time
            19.9326   data required time
-------------------------------------------------------------
            19.9326   data required time
            -9.5829   data arrival time
-------------------------------------------------------------
            10.3498   slack (MET)


