
===========================================================================
report_checks -unconstrained
===========================================================================
======================= Fastest Corner ===================================

Startpoint: io_inScaleA[7] (input port clocked by clock)
Endpoint: accumulator._2369_ (rising edge-triggered flip-flop clocked by clock)
Path Group: clock
Path Type: max
Corner: Fastest

Fanout     Cap    Slew   Delay    Time   Description
-----------------------------------------------------------------------------
                          0.00    0.00   clock clock (rise edge)
                          0.00    0.00   clock network delay (propagated)
                          5.00    5.00 v input external delay
     1    0.00    0.00    0.00    5.00 v io_inScaleA[7] (in)
                                         io_inScaleA[7] (net)
                  0.00    0.00    5.00 v input16/A (sky130_fd_sc_hd__clkbuf_2)
     5    0.02    0.06    0.10    5.10 v input16/X (sky130_fd_sc_hd__clkbuf_2)
                                         net16 (net)
                  0.06    0.00    5.10 v scaleAdd._280_/A1 (sky130_fd_sc_hd__o31a_1)
     3    0.01    0.06    0.23    5.33 v scaleAdd._280_/X (sky130_fd_sc_hd__o31a_1)
                                         scaleAdd._222_ (net)
                  0.06    0.00    5.33 v scaleAdd._282_/A2 (sky130_fd_sc_hd__a21o_1)
     3    0.01    0.05    0.16    5.49 v scaleAdd._282_/X (sky130_fd_sc_hd__a21o_1)
                                         scaleAdd._224_ (net)
                  0.05    0.00    5.49 v scaleAdd._284_/A1 (sky130_fd_sc_hd__a21oi_4)
     3    0.02    0.12    0.13    5.62 ^ scaleAdd._284_/Y (sky130_fd_sc_hd__a21oi_4)
                                         scaleAdd._226_ (net)
                  0.12    0.00    5.62 ^ scaleAdd._287_/A (sky130_fd_sc_hd__xnor2_2)
     1    0.01    0.05    0.06    5.69 v scaleAdd._287_/Y (sky130_fd_sc_hd__xnor2_2)
                                         scaleAdd._229_ (net)
                  0.05    0.00    5.69 v scaleAdd._288_/A (sky130_fd_sc_hd__xnor2_2)
     3    0.02    0.07    0.13    5.82 v scaleAdd._288_/Y (sky130_fd_sc_hd__xnor2_2)
                                         scaleAdd._230_ (net)
                  0.07    0.00    5.82 v scaleAdd._346_/A2 (sky130_fd_sc_hd__a21o_1)
     1    0.01    0.03    0.14    5.96 v scaleAdd._346_/X (sky130_fd_sc_hd__a21o_1)
                                         scaleAdd._052_ (net)
                  0.03    0.00    5.96 v scaleAdd._348_/A2 (sky130_fd_sc_hd__a21o_4)
     2    0.03    0.04    0.17    6.12 v scaleAdd._348_/X (sky130_fd_sc_hd__a21o_4)
                                         scaleAdd._054_ (net)
                  0.04    0.00    6.13 v scaleAdd._349_/A (sky130_fd_sc_hd__xor2_4)
     5    0.02    0.16    0.18    6.31 ^ scaleAdd._349_/X (sky130_fd_sc_hd__xor2_4)
                                         scaleAdd._055_ (net)
                  0.16    0.00    6.31 ^ scaleAdd._350_/A (sky130_fd_sc_hd__nand3_2)
     3    0.01    0.06    0.06    6.37 v scaleAdd._350_/Y (sky130_fd_sc_hd__nand3_2)
                                         scaleAdd._056_ (net)
                  0.06    0.00    6.37 v scaleAdd._353_/B (sky130_fd_sc_hd__and3_1)
     3    0.01    0.04    0.14    6.51 v scaleAdd._353_/X (sky130_fd_sc_hd__and3_1)
                                         scaleAdd._059_ (net)
                  0.04    0.00    6.51 v scaleAdd._355_/B (sky130_fd_sc_hd__or3_4)
     3    0.01    0.05    0.24    6.75 v scaleAdd._355_/X (sky130_fd_sc_hd__or3_4)
                                         scaleAdd._061_ (net)
                  0.05    0.00    6.75 v scaleAdd._359_/A1 (sky130_fd_sc_hd__a21o_1)
     2    0.01    0.04    0.12    6.87 v scaleAdd._359_/X (sky130_fd_sc_hd__a21o_1)
                                         scaleAdd._065_ (net)
                  0.04    0.00    6.87 v scaleAdd._383_/A2 (sky130_fd_sc_hd__a21o_1)
     2    0.01    0.03    0.13    6.99 v scaleAdd._383_/X (sky130_fd_sc_hd__a21o_1)
                                         scaleAdd._088_ (net)
                  0.03    0.00    6.99 v scaleAdd._399_/A1 (sky130_fd_sc_hd__a21o_1)
     2    0.01    0.05    0.13    7.13 v scaleAdd._399_/X (sky130_fd_sc_hd__a21o_1)
                                         scaleAdd._103_ (net)
                  0.05    0.00    7.13 v scaleAdd._417_/A1 (sky130_fd_sc_hd__a21bo_1)
     2    0.01    0.04    0.13    7.26 v scaleAdd._417_/X (sky130_fd_sc_hd__a21bo_1)
                                         scaleAdd._120_ (net)
                  0.04    0.00    7.26 v scaleAdd._432_/A1 (sky130_fd_sc_hd__a21o_1)
     2    0.01    0.04    0.12    7.38 v scaleAdd._432_/X (sky130_fd_sc_hd__a21o_1)
                                         scaleAdd._134_ (net)
                  0.04    0.00    7.38 v scaleAdd._444_/A1 (sky130_fd_sc_hd__a21o_1)
     2    0.01    0.04    0.12    7.50 v scaleAdd._444_/X (sky130_fd_sc_hd__a21o_1)
                                         scaleAdd._145_ (net)
                  0.04    0.00    7.50 v scaleAdd._447_/A1 (sky130_fd_sc_hd__a21o_1)
     2    0.01    0.03    0.11    7.61 v scaleAdd._447_/X (sky130_fd_sc_hd__a21o_1)
                                         scaleAdd._147_ (net)
                  0.03    0.00    7.61 v rebuffer19/A (sky130_fd_sc_hd__clkbuf_2)
     1    0.01    0.03    0.08    7.69 v rebuffer19/X (sky130_fd_sc_hd__clkbuf_2)
                                         net77 (net)
                  0.03    0.00    7.69 v scaleAdd._448_/A (sky130_fd_sc_hd__xor2_2)
     4    0.01    0.06    0.13    7.82 v scaleAdd._448_/X (sky130_fd_sc_hd__xor2_2)
                                         accumulator.io_inMant[14] (net)
                  0.06    0.00    7.82 v accumulator._1181_/A (sky130_fd_sc_hd__or4_4)
     1    0.01    0.06    0.35    8.17 v accumulator._1181_/X (sky130_fd_sc_hd__or4_4)
                                         accumulator._0045_ (net)
                  0.06    0.00    8.17 v accumulator._1182_/A (sky130_fd_sc_hd__buf_8)
     8    0.03    0.03    0.11    8.28 v accumulator._1182_/X (sky130_fd_sc_hd__buf_8)
                                         accumulator._0055_ (net)
                  0.03    0.00    8.28 v accumulator._1200_/A_N (sky130_fd_sc_hd__and2b_1)
     3    0.01    0.06    0.14    8.42 ^ accumulator._1200_/X (sky130_fd_sc_hd__and2b_1)
                                         accumulator._0232_ (net)
                  0.06    0.00    8.42 ^ accumulator._1201_/B1_N (sky130_fd_sc_hd__o21ba_4)
     3    0.01    0.03    0.11    8.53 v accumulator._1201_/X (sky130_fd_sc_hd__o21ba_4)
                                         accumulator._0241_ (net)
                  0.03    0.00    8.53 v accumulator._1202_/A (sky130_fd_sc_hd__and2_4)
     3    0.01    0.03    0.10    8.63 v accumulator._1202_/X (sky130_fd_sc_hd__and2_4)
                                         accumulator._0251_ (net)
                  0.03    0.00    8.63 v accumulator._1204_/B (sky130_fd_sc_hd__or2_4)
     3    0.01    0.04    0.15    8.78 v accumulator._1204_/X (sky130_fd_sc_hd__or2_4)
                                         accumulator._0271_ (net)
                  0.04    0.00    8.78 v accumulator._1205_/A (sky130_fd_sc_hd__inv_2)
     3    0.01    0.04    0.05    8.83 ^ accumulator._1205_/Y (sky130_fd_sc_hd__inv_2)
                                         accumulator._0281_ (net)
                  0.04    0.00    8.83 ^ accumulator._1218_/A1 (sky130_fd_sc_hd__a311o_1)
     3    0.01    0.09    0.13    8.96 ^ accumulator._1218_/X (sky130_fd_sc_hd__a311o_1)
                                         accumulator._0315_ (net)
                  0.09    0.00    8.96 ^ rebuffer25/A (sky130_fd_sc_hd__clkbuf_1)
     1    0.00    0.03    0.06    9.02 ^ rebuffer25/X (sky130_fd_sc_hd__clkbuf_1)
                                         net83 (net)
                  0.03    0.00    9.02 ^ rebuffer10/A (sky130_fd_sc_hd__clkbuf_2)
     1    0.00    0.02    0.06    9.09 ^ rebuffer10/X (sky130_fd_sc_hd__clkbuf_2)
                                         net68 (net)
                  0.02    0.00    9.09 ^ rebuffer8/A (sky130_fd_sc_hd__clkbuf_1)
     1    0.01    0.05    0.07    9.16 ^ rebuffer8/X (sky130_fd_sc_hd__clkbuf_1)
                                         net66 (net)
                  0.05    0.00    9.16 ^ accumulator._1219_/A (sky130_fd_sc_hd__nand3_2)
     2    0.01    0.06    0.05    9.20 v accumulator._1219_/Y (sky130_fd_sc_hd__nand3_2)
                                         accumulator._0316_ (net)
                  0.06    0.00    9.20 v accumulator._1228_/A2 (sky130_fd_sc_hd__a211o_1)
     2    0.01    0.05    0.21    9.42 v accumulator._1228_/X (sky130_fd_sc_hd__a211o_1)
                                         accumulator._0325_ (net)
                  0.05    0.00    9.42 v accumulator._1242_/A2 (sky130_fd_sc_hd__o22a_1)
     3    0.01    0.05    0.15    9.56 v accumulator._1242_/X (sky130_fd_sc_hd__o22a_1)
                                         accumulator._0339_ (net)
                  0.05    0.00    9.56 v accumulator._1243_/A (sky130_fd_sc_hd__buf_4)
    10    0.04    0.05    0.13    9.69 v accumulator._1243_/X (sky130_fd_sc_hd__buf_4)
                                         accumulator._0340_ (net)
                  0.05    0.00    9.69 v accumulator._1249_/B1 (sky130_fd_sc_hd__a21o_4)
     3    0.03    0.05    0.12    9.81 v accumulator._1249_/X (sky130_fd_sc_hd__a21o_4)
                                         accumulator._0346_ (net)
                  0.05    0.00    9.82 v accumulator._1250_/B (sky130_fd_sc_hd__xor2_4)
     3    0.03    0.20    0.20   10.01 ^ accumulator._1250_/X (sky130_fd_sc_hd__xor2_4)
                                         accumulator._0347_ (net)
                  0.20    0.00   10.01 ^ accumulator._1259_/A2 (sky130_fd_sc_hd__a21o_4)
     2    0.02    0.05    0.12   10.14 ^ accumulator._1259_/X (sky130_fd_sc_hd__a21o_4)
                                         accumulator._0356_ (net)
                  0.05    0.00   10.14 ^ accumulator._1264_/A2 (sky130_fd_sc_hd__a21o_1)
     2    0.01    0.04    0.09   10.22 ^ accumulator._1264_/X (sky130_fd_sc_hd__a21o_1)
                                         accumulator._0361_ (net)
                  0.04    0.00   10.22 ^ accumulator._1266_/A1 (sky130_fd_sc_hd__a21o_1)
     2    0.01    0.04    0.08   10.30 ^ accumulator._1266_/X (sky130_fd_sc_hd__a21o_1)
                                         accumulator._0363_ (net)
                  0.04    0.00   10.30 ^ accumulator._1272_/A1 (sky130_fd_sc_hd__a21o_1)
     2    0.02    0.13    0.15   10.45 ^ accumulator._1272_/X (sky130_fd_sc_hd__a21o_1)
                                         accumulator._0369_ (net)
                  0.13    0.00   10.45 ^ accumulator._1278_/A1 (sky130_fd_sc_hd__a21oi_4)
     3    0.02    0.05    0.05   10.51 v accumulator._1278_/Y (sky130_fd_sc_hd__a21oi_4)
                                         accumulator._0375_ (net)
                  0.05    0.00   10.51 v rebuffer21/A (sky130_fd_sc_hd__buf_6)
     2    0.02    0.02    0.10   10.60 v rebuffer21/X (sky130_fd_sc_hd__buf_6)
                                         net79 (net)
                  0.02    0.00   10.60 v accumulator._1289_/B (sky130_fd_sc_hd__xnor2_4)
     9    0.06    0.35    0.29   10.89 ^ accumulator._1289_/Y (sky130_fd_sc_hd__xnor2_4)
                                         accumulator._0386_ (net)
                  0.35    0.01   10.90 ^ accumulator._1330_/S (sky130_fd_sc_hd__mux2_4)
     6    0.03    0.06    0.23   11.13 v accumulator._1330_/X (sky130_fd_sc_hd__mux2_4)
                                         accumulator._0425_ (net)
                  0.06    0.00   11.13 v clone38/A (sky130_fd_sc_hd__buf_4)
     5    0.02    0.03    0.12   11.25 v clone38/X (sky130_fd_sc_hd__buf_4)
                                         net96 (net)
                  0.03    0.00   11.25 v accumulator._1526_/A1 (sky130_fd_sc_hd__a21o_1)
     2    0.01    0.04    0.12   11.37 v accumulator._1526_/X (sky130_fd_sc_hd__a21o_1)
                                         accumulator._0621_ (net)
                  0.04    0.00   11.37 v accumulator._1527_/A2 (sky130_fd_sc_hd__a21o_1)
     2    0.01    0.03    0.13   11.50 v accumulator._1527_/X (sky130_fd_sc_hd__a21o_1)
                                         accumulator._0622_ (net)
                  0.03    0.00   11.50 v accumulator._1528_/C (sky130_fd_sc_hd__and3_1)
     2    0.01    0.05    0.15   11.64 v accumulator._1528_/X (sky130_fd_sc_hd__and3_1)
                                         accumulator._0623_ (net)
                  0.05    0.00   11.64 v accumulator._1644_/A2 (sky130_fd_sc_hd__o311ai_4)
     3    0.02    0.24    0.26   11.90 ^ accumulator._1644_/Y (sky130_fd_sc_hd__o311ai_4)
                                         accumulator._0739_ (net)
                  0.24    0.00   11.90 ^ accumulator._1716_/A (sky130_fd_sc_hd__nand3_2)
     2    0.01    0.07    0.06   11.96 v accumulator._1716_/Y (sky130_fd_sc_hd__nand3_2)
                                         accumulator._0811_ (net)
                  0.07    0.00   11.96 v accumulator._1736_/A1 (sky130_fd_sc_hd__a2111o_4)
     5    0.02    0.07    0.34   12.30 v accumulator._1736_/X (sky130_fd_sc_hd__a2111o_4)
                                         accumulator._0831_ (net)
                  0.07    0.00   12.30 v accumulator._1738_/A1 (sky130_fd_sc_hd__a21o_1)
     3    0.01    0.04    0.14   12.43 v accumulator._1738_/X (sky130_fd_sc_hd__a21o_1)
                                         accumulator._0833_ (net)
                  0.04    0.00   12.43 v accumulator._1744_/A1 (sky130_fd_sc_hd__a2111o_1)
     3    0.01    0.07    0.27   12.70 v accumulator._1744_/X (sky130_fd_sc_hd__a2111o_1)
                                         accumulator._0839_ (net)
                  0.07    0.00   12.70 v accumulator._1748_/A1 (sky130_fd_sc_hd__a2111o_1)
     2    0.01    0.05    0.26   12.96 v accumulator._1748_/X (sky130_fd_sc_hd__a2111o_1)
                                         accumulator._0843_ (net)
                  0.05    0.00   12.96 v accumulator._1751_/A1 (sky130_fd_sc_hd__a21o_1)
     2    0.01    0.04    0.13   13.09 v accumulator._1751_/X (sky130_fd_sc_hd__a21o_1)
                                         accumulator._0846_ (net)
                  0.04    0.00   13.09 v accumulator._1773_/A1 (sky130_fd_sc_hd__a21o_1)
     2    0.01    0.04    0.12   13.21 v accumulator._1773_/X (sky130_fd_sc_hd__a21o_1)
                                         accumulator._0868_ (net)
                  0.04    0.00   13.21 v accumulator._1798_/A1 (sky130_fd_sc_hd__a311o_1)
     2    0.01    0.06    0.20   13.41 v accumulator._1798_/X (sky130_fd_sc_hd__a311o_1)
                                         accumulator._0893_ (net)
                  0.06    0.00   13.41 v accumulator._1814_/A2 (sky130_fd_sc_hd__a21o_1)
     2    0.01    0.05    0.16   13.57 v accumulator._1814_/X (sky130_fd_sc_hd__a21o_1)
                                         accumulator._0909_ (net)
                  0.05    0.00   13.57 v accumulator._1821_/A2 (sky130_fd_sc_hd__a21o_1)
     3    0.01    0.05    0.15   13.72 v accumulator._1821_/X (sky130_fd_sc_hd__a21o_1)
                                         accumulator._0916_ (net)
                  0.05    0.00   13.72 v accumulator._1926_/A2 (sky130_fd_sc_hd__a21o_1)
     3    0.01    0.06    0.16   13.88 v accumulator._1926_/X (sky130_fd_sc_hd__a21o_1)
                                         accumulator._1021_ (net)
                  0.06    0.00   13.88 v accumulator._2045_/S (sky130_fd_sc_hd__mux2_4)
     4    0.02    0.05    0.23   14.11 v accumulator._2045_/X (sky130_fd_sc_hd__mux2_4)
                                         accumulator._1140_ (net)
                  0.05    0.00   14.11 v accumulator._2059_/B2 (sky130_fd_sc_hd__a221oi_2)
     1    0.00    0.11    0.13   14.24 ^ accumulator._2059_/Y (sky130_fd_sc_hd__a221oi_2)
                                         accumulator._1155_ (net)
                  0.11    0.00   14.24 ^ accumulator._2060_/A1 (sky130_fd_sc_hd__o21ai_1)
     1    0.01    0.06    0.06   14.31 v accumulator._2060_/Y (sky130_fd_sc_hd__o21ai_1)
                                         accumulator._1156_ (net)
                  0.06    0.00   14.31 v accumulator._2061_/A1 (sky130_fd_sc_hd__a21o_1)
     1    0.00    0.02    0.11   14.42 v accumulator._2061_/X (sky130_fd_sc_hd__a21o_1)
                                         accumulator._1157_ (net)
                  0.02    0.00   14.42 v accumulator._2062_/A1 (sky130_fd_sc_hd__a21o_1)
     1    0.00    0.02    0.10   14.51 v accumulator._2062_/X (sky130_fd_sc_hd__a21o_1)
                                         accumulator._1158_ (net)
                  0.02    0.00   14.51 v accumulator._2063_/A1 (sky130_fd_sc_hd__a21o_1)
     1    0.00    0.02    0.10   14.61 v accumulator._2063_/X (sky130_fd_sc_hd__a21o_1)
                                         accumulator._1159_ (net)
                  0.02    0.00   14.61 v accumulator._2064_/A1 (sky130_fd_sc_hd__a21o_1)
     1    0.00    0.03    0.10   14.71 v accumulator._2064_/X (sky130_fd_sc_hd__a21o_1)
                                         accumulator._1160_ (net)
                  0.03    0.00   14.71 v accumulator._2065_/A1 (sky130_fd_sc_hd__a21oi_1)
     1    0.00    0.09    0.09   14.81 ^ accumulator._2065_/Y (sky130_fd_sc_hd__a21oi_1)
                                         accumulator._1161_ (net)
                  0.09    0.00   14.81 ^ accumulator._2067_/A1 (sky130_fd_sc_hd__o21ai_1)
     1    0.00    0.05    0.05   14.86 v accumulator._2067_/Y (sky130_fd_sc_hd__o21ai_1)
                                         accumulator._1163_ (net)
                  0.05    0.00   14.86 v accumulator._2068_/A1 (sky130_fd_sc_hd__a21o_1)
     1    0.00    0.02    0.11   14.97 v accumulator._2068_/X (sky130_fd_sc_hd__a21o_1)
                                         accumulator._1164_ (net)
                  0.02    0.00   14.97 v accumulator._2069_/A1 (sky130_fd_sc_hd__a21o_1)
     1    0.01    0.03    0.11   15.07 v accumulator._2069_/X (sky130_fd_sc_hd__a21o_1)
                                         accumulator._1165_ (net)
                  0.03    0.00   15.07 v accumulator._2070_/A1 (sky130_fd_sc_hd__a211o_1)
     1    0.01    0.04    0.17   15.24 v accumulator._2070_/X (sky130_fd_sc_hd__a211o_1)
                                         accumulator._1167_ (net)
                  0.04    0.00   15.24 v accumulator._2073_/B2 (sky130_fd_sc_hd__a2bb2o_4)
     4    0.04    0.05    0.17   15.42 v accumulator._2073_/X (sky130_fd_sc_hd__a2bb2o_4)
                                         accumulator._1170_ (net)
                  0.05    0.00   15.42 v clone43/A (sky130_fd_sc_hd__clkbuf_16)
     5    0.02    0.03    0.12   15.54 v clone43/X (sky130_fd_sc_hd__clkbuf_16)
                                         net101 (net)
                  0.03    0.00   15.54 v accumulator._2198_/S (sky130_fd_sc_hd__mux2_2)
     2    0.01    0.04    0.17   15.71 v accumulator._2198_/X (sky130_fd_sc_hd__mux2_2)
                                         accumulator._0152_ (net)
                  0.04    0.00   15.71 v accumulator._2199_/A1 (sky130_fd_sc_hd__mux2_4)
     2    0.01    0.05    0.17   15.88 v accumulator._2199_/X (sky130_fd_sc_hd__mux2_4)
                                         accumulator._0153_ (net)
                  0.05    0.00   15.88 v accumulator._2200_/A1 (sky130_fd_sc_hd__mux2_4)
     2    0.01    0.04    0.16   16.04 v accumulator._2200_/X (sky130_fd_sc_hd__mux2_4)
                                         accumulator._0155_ (net)
                  0.04    0.00   16.04 v accumulator._2201_/B (sky130_fd_sc_hd__or2_4)
     1    0.00    0.03    0.14   16.19 v accumulator._2201_/X (sky130_fd_sc_hd__or2_4)
                                         accumulator._0156_ (net)
                  0.03    0.00   16.19 v accumulator._2205_/A2 (sky130_fd_sc_hd__a211o_1)
     1    0.01    0.06    0.22   16.41 v accumulator._2205_/X (sky130_fd_sc_hd__a211o_1)
                                         accumulator._0160_ (net)
                  0.06    0.00   16.41 v accumulator._2206_/C1 (sky130_fd_sc_hd__o211a_1)
     1    0.00    0.03    0.08   16.49 v accumulator._2206_/X (sky130_fd_sc_hd__o211a_1)
                                         accumulator._0014_ (net)
                  0.03    0.00   16.49 v accumulator._2369_/D (sky130_fd_sc_hd__dfxtp_1)
                                 16.49   data arrival time

                         25.00   25.00   clock clock (rise edge)
                          0.00   25.00   clock source latency
     1    0.02    0.06    0.04   25.04 ^ clock (in)
                                         clock (net)
                  0.06    0.00   25.04 ^ clkbuf_0_clock/A (sky130_fd_sc_hd__clkbuf_16)
     4    0.04    0.05    0.10   25.14 ^ clkbuf_0_clock/X (sky130_fd_sc_hd__clkbuf_16)
                                         clknet_0_clock (net)
                  0.05    0.00   25.14 ^ clkbuf_2_0__f_clock/A (sky130_fd_sc_hd__clkbuf_16)
    11    0.04    0.04    0.09   25.24 ^ clkbuf_2_0__f_clock/X (sky130_fd_sc_hd__clkbuf_16)
                                         clknet_2_0__leaf_clock (net)
                  0.04    0.00   25.24 ^ accumulator._2369_/CLK (sky130_fd_sc_hd__dfxtp_1)
                         -0.25   24.99   clock uncertainty
                          0.00   24.99   clock reconvergence pessimism
                         -0.07   24.92   library setup time
                                 24.92   data required time
-----------------------------------------------------------------------------
                                 24.92   data required time
                                -16.49   data arrival time
-----------------------------------------------------------------------------
                                  8.43   slack (MET)



======================= Slowest Corner ===================================

Startpoint: io_inScaleA[7] (input port clocked by clock)
Endpoint: accumulator._2365_ (rising edge-triggered flip-flop clocked by clock)
Path Group: clock
Path Type: max
Corner: Slowest

Fanout     Cap    Slew   Delay    Time   Description
-----------------------------------------------------------------------------
                          0.00    0.00   clock clock (rise edge)
                          0.00    0.00   clock network delay (propagated)
                          5.00    5.00 v input external delay
     1    0.00    0.02    0.01    5.01 v io_inScaleA[7] (in)
                                         io_inScaleA[7] (net)
                  0.02    0.00    5.01 v input16/A (sky130_fd_sc_hd__clkbuf_2)
     5    0.02    0.15    0.26    5.27 v input16/X (sky130_fd_sc_hd__clkbuf_2)
                                         net16 (net)
                  0.15    0.00    5.27 v scaleAdd._280_/A1 (sky130_fd_sc_hd__o31a_1)
     3    0.01    0.16    0.70    5.97 v scaleAdd._280_/X (sky130_fd_sc_hd__o31a_1)
                                         scaleAdd._222_ (net)
                  0.16    0.00    5.97 v scaleAdd._282_/A2 (sky130_fd_sc_hd__a21o_1)
     3    0.01    0.14    0.46    6.43 v scaleAdd._282_/X (sky130_fd_sc_hd__a21o_1)
                                         scaleAdd._224_ (net)
                  0.14    0.00    6.43 v scaleAdd._284_/A1 (sky130_fd_sc_hd__a21oi_4)
     3    0.02    0.25    0.33    6.76 ^ scaleAdd._284_/Y (sky130_fd_sc_hd__a21oi_4)
                                         scaleAdd._226_ (net)
                  0.25    0.00    6.76 ^ scaleAdd._287_/A (sky130_fd_sc_hd__xnor2_2)
     1    0.01    0.27    0.32    7.07 ^ scaleAdd._287_/Y (sky130_fd_sc_hd__xnor2_2)
                                         scaleAdd._229_ (net)
                  0.27    0.00    7.07 ^ scaleAdd._288_/A (sky130_fd_sc_hd__xnor2_2)
     3    0.02    0.21    0.32    7.39 v scaleAdd._288_/Y (sky130_fd_sc_hd__xnor2_2)
                                         scaleAdd._230_ (net)
                  0.21    0.00    7.39 v scaleAdd._346_/A2 (sky130_fd_sc_hd__a21o_1)
     1    0.01    0.08    0.42    7.81 v scaleAdd._346_/X (sky130_fd_sc_hd__a21o_1)
                                         scaleAdd._052_ (net)
                  0.08    0.00    7.81 v scaleAdd._348_/A2 (sky130_fd_sc_hd__a21o_4)
     2    0.03    0.11    0.48    8.29 v scaleAdd._348_/X (sky130_fd_sc_hd__a21o_4)
                                         scaleAdd._054_ (net)
                  0.11    0.00    8.29 v scaleAdd._349_/A (sky130_fd_sc_hd__xor2_4)
     5    0.02    0.16    0.39    8.68 v scaleAdd._349_/X (sky130_fd_sc_hd__xor2_4)
                                         scaleAdd._055_ (net)
                  0.16    0.00    8.68 v scaleAdd._351_/A1 (sky130_fd_sc_hd__a21o_1)
     2    0.01    0.08    0.36    9.05 v scaleAdd._351_/X (sky130_fd_sc_hd__a21o_1)
                                         scaleAdd._057_ (net)
                  0.08    0.00    9.05 v scaleAdd._353_/A (sky130_fd_sc_hd__and3_1)
     3    0.01    0.12    0.36    9.41 v scaleAdd._353_/X (sky130_fd_sc_hd__and3_1)
                                         scaleAdd._059_ (net)
                  0.12    0.00    9.41 v scaleAdd._355_/B (sky130_fd_sc_hd__or3_4)
     3    0.01    0.13    0.78   10.20 v scaleAdd._355_/X (sky130_fd_sc_hd__or3_4)
                                         scaleAdd._061_ (net)
                  0.13    0.00   10.20 v scaleAdd._359_/A1 (sky130_fd_sc_hd__a21o_1)
     2    0.01    0.09    0.36   10.56 v scaleAdd._359_/X (sky130_fd_sc_hd__a21o_1)
                                         scaleAdd._065_ (net)
                  0.09    0.00   10.56 v scaleAdd._383_/A2 (sky130_fd_sc_hd__a21o_1)
     2    0.01    0.08    0.37   10.92 v scaleAdd._383_/X (sky130_fd_sc_hd__a21o_1)
                                         scaleAdd._088_ (net)
                  0.08    0.00   10.92 v scaleAdd._399_/A1 (sky130_fd_sc_hd__a21o_1)
     2    0.01    0.14    0.39   11.31 v scaleAdd._399_/X (sky130_fd_sc_hd__a21o_1)
                                         scaleAdd._103_ (net)
                  0.14    0.00   11.31 v scaleAdd._417_/A1 (sky130_fd_sc_hd__a21bo_1)
     2    0.01    0.09    0.39   11.70 v scaleAdd._417_/X (sky130_fd_sc_hd__a21bo_1)
                                         scaleAdd._120_ (net)
                  0.09    0.00   11.70 v scaleAdd._432_/A1 (sky130_fd_sc_hd__a21o_1)
     2    0.01    0.11    0.36   12.06 v scaleAdd._432_/X (sky130_fd_sc_hd__a21o_1)
                                         scaleAdd._134_ (net)
                  0.11    0.00   12.06 v scaleAdd._444_/A1 (sky130_fd_sc_hd__a21o_1)
     2    0.01    0.10    0.36   12.42 v scaleAdd._444_/X (sky130_fd_sc_hd__a21o_1)
                                         scaleAdd._145_ (net)
                  0.10    0.00   12.42 v scaleAdd._447_/A1 (sky130_fd_sc_hd__a21o_1)
     2    0.01    0.08    0.33   12.75 v scaleAdd._447_/X (sky130_fd_sc_hd__a21o_1)
                                         scaleAdd._147_ (net)
                  0.08    0.00   12.75 v rebuffer19/A (sky130_fd_sc_hd__clkbuf_2)
     1    0.01    0.09    0.23   12.98 v rebuffer19/X (sky130_fd_sc_hd__clkbuf_2)
                                         net77 (net)
                  0.09    0.00   12.98 v scaleAdd._448_/A (sky130_fd_sc_hd__xor2_2)
     4    0.01    0.15    0.37   13.35 v scaleAdd._448_/X (sky130_fd_sc_hd__xor2_2)
                                         accumulator.io_inMant[14] (net)
                  0.15    0.00   13.35 v accumulator._1181_/A (sky130_fd_sc_hd__or4_4)
     1    0.01    0.17    1.15   14.50 v accumulator._1181_/X (sky130_fd_sc_hd__or4_4)
                                         accumulator._0045_ (net)
                  0.17    0.00   14.50 v accumulator._1182_/A (sky130_fd_sc_hd__buf_8)
     8    0.03    0.06    0.29   14.79 v accumulator._1182_/X (sky130_fd_sc_hd__buf_8)
                                         accumulator._0055_ (net)
                  0.06    0.00   14.80 v accumulator._1200_/A_N (sky130_fd_sc_hd__and2b_1)
     3    0.01    0.12    0.43   15.22 ^ accumulator._1200_/X (sky130_fd_sc_hd__and2b_1)
                                         accumulator._0232_ (net)
                  0.12    0.00   15.22 ^ accumulator._1201_/B1_N (sky130_fd_sc_hd__o21ba_4)
     3    0.01    0.08    0.34   15.56 v accumulator._1201_/X (sky130_fd_sc_hd__o21ba_4)
                                         accumulator._0241_ (net)
                  0.08    0.00   15.56 v accumulator._1202_/A (sky130_fd_sc_hd__and2_4)
     3    0.01    0.06    0.27   15.83 v accumulator._1202_/X (sky130_fd_sc_hd__and2_4)
                                         accumulator._0251_ (net)
                  0.06    0.00   15.83 v accumulator._1204_/B (sky130_fd_sc_hd__or2_4)
     3    0.01    0.10    0.48   16.31 v accumulator._1204_/X (sky130_fd_sc_hd__or2_4)
                                         accumulator._0271_ (net)
                  0.10    0.00   16.31 v accumulator._1205_/A (sky130_fd_sc_hd__inv_2)
     3    0.01    0.08    0.12   16.43 ^ accumulator._1205_/Y (sky130_fd_sc_hd__inv_2)
                                         accumulator._0281_ (net)
                  0.08    0.00   16.43 ^ accumulator._1218_/A1 (sky130_fd_sc_hd__a311o_1)
     3    0.01    0.20    0.43   16.86 ^ accumulator._1218_/X (sky130_fd_sc_hd__a311o_1)
                                         accumulator._0315_ (net)
                  0.20    0.00   16.86 ^ rebuffer25/A (sky130_fd_sc_hd__clkbuf_1)
     1    0.00    0.07    0.21   17.07 ^ rebuffer25/X (sky130_fd_sc_hd__clkbuf_1)
                                         net83 (net)
                  0.07    0.00   17.07 ^ rebuffer10/A (sky130_fd_sc_hd__clkbuf_2)
     1    0.00    0.05    0.18   17.24 ^ rebuffer10/X (sky130_fd_sc_hd__clkbuf_2)
                                         net68 (net)
                  0.05    0.00   17.24 ^ rebuffer8/A (sky130_fd_sc_hd__clkbuf_1)
     1    0.01    0.11    0.18   17.43 ^ rebuffer8/X (sky130_fd_sc_hd__clkbuf_1)
                                         net66 (net)
                  0.11    0.00   17.43 ^ accumulator._1219_/A (sky130_fd_sc_hd__nand3_2)
     2    0.01    0.17    0.17   17.60 v accumulator._1219_/Y (sky130_fd_sc_hd__nand3_2)
                                         accumulator._0316_ (net)
                  0.17    0.00   17.60 v accumulator._1228_/A2 (sky130_fd_sc_hd__a211o_1)
     2    0.01    0.12    0.65   18.24 v accumulator._1228_/X (sky130_fd_sc_hd__a211o_1)
                                         accumulator._0325_ (net)
                  0.12    0.00   18.24 v rebuffer12/A (sky130_fd_sc_hd__dlygate4sd1_1)
     2    0.00    0.07    0.53   18.77 v rebuffer12/X (sky130_fd_sc_hd__dlygate4sd1_1)
                                         net70 (net)
                  0.07    0.00   18.77 v accumulator._1273_/A (sky130_fd_sc_hd__or4_1)
     1    0.01    0.30    1.47   20.24 v accumulator._1273_/X (sky130_fd_sc_hd__or4_1)
                                         accumulator._0370_ (net)
                  0.30    0.00   20.24 v accumulator._1274_/B (sky130_fd_sc_hd__and2b_1)
     3    0.01    0.12    0.52   20.76 v accumulator._1274_/X (sky130_fd_sc_hd__and2b_1)
                                         accumulator._0371_ (net)
                  0.12    0.00   20.76 v accumulator._1276_/B (sky130_fd_sc_hd__and2b_1)
     1    0.01    0.09    0.39   21.14 v accumulator._1276_/X (sky130_fd_sc_hd__and2b_1)
                                         accumulator._0373_ (net)
                  0.09    0.00   21.14 v accumulator._1277_/B (sky130_fd_sc_hd__nor2_2)
     2    0.02    0.37    0.35   21.49 ^ accumulator._1277_/Y (sky130_fd_sc_hd__nor2_2)
                                         accumulator._0374_ (net)
                  0.37    0.00   21.49 ^ accumulator._1278_/A2 (sky130_fd_sc_hd__a21oi_4)
     3    0.02    0.12    0.25   21.74 v accumulator._1278_/Y (sky130_fd_sc_hd__a21oi_4)
                                         accumulator._0375_ (net)
                  0.12    0.00   21.74 v rebuffer21/A (sky130_fd_sc_hd__buf_6)
     2    0.02    0.06    0.26   22.00 v rebuffer21/X (sky130_fd_sc_hd__buf_6)
                                         net79 (net)
                  0.06    0.00   22.01 v accumulator._1289_/B (sky130_fd_sc_hd__xnor2_4)
     9    0.06    0.71    0.64   22.64 ^ accumulator._1289_/Y (sky130_fd_sc_hd__xnor2_4)
                                         accumulator._0386_ (net)
                  0.71    0.01   22.65 ^ accumulator._1330_/S (sky130_fd_sc_hd__mux2_4)
     6    0.03    0.14    0.86   23.51 v accumulator._1330_/X (sky130_fd_sc_hd__mux2_4)
                                         accumulator._0425_ (net)
                  0.14    0.00   23.51 v accumulator._1395_/A (sky130_fd_sc_hd__buf_6)
    10    0.04    0.08    0.30   23.81 v accumulator._1395_/X (sky130_fd_sc_hd__buf_6)
                                         accumulator._0490_ (net)
                  0.08    0.00   23.81 v accumulator._1546_/A2 (sky130_fd_sc_hd__a31o_1)
     3    0.01    0.14    0.48   24.29 v accumulator._1546_/X (sky130_fd_sc_hd__a31o_1)
                                         accumulator._0641_ (net)
                  0.14    0.00   24.29 v accumulator._1547_/B (sky130_fd_sc_hd__or2_1)
     2    0.01    0.17    0.61   24.89 v accumulator._1547_/X (sky130_fd_sc_hd__or2_1)
                                         accumulator._0642_ (net)
                  0.17    0.00   24.89 v accumulator._1548_/A2 (sky130_fd_sc_hd__a21o_1)
     2    0.01    0.10    0.42   25.31 v accumulator._1548_/X (sky130_fd_sc_hd__a21o_1)
                                         accumulator._0643_ (net)
                  0.10    0.00   25.31 v accumulator._1728_/A1 (sky130_fd_sc_hd__a21oi_2)
     1    0.01    0.25    0.31   25.62 ^ accumulator._1728_/Y (sky130_fd_sc_hd__a21oi_2)
                                         accumulator._0823_ (net)
                  0.25    0.00   25.62 ^ accumulator._1735_/A3 (sky130_fd_sc_hd__o32ai_4)
     3    0.03    0.22    0.29   25.92 v accumulator._1735_/Y (sky130_fd_sc_hd__o32ai_4)
                                         accumulator._0830_ (net)
                  0.22    0.00   25.92 v accumulator._1736_/B1 (sky130_fd_sc_hd__a2111o_4)
     5    0.02    0.17    1.05   26.97 v accumulator._1736_/X (sky130_fd_sc_hd__a2111o_4)
                                         accumulator._0831_ (net)
                  0.17    0.00   26.97 v accumulator._1738_/A1 (sky130_fd_sc_hd__a21o_1)
     3    0.01    0.11    0.40   27.36 v accumulator._1738_/X (sky130_fd_sc_hd__a21o_1)
                                         accumulator._0833_ (net)
                  0.11    0.00   27.36 v accumulator._1744_/A1 (sky130_fd_sc_hd__a2111o_1)
     3    0.01    0.20    0.88   28.24 v accumulator._1744_/X (sky130_fd_sc_hd__a2111o_1)
                                         accumulator._0839_ (net)
                  0.20    0.00   28.24 v accumulator._1748_/A1 (sky130_fd_sc_hd__a2111o_1)
     2    0.01    0.14    0.85   29.09 v accumulator._1748_/X (sky130_fd_sc_hd__a2111o_1)
                                         accumulator._0843_ (net)
                  0.14    0.00   29.09 v accumulator._1751_/A1 (sky130_fd_sc_hd__a21o_1)
     2    0.01    0.11    0.38   29.47 v accumulator._1751_/X (sky130_fd_sc_hd__a21o_1)
                                         accumulator._0846_ (net)
                  0.11    0.00   29.47 v accumulator._1773_/A1 (sky130_fd_sc_hd__a21o_1)
     2    0.01    0.09    0.35   29.82 v accumulator._1773_/X (sky130_fd_sc_hd__a21o_1)
                                         accumulator._0868_ (net)
                  0.09    0.00   29.82 v accumulator._1798_/A1 (sky130_fd_sc_hd__a311o_1)
     2    0.01    0.16    0.62   30.45 v accumulator._1798_/X (sky130_fd_sc_hd__a311o_1)
                                         accumulator._0893_ (net)
                  0.16    0.00   30.45 v accumulator._1814_/A2 (sky130_fd_sc_hd__a21o_1)
     2    0.01    0.14    0.46   30.90 v accumulator._1814_/X (sky130_fd_sc_hd__a21o_1)
                                         accumulator._0909_ (net)
                  0.14    0.00   30.90 v accumulator._1821_/A2 (sky130_fd_sc_hd__a21o_1)
     3    0.01    0.12    0.43   31.34 v accumulator._1821_/X (sky130_fd_sc_hd__a21o_1)
                                         accumulator._0916_ (net)
                  0.12    0.00   31.34 v accumulator._1926_/A2 (sky130_fd_sc_hd__a21o_1)
     3    0.01    0.15    0.45   31.79 v accumulator._1926_/X (sky130_fd_sc_hd__a21o_1)
                                         accumulator._1021_ (net)
                  0.15    0.00   31.79 v accumulator._2045_/S (sky130_fd_sc_hd__mux2_4)
     4    0.02    0.12    0.66   32.45 v accumulator._2045_/X (sky130_fd_sc_hd__mux2_4)
                                         accumulator._1140_ (net)
                  0.12    0.00   32.45 v accumulator._2059_/B2 (sky130_fd_sc_hd__a221oi_2)
     1    0.00    0.31    0.44   32.89 ^ accumulator._2059_/Y (sky130_fd_sc_hd__a221oi_2)
                                         accumulator._1155_ (net)
                  0.31    0.00   32.89 ^ accumulator._2060_/A1 (sky130_fd_sc_hd__o21ai_1)
     1    0.01    0.17    0.27   33.16 v accumulator._2060_/Y (sky130_fd_sc_hd__o21ai_1)
                                         accumulator._1156_ (net)
                  0.17    0.00   33.16 v accumulator._2061_/A1 (sky130_fd_sc_hd__a21o_1)
     1    0.00    0.06    0.34   33.50 v accumulator._2061_/X (sky130_fd_sc_hd__a21o_1)
                                         accumulator._1157_ (net)
                  0.06    0.00   33.50 v accumulator._2062_/A1 (sky130_fd_sc_hd__a21o_1)
     1    0.00    0.06    0.29   33.80 v accumulator._2062_/X (sky130_fd_sc_hd__a21o_1)
                                         accumulator._1158_ (net)
                  0.06    0.00   33.80 v accumulator._2063_/A1 (sky130_fd_sc_hd__a21o_1)
     1    0.00    0.06    0.29   34.09 v accumulator._2063_/X (sky130_fd_sc_hd__a21o_1)
                                         accumulator._1159_ (net)
                  0.06    0.00   34.09 v accumulator._2064_/A1 (sky130_fd_sc_hd__a21o_1)
     1    0.00    0.08    0.31   34.40 v accumulator._2064_/X (sky130_fd_sc_hd__a21o_1)
                                         accumulator._1160_ (net)
                  0.08    0.00   34.40 v accumulator._2065_/A1 (sky130_fd_sc_hd__a21oi_1)
     1    0.00    0.21    0.24   34.65 ^ accumulator._2065_/Y (sky130_fd_sc_hd__a21oi_1)
                                         accumulator._1161_ (net)
                  0.21    0.00   34.65 ^ accumulator._2067_/A1 (sky130_fd_sc_hd__o21ai_1)
     1    0.00    0.11    0.20   34.85 v accumulator._2067_/Y (sky130_fd_sc_hd__o21ai_1)
                                         accumulator._1163_ (net)
                  0.11    0.00   34.85 v accumulator._2068_/A1 (sky130_fd_sc_hd__a21o_1)
     1    0.00    0.06    0.31   35.16 v accumulator._2068_/X (sky130_fd_sc_hd__a21o_1)
                                         accumulator._1164_ (net)
                  0.06    0.00   35.16 v accumulator._2069_/A1 (sky130_fd_sc_hd__a21o_1)
     1    0.01    0.08    0.32   35.48 v accumulator._2069_/X (sky130_fd_sc_hd__a21o_1)
                                         accumulator._1165_ (net)
                  0.08    0.00   35.48 v accumulator._2070_/A1 (sky130_fd_sc_hd__a211o_1)
     1    0.01    0.11    0.55   36.02 v accumulator._2070_/X (sky130_fd_sc_hd__a211o_1)
                                         accumulator._1167_ (net)
                  0.11    0.00   36.02 v accumulator._2073_/B2 (sky130_fd_sc_hd__a2bb2o_4)
     4    0.04    0.13    0.49   36.52 v accumulator._2073_/X (sky130_fd_sc_hd__a2bb2o_4)
                                         accumulator._1170_ (net)
                  0.13    0.00   36.52 v clone42/A (sky130_fd_sc_hd__clkbuf_16)
     5    0.02    0.06    0.30   36.82 v clone42/X (sky130_fd_sc_hd__clkbuf_16)
                                         net100 (net)
                  0.06    0.00   36.82 v accumulator._2165_/S (sky130_fd_sc_hd__mux2_1)
     2    0.01    0.17    0.80   37.63 v accumulator._2165_/X (sky130_fd_sc_hd__mux2_1)
                                         accumulator._0120_ (net)
                  0.17    0.00   37.63 v accumulator._2166_/A1 (sky130_fd_sc_hd__mux2_1)
     1    0.01    0.14    0.77   38.39 v accumulator._2166_/X (sky130_fd_sc_hd__mux2_1)
                                         accumulator._0121_ (net)
                  0.14    0.00   38.40 v accumulator._2167_/A1 (sky130_fd_sc_hd__mux2_1)
     2    0.01    0.17    0.80   39.19 v accumulator._2167_/X (sky130_fd_sc_hd__mux2_1)
                                         accumulator._0122_ (net)
                  0.17    0.00   39.19 v accumulator._2168_/B (sky130_fd_sc_hd__nor2_1)
     1    0.00    0.17    0.21   39.41 ^ accumulator._2168_/Y (sky130_fd_sc_hd__nor2_1)
                                         accumulator._0123_ (net)
                  0.17    0.00   39.41 ^ accumulator._2169_/C1 (sky130_fd_sc_hd__a221o_1)
     1    0.01    0.12    0.27   39.67 ^ accumulator._2169_/X (sky130_fd_sc_hd__a221o_1)
                                         accumulator._0124_ (net)
                  0.12    0.00   39.67 ^ accumulator._2170_/B (sky130_fd_sc_hd__and2_1)
     1    0.00    0.08    0.25   39.92 ^ accumulator._2170_/X (sky130_fd_sc_hd__and2_1)
                                         accumulator._0126_ (net)
                  0.08    0.00   39.92 ^ accumulator._2171_/A (sky130_fd_sc_hd__clkbuf_1)
     1    0.00    0.07    0.16   40.09 ^ accumulator._2171_/X (sky130_fd_sc_hd__clkbuf_1)
                                         accumulator._0010_ (net)
                  0.07    0.00   40.09 ^ accumulator._2365_/D (sky130_fd_sc_hd__dfxtp_1)
                                 40.09   data arrival time

                         25.00   25.00   clock clock (rise edge)
                          0.00   25.00   clock source latency
     1    0.02    0.13    0.08   25.08 ^ clock (in)
                                         clock (net)
                  0.13    0.00   25.08 ^ clkbuf_0_clock/A (sky130_fd_sc_hd__clkbuf_16)
     4    0.04    0.09    0.26   25.35 ^ clkbuf_0_clock/X (sky130_fd_sc_hd__clkbuf_16)
                                         clknet_0_clock (net)
                  0.09    0.00   25.35 ^ clkbuf_2_3__f_clock/A (sky130_fd_sc_hd__clkbuf_16)
    10    0.03    0.08    0.24   25.58 ^ clkbuf_2_3__f_clock/X (sky130_fd_sc_hd__clkbuf_16)
                                         clknet_2_3__leaf_clock (net)
                  0.08    0.00   25.58 ^ accumulator._2365_/CLK (sky130_fd_sc_hd__dfxtp_1)
                         -0.25   25.33   clock uncertainty
                          0.00   25.33   clock reconvergence pessimism
                         -0.13   25.21   library setup time
                                 25.21   data required time
-----------------------------------------------------------------------------
                                 25.21   data required time
                                -40.09   data arrival time
-----------------------------------------------------------------------------
                                -14.88   slack (VIOLATED)



======================= Typical Corner ===================================

Startpoint: io_inScaleA[7] (input port clocked by clock)
Endpoint: accumulator._2369_ (rising edge-triggered flip-flop clocked by clock)
Path Group: clock
Path Type: max
Corner: Typical

Fanout     Cap    Slew   Delay    Time   Description
-----------------------------------------------------------------------------
                          0.00    0.00   clock clock (rise edge)
                          0.00    0.00   clock network delay (propagated)
                          5.00    5.00 v input external delay
     1    0.00    0.01    0.00    5.00 v io_inScaleA[7] (in)
                                         io_inScaleA[7] (net)
                  0.01    0.00    5.00 v input16/A (sky130_fd_sc_hd__clkbuf_2)
     5    0.02    0.08    0.14    5.15 v input16/X (sky130_fd_sc_hd__clkbuf_2)
                                         net16 (net)
                  0.08    0.00    5.15 v scaleAdd._280_/A1 (sky130_fd_sc_hd__o31a_1)
     3    0.01    0.08    0.36    5.51 v scaleAdd._280_/X (sky130_fd_sc_hd__o31a_1)
                                         scaleAdd._222_ (net)
                  0.08    0.00    5.51 v scaleAdd._282_/A2 (sky130_fd_sc_hd__a21o_1)
     3    0.01    0.08    0.24    5.76 v scaleAdd._282_/X (sky130_fd_sc_hd__a21o_1)
                                         scaleAdd._224_ (net)
                  0.08    0.00    5.76 v scaleAdd._284_/A1 (sky130_fd_sc_hd__a21oi_4)
     3    0.02    0.16    0.19    5.95 ^ scaleAdd._284_/Y (sky130_fd_sc_hd__a21oi_4)
                                         scaleAdd._226_ (net)
                  0.16    0.00    5.95 ^ scaleAdd._287_/A (sky130_fd_sc_hd__xnor2_2)
     1    0.01    0.07    0.11    6.06 v scaleAdd._287_/Y (sky130_fd_sc_hd__xnor2_2)
                                         scaleAdd._229_ (net)
                  0.07    0.00    6.06 v scaleAdd._288_/A (sky130_fd_sc_hd__xnor2_2)
     3    0.02    0.10    0.19    6.25 v scaleAdd._288_/Y (sky130_fd_sc_hd__xnor2_2)
                                         scaleAdd._230_ (net)
                  0.10    0.00    6.25 v scaleAdd._346_/A2 (sky130_fd_sc_hd__a21o_1)
     1    0.01    0.05    0.22    6.47 v scaleAdd._346_/X (sky130_fd_sc_hd__a21o_1)
                                         scaleAdd._052_ (net)
                  0.05    0.00    6.47 v scaleAdd._348_/A2 (sky130_fd_sc_hd__a21o_4)
     2    0.03    0.06    0.26    6.73 v scaleAdd._348_/X (sky130_fd_sc_hd__a21o_4)
                                         scaleAdd._054_ (net)
                  0.06    0.00    6.73 v scaleAdd._349_/A (sky130_fd_sc_hd__xor2_4)
     5    0.02    0.21    0.25    6.98 ^ scaleAdd._349_/X (sky130_fd_sc_hd__xor2_4)
                                         scaleAdd._055_ (net)
                  0.21    0.00    6.98 ^ scaleAdd._350_/A (sky130_fd_sc_hd__nand3_2)
     3    0.01    0.09    0.12    7.10 v scaleAdd._350_/Y (sky130_fd_sc_hd__nand3_2)
                                         scaleAdd._056_ (net)
                  0.09    0.00    7.10 v scaleAdd._353_/B (sky130_fd_sc_hd__and3_1)
     3    0.01    0.06    0.22    7.32 v scaleAdd._353_/X (sky130_fd_sc_hd__and3_1)
                                         scaleAdd._059_ (net)
                  0.06    0.00    7.32 v scaleAdd._355_/B (sky130_fd_sc_hd__or3_4)
     3    0.01    0.07    0.39    7.71 v scaleAdd._355_/X (sky130_fd_sc_hd__or3_4)
                                         scaleAdd._061_ (net)
                  0.07    0.00    7.71 v scaleAdd._359_/A1 (sky130_fd_sc_hd__a21o_1)
     2    0.01    0.05    0.19    7.90 v scaleAdd._359_/X (sky130_fd_sc_hd__a21o_1)
                                         scaleAdd._065_ (net)
                  0.05    0.00    7.90 v scaleAdd._383_/A2 (sky130_fd_sc_hd__a21o_1)
     2    0.01    0.04    0.20    8.10 v scaleAdd._383_/X (sky130_fd_sc_hd__a21o_1)
                                         scaleAdd._088_ (net)
                  0.04    0.00    8.10 v scaleAdd._399_/A1 (sky130_fd_sc_hd__a21o_1)
     2    0.01    0.07    0.20    8.30 v scaleAdd._399_/X (sky130_fd_sc_hd__a21o_1)
                                         scaleAdd._103_ (net)
                  0.07    0.00    8.30 v scaleAdd._417_/A1 (sky130_fd_sc_hd__a21bo_1)
     2    0.01    0.05    0.20    8.50 v scaleAdd._417_/X (sky130_fd_sc_hd__a21bo_1)
                                         scaleAdd._120_ (net)
                  0.05    0.00    8.50 v scaleAdd._432_/A1 (sky130_fd_sc_hd__a21o_1)
     2    0.01    0.06    0.19    8.69 v scaleAdd._432_/X (sky130_fd_sc_hd__a21o_1)
                                         scaleAdd._134_ (net)
                  0.06    0.00    8.69 v scaleAdd._444_/A1 (sky130_fd_sc_hd__a21o_1)
     2    0.01    0.05    0.19    8.88 v scaleAdd._444_/X (sky130_fd_sc_hd__a21o_1)
                                         scaleAdd._145_ (net)
                  0.05    0.00    8.88 v scaleAdd._447_/A1 (sky130_fd_sc_hd__a21o_1)
     2    0.01    0.04    0.17    9.05 v scaleAdd._447_/X (sky130_fd_sc_hd__a21o_1)
                                         scaleAdd._147_ (net)
                  0.04    0.00    9.05 v rebuffer19/A (sky130_fd_sc_hd__clkbuf_2)
     1    0.01    0.05    0.13    9.18 v rebuffer19/X (sky130_fd_sc_hd__clkbuf_2)
                                         net77 (net)
                  0.05    0.00    9.18 v scaleAdd._448_/A (sky130_fd_sc_hd__xor2_2)
     4    0.01    0.08    0.20    9.37 v scaleAdd._448_/X (sky130_fd_sc_hd__xor2_2)
                                         accumulator.io_inMant[14] (net)
                  0.08    0.00    9.37 v accumulator._1181_/A (sky130_fd_sc_hd__or4_4)
     1    0.01    0.09    0.58    9.95 v accumulator._1181_/X (sky130_fd_sc_hd__or4_4)
                                         accumulator._0045_ (net)
                  0.09    0.00    9.95 v accumulator._1182_/A (sky130_fd_sc_hd__buf_8)
     8    0.03    0.04    0.16   10.11 v accumulator._1182_/X (sky130_fd_sc_hd__buf_8)
                                         accumulator._0055_ (net)
                  0.04    0.00   10.11 v accumulator._1200_/A_N (sky130_fd_sc_hd__and2b_1)
     3    0.01    0.08    0.22   10.33 ^ accumulator._1200_/X (sky130_fd_sc_hd__and2b_1)
                                         accumulator._0232_ (net)
                  0.08    0.00   10.33 ^ accumulator._1201_/B1_N (sky130_fd_sc_hd__o21ba_4)
     3    0.01    0.04    0.18   10.51 v accumulator._1201_/X (sky130_fd_sc_hd__o21ba_4)
                                         accumulator._0241_ (net)
                  0.04    0.00   10.51 v accumulator._1202_/A (sky130_fd_sc_hd__and2_4)
     3    0.01    0.03    0.15   10.65 v accumulator._1202_/X (sky130_fd_sc_hd__and2_4)
                                         accumulator._0251_ (net)
                  0.03    0.00   10.65 v accumulator._1204_/B (sky130_fd_sc_hd__or2_4)
     3    0.01    0.05    0.25   10.90 v accumulator._1204_/X (sky130_fd_sc_hd__or2_4)
                                         accumulator._0271_ (net)
                  0.05    0.00   10.90 v accumulator._1205_/A (sky130_fd_sc_hd__inv_2)
     3    0.01    0.05    0.07   10.97 ^ accumulator._1205_/Y (sky130_fd_sc_hd__inv_2)
                                         accumulator._0281_ (net)
                  0.05    0.00   10.97 ^ accumulator._1218_/A1 (sky130_fd_sc_hd__a311o_1)
     3    0.01    0.12    0.21   11.18 ^ accumulator._1218_/X (sky130_fd_sc_hd__a311o_1)
                                         accumulator._0315_ (net)
                  0.12    0.00   11.18 ^ rebuffer25/A (sky130_fd_sc_hd__clkbuf_1)
     1    0.00    0.04    0.10   11.28 ^ rebuffer25/X (sky130_fd_sc_hd__clkbuf_1)
                                         net83 (net)
                  0.04    0.00   11.28 ^ rebuffer10/A (sky130_fd_sc_hd__clkbuf_2)
     1    0.00    0.03    0.10   11.38 ^ rebuffer10/X (sky130_fd_sc_hd__clkbuf_2)
                                         net68 (net)
                  0.03    0.00   11.38 ^ rebuffer8/A (sky130_fd_sc_hd__clkbuf_1)
     1    0.01    0.07    0.10   11.48 ^ rebuffer8/X (sky130_fd_sc_hd__clkbuf_1)
                                         net66 (net)
                  0.07    0.00   11.48 ^ accumulator._1219_/A (sky130_fd_sc_hd__nand3_2)
     2    0.01    0.09    0.08   11.56 v accumulator._1219_/Y (sky130_fd_sc_hd__nand3_2)
                                         accumulator._0316_ (net)
                  0.09    0.00   11.56 v accumulator._1228_/A2 (sky130_fd_sc_hd__a211o_1)
     2    0.01    0.06    0.34   11.89 v accumulator._1228_/X (sky130_fd_sc_hd__a211o_1)
                                         accumulator._0325_ (net)
                  0.06    0.00   11.89 v accumulator._1242_/A2 (sky130_fd_sc_hd__o22a_1)
     3    0.01    0.08    0.24   12.14 v accumulator._1242_/X (sky130_fd_sc_hd__o22a_1)
                                         accumulator._0339_ (net)
                  0.08    0.00   12.14 v accumulator._1243_/A (sky130_fd_sc_hd__buf_4)
    10    0.04    0.07    0.20   12.34 v accumulator._1243_/X (sky130_fd_sc_hd__buf_4)
                                         accumulator._0340_ (net)
                  0.07    0.00   12.34 v accumulator._1249_/B1 (sky130_fd_sc_hd__a21o_4)
     3    0.03    0.06    0.24   12.57 v accumulator._1249_/X (sky130_fd_sc_hd__a21o_4)
                                         accumulator._0346_ (net)
                  0.06    0.00   12.58 v accumulator._1250_/B (sky130_fd_sc_hd__xor2_4)
     3    0.03    0.10    0.20   12.77 v accumulator._1250_/X (sky130_fd_sc_hd__xor2_4)
                                         accumulator._0347_ (net)
                  0.10    0.00   12.77 v accumulator._1259_/A2 (sky130_fd_sc_hd__a21o_4)
     2    0.02    0.05    0.27   13.05 v accumulator._1259_/X (sky130_fd_sc_hd__a21o_4)
                                         accumulator._0356_ (net)
                  0.05    0.00   13.05 v accumulator._1264_/A2 (sky130_fd_sc_hd__a21o_1)
     2    0.01    0.04    0.20   13.24 v accumulator._1264_/X (sky130_fd_sc_hd__a21o_1)
                                         accumulator._0361_ (net)
                  0.04    0.00   13.24 v accumulator._1266_/A1 (sky130_fd_sc_hd__a21o_1)
     2    0.00    0.04    0.17   13.41 v accumulator._1266_/X (sky130_fd_sc_hd__a21o_1)
                                         accumulator._0363_ (net)
                  0.04    0.00   13.41 v accumulator._1272_/A1 (sky130_fd_sc_hd__a21o_1)
     2    0.02    0.10    0.22   13.63 v accumulator._1272_/X (sky130_fd_sc_hd__a21o_1)
                                         accumulator._0369_ (net)
                  0.10    0.00   13.63 v accumulator._1278_/A1 (sky130_fd_sc_hd__a21oi_4)
     3    0.02    0.17    0.20   13.83 ^ accumulator._1278_/Y (sky130_fd_sc_hd__a21oi_4)
                                         accumulator._0375_ (net)
                  0.17    0.00   13.83 ^ rebuffer20/A (sky130_fd_sc_hd__buf_8)
     2    0.05    0.09    0.17   14.01 ^ rebuffer20/X (sky130_fd_sc_hd__buf_8)
                                         net78 (net)
                  0.09    0.00   14.01 ^ accumulator._1279_/B (sky130_fd_sc_hd__xnor2_4)
     6    0.05    0.16    0.14   14.15 v accumulator._1279_/Y (sky130_fd_sc_hd__xnor2_4)
                                         accumulator._0376_ (net)
                  0.16    0.00   14.16 v clone1/A (sky130_fd_sc_hd__buf_6)
     5    0.03    0.04    0.20   14.36 v clone1/X (sky130_fd_sc_hd__buf_6)
                                         net59 (net)
                  0.04    0.00   14.36 v accumulator._1281_/A (sky130_fd_sc_hd__clkbuf_4)
    10    0.04    0.10    0.21   14.56 v accumulator._1281_/X (sky130_fd_sc_hd__clkbuf_4)
                                         accumulator._0378_ (net)
                  0.10    0.00   14.56 v accumulator._1316_/A (sky130_fd_sc_hd__nor2_4)
     2    0.04    0.23    0.26   14.82 ^ accumulator._1316_/Y (sky130_fd_sc_hd__nor2_4)
                                         accumulator._0411_ (net)
                  0.23    0.00   14.82 ^ accumulator._1317_/B (sky130_fd_sc_hd__xor2_4)
     6    0.04    0.31    0.33   15.16 ^ accumulator._1317_/X (sky130_fd_sc_hd__xor2_4)
                                         accumulator._0412_ (net)
                  0.31    0.00   15.16 ^ accumulator._1484_/A (sky130_fd_sc_hd__clkbuf_4)
    10    0.05    0.16    0.32   15.48 ^ accumulator._1484_/X (sky130_fd_sc_hd__clkbuf_4)
                                         accumulator._0579_ (net)
                  0.16    0.00   15.48 ^ accumulator._1733_/A (sky130_fd_sc_hd__nor2_1)
     1    0.01    0.06    0.10   15.58 v accumulator._1733_/Y (sky130_fd_sc_hd__nor2_1)
                                         accumulator._0828_ (net)
                  0.06    0.00   15.58 v accumulator._1734_/B1 (sky130_fd_sc_hd__a31oi_4)
     3    0.02    0.21    0.22   15.80 ^ accumulator._1734_/Y (sky130_fd_sc_hd__a31oi_4)
                                         accumulator._0829_ (net)
                  0.21    0.00   15.80 ^ accumulator._1735_/B2 (sky130_fd_sc_hd__o32ai_4)
     3    0.03    0.13    0.17   15.97 v accumulator._1735_/Y (sky130_fd_sc_hd__o32ai_4)
                                         accumulator._0830_ (net)
                  0.13    0.00   15.97 v accumulator._1736_/B1 (sky130_fd_sc_hd__a2111o_4)
     5    0.02    0.09    0.56   16.53 v accumulator._1736_/X (sky130_fd_sc_hd__a2111o_4)
                                         accumulator._0831_ (net)
                  0.09    0.00   16.53 v accumulator._1738_/A1 (sky130_fd_sc_hd__a21o_1)
     3    0.01    0.06    0.21   16.74 v accumulator._1738_/X (sky130_fd_sc_hd__a21o_1)
                                         accumulator._0833_ (net)
                  0.06    0.00   16.74 v accumulator._1744_/A1 (sky130_fd_sc_hd__a2111o_1)
     3    0.01    0.10    0.44   17.18 v accumulator._1744_/X (sky130_fd_sc_hd__a2111o_1)
                                         accumulator._0839_ (net)
                  0.10    0.00   17.18 v accumulator._1748_/A1 (sky130_fd_sc_hd__a2111o_1)
     2    0.01    0.08    0.42   17.61 v accumulator._1748_/X (sky130_fd_sc_hd__a2111o_1)
                                         accumulator._0843_ (net)
                  0.08    0.00   17.61 v accumulator._1751_/A1 (sky130_fd_sc_hd__a21o_1)
     2    0.01    0.06    0.20   17.81 v accumulator._1751_/X (sky130_fd_sc_hd__a21o_1)
                                         accumulator._0846_ (net)
                  0.06    0.00   17.81 v accumulator._1773_/A1 (sky130_fd_sc_hd__a21o_1)
     2    0.01    0.05    0.18   17.99 v accumulator._1773_/X (sky130_fd_sc_hd__a21o_1)
                                         accumulator._0868_ (net)
                  0.05    0.00   17.99 v accumulator._1798_/A1 (sky130_fd_sc_hd__a311o_1)
     2    0.01    0.09    0.32   18.31 v accumulator._1798_/X (sky130_fd_sc_hd__a311o_1)
                                         accumulator._0893_ (net)
                  0.09    0.00   18.31 v accumulator._1814_/A2 (sky130_fd_sc_hd__a21o_1)
     2    0.01    0.07    0.24   18.56 v accumulator._1814_/X (sky130_fd_sc_hd__a21o_1)
                                         accumulator._0909_ (net)
                  0.07    0.00   18.56 v accumulator._1821_/A2 (sky130_fd_sc_hd__a21o_1)
     3    0.01    0.07    0.23   18.79 v accumulator._1821_/X (sky130_fd_sc_hd__a21o_1)
                                         accumulator._0916_ (net)
                  0.07    0.00   18.79 v accumulator._1926_/A2 (sky130_fd_sc_hd__a21o_1)
     3    0.01    0.08    0.24   19.03 v accumulator._1926_/X (sky130_fd_sc_hd__a21o_1)
                                         accumulator._1021_ (net)
                  0.08    0.00   19.03 v accumulator._2045_/S (sky130_fd_sc_hd__mux2_4)
     4    0.02    0.07    0.36   19.39 v accumulator._2045_/X (sky130_fd_sc_hd__mux2_4)
                                         accumulator._1140_ (net)
                  0.07    0.00   19.39 v accumulator._2059_/B2 (sky130_fd_sc_hd__a221oi_2)
     1    0.00    0.20    0.26   19.64 ^ accumulator._2059_/Y (sky130_fd_sc_hd__a221oi_2)
                                         accumulator._1155_ (net)
                  0.20    0.00   19.64 ^ accumulator._2060_/A1 (sky130_fd_sc_hd__o21ai_1)
     1    0.01    0.09    0.12   19.77 v accumulator._2060_/Y (sky130_fd_sc_hd__o21ai_1)
                                         accumulator._1156_ (net)
                  0.09    0.00   19.77 v accumulator._2061_/A1 (sky130_fd_sc_hd__a21o_1)
     1    0.00    0.03    0.18   19.94 v accumulator._2061_/X (sky130_fd_sc_hd__a21o_1)
                                         accumulator._1157_ (net)
                  0.03    0.00   19.94 v accumulator._2062_/A1 (sky130_fd_sc_hd__a21o_1)
     1    0.00    0.03    0.15   20.10 v accumulator._2062_/X (sky130_fd_sc_hd__a21o_1)
                                         accumulator._1158_ (net)
                  0.03    0.00   20.10 v accumulator._2063_/A1 (sky130_fd_sc_hd__a21o_1)
     1    0.00    0.03    0.15   20.25 v accumulator._2063_/X (sky130_fd_sc_hd__a21o_1)
                                         accumulator._1159_ (net)
                  0.03    0.00   20.25 v accumulator._2064_/A1 (sky130_fd_sc_hd__a21o_1)
     1    0.00    0.04    0.16   20.41 v accumulator._2064_/X (sky130_fd_sc_hd__a21o_1)
                                         accumulator._1160_ (net)
                  0.04    0.00   20.41 v accumulator._2065_/A1 (sky130_fd_sc_hd__a21oi_1)
     1    0.00    0.13    0.14   20.55 ^ accumulator._2065_/Y (sky130_fd_sc_hd__a21oi_1)
                                         accumulator._1161_ (net)
                  0.13    0.00   20.55 ^ accumulator._2067_/A1 (sky130_fd_sc_hd__o21ai_1)
     1    0.00    0.07    0.09   20.64 v accumulator._2067_/Y (sky130_fd_sc_hd__o21ai_1)
                                         accumulator._1163_ (net)
                  0.07    0.00   20.64 v accumulator._2068_/A1 (sky130_fd_sc_hd__a21o_1)
     1    0.00    0.03    0.17   20.81 v accumulator._2068_/X (sky130_fd_sc_hd__a21o_1)
                                         accumulator._1164_ (net)
                  0.03    0.00   20.81 v accumulator._2069_/A1 (sky130_fd_sc_hd__a21o_1)
     1    0.01    0.04    0.16   20.97 v accumulator._2069_/X (sky130_fd_sc_hd__a21o_1)
                                         accumulator._1165_ (net)
                  0.04    0.00   20.97 v accumulator._2070_/A1 (sky130_fd_sc_hd__a211o_1)
     1    0.01    0.06    0.28   21.25 v accumulator._2070_/X (sky130_fd_sc_hd__a211o_1)
                                         accumulator._1167_ (net)
                  0.06    0.00   21.25 v accumulator._2073_/B2 (sky130_fd_sc_hd__a2bb2o_4)
     4    0.04    0.08    0.27   21.52 v accumulator._2073_/X (sky130_fd_sc_hd__a2bb2o_4)
                                         accumulator._1170_ (net)
                  0.08    0.00   21.52 v clone43/A (sky130_fd_sc_hd__clkbuf_16)
     5    0.02    0.04    0.17   21.69 v clone43/X (sky130_fd_sc_hd__clkbuf_16)
                                         net101 (net)
                  0.04    0.00   21.69 v accumulator._2198_/S (sky130_fd_sc_hd__mux2_2)
     2    0.01    0.06    0.29   21.98 v accumulator._2198_/X (sky130_fd_sc_hd__mux2_2)
                                         accumulator._0152_ (net)
                  0.06    0.00   21.98 v accumulator._2199_/A1 (sky130_fd_sc_hd__mux2_4)
     2    0.01    0.06    0.30   22.28 v accumulator._2199_/X (sky130_fd_sc_hd__mux2_4)
                                         accumulator._0153_ (net)
                  0.06    0.00   22.28 v accumulator._2200_/A1 (sky130_fd_sc_hd__mux2_4)
     2    0.01    0.05    0.28   22.56 v accumulator._2200_/X (sky130_fd_sc_hd__mux2_4)
                                         accumulator._0155_ (net)
                  0.05    0.00   22.56 v accumulator._2201_/B (sky130_fd_sc_hd__or2_4)
     1    0.00    0.04    0.23   22.79 v accumulator._2201_/X (sky130_fd_sc_hd__or2_4)
                                         accumulator._0156_ (net)
                  0.04    0.00   22.79 v accumulator._2205_/A2 (sky130_fd_sc_hd__a211o_1)
     1    0.01    0.09    0.35   23.14 v accumulator._2205_/X (sky130_fd_sc_hd__a211o_1)
                                         accumulator._0160_ (net)
                  0.09    0.00   23.14 v accumulator._2206_/C1 (sky130_fd_sc_hd__o211a_1)
     1    0.00    0.04    0.13   23.27 v accumulator._2206_/X (sky130_fd_sc_hd__o211a_1)
                                         accumulator._0014_ (net)
                  0.04    0.00   23.27 v accumulator._2369_/D (sky130_fd_sc_hd__dfxtp_1)
                                 23.27   data arrival time

                         25.00   25.00   clock clock (rise edge)
                          0.00   25.00   clock source latency
     1    0.02    0.08    0.05   25.05 ^ clock (in)
                                         clock (net)
                  0.08    0.00   25.05 ^ clkbuf_0_clock/A (sky130_fd_sc_hd__clkbuf_16)
     4    0.04    0.06    0.15   25.20 ^ clkbuf_0_clock/X (sky130_fd_sc_hd__clkbuf_16)
                                         clknet_0_clock (net)
                  0.06    0.00   25.20 ^ clkbuf_2_0__f_clock/A (sky130_fd_sc_hd__clkbuf_16)
    11    0.04    0.06    0.14   25.34 ^ clkbuf_2_0__f_clock/X (sky130_fd_sc_hd__clkbuf_16)
                                         clknet_2_0__leaf_clock (net)
                  0.06    0.00   25.34 ^ accumulator._2369_/CLK (sky130_fd_sc_hd__dfxtp_1)
                         -0.25   25.09   clock uncertainty
                          0.00   25.09   clock reconvergence pessimism
                         -0.10   24.99   library setup time
                                 24.99   data required time
-----------------------------------------------------------------------------
                                 24.99   data required time
                                -23.27   data arrival time
-----------------------------------------------------------------------------
                                  1.72   slack (MET)




===========================================================================
report_checks --slack_max -0.01
============================================================================
======================= Fastest Corner ===================================

No paths found.

======================= Slowest Corner ===================================

Startpoint: io_inScaleA[7] (input port clocked by clock)
Endpoint: accumulator._2365_ (rising edge-triggered flip-flop clocked by clock)
Path Group: clock
Path Type: max
Corner: Slowest

Fanout     Cap    Slew   Delay    Time   Description
-----------------------------------------------------------------------------
                          0.00    0.00   clock clock (rise edge)
                          0.00    0.00   clock network delay (propagated)
                          5.00    5.00 v input external delay
     1    0.00    0.02    0.01    5.01 v io_inScaleA[7] (in)
                                         io_inScaleA[7] (net)
                  0.02    0.00    5.01 v input16/A (sky130_fd_sc_hd__clkbuf_2)
     5    0.02    0.15    0.26    5.27 v input16/X (sky130_fd_sc_hd__clkbuf_2)
                                         net16 (net)
                  0.15    0.00    5.27 v scaleAdd._280_/A1 (sky130_fd_sc_hd__o31a_1)
     3    0.01    0.16    0.70    5.97 v scaleAdd._280_/X (sky130_fd_sc_hd__o31a_1)
                                         scaleAdd._222_ (net)
                  0.16    0.00    5.97 v scaleAdd._282_/A2 (sky130_fd_sc_hd__a21o_1)
     3    0.01    0.14    0.46    6.43 v scaleAdd._282_/X (sky130_fd_sc_hd__a21o_1)
                                         scaleAdd._224_ (net)
                  0.14    0.00    6.43 v scaleAdd._284_/A1 (sky130_fd_sc_hd__a21oi_4)
     3    0.02    0.25    0.33    6.76 ^ scaleAdd._284_/Y (sky130_fd_sc_hd__a21oi_4)
                                         scaleAdd._226_ (net)
                  0.25    0.00    6.76 ^ scaleAdd._287_/A (sky130_fd_sc_hd__xnor2_2)
     1    0.01    0.27    0.32    7.07 ^ scaleAdd._287_/Y (sky130_fd_sc_hd__xnor2_2)
                                         scaleAdd._229_ (net)
                  0.27    0.00    7.07 ^ scaleAdd._288_/A (sky130_fd_sc_hd__xnor2_2)
     3    0.02    0.21    0.32    7.39 v scaleAdd._288_/Y (sky130_fd_sc_hd__xnor2_2)
                                         scaleAdd._230_ (net)
                  0.21    0.00    7.39 v scaleAdd._346_/A2 (sky130_fd_sc_hd__a21o_1)
     1    0.01    0.08    0.42    7.81 v scaleAdd._346_/X (sky130_fd_sc_hd__a21o_1)
                                         scaleAdd._052_ (net)
                  0.08    0.00    7.81 v scaleAdd._348_/A2 (sky130_fd_sc_hd__a21o_4)
     2    0.03    0.11    0.48    8.29 v scaleAdd._348_/X (sky130_fd_sc_hd__a21o_4)
                                         scaleAdd._054_ (net)
                  0.11    0.00    8.29 v scaleAdd._349_/A (sky130_fd_sc_hd__xor2_4)
     5    0.02    0.16    0.39    8.68 v scaleAdd._349_/X (sky130_fd_sc_hd__xor2_4)
                                         scaleAdd._055_ (net)
                  0.16    0.00    8.68 v scaleAdd._351_/A1 (sky130_fd_sc_hd__a21o_1)
     2    0.01    0.08    0.36    9.05 v scaleAdd._351_/X (sky130_fd_sc_hd__a21o_1)
                                         scaleAdd._057_ (net)
                  0.08    0.00    9.05 v scaleAdd._353_/A (sky130_fd_sc_hd__and3_1)
     3    0.01    0.12    0.36    9.41 v scaleAdd._353_/X (sky130_fd_sc_hd__and3_1)
                                         scaleAdd._059_ (net)
                  0.12    0.00    9.41 v scaleAdd._355_/B (sky130_fd_sc_hd__or3_4)
     3    0.01    0.13    0.78   10.20 v scaleAdd._355_/X (sky130_fd_sc_hd__or3_4)
                                         scaleAdd._061_ (net)
                  0.13    0.00   10.20 v scaleAdd._359_/A1 (sky130_fd_sc_hd__a21o_1)
     2    0.01    0.09    0.36   10.56 v scaleAdd._359_/X (sky130_fd_sc_hd__a21o_1)
                                         scaleAdd._065_ (net)
                  0.09    0.00   10.56 v scaleAdd._383_/A2 (sky130_fd_sc_hd__a21o_1)
     2    0.01    0.08    0.37   10.92 v scaleAdd._383_/X (sky130_fd_sc_hd__a21o_1)
                                         scaleAdd._088_ (net)
                  0.08    0.00   10.92 v scaleAdd._399_/A1 (sky130_fd_sc_hd__a21o_1)
     2    0.01    0.14    0.39   11.31 v scaleAdd._399_/X (sky130_fd_sc_hd__a21o_1)
                                         scaleAdd._103_ (net)
                  0.14    0.00   11.31 v scaleAdd._417_/A1 (sky130_fd_sc_hd__a21bo_1)
     2    0.01    0.09    0.39   11.70 v scaleAdd._417_/X (sky130_fd_sc_hd__a21bo_1)
                                         scaleAdd._120_ (net)
                  0.09    0.00   11.70 v scaleAdd._432_/A1 (sky130_fd_sc_hd__a21o_1)
     2    0.01    0.11    0.36   12.06 v scaleAdd._432_/X (sky130_fd_sc_hd__a21o_1)
                                         scaleAdd._134_ (net)
                  0.11    0.00   12.06 v scaleAdd._444_/A1 (sky130_fd_sc_hd__a21o_1)
     2    0.01    0.10    0.36   12.42 v scaleAdd._444_/X (sky130_fd_sc_hd__a21o_1)
                                         scaleAdd._145_ (net)
                  0.10    0.00   12.42 v scaleAdd._447_/A1 (sky130_fd_sc_hd__a21o_1)
     2    0.01    0.08    0.33   12.75 v scaleAdd._447_/X (sky130_fd_sc_hd__a21o_1)
                                         scaleAdd._147_ (net)
                  0.08    0.00   12.75 v rebuffer19/A (sky130_fd_sc_hd__clkbuf_2)
     1    0.01    0.09    0.23   12.98 v rebuffer19/X (sky130_fd_sc_hd__clkbuf_2)
                                         net77 (net)
                  0.09    0.00   12.98 v scaleAdd._448_/A (sky130_fd_sc_hd__xor2_2)
     4    0.01    0.15    0.37   13.35 v scaleAdd._448_/X (sky130_fd_sc_hd__xor2_2)
                                         accumulator.io_inMant[14] (net)
                  0.15    0.00   13.35 v accumulator._1181_/A (sky130_fd_sc_hd__or4_4)
     1    0.01    0.17    1.15   14.50 v accumulator._1181_/X (sky130_fd_sc_hd__or4_4)
                                         accumulator._0045_ (net)
                  0.17    0.00   14.50 v accumulator._1182_/A (sky130_fd_sc_hd__buf_8)
     8    0.03    0.06    0.29   14.79 v accumulator._1182_/X (sky130_fd_sc_hd__buf_8)
                                         accumulator._0055_ (net)
                  0.06    0.00   14.80 v accumulator._1200_/A_N (sky130_fd_sc_hd__and2b_1)
     3    0.01    0.12    0.43   15.22 ^ accumulator._1200_/X (sky130_fd_sc_hd__and2b_1)
                                         accumulator._0232_ (net)
                  0.12    0.00   15.22 ^ accumulator._1201_/B1_N (sky130_fd_sc_hd__o21ba_4)
     3    0.01    0.08    0.34   15.56 v accumulator._1201_/X (sky130_fd_sc_hd__o21ba_4)
                                         accumulator._0241_ (net)
                  0.08    0.00   15.56 v accumulator._1202_/A (sky130_fd_sc_hd__and2_4)
     3    0.01    0.06    0.27   15.83 v accumulator._1202_/X (sky130_fd_sc_hd__and2_4)
                                         accumulator._0251_ (net)
                  0.06    0.00   15.83 v accumulator._1204_/B (sky130_fd_sc_hd__or2_4)
     3    0.01    0.10    0.48   16.31 v accumulator._1204_/X (sky130_fd_sc_hd__or2_4)
                                         accumulator._0271_ (net)
                  0.10    0.00   16.31 v accumulator._1205_/A (sky130_fd_sc_hd__inv_2)
     3    0.01    0.08    0.12   16.43 ^ accumulator._1205_/Y (sky130_fd_sc_hd__inv_2)
                                         accumulator._0281_ (net)
                  0.08    0.00   16.43 ^ accumulator._1218_/A1 (sky130_fd_sc_hd__a311o_1)
     3    0.01    0.20    0.43   16.86 ^ accumulator._1218_/X (sky130_fd_sc_hd__a311o_1)
                                         accumulator._0315_ (net)
                  0.20    0.00   16.86 ^ rebuffer25/A (sky130_fd_sc_hd__clkbuf_1)
     1    0.00    0.07    0.21   17.07 ^ rebuffer25/X (sky130_fd_sc_hd__clkbuf_1)
                                         net83 (net)
                  0.07    0.00   17.07 ^ rebuffer10/A (sky130_fd_sc_hd__clkbuf_2)
     1    0.00    0.05    0.18   17.24 ^ rebuffer10/X (sky130_fd_sc_hd__clkbuf_2)
                                         net68 (net)
                  0.05    0.00   17.24 ^ rebuffer8/A (sky130_fd_sc_hd__clkbuf_1)
     1    0.01    0.11    0.18   17.43 ^ rebuffer8/X (sky130_fd_sc_hd__clkbuf_1)
                                         net66 (net)
                  0.11    0.00   17.43 ^ accumulator._1219_/A (sky130_fd_sc_hd__nand3_2)
     2    0.01    0.17    0.17   17.60 v accumulator._1219_/Y (sky130_fd_sc_hd__nand3_2)
                                         accumulator._0316_ (net)
                  0.17    0.00   17.60 v accumulator._1228_/A2 (sky130_fd_sc_hd__a211o_1)
     2    0.01    0.12    0.65   18.24 v accumulator._1228_/X (sky130_fd_sc_hd__a211o_1)
                                         accumulator._0325_ (net)
                  0.12    0.00   18.24 v rebuffer12/A (sky130_fd_sc_hd__dlygate4sd1_1)
     2    0.00    0.07    0.53   18.77 v rebuffer12/X (sky130_fd_sc_hd__dlygate4sd1_1)
                                         net70 (net)
                  0.07    0.00   18.77 v accumulator._1273_/A (sky130_fd_sc_hd__or4_1)
     1    0.01    0.30    1.47   20.24 v accumulator._1273_/X (sky130_fd_sc_hd__or4_1)
                                         accumulator._0370_ (net)
                  0.30    0.00   20.24 v accumulator._1274_/B (sky130_fd_sc_hd__and2b_1)
     3    0.01    0.12    0.52   20.76 v accumulator._1274_/X (sky130_fd_sc_hd__and2b_1)
                                         accumulator._0371_ (net)
                  0.12    0.00   20.76 v accumulator._1276_/B (sky130_fd_sc_hd__and2b_1)
     1    0.01    0.09    0.39   21.14 v accumulator._1276_/X (sky130_fd_sc_hd__and2b_1)
                                         accumulator._0373_ (net)
                  0.09    0.00   21.14 v accumulator._1277_/B (sky130_fd_sc_hd__nor2_2)
     2    0.02    0.37    0.35   21.49 ^ accumulator._1277_/Y (sky130_fd_sc_hd__nor2_2)
                                         accumulator._0374_ (net)
                  0.37    0.00   21.49 ^ accumulator._1278_/A2 (sky130_fd_sc_hd__a21oi_4)
     3    0.02    0.12    0.25   21.74 v accumulator._1278_/Y (sky130_fd_sc_hd__a21oi_4)
                                         accumulator._0375_ (net)
                  0.12    0.00   21.74 v rebuffer21/A (sky130_fd_sc_hd__buf_6)
     2    0.02    0.06    0.26   22.00 v rebuffer21/X (sky130_fd_sc_hd__buf_6)
                                         net79 (net)
                  0.06    0.00   22.01 v accumulator._1289_/B (sky130_fd_sc_hd__xnor2_4)
     9    0.06    0.71    0.64   22.64 ^ accumulator._1289_/Y (sky130_fd_sc_hd__xnor2_4)
                                         accumulator._0386_ (net)
                  0.71    0.01   22.65 ^ accumulator._1330_/S (sky130_fd_sc_hd__mux2_4)
     6    0.03    0.14    0.86   23.51 v accumulator._1330_/X (sky130_fd_sc_hd__mux2_4)
                                         accumulator._0425_ (net)
                  0.14    0.00   23.51 v accumulator._1395_/A (sky130_fd_sc_hd__buf_6)
    10    0.04    0.08    0.30   23.81 v accumulator._1395_/X (sky130_fd_sc_hd__buf_6)
                                         accumulator._0490_ (net)
                  0.08    0.00   23.81 v accumulator._1546_/A2 (sky130_fd_sc_hd__a31o_1)
     3    0.01    0.14    0.48   24.29 v accumulator._1546_/X (sky130_fd_sc_hd__a31o_1)
                                         accumulator._0641_ (net)
                  0.14    0.00   24.29 v accumulator._1547_/B (sky130_fd_sc_hd__or2_1)
     2    0.01    0.17    0.61   24.89 v accumulator._1547_/X (sky130_fd_sc_hd__or2_1)
                                         accumulator._0642_ (net)
                  0.17    0.00   24.89 v accumulator._1548_/A2 (sky130_fd_sc_hd__a21o_1)
     2    0.01    0.10    0.42   25.31 v accumulator._1548_/X (sky130_fd_sc_hd__a21o_1)
                                         accumulator._0643_ (net)
                  0.10    0.00   25.31 v accumulator._1728_/A1 (sky130_fd_sc_hd__a21oi_2)
     1    0.01    0.25    0.31   25.62 ^ accumulator._1728_/Y (sky130_fd_sc_hd__a21oi_2)
                                         accumulator._0823_ (net)
                  0.25    0.00   25.62 ^ accumulator._1735_/A3 (sky130_fd_sc_hd__o32ai_4)
     3    0.03    0.22    0.29   25.92 v accumulator._1735_/Y (sky130_fd_sc_hd__o32ai_4)
                                         accumulator._0830_ (net)
                  0.22    0.00   25.92 v accumulator._1736_/B1 (sky130_fd_sc_hd__a2111o_4)
     5    0.02    0.17    1.05   26.97 v accumulator._1736_/X (sky130_fd_sc_hd__a2111o_4)
                                         accumulator._0831_ (net)
                  0.17    0.00   26.97 v accumulator._1738_/A1 (sky130_fd_sc_hd__a21o_1)
     3    0.01    0.11    0.40   27.36 v accumulator._1738_/X (sky130_fd_sc_hd__a21o_1)
                                         accumulator._0833_ (net)
                  0.11    0.00   27.36 v accumulator._1744_/A1 (sky130_fd_sc_hd__a2111o_1)
     3    0.01    0.20    0.88   28.24 v accumulator._1744_/X (sky130_fd_sc_hd__a2111o_1)
                                         accumulator._0839_ (net)
                  0.20    0.00   28.24 v accumulator._1748_/A1 (sky130_fd_sc_hd__a2111o_1)
     2    0.01    0.14    0.85   29.09 v accumulator._1748_/X (sky130_fd_sc_hd__a2111o_1)
                                         accumulator._0843_ (net)
                  0.14    0.00   29.09 v accumulator._1751_/A1 (sky130_fd_sc_hd__a21o_1)
     2    0.01    0.11    0.38   29.47 v accumulator._1751_/X (sky130_fd_sc_hd__a21o_1)
                                         accumulator._0846_ (net)
                  0.11    0.00   29.47 v accumulator._1773_/A1 (sky130_fd_sc_hd__a21o_1)
     2    0.01    0.09    0.35   29.82 v accumulator._1773_/X (sky130_fd_sc_hd__a21o_1)
                                         accumulator._0868_ (net)
                  0.09    0.00   29.82 v accumulator._1798_/A1 (sky130_fd_sc_hd__a311o_1)
     2    0.01    0.16    0.62   30.45 v accumulator._1798_/X (sky130_fd_sc_hd__a311o_1)
                                         accumulator._0893_ (net)
                  0.16    0.00   30.45 v accumulator._1814_/A2 (sky130_fd_sc_hd__a21o_1)
     2    0.01    0.14    0.46   30.90 v accumulator._1814_/X (sky130_fd_sc_hd__a21o_1)
                                         accumulator._0909_ (net)
                  0.14    0.00   30.90 v accumulator._1821_/A2 (sky130_fd_sc_hd__a21o_1)
     3    0.01    0.12    0.43   31.34 v accumulator._1821_/X (sky130_fd_sc_hd__a21o_1)
                                         accumulator._0916_ (net)
                  0.12    0.00   31.34 v accumulator._1926_/A2 (sky130_fd_sc_hd__a21o_1)
     3    0.01    0.15    0.45   31.79 v accumulator._1926_/X (sky130_fd_sc_hd__a21o_1)
                                         accumulator._1021_ (net)
                  0.15    0.00   31.79 v accumulator._2045_/S (sky130_fd_sc_hd__mux2_4)
     4    0.02    0.12    0.66   32.45 v accumulator._2045_/X (sky130_fd_sc_hd__mux2_4)
                                         accumulator._1140_ (net)
                  0.12    0.00   32.45 v accumulator._2059_/B2 (sky130_fd_sc_hd__a221oi_2)
     1    0.00    0.31    0.44   32.89 ^ accumulator._2059_/Y (sky130_fd_sc_hd__a221oi_2)
                                         accumulator._1155_ (net)
                  0.31    0.00   32.89 ^ accumulator._2060_/A1 (sky130_fd_sc_hd__o21ai_1)
     1    0.01    0.17    0.27   33.16 v accumulator._2060_/Y (sky130_fd_sc_hd__o21ai_1)
                                         accumulator._1156_ (net)
                  0.17    0.00   33.16 v accumulator._2061_/A1 (sky130_fd_sc_hd__a21o_1)
     1    0.00    0.06    0.34   33.50 v accumulator._2061_/X (sky130_fd_sc_hd__a21o_1)
                                         accumulator._1157_ (net)
                  0.06    0.00   33.50 v accumulator._2062_/A1 (sky130_fd_sc_hd__a21o_1)
     1    0.00    0.06    0.29   33.80 v accumulator._2062_/X (sky130_fd_sc_hd__a21o_1)
                                         accumulator._1158_ (net)
                  0.06    0.00   33.80 v accumulator._2063_/A1 (sky130_fd_sc_hd__a21o_1)
     1    0.00    0.06    0.29   34.09 v accumulator._2063_/X (sky130_fd_sc_hd__a21o_1)
                                         accumulator._1159_ (net)
                  0.06    0.00   34.09 v accumulator._2064_/A1 (sky130_fd_sc_hd__a21o_1)
     1    0.00    0.08    0.31   34.40 v accumulator._2064_/X (sky130_fd_sc_hd__a21o_1)
                                         accumulator._1160_ (net)
                  0.08    0.00   34.40 v accumulator._2065_/A1 (sky130_fd_sc_hd__a21oi_1)
     1    0.00    0.21    0.24   34.65 ^ accumulator._2065_/Y (sky130_fd_sc_hd__a21oi_1)
                                         accumulator._1161_ (net)
                  0.21    0.00   34.65 ^ accumulator._2067_/A1 (sky130_fd_sc_hd__o21ai_1)
     1    0.00    0.11    0.20   34.85 v accumulator._2067_/Y (sky130_fd_sc_hd__o21ai_1)
                                         accumulator._1163_ (net)
                  0.11    0.00   34.85 v accumulator._2068_/A1 (sky130_fd_sc_hd__a21o_1)
     1    0.00    0.06    0.31   35.16 v accumulator._2068_/X (sky130_fd_sc_hd__a21o_1)
                                         accumulator._1164_ (net)
                  0.06    0.00   35.16 v accumulator._2069_/A1 (sky130_fd_sc_hd__a21o_1)
     1    0.01    0.08    0.32   35.48 v accumulator._2069_/X (sky130_fd_sc_hd__a21o_1)
                                         accumulator._1165_ (net)
                  0.08    0.00   35.48 v accumulator._2070_/A1 (sky130_fd_sc_hd__a211o_1)
     1    0.01    0.11    0.55   36.02 v accumulator._2070_/X (sky130_fd_sc_hd__a211o_1)
                                         accumulator._1167_ (net)
                  0.11    0.00   36.02 v accumulator._2073_/B2 (sky130_fd_sc_hd__a2bb2o_4)
     4    0.04    0.13    0.49   36.52 v accumulator._2073_/X (sky130_fd_sc_hd__a2bb2o_4)
                                         accumulator._1170_ (net)
                  0.13    0.00   36.52 v clone42/A (sky130_fd_sc_hd__clkbuf_16)
     5    0.02    0.06    0.30   36.82 v clone42/X (sky130_fd_sc_hd__clkbuf_16)
                                         net100 (net)
                  0.06    0.00   36.82 v accumulator._2165_/S (sky130_fd_sc_hd__mux2_1)
     2    0.01    0.17    0.80   37.63 v accumulator._2165_/X (sky130_fd_sc_hd__mux2_1)
                                         accumulator._0120_ (net)
                  0.17    0.00   37.63 v accumulator._2166_/A1 (sky130_fd_sc_hd__mux2_1)
     1    0.01    0.14    0.77   38.39 v accumulator._2166_/X (sky130_fd_sc_hd__mux2_1)
                                         accumulator._0121_ (net)
                  0.14    0.00   38.40 v accumulator._2167_/A1 (sky130_fd_sc_hd__mux2_1)
     2    0.01    0.17    0.80   39.19 v accumulator._2167_/X (sky130_fd_sc_hd__mux2_1)
                                         accumulator._0122_ (net)
                  0.17    0.00   39.19 v accumulator._2168_/B (sky130_fd_sc_hd__nor2_1)
     1    0.00    0.17    0.21   39.41 ^ accumulator._2168_/Y (sky130_fd_sc_hd__nor2_1)
                                         accumulator._0123_ (net)
                  0.17    0.00   39.41 ^ accumulator._2169_/C1 (sky130_fd_sc_hd__a221o_1)
     1    0.01    0.12    0.27   39.67 ^ accumulator._2169_/X (sky130_fd_sc_hd__a221o_1)
                                         accumulator._0124_ (net)
                  0.12    0.00   39.67 ^ accumulator._2170_/B (sky130_fd_sc_hd__and2_1)
     1    0.00    0.08    0.25   39.92 ^ accumulator._2170_/X (sky130_fd_sc_hd__and2_1)
                                         accumulator._0126_ (net)
                  0.08    0.00   39.92 ^ accumulator._2171_/A (sky130_fd_sc_hd__clkbuf_1)
     1    0.00    0.07    0.16   40.09 ^ accumulator._2171_/X (sky130_fd_sc_hd__clkbuf_1)
                                         accumulator._0010_ (net)
                  0.07    0.00   40.09 ^ accumulator._2365_/D (sky130_fd_sc_hd__dfxtp_1)
                                 40.09   data arrival time

                         25.00   25.00   clock clock (rise edge)
                          0.00   25.00   clock source latency
     1    0.02    0.13    0.08   25.08 ^ clock (in)
                                         clock (net)
                  0.13    0.00   25.08 ^ clkbuf_0_clock/A (sky130_fd_sc_hd__clkbuf_16)
     4    0.04    0.09    0.26   25.35 ^ clkbuf_0_clock/X (sky130_fd_sc_hd__clkbuf_16)
                                         clknet_0_clock (net)
                  0.09    0.00   25.35 ^ clkbuf_2_3__f_clock/A (sky130_fd_sc_hd__clkbuf_16)
    10    0.03    0.08    0.24   25.58 ^ clkbuf_2_3__f_clock/X (sky130_fd_sc_hd__clkbuf_16)
                                         clknet_2_3__leaf_clock (net)
                  0.08    0.00   25.58 ^ accumulator._2365_/CLK (sky130_fd_sc_hd__dfxtp_1)
                         -0.25   25.33   clock uncertainty
                          0.00   25.33   clock reconvergence pessimism
                         -0.13   25.21   library setup time
                                 25.21   data required time
-----------------------------------------------------------------------------
                                 25.21   data required time
                                -40.09   data arrival time
-----------------------------------------------------------------------------
                                -14.88   slack (VIOLATED)



======================= Typical Corner ===================================

No paths found.


===========================================================================
 report_check_types -max_slew -max_cap -max_fanout -violators
============================================================================
======================= Fastest Corner ===================================

max fanout

Pin                                   Limit Fanout  Slack
---------------------------------------------------------
clkbuf_2_0__f_clock/X                    10     11        (VIOLATED)


max slew violations count Fastest: 0
max fanout violations count Fastest: 1
max cap violations count Fastest: 0
======================= Slowest Corner ===================================

max fanout

Pin                                   Limit Fanout  Slack
---------------------------------------------------------
clkbuf_2_0__f_clock/X                    10     11        (VIOLATED)


max slew violations count Slowest: 0
max fanout violations count Slowest: 1
max cap violations count Slowest: 0
======================= Typical Corner ===================================

max fanout

Pin                                   Limit Fanout  Slack
---------------------------------------------------------
clkbuf_2_0__f_clock/X                    10     11        (VIOLATED)


max slew violations count Typical: 0
max fanout violations count Typical: 1
max cap violations count Typical: 0

===========================================================================
report_parasitic_annotation -report_unannotated
============================================================================
Found 10 unannotated drivers.
 io_inScaleB[0]
 io_inScaleB[1]
 io_inScaleB[2]
 io_inScaleB[3]
 io_inScaleB[4]
 clkload0/Y
 clkload1/Y
 clkload2/Y
 scaleAdd._481__57/HI
 scaleAdd._482__58/HI
Found 0 partially unannotated drivers.

===========================================================================
max slew violation count 0
max fanout violation count 1
max cap violation count 0
============================================================================

===========================================================================
check_setup -verbose -unconstrained_endpoints -multiple_clock -no_clock -no_input_delay -loops -generated_clocks
===========================================================================
