Startpoint: reset (input port clocked by CORE_CLK)
Endpoint: _40_ (recovery check against rising-edge clock CORE_CLK)
Path Group: asynchronous
Path Type: max

    Delay      Time   Description
-------------------------------------------------------------
   0.0000    0.0000   clock CORE_CLK (rise edge)
   0.0000    0.0000   clock network delay (ideal)
   0.0000    0.0000 ^ input external delay
   0.0000    0.0000 ^ reset (in)
   0.0000    0.0000 ^ _40_/CDN (DFCNQD1BWP30P140)
             0.0000   data arrival time

   2.0000    2.0000   clock CORE_CLK (rise edge)
   0.0000    2.0000   clock network delay (ideal)
  -0.0500    1.9500   clock uncertainty
   0.0000    1.9500   clock reconvergence pessimism
             1.9500 ^ _40_/CP (DFCNQD1BWP30P140)
   0.0258    1.9758   library recovery time
             1.9758   data required time
-------------------------------------------------------------
             1.9758   data required time
            -0.0000   data arrival time
-------------------------------------------------------------
             1.9758   slack (MET)


Startpoint: io_op_a_i[6] (input port clocked by CORE_CLK)
Endpoint: _42_ (rising edge-triggered flip-flop clocked by CORE_CLK)
Path Group: CORE_CLK
Path Type: max

    Delay      Time   Description
-------------------------------------------------------------
   0.0000    0.0000   clock CORE_CLK (rise edge)
   0.0000    0.0000   clock network delay (ideal)
   0.0000    0.0000 v input external delay
   0.0000    0.0000 v io_op_a_i[6] (in)
   0.0251    0.0251 ^ op/_081_/ZN (NR4D0BWP30P140)
   0.0191    0.0442 v op/_137_/ZN (NR4D0BWP30P140)
   0.0130    0.0572 ^ op/_138_/ZN (CKND0BWP30P140)
   0.0220    0.0791 v op/_139_/ZN (MAOI222D0BWP30P140)
   0.0239    0.1031 v op/_141_/Z (AN2D0BWP30P140)
   0.0178    0.1209 ^ op/_143_/ZN (OAI21D0BWP30P140)
   0.0182    0.1391 v op/_144_/ZN (IOA21D0BWP30P140)
   0.0243    0.1634 v op/_151_/ZN (XNR2UD0BWP30P140)
   0.0207    0.1841 ^ tree/_1705_/ZN (CKND0BWP30P140)
   0.0173    0.2014 v tree/_1723_/ZN (AOI22D0BWP30P140)
   0.0156    0.2170 ^ tree/_1724_/ZN (OAI21D0BWP30P140)
   0.0348    0.2518 v tree/_1726_/ZN (MAOI22D0BWP30P140)
   0.0337    0.2855 v tree/_1728_/ZN (MUX2ND0BWP30P140)
   0.0313    0.3167 ^ tree/_1729_/ZN (AOI211D0BWP30P140)
   0.0144    0.3311 v tree/_1734_/ZN (OAI21D0BWP30P140)
   0.0296    0.3608 v tree/_1738_/ZN (IOA21D0BWP30P140)
   0.0290    0.3897 v tree/_1739_/Z (AN2D0BWP30P140)
   0.0375    0.4272 ^ tree/_1746_/Z (CKMUX2D0BWP30P140)
   0.0256    0.4528 v tree/_1751_/ZN (MAOI222D0BWP30P140)
   0.0248    0.4777 ^ tree/_1757_/ZN (AOI21D0BWP30P140)
   0.0244    0.5021 ^ tree/_1759_/ZN (IAO21D0BWP30P140)
   0.0356    0.5377 ^ tree/_1765_/ZN (IAO21D0BWP30P140)
   0.0240    0.5617 v tree/_1774_/ZN (NR2D0BWP30P140)
   0.0397    0.6014 v tree/_1786_/ZN (MUX2ND0BWP30P140)
   0.0425    0.6439 ^ tree/_1792_/ZN (MAOI222D0BWP30P140)
   0.0297    0.6736 v tree/_1794_/ZN (OAI21D0BWP30P140)
   0.0319    0.7054 ^ tree/_1805_/Z (XOR2UD0BWP30P140)
   0.0492    0.7546 v tree/_1811_/ZN (ND4D0BWP30P140)
   0.0644    0.8190 v tree/_1820_/Z (AN3D0BWP30P140)
   0.0475    0.8665 v tree/_1851_/ZN (MUX4ND0BWP30P140)
   0.0353    0.9017 v tree/_1852_/Z (OR2D0BWP30P140)
   0.0203    0.9220 ^ tree/_1853_/ZN (NR3D0BWP30P140)
   0.0191    0.9411 v tree/_1918_/ZN (OAI21D0BWP30P140)
   0.0205    0.9616 ^ tree/_1919_/ZN (OAI21D0BWP30P140)
   0.0151    0.9767 v tree/_1920_/ZN (AOI21D0BWP30P140)
   0.0366    1.0133 v tree/_2821_/ZN (XNR2UD0BWP30P140)
   0.0665    1.0798 v tree/_2833_/Z (XOR3UD0BWP30P140)
   0.0610    1.1408 v tree/_2845_/Z (XOR3UD0BWP30P140)
   0.0260    1.1669 ^ tree/_2872_/ZN (XNR2UD0BWP30P140)
   0.0228    1.1897 v tree/_2873_/ZN (OAI21D0BWP30P140)
   0.0237    1.2134 ^ tree/_2875_/ZN (AOI21D0BWP30P140)
   0.0279    1.2412 v tree/_2876_/ZN (MAOI222D0BWP30P140)
   0.0307    1.2719 ^ tree/_2878_/ZN (AOI21D0BWP30P140)
   0.0230    1.2949 v tree/_2880_/ZN (OAI21D0BWP30P140)
   0.0283    1.3232 ^ tree/_2882_/ZN (AOI21D0BWP30P140)
   0.0291    1.3523 v tree/_2884_/ZN (MAOI222D0BWP30P140)
   0.0311    1.3834 ^ tree/_2886_/ZN (AOI21D0BWP30P140)
   0.0230    1.4064 v tree/_2889_/ZN (OAI21D0BWP30P140)
   0.0283    1.4347 ^ tree/_2891_/ZN (AOI21D0BWP30P140)
   0.0291    1.4639 v tree/_2893_/ZN (MAOI222D0BWP30P140)
   0.0313    1.4952 ^ tree/_2895_/ZN (AOI21D0BWP30P140)
   0.0230    1.5182 v tree/_2898_/ZN (OAI21D0BWP30P140)
   0.0271    1.5454 ^ tree/_2900_/ZN (AOI21D0BWP30P140)
   0.0236    1.5690 v tree/_2903_/ZN (OAI21D0BWP30P140)
   0.0352    1.6042 ^ tree/_2905_/ZN (MAOI222D0BWP30P140)
   0.0247    1.6289 v tree/_2908_/ZN (OAI21D0BWP30P140)
   0.0314    1.6603 ^ tree/_2910_/ZN (AOI21D0BWP30P140)
   0.0267    1.6870 v tree/_2914_/ZN (OAI211D0BWP30P140)
   0.0331    1.7201 ^ tree/_2916_/ZN (AOI31D0BWP30P140)
   0.0299    1.7500 v tree/_2918_/ZN (MAOI222D0BWP30P140)
   0.0313    1.7813 ^ tree/_2920_/ZN (AOI21D0BWP30P140)
   0.0254    1.8068 v tree/_2923_/ZN (OAI21D0BWP30P140)
   0.0266    1.8333 ^ tree/_2937_/ZN (AOI31D0BWP30P140)
   0.0300    1.8633 v tree/_2941_/ZN (OAI211D0BWP30P140)
   0.0337    1.8970 ^ tree/_2943_/ZN (AOI31D0BWP30P140)
   0.0264    1.9234 v tree/_2945_/ZN (OAI21D0BWP30P140)
   0.0284    1.9518 ^ tree/_2948_/ZN (AOI211D0BWP30P140)
   0.0223    1.9741 v tree/_2950_/ZN (OAI31D0BWP30P140)
   0.0289    2.0030 ^ tree/_2952_/ZN (AOI21D0BWP30P140)
   0.0301    2.0331 v tree/_2959_/ZN (OAI211D0BWP30P140)
   0.0562    2.0892 v tree/_2960_/Z (AN2D0BWP30P140)
   0.0516    2.1408 ^ tree/_2961_/ZN (CKND0BWP30P140)
   0.0336    2.1744 ^ tree/_3158_/Z (AN3D0BWP30P140)
   0.0137    2.1881 v tree/_3174_/ZN (OAI31D0BWP30P140)
   0.0183    2.2064 ^ tree/_3175_/ZN (AOI21D0BWP30P140)
   0.0210    2.2274 ^ tree/_3176_/ZN (IAO21D0BWP30P140)
   0.0208    2.2483 ^ tree/_3177_/ZN (IAO21D0BWP30P140)
   0.0207    2.2690 ^ tree/_3178_/ZN (IAO21D0BWP30P140)
   0.0208    2.2898 ^ tree/_3179_/ZN (IAO21D0BWP30P140)
   0.0209    2.3107 ^ tree/_3180_/ZN (IAO21D0BWP30P140)
   0.0208    2.3315 ^ tree/_3181_/ZN (IAO21D0BWP30P140)
   0.0209    2.3524 ^ tree/_3182_/ZN (IAO21D0BWP30P140)
   0.0206    2.3729 ^ tree/_3183_/ZN (IAO21D0BWP30P140)
   0.0140    2.3869 v tree/_3184_/ZN (OAI21D0BWP30P140)
   0.0175    2.4044 ^ tree/_3185_/ZN (AOI21D0BWP30P140)
   0.0208    2.4252 ^ tree/_3186_/ZN (IAO21D0BWP30P140)
   0.0206    2.4459 ^ tree/_3187_/ZN (IAO21D0BWP30P140)
   0.0204    2.4662 ^ tree/_3188_/ZN (IAO21D0BWP30P140)
   0.0139    2.4801 v tree/_3189_/ZN (OAI21D0BWP30P140)
   0.0199    2.5000 ^ tree/_3190_/ZN (AOI21D0BWP30P140)
   0.2838    2.7837 v tree/_3191_/ZN (OAI21D0BWP30P140)
   0.1193    2.9030 v tree/_3262_/ZN (MUX4ND0BWP30P140)
   0.0634    2.9664 ^ tree/_3313_/ZN (MUX4ND0BWP30P140)
   0.0306    2.9971 v tree/_3316_/ZN (AOI221D0BWP30P140)
   0.0402    3.0372 ^ tree/_3327_/ZN (AOI221D0BWP30P140)
   0.0343    3.0716 v tree/_3329_/ZN (OAI211D0BWP30P140)
   0.0301    3.1017 ^ tree/_3330_/ZN (NR3D0BWP30P140)
   0.0445    3.1462 v tree/_3384_/ZN (IND4D0BWP30P140)
   0.0308    3.1770 ^ tree/_3392_/ZN (NR2D0BWP30P140)
   0.0189    3.1959 v tree/_3400_/ZN (XNR2UD0BWP30P140)
   0.0614    3.2574 v d2fpn/_091_/ZN (XNR3UD0BWP30P140)
   0.0296    3.2870 v d2fpn/_098_/Z (XOR2UD0BWP30P140)
   0.0293    3.3164 v d2fpn/_112_/ZN (XNR2UD0BWP30P140)
   0.0291    3.3455 ^ d2fpn/_113_/ZN (AOI21D0BWP30P140)
   0.0219    3.3674 v d2fpn/_116_/ZN (OAI21D0BWP30P140)
   0.0257    3.3931 ^ d2fpn/_118_/ZN (AOI21D0BWP30P140)
   0.0203    3.4134 ^ d2fpn/_133_/ZN (IND2D0BWP30P140)
   0.0194    3.4328 v d2fpn/_144_/ZN (ND4D0BWP30P140)
   0.0744    3.5071 ^ d2fpn/_146_/ZN (INR3D0BWP30P140)
   0.0342    3.5413 v d2fpn/_151_/ZN (NR3D0BWP30P140)
   0.0293    3.5706 v accAdder/_461_/ZN (XNR2UD0BWP30P140)
   0.0335    3.6040 v accAdder/_462_/Z (AO21D0BWP30P140)
   0.0238    3.6278 ^ accAdder/_465_/ZN (AOI211D0BWP30P140)
   0.0245    3.6523 v accAdder/_467_/ZN (OAI31D0BWP30P140)
   0.0264    3.6787 ^ accAdder/_470_/ZN (OAI211D0BWP30P140)
   0.0335    3.7122 ^ accAdder/_491_/Z (AN3D0BWP30P140)
   0.0447    3.7569 v accAdder/_494_/ZN (OAI211D0BWP30P140)
   0.0876    3.8445 v accAdder/_518_/ZN (MUX2ND0BWP30P140)
   0.0860    3.9305 ^ accAdder/_543_/ZN (AOI31D0BWP30P140)
   0.0611    3.9915 v accAdder/_549_/ZN (ND3D0BWP30P140)
   0.0399    4.0315 v accAdder/_566_/Z (OA21D0BWP30P140)
   0.0311    4.0625 ^ accAdder/_589_/ZN (MUX3ND0BWP30P140)
   0.0331    4.0957 v accAdder/_677_/ZN (AOI221D0BWP30P140)
   0.0251    4.1208 ^ accAdder/_678_/ZN (ND3D0BWP30P140)
   0.0175    4.1383 v accAdder/_680_/ZN (OAI21D0BWP30P140)
   0.0236    4.1619 ^ accAdder/_681_/ZN (AOI21D0BWP30P140)
   0.0255    4.1874 v accAdder/_682_/ZN (MAOI222D0BWP30P140)
   0.0329    4.2202 ^ accAdder/_684_/ZN (MAOI222D0BWP30P140)
   0.0301    4.2503 v accAdder/_686_/ZN (MAOI222D0BWP30P140)
   0.0324    4.2827 ^ accAdder/_687_/ZN (AOI211D0BWP30P140)
   0.0238    4.3065 v accAdder/_688_/ZN (OAI32D0BWP30P140)
   0.0302    4.3368 ^ accAdder/_698_/ZN (AOI211D0BWP30P140)
   0.0230    4.3598 ^ accAdder/_700_/Z (OR2D0BWP30P140)
   0.1489    4.5087 v accAdder/_751_/ZN (AOI31D0BWP30P140)
   0.0882    4.5968 v accAdder/_791_/ZN (MUX4ND0BWP30P140)
   0.0430    4.6399 ^ accAdder/_792_/ZN (NR4D0BWP30P140)
   0.0345    4.6744 v accAdder/_798_/ZN (IND4D0BWP30P140)
   0.0296    4.7040 ^ accAdder/_801_/ZN (NR3D0BWP30P140)
   0.0291    4.7331 v accAdder/_803_/ZN (IND3D0BWP30P140)
   0.0406    4.7737 ^ accAdder/_805_/ZN (MAOI222D0BWP30P140)
   0.0426    4.8163 v accAdder/_810_/ZN (IND4D0BWP30P140)
   0.0444    4.8608 ^ accAdder/_820_/ZN (AOI211D0BWP30P140)
   0.0333    4.8941 ^ accAdder/_821_/Z (AN3D0BWP30P140)
   0.0241    4.9182 ^ accAdder/_828_/ZN (MAOI22D0BWP30P140)
   0.0569    4.9751 v accAdder/_855_/ZN (OAI31D0BWP30P140)
   0.0427    5.0178 ^ accAdder/_877_/ZN (INR4D0BWP30P140)
   0.0262    5.0440 ^ _32_/Z (AO22D0BWP30P140)
   0.0000    5.0440 ^ _42_/D (DFCNQD1BWP30P140)
             5.0440   data arrival time

   2.0000    2.0000   clock CORE_CLK (rise edge)
   0.0000    2.0000   clock network delay (ideal)
  -0.0500    1.9500   clock uncertainty
   0.0000    1.9500   clock reconvergence pessimism
             1.9500 ^ _42_/CP (DFCNQD1BWP30P140)
  -0.0170    1.9330   library setup time
             1.9330   data required time
-------------------------------------------------------------
             1.9330   data required time
            -5.0440   data arrival time
-------------------------------------------------------------
            -3.1111   slack (VIOLATED)


