
6. Printing statistics.

=== BFP_PE ===

        +----------Local Count, excluding submodules.
        |        +-Local Area, excluding submodules.
        |        | 
      174        - wires
     2216        - wire bits
      140        - public wires
     2182        - public wire bits
       10        - ports
      309        - port bits
       67   99.918 cells
       32   24.192   AO22D0BWP30P140
       33   74.844   DFCNQD1BWP30P140
        1    0.504   INR2D0BWP30P140
        1    0.378   NR2D0BWP30P140
       64        - submodules
       16        -   CustomOperator_INT8_to_E4M3
       16        -   FP32Adder
       16        -   ScaleAddition_INT8_to_E4M3_scale_UE2M6
       16        -   ScaleToFP32_INT8_x_E4M3_UE2M6

   Chip area for module '\BFP_PE': 99.918000
     of which used for sequential elements: 74.844000 (74.91%)

=== FP32Adder ===

        +----------Local Count, excluding submodules.
        |        +-Local Area, excluding submodules.
        |        | 
      872        - wires
     1037        - wire bits
        6        - public wires
      171        - public wire bits
        3        - ports
       96        - port bits
      898  554.904 cells
       18    9.072   AN2D0BWP30P140
        5     3.15   AN3D0BWP30P140
        4    3.024   AN4D0BWP30P140
        2    1.512   AO211D0BWP30P140
       13     8.19   AO21D0BWP30P140
        4    3.024   AO22D0BWP30P140
       10      6.3   AOI211D0BWP30P140
       52   26.208   AOI21D0BWP30P140
       10     7.56   AOI221D0BWP30P140
        2    2.016   AOI222D0BWP30P140
       32    20.16   AOI22D0BWP30P140
        2     1.26   AOI31D0BWP30P140
       19   16.758   CKMUX2D0BWP30P140
       65    16.38   CKND0BWP30P140
       72   27.216   CKND2D0BWP30P140
        6     3.78   IAO21D0BWP30P140
       20    10.08   IND2D0BWP30P140
        1     0.63   IND3D0BWP30P140
        2    1.512   IND4D0BWP30P140
       21   10.584   INR2D0BWP30P140
        8     5.04   INR3D0BWP30P140
        3    2.268   INR4D0BWP30P140
        7     4.41   IOA21D0BWP30P140
       30    22.68   MAOI222D0BWP30P140
       15    11.34   MAOI22D0BWP30P140
        4    3.024   MOAI22D0BWP30P140
      114   86.184   MUX2ND0BWP30P140
        1    1.764   MUX3D0BWP30P140
        1    1.638   MUX3ND0BWP30P140
        2    4.788   MUX4D0BWP30P140
       16   36.288   MUX4ND0BWP30P140
       14    7.056   ND3D0BWP30P140
        5     3.15   ND4D0BWP30P140
       99   37.422   NR2D0BWP30P140
       35    17.64   NR3D0BWP30P140
        8     5.04   NR4D0BWP30P140
        2    1.512   OA211D0BWP30P140
        6     3.78   OA21D0BWP30P140
        1    0.882   OA22D0BWP30P140
       13     8.19   OAI211D0BWP30P140
       41   20.664   OAI21D0BWP30P140
        1    0.882   OAI221D0BWP30P140
        1    1.008   OAI222D0BWP30P140
       10      6.3   OAI22D0BWP30P140
        6     3.78   OAI31D0BWP30P140
        3    2.268   OAI32D0BWP30P140
        1    0.882   OAI33D0BWP30P140
        6    3.024   OR2D0BWP30P140
        8     5.04   OR3D0BWP30P140
        2    1.512   OR4D0BWP30P140
       51   44.982   XNR2UD0BWP30P140
        1    1.764   XNR3UD0BWP30P140
       23   20.286   XOR2UD0BWP30P140

   Chip area for module '\FP32Adder': 554.904000
     of which used for sequential elements: 0.000000 (0.00%)

=== ScaleToFP32_INT8_x_E4M3_UE2M6 ===

        +----------Local Count, excluding submodules.
        |        +-Local Area, excluding submodules.
        |        | 
      223        - wires
      284        - wire bits
        4        - public wires
       65        - public wire bits
        4        - ports
       65        - port bits
      251  163.296 cells
        8    4.032   AN2D0BWP30P140
        1     0.63   AN3D0BWP30P140
        1    0.756   AN4D0BWP30P140
        3     1.89   AO21D0BWP30P140
        4     2.52   AOI211D0BWP30P140
       13    6.552   AOI21D0BWP30P140
        5     3.78   AOI221D0BWP30P140
        1     0.63   AOI31D0BWP30P140
       16   14.112   CKMUX2D0BWP30P140
       17    4.284   CKND0BWP30P140
       12    4.536   CKND2D0BWP30P140
       10      6.3   IAO21D0BWP30P140
        2    1.008   IND2D0BWP30P140
        1     0.63   IND3D0BWP30P140
        3    2.268   IND4D0BWP30P140
        6    3.024   INR2D0BWP30P140
        3    2.268   INR4D0BWP30P140
        1     0.63   IOA21D0BWP30P140
        4    3.024   MAOI222D0BWP30P140
        1    0.756   MOAI22D0BWP30P140
       32   24.192   MUX2ND0BWP30P140
        1    1.764   MUX3D0BWP30P140
        1    2.394   MUX4D0BWP30P140
        4    9.072   MUX4ND0BWP30P140
        1    0.504   ND3D0BWP30P140
        3     1.89   ND4D0BWP30P140
       23    8.694   NR2D0BWP30P140
       13    6.552   NR3D0BWP30P140
       10      6.3   NR4D0BWP30P140
        4     2.52   OA21D0BWP30P140
        1     0.63   OAI211D0BWP30P140
        5     2.52   OAI21D0BWP30P140
        1    1.008   OAI222D0BWP30P140
        2     1.26   OAI22D0BWP30P140
        3     1.89   OAI31D0BWP30P140
        5     2.52   OR2D0BWP30P140
        2     1.26   OR3D0BWP30P140
       20    17.64   XNR2UD0BWP30P140
        8    7.056   XOR2UD0BWP30P140

   Chip area for module '\ScaleToFP32_INT8_x_E4M3_UE2M6': 163.296000
     of which used for sequential elements: 0.000000 (0.00%)

=== ScaleAddition_INT8_to_E4M3_scale_UE2M6 ===

        +----------Local Count, excluding submodules.
        |        +-Local Area, excluding submodules.
        |        | 
      829        - wires
      888        - wire bits
        8        - public wires
       67        - public wire bits
        8        - ports
       67        - port bits
      853   608.58 cells
       22   11.088   AN2D0BWP30P140
        9     5.67   AN3D0BWP30P140
        1    0.756   AN4D0BWP30P140
        1    0.756   AO211D0BWP30P140
        7     4.41   AO21D0BWP30P140
        2    1.512   AO22D0BWP30P140
        2     1.26   AOI211D0BWP30P140
       15     7.56   AOI21D0BWP30P140
       11     6.93   AOI22D0BWP30P140
        5     3.15   AOI31D0BWP30P140
        2    1.512   AOI32D0BWP30P140
        1    0.882   AOI33D0BWP30P140
       38    9.576   CKND0BWP30P140
      182   68.796   CKND2D0BWP30P140
        8     5.04   IAO21D0BWP30P140
       19    9.576   IND2D0BWP30P140
        2     1.26   IND3D0BWP30P140
       18    9.072   INR2D0BWP30P140
        1     0.63   INR3D0BWP30P140
        1     0.63   IOA21D0BWP30P140
      110    83.16   MAOI222D0BWP30P140
        1    0.756   MOAI22D0BWP30P140
       11    5.544   ND3D0BWP30P140
        3     1.89   ND4D0BWP30P140
       47   17.766   NR2D0BWP30P140
        5     2.52   NR3D0BWP30P140
        3     1.89   OA21D0BWP30P140
        1    0.882   OA22D0BWP30P140
        1     0.63   OAI211D0BWP30P140
       19    9.576   OAI21D0BWP30P140
        2     1.26   OAI22D0BWP30P140
        1     0.63   OAI31D0BWP30P140
        8    4.032   OR2D0BWP30P140
        4     2.52   OR3D0BWP30P140
      134  118.188   XNR2UD0BWP30P140
       47   82.908   XNR3UD0BWP30P140
        2    5.292   XNR4D0BWP30P140
       81   71.442   XOR2UD0BWP30P140
       24   42.336   XOR3UD0BWP30P140
        2    5.292   XOR4D0BWP30P140

   Chip area for module '\ScaleAddition_INT8_to_E4M3_scale_UE2M6': 608.580000
     of which used for sequential elements: 0.000000 (0.00%)

=== CustomOperator_INT8_to_E4M3 ===

        +----------Local Count, excluding submodules.
        |        +-Local Area, excluding submodules.
        |        | 
       86        - wires
      119        - wire bits
        6        - public wires
       39        - public wire bits
        5        - ports
       34        - port bits
       96   67.536 cells
        9    4.536   AN2D0BWP30P140
        1    0.756   AO22D0BWP30P140
        1     0.63   AOI22D0BWP30P140
        4    1.008   CKND0BWP30P140
       17    6.426   CKND2D0BWP30P140
        2    1.008   IND2D0BWP30P140
        2    1.008   INR2D0BWP30P140
        1     0.63   INR3D0BWP30P140
       10     7.56   MAOI222D0BWP30P140
        1    0.504   ND3D0BWP30P140
        4    1.512   NR2D0BWP30P140
        1    0.504   NR3D0BWP30P140
        2     1.26   OAI211D0BWP30P140
        6    3.024   OAI21D0BWP30P140
        2     1.26   OAI22D0BWP30P140
        1     0.63   OAI31D0BWP30P140
        2    1.008   OR2D0BWP30P140
        1    0.756   OR4D0BWP30P140
       12   10.584   XNR2UD0BWP30P140
        5     8.82   XNR3UD0BWP30P140
        8    7.056   XOR2UD0BWP30P140
        4    7.056   XOR3UD0BWP30P140

   Chip area for module '\CustomOperator_INT8_to_E4M3': 67.536000
     of which used for sequential elements: 0.000000 (0.00%)

=== design hierarchy ===

        +----------Count including submodules.
        |        +-Area including submodules.
        |        | 
    33635 2.24E+04 BFP_PE
       96   67.536 CustomOperator_INT8_to_E4M3
      898  554.904 FP32Adder
      853   608.58 ScaleAddition_INT8_to_E4M3_scale_UE2M6
      251  163.296 ScaleToFP32_INT8_x_E4M3_UE2M6

        +----------Count including submodules.
        |        +-Area including submodules.
        |        | 
    32334        - wires
    39464        - wire bits
      524        - public wires
     7654        - public wire bits
      330        - ports
     4501        - port bits
        -        - memories
        -        - memory bits
        -        - processes
    33635 2.24E+04 cells
      912  459.648   AN2D0BWP30P140
      240    151.2   AN3D0BWP30P140
       96   72.576   AN4D0BWP30P140
       48   36.288   AO211D0BWP30P140
      368   231.84   AO21D0BWP30P140
      144  108.864   AO22D0BWP30P140
      256   161.28   AOI211D0BWP30P140
     1280   645.12   AOI21D0BWP30P140
      240   181.44   AOI221D0BWP30P140
       32   32.256   AOI222D0BWP30P140
      704   443.52   AOI22D0BWP30P140
      128    80.64   AOI31D0BWP30P140
       32   24.192   AOI32D0BWP30P140
       16   14.112   AOI33D0BWP30P140
      560   493.92   CKMUX2D0BWP30P140
     1984  499.968   CKND0BWP30P140
     4528 1.71E+03   CKND2D0BWP30P140
       33   74.844   DFCNQD1BWP30P140
      384   241.92   IAO21D0BWP30P140
      688  346.752   IND2D0BWP30P140
       64    40.32   IND3D0BWP30P140
       80    60.48   IND4D0BWP30P140
      753  379.512   INR2D0BWP30P140
      160    100.8   INR3D0BWP30P140
       96   72.576   INR4D0BWP30P140
      144    90.72   IOA21D0BWP30P140
     2464 1.86E+03   MAOI222D0BWP30P140
      240   181.44   MAOI22D0BWP30P140
       96   72.576   MOAI22D0BWP30P140
     2336 1.77E+03   MUX2ND0BWP30P140
       32   56.448   MUX3D0BWP30P140
       16   26.208   MUX3ND0BWP30P140
       48  114.912   MUX4D0BWP30P140
      320   725.76   MUX4ND0BWP30P140
      432  217.728   ND3D0BWP30P140
      176   110.88   ND4D0BWP30P140
     2769 1.05E+03   NR2D0BWP30P140
      864  435.456   NR3D0BWP30P140
      288   181.44   NR4D0BWP30P140
       32   24.192   OA211D0BWP30P140
      208   131.04   OA21D0BWP30P140
       32   28.224   OA22D0BWP30P140
      272   171.36   OAI211D0BWP30P140
     1136  572.544   OAI21D0BWP30P140
       16   14.112   OAI221D0BWP30P140
       32   32.256   OAI222D0BWP30P140
      256   161.28   OAI22D0BWP30P140
      176   110.88   OAI31D0BWP30P140
       48   36.288   OAI32D0BWP30P140
       16   14.112   OAI33D0BWP30P140
      336  169.344   OR2D0BWP30P140
      224   141.12   OR3D0BWP30P140
       48   36.288   OR4D0BWP30P140
     3472 3.06E+03   XNR2UD0BWP30P140
      848  1.5E+03   XNR3UD0BWP30P140
       32   84.672   XNR4D0BWP30P140
     1920  1693.44   XOR2UD0BWP30P140
      448  790.272   XOR3UD0BWP30P140
       32   84.672   XOR4D0BWP30P140
       64 2.23E+04 submodules
       16 1.08E+03   CustomOperator_INT8_to_E4M3
       16 8.88E+03   FP32Adder
       16  9737.28   ScaleAddition_INT8_to_E4M3_scale_UE2M6
       16 2.61E+03   ScaleToFP32_INT8_x_E4M3_UE2M6

   Chip area for top module '\BFP_PE': 22408.974000
     of which used for sequential elements: 74.844000 (0.33%)

