
6. Printing statistics.

=== BFP_PE ===

        +----------Local Count, excluding submodules.
        |        +-Local Area, excluding submodules.
        |        | 
       89        - wires
      669        - wire bits
       68        - public wires
      648        - public wire bits
       10        - ports
      309        - port bits
       41   60.606 cells
       19   14.364   AO22D0BWP30P140
       20    45.36   DFCNQD1BWP30P140
        1    0.504   INR2D0BWP30P140
        1    0.378   NR2D0BWP30P140
       20        - submodules
       16        -   CustomOperator_E5M2_to_E4M3
        1        -   FPNAdder
        1        -   FixedFPTree_exp7_mant7_out7_vec16_range42
        1        -   ScaleAddition_E5M2_to_E4M3_scale_UE4M4
        1        -   ScaleToFP10b_E5M2_x_E4M3_UE4M4

   Chip area for module '\BFP_PE': 60.606000
     of which used for sequential elements: 45.360000 (74.84%)

=== FPNAdder ===

        +----------Local Count, excluding submodules.
        |        +-Local Area, excluding submodules.
        |        | 
      508        - wires
      595        - wire bits
        6        - public wires
       93        - public wire bits
        3        - ports
       57        - port bits
      521  319.662 cells
        6    3.024   AN2D0BWP30P140
        6     3.78   AN3D0BWP30P140
        1    0.756   AN4D0BWP30P140
        1    0.756   AO211D0BWP30P140
        9     5.67   AO21D0BWP30P140
       16    10.08   AOI211D0BWP30P140
       25     12.6   AOI21D0BWP30P140
        5     3.78   AOI221D0BWP30P140
        2    2.016   AOI222D0BWP30P140
        5     3.15   AOI22D0BWP30P140
        4     2.52   AOI31D0BWP30P140
        5     3.78   AOI32D0BWP30P140
       12   10.584   CKMUX2D0BWP30P140
       24    6.048   CKND0BWP30P140
       27   10.206   CKND2D0BWP30P140
        7     4.41   IAO21D0BWP30P140
       29   14.616   IND2D0BWP30P140
        2     1.26   IND3D0BWP30P140
        1    0.756   IND4D0BWP30P140
       15     7.56   INR2D0BWP30P140
        4     2.52   INR3D0BWP30P140
        2    1.512   INR4D0BWP30P140
        2     1.26   IOA21D0BWP30P140
        7    5.292   MAOI222D0BWP30P140
        1    0.756   MAOI22D0BWP30P140
        3    2.268   MOAI22D0BWP30P140
       47   35.532   MUX2ND0BWP30P140
        3    4.914   MUX3ND0BWP30P140
        1    2.394   MUX4D0BWP30P140
        3    6.804   MUX4ND0BWP30P140
       14    7.056   ND3D0BWP30P140
        4     2.52   ND4D0BWP30P140
       48   18.144   NR2D0BWP30P140
       26   13.104   NR3D0BWP30P140
       29    18.27   NR4D0BWP30P140
        3    2.268   OA211D0BWP30P140
        3     1.89   OA21D0BWP30P140
        1    0.882   OA22D0BWP30P140
        6     3.78   OAI211D0BWP30P140
       22   11.088   OAI21D0BWP30P140
        2    1.764   OAI221D0BWP30P140
        1    1.008   OAI222D0BWP30P140
        7     4.41   OAI22D0BWP30P140
        9     5.67   OAI31D0BWP30P140
        3    2.268   OAI32D0BWP30P140
       14    7.056   OR2D0BWP30P140
        1     0.63   OR3D0BWP30P140
        3    2.268   OR4D0BWP30P140
       32   28.224   XNR2UD0BWP30P140
        1    1.764   XNR3UD0BWP30P140
       17   14.994   XOR2UD0BWP30P140

   Chip area for module '\FPNAdder': 319.662000
     of which used for sequential elements: 0.000000 (0.00%)

=== ScaleToFP10b_E5M2_x_E4M3_UE4M4 ===

        +----------Local Count, excluding submodules.
        |        +-Local Area, excluding submodules.
        |        | 
      169        - wires
      210        - wire bits
        4        - public wires
       45        - public wire bits
        4        - ports
       45        - port bits
      184   112.77 cells
        7    3.528   AN2D0BWP30P140
        2     1.26   AN3D0BWP30P140
        3     1.89   AO21D0BWP30P140
        5     3.15   AOI211D0BWP30P140
       16    8.064   AOI21D0BWP30P140
        2    1.512   AOI221D0BWP30P140
        6    5.292   CKMUX2D0BWP30P140
        9    2.268   CKND0BWP30P140
       12    4.536   CKND2D0BWP30P140
        3     1.89   IAO21D0BWP30P140
        2    1.008   IND2D0BWP30P140
        1     0.63   IND3D0BWP30P140
        1    0.756   IND4D0BWP30P140
        5     2.52   INR2D0BWP30P140
        1     0.63   INR3D0BWP30P140
        4    3.024   INR4D0BWP30P140
        6     3.78   IOA21D0BWP30P140
        3    2.268   MAOI222D0BWP30P140
        1    0.756   MOAI22D0BWP30P140
       12    9.072   MUX2ND0BWP30P140
        2    3.276   MUX3ND0BWP30P140
        3    6.804   MUX4ND0BWP30P140
        1    0.504   ND3D0BWP30P140
        1     0.63   ND4D0BWP30P140
       17    6.426   NR2D0BWP30P140
       12    6.048   NR3D0BWP30P140
        7     4.41   NR4D0BWP30P140
        4     2.52   OA21D0BWP30P140
        2     1.26   OAI211D0BWP30P140
        8    4.032   OAI21D0BWP30P140
        1     0.63   OAI22D0BWP30P140
        4     2.52   OAI31D0BWP30P140
        1    0.756   OAI32D0BWP30P140
        6    3.024   OR2D0BWP30P140
        1     0.63   OR3D0BWP30P140
       11    9.702   XNR2UD0BWP30P140
        2    1.764   XOR2UD0BWP30P140

   Chip area for module '\ScaleToFP10b_E5M2_x_E4M3_UE4M4': 112.770000
     of which used for sequential elements: 0.000000 (0.00%)

=== ScaleAddition_E5M2_to_E4M3_scale_UE4M4 ===

        +----------Local Count, excluding submodules.
        |        +-Local Area, excluding submodules.
        |        | 
      414        - wires
      463        - wire bits
        8        - public wires
       57        - public wire bits
        8        - ports
       57        - port bits
      431  324.324 cells
       22   11.088   AN2D0BWP30P140
        8     5.04   AN3D0BWP30P140
        2    1.512   AN4D0BWP30P140
        1    0.756   AO211D0BWP30P140
        5     3.15   AO21D0BWP30P140
        3    2.268   AO22D0BWP30P140
        1     0.63   AOI211D0BWP30P140
       14    7.056   AOI21D0BWP30P140
        6     3.78   AOI22D0BWP30P140
        6     3.78   AOI31D0BWP30P140
        3    2.268   AOI32D0BWP30P140
       26    6.552   CKND0BWP30P140
       76   28.728   CKND2D0BWP30P140
        6     3.78   IAO21D0BWP30P140
        8    4.032   IND2D0BWP30P140
        2    1.512   IND4D0BWP30P140
        9    4.536   INR2D0BWP30P140
        1     0.63   INR3D0BWP30P140
        1     0.63   IOA21D0BWP30P140
       46   34.776   MAOI222D0BWP30P140
        2    1.512   MOAI22D0BWP30P140
        9    4.536   ND3D0BWP30P140
        4     2.52   ND4D0BWP30P140
       18    6.804   NR2D0BWP30P140
        3    1.512   NR3D0BWP30P140
        4     2.52   OA21D0BWP30P140
        2    1.764   OA22D0BWP30P140
        5     2.52   OAI21D0BWP30P140
        2     1.26   OAI22D0BWP30P140
        1    0.756   OAI32D0BWP30P140
        6    3.024   OR2D0BWP30P140
        2    1.512   OR4D0BWP30P140
       40    35.28   XNR2UD0BWP30P140
       29   51.156   XNR3UD0BWP30P140
       12   31.752   XNR4D0BWP30P140
       36   31.752   XOR2UD0BWP30P140
       10    17.64   XOR3UD0BWP30P140

   Chip area for module '\ScaleAddition_E5M2_to_E4M3_scale_UE4M4': 324.324000
     of which used for sequential elements: 0.000000 (0.00%)

=== FixedFPTree_exp7_mant7_out7_vec16_range42 ===

        +----------Local Count, excluding submodules.
        |        +-Local Area, excluding submodules.
        |        | 
     8554        - wires
     9724        - wire bits
       72        - public wires
     1242        - public wire bits
       51        - ports
      255        - port bits
     8497 5.67E+03 cells
      263  132.552   AN2D0BWP30P140
       33    20.79   AN3D0BWP30P140
       11    8.316   AN4D0BWP30P140
       37   27.972   AO211D0BWP30P140
      183   115.29   AO21D0BWP30P140
       13    9.828   AO22D0BWP30P140
      120     75.6   AOI211D0BWP30P140
      410   206.64   AOI21D0BWP30P140
       25     18.9   AOI221D0BWP30P140
        4    4.032   AOI222D0BWP30P140
       66    41.58   AOI22D0BWP30P140
       71    44.73   AOI31D0BWP30P140
       25     18.9   AOI32D0BWP30P140
       11    9.702   AOI33D0BWP30P140
       69   60.858   CKMUX2D0BWP30P140
      472  118.944   CKND0BWP30P140
      769  290.682   CKND2D0BWP30P140
      111    69.93   IAO21D0BWP30P140
      172   86.688   IND2D0BWP30P140
       21    13.23   IND3D0BWP30P140
       16   12.096   IND4D0BWP30P140
      154   77.616   INR2D0BWP30P140
        9     5.67   INR3D0BWP30P140
       15    11.34   INR4D0BWP30P140
      166   104.58   IOA21D0BWP30P140
        1    0.882   IOA22D0BWP30P140
      434  328.104   MAOI222D0BWP30P140
       20    15.12   MAOI22D0BWP30P140
       14   10.584   MOAI22D0BWP30P140
      217  164.052   MUX2ND0BWP30P140
        6   10.584   MUX3D0BWP30P140
        4    6.552   MUX3ND0BWP30P140
       20    47.88   MUX4D0BWP30P140
       75    170.1   MUX4ND0BWP30P140
      151   76.104   ND3D0BWP30P140
       49    30.87   ND4D0BWP30P140
      971  367.038   NR2D0BWP30P140
      178   89.712   NR3D0BWP30P140
       68    42.84   NR4D0BWP30P140
       22   16.632   OA211D0BWP30P140
       60     37.8   OA21D0BWP30P140
       12   10.584   OA22D0BWP30P140
       57    35.91   OAI211D0BWP30P140
      274  138.096   OAI21D0BWP30P140
        6    5.292   OAI221D0BWP30P140
        2    2.016   OAI222D0BWP30P140
       71    44.73   OAI22D0BWP30P140
       92    57.96   OAI31D0BWP30P140
       37   27.972   OAI32D0BWP30P140
        9    7.938   OAI33D0BWP30P140
      133   67.032   OR2D0BWP30P140
       29    18.27   OR3D0BWP30P140
       23   17.388   OR4D0BWP30P140
      953  840.546   XNR2UD0BWP30P140
      165   291.06   XNR3UD0BWP30P140
        6   15.876   XNR4D0BWP30P140
      945   833.49   XOR2UD0BWP30P140
      147  259.308   XOR3UD0BWP30P140

   Chip area for module '\FixedFPTree_exp7_mant7_out7_vec16_range42': 5674.788000
     of which used for sequential elements: 0.000000 (0.00%)

=== CustomOperator_E5M2_to_E4M3 ===

        +----------Local Count, excluding submodules.
        |        +-Local Area, excluding submodules.
        |        | 
       58        - wires
       84        - wire bits
        5        - public wires
       31        - public wire bits
        5        - ports
       31        - port bits
       67   46.368 cells
        3    1.512   AN2D0BWP30P140
        2     1.26   AOI211D0BWP30P140
        1    0.504   AOI21D0BWP30P140
        1     0.63   AOI22D0BWP30P140
        2     1.26   AOI31D0BWP30P140
        3    0.756   CKND0BWP30P140
        6    2.268   CKND2D0BWP30P140
        1     0.63   IAO21D0BWP30P140
        3    1.512   IND2D0BWP30P140
        3    1.512   INR2D0BWP30P140
        1     0.63   IOA21D0BWP30P140
        7    5.292   MAOI222D0BWP30P140
        2    1.008   ND3D0BWP30P140
        1     0.63   ND4D0BWP30P140
        3    1.134   NR2D0BWP30P140
        1    0.504   NR3D0BWP30P140
        1     0.63   NR4D0BWP30P140
        1     0.63   OA21D0BWP30P140
        1     0.63   OAI22D0BWP30P140
        2     1.26   OAI31D0BWP30P140
        1    0.504   OR2D0BWP30P140
        1     0.63   OR3D0BWP30P140
        1    0.756   OR4D0BWP30P140
       10     8.82   XNR2UD0BWP30P140
        3    5.292   XNR3UD0BWP30P140
        5     4.41   XOR2UD0BWP30P140
        1    1.764   XOR3UD0BWP30P140

   Chip area for module '\CustomOperator_E5M2_to_E4M3': 46.368000
     of which used for sequential elements: 0.000000 (0.00%)

=== design hierarchy ===

        +----------Count including submodules.
        |        +-Area including submodules.
        |        | 
    10746 7.23E+03 BFP_PE
       67   46.368 CustomOperator_E5M2_to_E4M3
      521  319.662 FPNAdder
     8497 5.67E+03 FixedFPTree_exp7_mant7_out7_vec16_range42
      431  324.324 ScaleAddition_E5M2_to_E4M3_scale_UE4M4
      184   112.77 ScaleToFP10b_E5M2_x_E4M3_UE4M4

        +----------Count including submodules.
        |        +-Area including submodules.
        |        | 
    10662        - wires
    13005        - wire bits
      238        - public wires
     2581        - public wire bits
      156        - ports
     1219        - port bits
        -        - memories
        -        - memory bits
        -        - processes
    10746 7.23E+03 cells
      346  174.384   AN2D0BWP30P140
       49    30.87   AN3D0BWP30P140
       14   10.584   AN4D0BWP30P140
       39   29.484   AO211D0BWP30P140
      200      126   AO21D0BWP30P140
       35    26.46   AO22D0BWP30P140
      174   109.62   AOI211D0BWP30P140
      481  242.424   AOI21D0BWP30P140
       32   24.192   AOI221D0BWP30P140
        6    6.048   AOI222D0BWP30P140
       93    58.59   AOI22D0BWP30P140
      113    71.19   AOI31D0BWP30P140
       33   24.948   AOI32D0BWP30P140
       11    9.702   AOI33D0BWP30P140
       87   76.734   CKMUX2D0BWP30P140
      579  145.908   CKND0BWP30P140
      980   370.44   CKND2D0BWP30P140
       20    45.36   DFCNQD1BWP30P140
      143    90.09   IAO21D0BWP30P140
      259  130.536   IND2D0BWP30P140
       24    15.12   IND3D0BWP30P140
       20    15.12   IND4D0BWP30P140
      232  116.928   INR2D0BWP30P140
       15     9.45   INR3D0BWP30P140
       21   15.876   INR4D0BWP30P140
      191   120.33   IOA21D0BWP30P140
        1    0.882   IOA22D0BWP30P140
      602  455.112   MAOI222D0BWP30P140
       21   15.876   MAOI22D0BWP30P140
       20    15.12   MOAI22D0BWP30P140
      276  208.656   MUX2ND0BWP30P140
        6   10.584   MUX3D0BWP30P140
        9   14.742   MUX3ND0BWP30P140
       21   50.274   MUX4D0BWP30P140
       81  183.708   MUX4ND0BWP30P140
      207  104.328   ND3D0BWP30P140
       74    46.62   ND4D0BWP30P140
     1103  416.934   NR2D0BWP30P140
      235   118.44   NR3D0BWP30P140
      120     75.6   NR4D0BWP30P140
       25     18.9   OA211D0BWP30P140
       87    54.81   OA21D0BWP30P140
       15    13.23   OA22D0BWP30P140
       65    40.95   OAI211D0BWP30P140
      309  155.736   OAI21D0BWP30P140
        8    7.056   OAI221D0BWP30P140
        3    3.024   OAI222D0BWP30P140
       97    61.11   OAI22D0BWP30P140
      137    86.31   OAI31D0BWP30P140
       42   31.752   OAI32D0BWP30P140
        9    7.938   OAI33D0BWP30P140
      175     88.2   OR2D0BWP30P140
       47    29.61   OR3D0BWP30P140
       44   33.264   OR4D0BWP30P140
     1196 1.05E+03   XNR2UD0BWP30P140
      243  428.652   XNR3UD0BWP30P140
       18   47.628   XNR4D0BWP30P140
     1080   952.56   XOR2UD0BWP30P140
      173  305.172   XOR3UD0BWP30P140
       20 7.17E+03 submodules
       16  741.888   CustomOperator_E5M2_to_E4M3
        1  319.662   FPNAdder
        1 5.67E+03   FixedFPTree_exp7_mant7_out7_vec16_range42
        1  324.324   ScaleAddition_E5M2_to_E4M3_scale_UE4M4
        1   112.77   ScaleToFP10b_E5M2_x_E4M3_UE4M4

   Chip area for top module '\BFP_PE': 7234.038000
     of which used for sequential elements: 45.360000 (0.63%)

