Startpoint: reset (input port clocked by CORE_CLK)
Endpoint: _068_ (recovery check against rising-edge clock CORE_CLK)
Path Group: asynchronous
Path Type: max

    Delay      Time   Description
-------------------------------------------------------------
   0.0000    0.0000   clock CORE_CLK (rise edge)
   0.0000    0.0000   clock network delay (ideal)
   0.0000    0.0000 ^ input external delay
   0.0000    0.0000 ^ reset (in)
   0.0000    0.0000 ^ _068_/CDN (DFCNQD1BWP30P140)
             0.0000   data arrival time

  20.0000   20.0000   clock CORE_CLK (rise edge)
   0.0000   20.0000   clock network delay (ideal)
  -0.0500   19.9500   clock uncertainty
   0.0000   19.9500   clock reconvergence pessimism
            19.9500 ^ _068_/CP (DFCNQD1BWP30P140)
   0.0258   19.9758   library recovery time
            19.9758   data required time
-------------------------------------------------------------
            19.9758   data required time
            -0.0000   data arrival time
-------------------------------------------------------------
            19.9758   slack (MET)


Startpoint: io_share_exp_B_i[5] (input port clocked by CORE_CLK)
Endpoint: _070_ (rising edge-triggered flip-flop clocked by CORE_CLK)
Path Group: CORE_CLK
Path Type: max

    Delay      Time   Description
-------------------------------------------------------------
   0.0000    0.0000   clock CORE_CLK (rise edge)
   0.0000    0.0000   clock network delay (ideal)
   0.0000    0.0000 v input external delay
   0.0000    0.0000 v io_share_exp_B_i[5] (in)
   0.0388    0.0388 v reducedSum_sa/_0549_/Z (OR4D0BWP30P140)
   0.0188    0.0576 ^ reducedSum_sa/_0553_/ZN (CKND2D0BWP30P140)
   0.0462    0.1038 v reducedSum_sa/_0584_/Z (XOR3UD0BWP30P140)
   0.0658    0.1696 v reducedSum_sa/_0595_/Z (XOR3UD0BWP30P140)
   0.0576    0.2272 v reducedSum_sa/_0605_/ZN (XNR3UD0BWP30P140)
   0.0358    0.2630 ^ reducedSum_sa/_0614_/ZN (MAOI222D0BWP30P140)
   0.0315    0.2945 v reducedSum_sa/_0616_/ZN (MAOI222D0BWP30P140)
   0.0392    0.3337 ^ reducedSum_sa/_0618_/ZN (MAOI222D0BWP30P140)
   0.0307    0.3644 v reducedSum_sa/_0620_/ZN (MAOI222D0BWP30P140)
   0.0466    0.4110 v reducedSum_sa/_0629_/ZN (XNR2UD0BWP30P140)
   0.0371    0.4482 ^ reducedSum_sa/_0742_/ZN (CKND2D0BWP30P140)
   0.0586    0.5068 v reducedSum_sa/_0805_/ZN (XNR3UD0BWP30P140)
   0.0569    0.5636 v reducedSum_sa/_0838_/ZN (XNR3UD0BWP30P140)
   0.0662    0.6298 v reducedSum_sa/_0874_/Z (XOR3UD0BWP30P140)
   0.0582    0.6880 v reducedSum_sa/_0898_/ZN (XNR3UD0BWP30P140)
   0.0584    0.7464 v reducedSum_sa/_0923_/ZN (XNR3UD0BWP30P140)
   0.0360    0.7824 ^ reducedSum_sa/_0987_/ZN (MAOI222D0BWP30P140)
   0.0303    0.8127 v reducedSum_sa/_0989_/ZN (MAOI222D0BWP30P140)
   0.0353    0.8480 ^ reducedSum_sa/_0992_/ZN (AOI21D0BWP30P140)
   0.0352    0.8832 v reducedSum_sa/_0996_/ZN (OAI221D0BWP30P140)
   0.0335    0.9167 ^ reducedSum_sa/_0998_/ZN (AOI31D0BWP30P140)
   0.0246    0.9413 v reducedSum_sa/_1000_/ZN (OAI21D0BWP30P140)
   0.0358    0.9771 ^ reducedSum_sa/_1002_/ZN (MAOI222D0BWP30P140)
   0.0287    1.0059 v reducedSum_sa/_1006_/ZN (OAI22D0BWP30P140)
   0.0364    1.0422 ^ reducedSum_sa/_1021_/ZN (MAOI222D0BWP30P140)
   0.0245    1.0668 v reducedSum_sa/_1035_/ZN (XNR2UD0BWP30P140)
   0.0174    1.0841 ^ reducedSum_reduced_nextLevel_adder/_0613_/ZN (CKND0BWP30P140)
   0.0202    1.1044 v reducedSum_reduced_nextLevel_adder/_0674_/ZN (OAI22D0BWP30P140)
   0.0219    1.1263 ^ reducedSum_reduced_nextLevel_adder/_0676_/ZN (AOI21D0BWP30P140)
   0.0267    1.1529 v reducedSum_reduced_nextLevel_adder/_0677_/ZN (OAI211D0BWP30P140)
   0.0188    1.1718 ^ reducedSum_reduced_nextLevel_adder/_0680_/ZN (NR2D0BWP30P140)
   0.0132    1.1850 v reducedSum_reduced_nextLevel_adder/_0681_/ZN (AOI221D0BWP30P140)
   0.0168    1.2018 ^ reducedSum_reduced_nextLevel_adder/_0682_/ZN (OAI31D0BWP30P140)
   0.4250    1.6268 v reducedSum_reduced_nextLevel_adder/_0684_/ZN (AOI21D0BWP30P140)
   0.1584    1.7852 ^ reducedSum_reduced_nextLevel_adder/_0865_/ZN (MUX4ND0BWP30P140)
   0.0249    1.8101 v reducedSum_reduced_nextLevel_adder/_0885_/ZN (MUX2ND0BWP30P140)
   0.0317    1.8418 v reducedSum_reduced_nextLevel_adder/_0954_/ZN (MOAI22D0BWP30P140)
   0.0451    1.8869 ^ reducedSum_reduced_nextLevel_adder/_0956_/ZN (AOI211D0BWP30P140)
   0.0370    1.9239 ^ reducedSum_reduced_nextLevel_adder/_0961_/Z (AN3D0BWP30P140)
   0.0245    1.9485 v reducedSum_reduced_nextLevel_adder/_0966_/ZN (AOI31D0BWP30P140)
   0.0284    1.9769 ^ reducedSum_reduced_nextLevel_adder/_0967_/ZN (OAI221D0BWP30P140)
   0.0263    2.0031 v reducedSum_reduced_nextLevel_adder/_0968_/ZN (AOI31D0BWP30P140)
   0.0331    2.0363 ^ reducedSum_reduced_nextLevel_adder/_0970_/ZN (MAOI222D0BWP30P140)
   0.0298    2.0661 v reducedSum_reduced_nextLevel_adder/_0972_/ZN (MAOI222D0BWP30P140)
   0.0350    2.1011 ^ reducedSum_reduced_nextLevel_adder/_0974_/ZN (MAOI222D0BWP30P140)
   0.0245    2.1256 v reducedSum_reduced_nextLevel_adder/_0979_/ZN (AOI21D0BWP30P140)
   0.0280    2.1536 ^ reducedSum_reduced_nextLevel_adder/_0984_/ZN (OAI31D0BWP30P140)
   0.0221    2.1756 v reducedSum_reduced_nextLevel_adder/_0986_/ZN (AOI31D0BWP30P140)
   0.0292    2.2048 v reducedSum_reduced_nextLevel_adder/_0987_/ZN (IAO21D0BWP30P140)
   0.0179    2.2227 ^ reducedSum_reduced_nextLevel_adder/_0993_/ZN (OAI21D0BWP30P140)
   0.0228    2.2455 v reducedSum_reduced_nextLevel_adder/_0994_/ZN (AOI31D0BWP30P140)
   0.0351    2.2806 ^ reducedSum_reduced_nextLevel_adder/_0995_/ZN (MAOI222D0BWP30P140)
   0.0218    2.3023 v reducedSum_reduced_nextLevel_adder/_0999_/ZN (AOI211D0BWP30P140)
   0.0333    2.3356 ^ reducedSum_reduced_nextLevel_adder/_1001_/ZN (OAI31D0BWP30P140)
   0.1071    2.4427 v reducedSum_reduced_nextLevel_adder/_1005_/ZN (OAI21D0BWP30P140)
   0.0568    2.4996 v reducedSum_reduced_nextLevel_adder/_1020_/ZN (MUX2ND0BWP30P140)
   0.0362    2.5358 ^ reducedSum_reduced_nextLevel_adder/_1032_/ZN (NR4D0BWP30P140)
   0.0511    2.5869 v reducedSum_reduced_nextLevel_adder/_1046_/ZN (ND4D0BWP30P140)
   0.0374    2.6243 ^ reducedSum_reduced_nextLevel_adder/_1063_/ZN (NR4D0BWP30P140)
   0.0459    2.6702 v reducedSum_reduced_nextLevel_adder/_1078_/ZN (ND4D0BWP30P140)
   0.0443    2.7145 ^ reducedSum_reduced_nextLevel_adder/_1094_/ZN (INR4D0BWP30P140)
   0.0526    2.7671 v reducedSum_reduced_nextLevel_adder/_1111_/ZN (ND4D0BWP30P140)
   0.0520    2.8191 v reducedSum_reduced_nextLevel_adder/_1189_/ZN (IND4D0BWP30P140)
   0.0346    2.8537 ^ reducedSum_reduced_nextLevel_adder/_1190_/ZN (NR2D0BWP30P140)
   0.0213    2.8750 v reducedSum_reduced_nextLevel_adder/_1206_/ZN (NR3D0BWP30P140)
   0.0312    2.9062 v reducedSum_reduced_nextLevel_adder_16/_0624_/ZN (XNR2UD0BWP30P140)
   0.0325    2.9387 v reducedSum_reduced_nextLevel_adder_16/_0625_/Z (AO21D0BWP30P140)
   0.0237    2.9625 ^ reducedSum_reduced_nextLevel_adder_16/_0628_/ZN (AOI211D0BWP30P140)
   0.0234    2.9859 v reducedSum_reduced_nextLevel_adder_16/_0630_/ZN (OAI31D0BWP30P140)
   0.0337    3.0196 ^ reducedSum_reduced_nextLevel_adder_16/_0631_/ZN (MAOI222D0BWP30P140)
   0.0277    3.0473 v reducedSum_reduced_nextLevel_adder_16/_0633_/ZN (XNR2UD0BWP30P140)
   0.0271    3.0744 v reducedSum_reduced_nextLevel_adder_16/_0645_/Z (AN2D0BWP30P140)
   0.5368    3.6112 ^ reducedSum_reduced_nextLevel_adder_16/_0684_/ZN (AOI21D0BWP30P140)
   0.0547    3.6659 v reducedSum_reduced_nextLevel_adder_16/_0704_/ZN (MUX4ND0BWP30P140)
   0.0639    3.7298 ^ reducedSum_reduced_nextLevel_adder_16/_0739_/ZN (MUX2ND0BWP30P140)
   0.0306    3.7604 v reducedSum_reduced_nextLevel_adder_16/_0778_/ZN (MUX2ND0BWP30P140)
   0.0310    3.7914 v reducedSum_reduced_nextLevel_adder_16/_0957_/Z (OR2D0BWP30P140)
   0.0214    3.8128 v reducedSum_reduced_nextLevel_adder_16/_0961_/Z (AN3D0BWP30P140)
   0.0222    3.8350 ^ reducedSum_reduced_nextLevel_adder_16/_0966_/ZN (AOI31D0BWP30P140)
   0.0321    3.8671 v reducedSum_reduced_nextLevel_adder_16/_0967_/ZN (OAI221D0BWP30P140)
   0.0355    3.9027 ^ reducedSum_reduced_nextLevel_adder_16/_0968_/ZN (AOI31D0BWP30P140)
   0.0267    3.9293 v reducedSum_reduced_nextLevel_adder_16/_0970_/ZN (MAOI222D0BWP30P140)
   0.0396    3.9689 ^ reducedSum_reduced_nextLevel_adder_16/_0972_/ZN (MAOI222D0BWP30P140)
   0.0284    3.9973 v reducedSum_reduced_nextLevel_adder_16/_0974_/ZN (MAOI222D0BWP30P140)
   0.0336    4.0309 ^ reducedSum_reduced_nextLevel_adder_16/_0979_/ZN (AOI21D0BWP30P140)
   0.0197    4.0506 v reducedSum_reduced_nextLevel_adder_16/_0984_/ZN (OAI31D0BWP30P140)
   0.0222    4.0728 ^ reducedSum_reduced_nextLevel_adder_16/_0986_/ZN (AOI31D0BWP30P140)
   0.0276    4.1003 ^ reducedSum_reduced_nextLevel_adder_16/_0987_/ZN (IAO21D0BWP30P140)
   0.0170    4.1174 v reducedSum_reduced_nextLevel_adder_16/_0993_/ZN (OAI21D0BWP30P140)
   0.0244    4.1418 ^ reducedSum_reduced_nextLevel_adder_16/_0994_/ZN (AOI31D0BWP30P140)
   0.0279    4.1698 v reducedSum_reduced_nextLevel_adder_16/_0995_/ZN (MAOI222D0BWP30P140)
   0.0345    4.2043 ^ reducedSum_reduced_nextLevel_adder_16/_0999_/ZN (AOI211D0BWP30P140)
   0.0234    4.2276 v reducedSum_reduced_nextLevel_adder_16/_1001_/ZN (OAI31D0BWP30P140)
   0.1204    4.3480 ^ reducedSum_reduced_nextLevel_adder_16/_1005_/ZN (OAI21D0BWP30P140)
   0.0309    4.3789 v reducedSum_reduced_nextLevel_adder_16/_1020_/ZN (MUX2ND0BWP30P140)
   0.0362    4.4152 ^ reducedSum_reduced_nextLevel_adder_16/_1032_/ZN (NR4D0BWP30P140)
   0.0511    4.4663 v reducedSum_reduced_nextLevel_adder_16/_1046_/ZN (ND4D0BWP30P140)
   0.0374    4.5037 ^ reducedSum_reduced_nextLevel_adder_16/_1063_/ZN (NR4D0BWP30P140)
   0.0459    4.5496 v reducedSum_reduced_nextLevel_adder_16/_1078_/ZN (ND4D0BWP30P140)
   0.0443    4.5939 ^ reducedSum_reduced_nextLevel_adder_16/_1094_/ZN (INR4D0BWP30P140)
   0.0526    4.6465 v reducedSum_reduced_nextLevel_adder_16/_1111_/ZN (ND4D0BWP30P140)
   0.0520    4.6985 v reducedSum_reduced_nextLevel_adder_16/_1189_/ZN (IND4D0BWP30P140)
   0.0346    4.7331 ^ reducedSum_reduced_nextLevel_adder_16/_1190_/ZN (NR2D0BWP30P140)
   0.0213    4.7544 v reducedSum_reduced_nextLevel_adder_16/_1206_/ZN (NR3D0BWP30P140)
   0.0312    4.7856 v reducedSum_reduced_nextLevel_adder_24/_0624_/ZN (XNR2UD0BWP30P140)
   0.0325    4.8181 v reducedSum_reduced_nextLevel_adder_24/_0625_/Z (AO21D0BWP30P140)
   0.0237    4.8418 ^ reducedSum_reduced_nextLevel_adder_24/_0628_/ZN (AOI211D0BWP30P140)
   0.0234    4.8652 v reducedSum_reduced_nextLevel_adder_24/_0630_/ZN (OAI31D0BWP30P140)
   0.0337    4.8990 ^ reducedSum_reduced_nextLevel_adder_24/_0631_/ZN (MAOI222D0BWP30P140)
   0.0277    4.9267 v reducedSum_reduced_nextLevel_adder_24/_0633_/ZN (XNR2UD0BWP30P140)
   0.0271    4.9538 v reducedSum_reduced_nextLevel_adder_24/_0645_/Z (AN2D0BWP30P140)
   0.5368    5.4905 ^ reducedSum_reduced_nextLevel_adder_24/_0684_/ZN (AOI21D0BWP30P140)
   0.0547    5.5453 v reducedSum_reduced_nextLevel_adder_24/_0704_/ZN (MUX4ND0BWP30P140)
   0.0639    5.6092 ^ reducedSum_reduced_nextLevel_adder_24/_0739_/ZN (MUX2ND0BWP30P140)
   0.0306    5.6398 v reducedSum_reduced_nextLevel_adder_24/_0778_/ZN (MUX2ND0BWP30P140)
   0.0310    5.6708 v reducedSum_reduced_nextLevel_adder_24/_0957_/Z (OR2D0BWP30P140)
   0.0214    5.6922 v reducedSum_reduced_nextLevel_adder_24/_0961_/Z (AN3D0BWP30P140)
   0.0222    5.7144 ^ reducedSum_reduced_nextLevel_adder_24/_0966_/ZN (AOI31D0BWP30P140)
   0.0321    5.7465 v reducedSum_reduced_nextLevel_adder_24/_0967_/ZN (OAI221D0BWP30P140)
   0.0355    5.7820 ^ reducedSum_reduced_nextLevel_adder_24/_0968_/ZN (AOI31D0BWP30P140)
   0.0267    5.8087 v reducedSum_reduced_nextLevel_adder_24/_0970_/ZN (MAOI222D0BWP30P140)
   0.0396    5.8483 ^ reducedSum_reduced_nextLevel_adder_24/_0972_/ZN (MAOI222D0BWP30P140)
   0.0284    5.8766 v reducedSum_reduced_nextLevel_adder_24/_0974_/ZN (MAOI222D0BWP30P140)
   0.0336    5.9102 ^ reducedSum_reduced_nextLevel_adder_24/_0979_/ZN (AOI21D0BWP30P140)
   0.0197    5.9300 v reducedSum_reduced_nextLevel_adder_24/_0984_/ZN (OAI31D0BWP30P140)
   0.0222    5.9522 ^ reducedSum_reduced_nextLevel_adder_24/_0986_/ZN (AOI31D0BWP30P140)
   0.0276    5.9797 ^ reducedSum_reduced_nextLevel_adder_24/_0987_/ZN (IAO21D0BWP30P140)
   0.0170    5.9967 v reducedSum_reduced_nextLevel_adder_24/_0993_/ZN (OAI21D0BWP30P140)
   0.0244    6.0212 ^ reducedSum_reduced_nextLevel_adder_24/_0994_/ZN (AOI31D0BWP30P140)
   0.0279    6.0491 v reducedSum_reduced_nextLevel_adder_24/_0995_/ZN (MAOI222D0BWP30P140)
   0.0345    6.0836 ^ reducedSum_reduced_nextLevel_adder_24/_0999_/ZN (AOI211D0BWP30P140)
   0.0234    6.1070 v reducedSum_reduced_nextLevel_adder_24/_1001_/ZN (OAI31D0BWP30P140)
   0.1204    6.2274 ^ reducedSum_reduced_nextLevel_adder_24/_1005_/ZN (OAI21D0BWP30P140)
   0.0309    6.2583 v reducedSum_reduced_nextLevel_adder_24/_1020_/ZN (MUX2ND0BWP30P140)
   0.0362    6.2945 ^ reducedSum_reduced_nextLevel_adder_24/_1032_/ZN (NR4D0BWP30P140)
   0.0511    6.3456 v reducedSum_reduced_nextLevel_adder_24/_1046_/ZN (ND4D0BWP30P140)
   0.0374    6.3830 ^ reducedSum_reduced_nextLevel_adder_24/_1063_/ZN (NR4D0BWP30P140)
   0.0459    6.4290 v reducedSum_reduced_nextLevel_adder_24/_1078_/ZN (ND4D0BWP30P140)
   0.0443    6.4733 ^ reducedSum_reduced_nextLevel_adder_24/_1094_/ZN (INR4D0BWP30P140)
   0.0526    6.5259 v reducedSum_reduced_nextLevel_adder_24/_1111_/ZN (ND4D0BWP30P140)
   0.0520    6.5778 v reducedSum_reduced_nextLevel_adder_24/_1189_/ZN (IND4D0BWP30P140)
   0.0346    6.6125 ^ reducedSum_reduced_nextLevel_adder_24/_1190_/ZN (NR2D0BWP30P140)
   0.0213    6.6338 v reducedSum_reduced_nextLevel_adder_24/_1206_/ZN (NR3D0BWP30P140)
   0.0312    6.6649 v reducedSum_reduced_nextLevel_adder_28/_0624_/ZN (XNR2UD0BWP30P140)
   0.0325    6.6975 v reducedSum_reduced_nextLevel_adder_28/_0625_/Z (AO21D0BWP30P140)
   0.0237    6.7212 ^ reducedSum_reduced_nextLevel_adder_28/_0628_/ZN (AOI211D0BWP30P140)
   0.0234    6.7446 v reducedSum_reduced_nextLevel_adder_28/_0630_/ZN (OAI31D0BWP30P140)
   0.0337    6.7783 ^ reducedSum_reduced_nextLevel_adder_28/_0631_/ZN (MAOI222D0BWP30P140)
   0.0277    6.8060 v reducedSum_reduced_nextLevel_adder_28/_0633_/ZN (XNR2UD0BWP30P140)
   0.0271    6.8331 v reducedSum_reduced_nextLevel_adder_28/_0645_/Z (AN2D0BWP30P140)
   0.5368    7.3699 ^ reducedSum_reduced_nextLevel_adder_28/_0684_/ZN (AOI21D0BWP30P140)
   0.0547    7.4246 v reducedSum_reduced_nextLevel_adder_28/_0704_/ZN (MUX4ND0BWP30P140)
   0.0639    7.4885 ^ reducedSum_reduced_nextLevel_adder_28/_0739_/ZN (MUX2ND0BWP30P140)
   0.0306    7.5192 v reducedSum_reduced_nextLevel_adder_28/_0778_/ZN (MUX2ND0BWP30P140)
   0.0310    7.5502 v reducedSum_reduced_nextLevel_adder_28/_0957_/Z (OR2D0BWP30P140)
   0.0214    7.5715 v reducedSum_reduced_nextLevel_adder_28/_0961_/Z (AN3D0BWP30P140)
   0.0222    7.5937 ^ reducedSum_reduced_nextLevel_adder_28/_0966_/ZN (AOI31D0BWP30P140)
   0.0321    7.6259 v reducedSum_reduced_nextLevel_adder_28/_0967_/ZN (OAI221D0BWP30P140)
   0.0355    7.6614 ^ reducedSum_reduced_nextLevel_adder_28/_0968_/ZN (AOI31D0BWP30P140)
   0.0267    7.6881 v reducedSum_reduced_nextLevel_adder_28/_0970_/ZN (MAOI222D0BWP30P140)
   0.0396    7.7276 ^ reducedSum_reduced_nextLevel_adder_28/_0972_/ZN (MAOI222D0BWP30P140)
   0.0284    7.7560 v reducedSum_reduced_nextLevel_adder_28/_0974_/ZN (MAOI222D0BWP30P140)
   0.0336    7.7896 ^ reducedSum_reduced_nextLevel_adder_28/_0979_/ZN (AOI21D0BWP30P140)
   0.0197    7.8093 v reducedSum_reduced_nextLevel_adder_28/_0984_/ZN (OAI31D0BWP30P140)
   0.0222    7.8315 ^ reducedSum_reduced_nextLevel_adder_28/_0986_/ZN (AOI31D0BWP30P140)
   0.0276    7.8591 ^ reducedSum_reduced_nextLevel_adder_28/_0987_/ZN (IAO21D0BWP30P140)
   0.0170    7.8761 v reducedSum_reduced_nextLevel_adder_28/_0993_/ZN (OAI21D0BWP30P140)
   0.0244    7.9006 ^ reducedSum_reduced_nextLevel_adder_28/_0994_/ZN (AOI31D0BWP30P140)
   0.0279    7.9285 v reducedSum_reduced_nextLevel_adder_28/_0995_/ZN (MAOI222D0BWP30P140)
   0.0345    7.9630 ^ reducedSum_reduced_nextLevel_adder_28/_0999_/ZN (AOI211D0BWP30P140)
   0.0234    7.9864 v reducedSum_reduced_nextLevel_adder_28/_1001_/ZN (OAI31D0BWP30P140)
   0.1204    8.1068 ^ reducedSum_reduced_nextLevel_adder_28/_1005_/ZN (OAI21D0BWP30P140)
   0.0309    8.1377 v reducedSum_reduced_nextLevel_adder_28/_1020_/ZN (MUX2ND0BWP30P140)
   0.0362    8.1739 ^ reducedSum_reduced_nextLevel_adder_28/_1032_/ZN (NR4D0BWP30P140)
   0.0511    8.2250 v reducedSum_reduced_nextLevel_adder_28/_1046_/ZN (ND4D0BWP30P140)
   0.0374    8.2624 ^ reducedSum_reduced_nextLevel_adder_28/_1063_/ZN (NR4D0BWP30P140)
   0.0459    8.3083 v reducedSum_reduced_nextLevel_adder_28/_1078_/ZN (ND4D0BWP30P140)
   0.0443    8.3527 ^ reducedSum_reduced_nextLevel_adder_28/_1094_/ZN (INR4D0BWP30P140)
   0.0526    8.4052 v reducedSum_reduced_nextLevel_adder_28/_1111_/ZN (ND4D0BWP30P140)
   0.0520    8.4572 v reducedSum_reduced_nextLevel_adder_28/_1189_/ZN (IND4D0BWP30P140)
   0.0346    8.4918 ^ reducedSum_reduced_nextLevel_adder_28/_1190_/ZN (NR2D0BWP30P140)
   0.0213    8.5131 v reducedSum_reduced_nextLevel_adder_28/_1206_/ZN (NR3D0BWP30P140)
   0.0312    8.5443 v reducedSum_reduced_nextLevel_adder_30/_0624_/ZN (XNR2UD0BWP30P140)
   0.0325    8.5768 v reducedSum_reduced_nextLevel_adder_30/_0625_/Z (AO21D0BWP30P140)
   0.0237    8.6006 ^ reducedSum_reduced_nextLevel_adder_30/_0628_/ZN (AOI211D0BWP30P140)
   0.0234    8.6240 v reducedSum_reduced_nextLevel_adder_30/_0630_/ZN (OAI31D0BWP30P140)
   0.0337    8.6577 ^ reducedSum_reduced_nextLevel_adder_30/_0631_/ZN (MAOI222D0BWP30P140)
   0.0277    8.6854 v reducedSum_reduced_nextLevel_adder_30/_0633_/ZN (XNR2UD0BWP30P140)
   0.0271    8.7125 v reducedSum_reduced_nextLevel_adder_30/_0645_/Z (AN2D0BWP30P140)
   0.5368    9.2493 ^ reducedSum_reduced_nextLevel_adder_30/_0684_/ZN (AOI21D0BWP30P140)
   0.0547    9.3040 v reducedSum_reduced_nextLevel_adder_30/_0704_/ZN (MUX4ND0BWP30P140)
   0.0639    9.3679 ^ reducedSum_reduced_nextLevel_adder_30/_0739_/ZN (MUX2ND0BWP30P140)
   0.0306    9.3985 v reducedSum_reduced_nextLevel_adder_30/_0778_/ZN (MUX2ND0BWP30P140)
   0.0310    9.4295 v reducedSum_reduced_nextLevel_adder_30/_0957_/Z (OR2D0BWP30P140)
   0.0214    9.4509 v reducedSum_reduced_nextLevel_adder_30/_0961_/Z (AN3D0BWP30P140)
   0.0222    9.4731 ^ reducedSum_reduced_nextLevel_adder_30/_0966_/ZN (AOI31D0BWP30P140)
   0.0321    9.5052 v reducedSum_reduced_nextLevel_adder_30/_0967_/ZN (OAI221D0BWP30P140)
   0.0355    9.5408 ^ reducedSum_reduced_nextLevel_adder_30/_0968_/ZN (AOI31D0BWP30P140)
   0.0267    9.5674 v reducedSum_reduced_nextLevel_adder_30/_0970_/ZN (MAOI222D0BWP30P140)
   0.0396    9.6070 ^ reducedSum_reduced_nextLevel_adder_30/_0972_/ZN (MAOI222D0BWP30P140)
   0.0284    9.6354 v reducedSum_reduced_nextLevel_adder_30/_0974_/ZN (MAOI222D0BWP30P140)
   0.0336    9.6690 ^ reducedSum_reduced_nextLevel_adder_30/_0979_/ZN (AOI21D0BWP30P140)
   0.0197    9.6887 v reducedSum_reduced_nextLevel_adder_30/_0984_/ZN (OAI31D0BWP30P140)
   0.0222    9.7109 ^ reducedSum_reduced_nextLevel_adder_30/_0986_/ZN (AOI31D0BWP30P140)
   0.0276    9.7384 ^ reducedSum_reduced_nextLevel_adder_30/_0987_/ZN (IAO21D0BWP30P140)
   0.0170    9.7555 v reducedSum_reduced_nextLevel_adder_30/_0993_/ZN (OAI21D0BWP30P140)
   0.0244    9.7799 ^ reducedSum_reduced_nextLevel_adder_30/_0994_/ZN (AOI31D0BWP30P140)
   0.0279    9.8079 v reducedSum_reduced_nextLevel_adder_30/_0995_/ZN (MAOI222D0BWP30P140)
   0.0345    9.8424 ^ reducedSum_reduced_nextLevel_adder_30/_0999_/ZN (AOI211D0BWP30P140)
   0.0234    9.8657 v reducedSum_reduced_nextLevel_adder_30/_1001_/ZN (OAI31D0BWP30P140)
   0.1204    9.9861 ^ reducedSum_reduced_nextLevel_adder_30/_1005_/ZN (OAI21D0BWP30P140)
   0.0309   10.0170 v reducedSum_reduced_nextLevel_adder_30/_1020_/ZN (MUX2ND0BWP30P140)
   0.0362   10.0533 ^ reducedSum_reduced_nextLevel_adder_30/_1032_/ZN (NR4D0BWP30P140)
   0.0511   10.1044 v reducedSum_reduced_nextLevel_adder_30/_1046_/ZN (ND4D0BWP30P140)
   0.0374   10.1418 ^ reducedSum_reduced_nextLevel_adder_30/_1063_/ZN (NR4D0BWP30P140)
   0.0459   10.1877 v reducedSum_reduced_nextLevel_adder_30/_1078_/ZN (ND4D0BWP30P140)
   0.0443   10.2320 ^ reducedSum_reduced_nextLevel_adder_30/_1094_/ZN (INR4D0BWP30P140)
   0.0526   10.2846 v reducedSum_reduced_nextLevel_adder_30/_1111_/ZN (ND4D0BWP30P140)
   0.0352   10.3198 v reducedSum_reduced_nextLevel_adder_30/_1118_/ZN (INR2D0BWP30P140)
   0.0290   10.3487 ^ reducedSum_conv/_171_/ZN (AOI211D0BWP30P140)
   0.0718   10.4206 v reducedSum_conv/_172_/ZN (NR3D0BWP30P140)
   0.0446   10.4651 v reducedSum_conv/_185_/ZN (XNR2UD0BWP30P140)
   0.0336   10.4987 v reducedSum_conv/_213_/ZN (XNR2UD0BWP30P140)
   0.0323   10.5310 ^ reducedSum_conv/_214_/ZN (NR2D0BWP30P140)
   0.0242   10.5552 v accAdder/_0897_/ZN (XNR2UD0BWP30P140)
   0.0314   10.5866 ^ accAdder/_0899_/ZN (AOI21D0BWP30P140)
   0.0301   10.6167 v accAdder/_0901_/ZN (MAOI222D0BWP30P140)
   0.0349   10.6516 ^ accAdder/_0902_/ZN (MAOI222D0BWP30P140)
   0.0302   10.6818 v accAdder/_0903_/ZN (MAOI222D0BWP30P140)
   0.0355   10.7173 ^ accAdder/_0966_/ZN (MAOI222D0BWP30P140)
   0.0302   10.7475 v accAdder/_0968_/ZN (MAOI222D0BWP30P140)
   0.0262   10.7737 v accAdder/_0970_/ZN (XNR2UD0BWP30P140)
   0.0212   10.7949 ^ accAdder/_0971_/ZN (NR2D0BWP30P140)
   0.0257   10.8207 ^ accAdder/_0972_/Z (AN2D0BWP30P140)
   0.4170   11.2376 v accAdder/_0975_/ZN (AOI31D0BWP30P140)
   0.4192   11.6569 ^ accAdder/_0991_/ZN (AOI22D0BWP30P140)
   0.0318   11.6887 v accAdder/_1063_/ZN (CKND2D0BWP30P140)
   0.0370   11.7257 ^ accAdder/_1188_/ZN (OAI32D0BWP30P140)
   0.0151   11.7407 v accAdder/_1189_/ZN (AOI21D0BWP30P140)
   0.0396   11.7804 ^ accAdder/_1191_/ZN (OAI221D0BWP30P140)
   0.0211   11.8015 v accAdder/_1196_/ZN (OAI31D0BWP30P140)
   0.0222   11.8237 ^ accAdder/_1198_/ZN (AOI21D0BWP30P140)
   0.0256   11.8493 v accAdder/_1200_/ZN (MAOI222D0BWP30P140)
   0.0396   11.8889 ^ accAdder/_1202_/ZN (MAOI222D0BWP30P140)
   0.0257   11.9146 v accAdder/_1204_/ZN (MAOI222D0BWP30P140)
   0.0277   11.9423 ^ accAdder/_1206_/ZN (AOI21D0BWP30P140)
   0.0253   11.9676 ^ accAdder/_1209_/ZN (IAO21D0BWP30P140)
   0.0247   11.9923 v accAdder/_1211_/ZN (MAOI222D0BWP30P140)
   0.0395   12.0318 ^ accAdder/_1213_/ZN (MAOI222D0BWP30P140)
   0.0265   12.0583 v accAdder/_1221_/ZN (MAOI222D0BWP30P140)
   0.0354   12.0937 v accAdder/_1232_/Z (AO21D0BWP30P140)
   0.0261   12.1197 ^ accAdder/_1242_/ZN (MAOI222D0BWP30P140)
   0.0265   12.1463 v accAdder/_1255_/ZN (MAOI222D0BWP30P140)
   0.0315   12.1778 v accAdder/_1259_/Z (AO21D0BWP30P140)
   0.0182   12.1959 ^ accAdder/_1276_/ZN (AOI21D0BWP30P140)
   0.0258   12.2218 v accAdder/_1280_/ZN (MAOI222D0BWP30P140)
   0.0391   12.2609 ^ accAdder/_1296_/ZN (MAOI222D0BWP30P140)
   0.0262   12.2870 v accAdder/_1300_/ZN (MAOI222D0BWP30P140)
   0.0304   12.3174 ^ accAdder/_1318_/ZN (AOI21D0BWP30P140)
   0.0249   12.3424 v accAdder/_1322_/ZN (MAOI222D0BWP30P140)
   0.0364   12.3788 v accAdder/_1345_/Z (AO21D0BWP30P140)
   0.0156   12.3944 ^ accAdder/_1353_/ZN (MUX2ND0BWP30P140)
   0.0347   12.4292 ^ accAdder/_1354_/ZN (XNR2UD0BWP30P140)
   0.0288   12.4579 ^ accAdder/_1453_/ZN (MAOI22D0BWP30P140)
   0.1281   12.5860 v accAdder/_1456_/ZN (OAI211D0BWP30P140)
   0.0886   12.6746 ^ accAdder/_1531_/Z (MUX4D0BWP30P140)
   0.0194   12.6941 v accAdder/_1534_/ZN (MUX3ND0BWP30P140)
   0.0405   12.7346 ^ accAdder/_1568_/ZN (NR2D0BWP30P140)
   0.0507   12.7853 ^ accAdder/_1577_/ZN (INR4D0BWP30P140)
   0.0510   12.8363 ^ accAdder/_1582_/Z (AN4D0BWP30P140)
   0.0395   12.8758 ^ accAdder/_1590_/Z (AN4D0BWP30P140)
   0.0406   12.9163 ^ accAdder/_1601_/Z (AN4D0BWP30P140)
   0.0349   12.9512 ^ accAdder/_1603_/Z (AN3D0BWP30P140)
   0.0271   12.9784 v accAdder/_1605_/ZN (IND3D0BWP30P140)
   0.0379   13.0163 v accAdder/_1606_/Z (OR3D0BWP30P140)
   0.0368   13.0531 ^ accAdder/_1608_/ZN (INR3D0BWP30P140)
   0.0364   13.0895 v accAdder/_1611_/ZN (MAOI222D0BWP30P140)
   0.0357   13.1252 ^ accAdder/_1616_/ZN (NR4D0BWP30P140)
   0.0219   13.1471 v accAdder/_1619_/ZN (OAI31D0BWP30P140)
   0.0327   13.1798 v accAdder/_1621_/Z (AO21D0BWP30P140)
   0.0312   13.2110 ^ accAdder/_1623_/ZN (AOI21D0BWP30P140)
   0.0237   13.2347 v accAdder/_1626_/ZN (OAI21D0BWP30P140)
   0.0215   13.2562 v accAdder/_1658_/Z (AN3D0BWP30P140)
   0.0613   13.3174 v accAdder/_1659_/Z (OR3D0BWP30P140)
   0.0420   13.3594 ^ accAdder/_1703_/ZN (AOI211D0BWP30P140)
   0.0261   13.3855 ^ _060_/Z (AO22D0BWP30P140)
   0.0000   13.3855 ^ _070_/D (DFCNQD1BWP30P140)
            13.3855   data arrival time

  20.0000   20.0000   clock CORE_CLK (rise edge)
   0.0000   20.0000   clock network delay (ideal)
  -0.0500   19.9500   clock uncertainty
   0.0000   19.9500   clock reconvergence pessimism
            19.9500 ^ _070_/CP (DFCNQD1BWP30P140)
  -0.0174   19.9326   library setup time
            19.9326   data required time
-------------------------------------------------------------
            19.9326   data required time
           -13.3855   data arrival time
-------------------------------------------------------------
             6.5472   slack (MET)


