
6. Printing statistics.

=== BFP_PE ===

        +----------Local Count, excluding submodules.
        |        +-Local Area, excluding submodules.
        |        | 
       85        - wires
      639        - wire bits
       65        - public wires
      619        - public wire bits
       10        - ports
      309        - port bits
       39   57.582 cells
       18   13.608   AO22D0BWP30P140
       19   43.092   DFCNQD1BWP30P140
        1    0.504   INR2D0BWP30P140
        1    0.378   NR2D0BWP30P140
       19        - submodules
       16        -   CustomOperator_E4M3_to_E4M3
        1        -   DirectToFP9b_E4M3_x_E4M3_UE8M0
        1        -   FPNAdder
        1        -   FixedFPTree_exp6_mant8_out8_vec16_range26

   Chip area for module '\BFP_PE': 57.582000
     of which used for sequential elements: 43.092000 (74.84%)

=== FPNAdder ===

        +----------Local Count, excluding submodules.
        |        +-Local Area, excluding submodules.
        |        | 
      448        - wires
      529        - wire bits
        6        - public wires
       87        - public wire bits
        3        - ports
       54        - port bits
      460  285.516 cells
       21   10.584   AN2D0BWP30P140
        6     3.78   AN3D0BWP30P140
        8     5.04   AO21D0BWP30P140
        3    2.268   AO22D0BWP30P140
       12     7.56   AOI211D0BWP30P140
       19    9.576   AOI21D0BWP30P140
        5     3.78   AOI221D0BWP30P140
        1    1.008   AOI222D0BWP30P140
        6     3.78   AOI22D0BWP30P140
        5     3.15   AOI31D0BWP30P140
        1    0.756   AOI32D0BWP30P140
        1    0.882   AOI33D0BWP30P140
        8    7.056   CKMUX2D0BWP30P140
       27    6.804   CKND0BWP30P140
       28   10.584   CKND2D0BWP30P140
        5     3.15   IAO21D0BWP30P140
       16    8.064   IND2D0BWP30P140
        1     0.63   IND3D0BWP30P140
        2    1.512   IND4D0BWP30P140
       16    8.064   INR2D0BWP30P140
        2     1.26   INR3D0BWP30P140
        4    3.024   INR4D0BWP30P140
        1     0.63   IOA21D0BWP30P140
        6    4.536   MAOI222D0BWP30P140
        3    2.268   MAOI22D0BWP30P140
        3    2.268   MOAI22D0BWP30P140
       35    26.46   MUX2ND0BWP30P140
        3    5.292   MUX3D0BWP30P140
        1    1.638   MUX3ND0BWP30P140
        1    2.394   MUX4D0BWP30P140
        5    11.34   MUX4ND0BWP30P140
       11    5.544   ND3D0BWP30P140
        9     5.67   ND4D0BWP30P140
       43   16.254   NR2D0BWP30P140
       19    9.576   NR3D0BWP30P140
        7     4.41   NR4D0BWP30P140
        3    2.268   OA211D0BWP30P140
       11     6.93   OA21D0BWP30P140
        1    0.882   OA22D0BWP30P140
       12     7.56   OAI211D0BWP30P140
       12    6.048   OAI21D0BWP30P140
        3    2.646   OAI221D0BWP30P140
        7     4.41   OAI22D0BWP30P140
        6     3.78   OAI31D0BWP30P140
        1    0.756   OAI32D0BWP30P140
        1    0.882   OAI33D0BWP30P140
        9    4.536   OR2D0BWP30P140
        2     1.26   OR3D0BWP30P140
        2    1.512   OR4D0BWP30P140
       30    26.46   XNR2UD0BWP30P140
       15    13.23   XOR2UD0BWP30P140
        1    1.764   XOR3UD0BWP30P140

   Chip area for module '\FPNAdder': 285.516000
     of which used for sequential elements: 0.000000 (0.00%)

=== DirectToFP9b_E4M3_x_E4M3_UE8M0 ===

        +----------Local Count, excluding submodules.
        |        +-Local Area, excluding submodules.
        |        | 
       80        - wires
      123        - wire bits
        6        - public wires
       49        - public wire bits
        6        - ports
       49        - port bits
       90   63.378 cells
        2    1.008   AN2D0BWP30P140
        1     0.63   AN3D0BWP30P140
        1    0.756   AO211D0BWP30P140
        1    0.756   AO22D0BWP30P140
        3    1.512   AOI21D0BWP30P140
        3    0.756   CKND0BWP30P140
        6    2.268   CKND2D0BWP30P140
        1     0.63   IAO21D0BWP30P140
        3    1.512   IND2D0BWP30P140
        1    0.756   IND4D0BWP30P140
        1    0.504   INR2D0BWP30P140
        2     1.26   INR3D0BWP30P140
        7    5.292   INR4D0BWP30P140
        7    5.292   MAOI222D0BWP30P140
        3    1.512   ND3D0BWP30P140
        1     0.63   ND4D0BWP30P140
       10     3.78   NR2D0BWP30P140
        5     2.52   NR3D0BWP30P140
        3     1.89   NR4D0BWP30P140
        2    1.008   OAI21D0BWP30P140
        1    0.504   OR2D0BWP30P140
        1     0.63   OR3D0BWP30P140
        2    1.512   OR4D0BWP30P140
        9    7.938   XNR2UD0BWP30P140
        7   12.348   XNR3UD0BWP30P140
        7    6.174   XOR2UD0BWP30P140

   Chip area for module '\DirectToFP9b_E4M3_x_E4M3_UE8M0': 63.378000
     of which used for sequential elements: 0.000000 (0.00%)

=== FixedFPTree_exp6_mant8_out8_vec16_range26 ===

        +----------Local Count, excluding submodules.
        |        +-Local Area, excluding submodules.
        |        | 
     6449        - wires
     7364        - wire bits
       72        - public wires
      987        - public wire bits
       51        - ports
      255        - port bits
     6392 4.43E+03 cells
      146   73.584   AN2D0BWP30P140
       48    30.24   AN3D0BWP30P140
       29   21.924   AN4D0BWP30P140
       28   21.168   AO211D0BWP30P140
      176   110.88   AO21D0BWP30P140
        2    1.512   AO22D0BWP30P140
       86    54.18   AOI211D0BWP30P140
      347  174.888   AOI21D0BWP30P140
       10     7.56   AOI221D0BWP30P140
        2    2.016   AOI222D0BWP30P140
       14     8.82   AOI22D0BWP30P140
       85    53.55   AOI31D0BWP30P140
       20    15.12   AOI32D0BWP30P140
       12   10.584   AOI33D0BWP30P140
       49   43.218   CKMUX2D0BWP30P140
      307   77.364   CKND0BWP30P140
      535   202.23   CKND2D0BWP30P140
       89    56.07   IAO21D0BWP30P140
        2    1.764   IAO22D0BWP30P140
      112   56.448   IND2D0BWP30P140
       29    18.27   IND3D0BWP30P140
       19   14.364   IND4D0BWP30P140
       82   41.328   INR2D0BWP30P140
        2     1.26   INR3D0BWP30P140
       14   10.584   INR4D0BWP30P140
      119    74.97   IOA21D0BWP30P140
        1    0.882   IOA22D0BWP30P140
      331  250.236   MAOI222D0BWP30P140
       24   18.144   MAOI22D0BWP30P140
       22   16.632   MOAI22D0BWP30P140
      191  144.396   MUX2ND0BWP30P140
       12   21.168   MUX3D0BWP30P140
       22   36.036   MUX3ND0BWP30P140
       10    23.94   MUX4D0BWP30P140
       91  206.388   MUX4ND0BWP30P140
      146   73.584   ND3D0BWP30P140
       68    42.84   ND4D0BWP30P140
      645   243.81   NR2D0BWP30P140
      151   76.104   NR3D0BWP30P140
       75    47.25   NR4D0BWP30P140
       36   27.216   OA211D0BWP30P140
       37    23.31   OA21D0BWP30P140
        6    5.292   OA22D0BWP30P140
       36    22.68   OAI211D0BWP30P140
      222  111.888   OAI21D0BWP30P140
        2    1.764   OAI221D0BWP30P140
       29    18.27   OAI22D0BWP30P140
       70     44.1   OAI31D0BWP30P140
        9    6.804   OAI32D0BWP30P140
       21   18.522   OAI33D0BWP30P140
      119   59.976   OR2D0BWP30P140
       32    20.16   OR3D0BWP30P140
       20    15.12   OR4D0BWP30P140
      665   586.53   XNR2UD0BWP30P140
      148  261.072   XNR3UD0BWP30P140
       13   34.398   XNR4D0BWP30P140
      662  583.884   XOR2UD0BWP30P140
      109  192.276   XOR3UD0BWP30P140
        3    7.938   XOR4D0BWP30P140

   Chip area for module '\FixedFPTree_exp6_mant8_out8_vec16_range26': 4426.506000
     of which used for sequential elements: 0.000000 (0.00%)

=== CustomOperator_E4M3_to_E4M3 ===

        +----------Local Count, excluding submodules.
        |        +-Local Area, excluding submodules.
        |        | 
       77        - wires
      103        - wire bits
        5        - public wires
       31        - public wire bits
        5        - ports
       31        - port bits
       87    57.33 cells
        2    1.008   AN2D0BWP30P140
        2    1.008   AOI21D0BWP30P140
        4     2.52   AOI22D0BWP30P140
        2     1.26   AOI31D0BWP30P140
        8    2.016   CKND0BWP30P140
       12    4.536   CKND2D0BWP30P140
        2    1.008   IND2D0BWP30P140
        3    1.512   INR2D0BWP30P140
        9    6.804   MAOI222D0BWP30P140
        3    1.512   ND3D0BWP30P140
        5     3.15   ND4D0BWP30P140
        2    0.756   NR2D0BWP30P140
        3     1.89   NR4D0BWP30P140
        1    0.882   OA22D0BWP30P140
        1     0.63   OAI211D0BWP30P140
        1    0.504   OAI21D0BWP30P140
        4    2.016   OR2D0BWP30P140
        1     0.63   OR3D0BWP30P140
        1    0.756   OR4D0BWP30P140
       10     8.82   XNR2UD0BWP30P140
        4    7.056   XNR3UD0BWP30P140
        6    5.292   XOR2UD0BWP30P140
        1    1.764   XOR3UD0BWP30P140

   Chip area for module '\CustomOperator_E4M3_to_E4M3': 57.330000
     of which used for sequential elements: 0.000000 (0.00%)

=== design hierarchy ===

        +----------Count including submodules.
        |        +-Area including submodules.
        |        | 
     8373 5.75E+03 BFP_PE
       87    57.33 CustomOperator_E4M3_to_E4M3
       90   63.378 DirectToFP9b_E4M3_x_E4M3_UE8M0
      460  285.516 FPNAdder
     6392 4.43E+03 FixedFPTree_exp6_mant8_out8_vec16_range26

        +----------Count including submodules.
        |        +-Area including submodules.
        |        | 
     8294        - wires
    10303        - wire bits
      229        - public wires
     2238        - public wire bits
      150        - ports
     1163        - port bits
        -        - memories
        -        - memory bits
        -        - processes
     8373 5.75E+03 cells
      201  101.304   AN2D0BWP30P140
       55    34.65   AN3D0BWP30P140
       29   21.924   AN4D0BWP30P140
       29   21.924   AO211D0BWP30P140
      184   115.92   AO21D0BWP30P140
       24   18.144   AO22D0BWP30P140
       98    61.74   AOI211D0BWP30P140
      401  202.104   AOI21D0BWP30P140
       15    11.34   AOI221D0BWP30P140
        3    3.024   AOI222D0BWP30P140
       84    52.92   AOI22D0BWP30P140
      122    76.86   AOI31D0BWP30P140
       21   15.876   AOI32D0BWP30P140
       13   11.466   AOI33D0BWP30P140
       57   50.274   CKMUX2D0BWP30P140
      465   117.18   CKND0BWP30P140
      761  287.658   CKND2D0BWP30P140
       19   43.092   DFCNQD1BWP30P140
       95    59.85   IAO21D0BWP30P140
        2    1.764   IAO22D0BWP30P140
      163   82.152   IND2D0BWP30P140
       30     18.9   IND3D0BWP30P140
       22   16.632   IND4D0BWP30P140
      148   74.592   INR2D0BWP30P140
        6     3.78   INR3D0BWP30P140
       25     18.9   INR4D0BWP30P140
      120     75.6   IOA21D0BWP30P140
        1    0.882   IOA22D0BWP30P140
      488  368.928   MAOI222D0BWP30P140
       27   20.412   MAOI22D0BWP30P140
       25     18.9   MOAI22D0BWP30P140
      226  170.856   MUX2ND0BWP30P140
       15    26.46   MUX3D0BWP30P140
       23   37.674   MUX3ND0BWP30P140
       11   26.334   MUX4D0BWP30P140
       96  217.728   MUX4ND0BWP30P140
      208  104.832   ND3D0BWP30P140
      158    99.54   ND4D0BWP30P140
      731  276.318   NR2D0BWP30P140
      175     88.2   NR3D0BWP30P140
      133    83.79   NR4D0BWP30P140
       39   29.484   OA211D0BWP30P140
       48    30.24   OA21D0BWP30P140
       23   20.286   OA22D0BWP30P140
       64    40.32   OAI211D0BWP30P140
      252  127.008   OAI21D0BWP30P140
        5     4.41   OAI221D0BWP30P140
       36    22.68   OAI22D0BWP30P140
       76    47.88   OAI31D0BWP30P140
       10     7.56   OAI32D0BWP30P140
       22   19.404   OAI33D0BWP30P140
      193   97.272   OR2D0BWP30P140
       51    32.13   OR3D0BWP30P140
       40    30.24   OR4D0BWP30P140
      864  762.048   XNR2UD0BWP30P140
      219  386.316   XNR3UD0BWP30P140
       13   34.398   XNR4D0BWP30P140
      780   687.96   XOR2UD0BWP30P140
      126  222.264   XOR3UD0BWP30P140
        3    7.938   XOR4D0BWP30P140
       19  5692.68 submodules
       16   917.28   CustomOperator_E4M3_to_E4M3
        1   63.378   DirectToFP9b_E4M3_x_E4M3_UE8M0
        1  285.516   FPNAdder
        1 4.43E+03   FixedFPTree_exp6_mant8_out8_vec16_range26

   Chip area for top module '\BFP_PE': 5750.262000
     of which used for sequential elements: 43.092000 (0.75%)

