Startpoint: reset (input port clocked by CORE_CLK)
Endpoint: _068_ (recovery check against rising-edge clock CORE_CLK)
Path Group: asynchronous
Path Type: max

    Delay      Time   Description
-------------------------------------------------------------
   0.0000    0.0000   clock CORE_CLK (rise edge)
   0.0000    0.0000   clock network delay (ideal)
   0.0000    0.0000 ^ input external delay
   0.0000    0.0000 ^ reset (in)
   0.0000    0.0000 ^ _068_/CDN (DFCNQD1BWP30P140)
             0.0000   data arrival time

  20.0000   20.0000   clock CORE_CLK (rise edge)
   0.0000   20.0000   clock network delay (ideal)
  -0.0500   19.9500   clock uncertainty
   0.0000   19.9500   clock reconvergence pessimism
            19.9500 ^ _068_/CP (DFCNQD1BWP30P140)
   0.0258   19.9758   library recovery time
            19.9758   data required time
-------------------------------------------------------------
            19.9758   data required time
            -0.0000   data arrival time
-------------------------------------------------------------
            19.9758   slack (MET)


Startpoint: io_op_a_i[14] (input port clocked by CORE_CLK)
Endpoint: _070_ (rising edge-triggered flip-flop clocked by CORE_CLK)
Path Group: CORE_CLK
Path Type: max

    Delay      Time   Description
-------------------------------------------------------------
   0.0000    0.0000   clock CORE_CLK (rise edge)
   0.0000    0.0000   clock network delay (ideal)
   0.0000    0.0000 v input external delay
   0.0000    0.0000 v io_op_a_i[14] (in)
   0.0170    0.0170 ^ reducedSum_op_1/_40_/ZN (NR3D0BWP30P140)
   0.0239    0.0410 ^ reducedSum_op_1/_60_/ZN (IOA21D0BWP30P140)
   0.0291    0.0700 ^ reducedSum_op_1/_61_/ZN (XNR3UD0BWP30P140)
   0.0356    0.1056 ^ reducedSum_op_1/_62_/Z (AN3D0BWP30P140)
   0.0313    0.1369 v reducedSum_op_1/_71_/ZN (MAOI222D0BWP30P140)
   0.0340    0.1709 ^ reducedSum_op_1/_82_/ZN (MAOI222D0BWP30P140)
   0.0630    0.2338 ^ reducedSum_op_1/_83_/ZN (IAO21D0BWP30P140)
   0.0151    0.2489 v reducedSum_sa_1/_0945_/ZN (CKND2D0BWP30P140)
   0.0307    0.2795 v reducedSum_sa_1/_0948_/Z (XOR2UD0BWP30P140)
   0.0297    0.3092 v reducedSum_sa_1/_0973_/ZN (XNR2UD0BWP30P140)
   0.0359    0.3452 v reducedSum_sa_1/_0982_/Z (XOR2UD0BWP30P140)
   0.0619    0.4071 v reducedSum_sa_1/_1007_/ZN (XNR4D0BWP30P140)
   0.0571    0.4641 v reducedSum_sa_1/_1029_/Z (XOR3UD0BWP30P140)
   0.0350    0.4992 v reducedSum_sa_1/_1043_/Z (XOR2UD0BWP30P140)
   0.0317    0.5308 ^ reducedSum_sa_1/_1069_/ZN (MAOI222D0BWP30P140)
   0.0266    0.5574 v reducedSum_sa_1/_1070_/ZN (MAOI222D0BWP30P140)
   0.0331    0.5905 ^ reducedSum_sa_1/_1071_/ZN (MAOI222D0BWP30P140)
   0.0267    0.6172 v reducedSum_sa_1/_1072_/ZN (MAOI222D0BWP30P140)
   0.0340    0.6512 ^ reducedSum_sa_1/_1073_/ZN (MAOI222D0BWP30P140)
   0.0266    0.6778 v reducedSum_sa_1/_1074_/ZN (MAOI222D0BWP30P140)
   0.0340    0.7118 ^ reducedSum_sa_1/_1075_/ZN (MAOI222D0BWP30P140)
   0.0267    0.7384 v reducedSum_sa_1/_1076_/ZN (MAOI222D0BWP30P140)
   0.0405    0.7789 ^ reducedSum_sa_1/_1077_/ZN (MAOI222D0BWP30P140)
   0.0298    0.8087 v reducedSum_sa_1/_1118_/ZN (MAOI222D0BWP30P140)
   0.0404    0.8491 ^ reducedSum_sa_1/_1119_/ZN (MAOI222D0BWP30P140)
   0.0337    0.8828 v reducedSum_sa_1/_1159_/ZN (MAOI222D0BWP30P140)
   0.0388    0.9216 ^ reducedSum_sa_1/_1161_/ZN (MAOI222D0BWP30P140)
   0.0241    0.9457 v reducedSum_sa_1/_1165_/Z (XOR2UD0BWP30P140)
   0.0175    0.9632 ^ reducedSum_reduced_nextLevel_adder/_0602_/ZN (CKND0BWP30P140)
   0.0098    0.9730 v reducedSum_reduced_nextLevel_adder/_0704_/ZN (NR2D0BWP30P140)
   0.0197    0.9928 ^ reducedSum_reduced_nextLevel_adder/_0705_/ZN (AOI21D0BWP30P140)
   0.0269    1.0196 v reducedSum_reduced_nextLevel_adder/_0706_/ZN (OAI211D0BWP30P140)
   0.0311    1.0507 ^ reducedSum_reduced_nextLevel_adder/_0710_/ZN (OAI222D0BWP30P140)
   0.0130    1.0638 v reducedSum_reduced_nextLevel_adder/_0711_/ZN (AOI21D0BWP30P140)
   0.6841    1.7479 ^ reducedSum_reduced_nextLevel_adder/_0713_/ZN (OAI31D0BWP30P140)
   0.0453    1.7932 ^ reducedSum_reduced_nextLevel_adder/_0806_/ZN (MUX4ND0BWP30P140)
   0.0465    1.8397 v reducedSum_reduced_nextLevel_adder/_0817_/ZN (MUX4ND0BWP30P140)
   0.0305    1.8702 ^ reducedSum_reduced_nextLevel_adder/_0889_/ZN (AOI22D0BWP30P140)
   0.0364    1.9066 v reducedSum_reduced_nextLevel_adder/_0890_/ZN (OAI211D0BWP30P140)
   0.0420    1.9486 v reducedSum_reduced_nextLevel_adder/_0896_/Z (OR3D0BWP30P140)
   0.0298    1.9784 ^ reducedSum_reduced_nextLevel_adder/_0900_/ZN (MAOI222D0BWP30P140)
   0.0212    1.9995 v reducedSum_reduced_nextLevel_adder/_0901_/ZN (AOI211D0BWP30P140)
   0.0265    2.0260 ^ reducedSum_reduced_nextLevel_adder/_0902_/ZN (OAI32D0BWP30P140)
   0.0273    2.0533 ^ reducedSum_reduced_nextLevel_adder/_0908_/Z (AO21D0BWP30P140)
   0.0229    2.0762 v reducedSum_reduced_nextLevel_adder/_0912_/ZN (MAOI222D0BWP30P140)
   0.0358    2.1120 ^ reducedSum_reduced_nextLevel_adder/_0916_/ZN (MAOI222D0BWP30P140)
   0.0200    2.1320 v reducedSum_reduced_nextLevel_adder/_0928_/ZN (AOI21D0BWP30P140)
   0.0272    2.1592 ^ reducedSum_reduced_nextLevel_adder/_0939_/ZN (OAI31D0BWP30P140)
   0.0221    2.1814 v reducedSum_reduced_nextLevel_adder/_0944_/ZN (AOI31D0BWP30P140)
   0.0260    2.2074 ^ reducedSum_reduced_nextLevel_adder/_0945_/ZN (OAI21D0BWP30P140)
   0.0190    2.2264 v reducedSum_reduced_nextLevel_adder/_0949_/ZN (AOI211D0BWP30P140)
   0.0241    2.2505 ^ reducedSum_reduced_nextLevel_adder/_0950_/ZN (OAI32D0BWP30P140)
   0.0218    2.2723 v reducedSum_reduced_nextLevel_adder/_0951_/ZN (AOI21D0BWP30P140)
   0.0202    2.2925 ^ reducedSum_reduced_nextLevel_adder/_0963_/ZN (OAI21D0BWP30P140)
   0.0265    2.3190 v reducedSum_reduced_nextLevel_adder/_0968_/ZN (AOI31D0BWP30P140)
   0.0969    2.4159 v reducedSum_reduced_nextLevel_adder/_0997_/Z (AO22D0BWP30P140)
   0.0720    2.4879 ^ reducedSum_reduced_nextLevel_adder/_1009_/ZN (AOI211D0BWP30P140)
   0.0474    2.5353 v reducedSum_reduced_nextLevel_adder/_1024_/ZN (ND4D0BWP30P140)
   0.0427    2.5780 ^ reducedSum_reduced_nextLevel_adder/_1039_/ZN (NR4D0BWP30P140)
   0.0490    2.6270 ^ reducedSum_reduced_nextLevel_adder/_1054_/Z (AN4D0BWP30P140)
   0.0559    2.6829 ^ reducedSum_reduced_nextLevel_adder/_1069_/ZN (INR4D0BWP30P140)
   0.0515    2.7344 v reducedSum_reduced_nextLevel_adder/_1083_/ZN (ND4D0BWP30P140)
   0.0412    2.7756 ^ reducedSum_reduced_nextLevel_adder/_1097_/ZN (NR4D0BWP30P140)
   0.0477    2.8232 ^ reducedSum_reduced_nextLevel_adder/_1179_/Z (AN4D0BWP30P140)
   0.0297    2.8529 ^ reducedSum_reduced_nextLevel_adder/_1180_/Z (AN2D0BWP30P140)
   0.0216    2.8745 v reducedSum_reduced_nextLevel_adder/_1186_/ZN (MAOI222D0BWP30P140)
   0.0347    2.9092 v reducedSum_reduced_nextLevel_adder/_1187_/Z (XOR2UD0BWP30P140)
   0.0404    2.9496 v reducedSum_reduced_nextLevel_adder_16/_0608_/Z (XOR2UD0BWP30P140)
   0.0413    2.9909 ^ reducedSum_reduced_nextLevel_adder_16/_0633_/ZN (OAI31D0BWP30P140)
   0.0256    3.0166 v reducedSum_reduced_nextLevel_adder_16/_0635_/ZN (OAI211D0BWP30P140)
   0.0320    3.0486 ^ reducedSum_reduced_nextLevel_adder_16/_0638_/ZN (AOI21D0BWP30P140)
   0.0186    3.0672 v reducedSum_reduced_nextLevel_adder_16/_0639_/ZN (NR2D0BWP30P140)
   0.6867    3.7539 ^ reducedSum_reduced_nextLevel_adder_16/_0713_/ZN (OAI31D0BWP30P140)
   0.0453    3.7992 ^ reducedSum_reduced_nextLevel_adder_16/_0806_/ZN (MUX4ND0BWP30P140)
   0.0465    3.8457 v reducedSum_reduced_nextLevel_adder_16/_0817_/ZN (MUX4ND0BWP30P140)
   0.0305    3.8762 ^ reducedSum_reduced_nextLevel_adder_16/_0889_/ZN (AOI22D0BWP30P140)
   0.0364    3.9126 v reducedSum_reduced_nextLevel_adder_16/_0890_/ZN (OAI211D0BWP30P140)
   0.0420    3.9546 v reducedSum_reduced_nextLevel_adder_16/_0896_/Z (OR3D0BWP30P140)
   0.0298    3.9844 ^ reducedSum_reduced_nextLevel_adder_16/_0900_/ZN (MAOI222D0BWP30P140)
   0.0212    4.0056 v reducedSum_reduced_nextLevel_adder_16/_0901_/ZN (AOI211D0BWP30P140)
   0.0265    4.0320 ^ reducedSum_reduced_nextLevel_adder_16/_0902_/ZN (OAI32D0BWP30P140)
   0.0273    4.0593 ^ reducedSum_reduced_nextLevel_adder_16/_0908_/Z (AO21D0BWP30P140)
   0.0229    4.0822 v reducedSum_reduced_nextLevel_adder_16/_0912_/ZN (MAOI222D0BWP30P140)
   0.0358    4.1180 ^ reducedSum_reduced_nextLevel_adder_16/_0916_/ZN (MAOI222D0BWP30P140)
   0.0200    4.1381 v reducedSum_reduced_nextLevel_adder_16/_0928_/ZN (AOI21D0BWP30P140)
   0.0272    4.1653 ^ reducedSum_reduced_nextLevel_adder_16/_0939_/ZN (OAI31D0BWP30P140)
   0.0221    4.1874 v reducedSum_reduced_nextLevel_adder_16/_0944_/ZN (AOI31D0BWP30P140)
   0.0260    4.2135 ^ reducedSum_reduced_nextLevel_adder_16/_0945_/ZN (OAI21D0BWP30P140)
   0.0190    4.2324 v reducedSum_reduced_nextLevel_adder_16/_0949_/ZN (AOI211D0BWP30P140)
   0.0241    4.2565 ^ reducedSum_reduced_nextLevel_adder_16/_0950_/ZN (OAI32D0BWP30P140)
   0.0218    4.2783 v reducedSum_reduced_nextLevel_adder_16/_0951_/ZN (AOI21D0BWP30P140)
   0.0202    4.2985 ^ reducedSum_reduced_nextLevel_adder_16/_0963_/ZN (OAI21D0BWP30P140)
   0.0265    4.3250 v reducedSum_reduced_nextLevel_adder_16/_0968_/ZN (AOI31D0BWP30P140)
   0.0969    4.4219 v reducedSum_reduced_nextLevel_adder_16/_0997_/Z (AO22D0BWP30P140)
   0.0720    4.4939 ^ reducedSum_reduced_nextLevel_adder_16/_1009_/ZN (AOI211D0BWP30P140)
   0.0474    4.5413 v reducedSum_reduced_nextLevel_adder_16/_1024_/ZN (ND4D0BWP30P140)
   0.0427    4.5840 ^ reducedSum_reduced_nextLevel_adder_16/_1039_/ZN (NR4D0BWP30P140)
   0.0490    4.6330 ^ reducedSum_reduced_nextLevel_adder_16/_1054_/Z (AN4D0BWP30P140)
   0.0559    4.6889 ^ reducedSum_reduced_nextLevel_adder_16/_1069_/ZN (INR4D0BWP30P140)
   0.0515    4.7404 v reducedSum_reduced_nextLevel_adder_16/_1083_/ZN (ND4D0BWP30P140)
   0.0412    4.7816 ^ reducedSum_reduced_nextLevel_adder_16/_1097_/ZN (NR4D0BWP30P140)
   0.0477    4.8293 ^ reducedSum_reduced_nextLevel_adder_16/_1179_/Z (AN4D0BWP30P140)
   0.0297    4.8590 ^ reducedSum_reduced_nextLevel_adder_16/_1180_/Z (AN2D0BWP30P140)
   0.0216    4.8805 v reducedSum_reduced_nextLevel_adder_16/_1186_/ZN (MAOI222D0BWP30P140)
   0.0347    4.9152 v reducedSum_reduced_nextLevel_adder_16/_1187_/Z (XOR2UD0BWP30P140)
   0.0404    4.9557 v reducedSum_reduced_nextLevel_adder_24/_0608_/Z (XOR2UD0BWP30P140)
   0.0413    4.9970 ^ reducedSum_reduced_nextLevel_adder_24/_0633_/ZN (OAI31D0BWP30P140)
   0.0256    5.0226 v reducedSum_reduced_nextLevel_adder_24/_0635_/ZN (OAI211D0BWP30P140)
   0.0320    5.0546 ^ reducedSum_reduced_nextLevel_adder_24/_0638_/ZN (AOI21D0BWP30P140)
   0.0186    5.0732 v reducedSum_reduced_nextLevel_adder_24/_0639_/ZN (NR2D0BWP30P140)
   0.6867    5.7599 ^ reducedSum_reduced_nextLevel_adder_24/_0713_/ZN (OAI31D0BWP30P140)
   0.0453    5.8052 ^ reducedSum_reduced_nextLevel_adder_24/_0806_/ZN (MUX4ND0BWP30P140)
   0.0465    5.8518 v reducedSum_reduced_nextLevel_adder_24/_0817_/ZN (MUX4ND0BWP30P140)
   0.0305    5.8823 ^ reducedSum_reduced_nextLevel_adder_24/_0889_/ZN (AOI22D0BWP30P140)
   0.0364    5.9187 v reducedSum_reduced_nextLevel_adder_24/_0890_/ZN (OAI211D0BWP30P140)
   0.0420    5.9606 v reducedSum_reduced_nextLevel_adder_24/_0896_/Z (OR3D0BWP30P140)
   0.0298    5.9904 ^ reducedSum_reduced_nextLevel_adder_24/_0900_/ZN (MAOI222D0BWP30P140)
   0.0212    6.0116 v reducedSum_reduced_nextLevel_adder_24/_0901_/ZN (AOI211D0BWP30P140)
   0.0265    6.0381 ^ reducedSum_reduced_nextLevel_adder_24/_0902_/ZN (OAI32D0BWP30P140)
   0.0273    6.0653 ^ reducedSum_reduced_nextLevel_adder_24/_0908_/Z (AO21D0BWP30P140)
   0.0229    6.0882 v reducedSum_reduced_nextLevel_adder_24/_0912_/ZN (MAOI222D0BWP30P140)
   0.0358    6.1241 ^ reducedSum_reduced_nextLevel_adder_24/_0916_/ZN (MAOI222D0BWP30P140)
   0.0200    6.1441 v reducedSum_reduced_nextLevel_adder_24/_0928_/ZN (AOI21D0BWP30P140)
   0.0272    6.1713 ^ reducedSum_reduced_nextLevel_adder_24/_0939_/ZN (OAI31D0BWP30P140)
   0.0221    6.1934 v reducedSum_reduced_nextLevel_adder_24/_0944_/ZN (AOI31D0BWP30P140)
   0.0260    6.2195 ^ reducedSum_reduced_nextLevel_adder_24/_0945_/ZN (OAI21D0BWP30P140)
   0.0190    6.2385 v reducedSum_reduced_nextLevel_adder_24/_0949_/ZN (AOI211D0BWP30P140)
   0.0241    6.2625 ^ reducedSum_reduced_nextLevel_adder_24/_0950_/ZN (OAI32D0BWP30P140)
   0.0218    6.2844 v reducedSum_reduced_nextLevel_adder_24/_0951_/ZN (AOI21D0BWP30P140)
   0.0202    6.3045 ^ reducedSum_reduced_nextLevel_adder_24/_0963_/ZN (OAI21D0BWP30P140)
   0.0265    6.3311 v reducedSum_reduced_nextLevel_adder_24/_0968_/ZN (AOI31D0BWP30P140)
   0.0969    6.4280 v reducedSum_reduced_nextLevel_adder_24/_0997_/Z (AO22D0BWP30P140)
   0.0720    6.4999 ^ reducedSum_reduced_nextLevel_adder_24/_1009_/ZN (AOI211D0BWP30P140)
   0.0474    6.5473 v reducedSum_reduced_nextLevel_adder_24/_1024_/ZN (ND4D0BWP30P140)
   0.0427    6.5900 ^ reducedSum_reduced_nextLevel_adder_24/_1039_/ZN (NR4D0BWP30P140)
   0.0490    6.6391 ^ reducedSum_reduced_nextLevel_adder_24/_1054_/Z (AN4D0BWP30P140)
   0.0559    6.6949 ^ reducedSum_reduced_nextLevel_adder_24/_1069_/ZN (INR4D0BWP30P140)
   0.0515    6.7464 v reducedSum_reduced_nextLevel_adder_24/_1083_/ZN (ND4D0BWP30P140)
   0.0412    6.7876 ^ reducedSum_reduced_nextLevel_adder_24/_1097_/ZN (NR4D0BWP30P140)
   0.0477    6.8353 ^ reducedSum_reduced_nextLevel_adder_24/_1179_/Z (AN4D0BWP30P140)
   0.0297    6.8650 ^ reducedSum_reduced_nextLevel_adder_24/_1180_/Z (AN2D0BWP30P140)
   0.0216    6.8866 v reducedSum_reduced_nextLevel_adder_24/_1186_/ZN (MAOI222D0BWP30P140)
   0.0347    6.9212 v reducedSum_reduced_nextLevel_adder_24/_1187_/Z (XOR2UD0BWP30P140)
   0.0404    6.9617 v reducedSum_reduced_nextLevel_adder_28/_0608_/Z (XOR2UD0BWP30P140)
   0.0413    7.0030 ^ reducedSum_reduced_nextLevel_adder_28/_0633_/ZN (OAI31D0BWP30P140)
   0.0256    7.0286 v reducedSum_reduced_nextLevel_adder_28/_0635_/ZN (OAI211D0BWP30P140)
   0.0320    7.0607 ^ reducedSum_reduced_nextLevel_adder_28/_0638_/ZN (AOI21D0BWP30P140)
   0.0186    7.0793 v reducedSum_reduced_nextLevel_adder_28/_0639_/ZN (NR2D0BWP30P140)
   0.6867    7.7660 ^ reducedSum_reduced_nextLevel_adder_28/_0713_/ZN (OAI31D0BWP30P140)
   0.0453    7.8113 ^ reducedSum_reduced_nextLevel_adder_28/_0806_/ZN (MUX4ND0BWP30P140)
   0.0465    7.8578 v reducedSum_reduced_nextLevel_adder_28/_0817_/ZN (MUX4ND0BWP30P140)
   0.0305    7.8883 ^ reducedSum_reduced_nextLevel_adder_28/_0889_/ZN (AOI22D0BWP30P140)
   0.0364    7.9247 v reducedSum_reduced_nextLevel_adder_28/_0890_/ZN (OAI211D0BWP30P140)
   0.0420    7.9667 v reducedSum_reduced_nextLevel_adder_28/_0896_/Z (OR3D0BWP30P140)
   0.0298    7.9965 ^ reducedSum_reduced_nextLevel_adder_28/_0900_/ZN (MAOI222D0BWP30P140)
   0.0212    8.0176 v reducedSum_reduced_nextLevel_adder_28/_0901_/ZN (AOI211D0BWP30P140)
   0.0265    8.0441 ^ reducedSum_reduced_nextLevel_adder_28/_0902_/ZN (OAI32D0BWP30P140)
   0.0273    8.0714 ^ reducedSum_reduced_nextLevel_adder_28/_0908_/Z (AO21D0BWP30P140)
   0.0229    8.0943 v reducedSum_reduced_nextLevel_adder_28/_0912_/ZN (MAOI222D0BWP30P140)
   0.0358    8.1301 ^ reducedSum_reduced_nextLevel_adder_28/_0916_/ZN (MAOI222D0BWP30P140)
   0.0200    8.1501 v reducedSum_reduced_nextLevel_adder_28/_0928_/ZN (AOI21D0BWP30P140)
   0.0272    8.1773 ^ reducedSum_reduced_nextLevel_adder_28/_0939_/ZN (OAI31D0BWP30P140)
   0.0221    8.1995 v reducedSum_reduced_nextLevel_adder_28/_0944_/ZN (AOI31D0BWP30P140)
   0.0260    8.2255 ^ reducedSum_reduced_nextLevel_adder_28/_0945_/ZN (OAI21D0BWP30P140)
   0.0190    8.2445 v reducedSum_reduced_nextLevel_adder_28/_0949_/ZN (AOI211D0BWP30P140)
   0.0241    8.2686 ^ reducedSum_reduced_nextLevel_adder_28/_0950_/ZN (OAI32D0BWP30P140)
   0.0218    8.2904 v reducedSum_reduced_nextLevel_adder_28/_0951_/ZN (AOI21D0BWP30P140)
   0.0202    8.3106 ^ reducedSum_reduced_nextLevel_adder_28/_0963_/ZN (OAI21D0BWP30P140)
   0.0265    8.3371 v reducedSum_reduced_nextLevel_adder_28/_0968_/ZN (AOI31D0BWP30P140)
   0.0969    8.4340 v reducedSum_reduced_nextLevel_adder_28/_0997_/Z (AO22D0BWP30P140)
   0.0720    8.5060 ^ reducedSum_reduced_nextLevel_adder_28/_1009_/ZN (AOI211D0BWP30P140)
   0.0474    8.5534 v reducedSum_reduced_nextLevel_adder_28/_1024_/ZN (ND4D0BWP30P140)
   0.0427    8.5961 ^ reducedSum_reduced_nextLevel_adder_28/_1039_/ZN (NR4D0BWP30P140)
   0.0490    8.6451 ^ reducedSum_reduced_nextLevel_adder_28/_1054_/Z (AN4D0BWP30P140)
   0.0559    8.7010 ^ reducedSum_reduced_nextLevel_adder_28/_1069_/ZN (INR4D0BWP30P140)
   0.0515    8.7525 v reducedSum_reduced_nextLevel_adder_28/_1083_/ZN (ND4D0BWP30P140)
   0.0412    8.7937 ^ reducedSum_reduced_nextLevel_adder_28/_1097_/ZN (NR4D0BWP30P140)
   0.0477    8.8413 ^ reducedSum_reduced_nextLevel_adder_28/_1179_/Z (AN4D0BWP30P140)
   0.0297    8.8711 ^ reducedSum_reduced_nextLevel_adder_28/_1180_/Z (AN2D0BWP30P140)
   0.0216    8.8926 v reducedSum_reduced_nextLevel_adder_28/_1186_/ZN (MAOI222D0BWP30P140)
   0.0347    8.9273 v reducedSum_reduced_nextLevel_adder_28/_1187_/Z (XOR2UD0BWP30P140)
   0.0404    8.9677 v reducedSum_reduced_nextLevel_adder_30/_0608_/Z (XOR2UD0BWP30P140)
   0.0413    9.0091 ^ reducedSum_reduced_nextLevel_adder_30/_0633_/ZN (OAI31D0BWP30P140)
   0.0256    9.0347 v reducedSum_reduced_nextLevel_adder_30/_0635_/ZN (OAI211D0BWP30P140)
   0.0320    9.0667 ^ reducedSum_reduced_nextLevel_adder_30/_0638_/ZN (AOI21D0BWP30P140)
   0.0186    9.0853 v reducedSum_reduced_nextLevel_adder_30/_0639_/ZN (NR2D0BWP30P140)
   0.6867    9.7720 ^ reducedSum_reduced_nextLevel_adder_30/_0713_/ZN (OAI31D0BWP30P140)
   0.0453    9.8173 ^ reducedSum_reduced_nextLevel_adder_30/_0806_/ZN (MUX4ND0BWP30P140)
   0.0465    9.8639 v reducedSum_reduced_nextLevel_adder_30/_0817_/ZN (MUX4ND0BWP30P140)
   0.0305    9.8944 ^ reducedSum_reduced_nextLevel_adder_30/_0889_/ZN (AOI22D0BWP30P140)
   0.0364    9.9307 v reducedSum_reduced_nextLevel_adder_30/_0890_/ZN (OAI211D0BWP30P140)
   0.0420    9.9727 v reducedSum_reduced_nextLevel_adder_30/_0896_/Z (OR3D0BWP30P140)
   0.0298   10.0025 ^ reducedSum_reduced_nextLevel_adder_30/_0900_/ZN (MAOI222D0BWP30P140)
   0.0212   10.0237 v reducedSum_reduced_nextLevel_adder_30/_0901_/ZN (AOI211D0BWP30P140)
   0.0265   10.0501 ^ reducedSum_reduced_nextLevel_adder_30/_0902_/ZN (OAI32D0BWP30P140)
   0.0273   10.0774 ^ reducedSum_reduced_nextLevel_adder_30/_0908_/Z (AO21D0BWP30P140)
   0.0229   10.1003 v reducedSum_reduced_nextLevel_adder_30/_0912_/ZN (MAOI222D0BWP30P140)
   0.0358   10.1362 ^ reducedSum_reduced_nextLevel_adder_30/_0916_/ZN (MAOI222D0BWP30P140)
   0.0200   10.1562 v reducedSum_reduced_nextLevel_adder_30/_0928_/ZN (AOI21D0BWP30P140)
   0.0272   10.1834 ^ reducedSum_reduced_nextLevel_adder_30/_0939_/ZN (OAI31D0BWP30P140)
   0.0221   10.2055 v reducedSum_reduced_nextLevel_adder_30/_0944_/ZN (AOI31D0BWP30P140)
   0.0260   10.2316 ^ reducedSum_reduced_nextLevel_adder_30/_0945_/ZN (OAI21D0BWP30P140)
   0.0190   10.2505 v reducedSum_reduced_nextLevel_adder_30/_0949_/ZN (AOI211D0BWP30P140)
   0.0241   10.2746 ^ reducedSum_reduced_nextLevel_adder_30/_0950_/ZN (OAI32D0BWP30P140)
   0.0218   10.2964 v reducedSum_reduced_nextLevel_adder_30/_0951_/ZN (AOI21D0BWP30P140)
   0.0202   10.3166 ^ reducedSum_reduced_nextLevel_adder_30/_0963_/ZN (OAI21D0BWP30P140)
   0.0265   10.3432 v reducedSum_reduced_nextLevel_adder_30/_0968_/ZN (AOI31D0BWP30P140)
   0.0969   10.4400 v reducedSum_reduced_nextLevel_adder_30/_0997_/Z (AO22D0BWP30P140)
   0.0720   10.5120 ^ reducedSum_reduced_nextLevel_adder_30/_1009_/ZN (AOI211D0BWP30P140)
   0.0474   10.5594 v reducedSum_reduced_nextLevel_adder_30/_1024_/ZN (ND4D0BWP30P140)
   0.0427   10.6021 ^ reducedSum_reduced_nextLevel_adder_30/_1039_/ZN (NR4D0BWP30P140)
   0.0490   10.6511 ^ reducedSum_reduced_nextLevel_adder_30/_1054_/Z (AN4D0BWP30P140)
   0.0559   10.7070 ^ reducedSum_reduced_nextLevel_adder_30/_1069_/ZN (INR4D0BWP30P140)
   0.0515   10.7585 v reducedSum_reduced_nextLevel_adder_30/_1083_/ZN (ND4D0BWP30P140)
   0.0306   10.7892 ^ reducedSum_reduced_nextLevel_adder_30/_1092_/ZN (NR3D0BWP30P140)
   0.0164   10.8056 v reducedSum_reduced_nextLevel_adder_30/_1105_/ZN (NR2D0BWP30P140)
   0.0188   10.8244 ^ reducedSum_conv/_169_/ZN (NR2D0BWP30P140)
   0.0178   10.8421 v reducedSum_conv/_170_/ZN (OAI31D0BWP30P140)
   0.0246   10.8668 v reducedSum_conv/_171_/Z (OA211D0BWP30P140)
   0.0759   10.9427 ^ reducedSum_conv/_172_/ZN (NR3D0BWP30P140)
   0.0454   10.9881 v reducedSum_conv/_187_/ZN (MAOI222D0BWP30P140)
   0.0386   11.0267 ^ reducedSum_conv/_217_/ZN (AOI211D0BWP30P140)
   0.0221   11.0488 ^ reducedSum_conv/_218_/Z (OR3D0BWP30P140)
   0.0438   11.0926 v reducedSum_conv/_220_/ZN (ND4D0BWP30P140)
   0.0492   11.1418 ^ reducedSum_conv/_225_/ZN (AOI211D0BWP30P140)
   0.0685   11.2104 ^ reducedSum_conv/_229_/Z (AO21D0BWP30P140)
   0.0255   11.2358 v reducedSum_conv/_241_/ZN (NR2D0BWP30P140)
   0.0298   11.2657 v accAdder/_0897_/ZN (XNR2UD0BWP30P140)
   0.0314   11.2970 ^ accAdder/_0899_/ZN (AOI21D0BWP30P140)
   0.0301   11.3271 v accAdder/_0901_/ZN (MAOI222D0BWP30P140)
   0.0358   11.3630 ^ accAdder/_0902_/ZN (MAOI222D0BWP30P140)
   0.0302   11.3932 v accAdder/_0903_/ZN (MAOI222D0BWP30P140)
   0.0374   11.4306 ^ accAdder/_0966_/ZN (MAOI222D0BWP30P140)
   0.0303   11.4609 v accAdder/_0968_/ZN (MAOI222D0BWP30P140)
   0.0250   11.4859 v accAdder/_0970_/ZN (XNR2UD0BWP30P140)
   0.0212   11.5071 ^ accAdder/_0971_/ZN (NR2D0BWP30P140)
   0.0257   11.5329 ^ accAdder/_0972_/Z (AN2D0BWP30P140)
   0.4170   11.9498 v accAdder/_0975_/ZN (AOI31D0BWP30P140)
   0.4192   12.3691 ^ accAdder/_0991_/ZN (AOI22D0BWP30P140)
   0.0318   12.4009 v accAdder/_1063_/ZN (CKND2D0BWP30P140)
   0.0370   12.4379 ^ accAdder/_1188_/ZN (OAI32D0BWP30P140)
   0.0151   12.4529 v accAdder/_1189_/ZN (AOI21D0BWP30P140)
   0.0396   12.4926 ^ accAdder/_1191_/ZN (OAI221D0BWP30P140)
   0.0211   12.5137 v accAdder/_1196_/ZN (OAI31D0BWP30P140)
   0.0222   12.5359 ^ accAdder/_1198_/ZN (AOI21D0BWP30P140)
   0.0256   12.5615 v accAdder/_1200_/ZN (MAOI222D0BWP30P140)
   0.0396   12.6011 ^ accAdder/_1202_/ZN (MAOI222D0BWP30P140)
   0.0257   12.6268 v accAdder/_1204_/ZN (MAOI222D0BWP30P140)
   0.0277   12.6545 ^ accAdder/_1206_/ZN (AOI21D0BWP30P140)
   0.0253   12.6798 ^ accAdder/_1209_/ZN (IAO21D0BWP30P140)
   0.0247   12.7045 v accAdder/_1211_/ZN (MAOI222D0BWP30P140)
   0.0395   12.7440 ^ accAdder/_1213_/ZN (MAOI222D0BWP30P140)
   0.0265   12.7705 v accAdder/_1221_/ZN (MAOI222D0BWP30P140)
   0.0354   12.8059 v accAdder/_1232_/Z (AO21D0BWP30P140)
   0.0261   12.8319 ^ accAdder/_1242_/ZN (MAOI222D0BWP30P140)
   0.0265   12.8585 v accAdder/_1255_/ZN (MAOI222D0BWP30P140)
   0.0315   12.8900 v accAdder/_1259_/Z (AO21D0BWP30P140)
   0.0182   12.9081 ^ accAdder/_1276_/ZN (AOI21D0BWP30P140)
   0.0258   12.9340 v accAdder/_1280_/ZN (MAOI222D0BWP30P140)
   0.0391   12.9731 ^ accAdder/_1296_/ZN (MAOI222D0BWP30P140)
   0.0262   12.9993 v accAdder/_1300_/ZN (MAOI222D0BWP30P140)
   0.0304   13.0297 ^ accAdder/_1318_/ZN (AOI21D0BWP30P140)
   0.0249   13.0546 v accAdder/_1322_/ZN (MAOI222D0BWP30P140)
   0.0364   13.0910 v accAdder/_1345_/Z (AO21D0BWP30P140)
   0.0156   13.1066 ^ accAdder/_1353_/ZN (MUX2ND0BWP30P140)
   0.0347   13.1414 ^ accAdder/_1354_/ZN (XNR2UD0BWP30P140)
   0.0288   13.1701 ^ accAdder/_1453_/ZN (MAOI22D0BWP30P140)
   0.1281   13.2982 v accAdder/_1456_/ZN (OAI211D0BWP30P140)
   0.0886   13.3868 ^ accAdder/_1531_/Z (MUX4D0BWP30P140)
   0.0194   13.4063 v accAdder/_1534_/ZN (MUX3ND0BWP30P140)
   0.0405   13.4468 ^ accAdder/_1568_/ZN (NR2D0BWP30P140)
   0.0507   13.4975 ^ accAdder/_1577_/ZN (INR4D0BWP30P140)
   0.0510   13.5485 ^ accAdder/_1582_/Z (AN4D0BWP30P140)
   0.0395   13.5880 ^ accAdder/_1590_/Z (AN4D0BWP30P140)
   0.0406   13.6286 ^ accAdder/_1601_/Z (AN4D0BWP30P140)
   0.0349   13.6634 ^ accAdder/_1603_/Z (AN3D0BWP30P140)
   0.0271   13.6906 v accAdder/_1605_/ZN (IND3D0BWP30P140)
   0.0379   13.7285 v accAdder/_1606_/Z (OR3D0BWP30P140)
   0.0368   13.7653 ^ accAdder/_1608_/ZN (INR3D0BWP30P140)
   0.0364   13.8018 v accAdder/_1611_/ZN (MAOI222D0BWP30P140)
   0.0357   13.8374 ^ accAdder/_1616_/ZN (NR4D0BWP30P140)
   0.0219   13.8593 v accAdder/_1619_/ZN (OAI31D0BWP30P140)
   0.0327   13.8920 v accAdder/_1621_/Z (AO21D0BWP30P140)
   0.0312   13.9232 ^ accAdder/_1623_/ZN (AOI21D0BWP30P140)
   0.0237   13.9469 v accAdder/_1626_/ZN (OAI21D0BWP30P140)
   0.0215   13.9684 v accAdder/_1658_/Z (AN3D0BWP30P140)
   0.0613   14.0296 v accAdder/_1659_/Z (OR3D0BWP30P140)
   0.0420   14.0716 ^ accAdder/_1703_/ZN (AOI211D0BWP30P140)
   0.0261   14.0977 ^ _060_/Z (AO22D0BWP30P140)
   0.0000   14.0977 ^ _070_/D (DFCNQD1BWP30P140)
            14.0977   data arrival time

  20.0000   20.0000   clock CORE_CLK (rise edge)
   0.0000   20.0000   clock network delay (ideal)
  -0.0500   19.9500   clock uncertainty
   0.0000   19.9500   clock reconvergence pessimism
            19.9500 ^ _070_/CP (DFCNQD1BWP30P140)
  -0.0174   19.9326   library setup time
            19.9326   data required time
-------------------------------------------------------------
            19.9326   data required time
           -14.0977   data arrival time
-------------------------------------------------------------
             5.8349   slack (MET)


