Startpoint: reset (input port clocked by CORE_CLK)
Endpoint: _40_ (recovery check against rising-edge clock CORE_CLK)
Path Group: asynchronous
Path Type: max

    Delay      Time   Description
-------------------------------------------------------------
   0.0000    0.0000   clock CORE_CLK (rise edge)
   0.0000    0.0000   clock network delay (ideal)
   0.0000    0.0000 ^ input external delay
   0.0000    0.0000 ^ reset (in)
   0.0000    0.0000 ^ _40_/CDN (DFCNQD1BWP30P140)
             0.0000   data arrival time

   2.0000    2.0000   clock CORE_CLK (rise edge)
   0.0000    2.0000   clock network delay (ideal)
  -0.0500    1.9500   clock uncertainty
   0.0000    1.9500   clock reconvergence pessimism
             1.9500 ^ _40_/CP (DFCNQD1BWP30P140)
   0.0258    1.9758   library recovery time
             1.9758   data required time
-------------------------------------------------------------
             1.9758   data required time
            -0.0000   data arrival time
-------------------------------------------------------------
             1.9758   slack (MET)


Startpoint: io_op_a_i[6] (input port clocked by CORE_CLK)
Endpoint: _42_ (rising edge-triggered flip-flop clocked by CORE_CLK)
Path Group: CORE_CLK
Path Type: max

    Delay      Time   Description
-------------------------------------------------------------
   0.0000    0.0000   clock CORE_CLK (rise edge)
   0.0000    0.0000   clock network delay (ideal)
   0.0000    0.0000 ^ input external delay
   0.0000    0.0000 ^ io_op_a_i[6] (in)
   0.0139    0.0139 v op/_35_/ZN (NR4D0BWP30P140)
   0.0208    0.0347 ^ op/_38_/ZN (OAI21D0BWP30P140)
   0.0325    0.0672 v op/_40_/ZN (OAI211D0BWP30P140)
   0.0345    0.1018 ^ op/_41_/ZN (MAOI222D0BWP30P140)
   0.0287    0.1305 v op/_53_/ZN (XNR2UD0BWP30P140)
   0.0226    0.1531 ^ tree/_1120_/ZN (CKND0BWP30P140)
   0.0181    0.1713 v tree/_1136_/ZN (OAI22D0BWP30P140)
   0.0174    0.1886 ^ tree/_1138_/ZN (OAI21D0BWP30P140)
   0.0343    0.2229 v tree/_1140_/ZN (MAOI22D0BWP30P140)
   0.0342    0.2571 v tree/_1147_/ZN (MUX2ND0BWP30P140)
   0.0250    0.2821 ^ tree/_1148_/ZN (AOI22D0BWP30P140)
   0.0214    0.3035 ^ tree/_1151_/Z (AO21D0BWP30P140)
   0.0319    0.3353 v tree/_1154_/ZN (AOI221D0BWP30P140)
   0.0395    0.3748 v tree/_1155_/Z (OR2D0BWP30P140)
   0.0381    0.4129 ^ tree/_1169_/Z (CKMUX2D0BWP30P140)
   0.0271    0.4400 v tree/_1174_/ZN (MAOI222D0BWP30P140)
   0.0410    0.4809 v tree/_1178_/Z (AO211D0BWP30P140)
   0.0323    0.5132 v tree/_1182_/Z (AO211D0BWP30P140)
   0.0279    0.5411 v tree/_1191_/Z (AN3D0BWP30P140)
   0.0415    0.5826 v tree/_1202_/ZN (MUX2ND0BWP30P140)
   0.0433    0.6259 ^ tree/_1330_/ZN (MAOI222D0BWP30P140)
   0.0436    0.6695 v tree/_1333_/ZN (OAI221D0BWP30P140)
   0.0314    0.7009 v tree/_1334_/Z (AN3D0BWP30P140)
   0.0250    0.7259 v tree/_1336_/Z (OA211D0BWP30P140)
   0.0915    0.8175 ^ tree/_1350_/ZN (INR4D0BWP30P140)
   0.0288    0.8463 ^ tree/_1373_/ZN (MUX2ND0BWP30P140)
   0.0297    0.8760 v tree/_1375_/ZN (MUX2ND0BWP30P140)
   0.0334    0.9094 ^ tree/_1406_/ZN (AOI31D0BWP30P140)
   0.0379    0.9473 v tree/_1417_/ZN (ND4D0BWP30P140)
   0.0209    0.9682 ^ tree/_1418_/ZN (CKND2D0BWP30P140)
   0.0269    0.9951 v tree/_1842_/ZN (XNR2UD0BWP30P140)
   0.0659    1.0610 v tree/_1855_/Z (XOR3UD0BWP30P140)
   0.0604    1.1214 v tree/_1870_/Z (XOR3UD0BWP30P140)
   0.0185    1.1399 ^ tree/_1871_/ZN (OAI21D0BWP30P140)
   0.0272    1.1671 v tree/_1911_/ZN (OAI211D0BWP30P140)
   0.0320    1.1992 ^ tree/_1913_/ZN (AOI31D0BWP30P140)
   0.0236    1.2228 v tree/_1915_/ZN (OAI21D0BWP30P140)
   0.0274    1.2501 ^ tree/_1917_/ZN (AOI21D0BWP30P140)
   0.0286    1.2787 ^ tree/_1919_/ZN (IAO21D0BWP30P140)
   0.0261    1.3048 ^ tree/_1921_/Z (OA21D0BWP30P140)
   0.0196    1.3243 v tree/_1923_/ZN (OAI21D0BWP30P140)
   0.0272    1.3515 ^ tree/_1925_/ZN (AOI21D0BWP30P140)
   0.0236    1.3752 v tree/_1927_/ZN (OAI21D0BWP30P140)
   0.0363    1.4115 ^ tree/_1929_/ZN (MAOI222D0BWP30P140)
   0.0318    1.4432 v tree/_1931_/ZN (MAOI222D0BWP30P140)
   0.0395    1.4827 ^ tree/_1933_/ZN (MAOI222D0BWP30P140)
   0.0332    1.5159 v tree/_1935_/ZN (MAOI222D0BWP30P140)
   0.0326    1.5484 ^ tree/_1944_/ZN (AOI31D0BWP30P140)
   0.0243    1.5727 v tree/_1951_/ZN (OAI31D0BWP30P140)
   0.0294    1.6021 ^ tree/_1953_/ZN (AOI21D0BWP30P140)
   0.0300    1.6321 v tree/_1955_/ZN (MAOI222D0BWP30P140)
   0.0324    1.6645 ^ tree/_1957_/ZN (MAOI222D0BWP30P140)
   0.0521    1.7166 ^ tree/_1958_/ZN (XNR2UD0BWP30P140)
   0.0425    1.7592 v tree/_1959_/ZN (CKND0BWP30P140)
   0.0301    1.7893 ^ tree/_2002_/ZN (OAI31D0BWP30P140)
   0.0463    1.8356 ^ tree/_2007_/Z (AN4D0BWP30P140)
   0.0367    1.8723 v tree/_2010_/ZN (IND4D0BWP30P140)
   0.0447    1.9170 v tree/_2013_/Z (OR4D0BWP30P140)
   0.0276    1.9446 ^ tree/_2016_/ZN (NR4D0BWP30P140)
   0.0272    1.9718 v tree/_2022_/ZN (AOI31D0BWP30P140)
   0.0243    1.9961 ^ tree/_2025_/ZN (NR3D0BWP30P140)
   0.0192    2.0153 v tree/_2031_/ZN (AOI31D0BWP30P140)
   0.0317    2.0470 v tree/_2032_/ZN (XNR2UD0BWP30P140)
   0.0266    2.0735 ^ tree/_2033_/ZN (INR2D0BWP30P140)
   0.0100    2.0835 v tree/_2037_/ZN (CKND2D0BWP30P140)
   0.1020    2.1855 ^ tree/_2081_/ZN (AOI21D0BWP30P140)
   0.0676    2.2530 v tree/_2082_/ZN (CKND0BWP30P140)
   0.0498    2.3028 ^ tree/_2143_/ZN (MUX4ND0BWP30P140)
   0.0202    2.3230 ^ tree/_2144_/Z (OR2D0BWP30P140)
   0.0408    2.3637 ^ tree/_2151_/Z (OA211D0BWP30P140)
   0.0176    2.3813 v tree/_2175_/ZN (NR3D0BWP30P140)
   0.0233    2.4046 ^ tree/_2176_/ZN (OAI21D0BWP30P140)
   0.0470    2.4517 ^ tree/_2178_/ZN (INR2D0BWP30P140)
   0.0268    2.4785 v sa/_354_/ZN (CKND2D0BWP30P140)
   0.0211    2.4996 v sa/_369_/Z (XOR2UD0BWP30P140)
   0.0285    2.5281 v sa/_370_/ZN (XNR2UD0BWP30P140)
   0.0356    2.5637 v sa/_423_/Z (XOR2UD0BWP30P140)
   0.0676    2.6313 ^ sa/_499_/ZN (XNR4D0BWP30P140)
   0.0303    2.6616 ^ sa/_513_/Z (XOR2UD0BWP30P140)
   0.0282    2.6898 v sa/_526_/ZN (MAOI222D0BWP30P140)
   0.0331    2.7229 ^ sa/_527_/ZN (MAOI222D0BWP30P140)
   0.0298    2.7526 v sa/_528_/ZN (MAOI222D0BWP30P140)
   0.0376    2.7903 ^ sa/_558_/ZN (MAOI222D0BWP30P140)
   0.0287    2.8190 v sa/_641_/ZN (MAOI222D0BWP30P140)
   0.0387    2.8577 ^ sa/_642_/ZN (MAOI222D0BWP30P140)
   0.0313    2.8890 v sa/_644_/ZN (MAOI222D0BWP30P140)
   0.0407    2.9297 ^ sa/_646_/ZN (MAOI222D0BWP30P140)
   0.0308    2.9605 v sa/_648_/ZN (MAOI222D0BWP30P140)
   0.0247    2.9852 v sa/_652_/Z (XOR2UD0BWP30P140)
   0.0168    3.0020 ^ conv/_129_/ZN (CKND0BWP30P140)
   0.0117    3.0137 v conv/_150_/ZN (NR2D0BWP30P140)
   0.1332    3.1469 ^ conv/_158_/ZN (AOI21D0BWP30P140)
   0.0485    3.1955 v conv/_193_/ZN (MUX4ND0BWP30P140)
   0.0353    3.2308 ^ conv/_201_/ZN (AOI31D0BWP30P140)
   0.0304    3.2612 v conv/_203_/ZN (OAI211D0BWP30P140)
   0.0569    3.3181 v conv/_209_/ZN (IND4D0BWP30P140)
   0.0392    3.3573 ^ conv/_211_/ZN (NR4D0BWP30P140)
   0.0333    3.3906 v conv/_212_/ZN (IND3D0BWP30P140)
   0.0689    3.4595 ^ conv/_219_/ZN (OAI31D0BWP30P140)
   0.0361    3.4956 v conv/_254_/ZN (AOI21D0BWP30P140)
   0.0313    3.5269 v accAdder/_461_/ZN (XNR2UD0BWP30P140)
   0.0335    3.5604 v accAdder/_462_/Z (AO21D0BWP30P140)
   0.0238    3.5842 ^ accAdder/_465_/ZN (AOI211D0BWP30P140)
   0.0245    3.6087 v accAdder/_467_/ZN (OAI31D0BWP30P140)
   0.0264    3.6351 ^ accAdder/_470_/ZN (OAI211D0BWP30P140)
   0.0335    3.6686 ^ accAdder/_491_/Z (AN3D0BWP30P140)
   0.0447    3.7133 v accAdder/_494_/ZN (OAI211D0BWP30P140)
   0.0876    3.8009 v accAdder/_518_/ZN (MUX2ND0BWP30P140)
   0.0860    3.8868 ^ accAdder/_543_/ZN (AOI31D0BWP30P140)
   0.0611    3.9479 v accAdder/_549_/ZN (ND3D0BWP30P140)
   0.0399    3.9878 v accAdder/_566_/Z (OA21D0BWP30P140)
   0.0311    4.0189 ^ accAdder/_589_/ZN (MUX3ND0BWP30P140)
   0.0331    4.0520 v accAdder/_677_/ZN (AOI221D0BWP30P140)
   0.0251    4.0772 ^ accAdder/_678_/ZN (ND3D0BWP30P140)
   0.0175    4.0946 v accAdder/_680_/ZN (OAI21D0BWP30P140)
   0.0236    4.1182 ^ accAdder/_681_/ZN (AOI21D0BWP30P140)
   0.0255    4.1437 v accAdder/_682_/ZN (MAOI222D0BWP30P140)
   0.0329    4.1766 ^ accAdder/_684_/ZN (MAOI222D0BWP30P140)
   0.0301    4.2067 v accAdder/_686_/ZN (MAOI222D0BWP30P140)
   0.0324    4.2391 ^ accAdder/_687_/ZN (AOI211D0BWP30P140)
   0.0238    4.2629 v accAdder/_688_/ZN (OAI32D0BWP30P140)
   0.0302    4.2931 ^ accAdder/_698_/ZN (AOI211D0BWP30P140)
   0.0230    4.3161 ^ accAdder/_700_/Z (OR2D0BWP30P140)
   0.1489    4.4650 v accAdder/_751_/ZN (AOI31D0BWP30P140)
   0.0882    4.5531 v accAdder/_791_/ZN (MUX4ND0BWP30P140)
   0.0430    4.5962 ^ accAdder/_792_/ZN (NR4D0BWP30P140)
   0.0345    4.6307 v accAdder/_798_/ZN (IND4D0BWP30P140)
   0.0296    4.6603 ^ accAdder/_801_/ZN (NR3D0BWP30P140)
   0.0291    4.6894 v accAdder/_803_/ZN (IND3D0BWP30P140)
   0.0406    4.7300 ^ accAdder/_805_/ZN (MAOI222D0BWP30P140)
   0.0426    4.7726 v accAdder/_810_/ZN (IND4D0BWP30P140)
   0.0444    4.8171 ^ accAdder/_820_/ZN (AOI211D0BWP30P140)
   0.0333    4.8504 ^ accAdder/_821_/Z (AN3D0BWP30P140)
   0.0241    4.8745 ^ accAdder/_828_/ZN (MAOI22D0BWP30P140)
   0.0569    4.9314 v accAdder/_855_/ZN (OAI31D0BWP30P140)
   0.0427    4.9741 ^ accAdder/_877_/ZN (INR4D0BWP30P140)
   0.0262    5.0003 ^ _32_/Z (AO22D0BWP30P140)
   0.0000    5.0003 ^ _42_/D (DFCNQD1BWP30P140)
             5.0003   data arrival time

   2.0000    2.0000   clock CORE_CLK (rise edge)
   0.0000    2.0000   clock network delay (ideal)
  -0.0500    1.9500   clock uncertainty
   0.0000    1.9500   clock reconvergence pessimism
             1.9500 ^ _42_/CP (DFCNQD1BWP30P140)
  -0.0170    1.9330   library setup time
             1.9330   data required time
-------------------------------------------------------------
             1.9330   data required time
            -5.0003   data arrival time
-------------------------------------------------------------
            -3.0674   slack (VIOLATED)


