
===========================================================================
 report_power
============================================================================
======================= Fastest Corner ===================================

Group                  Internal  Switching    Leakage      Total
                          Power      Power      Power      Power (Watts)
----------------------------------------------------------------
Sequential             9.50e-05   6.03e-05   5.15e-10   1.55e-04   1.7%
Combinational          3.62e-03   5.24e-03   1.21e-08   8.86e-03  97.5%
Clock                  4.26e-05   2.63e-05   4.06e-09   6.89e-05   0.8%
Macro                  0.00e+00   0.00e+00   0.00e+00   0.00e+00   0.0%
Pad                    0.00e+00   0.00e+00   0.00e+00   0.00e+00   0.0%
----------------------------------------------------------------
Total                  3.76e-03   5.33e-03   1.67e-08   9.08e-03 100.0%
                          41.3%      58.7%       0.0%

======================= Slowest Corner ===================================

Group                  Internal  Switching    Leakage      Total
                          Power      Power      Power      Power (Watts)
----------------------------------------------------------------
Sequential             6.53e-05   3.97e-05   4.74e-07   1.05e-04   1.7%
Combinational          2.65e-03   3.48e-03   8.40e-06   6.14e-03  97.6%
Clock                  3.04e-05   1.69e-05   1.10e-07   4.74e-05   0.8%
Macro                  0.00e+00   0.00e+00   0.00e+00   0.00e+00   0.0%
Pad                    0.00e+00   0.00e+00   0.00e+00   0.00e+00   0.0%
----------------------------------------------------------------
Total                  2.75e-03   3.53e-03   8.98e-06   6.29e-03 100.0%
                          43.7%      56.2%       0.1%

======================= Typical Corner ===================================

Group                  Internal  Switching    Leakage      Total
                          Power      Power      Power      Power (Watts)
----------------------------------------------------------------
Sequential             8.26e-05   5.08e-05   2.78e-10   1.33e-04   1.7%
Combinational          3.27e-03   4.43e-03   6.71e-09   7.70e-03  97.6%
Clock                  3.73e-05   2.21e-05   3.78e-09   5.94e-05   0.8%
Macro                  0.00e+00   0.00e+00   0.00e+00   0.00e+00   0.0%
Pad                    0.00e+00   0.00e+00   0.00e+00   0.00e+00   0.0%
----------------------------------------------------------------
Total                  3.39e-03   4.50e-03   1.08e-08   7.89e-03 100.0%
                          43.0%      57.0%       0.0%

