
6. Printing statistics.

=== BFP_PE ===

        +----------Local Count, excluding submodules.
        |        +-Local Area, excluding submodules.
        |        | 
      333        - wires
     2907        - wire bits
      299        - public wires
     2873        - public wire bits
       10        - ports
      501        - port bits
       67   99.918 cells
       32   24.192   AO22D0BWP30P140
       33   74.844   DFCNQD1BWP30P140
        1    0.504   INR2D0BWP30P140
        1    0.378   NR2D0BWP30P140
       97        - submodules
       31        -   CustomFPAdder_exp8_mant20
       32        -   CustomOperator_E5M2_to_E3M2
        1        -   FP32Adder
       32        -   ScaleAddition_E5M2_to_E3M2_scale_UE2M6
        1        -   ScaleToFP32_E5M2_x_E3M2_UE2M6

   Chip area for module '\BFP_PE': 99.918000
     of which used for sequential elements: 74.844000 (74.91%)

=== FP32Adder ===

        +----------Local Count, excluding submodules.
        |        +-Local Area, excluding submodules.
        |        | 
      872        - wires
     1037        - wire bits
        6        - public wires
      171        - public wire bits
        3        - ports
       96        - port bits
      898  554.904 cells
       18    9.072   AN2D0BWP30P140
        5     3.15   AN3D0BWP30P140
        4    3.024   AN4D0BWP30P140
        2    1.512   AO211D0BWP30P140
       13     8.19   AO21D0BWP30P140
        4    3.024   AO22D0BWP30P140
       10      6.3   AOI211D0BWP30P140
       52   26.208   AOI21D0BWP30P140
       10     7.56   AOI221D0BWP30P140
        2    2.016   AOI222D0BWP30P140
       32    20.16   AOI22D0BWP30P140
        2     1.26   AOI31D0BWP30P140
       19   16.758   CKMUX2D0BWP30P140
       65    16.38   CKND0BWP30P140
       72   27.216   CKND2D0BWP30P140
        6     3.78   IAO21D0BWP30P140
       20    10.08   IND2D0BWP30P140
        1     0.63   IND3D0BWP30P140
        2    1.512   IND4D0BWP30P140
       21   10.584   INR2D0BWP30P140
        8     5.04   INR3D0BWP30P140
        3    2.268   INR4D0BWP30P140
        7     4.41   IOA21D0BWP30P140
       30    22.68   MAOI222D0BWP30P140
       15    11.34   MAOI22D0BWP30P140
        4    3.024   MOAI22D0BWP30P140
      114   86.184   MUX2ND0BWP30P140
        1    1.764   MUX3D0BWP30P140
        1    1.638   MUX3ND0BWP30P140
        2    4.788   MUX4D0BWP30P140
       16   36.288   MUX4ND0BWP30P140
       14    7.056   ND3D0BWP30P140
        5     3.15   ND4D0BWP30P140
       99   37.422   NR2D0BWP30P140
       35    17.64   NR3D0BWP30P140
        8     5.04   NR4D0BWP30P140
        2    1.512   OA211D0BWP30P140
        6     3.78   OA21D0BWP30P140
        1    0.882   OA22D0BWP30P140
       13     8.19   OAI211D0BWP30P140
       41   20.664   OAI21D0BWP30P140
        1    0.882   OAI221D0BWP30P140
        1    1.008   OAI222D0BWP30P140
       10      6.3   OAI22D0BWP30P140
        6     3.78   OAI31D0BWP30P140
        3    2.268   OAI32D0BWP30P140
        1    0.882   OAI33D0BWP30P140
        6    3.024   OR2D0BWP30P140
        8     5.04   OR3D0BWP30P140
        2    1.512   OR4D0BWP30P140
       51   44.982   XNR2UD0BWP30P140
        1    1.764   XNR3UD0BWP30P140
       23   20.286   XOR2UD0BWP30P140

   Chip area for module '\FP32Adder': 554.904000
     of which used for sequential elements: 0.000000 (0.00%)

=== ScaleToFP32_E5M2_x_E3M2_UE2M6 ===

        +----------Local Count, excluding submodules.
        |        +-Local Area, excluding submodules.
        |        | 
      146        - wires
      203        - wire bits
        4        - public wires
       61        - public wire bits
        4        - ports
       61        - port bits
      170  105.966 cells
        4    2.016   AN2D0BWP30P140
        1     0.63   AN3D0BWP30P140
        5     3.15   AO21D0BWP30P140
       14     8.82   AOI211D0BWP30P140
       16    8.064   AOI21D0BWP30P140
        4    3.024   AOI221D0BWP30P140
        1     0.63   AOI31D0BWP30P140
        1    0.756   AOI32D0BWP30P140
       16   14.112   CKMUX2D0BWP30P140
        4    1.008   CKND0BWP30P140
        8    3.024   CKND2D0BWP30P140
       10      6.3   IAO21D0BWP30P140
        7    3.528   IND2D0BWP30P140
        4    2.016   INR2D0BWP30P140
        2     1.26   IOA21D0BWP30P140
        1    0.756   MAOI22D0BWP30P140
       24   18.144   MUX2ND0BWP30P140
        1    1.638   MUX3ND0BWP30P140
        5     2.52   ND3D0BWP30P140
        8    3.024   NR2D0BWP30P140
        7    3.528   NR3D0BWP30P140
        4     2.52   NR4D0BWP30P140
        1     0.63   OA21D0BWP30P140
        3    1.512   OAI21D0BWP30P140
        1    0.882   OAI221D0BWP30P140
        2     1.26   OAI22D0BWP30P140
        1     0.63   OAI31D0BWP30P140
        6    3.024   OR2D0BWP30P140
        1     0.63   OR3D0BWP30P140
        1    0.756   OR4D0BWP30P140
        5     4.41   XNR2UD0BWP30P140
        2    1.764   XOR2UD0BWP30P140

   Chip area for module '\ScaleToFP32_E5M2_x_E3M2_UE2M6': 105.966000
     of which used for sequential elements: 0.000000 (0.00%)

=== CustomFPAdder_exp8_mant20 ===

        +----------Local Count, excluding submodules.
        |        +-Local Area, excluding submodules.
        |        | 
      584        - wires
      684        - wire bits
       10        - public wires
      110        - public wire bits
        9        - ports
       87        - port bits
      603  367.416 cells
       10     5.04   AN2D0BWP30P140
        2     1.26   AN3D0BWP30P140
        3    2.268   AN4D0BWP30P140
        6     3.78   AO21D0BWP30P140
        1    0.756   AO22D0BWP30P140
        4     2.52   AOI211D0BWP30P140
       32   16.128   AOI21D0BWP30P140
       10     7.56   AOI221D0BWP30P140
        8     5.04   AOI22D0BWP30P140
        8     5.04   AOI31D0BWP30P140
        2    1.512   AOI32D0BWP30P140
        1    0.882   AOI33D0BWP30P140
       25    22.05   CKMUX2D0BWP30P140
       39    9.828   CKND0BWP30P140
       47   17.766   CKND2D0BWP30P140
        2     1.26   IAO21D0BWP30P140
       24   12.096   IND2D0BWP30P140
        1     0.63   IND3D0BWP30P140
        4    3.024   IND4D0BWP30P140
       28   14.112   INR2D0BWP30P140
        4     2.52   INR3D0BWP30P140
        2    1.512   INR4D0BWP30P140
        6     3.78   IOA21D0BWP30P140
       18   13.608   MAOI222D0BWP30P140
        2    1.512   MAOI22D0BWP30P140
        4    3.024   MOAI22D0BWP30P140
       84   63.504   MUX2ND0BWP30P140
        1    2.268   MUX4ND0BWP30P140
       11    5.544   ND3D0BWP30P140
        5     3.15   ND4D0BWP30P140
       48   18.144   NR2D0BWP30P140
       12    6.048   NR3D0BWP30P140
        4     2.52   NR4D0BWP30P140
        7    5.292   OA211D0BWP30P140
        3     1.89   OA21D0BWP30P140
        2    1.764   OA22D0BWP30P140
       10      6.3   OAI211D0BWP30P140
       26   13.104   OAI21D0BWP30P140
        2    1.764   OAI221D0BWP30P140
        1    1.008   OAI222D0BWP30P140
        5     3.15   OAI22D0BWP30P140
        4     2.52   OAI31D0BWP30P140
        4    3.024   OAI32D0BWP30P140
        8    4.032   OR2D0BWP30P140
        4    3.024   OR4D0BWP30P140
       48   42.336   XNR2UD0BWP30P140
       21   18.522   XOR2UD0BWP30P140

   Chip area for module '\CustomFPAdder_exp8_mant20': 367.416000
     of which used for sequential elements: 0.000000 (0.00%)

=== ScaleAddition_E5M2_to_E3M2_scale_UE2M6 ===

        +----------Local Count, excluding submodules.
        |        +-Local Area, excluding submodules.
        |        | 
      541        - wires
      592        - wire bits
        8        - public wires
       59        - public wire bits
        8        - ports
       59        - port bits
      561  407.862 cells
       31   15.624   AN2D0BWP30P140
        6     3.78   AN3D0BWP30P140
        4    3.024   AN4D0BWP30P140
       10      6.3   AO21D0BWP30P140
        6    4.536   AO22D0BWP30P140
       15     7.56   AOI21D0BWP30P140
        8     5.04   AOI22D0BWP30P140
       10      6.3   AOI31D0BWP30P140
        1    0.756   AOI32D0BWP30P140
       11    2.772   CKND0BWP30P140
      121   45.738   CKND2D0BWP30P140
        3     1.89   IAO21D0BWP30P140
        8    4.032   IND2D0BWP30P140
        1     0.63   IND3D0BWP30P140
        3    2.268   IND4D0BWP30P140
       18    9.072   INR2D0BWP30P140
        3     1.89   INR3D0BWP30P140
        1     0.63   IOA21D0BWP30P140
       54   40.824   MAOI222D0BWP30P140
        1    0.756   MAOI22D0BWP30P140
        4    3.024   MOAI22D0BWP30P140
       15     7.56   ND3D0BWP30P140
        5     3.15   ND4D0BWP30P140
       27   10.206   NR2D0BWP30P140
        2     1.26   NR4D0BWP30P140
        1     0.63   OA21D0BWP30P140
        2     1.26   OAI211D0BWP30P140
        9    4.536   OAI21D0BWP30P140
        4     2.52   OAI22D0BWP30P140
        1    0.756   OAI32D0BWP30P140
        8    4.032   OR2D0BWP30P140
       71   62.622   XNR2UD0BWP30P140
       28   49.392   XNR3UD0BWP30P140
       11   29.106   XNR4D0BWP30P140
       45    39.69   XOR2UD0BWP30P140
       11   19.404   XOR3UD0BWP30P140
        2    5.292   XOR4D0BWP30P140

   Chip area for module '\ScaleAddition_E5M2_to_E3M2_scale_UE2M6': 407.862000
     of which used for sequential elements: 0.000000 (0.00%)

=== CustomOperator_E5M2_to_E3M2 ===

        +----------Local Count, excluding submodules.
        |        +-Local Area, excluding submodules.
        |        | 
       48        - wires
       71        - wire bits
        5        - public wires
       28        - public wire bits
        5        - ports
       28        - port bits
       56   38.178 cells
        1    0.504   AN2D0BWP30P140
        2    1.512   AN4D0BWP30P140
        1     0.63   AOI211D0BWP30P140
        3    1.512   AOI21D0BWP30P140
        1     0.63   AOI22D0BWP30P140
        1     0.63   AOI31D0BWP30P140
        2    0.504   CKND0BWP30P140
        5     1.89   CKND2D0BWP30P140
        1     0.63   IAO21D0BWP30P140
        2    1.008   IND2D0BWP30P140
        2    1.008   INR2D0BWP30P140
        4    3.024   MAOI222D0BWP30P140
        1    0.756   MAOI22D0BWP30P140
        1    0.756   MUX2ND0BWP30P140
        2    1.008   ND3D0BWP30P140
        1    0.378   NR2D0BWP30P140
        1    0.504   NR3D0BWP30P140
        1     0.63   OA21D0BWP30P140
        1     0.63   OAI211D0BWP30P140
        2    1.008   OAI21D0BWP30P140
        1     0.63   OAI22D0BWP30P140
        1     0.63   OAI31D0BWP30P140
        3    1.512   OR2D0BWP30P140
        2     1.26   OR3D0BWP30P140
        6    5.292   XNR2UD0BWP30P140
        1    1.764   XNR3UD0BWP30P140
        5     4.41   XOR2UD0BWP30P140
        2    3.528   XOR3UD0BWP30P140

   Chip area for module '\CustomOperator_E5M2_to_E3M2': 38.178000
     of which used for sequential elements: 0.000000 (0.00%)

=== design hierarchy ===

        +----------Count including submodules.
        |        +-Area including submodules.
        |        | 
    39572 2.64E+04 BFP_PE
      603  367.416 CustomFPAdder_exp8_mant20
       56   38.178 CustomOperator_E5M2_to_E3M2
      898  554.904 FP32Adder
      561  407.862 ScaleAddition_E5M2_to_E3M2_scale_UE2M6
      170  105.966 ScaleToFP32_E5M2_x_E3M2_UE2M6

        +----------Count including submodules.
        |        +-Area including submodules.
        |        | 
    38303        - wires
    46567        - wire bits
     1035        - public wires
     9299        - public wire bits
      712        - ports
     6139        - port bits
        -        - memories
        -        - memory bits
        -        - processes
    39572 2.64E+04 cells
     1356  683.424   AN2D0BWP30P140
      260    163.8   AN3D0BWP30P140
      289  218.484   AN4D0BWP30P140
        2    1.512   AO211D0BWP30P140
      524   330.12   AO21D0BWP30P140
      259  195.804   AO22D0BWP30P140
      180    113.4   AOI211D0BWP30P140
     1636  824.544   AOI21D0BWP30P140
      324  244.944   AOI221D0BWP30P140
        2    2.016   AOI222D0BWP30P140
      568   357.84   AOI22D0BWP30P140
      603   379.89   AOI31D0BWP30P140
       95    71.82   AOI32D0BWP30P140
       31   27.342   AOI33D0BWP30P140
      810   714.42   CKMUX2D0BWP30P140
     1694  426.888   CKND0BWP30P140
     5569 2.11E+03   CKND2D0BWP30P140
       33   74.844   DFCNQD1BWP30P140
      206   129.78   IAO21D0BWP30P140
     1091  549.864   IND2D0BWP30P140
       64    40.32   IND3D0BWP30P140
      222  167.832   IND4D0BWP30P140
     1534  773.136   INR2D0BWP30P140
      228   143.64   INR3D0BWP30P140
       65    49.14   INR4D0BWP30P140
      227   143.01   IOA21D0BWP30P140
     2444 1.85E+03   MAOI222D0BWP30P140
      142  107.352   MAOI22D0BWP30P140
      256  193.536   MOAI22D0BWP30P140
     2774  2.1E+03   MUX2ND0BWP30P140
        1    1.764   MUX3D0BWP30P140
        2    3.276   MUX3ND0BWP30P140
        2    4.788   MUX4D0BWP30P140
       47  106.596   MUX4ND0BWP30P140
      904  455.616   ND3D0BWP30P140
      320    201.6   ND4D0BWP30P140
     2492  941.976   NR2D0BWP30P140
      446  224.784   NR3D0BWP30P140
      200      126   NR4D0BWP30P140
      219  165.564   OA211D0BWP30P140
      164   103.32   OA21D0BWP30P140
       63   55.566   OA22D0BWP30P140
      419   263.97   OAI211D0BWP30P140
     1202  605.808   OAI21D0BWP30P140
       64   56.448   OAI221D0BWP30P140
       32   32.256   OAI222D0BWP30P140
      327   206.01   OAI22D0BWP30P140
      163   102.69   OAI31D0BWP30P140
      159  120.204   OAI32D0BWP30P140
        1    0.882   OAI33D0BWP30P140
      612  308.448   OR2D0BWP30P140
       73    45.99   OR3D0BWP30P140
      127   96.012   OR4D0BWP30P140
     4008 3.54E+03   XNR2UD0BWP30P140
      929 1.64E+03   XNR3UD0BWP30P140
      352  931.392   XNR4D0BWP30P140
     2276 2.01E+03   XOR2UD0BWP30P140
      416  733.824   XOR3UD0BWP30P140
       64  169.344   XOR4D0BWP30P140
       97 2.63E+04 submodules
       31 1.14E+04   CustomFPAdder_exp8_mant20
       32 1.22E+03   CustomOperator_E5M2_to_E3M2
        1  554.904   FP32Adder
       32 1.31E+04   ScaleAddition_E5M2_to_E3M2_scale_UE2M6
        1  105.966   ScaleToFP32_E5M2_x_E3M2_UE2M6

   Chip area for top module '\BFP_PE': 26423.964000
     of which used for sequential elements: 74.844000 (0.28%)

