
6. Printing statistics.

=== BFP_PE ===

        +----------Local Count, excluding submodules.
        |        +-Local Area, excluding submodules.
        |        | 
       53        - wires
      289        - wire bits
       32        - public wires
      268        - public wire bits
       10        - ports
      109        - port bits
       41   60.606 cells
       19   14.364   AO22D0BWP30P140
       20    45.36   DFCNQD1BWP30P140
        1    0.504   INR2D0BWP30P140
        1    0.378   NR2D0BWP30P140
        8        - submodules
        4        -   CustomOperator_E5M2_to_E2M3
        1        -   FPNAdder
        1        -   FixedFPTree_exp7_mant7_out7_vec4_range30
        1        -   ScaleAddition_E5M2_to_E2M3_scale_UE4M4
        1        -   ScaleToFP10b_E5M2_x_E2M3_UE4M4

   Chip area for module '\BFP_PE': 60.606000
     of which used for sequential elements: 45.360000 (74.84%)

=== FPNAdder ===

        +----------Local Count, excluding submodules.
        |        +-Local Area, excluding submodules.
        |        | 
      508        - wires
      595        - wire bits
        6        - public wires
       93        - public wire bits
        3        - ports
       57        - port bits
      521  319.662 cells
        6    3.024   AN2D0BWP30P140
        6     3.78   AN3D0BWP30P140
        1    0.756   AN4D0BWP30P140
        1    0.756   AO211D0BWP30P140
        9     5.67   AO21D0BWP30P140
       16    10.08   AOI211D0BWP30P140
       25     12.6   AOI21D0BWP30P140
        5     3.78   AOI221D0BWP30P140
        2    2.016   AOI222D0BWP30P140
        5     3.15   AOI22D0BWP30P140
        4     2.52   AOI31D0BWP30P140
        5     3.78   AOI32D0BWP30P140
       12   10.584   CKMUX2D0BWP30P140
       24    6.048   CKND0BWP30P140
       27   10.206   CKND2D0BWP30P140
        7     4.41   IAO21D0BWP30P140
       29   14.616   IND2D0BWP30P140
        2     1.26   IND3D0BWP30P140
        1    0.756   IND4D0BWP30P140
       15     7.56   INR2D0BWP30P140
        4     2.52   INR3D0BWP30P140
        2    1.512   INR4D0BWP30P140
        2     1.26   IOA21D0BWP30P140
        7    5.292   MAOI222D0BWP30P140
        1    0.756   MAOI22D0BWP30P140
        3    2.268   MOAI22D0BWP30P140
       47   35.532   MUX2ND0BWP30P140
        3    4.914   MUX3ND0BWP30P140
        1    2.394   MUX4D0BWP30P140
        3    6.804   MUX4ND0BWP30P140
       14    7.056   ND3D0BWP30P140
        4     2.52   ND4D0BWP30P140
       48   18.144   NR2D0BWP30P140
       26   13.104   NR3D0BWP30P140
       29    18.27   NR4D0BWP30P140
        3    2.268   OA211D0BWP30P140
        3     1.89   OA21D0BWP30P140
        1    0.882   OA22D0BWP30P140
        6     3.78   OAI211D0BWP30P140
       22   11.088   OAI21D0BWP30P140
        2    1.764   OAI221D0BWP30P140
        1    1.008   OAI222D0BWP30P140
        7     4.41   OAI22D0BWP30P140
        9     5.67   OAI31D0BWP30P140
        3    2.268   OAI32D0BWP30P140
       14    7.056   OR2D0BWP30P140
        1     0.63   OR3D0BWP30P140
        3    2.268   OR4D0BWP30P140
       32   28.224   XNR2UD0BWP30P140
        1    1.764   XNR3UD0BWP30P140
       17   14.994   XOR2UD0BWP30P140

   Chip area for module '\FPNAdder': 319.662000
     of which used for sequential elements: 0.000000 (0.00%)

=== ScaleToFP10b_E5M2_x_E2M3_UE4M4 ===

        +----------Local Count, excluding submodules.
        |        +-Local Area, excluding submodules.
        |        | 
      169        - wires
      210        - wire bits
        4        - public wires
       45        - public wire bits
        4        - ports
       45        - port bits
      184   112.77 cells
        7    3.528   AN2D0BWP30P140
        2     1.26   AN3D0BWP30P140
        3     1.89   AO21D0BWP30P140
        5     3.15   AOI211D0BWP30P140
       16    8.064   AOI21D0BWP30P140
        2    1.512   AOI221D0BWP30P140
        6    5.292   CKMUX2D0BWP30P140
        9    2.268   CKND0BWP30P140
       12    4.536   CKND2D0BWP30P140
        3     1.89   IAO21D0BWP30P140
        2    1.008   IND2D0BWP30P140
        1     0.63   IND3D0BWP30P140
        1    0.756   IND4D0BWP30P140
        5     2.52   INR2D0BWP30P140
        1     0.63   INR3D0BWP30P140
        4    3.024   INR4D0BWP30P140
        6     3.78   IOA21D0BWP30P140
        3    2.268   MAOI222D0BWP30P140
        1    0.756   MOAI22D0BWP30P140
       12    9.072   MUX2ND0BWP30P140
        2    3.276   MUX3ND0BWP30P140
        3    6.804   MUX4ND0BWP30P140
        1    0.504   ND3D0BWP30P140
        1     0.63   ND4D0BWP30P140
       17    6.426   NR2D0BWP30P140
       12    6.048   NR3D0BWP30P140
        7     4.41   NR4D0BWP30P140
        4     2.52   OA21D0BWP30P140
        2     1.26   OAI211D0BWP30P140
        8    4.032   OAI21D0BWP30P140
        1     0.63   OAI22D0BWP30P140
        4     2.52   OAI31D0BWP30P140
        1    0.756   OAI32D0BWP30P140
        6    3.024   OR2D0BWP30P140
        1     0.63   OR3D0BWP30P140
       11    9.702   XNR2UD0BWP30P140
        2    1.764   XOR2UD0BWP30P140

   Chip area for module '\ScaleToFP10b_E5M2_x_E2M3_UE4M4': 112.770000
     of which used for sequential elements: 0.000000 (0.00%)

=== ScaleAddition_E5M2_to_E2M3_scale_UE4M4 ===

        +----------Local Count, excluding submodules.
        |        +-Local Area, excluding submodules.
        |        | 
      414        - wires
      463        - wire bits
        8        - public wires
       57        - public wire bits
        8        - ports
       57        - port bits
      431  324.324 cells
       22   11.088   AN2D0BWP30P140
        8     5.04   AN3D0BWP30P140
        2    1.512   AN4D0BWP30P140
        1    0.756   AO211D0BWP30P140
        5     3.15   AO21D0BWP30P140
        3    2.268   AO22D0BWP30P140
        1     0.63   AOI211D0BWP30P140
       14    7.056   AOI21D0BWP30P140
        6     3.78   AOI22D0BWP30P140
        6     3.78   AOI31D0BWP30P140
        3    2.268   AOI32D0BWP30P140
       26    6.552   CKND0BWP30P140
       76   28.728   CKND2D0BWP30P140
        6     3.78   IAO21D0BWP30P140
        8    4.032   IND2D0BWP30P140
        2    1.512   IND4D0BWP30P140
        9    4.536   INR2D0BWP30P140
        1     0.63   INR3D0BWP30P140
        1     0.63   IOA21D0BWP30P140
       46   34.776   MAOI222D0BWP30P140
        2    1.512   MOAI22D0BWP30P140
        9    4.536   ND3D0BWP30P140
        4     2.52   ND4D0BWP30P140
       18    6.804   NR2D0BWP30P140
        3    1.512   NR3D0BWP30P140
        4     2.52   OA21D0BWP30P140
        2    1.764   OA22D0BWP30P140
        5     2.52   OAI21D0BWP30P140
        2     1.26   OAI22D0BWP30P140
        1    0.756   OAI32D0BWP30P140
        6    3.024   OR2D0BWP30P140
        2    1.512   OR4D0BWP30P140
       40    35.28   XNR2UD0BWP30P140
       29   51.156   XNR3UD0BWP30P140
       12   31.752   XNR4D0BWP30P140
       36   31.752   XOR2UD0BWP30P140
       10    17.64   XOR3UD0BWP30P140

   Chip area for module '\ScaleAddition_E5M2_to_E2M3_scale_UE4M4': 324.324000
     of which used for sequential elements: 0.000000 (0.00%)

=== FixedFPTree_exp7_mant7_out7_vec4_range30 ===

        +----------Local Count, excluding submodules.
        |        +-Local Area, excluding submodules.
        |        | 
     1830        - wires
     2126        - wire bits
       24        - public wires
      320        - public wire bits
       15        - ports
       75        - port bits
     1821 1.24E+03 cells
       44   22.176   AN2D0BWP30P140
        9     5.67   AN3D0BWP30P140
        3    2.268   AN4D0BWP30P140
        3    2.268   AO211D0BWP30P140
       16    10.08   AO21D0BWP30P140
        1    0.756   AO22D0BWP30P140
       16    10.08   AOI211D0BWP30P140
       85    42.84   AOI21D0BWP30P140
        4    3.024   AOI221D0BWP30P140
       17    10.71   AOI22D0BWP30P140
       17    10.71   AOI31D0BWP30P140
        5     3.78   AOI32D0BWP30P140
        1    0.882   AOI33D0BWP30P140
       25    22.05   CKMUX2D0BWP30P140
      109   27.468   CKND0BWP30P140
      184   69.552   CKND2D0BWP30P140
       13     8.19   IAO21D0BWP30P140
       35    17.64   IND2D0BWP30P140
        9     5.67   IND3D0BWP30P140
        5     3.78   IND4D0BWP30P140
       27   13.608   INR2D0BWP30P140
        5     3.15   INR3D0BWP30P140
        4    3.024   INR4D0BWP30P140
       17    10.71   IOA21D0BWP30P140
       97   73.332   MAOI222D0BWP30P140
        5     3.78   MAOI22D0BWP30P140
        6    4.536   MOAI22D0BWP30P140
      106   80.136   MUX2ND0BWP30P140
        3    5.292   MUX3D0BWP30P140
        4    6.552   MUX3ND0BWP30P140
        5    11.97   MUX4D0BWP30P140
       31   70.308   MUX4ND0BWP30P140
       47   23.688   ND3D0BWP30P140
       11     6.93   ND4D0BWP30P140
      186   70.308   NR2D0BWP30P140
       35    17.64   NR3D0BWP30P140
       10      6.3   NR4D0BWP30P140
        1    0.756   OA211D0BWP30P140
       24    15.12   OA21D0BWP30P140
        4    3.528   OA22D0BWP30P140
       25    15.75   OAI211D0BWP30P140
       79   39.816   OAI21D0BWP30P140
        1    0.882   OAI221D0BWP30P140
       13     8.19   OAI22D0BWP30P140
       13     8.19   OAI31D0BWP30P140
        6    4.536   OAI32D0BWP30P140
       37   18.648   OR2D0BWP30P140
        7     4.41   OR3D0BWP30P140
        3    2.268   OR4D0BWP30P140
      161  142.002   XNR2UD0BWP30P140
       66  116.424   XNR3UD0BWP30P140
      168  148.176   XOR2UD0BWP30P140
       13   22.932   XOR3UD0BWP30P140

   Chip area for module '\FixedFPTree_exp7_mant7_out7_vec4_range30': 1242.486000
     of which used for sequential elements: 0.000000 (0.00%)

=== CustomOperator_E5M2_to_E2M3 ===

        +----------Local Count, excluding submodules.
        |        +-Local Area, excluding submodules.
        |        | 
       42        - wires
       66        - wire bits
        5        - public wires
       29        - public wire bits
        5        - ports
       29        - port bits
       51   32.634 cells
        2    1.008   AN2D0BWP30P140
        1     0.63   AN3D0BWP30P140
        4    2.016   AOI21D0BWP30P140
        1     0.63   AOI22D0BWP30P140
        1     0.63   AOI31D0BWP30P140
        3    0.756   CKND0BWP30P140
        7    2.646   CKND2D0BWP30P140
        1     0.63   IAO21D0BWP30P140
        2    1.008   IND2D0BWP30P140
        1    0.504   INR2D0BWP30P140
        1     0.63   IOA21D0BWP30P140
        4    3.024   MAOI222D0BWP30P140
        1    0.504   ND3D0BWP30P140
        2    0.756   NR2D0BWP30P140
        1    0.504   NR3D0BWP30P140
        6    3.024   OAI21D0BWP30P140
        1    0.504   OR2D0BWP30P140
        3    2.646   XNR2UD0BWP30P140
        2    3.528   XNR3UD0BWP30P140
        6    5.292   XOR2UD0BWP30P140
        1    1.764   XOR3UD0BWP30P140

   Chip area for module '\CustomOperator_E5M2_to_E2M3': 32.634000
     of which used for sequential elements: 0.000000 (0.00%)

=== design hierarchy ===

        +----------Count including submodules.
        |        +-Area including submodules.
        |        | 
     3202 2.19E+03 BFP_PE
       51   32.634 CustomOperator_E5M2_to_E2M3
      521  319.662 FPNAdder
     1821 1.24E+03 FixedFPTree_exp7_mant7_out7_vec4_range30
      431  324.324 ScaleAddition_E5M2_to_E2M3_scale_UE4M4
      184   112.77 ScaleToFP10b_E5M2_x_E2M3_UE4M4

        +----------Count including submodules.
        |        +-Area including submodules.
        |        | 
     3142        - wires
     3947        - wire bits
       94        - public wires
      899        - public wire bits
       60        - ports
      459        - port bits
        -        - memories
        -        - memory bits
        -        - processes
     3202 2.19E+03 cells
       87   43.848   AN2D0BWP30P140
       29    18.27   AN3D0BWP30P140
        6    4.536   AN4D0BWP30P140
        5     3.78   AO211D0BWP30P140
       33    20.79   AO21D0BWP30P140
       23   17.388   AO22D0BWP30P140
       38    23.94   AOI211D0BWP30P140
      156   78.624   AOI21D0BWP30P140
       11    8.316   AOI221D0BWP30P140
        2    2.016   AOI222D0BWP30P140
       32    20.16   AOI22D0BWP30P140
       31    19.53   AOI31D0BWP30P140
       13    9.828   AOI32D0BWP30P140
        1    0.882   AOI33D0BWP30P140
       43   37.926   CKMUX2D0BWP30P140
      180    45.36   CKND0BWP30P140
      327  123.606   CKND2D0BWP30P140
       20    45.36   DFCNQD1BWP30P140
       33    20.79   IAO21D0BWP30P140
       82   41.328   IND2D0BWP30P140
       12     7.56   IND3D0BWP30P140
        9    6.804   IND4D0BWP30P140
       61   30.744   INR2D0BWP30P140
       11     6.93   INR3D0BWP30P140
       10     7.56   INR4D0BWP30P140
       30     18.9   IOA21D0BWP30P140
      169  127.764   MAOI222D0BWP30P140
        6    4.536   MAOI22D0BWP30P140
       12    9.072   MOAI22D0BWP30P140
      165   124.74   MUX2ND0BWP30P140
        3    5.292   MUX3D0BWP30P140
        9   14.742   MUX3ND0BWP30P140
        6   14.364   MUX4D0BWP30P140
       37   83.916   MUX4ND0BWP30P140
       75     37.8   ND3D0BWP30P140
       20     12.6   ND4D0BWP30P140
      278  105.084   NR2D0BWP30P140
       80    40.32   NR3D0BWP30P140
       46    28.98   NR4D0BWP30P140
        4    3.024   OA211D0BWP30P140
       35    22.05   OA21D0BWP30P140
        7    6.174   OA22D0BWP30P140
       33    20.79   OAI211D0BWP30P140
      138   69.552   OAI21D0BWP30P140
        3    2.646   OAI221D0BWP30P140
        1    1.008   OAI222D0BWP30P140
       23    14.49   OAI22D0BWP30P140
       26    16.38   OAI31D0BWP30P140
       11    8.316   OAI32D0BWP30P140
       67   33.768   OR2D0BWP30P140
        9     5.67   OR3D0BWP30P140
        8    6.048   OR4D0BWP30P140
      256  225.792   XNR2UD0BWP30P140
      104  183.456   XNR3UD0BWP30P140
       12   31.752   XNR4D0BWP30P140
      247  217.854   XOR2UD0BWP30P140
       27   47.628   XOR3UD0BWP30P140
        8 2.13E+03 submodules
        4  130.536   CustomOperator_E5M2_to_E2M3
        1  319.662   FPNAdder
        1 1.24E+03   FixedFPTree_exp7_mant7_out7_vec4_range30
        1  324.324   ScaleAddition_E5M2_to_E2M3_scale_UE4M4
        1   112.77   ScaleToFP10b_E5M2_x_E2M3_UE4M4

   Chip area for top module '\BFP_PE': 2190.384000
     of which used for sequential elements: 45.360000 (2.07%)

