
6. Printing statistics.

=== BFP_PE ===

        +----------Local Count, excluding submodules.
        |        +-Local Area, excluding submodules.
        |        | 
       53        - wires
      269        - wire bits
       32        - public wires
      248        - public wire bits
       10        - ports
      101        - port bits
       41   60.606 cells
       19   14.364   AO22D0BWP30P140
       20    45.36   DFCNQD1BWP30P140
        1    0.504   INR2D0BWP30P140
        1    0.378   NR2D0BWP30P140
        8        - submodules
        4        -   CustomOperator_E5M2_to_E2M1
        1        -   FPNAdder
        1        -   FixedFPTree_exp7_mant5_out5_vec4_range30
        1        -   ScaleAddition_E5M2_to_E2M1_scale_UE4M4
        1        -   ScaleToFP10b_E5M2_x_E2M1_UE4M4

   Chip area for module '\BFP_PE': 60.606000
     of which used for sequential elements: 45.360000 (74.84%)

=== FPNAdder ===

        +----------Local Count, excluding submodules.
        |        +-Local Area, excluding submodules.
        |        | 
      508        - wires
      595        - wire bits
        6        - public wires
       93        - public wire bits
        3        - ports
       57        - port bits
      521  319.662 cells
        6    3.024   AN2D0BWP30P140
        6     3.78   AN3D0BWP30P140
        1    0.756   AN4D0BWP30P140
        1    0.756   AO211D0BWP30P140
        9     5.67   AO21D0BWP30P140
       16    10.08   AOI211D0BWP30P140
       25     12.6   AOI21D0BWP30P140
        5     3.78   AOI221D0BWP30P140
        2    2.016   AOI222D0BWP30P140
        5     3.15   AOI22D0BWP30P140
        4     2.52   AOI31D0BWP30P140
        5     3.78   AOI32D0BWP30P140
       12   10.584   CKMUX2D0BWP30P140
       24    6.048   CKND0BWP30P140
       27   10.206   CKND2D0BWP30P140
        7     4.41   IAO21D0BWP30P140
       29   14.616   IND2D0BWP30P140
        2     1.26   IND3D0BWP30P140
        1    0.756   IND4D0BWP30P140
       15     7.56   INR2D0BWP30P140
        4     2.52   INR3D0BWP30P140
        2    1.512   INR4D0BWP30P140
        2     1.26   IOA21D0BWP30P140
        7    5.292   MAOI222D0BWP30P140
        1    0.756   MAOI22D0BWP30P140
        3    2.268   MOAI22D0BWP30P140
       47   35.532   MUX2ND0BWP30P140
        3    4.914   MUX3ND0BWP30P140
        1    2.394   MUX4D0BWP30P140
        3    6.804   MUX4ND0BWP30P140
       14    7.056   ND3D0BWP30P140
        4     2.52   ND4D0BWP30P140
       48   18.144   NR2D0BWP30P140
       26   13.104   NR3D0BWP30P140
       29    18.27   NR4D0BWP30P140
        3    2.268   OA211D0BWP30P140
        3     1.89   OA21D0BWP30P140
        1    0.882   OA22D0BWP30P140
        6     3.78   OAI211D0BWP30P140
       22   11.088   OAI21D0BWP30P140
        2    1.764   OAI221D0BWP30P140
        1    1.008   OAI222D0BWP30P140
        7     4.41   OAI22D0BWP30P140
        9     5.67   OAI31D0BWP30P140
        3    2.268   OAI32D0BWP30P140
       14    7.056   OR2D0BWP30P140
        1     0.63   OR3D0BWP30P140
        3    2.268   OR4D0BWP30P140
       32   28.224   XNR2UD0BWP30P140
        1    1.764   XNR3UD0BWP30P140
       17   14.994   XOR2UD0BWP30P140

   Chip area for module '\FPNAdder': 319.662000
     of which used for sequential elements: 0.000000 (0.00%)

=== ScaleToFP10b_E5M2_x_E2M1_UE4M4 ===

        +----------Local Count, excluding submodules.
        |        +-Local Area, excluding submodules.
        |        | 
      140        - wires
      179        - wire bits
        4        - public wires
       43        - public wire bits
        4        - ports
       43        - port bits
      155   99.666 cells
        6    3.024   AN2D0BWP30P140
        1     0.63   AN3D0BWP30P140
        2    1.512   AN4D0BWP30P140
        1    0.756   AO211D0BWP30P140
        1     0.63   AO21D0BWP30P140
        4     2.52   AOI211D0BWP30P140
       13    6.552   AOI21D0BWP30P140
        1    0.756   AOI221D0BWP30P140
        2     1.26   AOI31D0BWP30P140
        1    0.882   CKMUX2D0BWP30P140
        5     1.26   CKND0BWP30P140
       12    4.536   CKND2D0BWP30P140
        4     2.52   IAO21D0BWP30P140
        4    2.016   IND2D0BWP30P140
        5     2.52   INR2D0BWP30P140
        2     1.26   INR3D0BWP30P140
        1     0.63   IOA21D0BWP30P140
        1    0.756   MOAI22D0BWP30P140
        7    5.292   MUX2ND0BWP30P140
        1    1.638   MUX3ND0BWP30P140
        7   15.876   MUX4ND0BWP30P140
        4    2.016   ND3D0BWP30P140
        2     1.26   ND4D0BWP30P140
       21    7.938   NR2D0BWP30P140
        8    4.032   NR3D0BWP30P140
        3     1.89   NR4D0BWP30P140
        1    0.756   OA211D0BWP30P140
        3     1.89   OA21D0BWP30P140
        2     1.26   OAI211D0BWP30P140
        8    4.032   OAI21D0BWP30P140
        3    2.646   OAI221D0BWP30P140
        2     1.26   OAI22D0BWP30P140
        1     0.63   OAI31D0BWP30P140
        2    1.008   OR2D0BWP30P140
        1    0.756   OR4D0BWP30P140
        9    7.938   XNR2UD0BWP30P140
        4    3.528   XOR2UD0BWP30P140

   Chip area for module '\ScaleToFP10b_E5M2_x_E2M1_UE4M4': 99.666000
     of which used for sequential elements: 0.000000 (0.00%)

=== ScaleAddition_E5M2_to_E2M1_scale_UE4M4 ===

        +----------Local Count, excluding submodules.
        |        +-Local Area, excluding submodules.
        |        | 
      304        - wires
      349        - wire bits
        8        - public wires
       53        - public wire bits
        8        - ports
       53        - port bits
      319  230.832 cells
        7    3.528   AN2D0BWP30P140
        4    3.024   AN4D0BWP30P140
        2     1.26   AO21D0BWP30P140
        1    0.756   AO22D0BWP30P140
        4    2.016   AOI21D0BWP30P140
        6     3.78   AOI22D0BWP30P140
        9     5.67   AOI31D0BWP30P140
        1    0.756   AOI32D0BWP30P140
       24    6.048   CKND0BWP30P140
       62   23.436   CKND2D0BWP30P140
        3     1.89   IAO21D0BWP30P140
       11    5.544   IND2D0BWP30P140
        5     2.52   INR2D0BWP30P140
        1     0.63   IOA21D0BWP30P140
       42   31.752   MAOI222D0BWP30P140
        5     2.52   ND3D0BWP30P140
        2     1.26   ND4D0BWP30P140
       17    6.426   NR2D0BWP30P140
        2    1.008   NR3D0BWP30P140
        2     1.26   OA21D0BWP30P140
        1    0.882   OA22D0BWP30P140
        1     0.63   OAI211D0BWP30P140
        5     2.52   OAI21D0BWP30P140
        1     0.63   OAI22D0BWP30P140
        3    1.512   OR2D0BWP30P140
        1     0.63   OR3D0BWP30P140
        1    0.756   OR4D0BWP30P140
       36   31.752   XNR2UD0BWP30P140
       24   42.336   XNR3UD0BWP30P140
        1    2.646   XNR4D0BWP30P140
       23   20.286   XOR2UD0BWP30P140
       12   21.168   XOR3UD0BWP30P140

   Chip area for module '\ScaleAddition_E5M2_to_E2M1_scale_UE4M4': 230.832000
     of which used for sequential elements: 0.000000 (0.00%)

=== FixedFPTree_exp7_mant5_out5_vec4_range30 ===

        +----------Local Count, excluding submodules.
        |        +-Local Area, excluding submodules.
        |        | 
     1739        - wires
     2015        - wire bits
       24        - public wires
      300        - public wire bits
       15        - ports
       65        - port bits
     1728 1.17E+03 cells
       36   18.144   AN2D0BWP30P140
        7     4.41   AN3D0BWP30P140
        2    1.512   AN4D0BWP30P140
        8    6.048   AO211D0BWP30P140
       15     9.45   AO21D0BWP30P140
        4    3.024   AO22D0BWP30P140
       29    18.27   AOI211D0BWP30P140
       87   43.848   AOI21D0BWP30P140
        4    3.024   AOI221D0BWP30P140
        5     3.15   AOI22D0BWP30P140
       23    14.49   AOI31D0BWP30P140
        4    3.024   AOI32D0BWP30P140
        2    1.764   AOI33D0BWP30P140
       21   18.522   CKMUX2D0BWP30P140
       85    21.42   CKND0BWP30P140
      174   65.772   CKND2D0BWP30P140
       30     18.9   IAO21D0BWP30P140
       39   19.656   IND2D0BWP30P140
        9     5.67   IND3D0BWP30P140
       11    8.316   IND4D0BWP30P140
       18    9.072   INR2D0BWP30P140
        8     5.04   INR3D0BWP30P140
        4    3.024   INR4D0BWP30P140
        8     5.04   IOA21D0BWP30P140
       89   67.284   MAOI222D0BWP30P140
        2    1.512   MAOI22D0BWP30P140
        2    1.512   MOAI22D0BWP30P140
       70    52.92   MUX2ND0BWP30P140
        5     8.82   MUX3D0BWP30P140
        4    6.552   MUX3ND0BWP30P140
        3    7.182   MUX4D0BWP30P140
       26   58.968   MUX4ND0BWP30P140
       41   20.664   ND3D0BWP30P140
       12     7.56   ND4D0BWP30P140
      163   61.614   NR2D0BWP30P140
       63   31.752   NR3D0BWP30P140
       17    10.71   NR4D0BWP30P140
        6    4.536   OA211D0BWP30P140
       10      6.3   OA21D0BWP30P140
        1    0.882   OA22D0BWP30P140
       17    10.71   OAI211D0BWP30P140
       75     37.8   OAI21D0BWP30P140
        1    0.882   OAI221D0BWP30P140
        1    1.008   OAI222D0BWP30P140
       12     7.56   OAI22D0BWP30P140
       16    10.08   OAI31D0BWP30P140
        7    5.292   OAI32D0BWP30P140
        2    1.764   OAI33D0BWP30P140
       40    20.16   OR2D0BWP30P140
        7     4.41   OR3D0BWP30P140
        5     3.78   OR4D0BWP30P140
      188  165.816   XNR2UD0BWP30P140
       51   89.964   XNR3UD0BWP30P140
      149  131.418   XOR2UD0BWP30P140
       10    17.64   XOR3UD0BWP30P140

   Chip area for module '\FixedFPTree_exp7_mant5_out5_vec4_range30': 1167.642000
     of which used for sequential elements: 0.000000 (0.00%)

=== CustomOperator_E5M2_to_E2M1 ===

        +----------Local Count, excluding submodules.
        |        +-Local Area, excluding submodules.
        |        | 
       28        - wires
       48        - wire bits
        5        - public wires
       25        - public wire bits
        5        - ports
       25        - port bits
       35   19.656 cells
        2    1.008   AN2D0BWP30P140
        2     1.26   AO21D0BWP30P140
        1     0.63   AOI211D0BWP30P140
        2    1.008   AOI21D0BWP30P140
        1     0.63   AOI31D0BWP30P140
        2    0.504   CKND0BWP30P140
        7    2.646   CKND2D0BWP30P140
        1     0.63   IAO21D0BWP30P140
        4    1.512   NR2D0BWP30P140
        1    0.504   NR3D0BWP30P140
        1     0.63   OAI211D0BWP30P140
        1    0.504   OAI21D0BWP30P140
        1    0.504   OR2D0BWP30P140
        1     0.63   OR3D0BWP30P140
        4    3.528   XNR2UD0BWP30P140
        4    3.528   XOR2UD0BWP30P140

   Chip area for module '\CustomOperator_E5M2_to_E2M1': 19.656000
     of which used for sequential elements: 0.000000 (0.00%)

=== design hierarchy ===

        +----------Count including submodules.
        |        +-Area including submodules.
        |        | 
     2904 1.96E+03 BFP_PE
       35   19.656 CustomOperator_E5M2_to_E2M1
      521  319.662 FPNAdder
     1728 1.17E+03 FixedFPTree_exp7_mant5_out5_vec4_range30
      319  230.832 ScaleAddition_E5M2_to_E2M1_scale_UE4M4
      155   99.666 ScaleToFP10b_E5M2_x_E2M1_UE4M4

        +----------Count including submodules.
        |        +-Area including submodules.
        |        | 
     2856        - wires
     3599        - wire bits
       94        - public wires
      837        - public wire bits
       60        - ports
      419        - port bits
        -        - memories
        -        - memory bits
        -        - processes
     2904 1.96E+03 cells
       63   31.752   AN2D0BWP30P140
       14     8.82   AN3D0BWP30P140
        9    6.804   AN4D0BWP30P140
       10     7.56   AO211D0BWP30P140
       35    22.05   AO21D0BWP30P140
       24   18.144   AO22D0BWP30P140
       53    33.39   AOI211D0BWP30P140
      137   69.048   AOI21D0BWP30P140
       10     7.56   AOI221D0BWP30P140
        2    2.016   AOI222D0BWP30P140
       16    10.08   AOI22D0BWP30P140
       42    26.46   AOI31D0BWP30P140
       10     7.56   AOI32D0BWP30P140
        2    1.764   AOI33D0BWP30P140
       34   29.988   CKMUX2D0BWP30P140
      146   36.792   CKND0BWP30P140
      303  114.534   CKND2D0BWP30P140
       20    45.36   DFCNQD1BWP30P140
       48    30.24   IAO21D0BWP30P140
       83   41.832   IND2D0BWP30P140
       11     6.93   IND3D0BWP30P140
       12    9.072   IND4D0BWP30P140
       44   22.176   INR2D0BWP30P140
       14     8.82   INR3D0BWP30P140
        6    4.536   INR4D0BWP30P140
       12     7.56   IOA21D0BWP30P140
      138  104.328   MAOI222D0BWP30P140
        3    2.268   MAOI22D0BWP30P140
        6    4.536   MOAI22D0BWP30P140
      124   93.744   MUX2ND0BWP30P140
        5     8.82   MUX3D0BWP30P140
        8   13.104   MUX3ND0BWP30P140
        4    9.576   MUX4D0BWP30P140
       36   81.648   MUX4ND0BWP30P140
       64   32.256   ND3D0BWP30P140
       20     12.6   ND4D0BWP30P140
      266  100.548   NR2D0BWP30P140
      103   51.912   NR3D0BWP30P140
       49    30.87   NR4D0BWP30P140
       10     7.56   OA211D0BWP30P140
       18    11.34   OA21D0BWP30P140
        3    2.646   OA22D0BWP30P140
       30     18.9   OAI211D0BWP30P140
      114   57.456   OAI21D0BWP30P140
        6    5.292   OAI221D0BWP30P140
        2    2.016   OAI222D0BWP30P140
       22    13.86   OAI22D0BWP30P140
       26    16.38   OAI31D0BWP30P140
       10     7.56   OAI32D0BWP30P140
        2    1.764   OAI33D0BWP30P140
       63   31.752   OR2D0BWP30P140
       13     8.19   OR3D0BWP30P140
       10     7.56   OR4D0BWP30P140
      281  247.842   XNR2UD0BWP30P140
       76  134.064   XNR3UD0BWP30P140
        1    2.646   XNR4D0BWP30P140
      209  184.338   XOR2UD0BWP30P140
       22   38.808   XOR3UD0BWP30P140
        8  1.9E+03 submodules
        4   78.624   CustomOperator_E5M2_to_E2M1
        1  319.662   FPNAdder
        1 1.17E+03   FixedFPTree_exp7_mant5_out5_vec4_range30
        1  230.832   ScaleAddition_E5M2_to_E2M1_scale_UE4M4
        1   99.666   ScaleToFP10b_E5M2_x_E2M1_UE4M4

   Chip area for top module '\BFP_PE': 1957.032000
     of which used for sequential elements: 45.360000 (2.32%)

