
6. Printing statistics.

=== BFP_PE ===

        +----------Local Count, excluding submodules.
        |        +-Local Area, excluding submodules.
        |        | 
       91        - wires
      656        - wire bits
       68        - public wires
      633        - public wire bits
       10        - ports
      309        - port bits
       45   66.654 cells
       21   15.876   AO22D0BWP30P140
       22   49.896   DFCNQD1BWP30P140
        1    0.504   INR2D0BWP30P140
        1    0.378   NR2D0BWP30P140
       20        - submodules
       16        -   CustomOperator_E5M2_to_E5M2
        1        -   FPNAdder
        1        -   FixedFPTree_exp7_mant6_out6_vec16_range58
        1        -   ScaleAddition_E5M2_to_E5M2_scale_UE6M2
        1        -   ScaleToFP12b_E5M2_x_E5M2_UE6M2

   Chip area for module '\BFP_PE': 66.654000
     of which used for sequential elements: 49.896000 (74.86%)

=== FPNAdder ===

        +----------Local Count, excluding submodules.
        |        +-Local Area, excluding submodules.
        |        | 
      545        - wires
      644        - wire bits
        6        - public wires
      105        - public wire bits
        3        - ports
       63        - port bits
      560  342.972 cells
        8    4.032   AN2D0BWP30P140
        3     1.89   AN3D0BWP30P140
        4    3.024   AO211D0BWP30P140
        7     4.41   AO21D0BWP30P140
        1    0.756   AO22D0BWP30P140
       11     6.93   AOI211D0BWP30P140
       26   13.104   AOI21D0BWP30P140
        3    2.268   AOI221D0BWP30P140
       12     7.56   AOI22D0BWP30P140
        4     2.52   AOI31D0BWP30P140
        2    1.512   AOI32D0BWP30P140
        4    3.528   AOI33D0BWP30P140
       10     8.82   CKMUX2D0BWP30P140
       35     8.82   CKND0BWP30P140
       52   19.656   CKND2D0BWP30P140
        5     3.15   IAO21D0BWP30P140
       20    10.08   IND2D0BWP30P140
        2     1.26   IND3D0BWP30P140
        2    1.512   IND4D0BWP30P140
       28   14.112   INR2D0BWP30P140
        2     1.26   INR3D0BWP30P140
        5     3.78   INR4D0BWP30P140
        5     3.15   IOA21D0BWP30P140
        8    6.048   MAOI222D0BWP30P140
        2    1.512   MAOI22D0BWP30P140
       47   35.532   MUX2ND0BWP30P140
        1    1.764   MUX3D0BWP30P140
        1    1.638   MUX3ND0BWP30P140
        1    2.394   MUX4D0BWP30P140
        8   18.144   MUX4ND0BWP30P140
       19    9.576   ND3D0BWP30P140
        3     1.89   ND4D0BWP30P140
       45    17.01   NR2D0BWP30P140
       20    10.08   NR3D0BWP30P140
       24    15.12   NR4D0BWP30P140
        2    1.512   OA211D0BWP30P140
        3     1.89   OA21D0BWP30P140
        9     5.67   OAI211D0BWP30P140
       28   14.112   OAI21D0BWP30P140
        2    1.764   OAI221D0BWP30P140
        9     5.67   OAI22D0BWP30P140
        2     1.26   OAI31D0BWP30P140
        6    4.536   OAI32D0BWP30P140
        1    0.882   OAI33D0BWP30P140
        8    4.032   OR2D0BWP30P140
       37   32.634   XNR2UD0BWP30P140
       22   19.404   XOR2UD0BWP30P140
        1    1.764   XOR3UD0BWP30P140

   Chip area for module '\FPNAdder': 342.972000
     of which used for sequential elements: 0.000000 (0.00%)

=== ScaleToFP12b_E5M2_x_E5M2_UE6M2 ===

        +----------Local Count, excluding submodules.
        |        +-Local Area, excluding submodules.
        |        | 
      110        - wires
      149        - wire bits
        4        - public wires
       43        - public wire bits
        4        - ports
       43        - port bits
      126   74.088 cells
        2    1.008   AN2D0BWP30P140
        1     0.63   AN3D0BWP30P140
        1    0.756   AN4D0BWP30P140
        1     0.63   AO21D0BWP30P140
        5     3.15   AOI211D0BWP30P140
        6    3.024   AOI21D0BWP30P140
        2    1.512   AOI221D0BWP30P140
        1     0.63   AOI22D0BWP30P140
        5     4.41   CKMUX2D0BWP30P140
        7    1.764   CKND0BWP30P140
        7    2.646   CKND2D0BWP30P140
        6     3.78   IAO21D0BWP30P140
        4    2.016   IND2D0BWP30P140
        1    0.756   IND4D0BWP30P140
        6    3.024   INR2D0BWP30P140
        1     0.63   INR3D0BWP30P140
       10     7.56   MUX2ND0BWP30P140
        1    0.504   ND3D0BWP30P140
        1     0.63   ND4D0BWP30P140
       15     5.67   NR2D0BWP30P140
        4    2.016   NR3D0BWP30P140
        4     2.52   NR4D0BWP30P140
        2     1.26   OA21D0BWP30P140
        2     1.26   OAI211D0BWP30P140
        4    2.016   OAI21D0BWP30P140
        2    1.764   OAI221D0BWP30P140
        1     0.63   OAI22D0BWP30P140
        3     1.89   OAI31D0BWP30P140
        5     2.52   OR2D0BWP30P140
        2     1.26   OR3D0BWP30P140
        1    0.756   OR4D0BWP30P140
        3    2.646   XNR2UD0BWP30P140
       10     8.82   XOR2UD0BWP30P140

   Chip area for module '\ScaleToFP12b_E5M2_x_E5M2_UE6M2': 74.088000
     of which used for sequential elements: 0.000000 (0.00%)

=== ScaleAddition_E5M2_to_E5M2_scale_UE6M2 ===

        +----------Local Count, excluding submodules.
        |        +-Local Area, excluding submodules.
        |        | 
      225        - wires
      269        - wire bits
        8        - public wires
       52        - public wire bits
        8        - ports
       52        - port bits
      237  158.508 cells
        7    3.528   AN2D0BWP30P140
        2     1.26   AN3D0BWP30P140
        3    2.268   AN4D0BWP30P140
        1    0.756   AO211D0BWP30P140
        2     1.26   AO21D0BWP30P140
        1     0.63   AOI211D0BWP30P140
        8    4.032   AOI21D0BWP30P140
        5     3.15   AOI22D0BWP30P140
        1     0.63   AOI31D0BWP30P140
        7    1.764   CKND0BWP30P140
       41   15.498   CKND2D0BWP30P140
        3     1.89   IAO21D0BWP30P140
        8    4.032   IND2D0BWP30P140
        1     0.63   IND3D0BWP30P140
        8    4.032   INR2D0BWP30P140
        1    0.756   INR4D0BWP30P140
        3     1.89   IOA21D0BWP30P140
       20    15.12   MAOI222D0BWP30P140
        2    1.512   MAOI22D0BWP30P140
        8    4.032   ND3D0BWP30P140
       14    5.292   NR2D0BWP30P140
        3    1.512   NR3D0BWP30P140
        6    3.024   OAI21D0BWP30P140
        1    0.882   OAI221D0BWP30P140
        7    3.528   OR2D0BWP30P140
        2    1.512   OR4D0BWP30P140
       38   33.516   XNR2UD0BWP30P140
       10    17.64   XNR3UD0BWP30P140
       22   19.404   XOR2UD0BWP30P140
        2    3.528   XOR3UD0BWP30P140

   Chip area for module '\ScaleAddition_E5M2_to_E5M2_scale_UE6M2': 158.508000
     of which used for sequential elements: 0.000000 (0.00%)

=== FixedFPTree_exp7_mant6_out6_vec16_range58 ===

        +----------Local Count, excluding submodules.
        |        +-Local Area, excluding submodules.
        |        | 
    10354        - wires
    11885        - wire bits
       79        - public wires
     1610        - public wire bits
       51        - ports
      238        - port bits
    10289 7.02E+03 cells
      246  123.984   AN2D0BWP30P140
       68    42.84   AN3D0BWP30P140
       38   28.728   AN4D0BWP30P140
       18   13.608   AO211D0BWP30P140
      336   211.68   AO21D0BWP30P140
        6    4.536   AO22D0BWP30P140
      105    66.15   AOI211D0BWP30P140
      410   206.64   AOI21D0BWP30P140
       12    9.072   AOI221D0BWP30P140
        2    2.016   AOI222D0BWP30P140
       32    20.16   AOI22D0BWP30P140
       66    41.58   AOI31D0BWP30P140
       17   12.852   AOI32D0BWP30P140
        5     4.41   AOI33D0BWP30P140
       76   67.032   CKMUX2D0BWP30P140
      479  120.708   CKND0BWP30P140
      917  346.626   CKND2D0BWP30P140
      122    76.86   IAO21D0BWP30P140
        2    1.764   IAO22D0BWP30P140
      215   108.36   IND2D0BWP30P140
       42    26.46   IND3D0BWP30P140
       29   21.924   IND4D0BWP30P140
      198   99.792   INR2D0BWP30P140
       14     8.82   INR3D0BWP30P140
       20    15.12   INR4D0BWP30P140
      244   153.72   IOA21D0BWP30P140
      540   408.24   MAOI222D0BWP30P140
       12    9.072   MAOI22D0BWP30P140
       18   13.608   MOAI22D0BWP30P140
      244  184.464   MUX2ND0BWP30P140
        3    5.292   MUX3D0BWP30P140
       15    24.57   MUX3ND0BWP30P140
       19   45.486   MUX4D0BWP30P140
       88  199.584   MUX4ND0BWP30P140
      358  180.432   ND3D0BWP30P140
       80     50.4   ND4D0BWP30P140
     1105   417.69   NR2D0BWP30P140
      226  113.904   NR3D0BWP30P140
      141    88.83   NR4D0BWP30P140
       23   17.388   OA211D0BWP30P140
       42    26.46   OA21D0BWP30P140
        5     4.41   OA22D0BWP30P140
       49    30.87   OAI211D0BWP30P140
      345   173.88   OAI21D0BWP30P140
        3    2.646   OAI221D0BWP30P140
        4    4.032   OAI222D0BWP30P140
       30     18.9   OAI22D0BWP30P140
       76    47.88   OAI31D0BWP30P140
       23   17.388   OAI32D0BWP30P140
       14   12.348   OAI33D0BWP30P140
      140    70.56   OR2D0BWP30P140
       53    33.39   OR3D0BWP30P140
       29   21.924   OR4D0BWP30P140
     1196 1.05E+03   XNR2UD0BWP30P140
      233  411.012   XNR3UD0BWP30P140
        9   23.814   XNR4D0BWP30P140
     1233 1.09E+03   XOR2UD0BWP30P140
      211  372.204   XOR3UD0BWP30P140
        3    7.938   XOR4D0BWP30P140

   Chip area for module '\FixedFPTree_exp7_mant6_out6_vec16_range58': 7016.436000
     of which used for sequential elements: 0.000000 (0.00%)

=== CustomOperator_E5M2_to_E5M2 ===

        +----------Local Count, excluding submodules.
        |        +-Local Area, excluding submodules.
        |        | 
       58        - wires
       83        - wire bits
        5        - public wires
       30        - public wire bits
        5        - ports
       30        - port bits
       67   43.848 cells
        5     2.52   AN2D0BWP30P140
        1     0.63   AOI211D0BWP30P140
        2    1.008   AOI21D0BWP30P140
        1     0.63   AOI22D0BWP30P140
        2     1.26   AOI31D0BWP30P140
        3    0.756   CKND0BWP30P140
        5     1.89   CKND2D0BWP30P140
        6    3.024   IND2D0BWP30P140
        1    0.504   INR2D0BWP30P140
        2     1.26   INR3D0BWP30P140
        1     0.63   IOA21D0BWP30P140
        5     3.78   MAOI222D0BWP30P140
        2     1.26   ND4D0BWP30P140
        1    0.378   NR2D0BWP30P140
        3    1.512   NR3D0BWP30P140
        2    1.008   OAI21D0BWP30P140
        1     0.63   OAI22D0BWP30P140
        2    1.008   OR2D0BWP30P140
        1    0.756   OR4D0BWP30P140
       13   11.466   XNR2UD0BWP30P140
        1    1.764   XNR3UD0BWP30P140
        7    6.174   XOR2UD0BWP30P140

   Chip area for module '\CustomOperator_E5M2_to_E5M2': 43.848000
     of which used for sequential elements: 0.000000 (0.00%)

=== design hierarchy ===

        +----------Count including submodules.
        |        +-Area including submodules.
        |        | 
    12329 8.36E+03 BFP_PE
       67   43.848 CustomOperator_E5M2_to_E5M2
      560  342.972 FPNAdder
    10289 7.02E+03 FixedFPTree_exp7_mant6_out6_vec16_range58
      237  158.508 ScaleAddition_E5M2_to_E5M2_scale_UE6M2
      126   74.088 ScaleToFP12b_E5M2_x_E5M2_UE6M2

        +----------Count including submodules.
        |        +-Area including submodules.
        |        | 
    12253        - wires
    14931        - wire bits
      245        - public wires
     2923        - public wire bits
      156        - ports
     1185        - port bits
        -        - memories
        -        - memory bits
        -        - processes
    12329 8.36E+03 cells
      343  172.872   AN2D0BWP30P140
       74    46.62   AN3D0BWP30P140
       42   31.752   AN4D0BWP30P140
       23   17.388   AO211D0BWP30P140
      346   217.98   AO21D0BWP30P140
       28   21.168   AO22D0BWP30P140
      138    86.94   AOI211D0BWP30P140
      482  242.928   AOI21D0BWP30P140
       17   12.852   AOI221D0BWP30P140
        2    2.016   AOI222D0BWP30P140
       66    41.58   AOI22D0BWP30P140
      103    64.89   AOI31D0BWP30P140
       19   14.364   AOI32D0BWP30P140
        9    7.938   AOI33D0BWP30P140
       91   80.262   CKMUX2D0BWP30P140
      576  145.152   CKND0BWP30P140
     1097  414.666   CKND2D0BWP30P140
       22   49.896   DFCNQD1BWP30P140
      136    85.68   IAO21D0BWP30P140
        2    1.764   IAO22D0BWP30P140
      343  172.872   IND2D0BWP30P140
       45    28.35   IND3D0BWP30P140
       32   24.192   IND4D0BWP30P140
      257  129.528   INR2D0BWP30P140
       49    30.87   INR3D0BWP30P140
       26   19.656   INR4D0BWP30P140
      268   168.84   IOA21D0BWP30P140
      648  489.888   MAOI222D0BWP30P140
       16   12.096   MAOI22D0BWP30P140
       18   13.608   MOAI22D0BWP30P140
      301  227.556   MUX2ND0BWP30P140
        4    7.056   MUX3D0BWP30P140
       16   26.208   MUX3ND0BWP30P140
       20    47.88   MUX4D0BWP30P140
       96  217.728   MUX4ND0BWP30P140
      386  194.544   ND3D0BWP30P140
      116    73.08   ND4D0BWP30P140
     1196  452.088   NR2D0BWP30P140
      301  151.704   NR3D0BWP30P140
      169   106.47   NR4D0BWP30P140
       25     18.9   OA211D0BWP30P140
       47    29.61   OA21D0BWP30P140
        5     4.41   OA22D0BWP30P140
       60     37.8   OAI211D0BWP30P140
      415   209.16   OAI21D0BWP30P140
        8    7.056   OAI221D0BWP30P140
        4    4.032   OAI222D0BWP30P140
       56    35.28   OAI22D0BWP30P140
       81    51.03   OAI31D0BWP30P140
       29   21.924   OAI32D0BWP30P140
       15    13.23   OAI33D0BWP30P140
      192   96.768   OR2D0BWP30P140
       55    34.65   OR3D0BWP30P140
       48   36.288   OR4D0BWP30P140
     1482 1.31E+03   XNR2UD0BWP30P140
      259  456.876   XNR3UD0BWP30P140
        9   23.814   XNR4D0BWP30P140
     1399 1.23E+03   XOR2UD0BWP30P140
      214  377.496   XOR3UD0BWP30P140
        3    7.938   XOR4D0BWP30P140
       20 8.29E+03 submodules
       16  701.568   CustomOperator_E5M2_to_E5M2
        1  342.972   FPNAdder
        1 7.02E+03   FixedFPTree_exp7_mant6_out6_vec16_range58
        1  158.508   ScaleAddition_E5M2_to_E5M2_scale_UE6M2
        1   74.088   ScaleToFP12b_E5M2_x_E5M2_UE6M2

   Chip area for top module '\BFP_PE': 8360.226000
     of which used for sequential elements: 49.896000 (0.60%)

