
6. Printing statistics.

=== BFP_PE ===

        +----------Local Count, excluding submodules.
        |        +-Local Area, excluding submodules.
        |        | 
       55        - wires
      299        - wire bits
       32        - public wires
      276        - public wire bits
       10        - ports
      117        - port bits
       45   66.654 cells
       21   15.876   AO22D0BWP30P140
       22   49.896   DFCNQD1BWP30P140
        1    0.504   INR2D0BWP30P140
        1    0.378   NR2D0BWP30P140
        8        - submodules
        4        -   CustomOperator_E5M2_to_E5M2
        1        -   FPNAdder
        1        -   FixedFPTree_exp7_mant6_out6_vec4_range58
        1        -   ScaleAddition_E5M2_to_E5M2_scale_UE4M4
        1        -   ScaleToFP12b_E5M2_x_E5M2_UE4M4

   Chip area for module '\BFP_PE': 66.654000
     of which used for sequential elements: 49.896000 (74.86%)

=== FPNAdder ===

        +----------Local Count, excluding submodules.
        |        +-Local Area, excluding submodules.
        |        | 
      545        - wires
      644        - wire bits
        6        - public wires
      105        - public wire bits
        3        - ports
       63        - port bits
      560  342.972 cells
        8    4.032   AN2D0BWP30P140
        3     1.89   AN3D0BWP30P140
        4    3.024   AO211D0BWP30P140
        7     4.41   AO21D0BWP30P140
        1    0.756   AO22D0BWP30P140
       11     6.93   AOI211D0BWP30P140
       26   13.104   AOI21D0BWP30P140
        3    2.268   AOI221D0BWP30P140
       12     7.56   AOI22D0BWP30P140
        4     2.52   AOI31D0BWP30P140
        2    1.512   AOI32D0BWP30P140
        4    3.528   AOI33D0BWP30P140
       10     8.82   CKMUX2D0BWP30P140
       35     8.82   CKND0BWP30P140
       52   19.656   CKND2D0BWP30P140
        5     3.15   IAO21D0BWP30P140
       20    10.08   IND2D0BWP30P140
        2     1.26   IND3D0BWP30P140
        2    1.512   IND4D0BWP30P140
       28   14.112   INR2D0BWP30P140
        2     1.26   INR3D0BWP30P140
        5     3.78   INR4D0BWP30P140
        5     3.15   IOA21D0BWP30P140
        8    6.048   MAOI222D0BWP30P140
        2    1.512   MAOI22D0BWP30P140
       47   35.532   MUX2ND0BWP30P140
        1    1.764   MUX3D0BWP30P140
        1    1.638   MUX3ND0BWP30P140
        1    2.394   MUX4D0BWP30P140
        8   18.144   MUX4ND0BWP30P140
       19    9.576   ND3D0BWP30P140
        3     1.89   ND4D0BWP30P140
       45    17.01   NR2D0BWP30P140
       20    10.08   NR3D0BWP30P140
       24    15.12   NR4D0BWP30P140
        2    1.512   OA211D0BWP30P140
        3     1.89   OA21D0BWP30P140
        9     5.67   OAI211D0BWP30P140
       28   14.112   OAI21D0BWP30P140
        2    1.764   OAI221D0BWP30P140
        9     5.67   OAI22D0BWP30P140
        2     1.26   OAI31D0BWP30P140
        6    4.536   OAI32D0BWP30P140
        1    0.882   OAI33D0BWP30P140
        8    4.032   OR2D0BWP30P140
       37   32.634   XNR2UD0BWP30P140
       22   19.404   XOR2UD0BWP30P140
        1    1.764   XOR3UD0BWP30P140

   Chip area for module '\FPNAdder': 342.972000
     of which used for sequential elements: 0.000000 (0.00%)

=== ScaleToFP12b_E5M2_x_E5M2_UE4M4 ===

        +----------Local Count, excluding submodules.
        |        +-Local Area, excluding submodules.
        |        | 
      150        - wires
      192        - wire bits
        4        - public wires
       46        - public wire bits
        4        - ports
       46        - port bits
      167  109.116 cells
        7    3.528   AN2D0BWP30P140
        3     1.89   AN3D0BWP30P140
        2    1.512   AN4D0BWP30P140
        1    0.756   AO211D0BWP30P140
        2     1.26   AO21D0BWP30P140
        5     3.15   AOI211D0BWP30P140
        4    2.016   AOI21D0BWP30P140
        4    3.528   CKMUX2D0BWP30P140
        8    2.016   CKND0BWP30P140
       10     3.78   CKND2D0BWP30P140
        7     4.41   IAO21D0BWP30P140
        4    2.016   IND2D0BWP30P140
        1     0.63   IND3D0BWP30P140
        1    0.756   IND4D0BWP30P140
        6    3.024   INR2D0BWP30P140
        7     4.41   INR3D0BWP30P140
        3    2.268   INR4D0BWP30P140
        3    2.268   MAOI222D0BWP30P140
        1    0.756   MOAI22D0BWP30P140
       11    8.316   MUX2ND0BWP30P140
        1    1.638   MUX3ND0BWP30P140
        6   13.608   MUX4ND0BWP30P140
        1     0.63   ND4D0BWP30P140
       22    8.316   NR2D0BWP30P140
        8    4.032   NR3D0BWP30P140
        3     1.89   NR4D0BWP30P140
        1    0.756   OA211D0BWP30P140
        3     1.89   OA21D0BWP30P140
        1    0.882   OA22D0BWP30P140
        6    3.024   OAI21D0BWP30P140
        1    0.882   OAI221D0BWP30P140
        1    1.008   OAI222D0BWP30P140
        2     1.26   OAI22D0BWP30P140
        1     0.63   OAI31D0BWP30P140
        3    1.512   OR2D0BWP30P140
        1    0.756   OR4D0BWP30P140
       14   12.348   XNR2UD0BWP30P140
        2    1.764   XOR2UD0BWP30P140

   Chip area for module '\ScaleToFP12b_E5M2_x_E5M2_UE4M4': 109.116000
     of which used for sequential elements: 0.000000 (0.00%)

=== ScaleAddition_E5M2_to_E5M2_scale_UE4M4 ===

        +----------Local Count, excluding submodules.
        |        +-Local Area, excluding submodules.
        |        | 
      365        - wires
      412        - wire bits
        8        - public wires
       55        - public wire bits
        8        - ports
       55        - port bits
      381  271.908 cells
       15     7.56   AN2D0BWP30P140
        4     2.52   AN3D0BWP30P140
        5     3.78   AN4D0BWP30P140
        6     3.78   AO21D0BWP30P140
        2    1.512   AO22D0BWP30P140
        1     0.63   AOI211D0BWP30P140
       11    5.544   AOI21D0BWP30P140
        4     2.52   AOI22D0BWP30P140
        7     4.41   AOI31D0BWP30P140
        2    1.512   AOI32D0BWP30P140
       11    2.772   CKND0BWP30P140
       74   27.972   CKND2D0BWP30P140
        3     1.89   IAO21D0BWP30P140
       12    6.048   IND2D0BWP30P140
        2    1.512   IND4D0BWP30P140
       10     5.04   INR2D0BWP30P140
        2     1.26   IOA21D0BWP30P140
       38   28.728   MAOI222D0BWP30P140
        3    2.268   MOAI22D0BWP30P140
       11    5.544   ND3D0BWP30P140
        3     1.89   ND4D0BWP30P140
       19    7.182   NR2D0BWP30P140
        2    1.008   NR3D0BWP30P140
        1     0.63   NR4D0BWP30P140
        3     1.89   OA21D0BWP30P140
        1    0.882   OA22D0BWP30P140
        5     2.52   OAI21D0BWP30P140
        2     1.26   OAI22D0BWP30P140
        1     0.63   OAI31D0BWP30P140
        5     2.52   OR2D0BWP30P140
        2    1.512   OR4D0BWP30P140
       46   40.572   XNR2UD0BWP30P140
       18   31.752   XNR3UD0BWP30P140
        5    13.23   XNR4D0BWP30P140
       36   31.752   XOR2UD0BWP30P140
        9   15.876   XOR3UD0BWP30P140

   Chip area for module '\ScaleAddition_E5M2_to_E5M2_scale_UE4M4': 271.908000
     of which used for sequential elements: 0.000000 (0.00%)

=== FixedFPTree_exp7_mant6_out6_vec4_range58 ===

        +----------Local Count, excluding submodules.
        |        +-Local Area, excluding submodules.
        |        | 
     2828        - wires
     3310        - wire bits
       22        - public wires
      504        - public wire bits
       15        - ports
       70        - port bits
     2820 1.92E+03 cells
       67   33.768   AN2D0BWP30P140
       12     7.56   AN3D0BWP30P140
        8    6.048   AN4D0BWP30P140
        6    4.536   AO211D0BWP30P140
       13     8.19   AO21D0BWP30P140
        2    1.512   AO22D0BWP30P140
       25    15.75   AOI211D0BWP30P140
      117   58.968   AOI21D0BWP30P140
        3    2.268   AOI221D0BWP30P140
        9     5.67   AOI22D0BWP30P140
       17    10.71   AOI31D0BWP30P140
       11    8.316   AOI32D0BWP30P140
       21   18.522   CKMUX2D0BWP30P140
      159   40.068   CKND0BWP30P140
      311  117.558   CKND2D0BWP30P140
       22    13.86   IAO21D0BWP30P140
       71   35.784   IND2D0BWP30P140
       18    11.34   IND3D0BWP30P140
        5     3.78   IND4D0BWP30P140
       37   18.648   INR2D0BWP30P140
        6     3.78   INR3D0BWP30P140
        4    3.024   INR4D0BWP30P140
       40     25.2   IOA21D0BWP30P140
      145   109.62   MAOI222D0BWP30P140
        1    0.756   MAOI22D0BWP30P140
        7    5.292   MOAI22D0BWP30P140
      166  125.496   MUX2ND0BWP30P140
       10    16.38   MUX3ND0BWP30P140
        2    4.788   MUX4D0BWP30P140
       52  117.936   MUX4ND0BWP30P140
       73   36.792   ND3D0BWP30P140
       27    17.01   ND4D0BWP30P140
      278  105.084   NR2D0BWP30P140
       80    40.32   NR3D0BWP30P140
       46    28.98   NR4D0BWP30P140
       12     7.56   OA21D0BWP30P140
        2    1.764   OA22D0BWP30P140
       19    11.97   OAI211D0BWP30P140
      139   70.056   OAI21D0BWP30P140
        6    5.292   OAI221D0BWP30P140
       12     7.56   OAI22D0BWP30P140
       20     12.6   OAI31D0BWP30P140
        3    2.268   OAI32D0BWP30P140
       57   28.728   OR2D0BWP30P140
        9     5.67   OR3D0BWP30P140
       10     7.56   OR4D0BWP30P140
      293  258.426   XNR2UD0BWP30P140
       63  111.132   XNR3UD0BWP30P140
        1    2.646   XNR4D0BWP30P140
      240   211.68   XOR2UD0BWP30P140
       63  111.132   XOR3UD0BWP30P140

   Chip area for module '\FixedFPTree_exp7_mant6_out6_vec4_range58': 1919.358000
     of which used for sequential elements: 0.000000 (0.00%)

=== CustomOperator_E5M2_to_E5M2 ===

        +----------Local Count, excluding submodules.
        |        +-Local Area, excluding submodules.
        |        | 
       66        - wires
       91        - wire bits
        5        - public wires
       30        - public wire bits
        5        - ports
       30        - port bits
       75   45.234 cells
        5     2.52   AN2D0BWP30P140
        1     0.63   AN3D0BWP30P140
        1     0.63   AO21D0BWP30P140
        3    1.512   AOI21D0BWP30P140
        1     0.63   AOI22D0BWP30P140
        2    0.504   CKND0BWP30P140
        8    3.024   CKND2D0BWP30P140
        6    3.024   IND2D0BWP30P140
        2    1.008   INR2D0BWP30P140
        2     1.26   INR3D0BWP30P140
        1    0.756   MAOI222D0BWP30P140
        1    0.756   MOAI22D0BWP30P140
        3    1.512   ND3D0BWP30P140
        8    3.024   NR2D0BWP30P140
        2    1.008   NR3D0BWP30P140
        1     0.63   NR4D0BWP30P140
        1    0.882   OA22D0BWP30P140
        3    1.512   OAI21D0BWP30P140
        1     0.63   OAI22D0BWP30P140
        1     0.63   OAI31D0BWP30P140
        3    1.512   OR2D0BWP30P140
       12   10.584   XNR2UD0BWP30P140
        1    1.764   XNR3UD0BWP30P140
        6    5.292   XOR2UD0BWP30P140

   Chip area for module '\CustomOperator_E5M2_to_E5M2': 45.234000
     of which used for sequential elements: 0.000000 (0.00%)

=== design hierarchy ===

        +----------Count including submodules.
        |        +-Area including submodules.
        |        | 
     4273 2.89E+03 BFP_PE
       75   45.234 CustomOperator_E5M2_to_E5M2
      560  342.972 FPNAdder
     2820 1.92E+03 FixedFPTree_exp7_mant6_out6_vec4_range58
      381  271.908 ScaleAddition_E5M2_to_E5M2_scale_UE4M4
      167  109.116 ScaleToFP12b_E5M2_x_E5M2_UE4M4

        +----------Count including submodules.
        |        +-Area including submodules.
        |        | 
     4207        - wires
     5221        - wire bits
       92        - public wires
     1106        - public wire bits
       60        - ports
      471        - port bits
        -        - memories
        -        - memory bits
        -        - processes
     4273 2.89E+03 cells
      117   58.968   AN2D0BWP30P140
       26    16.38   AN3D0BWP30P140
       15    11.34   AN4D0BWP30P140
       11    8.316   AO211D0BWP30P140
       32    20.16   AO21D0BWP30P140
       26   19.656   AO22D0BWP30P140
       42    26.46   AOI211D0BWP30P140
      170    85.68   AOI21D0BWP30P140
        6    4.536   AOI221D0BWP30P140
       29    18.27   AOI22D0BWP30P140
       28    17.64   AOI31D0BWP30P140
       15    11.34   AOI32D0BWP30P140
        4    3.528   AOI33D0BWP30P140
       35    30.87   CKMUX2D0BWP30P140
      221   55.692   CKND0BWP30P140
      479  181.062   CKND2D0BWP30P140
       22   49.896   DFCNQD1BWP30P140
       37    23.31   IAO21D0BWP30P140
      131   66.024   IND2D0BWP30P140
       21    13.23   IND3D0BWP30P140
       10     7.56   IND4D0BWP30P140
       90    45.36   INR2D0BWP30P140
       23    14.49   INR3D0BWP30P140
       12    9.072   INR4D0BWP30P140
       47    29.61   IOA21D0BWP30P140
      198  149.688   MAOI222D0BWP30P140
        3    2.268   MAOI22D0BWP30P140
       15    11.34   MOAI22D0BWP30P140
      224  169.344   MUX2ND0BWP30P140
        1    1.764   MUX3D0BWP30P140
       12   19.656   MUX3ND0BWP30P140
        3    7.182   MUX4D0BWP30P140
       66  149.688   MUX4ND0BWP30P140
      115    57.96   ND3D0BWP30P140
       34    21.42   ND4D0BWP30P140
      397  150.066   NR2D0BWP30P140
      118   59.472   NR3D0BWP30P140
       78    49.14   NR4D0BWP30P140
        3    2.268   OA211D0BWP30P140
       21    13.23   OA21D0BWP30P140
        8    7.056   OA22D0BWP30P140
       28    17.64   OAI211D0BWP30P140
      190    95.76   OAI21D0BWP30P140
        9    7.938   OAI221D0BWP30P140
        1    1.008   OAI222D0BWP30P140
       29    18.27   OAI22D0BWP30P140
       28    17.64   OAI31D0BWP30P140
        9    6.804   OAI32D0BWP30P140
        1    0.882   OAI33D0BWP30P140
       85    42.84   OR2D0BWP30P140
        9     5.67   OR3D0BWP30P140
       13    9.828   OR4D0BWP30P140
      438  386.316   XNR2UD0BWP30P140
       85   149.94   XNR3UD0BWP30P140
        6   15.876   XNR4D0BWP30P140
      324  285.768   XOR2UD0BWP30P140
       73  128.772   XOR3UD0BWP30P140
        8  2824.29 submodules
        4  180.936   CustomOperator_E5M2_to_E5M2
        1  342.972   FPNAdder
        1 1.92E+03   FixedFPTree_exp7_mant6_out6_vec4_range58
        1  271.908   ScaleAddition_E5M2_to_E5M2_scale_UE4M4
        1  109.116   ScaleToFP12b_E5M2_x_E5M2_UE4M4

   Chip area for top module '\BFP_PE': 2890.944000
     of which used for sequential elements: 49.896000 (1.73%)

