
6. Printing statistics.

=== BFP_PE ===

        +----------Local Count, excluding submodules.
        |        +-Local Area, excluding submodules.
        |        | 
      333        - wires
     2847        - wire bits
      299        - public wires
     2813        - public wire bits
       10        - ports
      565        - port bits
       67   99.918 cells
       32   24.192   AO22D0BWP30P140
       33   74.844   DFCNQD1BWP30P140
        1    0.504   INR2D0BWP30P140
        1    0.378   NR2D0BWP30P140
       97        - submodules
       31        -   CustomFPAdder_exp11_mant13
       32        -   CustomOperator_INT8_to_E4M3
        1        -   FP32Adder
       32        -   ScaleAddition_INT8_to_E4M3_scale_UE8M0
        1        -   ScaleToFP32_INT8_x_E4M3_UE8M0

   Chip area for module '\BFP_PE': 99.918000
     of which used for sequential elements: 74.844000 (74.91%)

=== FP32Adder ===

        +----------Local Count, excluding submodules.
        |        +-Local Area, excluding submodules.
        |        | 
      872        - wires
     1037        - wire bits
        6        - public wires
      171        - public wire bits
        3        - ports
       96        - port bits
      898  554.904 cells
       18    9.072   AN2D0BWP30P140
        5     3.15   AN3D0BWP30P140
        4    3.024   AN4D0BWP30P140
        2    1.512   AO211D0BWP30P140
       13     8.19   AO21D0BWP30P140
        4    3.024   AO22D0BWP30P140
       10      6.3   AOI211D0BWP30P140
       52   26.208   AOI21D0BWP30P140
       10     7.56   AOI221D0BWP30P140
        2    2.016   AOI222D0BWP30P140
       32    20.16   AOI22D0BWP30P140
        2     1.26   AOI31D0BWP30P140
       19   16.758   CKMUX2D0BWP30P140
       65    16.38   CKND0BWP30P140
       72   27.216   CKND2D0BWP30P140
        6     3.78   IAO21D0BWP30P140
       20    10.08   IND2D0BWP30P140
        1     0.63   IND3D0BWP30P140
        2    1.512   IND4D0BWP30P140
       21   10.584   INR2D0BWP30P140
        8     5.04   INR3D0BWP30P140
        3    2.268   INR4D0BWP30P140
        7     4.41   IOA21D0BWP30P140
       30    22.68   MAOI222D0BWP30P140
       15    11.34   MAOI22D0BWP30P140
        4    3.024   MOAI22D0BWP30P140
      114   86.184   MUX2ND0BWP30P140
        1    1.764   MUX3D0BWP30P140
        1    1.638   MUX3ND0BWP30P140
        2    4.788   MUX4D0BWP30P140
       16   36.288   MUX4ND0BWP30P140
       14    7.056   ND3D0BWP30P140
        5     3.15   ND4D0BWP30P140
       99   37.422   NR2D0BWP30P140
       35    17.64   NR3D0BWP30P140
        8     5.04   NR4D0BWP30P140
        2    1.512   OA211D0BWP30P140
        6     3.78   OA21D0BWP30P140
        1    0.882   OA22D0BWP30P140
       13     8.19   OAI211D0BWP30P140
       41   20.664   OAI21D0BWP30P140
        1    0.882   OAI221D0BWP30P140
        1    1.008   OAI222D0BWP30P140
       10      6.3   OAI22D0BWP30P140
        6     3.78   OAI31D0BWP30P140
        3    2.268   OAI32D0BWP30P140
        1    0.882   OAI33D0BWP30P140
        6    3.024   OR2D0BWP30P140
        8     5.04   OR3D0BWP30P140
        2    1.512   OR4D0BWP30P140
       51   44.982   XNR2UD0BWP30P140
        1    1.764   XNR3UD0BWP30P140
       23   20.286   XOR2UD0BWP30P140

   Chip area for module '\FP32Adder': 554.904000
     of which used for sequential elements: 0.000000 (0.00%)

=== ScaleToFP32_INT8_x_E4M3_UE8M0 ===

        +----------Local Count, excluding submodules.
        |        +-Local Area, excluding submodules.
        |        | 
      120        - wires
      173        - wire bits
        4        - public wires
       57        - public wire bits
        4        - ports
       57        - port bits
      137   79.758 cells
        1     0.63   AN3D0BWP30P140
        1     0.63   AO21D0BWP30P140
        7     4.41   AOI211D0BWP30P140
       16    8.064   AOI21D0BWP30P140
        1     0.63   AOI22D0BWP30P140
        1     0.63   AOI31D0BWP30P140
        5     4.41   CKMUX2D0BWP30P140
       12    3.024   CKND0BWP30P140
        6    2.268   CKND2D0BWP30P140
        3     1.89   IAO21D0BWP30P140
        5     2.52   IND2D0BWP30P140
        1    0.756   IND4D0BWP30P140
        6    3.024   INR2D0BWP30P140
        1     0.63   INR3D0BWP30P140
        1    0.756   INR4D0BWP30P140
        2    1.512   MAOI222D0BWP30P140
        1    0.756   MAOI22D0BWP30P140
       13    9.828   MUX2ND0BWP30P140
        1    0.504   ND3D0BWP30P140
       16    6.048   NR2D0BWP30P140
        4    2.016   NR3D0BWP30P140
        6     3.78   NR4D0BWP30P140
        2     1.26   OAI211D0BWP30P140
        5     2.52   OAI21D0BWP30P140
        1    1.008   OAI222D0BWP30P140
        2     1.26   OAI31D0BWP30P140
       10     8.82   XNR2UD0BWP30P140
        7    6.174   XOR2UD0BWP30P140

   Chip area for module '\ScaleToFP32_INT8_x_E4M3_UE8M0': 79.758000
     of which used for sequential elements: 0.000000 (0.00%)

=== CustomFPAdder_exp11_mant13 ===

        +----------Local Count, excluding submodules.
        |        +-Local Area, excluding submodules.
        |        | 
      472        - wires
      553        - wire bits
       10        - public wires
       91        - public wire bits
        9        - ports
       75        - port bits
      487  293.706 cells
       13    6.552   AN2D0BWP30P140
        6     3.78   AN3D0BWP30P140
        1    0.756   AO211D0BWP30P140
        7     4.41   AO21D0BWP30P140
        3    2.268   AO22D0BWP30P140
        6     3.78   AOI211D0BWP30P140
       24   12.096   AOI21D0BWP30P140
        3    2.268   AOI221D0BWP30P140
        5     3.15   AOI22D0BWP30P140
        9     5.67   AOI31D0BWP30P140
        4    3.024   AOI32D0BWP30P140
        9    7.938   CKMUX2D0BWP30P140
       30     7.56   CKND0BWP30P140
       37   13.986   CKND2D0BWP30P140
        4     2.52   IAO21D0BWP30P140
       17    8.568   IND2D0BWP30P140
        2     1.26   IND3D0BWP30P140
       30    15.12   INR2D0BWP30P140
        1     0.63   INR3D0BWP30P140
        4     2.52   IOA21D0BWP30P140
       13    9.828   MAOI222D0BWP30P140
        2    1.512   MAOI22D0BWP30P140
        3    2.268   MOAI22D0BWP30P140
       56   42.336   MUX2ND0BWP30P140
        1    1.764   MUX3D0BWP30P140
        2    3.276   MUX3ND0BWP30P140
        1    2.268   MUX4ND0BWP30P140
       10     5.04   ND3D0BWP30P140
       11     6.93   ND4D0BWP30P140
       36   13.608   NR2D0BWP30P140
       10     5.04   NR3D0BWP30P140
        7     4.41   NR4D0BWP30P140
        3    2.268   OA211D0BWP30P140
        6     3.78   OA21D0BWP30P140
        7     4.41   OAI211D0BWP30P140
       16    8.064   OAI21D0BWP30P140
        6     3.78   OAI22D0BWP30P140
       10      6.3   OAI31D0BWP30P140
        1    0.756   OAI32D0BWP30P140
        9    4.536   OR2D0BWP30P140
        4     2.52   OR3D0BWP30P140
       38   33.516   XNR2UD0BWP30P140
       20    17.64   XOR2UD0BWP30P140

   Chip area for module '\CustomFPAdder_exp11_mant13': 293.706000
     of which used for sequential elements: 0.000000 (0.00%)

=== ScaleAddition_INT8_to_E4M3_scale_UE8M0 ===

        +----------Local Count, excluding submodules.
        |        +-Local Area, excluding submodules.
        |        | 
       94        - wires
      145        - wire bits
        8        - public wires
       59        - public wire bits
        8        - ports
       59        - port bits
       96   65.898 cells
        2    1.008   AN2D0BWP30P140
        3     1.89   AN3D0BWP30P140
        4     2.52   AO21D0BWP30P140
        4    2.016   AOI21D0BWP30P140
        6    1.512   CKND0BWP30P140
        9    3.402   CKND2D0BWP30P140
        2    1.008   IND2D0BWP30P140
        5     2.52   INR2D0BWP30P140
        5     3.78   MAOI222D0BWP30P140
        6    3.024   ND3D0BWP30P140
        2     1.26   ND4D0BWP30P140
        6    2.268   NR2D0BWP30P140
        3    1.512   NR3D0BWP30P140
        5     2.52   OAI21D0BWP30P140
        2     1.26   OAI22D0BWP30P140
       11    9.702   XNR2UD0BWP30P140
        3    5.292   XNR3UD0BWP30P140
       14   12.348   XOR2UD0BWP30P140
        4    7.056   XOR3UD0BWP30P140

   Chip area for module '\ScaleAddition_INT8_to_E4M3_scale_UE8M0': 65.898000
     of which used for sequential elements: 0.000000 (0.00%)

=== CustomOperator_INT8_to_E4M3 ===

        +----------Local Count, excluding submodules.
        |        +-Local Area, excluding submodules.
        |        | 
       86        - wires
      119        - wire bits
        6        - public wires
       39        - public wire bits
        5        - ports
       34        - port bits
       96   67.536 cells
        9    4.536   AN2D0BWP30P140
        1    0.756   AO22D0BWP30P140
        1     0.63   AOI22D0BWP30P140
        4    1.008   CKND0BWP30P140
       17    6.426   CKND2D0BWP30P140
        2    1.008   IND2D0BWP30P140
        2    1.008   INR2D0BWP30P140
        1     0.63   INR3D0BWP30P140
       10     7.56   MAOI222D0BWP30P140
        1    0.504   ND3D0BWP30P140
        4    1.512   NR2D0BWP30P140
        1    0.504   NR3D0BWP30P140
        2     1.26   OAI211D0BWP30P140
        6    3.024   OAI21D0BWP30P140
        2     1.26   OAI22D0BWP30P140
        1     0.63   OAI31D0BWP30P140
        2    1.008   OR2D0BWP30P140
        1    0.756   OR4D0BWP30P140
       12   10.584   XNR2UD0BWP30P140
        5     8.82   XNR3UD0BWP30P140
        8    7.056   XOR2UD0BWP30P140
        4    7.056   XOR3UD0BWP30P140

   Chip area for module '\CustomOperator_INT8_to_E4M3': 67.536000
     of which used for sequential elements: 0.000000 (0.00%)

=== design hierarchy ===

        +----------Count including submodules.
        |        +-Area including submodules.
        |        | 
    22343 1.41E+04 BFP_PE
      487  293.706 CustomFPAdder_exp11_mant13
       96   67.536 CustomOperator_INT8_to_E4M3
      898  554.904 FP32Adder
       96   65.898 ScaleAddition_INT8_to_E4M3_scale_UE8M0
      137   79.758 ScaleToFP32_INT8_x_E4M3_UE8M0

        +----------Count including submodules.
        |        +-Area including submodules.
        |        | 
    21717        - wires
    29648        - wire bits
     1067        - public wires
     8998        - public wire bits
      712        - ports
     6019        - port bits
        -        - memories
        -        - memory bits
        -        - processes
    22343 1.41E+04 cells
      773  389.592   AN2D0BWP30P140
      288   181.44   AN3D0BWP30P140
        4    3.024   AN4D0BWP30P140
       33   24.948   AO211D0BWP30P140
      359   226.17   AO21D0BWP30P140
      161  121.716   AO22D0BWP30P140
      203   127.89   AOI211D0BWP30P140
      940   473.76   AOI21D0BWP30P140
      103   77.868   AOI221D0BWP30P140
        2    2.016   AOI222D0BWP30P140
      220    138.6   AOI22D0BWP30P140
      282   177.66   AOI31D0BWP30P140
      124   93.744   AOI32D0BWP30P140
      303  267.246   CKMUX2D0BWP30P140
     1327  334.404   CKND0BWP30P140
     2057  777.546   CKND2D0BWP30P140
       33   74.844   DFCNQD1BWP30P140
      133    83.79   IAO21D0BWP30P140
      680   342.72   IND2D0BWP30P140
       63    39.69   IND3D0BWP30P140
        3    2.268   IND4D0BWP30P140
     1182  595.728   INR2D0BWP30P140
       72    45.36   INR3D0BWP30P140
        4    3.024   INR4D0BWP30P140
      131    82.53   IOA21D0BWP30P140
      915   691.74   MAOI222D0BWP30P140
       78   58.968   MAOI22D0BWP30P140
       97   73.332   MOAI22D0BWP30P140
     1863 1.41E+03   MUX2ND0BWP30P140
       32   56.448   MUX3D0BWP30P140
       63  103.194   MUX3ND0BWP30P140
        2    4.788   MUX4D0BWP30P140
       47  106.596   MUX4ND0BWP30P140
      549  276.696   ND3D0BWP30P140
      410    258.3   ND4D0BWP30P140
     1552  586.656   NR2D0BWP30P140
      477  240.408   NR3D0BWP30P140
      231   145.53   NR4D0BWP30P140
       95    71.82   OA211D0BWP30P140
      192   120.96   OA21D0BWP30P140
        1    0.882   OA22D0BWP30P140
      296   186.48   OAI211D0BWP30P140
      894  450.576   OAI21D0BWP30P140
        1    0.882   OAI221D0BWP30P140
        2    2.016   OAI222D0BWP30P140
      324   204.12   OAI22D0BWP30P140
      350    220.5   OAI31D0BWP30P140
       34   25.704   OAI32D0BWP30P140
        1    0.882   OAI33D0BWP30P140
      349  175.896   OR2D0BWP30P140
      132    83.16   OR3D0BWP30P140
       34   25.704   OR4D0BWP30P140
     1975  1741.95   XNR2UD0BWP30P140
      257  453.348   XNR3UD0BWP30P140
     1354 1.19E+03   XOR2UD0BWP30P140
      256  451.584   XOR3UD0BWP30P140
       97  1.4E+04 submodules
       31  9.1E+03   CustomFPAdder_exp11_mant13
       32 2.16E+03   CustomOperator_INT8_to_E4M3
        1  554.904   FP32Adder
       32 2.11E+03   ScaleAddition_INT8_to_E4M3_scale_UE8M0
        1   79.758   ScaleToFP32_INT8_x_E4M3_UE8M0

   Chip area for top module '\BFP_PE': 14109.354000
     of which used for sequential elements: 74.844000 (0.53%)

