
6. Printing statistics.

=== BFP_PE ===

        +----------Local Count, excluding submodules.
        |        +-Local Area, excluding submodules.
        |        | 
       52        - wires
      296        - wire bits
       32        - public wires
      276        - public wire bits
       10        - ports
      109        - port bits
       39   57.582 cells
       18   13.608   AO22D0BWP30P140
       19   43.092   DFCNQD1BWP30P140
        1    0.504   INR2D0BWP30P140
        1    0.378   NR2D0BWP30P140
        8        - submodules
        4        -   CustomOperator_INT8_to_E2M3
        1        -   FPNAdder
        1        -   FixedFPTree_exp5_mant11_out11_vec4_range1
        1        -   ScaleAddition_INT8_to_E2M3_scale_UE6M2
        1        -   ScaleToFP9b_INT8_x_E2M3_UE6M2

   Chip area for module '\BFP_PE': 57.582000
     of which used for sequential elements: 43.092000 (74.84%)

=== FPNAdder ===

        +----------Local Count, excluding submodules.
        |        +-Local Area, excluding submodules.
        |        | 
      448        - wires
      529        - wire bits
        6        - public wires
       87        - public wire bits
        3        - ports
       54        - port bits
      460  285.516 cells
       21   10.584   AN2D0BWP30P140
        6     3.78   AN3D0BWP30P140
        8     5.04   AO21D0BWP30P140
        3    2.268   AO22D0BWP30P140
       12     7.56   AOI211D0BWP30P140
       19    9.576   AOI21D0BWP30P140
        5     3.78   AOI221D0BWP30P140
        1    1.008   AOI222D0BWP30P140
        6     3.78   AOI22D0BWP30P140
        5     3.15   AOI31D0BWP30P140
        1    0.756   AOI32D0BWP30P140
        1    0.882   AOI33D0BWP30P140
        8    7.056   CKMUX2D0BWP30P140
       27    6.804   CKND0BWP30P140
       28   10.584   CKND2D0BWP30P140
        5     3.15   IAO21D0BWP30P140
       16    8.064   IND2D0BWP30P140
        1     0.63   IND3D0BWP30P140
        2    1.512   IND4D0BWP30P140
       16    8.064   INR2D0BWP30P140
        2     1.26   INR3D0BWP30P140
        4    3.024   INR4D0BWP30P140
        1     0.63   IOA21D0BWP30P140
        6    4.536   MAOI222D0BWP30P140
        3    2.268   MAOI22D0BWP30P140
        3    2.268   MOAI22D0BWP30P140
       35    26.46   MUX2ND0BWP30P140
        3    5.292   MUX3D0BWP30P140
        1    1.638   MUX3ND0BWP30P140
        1    2.394   MUX4D0BWP30P140
        5    11.34   MUX4ND0BWP30P140
       11    5.544   ND3D0BWP30P140
        9     5.67   ND4D0BWP30P140
       43   16.254   NR2D0BWP30P140
       19    9.576   NR3D0BWP30P140
        7     4.41   NR4D0BWP30P140
        3    2.268   OA211D0BWP30P140
       11     6.93   OA21D0BWP30P140
        1    0.882   OA22D0BWP30P140
       12     7.56   OAI211D0BWP30P140
       12    6.048   OAI21D0BWP30P140
        3    2.646   OAI221D0BWP30P140
        7     4.41   OAI22D0BWP30P140
        6     3.78   OAI31D0BWP30P140
        1    0.756   OAI32D0BWP30P140
        1    0.882   OAI33D0BWP30P140
        9    4.536   OR2D0BWP30P140
        2     1.26   OR3D0BWP30P140
        2    1.512   OR4D0BWP30P140
       30    26.46   XNR2UD0BWP30P140
       15    13.23   XOR2UD0BWP30P140
        1    1.764   XOR3UD0BWP30P140

   Chip area for module '\FPNAdder': 285.516000
     of which used for sequential elements: 0.000000 (0.00%)

=== ScaleToFP9b_INT8_x_E2M3_UE6M2 ===

        +----------Local Count, excluding submodules.
        |        +-Local Area, excluding submodules.
        |        | 
      169        - wires
      210        - wire bits
        4        - public wires
       45        - public wire bits
        4        - ports
       45        - port bits
      183  118.566 cells
        3    1.512   AN2D0BWP30P140
        2     1.26   AN3D0BWP30P140
        1     0.63   AO21D0BWP30P140
        6    3.024   AOI21D0BWP30P140
        3    2.268   AOI221D0BWP30P140
        5     3.15   AOI31D0BWP30P140
        1    0.756   AOI32D0BWP30P140
        5     4.41   CKMUX2D0BWP30P140
        9    2.268   CKND0BWP30P140
       16    6.048   CKND2D0BWP30P140
        5     3.15   IAO21D0BWP30P140
        4    2.016   IND2D0BWP30P140
        1    0.756   IND4D0BWP30P140
       10     5.04   INR2D0BWP30P140
        2     1.26   INR3D0BWP30P140
        4    3.024   INR4D0BWP30P140
        2     1.26   IOA21D0BWP30P140
        1    0.756   MAOI222D0BWP30P140
       14   10.584   MUX2ND0BWP30P140
        1    1.638   MUX3ND0BWP30P140
        1    2.394   MUX4D0BWP30P140
        6   13.608   MUX4ND0BWP30P140
        4    2.016   ND3D0BWP30P140
        3     1.89   ND4D0BWP30P140
       19    7.182   NR2D0BWP30P140
       10     5.04   NR3D0BWP30P140
        7     4.41   NR4D0BWP30P140
        2    1.512   OA211D0BWP30P140
        1     0.63   OA21D0BWP30P140
        6     3.78   OAI211D0BWP30P140
        6    3.024   OAI21D0BWP30P140
        2     1.26   OAI31D0BWP30P140
        4    2.016   OR2D0BWP30P140
       12   10.584   XNR2UD0BWP30P140
        5     4.41   XOR2UD0BWP30P140

   Chip area for module '\ScaleToFP9b_INT8_x_E2M3_UE6M2': 118.566000
     of which used for sequential elements: 0.000000 (0.00%)

=== ScaleAddition_INT8_to_E2M3_scale_UE6M2 ===

        +----------Local Count, excluding submodules.
        |        +-Local Area, excluding submodules.
        |        | 
      316        - wires
      368        - wire bits
        8        - public wires
       60        - public wire bits
        8        - ports
       60        - port bits
      333   235.62 cells
        7    3.528   AN2D0BWP30P140
        3     1.89   AN3D0BWP30P140
        1    0.756   AO211D0BWP30P140
        2     1.26   AO21D0BWP30P140
        1     0.63   AOI211D0BWP30P140
       13    6.552   AOI21D0BWP30P140
        3     1.89   AOI22D0BWP30P140
        1     0.63   AOI31D0BWP30P140
        1    0.756   AOI32D0BWP30P140
       10     2.52   CKND0BWP30P140
       82   30.996   CKND2D0BWP30P140
        6    3.024   IND2D0BWP30P140
        7    3.528   INR2D0BWP30P140
        1     0.63   INR3D0BWP30P140
        2     1.26   IOA21D0BWP30P140
       38   28.728   MAOI222D0BWP30P140
        7    3.528   ND3D0BWP30P140
       20     7.56   NR2D0BWP30P140
        2    1.008   NR3D0BWP30P140
        1    0.756   OA211D0BWP30P140
        2     1.26   OAI211D0BWP30P140
       10     5.04   OAI21D0BWP30P140
        4     2.52   OAI22D0BWP30P140
        6    3.024   OR2D0BWP30P140
        2    1.512   OR4D0BWP30P140
       42   37.044   XNR2UD0BWP30P140
       24   42.336   XNR3UD0BWP30P140
        2    5.292   XNR4D0BWP30P140
       25    22.05   XOR2UD0BWP30P140
        8   14.112   XOR3UD0BWP30P140

   Chip area for module '\ScaleAddition_INT8_to_E2M3_scale_UE6M2': 235.620000
     of which used for sequential elements: 0.000000 (0.00%)

=== FixedFPTree_exp5_mant11_out11_vec4_range1 ===

        +----------Local Count, excluding submodules.
        |        +-Local Area, excluding submodules.
        |        | 
      813        - wires
      947        - wire bits
       19        - public wires
      153        - public wire bits
       15        - ports
       85        - port bits
      811  538.272 cells
       14    7.056   AN2D0BWP30P140
        5     3.15   AN3D0BWP30P140
        2    1.512   AN4D0BWP30P140
        1    0.756   AO211D0BWP30P140
       10      6.3   AO21D0BWP30P140
        1    0.756   AO22D0BWP30P140
        8     5.04   AOI211D0BWP30P140
       40    20.16   AOI21D0BWP30P140
        8    6.048   AOI221D0BWP30P140
        5     5.04   AOI222D0BWP30P140
        4     2.52   AOI22D0BWP30P140
       12     7.56   AOI31D0BWP30P140
       17   14.994   CKMUX2D0BWP30P140
       54   13.608   CKND0BWP30P140
       64   24.192   CKND2D0BWP30P140
       11     6.93   IAO21D0BWP30P140
       21   10.584   IND2D0BWP30P140
        3     1.89   IND3D0BWP30P140
        1    0.756   IND4D0BWP30P140
       11    5.544   INR2D0BWP30P140
        5     3.15   INR3D0BWP30P140
        1    0.756   INR4D0BWP30P140
       10      6.3   IOA21D0BWP30P140
       34   25.704   MAOI222D0BWP30P140
        2    1.512   MAOI22D0BWP30P140
        3    2.268   MOAI22D0BWP30P140
       61   46.116   MUX2ND0BWP30P140
        1    1.638   MUX3ND0BWP30P140
        5    11.34   MUX4ND0BWP30P140
       20    10.08   ND3D0BWP30P140
       11     6.93   ND4D0BWP30P140
       61   23.058   NR2D0BWP30P140
       14    7.056   NR3D0BWP30P140
        2     1.26   NR4D0BWP30P140
        7    5.292   OA211D0BWP30P140
       16    10.08   OA21D0BWP30P140
        1    0.882   OA22D0BWP30P140
        9     5.67   OAI211D0BWP30P140
       40    20.16   OAI21D0BWP30P140
        2    1.764   OAI221D0BWP30P140
        1    1.008   OAI222D0BWP30P140
       17    10.71   OAI22D0BWP30P140
        6     3.78   OAI31D0BWP30P140
        2    1.512   OAI32D0BWP30P140
        2    1.764   OAI33D0BWP30P140
        7    3.528   OR2D0BWP30P140
        1     0.63   OR3D0BWP30P140
       84   74.088   XNR2UD0BWP30P140
       21   37.044   XNR3UD0BWP30P140
       68   59.976   XOR2UD0BWP30P140
        5     8.82   XOR3UD0BWP30P140

   Chip area for module '\FixedFPTree_exp5_mant11_out11_vec4_range1': 538.272000
     of which used for sequential elements: 0.000000 (0.00%)

=== CustomOperator_INT8_to_E2M3 ===

        +----------Local Count, excluding submodules.
        |        +-Local Area, excluding submodules.
        |        | 
       99        - wires
      127        - wire bits
        6        - public wires
       34        - public wire bits
        5        - ports
       31        - port bits
      108    73.71 cells
        8    4.032   AN2D0BWP30P140
        1     0.63   AO21D0BWP30P140
        1    0.756   AO22D0BWP30P140
        2    1.008   AOI21D0BWP30P140
        1     0.63   AOI22D0BWP30P140
        5     1.26   CKND0BWP30P140
       22    8.316   CKND2D0BWP30P140
        2    1.008   IND2D0BWP30P140
        3    1.512   INR2D0BWP30P140
        1     0.63   IOA21D0BWP30P140
       12    9.072   MAOI222D0BWP30P140
        1    0.504   ND3D0BWP30P140
        5     1.89   NR2D0BWP30P140
        1    0.504   NR3D0BWP30P140
        5     2.52   OAI21D0BWP30P140
        1     0.63   OAI22D0BWP30P140
        2     1.26   OAI31D0BWP30P140
        1    0.504   OR2D0BWP30P140
       17   14.994   XNR2UD0BWP30P140
        4    7.056   XNR3UD0BWP30P140
        9    7.938   XOR2UD0BWP30P140
        4    7.056   XOR3UD0BWP30P140

   Chip area for module '\CustomOperator_INT8_to_E2M3': 73.710000
     of which used for sequential elements: 0.000000 (0.00%)

=== design hierarchy ===

        +----------Count including submodules.
        |        +-Area including submodules.
        |        | 
     2258 1.53E+03 BFP_PE
      108    73.71 CustomOperator_INT8_to_E2M3
      460  285.516 FPNAdder
      811  538.272 FixedFPTree_exp5_mant11_out11_vec4_range1
      333   235.62 ScaleAddition_INT8_to_E2M3_scale_UE6M2
      183  118.566 ScaleToFP9b_INT8_x_E2M3_UE6M2

        +----------Count including submodules.
        |        +-Area including submodules.
        |        | 
     2194        - wires
     2858        - wire bits
       93        - public wires
      757        - public wire bits
       60        - ports
      477        - port bits
        -        - memories
        -        - memory bits
        -        - processes
     2258 1.53E+03 cells
       77   38.808   AN2D0BWP30P140
       16    10.08   AN3D0BWP30P140
        2    1.512   AN4D0BWP30P140
        2    1.512   AO211D0BWP30P140
       25    15.75   AO21D0BWP30P140
       26   19.656   AO22D0BWP30P140
       21    13.23   AOI211D0BWP30P140
       86   43.344   AOI21D0BWP30P140
       16   12.096   AOI221D0BWP30P140
        6    6.048   AOI222D0BWP30P140
       17    10.71   AOI22D0BWP30P140
       23    14.49   AOI31D0BWP30P140
        3    2.268   AOI32D0BWP30P140
        1    0.882   AOI33D0BWP30P140
       30    26.46   CKMUX2D0BWP30P140
      120    30.24   CKND0BWP30P140
      278  105.084   CKND2D0BWP30P140
       19   43.092   DFCNQD1BWP30P140
       21    13.23   IAO21D0BWP30P140
       55    27.72   IND2D0BWP30P140
        4     2.52   IND3D0BWP30P140
        4    3.024   IND4D0BWP30P140
       57   28.728   INR2D0BWP30P140
       10      6.3   INR3D0BWP30P140
        9    6.804   INR4D0BWP30P140
       19    11.97   IOA21D0BWP30P140
      127   96.012   MAOI222D0BWP30P140
        5     3.78   MAOI22D0BWP30P140
        6    4.536   MOAI22D0BWP30P140
      110    83.16   MUX2ND0BWP30P140
        3    5.292   MUX3D0BWP30P140
        3    4.914   MUX3ND0BWP30P140
        2    4.788   MUX4D0BWP30P140
       16   36.288   MUX4ND0BWP30P140
       46   23.184   ND3D0BWP30P140
       23    14.49   ND4D0BWP30P140
      164   61.992   NR2D0BWP30P140
       49   24.696   NR3D0BWP30P140
       16    10.08   NR4D0BWP30P140
       13    9.828   OA211D0BWP30P140
       28    17.64   OA21D0BWP30P140
        2    1.764   OA22D0BWP30P140
       29    18.27   OAI211D0BWP30P140
       88   44.352   OAI21D0BWP30P140
        5     4.41   OAI221D0BWP30P140
        1    1.008   OAI222D0BWP30P140
       32    20.16   OAI22D0BWP30P140
       22    13.86   OAI31D0BWP30P140
        3    2.268   OAI32D0BWP30P140
        3    2.646   OAI33D0BWP30P140
       30    15.12   OR2D0BWP30P140
        3     1.89   OR3D0BWP30P140
        4    3.024   OR4D0BWP30P140
      236  208.152   XNR2UD0BWP30P140
       61  107.604   XNR3UD0BWP30P140
        2    5.292   XNR4D0BWP30P140
      149  131.418   XOR2UD0BWP30P140
       30    52.92   XOR3UD0BWP30P140
        8 1.47E+03 submodules
        4   294.84   CustomOperator_INT8_to_E2M3
        1  285.516   FPNAdder
        1  538.272   FixedFPTree_exp5_mant11_out11_vec4_range1
        1   235.62   ScaleAddition_INT8_to_E2M3_scale_UE6M2
        1  118.566   ScaleToFP9b_INT8_x_E2M3_UE6M2

   Chip area for top module '\BFP_PE': 1530.396000
     of which used for sequential elements: 43.092000 (2.82%)

