
6. Printing statistics.

=== BFP_PE ===

        +----------Local Count, excluding submodules.
        |        +-Local Area, excluding submodules.
        |        | 
      333        - wires
     3003        - wire bits
      299        - public wires
     2969        - public wire bits
       10        - ports
      501        - port bits
       67   99.918 cells
       32   24.192   AO22D0BWP30P140
       33   74.844   DFCNQD1BWP30P140
        1    0.504   INR2D0BWP30P140
        1    0.378   NR2D0BWP30P140
       97        - submodules
       31        -   CustomFPAdder_exp7_mant21
       32        -   CustomOperator_INT8_to_E2M3
        1        -   FP32Adder
       32        -   ScaleAddition_INT8_to_E2M3_scale_UE4M4
        1        -   ScaleToFP32_INT8_x_E2M3_UE4M4

   Chip area for module '\BFP_PE': 99.918000
     of which used for sequential elements: 74.844000 (74.91%)

=== FP32Adder ===

        +----------Local Count, excluding submodules.
        |        +-Local Area, excluding submodules.
        |        | 
      872        - wires
     1037        - wire bits
        6        - public wires
      171        - public wire bits
        3        - ports
       96        - port bits
      898  554.904 cells
       18    9.072   AN2D0BWP30P140
        5     3.15   AN3D0BWP30P140
        4    3.024   AN4D0BWP30P140
        2    1.512   AO211D0BWP30P140
       13     8.19   AO21D0BWP30P140
        4    3.024   AO22D0BWP30P140
       10      6.3   AOI211D0BWP30P140
       52   26.208   AOI21D0BWP30P140
       10     7.56   AOI221D0BWP30P140
        2    2.016   AOI222D0BWP30P140
       32    20.16   AOI22D0BWP30P140
        2     1.26   AOI31D0BWP30P140
       19   16.758   CKMUX2D0BWP30P140
       65    16.38   CKND0BWP30P140
       72   27.216   CKND2D0BWP30P140
        6     3.78   IAO21D0BWP30P140
       20    10.08   IND2D0BWP30P140
        1     0.63   IND3D0BWP30P140
        2    1.512   IND4D0BWP30P140
       21   10.584   INR2D0BWP30P140
        8     5.04   INR3D0BWP30P140
        3    2.268   INR4D0BWP30P140
        7     4.41   IOA21D0BWP30P140
       30    22.68   MAOI222D0BWP30P140
       15    11.34   MAOI22D0BWP30P140
        4    3.024   MOAI22D0BWP30P140
      114   86.184   MUX2ND0BWP30P140
        1    1.764   MUX3D0BWP30P140
        1    1.638   MUX3ND0BWP30P140
        2    4.788   MUX4D0BWP30P140
       16   36.288   MUX4ND0BWP30P140
       14    7.056   ND3D0BWP30P140
        5     3.15   ND4D0BWP30P140
       99   37.422   NR2D0BWP30P140
       35    17.64   NR3D0BWP30P140
        8     5.04   NR4D0BWP30P140
        2    1.512   OA211D0BWP30P140
        6     3.78   OA21D0BWP30P140
        1    0.882   OA22D0BWP30P140
       13     8.19   OAI211D0BWP30P140
       41   20.664   OAI21D0BWP30P140
        1    0.882   OAI221D0BWP30P140
        1    1.008   OAI222D0BWP30P140
       10      6.3   OAI22D0BWP30P140
        6     3.78   OAI31D0BWP30P140
        3    2.268   OAI32D0BWP30P140
        1    0.882   OAI33D0BWP30P140
        6    3.024   OR2D0BWP30P140
        8     5.04   OR3D0BWP30P140
        2    1.512   OR4D0BWP30P140
       51   44.982   XNR2UD0BWP30P140
        1    1.764   XNR3UD0BWP30P140
       23   20.286   XOR2UD0BWP30P140

   Chip area for module '\FP32Adder': 554.904000
     of which used for sequential elements: 0.000000 (0.00%)

=== ScaleToFP32_INT8_x_E2M3_UE4M4 ===

        +----------Local Count, excluding submodules.
        |        +-Local Area, excluding submodules.
        |        | 
      141        - wires
      198        - wire bits
        4        - public wires
       61        - public wire bits
        4        - ports
       61        - port bits
      166  100.548 cells
        7    3.528   AN2D0BWP30P140
        1     0.63   AN3D0BWP30P140
        1    0.756   AO211D0BWP30P140
        3     1.89   AO21D0BWP30P140
        4     2.52   AOI211D0BWP30P140
        8    4.032   AOI21D0BWP30P140
        2    1.512   AOI221D0BWP30P140
       18   15.876   CKMUX2D0BWP30P140
        8    2.016   CKND0BWP30P140
        7    2.646   CKND2D0BWP30P140
        3     1.89   IAO21D0BWP30P140
        2    1.008   IND2D0BWP30P140
        4    2.016   INR2D0BWP30P140
        1     0.63   INR3D0BWP30P140
        1     0.63   IOA21D0BWP30P140
        1    0.756   MAOI222D0BWP30P140
        1    0.756   MAOI22D0BWP30P140
        1    0.756   MOAI22D0BWP30P140
       28   21.168   MUX2ND0BWP30P140
        1    0.504   ND3D0BWP30P140
       22    8.316   NR2D0BWP30P140
        8    4.032   NR3D0BWP30P140
        4     2.52   NR4D0BWP30P140
        3     1.89   OA21D0BWP30P140
        1     0.63   OAI211D0BWP30P140
        7    3.528   OAI21D0BWP30P140
        1    0.882   OAI221D0BWP30P140
        1     0.63   OAI22D0BWP30P140
        4     2.52   OAI31D0BWP30P140
        2    1.008   OR2D0BWP30P140
        1     0.63   OR3D0BWP30P140
        3    2.268   OR4D0BWP30P140
        3    2.646   XNR2UD0BWP30P140
        4    3.528   XOR2UD0BWP30P140

   Chip area for module '\ScaleToFP32_INT8_x_E2M3_UE4M4': 100.548000
     of which used for sequential elements: 0.000000 (0.00%)

=== CustomFPAdder_exp7_mant21 ===

        +----------Local Count, excluding submodules.
        |        +-Local Area, excluding submodules.
        |        | 
      606        - wires
      707        - wire bits
       10        - public wires
      111        - public wire bits
        9        - ports
       87        - port bits
      625  403.956 cells
       16    8.064   AN2D0BWP30P140
        3     1.89   AN3D0BWP30P140
        1    0.756   AO211D0BWP30P140
        4     2.52   AO21D0BWP30P140
        1    0.756   AO22D0BWP30P140
        7     4.41   AOI211D0BWP30P140
       27   13.608   AOI21D0BWP30P140
        9    6.804   AOI221D0BWP30P140
        8     5.04   AOI22D0BWP30P140
       13     8.19   AOI31D0BWP30P140
        1    0.756   AOI32D0BWP30P140
       23   20.286   CKMUX2D0BWP30P140
       50     12.6   CKND0BWP30P140
       34   12.852   CKND2D0BWP30P140
        7     4.41   IAO21D0BWP30P140
       24   12.096   IND2D0BWP30P140
        2     1.26   IND3D0BWP30P140
        1    0.756   IND4D0BWP30P140
       24   12.096   INR2D0BWP30P140
        3     1.89   INR3D0BWP30P140
        2    1.512   INR4D0BWP30P140
        7    5.292   MAOI222D0BWP30P140
        8    6.048   MAOI22D0BWP30P140
        1    0.756   MOAI22D0BWP30P140
       73   55.188   MUX2ND0BWP30P140
        1    1.638   MUX3ND0BWP30P140
        1    2.394   MUX4D0BWP30P140
       19   43.092   MUX4ND0BWP30P140
        9    4.536   ND3D0BWP30P140
        5     3.15   ND4D0BWP30P140
       53   20.034   NR2D0BWP30P140
       18    9.072   NR3D0BWP30P140
        6     3.78   NR4D0BWP30P140
        3    2.268   OA211D0BWP30P140
        4     2.52   OA21D0BWP30P140
        2    1.764   OA22D0BWP30P140
       14     8.82   OAI211D0BWP30P140
       32   16.128   OAI21D0BWP30P140
        2    1.764   OAI221D0BWP30P140
       12     7.56   OAI22D0BWP30P140
        9     5.67   OAI31D0BWP30P140
        4    3.024   OAI32D0BWP30P140
       13    6.552   OR2D0BWP30P140
        1     0.63   OR3D0BWP30P140
        2    1.512   OR4D0BWP30P140
       45    39.69   XNR2UD0BWP30P140
       21   18.522   XOR2UD0BWP30P140

   Chip area for module '\CustomFPAdder_exp7_mant21': 403.956000
     of which used for sequential elements: 0.000000 (0.00%)

=== ScaleAddition_INT8_to_E2M3_scale_UE4M4 ===

        +----------Local Count, excluding submodules.
        |        +-Local Area, excluding submodules.
        |        | 
      544        - wires
      598        - wire bits
        8        - public wires
       62        - public wire bits
        8        - ports
       62        - port bits
      563  414.414 cells
       12    6.048   AN2D0BWP30P140
        3     1.89   AN3D0BWP30P140
        3    2.268   AN4D0BWP30P140
        2     1.26   AO21D0BWP30P140
        2    1.512   AO22D0BWP30P140
       12    6.048   AOI21D0BWP30P140
        3     1.89   AOI22D0BWP30P140
        5     3.15   AOI31D0BWP30P140
       26    6.552   CKND0BWP30P140
      145    54.81   CKND2D0BWP30P140
        1     0.63   IAO21D0BWP30P140
       16    8.064   IND2D0BWP30P140
        1    0.756   IND4D0BWP30P140
       11    5.544   INR2D0BWP30P140
        4     2.52   IOA21D0BWP30P140
       79   59.724   MAOI222D0BWP30P140
        1    0.504   ND3D0BWP30P140
        2     1.26   ND4D0BWP30P140
       26    9.828   NR2D0BWP30P140
        4    2.016   NR3D0BWP30P140
        1     0.63   NR4D0BWP30P140
        1     0.63   OA21D0BWP30P140
        2     1.26   OAI211D0BWP30P140
       10     5.04   OAI21D0BWP30P140
        1    0.882   OAI221D0BWP30P140
        2     1.26   OAI22D0BWP30P140
        1    0.756   OAI32D0BWP30P140
        6    3.024   OR2D0BWP30P140
        2    1.512   OR4D0BWP30P140
       55    48.51   XNR2UD0BWP30P140
       52   91.728   XNR3UD0BWP30P140
        2    5.292   XNR4D0BWP30P140
       52   45.864   XOR2UD0BWP30P140
       18   31.752   XOR3UD0BWP30P140

   Chip area for module '\ScaleAddition_INT8_to_E2M3_scale_UE4M4': 414.414000
     of which used for sequential elements: 0.000000 (0.00%)

=== CustomOperator_INT8_to_E2M3 ===

        +----------Local Count, excluding submodules.
        |        +-Local Area, excluding submodules.
        |        | 
       82        - wires
      110        - wire bits
        6        - public wires
       34        - public wire bits
        5        - ports
       31        - port bits
       90   62.874 cells
        9    4.536   AN2D0BWP30P140
        1    0.756   AO22D0BWP30P140
        6    1.512   CKND0BWP30P140
       17    6.426   CKND2D0BWP30P140
        1    0.504   INR2D0BWP30P140
        1     0.63   IOA21D0BWP30P140
       11    8.316   MAOI222D0BWP30P140
        2    1.008   ND3D0BWP30P140
        3    1.134   NR2D0BWP30P140
        1    0.504   NR3D0BWP30P140
        1     0.63   OAI211D0BWP30P140
        4    2.016   OAI21D0BWP30P140
        2     1.26   OAI22D0BWP30P140
        1     0.63   OAI31D0BWP30P140
        1    0.504   OR2D0BWP30P140
        1    0.756   OR4D0BWP30P140
       11    9.702   XNR2UD0BWP30P140
        4    7.056   XNR3UD0BWP30P140
        9    7.938   XOR2UD0BWP30P140
        4    7.056   XOR3UD0BWP30P140

   Chip area for module '\CustomOperator_INT8_to_E2M3': 62.874000
     of which used for sequential elements: 0.000000 (0.00%)

=== design hierarchy ===

        +----------Count including submodules.
        |        +-Area including submodules.
        |        | 
    41402 2.86E+04 BFP_PE
      625  403.956 CustomFPAdder_exp7_mant21
       90   62.874 CustomOperator_INT8_to_E2M3
      898  554.904 FP32Adder
      563  414.414 ScaleAddition_INT8_to_E2M3_scale_UE4M4
      166  100.548 ScaleToFP32_INT8_x_E2M3_UE4M4

        +----------Count including submodules.
        |        +-Area including submodules.
        |        | 
    40164        - wires
    48811        - wire bits
     1067        - public wires
     9714        - public wire bits
      712        - ports
     6331        - port bits
        -        - memories
        -        - memory bits
        -        - processes
    41402 2.86E+04 cells
     1193  601.272   AN2D0BWP30P140
      195   122.85   AN3D0BWP30P140
      100     75.6   AN4D0BWP30P140
       34   25.704   AO211D0BWP30P140
      204   128.52   AO21D0BWP30P140
      163  123.228   AO22D0BWP30P140
      231   145.53   AOI211D0BWP30P140
     1281  645.624   AOI21D0BWP30P140
      291  219.996   AOI221D0BWP30P140
        2    2.016   AOI222D0BWP30P140
      376   236.88   AOI22D0BWP30P140
      565   355.95   AOI31D0BWP30P140
       31   23.436   AOI32D0BWP30P140
      750    661.5   CKMUX2D0BWP30P140
     2647  667.044   CKND0BWP30P140
     6317 2.39E+03   CKND2D0BWP30P140
       33   74.844   DFCNQD1BWP30P140
      258   162.54   IAO21D0BWP30P140
     1278  644.112   IND2D0BWP30P140
       63    39.69   IND3D0BWP30P140
       65    49.14   IND4D0BWP30P140
     1154  581.616   INR2D0BWP30P140
      102    64.26   INR3D0BWP30P140
       65    49.14   INR4D0BWP30P140
      168   105.84   IOA21D0BWP30P140
     3128 2.36E+03   MAOI222D0BWP30P140
      264  199.584   MAOI22D0BWP30P140
       36   27.216   MOAI22D0BWP30P140
     2405  1818.18   MUX2ND0BWP30P140
        1    1.764   MUX3D0BWP30P140
       32   52.416   MUX3ND0BWP30P140
       33   79.002   MUX4D0BWP30P140
      605  1372.14   MUX4ND0BWP30P140
      390   196.56   ND3D0BWP30P140
      224   141.12   ND4D0BWP30P140
     2693 1.02E+03   NR2D0BWP30P140
      761  383.544   NR3D0BWP30P140
      230    144.9   NR4D0BWP30P140
       95    71.82   OA211D0BWP30P140
      165   103.95   OA21D0BWP30P140
       63   55.566   OA22D0BWP30P140
      544   342.72   OAI211D0BWP30P140
     1488  749.952   OAI21D0BWP30P140
       96   84.672   OAI221D0BWP30P140
        1    1.008   OAI222D0BWP30P140
      511   321.93   OAI22D0BWP30P140
      321   202.23   OAI31D0BWP30P140
      159  120.204   OAI32D0BWP30P140
        1    0.882   OAI33D0BWP30P140
      635   320.04   OR2D0BWP30P140
       40     25.2   OR3D0BWP30P140
      163  123.228   OR4D0BWP30P140
     3561 3.14E+03   XNR2UD0BWP30P140
     1793 3.16E+03   XNR3UD0BWP30P140
       64  169.344   XNR4D0BWP30P140
     2630  2319.66   XOR2UD0BWP30P140
      704 1.24E+03   XOR3UD0BWP30P140
       97 2.85E+04 submodules
       31 1.25E+04   CustomFPAdder_exp7_mant21
       32 2.01E+03   CustomOperator_INT8_to_E2M3
        1  554.904   FP32Adder
       32 1.33E+04   ScaleAddition_INT8_to_E2M3_scale_UE4M4
        1  100.548   ScaleToFP32_INT8_x_E2M3_UE4M4

   Chip area for top module '\BFP_PE': 28551.222000
     of which used for sequential elements: 74.844000 (0.26%)

