Startpoint: reset (input port clocked by CORE_CLK)
Endpoint: _40_ (recovery check against rising-edge clock CORE_CLK)
Path Group: asynchronous
Path Type: max

    Delay      Time   Description
-------------------------------------------------------------
   0.0000    0.0000   clock CORE_CLK (rise edge)
   0.0000    0.0000   clock network delay (ideal)
   0.0000    0.0000 ^ input external delay
   0.0000    0.0000 ^ reset (in)
   0.0000    0.0000 ^ _40_/CDN (DFCNQD1BWP30P140)
             0.0000   data arrival time

   2.0000    2.0000   clock CORE_CLK (rise edge)
   0.0000    2.0000   clock network delay (ideal)
  -0.0500    1.9500   clock uncertainty
   0.0000    1.9500   clock reconvergence pessimism
             1.9500 ^ _40_/CP (DFCNQD1BWP30P140)
   0.0258    1.9758   library recovery time
             1.9758   data required time
-------------------------------------------------------------
             1.9758   data required time
            -0.0000   data arrival time
-------------------------------------------------------------
             1.9758   slack (MET)


Startpoint: io_op_b_i[10] (input port clocked by CORE_CLK)
Endpoint: _42_ (rising edge-triggered flip-flop clocked by CORE_CLK)
Path Group: CORE_CLK
Path Type: max

    Delay      Time   Description
-------------------------------------------------------------
   0.0000    0.0000   clock CORE_CLK (rise edge)
   0.0000    0.0000   clock network delay (ideal)
   0.0000    0.0000 ^ input external delay
   0.0000    0.0000 ^ io_op_b_i[10] (in)
   0.0221    0.0221 ^ op_1/_167_/Z (AN2D0BWP30P140)
   0.0205    0.0427 v op_1/_168_/ZN (CKND0BWP30P140)
   0.0219    0.0645 v tree/_3038_/ZN (IND2D0BWP30P140)
   0.0277    0.0922 ^ tree/_3041_/ZN (AOI221D0BWP30P140)
   0.0390    0.1312 v tree/_3045_/ZN (OAI222D0BWP30P140)
   0.0268    0.1580 ^ tree/_3046_/ZN (CKND2D0BWP30P140)
   0.0268    0.1849 ^ tree/_3053_/ZN (MUX2ND0BWP30P140)
   0.0258    0.2107 v tree/_3055_/ZN (AOI221D0BWP30P140)
   0.0313    0.2420 ^ tree/_3060_/ZN (OAI21D0BWP30P140)
   0.0414    0.2834 ^ tree/_3065_/Z (AN4D0BWP30P140)
   0.0226    0.3060 v tree/_3068_/ZN (OAI33D0BWP30P140)
   0.0160    0.3220 ^ tree/_3076_/ZN (OAI211D0BWP30P140)
   0.0410    0.3631 v tree/_3079_/ZN (AOI31D0BWP30P140)
   0.0428    0.4058 ^ tree/_3083_/Z (CKMUX2D0BWP30P140)
   0.0235    0.4294 ^ tree/_3085_/ZN (MAOI22D0BWP30P140)
   0.0207    0.4501 ^ tree/_3088_/ZN (IOA21D0BWP30P140)
   0.0283    0.4784 v tree/_3090_/ZN (MAOI22D0BWP30P140)
   0.0368    0.5152 v tree/_3091_/ZN (MUX2ND0BWP30P140)
   0.0230    0.5382 ^ tree/_3096_/ZN (AOI22D0BWP30P140)
   0.0277    0.5659 ^ tree/_3099_/Z (AO21D0BWP30P140)
   0.0316    0.5975 ^ tree/_3102_/Z (AO21D0BWP30P140)
   0.0274    0.6250 ^ tree/_3112_/ZN (MUX2ND0BWP30P140)
   0.0261    0.6511 v tree/_3114_/ZN (AOI221D0BWP30P140)
   0.0280    0.6791 v tree/_3118_/Z (OA21D0BWP30P140)
   0.0303    0.7093 ^ tree/_3122_/ZN (INR4D0BWP30P140)
   0.0207    0.7301 v tree/_3130_/ZN (OAI33D0BWP30P140)
   0.0276    0.7577 ^ tree/_3131_/ZN (AOI31D0BWP30P140)
   0.0332    0.7909 v tree/_3137_/ZN (OAI221D0BWP30P140)
   0.0264    0.8173 ^ tree/_3143_/ZN (AOI21D0BWP30P140)
   0.0240    0.8413 v tree/_3147_/ZN (OAI33D0BWP30P140)
   0.0258    0.8670 v tree/_3148_/ZN (MOAI22D0BWP30P140)
   0.0356    0.9026 ^ tree/_3152_/ZN (AOI221D0BWP30P140)
   0.0219    0.9245 v tree/_3153_/ZN (NR2D0BWP30P140)
   0.0355    0.9601 ^ tree/_3160_/Z (CKMUX2D0BWP30P140)
   0.0304    0.9905 v tree/_3162_/ZN (OAI221D0BWP30P140)
   0.0246    1.0151 ^ tree/_3166_/ZN (AOI21D0BWP30P140)
   0.0156    1.0307 v tree/_3168_/ZN (NR2D0BWP30P140)
   0.0314    1.0621 ^ tree/_3174_/Z (CKMUX2D0BWP30P140)
   0.0205    1.0826 v tree/_3179_/ZN (AOI31D0BWP30P140)
   0.0248    1.1073 v tree/_3183_/Z (OA21D0BWP30P140)
   0.0219    1.1293 ^ tree/_3185_/ZN (NR2D0BWP30P140)
   0.0271    1.1563 ^ tree/_3195_/ZN (MUX2ND0BWP30P140)
   0.0257    1.1821 v tree/_3197_/ZN (AOI221D0BWP30P140)
   0.0305    1.2125 ^ tree/_3202_/ZN (OAI21D0BWP30P140)
   0.0382    1.2508 ^ tree/_3209_/Z (OA211D0BWP30P140)
   0.0212    1.2719 v tree/_3211_/ZN (OAI33D0BWP30P140)
   0.0376    1.3095 ^ tree/_3218_/ZN (AOI222D0BWP30P140)
   0.0386    1.3481 v tree/_3220_/ZN (MOAI22D0BWP30P140)
   0.0367    1.3848 v tree/_3223_/ZN (MUX2ND0BWP30P140)
   0.0230    1.4078 ^ tree/_3224_/ZN (OAI22D0BWP30P140)
   0.0265    1.4343 ^ tree/_3229_/Z (AO21D0BWP30P140)
   0.0359    1.4702 ^ tree/_3231_/Z (AO21D0BWP30P140)
   0.0268    1.4970 ^ tree/_3246_/Z (AO211D0BWP30P140)
   0.0280    1.5250 v tree/_3247_/ZN (OAI221D0BWP30P140)
   0.0340    1.5590 ^ tree/_3248_/ZN (AOI31D0BWP30P140)
   0.0414    1.6004 ^ tree/_3249_/Z (OA21D0BWP30P140)
   0.0335    1.6339 ^ tree/_3253_/ZN (MUX2ND0BWP30P140)
   0.0353    1.6692 ^ tree/_3255_/ZN (XNR2UD0BWP30P140)
   0.0203    1.6895 v tree/_3269_/ZN (AOI211D0BWP30P140)
   0.0669    1.7564 ^ tree/_3276_/ZN (OAI31D0BWP30P140)
   0.1018    1.8582 v tree/_3279_/Z (CKMUX2D0BWP30P140)
   0.0610    1.9192 ^ tree/_3519_/ZN (MAOI222D0BWP30P140)
   0.0229    1.9421 ^ tree/_3523_/ZN (XNR2UD0BWP30P140)
   0.0836    2.0258 v tree/_3526_/ZN (OAI211D0BWP30P140)
   0.1134    2.1391 ^ tree/_3532_/ZN (IAO21D0BWP30P140)
   0.0395    2.1787 ^ tree/_3538_/ZN (MUX2ND0BWP30P140)
   0.0399    2.2186 ^ tree/_3549_/ZN (MAOI22D0BWP30P140)
   0.0360    2.2546 v tree/_3583_/ZN (AOI31D0BWP30P140)
   0.0261    2.2808 v tree/_3585_/ZN (IND2D0BWP30P140)
   0.0309    2.3117 v tree/_5153_/Z (XOR2UD0BWP30P140)
   0.0642    2.3759 v tree/_5156_/ZN (XNR3UD0BWP30P140)
   0.0262    2.4022 v tree/_5224_/Z (XOR2UD0BWP30P140)
   0.0657    2.4679 v tree/_5295_/Z (XOR3UD0BWP30P140)
   0.0610    2.5289 v tree/_5379_/Z (XOR3UD0BWP30P140)
   0.0309    2.5599 v tree/_5387_/Z (XOR2UD0BWP30P140)
   0.0328    2.5927 v tree/_5462_/Z (XOR2UD0BWP30P140)
   0.0603    2.6530 v tree/_5519_/Z (XOR3UD0BWP30P140)
   0.0255    2.6785 ^ tree/_5574_/ZN (XNR2UD0BWP30P140)
   0.0195    2.6980 v tree/_5575_/ZN (OAI21D0BWP30P140)
   0.0334    2.7314 ^ tree/_5576_/ZN (MAOI222D0BWP30P140)
   0.0255    2.7569 v tree/_5578_/ZN (OAI21D0BWP30P140)
   0.0360    2.7929 ^ tree/_5580_/ZN (MAOI222D0BWP30P140)
   0.0250    2.8179 v tree/_5582_/ZN (OAI21D0BWP30P140)
   0.0358    2.8537 ^ tree/_5584_/ZN (MAOI222D0BWP30P140)
   0.0254    2.8791 v tree/_5586_/ZN (OAI21D0BWP30P140)
   0.0361    2.9152 ^ tree/_5588_/ZN (MAOI222D0BWP30P140)
   0.0257    2.9408 v tree/_5590_/ZN (OAI21D0BWP30P140)
   0.0361    2.9769 ^ tree/_5592_/ZN (MAOI222D0BWP30P140)
   0.0205    2.9974 v tree/_5594_/ZN (OAI21D0BWP30P140)
   0.0340    3.0314 ^ tree/_5595_/ZN (MAOI222D0BWP30P140)
   0.0292    3.0606 ^ tree/_5598_/ZN (IAO21D0BWP30P140)
   0.0243    3.0849 ^ tree/_5601_/Z (OA21D0BWP30P140)
   0.0391    3.1240 ^ tree/_5610_/Z (XOR2UD0BWP30P140)
   0.0325    3.1565 v tree/_5611_/ZN (CKND0BWP30P140)
   0.0240    3.1805 v tree/_5664_/Z (AN2D0BWP30P140)
   0.0204    3.2009 ^ tree/_5665_/ZN (NR3D0BWP30P140)
   0.0228    3.2237 v tree/_5672_/ZN (AOI31D0BWP30P140)
   0.0274    3.2510 v tree/_5673_/Z (OR2D0BWP30P140)
   0.0134    3.2645 ^ tree/_5679_/ZN (OAI21D0BWP30P140)
   0.0232    3.2876 v tree/_5680_/ZN (XNR2UD0BWP30P140)
   0.0250    3.3126 v tree/_5682_/ZN (IND2D0BWP30P140)
   0.1113    3.4239 ^ tree/_5711_/ZN (NR2D0BWP30P140)
   0.0439    3.4678 v tree/_5712_/ZN (CKND0BWP30P140)
   0.0364    3.5042 ^ tree/_5734_/ZN (AOI21D0BWP30P140)
   0.0198    3.5240 v tree/_5796_/ZN (OAI31D0BWP30P140)
   0.0314    3.5555 ^ tree/_5809_/ZN (AOI221D0BWP30P140)
   0.0235    3.5789 v tree/_5812_/ZN (AOI31D0BWP30P140)
   0.0280    3.6069 v tree/_5814_/Z (AN2D0BWP30P140)
   0.0190    3.6260 v tree/_5820_/Z (AN3D0BWP30P140)
   0.0089    3.6348 ^ tree/_5825_/ZN (CKND2D0BWP30P140)
   0.0282    3.6630 v tree/_5837_/ZN (XNR2UD0BWP30P140)
   0.0255    3.6885 ^ sa/_479_/ZN (CKND2D0BWP30P140)
   0.0469    3.7354 ^ sa/_482_/ZN (XNR3UD0BWP30P140)
   0.0436    3.7790 ^ sa/_484_/Z (OA211D0BWP30P140)
   0.0474    3.8263 ^ sa/_487_/ZN (XNR4D0BWP30P140)
   0.0329    3.8593 ^ sa/_501_/ZN (XNR2UD0BWP30P140)
   0.0280    3.8873 v sa/_511_/ZN (MAOI222D0BWP30P140)
   0.0330    3.9203 ^ sa/_512_/ZN (MAOI222D0BWP30P140)
   0.0266    3.9469 v sa/_513_/ZN (MAOI222D0BWP30P140)
   0.0332    3.9801 ^ sa/_514_/ZN (MAOI222D0BWP30P140)
   0.0293    4.0093 v sa/_515_/ZN (MAOI222D0BWP30P140)
   0.0291    4.0384 ^ sa/_517_/ZN (OAI21D0BWP30P140)
   0.0248    4.0632 v sa/_519_/ZN (AOI21D0BWP30P140)
   0.0275    4.0907 ^ sa/_564_/ZN (OAI211D0BWP30P140)
   0.0223    4.1130 v sa/_565_/ZN (ND3D0BWP30P140)
   0.0238    4.1368 v sa/_638_/ZN (INR2D0BWP30P140)
   0.1768    4.3136 ^ conv/_202_/ZN (OAI31D0BWP30P140)
   0.0267    4.3403 v conv/_203_/ZN (CKND0BWP30P140)
   0.0372    4.3775 v conv/_226_/ZN (MUX3ND0BWP30P140)
   0.0424    4.4199 ^ conv/_228_/ZN (MUX2ND0BWP30P140)
   0.0395    4.4594 v conv/_256_/ZN (ND4D0BWP30P140)
   0.0419    4.5013 ^ conv/_266_/ZN (INR4D0BWP30P140)
   0.0362    4.5374 ^ conv/_268_/ZN (INR3D0BWP30P140)
   0.0362    4.5736 v conv/_271_/ZN (IND4D0BWP30P140)
   0.0448    4.6184 ^ conv/_273_/ZN (MAOI222D0BWP30P140)
   0.0341    4.6525 v conv/_283_/ZN (AOI31D0BWP30P140)
   0.0350    4.6876 ^ conv/_287_/ZN (OAI211D0BWP30P140)
   0.0285    4.7161 v conv/_290_/ZN (ND4D0BWP30P140)
   0.0316    4.7477 ^ conv/_293_/ZN (AOI31D0BWP30P140)
   0.0754    4.8230 v conv/_316_/ZN (OAI211D0BWP30P140)
   0.0565    4.8795 ^ conv/_319_/ZN (NR2D0BWP30P140)
   0.0256    4.9052 ^ accAdder/_461_/ZN (XNR2UD0BWP30P140)
   0.0293    4.9345 ^ accAdder/_462_/Z (AO21D0BWP30P140)
   0.0165    4.9509 v accAdder/_465_/ZN (AOI211D0BWP30P140)
   0.0332    4.9842 ^ accAdder/_467_/ZN (OAI31D0BWP30P140)
   0.0299    5.0140 v accAdder/_470_/ZN (OAI211D0BWP30P140)
   0.0294    5.0434 ^ accAdder/_492_/ZN (AOI21D0BWP30P140)
   0.0467    5.0901 v accAdder/_494_/ZN (OAI211D0BWP30P140)
   0.0876    5.1777 v accAdder/_518_/ZN (MUX2ND0BWP30P140)
   0.0860    5.2637 ^ accAdder/_543_/ZN (AOI31D0BWP30P140)
   0.0611    5.3247 v accAdder/_549_/ZN (ND3D0BWP30P140)
   0.0399    5.3647 v accAdder/_566_/Z (OA21D0BWP30P140)
   0.0311    5.3957 ^ accAdder/_589_/ZN (MUX3ND0BWP30P140)
   0.0331    5.4289 v accAdder/_677_/ZN (AOI221D0BWP30P140)
   0.0251    5.4540 ^ accAdder/_678_/ZN (ND3D0BWP30P140)
   0.0175    5.4715 v accAdder/_680_/ZN (OAI21D0BWP30P140)
   0.0236    5.4951 ^ accAdder/_681_/ZN (AOI21D0BWP30P140)
   0.0255    5.5206 v accAdder/_682_/ZN (MAOI222D0BWP30P140)
   0.0329    5.5534 ^ accAdder/_684_/ZN (MAOI222D0BWP30P140)
   0.0301    5.5835 v accAdder/_686_/ZN (MAOI222D0BWP30P140)
   0.0324    5.6159 ^ accAdder/_687_/ZN (AOI211D0BWP30P140)
   0.0238    5.6397 v accAdder/_688_/ZN (OAI32D0BWP30P140)
   0.0302    5.6700 ^ accAdder/_698_/ZN (AOI211D0BWP30P140)
   0.0230    5.6930 ^ accAdder/_700_/Z (OR2D0BWP30P140)
   0.1489    5.8419 v accAdder/_751_/ZN (AOI31D0BWP30P140)
   0.0882    5.9300 v accAdder/_791_/ZN (MUX4ND0BWP30P140)
   0.0430    5.9731 ^ accAdder/_792_/ZN (NR4D0BWP30P140)
   0.0345    6.0076 v accAdder/_798_/ZN (IND4D0BWP30P140)
   0.0296    6.0371 ^ accAdder/_801_/ZN (NR3D0BWP30P140)
   0.0291    6.0663 v accAdder/_803_/ZN (IND3D0BWP30P140)
   0.0406    6.1069 ^ accAdder/_805_/ZN (MAOI222D0BWP30P140)
   0.0426    6.1495 v accAdder/_810_/ZN (IND4D0BWP30P140)
   0.0444    6.1940 ^ accAdder/_820_/ZN (AOI211D0BWP30P140)
   0.0333    6.2273 ^ accAdder/_821_/Z (AN3D0BWP30P140)
   0.0241    6.2514 ^ accAdder/_828_/ZN (MAOI22D0BWP30P140)
   0.0569    6.3083 v accAdder/_855_/ZN (OAI31D0BWP30P140)
   0.0427    6.3510 ^ accAdder/_877_/ZN (INR4D0BWP30P140)
   0.0262    6.3772 ^ _32_/Z (AO22D0BWP30P140)
   0.0000    6.3772 ^ _42_/D (DFCNQD1BWP30P140)
             6.3772   data arrival time

   2.0000    2.0000   clock CORE_CLK (rise edge)
   0.0000    2.0000   clock network delay (ideal)
  -0.0500    1.9500   clock uncertainty
   0.0000    1.9500   clock reconvergence pessimism
             1.9500 ^ _42_/CP (DFCNQD1BWP30P140)
  -0.0170    1.9330   library setup time
             1.9330   data required time
-------------------------------------------------------------
             1.9330   data required time
            -6.3772   data arrival time
-------------------------------------------------------------
            -4.4442   slack (VIOLATED)


