
===========================================================================
 report_power
============================================================================
======================= Fastest Corner ===================================

Group                  Internal  Switching    Leakage      Total
                          Power      Power      Power      Power (Watts)
----------------------------------------------------------------
Sequential             1.19e-04   7.43e-05   5.15e-10   1.93e-04   1.6%
Combinational          5.07e-03   6.56e-03   1.33e-08   1.16e-02  97.7%
Clock                  5.32e-05   3.16e-05   4.03e-09   8.49e-05   0.7%
Macro                  0.00e+00   0.00e+00   0.00e+00   0.00e+00   0.0%
Pad                    0.00e+00   0.00e+00   0.00e+00   0.00e+00   0.0%
----------------------------------------------------------------
Total                  5.25e-03   6.67e-03   1.79e-08   1.19e-02 100.0%
                          44.0%      56.0%       0.0%

======================= Slowest Corner ===================================

Group                  Internal  Switching    Leakage      Total
                          Power      Power      Power      Power (Watts)
----------------------------------------------------------------
Sequential             8.16e-05   4.89e-05   4.74e-07   1.31e-04   1.6%
Combinational          3.71e-03   4.36e-03   8.69e-06   8.08e-03  97.7%
Clock                  3.80e-05   2.03e-05   1.10e-07   5.84e-05   0.7%
Macro                  0.00e+00   0.00e+00   0.00e+00   0.00e+00   0.0%
Pad                    0.00e+00   0.00e+00   0.00e+00   0.00e+00   0.0%
----------------------------------------------------------------
Total                  3.83e-03   4.43e-03   9.27e-06   8.27e-03 100.0%
                          46.3%      53.6%       0.1%

======================= Typical Corner ===================================

Group                  Internal  Switching    Leakage      Total
                          Power      Power      Power      Power (Watts)
----------------------------------------------------------------
Sequential             1.03e-04   6.25e-05   2.78e-10   1.66e-04   1.6%
Combinational          4.58e-03   5.55e-03   6.95e-09   1.01e-02  97.7%
Clock                  4.66e-05   2.65e-05   3.76e-09   7.31e-05   0.7%
Macro                  0.00e+00   0.00e+00   0.00e+00   0.00e+00   0.0%
Pad                    0.00e+00   0.00e+00   0.00e+00   0.00e+00   0.0%
----------------------------------------------------------------
Total                  4.72e-03   5.64e-03   1.10e-08   1.04e-02 100.0%
                          45.6%      54.4%       0.0%

