Startpoint: reset (input port clocked by CORE_CLK)
Endpoint: _068_ (recovery check against rising-edge clock CORE_CLK)
Path Group: asynchronous
Path Type: max

    Delay      Time   Description
-------------------------------------------------------------
   0.0000    0.0000   clock CORE_CLK (rise edge)
   0.0000    0.0000   clock network delay (ideal)
   0.0000    0.0000 ^ input external delay
   0.0000    0.0000 ^ reset (in)
   0.0000    0.0000 ^ _068_/CDN (DFCNQD1BWP30P140)
             0.0000   data arrival time

  20.0000   20.0000   clock CORE_CLK (rise edge)
   0.0000   20.0000   clock network delay (ideal)
  -0.0500   19.9500   clock uncertainty
   0.0000   19.9500   clock reconvergence pessimism
            19.9500 ^ _068_/CP (DFCNQD1BWP30P140)
   0.0258   19.9758   library recovery time
            19.9758   data required time
-------------------------------------------------------------
            19.9758   data required time
            -0.0000   data arrival time
-------------------------------------------------------------
            19.9758   slack (MET)


Startpoint: io_op_a_i[6] (input port clocked by CORE_CLK)
Endpoint: _069_ (rising edge-triggered flip-flop clocked by CORE_CLK)
Path Group: CORE_CLK
Path Type: max

    Delay      Time   Description
-------------------------------------------------------------
   0.0000    0.0000   clock CORE_CLK (rise edge)
   0.0000    0.0000   clock network delay (ideal)
   0.0000    0.0000 ^ input external delay
   0.0000    0.0000 ^ io_op_a_i[6] (in)
   0.0108    0.0108 v op/_067_/ZN (NR3D0BWP30P140)
   0.0180    0.0288 v op/_073_/Z (AN2D0BWP30P140)
   0.0380    0.0668 v op/_077_/Z (OR4D0BWP30P140)
   0.0331    0.0998 ^ op/_079_/ZN (MAOI222D0BWP30P140)
   0.0274    0.1273 v op/_081_/ZN (MAOI222D0BWP30P140)
   0.0364    0.1637 v op/_093_/ZN (XNR3UD0BWP30P140)
   0.0636    0.2272 v sa/_088_/Z (XOR3UD0BWP30P140)
   0.0372    0.2644 ^ sa/_098_/ZN (MAOI222D0BWP30P140)
   0.0345    0.2989 v sa/_139_/ZN (MAOI222D0BWP30P140)
   0.0407    0.3396 ^ sa/_141_/ZN (MAOI222D0BWP30P140)
   0.0314    0.3711 v sa/_143_/ZN (MAOI222D0BWP30P140)
   0.0248    0.3959 v sa/_152_/ZN (XNR2UD0BWP30P140)
   0.0345    0.4304 v conv/_121_/Z (XOR2UD0BWP30P140)
   0.0163    0.4467 ^ conv/_122_/ZN (CKND2D0BWP30P140)
   0.0177    0.4644 v conv/_123_/ZN (OAI32D0BWP30P140)
   0.0244    0.4888 v conv/_124_/Z (AN3D0BWP30P140)
   0.0255    0.5142 v conv/_125_/Z (XOR2UD0BWP30P140)
   0.0247    0.5389 ^ conv/_126_/ZN (AOI31D0BWP30P140)
   0.0561    0.5950 v conv/_142_/ZN (OAI21D0BWP30P140)
   0.0503    0.6453 ^ conv/_158_/ZN (AOI21D0BWP30P140)
   0.0309    0.6762 v reducedSum_nextLevel_adder/_0893_/ZN (XNR2UD0BWP30P140)
   0.0314    0.7076 ^ reducedSum_nextLevel_adder/_0895_/ZN (AOI21D0BWP30P140)
   0.0301    0.7377 v reducedSum_nextLevel_adder/_0897_/ZN (MAOI222D0BWP30P140)
   0.0355    0.7733 ^ reducedSum_nextLevel_adder/_0910_/ZN (MAOI222D0BWP30P140)
   0.0247    0.7979 v reducedSum_nextLevel_adder/_0911_/ZN (OAI21D0BWP30P140)
   0.0325    0.8304 ^ reducedSum_nextLevel_adder/_0912_/ZN (MAOI222D0BWP30P140)
   0.0295    0.8599 v reducedSum_nextLevel_adder/_0913_/ZN (MAOI222D0BWP30P140)
   0.0258    0.8856 v reducedSum_nextLevel_adder/_0924_/Z (XOR2UD0BWP30P140)
   0.0237    0.9094 ^ reducedSum_nextLevel_adder/_0925_/ZN (NR2D0BWP30P140)
   0.0205    0.9299 ^ reducedSum_nextLevel_adder/_0926_/Z (AN2D0BWP30P140)
   0.3865    1.3164 v reducedSum_nextLevel_adder/_0983_/ZN (AOI31D0BWP30P140)
   0.1685    1.4849 ^ reducedSum_nextLevel_adder/_0996_/ZN (AOI211D0BWP30P140)
   0.1218    1.6067 v reducedSum_nextLevel_adder/_0998_/ZN (NR2D0BWP30P140)
   0.0651    1.6718 ^ reducedSum_nextLevel_adder/_1156_/ZN (AOI211D0BWP30P140)
   0.0194    1.6912 v reducedSum_nextLevel_adder/_1197_/ZN (OAI33D0BWP30P140)
   0.0337    1.7249 ^ reducedSum_nextLevel_adder/_1198_/ZN (AOI22D0BWP30P140)
   0.0348    1.7598 v reducedSum_nextLevel_adder/_1200_/ZN (ND4D0BWP30P140)
   0.0339    1.7937 ^ reducedSum_nextLevel_adder/_1211_/ZN (OAI31D0BWP30P140)
   0.0253    1.8190 v reducedSum_nextLevel_adder/_1213_/ZN (MAOI222D0BWP30P140)
   0.0312    1.8502 ^ reducedSum_nextLevel_adder/_1215_/ZN (MAOI222D0BWP30P140)
   0.0273    1.8774 ^ reducedSum_nextLevel_adder/_1217_/Z (AO21D0BWP30P140)
   0.0216    1.8991 v reducedSum_nextLevel_adder/_1219_/ZN (MAOI222D0BWP30P140)
   0.0257    1.9247 v reducedSum_nextLevel_adder/_1222_/Z (OA21D0BWP30P140)
   0.0202    1.9449 v reducedSum_nextLevel_adder/_1225_/ZN (IAO21D0BWP30P140)
   0.0170    1.9619 ^ reducedSum_nextLevel_adder/_1227_/ZN (OAI21D0BWP30P140)
   0.0169    1.9788 v reducedSum_nextLevel_adder/_1229_/ZN (AOI21D0BWP30P140)
   0.0287    2.0074 ^ reducedSum_nextLevel_adder/_1237_/ZN (MAOI222D0BWP30P140)
   0.0268    2.0343 ^ reducedSum_nextLevel_adder/_1248_/Z (AO21D0BWP30P140)
   0.0224    2.0567 v reducedSum_nextLevel_adder/_1258_/ZN (MAOI222D0BWP30P140)
   0.0332    2.0899 ^ reducedSum_nextLevel_adder/_1270_/ZN (MAOI222D0BWP30P140)
   0.0262    2.1161 ^ reducedSum_nextLevel_adder/_1274_/Z (AO21D0BWP30P140)
   0.0149    2.1310 v reducedSum_nextLevel_adder/_1291_/ZN (AOI21D0BWP30P140)
   0.0305    2.1615 ^ reducedSum_nextLevel_adder/_1295_/ZN (MAOI222D0BWP30P140)
   0.0276    2.1891 v reducedSum_nextLevel_adder/_1314_/ZN (MAOI222D0BWP30P140)
   0.0331    2.2222 ^ reducedSum_nextLevel_adder/_1316_/ZN (MAOI222D0BWP30P140)
   0.0185    2.2407 v reducedSum_nextLevel_adder/_1334_/ZN (AOI21D0BWP30P140)
   0.0284    2.2691 ^ reducedSum_nextLevel_adder/_1336_/ZN (MAOI222D0BWP30P140)
   0.0279    2.2970 ^ reducedSum_nextLevel_adder/_1363_/Z (AO21D0BWP30P140)
   0.0161    2.3131 v reducedSum_nextLevel_adder/_1367_/ZN (AOI211D0BWP30P140)
   0.0299    2.3430 v reducedSum_nextLevel_adder/_1369_/ZN (IAO21D0BWP30P140)
   0.0251    2.3681 v reducedSum_nextLevel_adder/_1370_/Z (OR2D0BWP30P140)
   0.2730    2.6411 ^ reducedSum_nextLevel_adder/_1450_/ZN (OAI31D0BWP30P140)
   0.0665    2.7076 ^ reducedSum_nextLevel_adder/_1555_/Z (MUX4D0BWP30P140)
   0.0446    2.7522 ^ reducedSum_nextLevel_adder/_1583_/Z (AN4D0BWP30P140)
   0.0382    2.7905 v reducedSum_nextLevel_adder/_1586_/ZN (ND4D0BWP30P140)
   0.0543    2.8448 ^ reducedSum_nextLevel_adder/_1589_/ZN (INR4D0BWP30P140)
   0.0491    2.8939 ^ reducedSum_nextLevel_adder/_1597_/Z (AN4D0BWP30P140)
   0.0361    2.9300 v reducedSum_nextLevel_adder/_1607_/ZN (ND4D0BWP30P140)
   0.0492    2.9792 v reducedSum_nextLevel_adder/_1610_/ZN (IND4D0BWP30P140)
   0.0279    3.0072 ^ reducedSum_nextLevel_adder/_1611_/ZN (NR3D0BWP30P140)
   0.0209    3.0280 v reducedSum_nextLevel_adder/_1612_/ZN (IND2D0BWP30P140)
   0.0383    3.0663 v reducedSum_nextLevel_adder/_1614_/ZN (IND3D0BWP30P140)
   0.0381    3.1044 ^ reducedSum_nextLevel_adder/_1616_/ZN (MAOI222D0BWP30P140)
   0.0323    3.1367 v reducedSum_nextLevel_adder/_1621_/ZN (IND4D0BWP30P140)
   0.0252    3.1619 ^ reducedSum_nextLevel_adder/_1626_/ZN (AOI21D0BWP30P140)
   0.0235    3.1853 v reducedSum_nextLevel_adder/_1628_/ZN (OAI21D0BWP30P140)
   0.0265    3.2119 v reducedSum_nextLevel_adder/_1629_/Z (AN2D0BWP30P140)
   0.0217    3.2336 ^ reducedSum_nextLevel_adder/_1634_/ZN (AOI22D0BWP30P140)
   0.0272    3.2608 v reducedSum_nextLevel_adder/_1635_/ZN (OAI31D0BWP30P140)
   0.0404    3.3012 v reducedSum_nextLevel_adder/_1655_/Z (AO21D0BWP30P140)
   0.0271    3.3283 ^ reducedSum_nextLevel_adder/_1660_/ZN (NR2D0BWP30P140)
   0.0295    3.3578 v reducedSum_nextLevel_adder_2/_0893_/ZN (XNR2UD0BWP30P140)
   0.0310    3.3888 ^ reducedSum_nextLevel_adder_2/_0895_/ZN (AOI21D0BWP30P140)
   0.0301    3.4189 v reducedSum_nextLevel_adder_2/_0897_/ZN (MAOI222D0BWP30P140)
   0.0350    3.4539 ^ reducedSum_nextLevel_adder_2/_0910_/ZN (MAOI222D0BWP30P140)
   0.0242    3.4781 v reducedSum_nextLevel_adder_2/_0911_/ZN (OAI21D0BWP30P140)
   0.0323    3.5104 ^ reducedSum_nextLevel_adder_2/_0912_/ZN (MAOI222D0BWP30P140)
   0.0294    3.5398 v reducedSum_nextLevel_adder_2/_0913_/ZN (MAOI222D0BWP30P140)
   0.0253    3.5651 v reducedSum_nextLevel_adder_2/_0924_/Z (XOR2UD0BWP30P140)
   0.0237    3.5888 ^ reducedSum_nextLevel_adder_2/_0925_/ZN (NR2D0BWP30P140)
   0.0205    3.6094 ^ reducedSum_nextLevel_adder_2/_0926_/Z (AN2D0BWP30P140)
   0.3865    3.9959 v reducedSum_nextLevel_adder_2/_0983_/ZN (AOI31D0BWP30P140)
   0.1685    4.1643 ^ reducedSum_nextLevel_adder_2/_0996_/ZN (AOI211D0BWP30P140)
   0.1218    4.2862 v reducedSum_nextLevel_adder_2/_0998_/ZN (NR2D0BWP30P140)
   0.0651    4.3513 ^ reducedSum_nextLevel_adder_2/_1156_/ZN (AOI211D0BWP30P140)
   0.0215    4.3727 v reducedSum_nextLevel_adder_2/_1197_/ZN (OAI33D0BWP30P140)
   0.0337    4.4064 ^ reducedSum_nextLevel_adder_2/_1198_/ZN (AOI22D0BWP30P140)
   0.0348    4.4413 v reducedSum_nextLevel_adder_2/_1200_/ZN (ND4D0BWP30P140)
   0.0339    4.4752 ^ reducedSum_nextLevel_adder_2/_1211_/ZN (OAI31D0BWP30P140)
   0.0260    4.5011 v reducedSum_nextLevel_adder_2/_1213_/ZN (MAOI222D0BWP30P140)
   0.0321    4.5332 ^ reducedSum_nextLevel_adder_2/_1215_/ZN (MAOI222D0BWP30P140)
   0.0273    4.5605 ^ reducedSum_nextLevel_adder_2/_1217_/Z (AO21D0BWP30P140)
   0.0222    4.5827 v reducedSum_nextLevel_adder_2/_1219_/ZN (MAOI222D0BWP30P140)
   0.0257    4.6083 v reducedSum_nextLevel_adder_2/_1222_/Z (OA21D0BWP30P140)
   0.0202    4.6285 v reducedSum_nextLevel_adder_2/_1225_/ZN (IAO21D0BWP30P140)
   0.0170    4.6455 ^ reducedSum_nextLevel_adder_2/_1227_/ZN (OAI21D0BWP30P140)
   0.0169    4.6624 v reducedSum_nextLevel_adder_2/_1229_/ZN (AOI21D0BWP30P140)
   0.0295    4.6919 ^ reducedSum_nextLevel_adder_2/_1237_/ZN (MAOI222D0BWP30P140)
   0.0268    4.7187 ^ reducedSum_nextLevel_adder_2/_1248_/Z (AO21D0BWP30P140)
   0.0229    4.7416 v reducedSum_nextLevel_adder_2/_1258_/ZN (MAOI222D0BWP30P140)
   0.0342    4.7758 ^ reducedSum_nextLevel_adder_2/_1270_/ZN (MAOI222D0BWP30P140)
   0.0262    4.8020 ^ reducedSum_nextLevel_adder_2/_1274_/Z (AO21D0BWP30P140)
   0.0149    4.8169 v reducedSum_nextLevel_adder_2/_1291_/ZN (AOI21D0BWP30P140)
   0.0313    4.8482 ^ reducedSum_nextLevel_adder_2/_1295_/ZN (MAOI222D0BWP30P140)
   0.0285    4.8767 v reducedSum_nextLevel_adder_2/_1314_/ZN (MAOI222D0BWP30P140)
   0.0331    4.9098 ^ reducedSum_nextLevel_adder_2/_1316_/ZN (MAOI222D0BWP30P140)
   0.0185    4.9283 v reducedSum_nextLevel_adder_2/_1334_/ZN (AOI21D0BWP30P140)
   0.0284    4.9567 ^ reducedSum_nextLevel_adder_2/_1336_/ZN (MAOI222D0BWP30P140)
   0.0279    4.9846 ^ reducedSum_nextLevel_adder_2/_1363_/Z (AO21D0BWP30P140)
   0.0161    5.0007 v reducedSum_nextLevel_adder_2/_1367_/ZN (AOI211D0BWP30P140)
   0.0299    5.0306 v reducedSum_nextLevel_adder_2/_1369_/ZN (IAO21D0BWP30P140)
   0.0251    5.0557 v reducedSum_nextLevel_adder_2/_1370_/Z (OR2D0BWP30P140)
   0.2730    5.3287 ^ reducedSum_nextLevel_adder_2/_1450_/ZN (OAI31D0BWP30P140)
   0.0665    5.3952 ^ reducedSum_nextLevel_adder_2/_1555_/Z (MUX4D0BWP30P140)
   0.0446    5.4398 ^ reducedSum_nextLevel_adder_2/_1583_/Z (AN4D0BWP30P140)
   0.0382    5.4781 v reducedSum_nextLevel_adder_2/_1586_/ZN (ND4D0BWP30P140)
   0.0543    5.5324 ^ reducedSum_nextLevel_adder_2/_1589_/ZN (INR4D0BWP30P140)
   0.0491    5.5814 ^ reducedSum_nextLevel_adder_2/_1597_/Z (AN4D0BWP30P140)
   0.0361    5.6176 v reducedSum_nextLevel_adder_2/_1607_/ZN (ND4D0BWP30P140)
   0.0492    5.6668 v reducedSum_nextLevel_adder_2/_1610_/ZN (IND4D0BWP30P140)
   0.0279    5.6947 ^ reducedSum_nextLevel_adder_2/_1611_/ZN (NR3D0BWP30P140)
   0.0209    5.7156 v reducedSum_nextLevel_adder_2/_1612_/ZN (IND2D0BWP30P140)
   0.0383    5.7539 v reducedSum_nextLevel_adder_2/_1614_/ZN (IND3D0BWP30P140)
   0.0381    5.7920 ^ reducedSum_nextLevel_adder_2/_1616_/ZN (MAOI222D0BWP30P140)
   0.0323    5.8243 v reducedSum_nextLevel_adder_2/_1621_/ZN (IND4D0BWP30P140)
   0.0252    5.8494 ^ reducedSum_nextLevel_adder_2/_1626_/ZN (AOI21D0BWP30P140)
   0.0235    5.8729 v reducedSum_nextLevel_adder_2/_1628_/ZN (OAI21D0BWP30P140)
   0.0265    5.8994 v reducedSum_nextLevel_adder_2/_1629_/Z (AN2D0BWP30P140)
   0.0217    5.9211 ^ reducedSum_nextLevel_adder_2/_1634_/ZN (AOI22D0BWP30P140)
   0.0272    5.9484 v reducedSum_nextLevel_adder_2/_1635_/ZN (OAI31D0BWP30P140)
   0.0404    5.9888 v reducedSum_nextLevel_adder_2/_1655_/Z (AO21D0BWP30P140)
   0.0304    6.0191 ^ reducedSum_nextLevel_adder_2/_1660_/ZN (NR2D0BWP30P140)
   0.0222    6.0413 v accAdder/_0893_/ZN (XNR2UD0BWP30P140)
   0.0302    6.0714 ^ accAdder/_0895_/ZN (AOI21D0BWP30P140)
   0.0300    6.1015 v accAdder/_0897_/ZN (MAOI222D0BWP30P140)
   0.0350    6.1364 ^ accAdder/_0910_/ZN (MAOI222D0BWP30P140)
   0.0242    6.1607 v accAdder/_0911_/ZN (OAI21D0BWP30P140)
   0.0322    6.1929 ^ accAdder/_0912_/ZN (MAOI222D0BWP30P140)
   0.0294    6.2223 v accAdder/_0913_/ZN (MAOI222D0BWP30P140)
   0.0253    6.2476 v accAdder/_0924_/Z (XOR2UD0BWP30P140)
   0.0237    6.2713 ^ accAdder/_0925_/ZN (NR2D0BWP30P140)
   0.0205    6.2919 ^ accAdder/_0926_/Z (AN2D0BWP30P140)
   0.3865    6.6784 v accAdder/_0983_/ZN (AOI31D0BWP30P140)
   0.1685    6.8468 ^ accAdder/_0996_/ZN (AOI211D0BWP30P140)
   0.1218    6.9687 v accAdder/_0998_/ZN (NR2D0BWP30P140)
   0.0651    7.0338 ^ accAdder/_1156_/ZN (AOI211D0BWP30P140)
   0.0215    7.0552 v accAdder/_1197_/ZN (OAI33D0BWP30P140)
   0.0337    7.0889 ^ accAdder/_1198_/ZN (AOI22D0BWP30P140)
   0.0348    7.1238 v accAdder/_1200_/ZN (ND4D0BWP30P140)
   0.0339    7.1577 ^ accAdder/_1211_/ZN (OAI31D0BWP30P140)
   0.0260    7.1836 v accAdder/_1213_/ZN (MAOI222D0BWP30P140)
   0.0321    7.2157 ^ accAdder/_1215_/ZN (MAOI222D0BWP30P140)
   0.0273    7.2430 ^ accAdder/_1217_/Z (AO21D0BWP30P140)
   0.0222    7.2652 v accAdder/_1219_/ZN (MAOI222D0BWP30P140)
   0.0257    7.2908 v accAdder/_1222_/Z (OA21D0BWP30P140)
   0.0202    7.3110 v accAdder/_1225_/ZN (IAO21D0BWP30P140)
   0.0170    7.3280 ^ accAdder/_1227_/ZN (OAI21D0BWP30P140)
   0.0169    7.3449 v accAdder/_1229_/ZN (AOI21D0BWP30P140)
   0.0295    7.3744 ^ accAdder/_1237_/ZN (MAOI222D0BWP30P140)
   0.0268    7.4012 ^ accAdder/_1248_/Z (AO21D0BWP30P140)
   0.0229    7.4241 v accAdder/_1258_/ZN (MAOI222D0BWP30P140)
   0.0342    7.4583 ^ accAdder/_1270_/ZN (MAOI222D0BWP30P140)
   0.0262    7.4845 ^ accAdder/_1274_/Z (AO21D0BWP30P140)
   0.0149    7.4994 v accAdder/_1291_/ZN (AOI21D0BWP30P140)
   0.0313    7.5307 ^ accAdder/_1295_/ZN (MAOI222D0BWP30P140)
   0.0285    7.5592 v accAdder/_1314_/ZN (MAOI222D0BWP30P140)
   0.0331    7.5923 ^ accAdder/_1316_/ZN (MAOI222D0BWP30P140)
   0.0185    7.6108 v accAdder/_1334_/ZN (AOI21D0BWP30P140)
   0.0284    7.6392 ^ accAdder/_1336_/ZN (MAOI222D0BWP30P140)
   0.0279    7.6671 ^ accAdder/_1363_/Z (AO21D0BWP30P140)
   0.0161    7.6832 v accAdder/_1367_/ZN (AOI211D0BWP30P140)
   0.0299    7.7131 v accAdder/_1369_/ZN (IAO21D0BWP30P140)
   0.0251    7.7382 v accAdder/_1370_/Z (OR2D0BWP30P140)
   0.2730    8.0112 ^ accAdder/_1450_/ZN (OAI31D0BWP30P140)
   0.0665    8.0777 ^ accAdder/_1555_/Z (MUX4D0BWP30P140)
   0.0446    8.1223 ^ accAdder/_1583_/Z (AN4D0BWP30P140)
   0.0382    8.1606 v accAdder/_1586_/ZN (ND4D0BWP30P140)
   0.0543    8.2149 ^ accAdder/_1589_/ZN (INR4D0BWP30P140)
   0.0491    8.2640 ^ accAdder/_1597_/Z (AN4D0BWP30P140)
   0.0361    8.3001 v accAdder/_1607_/ZN (ND4D0BWP30P140)
   0.0492    8.3493 v accAdder/_1610_/ZN (IND4D0BWP30P140)
   0.0279    8.3772 ^ accAdder/_1611_/ZN (NR3D0BWP30P140)
   0.0209    8.3981 v accAdder/_1612_/ZN (IND2D0BWP30P140)
   0.0383    8.4364 v accAdder/_1614_/ZN (IND3D0BWP30P140)
   0.0381    8.4745 ^ accAdder/_1616_/ZN (MAOI222D0BWP30P140)
   0.0323    8.5068 v accAdder/_1621_/ZN (IND4D0BWP30P140)
   0.0252    8.5319 ^ accAdder/_1626_/ZN (AOI21D0BWP30P140)
   0.0235    8.5554 v accAdder/_1628_/ZN (OAI21D0BWP30P140)
   0.0265    8.5819 v accAdder/_1629_/Z (AN2D0BWP30P140)
   0.0217    8.6036 ^ accAdder/_1634_/ZN (AOI22D0BWP30P140)
   0.0272    8.6309 v accAdder/_1635_/ZN (OAI31D0BWP30P140)
   0.0799    8.7108 v accAdder/_1666_/Z (AO211D0BWP30P140)
   0.0421    8.7529 ^ accAdder/_1712_/ZN (AOI211D0BWP30P140)
   0.0261    8.7789 ^ _061_/Z (AO22D0BWP30P140)
   0.0000    8.7789 ^ _069_/D (DFCNQD1BWP30P140)
             8.7789   data arrival time

  20.0000   20.0000   clock CORE_CLK (rise edge)
   0.0000   20.0000   clock network delay (ideal)
  -0.0500   19.9500   clock uncertainty
   0.0000   19.9500   clock reconvergence pessimism
            19.9500 ^ _069_/CP (DFCNQD1BWP30P140)
  -0.0174   19.9326   library setup time
            19.9326   data required time
-------------------------------------------------------------
            19.9326   data required time
            -8.7789   data arrival time
-------------------------------------------------------------
            11.1537   slack (MET)


