Startpoint: reset (input port clocked by CORE_CLK)
Endpoint: _068_ (recovery check against rising-edge clock CORE_CLK)
Path Group: asynchronous
Path Type: max

    Delay      Time   Description
-------------------------------------------------------------
   0.0000    0.0000   clock CORE_CLK (rise edge)
   0.0000    0.0000   clock network delay (ideal)
   0.0000    0.0000 ^ input external delay
   0.0000    0.0000 ^ reset (in)
   0.0000    0.0000 ^ _068_/CDN (DFCNQD1BWP30P140)
             0.0000   data arrival time

  20.0000   20.0000   clock CORE_CLK (rise edge)
   0.0000   20.0000   clock network delay (ideal)
  -0.0500   19.9500   clock uncertainty
   0.0000   19.9500   clock reconvergence pessimism
            19.9500 ^ _068_/CP (DFCNQD1BWP30P140)
   0.0258   19.9758   library recovery time
            19.9758   data required time
-------------------------------------------------------------
            19.9758   data required time
            -0.0000   data arrival time
-------------------------------------------------------------
            19.9758   slack (MET)


Startpoint: io_share_exp_B_i[5] (input port clocked by CORE_CLK)
Endpoint: _070_ (rising edge-triggered flip-flop clocked by CORE_CLK)
Path Group: CORE_CLK
Path Type: max

    Delay      Time   Description
-------------------------------------------------------------
   0.0000    0.0000   clock CORE_CLK (rise edge)
   0.0000    0.0000   clock network delay (ideal)
   0.0000    0.0000 v input external delay
   0.0000    0.0000 v io_share_exp_B_i[5] (in)
   0.0439    0.0439 v reducedSum_sa_1/_388_/Z (OR4D0BWP30P140)
   0.0174    0.0613 ^ reducedSum_sa_1/_389_/ZN (CKND2D0BWP30P140)
   0.0297    0.0911 ^ reducedSum_sa_1/_391_/ZN (XNR3UD0BWP30P140)
   0.0325    0.1235 ^ reducedSum_sa_1/_393_/ZN (XNR3UD0BWP30P140)
   0.0397    0.1633 ^ reducedSum_sa_1/_394_/ZN (XNR3UD0BWP30P140)
   0.0315    0.1947 v reducedSum_sa_1/_397_/ZN (MAOI222D0BWP30P140)
   0.0762    0.2709 ^ reducedSum_sa_1/_410_/Z (XOR3UD0BWP30P140)
   0.0415    0.3124 v reducedSum_sa_1/_421_/ZN (ND4D0BWP30P140)
   0.0412    0.3536 ^ reducedSum_sa_1/_425_/ZN (AOI32D0BWP30P140)
   0.0507    0.4044 ^ reducedSum_sa_1/_455_/ZN (XNR4D0BWP30P140)
   0.0329    0.4372 ^ reducedSum_sa_1/_501_/ZN (XNR2UD0BWP30P140)
   0.0280    0.4652 v reducedSum_sa_1/_527_/ZN (MAOI222D0BWP30P140)
   0.0372    0.5025 ^ reducedSum_sa_1/_528_/ZN (MAOI222D0BWP30P140)
   0.0324    0.5348 v reducedSum_sa_1/_558_/ZN (MAOI222D0BWP30P140)
   0.0339    0.5687 ^ reducedSum_sa_1/_641_/ZN (MAOI222D0BWP30P140)
   0.0307    0.5994 v reducedSum_sa_1/_642_/ZN (MAOI222D0BWP30P140)
   0.0394    0.6388 ^ reducedSum_sa_1/_644_/ZN (MAOI222D0BWP30P140)
   0.0318    0.6705 v reducedSum_sa_1/_646_/ZN (MAOI222D0BWP30P140)
   0.0396    0.7102 ^ reducedSum_sa_1/_648_/ZN (MAOI222D0BWP30P140)
   0.0216    0.7318 v reducedSum_sa_1/_652_/Z (XOR2UD0BWP30P140)
   0.0313    0.7631 v reducedSum_reduced_nextLevel_adder/_507_/Z (XOR2UD0BWP30P140)
   0.0278    0.7909 ^ reducedSum_reduced_nextLevel_adder/_508_/ZN (NR4D0BWP30P140)
   0.0237    0.8146 v reducedSum_reduced_nextLevel_adder/_511_/ZN (OAI211D0BWP30P140)
   0.2599    1.0745 ^ reducedSum_reduced_nextLevel_adder/_526_/ZN (AOI21D0BWP30P140)
   0.0434    1.1180 v reducedSum_reduced_nextLevel_adder/_596_/ZN (MUX2ND0BWP30P140)
   0.0609    1.1789 ^ reducedSum_reduced_nextLevel_adder/_598_/ZN (MUX4ND0BWP30P140)
   0.0229    1.2018 v reducedSum_reduced_nextLevel_adder/_599_/ZN (MUX3ND0BWP30P140)
   0.0360    1.2378 ^ reducedSum_reduced_nextLevel_adder/_661_/ZN (OAI22D0BWP30P140)
   0.0235    1.2614 v reducedSum_reduced_nextLevel_adder/_740_/ZN (AOI22D0BWP30P140)
   0.0264    1.2878 ^ reducedSum_reduced_nextLevel_adder/_741_/ZN (OAI31D0BWP30P140)
   0.0188    1.3065 v reducedSum_reduced_nextLevel_adder/_742_/ZN (AOI21D0BWP30P140)
   0.0189    1.3254 ^ reducedSum_reduced_nextLevel_adder/_743_/ZN (OAI21D0BWP30P140)
   0.0237    1.3492 v reducedSum_reduced_nextLevel_adder/_744_/ZN (MAOI222D0BWP30P140)
   0.0384    1.3876 ^ reducedSum_reduced_nextLevel_adder/_745_/ZN (MAOI222D0BWP30P140)
   0.0300    1.4176 ^ reducedSum_reduced_nextLevel_adder/_746_/Z (AO211D0BWP30P140)
   0.0211    1.4387 v reducedSum_reduced_nextLevel_adder/_747_/ZN (AOI31D0BWP30P140)
   0.0243    1.4630 v reducedSum_reduced_nextLevel_adder/_748_/ZN (IND2D0BWP30P140)
   0.0294    1.4924 v reducedSum_reduced_nextLevel_adder/_751_/ZN (MOAI22D0BWP30P140)
   0.0289    1.5213 ^ reducedSum_reduced_nextLevel_adder/_752_/ZN (MAOI222D0BWP30P140)
   0.0259    1.5472 ^ reducedSum_reduced_nextLevel_adder/_753_/Z (AO21D0BWP30P140)
   0.0236    1.5707 ^ reducedSum_reduced_nextLevel_adder/_755_/Z (OA21D0BWP30P140)
   0.0181    1.5888 ^ reducedSum_reduced_nextLevel_adder/_756_/ZN (INR2D0BWP30P140)
   0.0173    1.6061 v reducedSum_reduced_nextLevel_adder/_757_/ZN (AOI31D0BWP30P140)
   0.0764    1.6825 v reducedSum_reduced_nextLevel_adder/_758_/Z (AN2D0BWP30P140)
   0.0430    1.7256 v reducedSum_reduced_nextLevel_adder/_786_/ZN (MUX2ND0BWP30P140)
   0.0334    1.7590 ^ reducedSum_reduced_nextLevel_adder/_793_/ZN (NR4D0BWP30P140)
   0.0499    1.8089 v reducedSum_reduced_nextLevel_adder/_807_/ZN (ND4D0BWP30P140)
   0.0419    1.8508 ^ reducedSum_reduced_nextLevel_adder/_826_/ZN (NR4D0BWP30P140)
   0.0429    1.8937 v reducedSum_reduced_nextLevel_adder/_839_/ZN (ND4D0BWP30P140)
   0.0313    1.9250 ^ reducedSum_reduced_nextLevel_adder/_901_/ZN (NR4D0BWP30P140)
   0.0094    1.9345 v reducedSum_reduced_nextLevel_adder/_916_/ZN (IAO21D0BWP30P140)
   0.0288    1.9633 v reducedSum_reduced_nextLevel_adder/_917_/Z (XOR2UD0BWP30P140)
   0.0377    2.0010 v reducedSum_reduced_nextLevel_adder_16/_473_/ZN (XNR2UD0BWP30P140)
   0.0334    2.0344 ^ reducedSum_reduced_nextLevel_adder_16/_474_/ZN (AOI21D0BWP30P140)
   0.0356    2.0700 ^ reducedSum_reduced_nextLevel_adder_16/_478_/Z (OA211D0BWP30P140)
   0.0195    2.0895 v reducedSum_reduced_nextLevel_adder_16/_480_/ZN (OAI31D0BWP30P140)
   0.0411    2.1306 ^ reducedSum_reduced_nextLevel_adder_16/_481_/ZN (MAOI222D0BWP30P140)
   0.0240    2.1546 v reducedSum_reduced_nextLevel_adder_16/_483_/Z (XOR2UD0BWP30P140)
   0.2673    2.4219 ^ reducedSum_reduced_nextLevel_adder_16/_526_/ZN (AOI21D0BWP30P140)
   0.0434    2.4653 v reducedSum_reduced_nextLevel_adder_16/_596_/ZN (MUX2ND0BWP30P140)
   0.0609    2.5263 ^ reducedSum_reduced_nextLevel_adder_16/_598_/ZN (MUX4ND0BWP30P140)
   0.0229    2.5492 v reducedSum_reduced_nextLevel_adder_16/_599_/ZN (MUX3ND0BWP30P140)
   0.0360    2.5852 ^ reducedSum_reduced_nextLevel_adder_16/_661_/ZN (OAI22D0BWP30P140)
   0.0235    2.6088 v reducedSum_reduced_nextLevel_adder_16/_740_/ZN (AOI22D0BWP30P140)
   0.0264    2.6351 ^ reducedSum_reduced_nextLevel_adder_16/_741_/ZN (OAI31D0BWP30P140)
   0.0188    2.6539 v reducedSum_reduced_nextLevel_adder_16/_742_/ZN (AOI21D0BWP30P140)
   0.0189    2.6728 ^ reducedSum_reduced_nextLevel_adder_16/_743_/ZN (OAI21D0BWP30P140)
   0.0237    2.6965 v reducedSum_reduced_nextLevel_adder_16/_744_/ZN (MAOI222D0BWP30P140)
   0.0384    2.7350 ^ reducedSum_reduced_nextLevel_adder_16/_745_/ZN (MAOI222D0BWP30P140)
   0.0300    2.7650 ^ reducedSum_reduced_nextLevel_adder_16/_746_/Z (AO211D0BWP30P140)
   0.0211    2.7861 v reducedSum_reduced_nextLevel_adder_16/_747_/ZN (AOI31D0BWP30P140)
   0.0243    2.8104 v reducedSum_reduced_nextLevel_adder_16/_748_/ZN (IND2D0BWP30P140)
   0.0294    2.8398 v reducedSum_reduced_nextLevel_adder_16/_751_/ZN (MOAI22D0BWP30P140)
   0.0289    2.8687 ^ reducedSum_reduced_nextLevel_adder_16/_752_/ZN (MAOI222D0BWP30P140)
   0.0259    2.8945 ^ reducedSum_reduced_nextLevel_adder_16/_753_/Z (AO21D0BWP30P140)
   0.0236    2.9181 ^ reducedSum_reduced_nextLevel_adder_16/_755_/Z (OA21D0BWP30P140)
   0.0181    2.9362 ^ reducedSum_reduced_nextLevel_adder_16/_756_/ZN (INR2D0BWP30P140)
   0.0173    2.9535 v reducedSum_reduced_nextLevel_adder_16/_757_/ZN (AOI31D0BWP30P140)
   0.0764    3.0299 v reducedSum_reduced_nextLevel_adder_16/_758_/Z (AN2D0BWP30P140)
   0.0430    3.0729 v reducedSum_reduced_nextLevel_adder_16/_786_/ZN (MUX2ND0BWP30P140)
   0.0334    3.1063 ^ reducedSum_reduced_nextLevel_adder_16/_793_/ZN (NR4D0BWP30P140)
   0.0499    3.1563 v reducedSum_reduced_nextLevel_adder_16/_807_/ZN (ND4D0BWP30P140)
   0.0419    3.1982 ^ reducedSum_reduced_nextLevel_adder_16/_826_/ZN (NR4D0BWP30P140)
   0.0429    3.2411 v reducedSum_reduced_nextLevel_adder_16/_839_/ZN (ND4D0BWP30P140)
   0.0313    3.2724 ^ reducedSum_reduced_nextLevel_adder_16/_901_/ZN (NR4D0BWP30P140)
   0.0094    3.2818 v reducedSum_reduced_nextLevel_adder_16/_916_/ZN (IAO21D0BWP30P140)
   0.0288    3.3107 v reducedSum_reduced_nextLevel_adder_16/_917_/Z (XOR2UD0BWP30P140)
   0.0377    3.3483 v reducedSum_reduced_nextLevel_adder_24/_473_/ZN (XNR2UD0BWP30P140)
   0.0334    3.3818 ^ reducedSum_reduced_nextLevel_adder_24/_474_/ZN (AOI21D0BWP30P140)
   0.0356    3.4174 ^ reducedSum_reduced_nextLevel_adder_24/_478_/Z (OA211D0BWP30P140)
   0.0195    3.4369 v reducedSum_reduced_nextLevel_adder_24/_480_/ZN (OAI31D0BWP30P140)
   0.0411    3.4779 ^ reducedSum_reduced_nextLevel_adder_24/_481_/ZN (MAOI222D0BWP30P140)
   0.0240    3.5020 v reducedSum_reduced_nextLevel_adder_24/_483_/Z (XOR2UD0BWP30P140)
   0.2673    3.7693 ^ reducedSum_reduced_nextLevel_adder_24/_526_/ZN (AOI21D0BWP30P140)
   0.0434    3.8127 v reducedSum_reduced_nextLevel_adder_24/_596_/ZN (MUX2ND0BWP30P140)
   0.0609    3.8736 ^ reducedSum_reduced_nextLevel_adder_24/_598_/ZN (MUX4ND0BWP30P140)
   0.0229    3.8966 v reducedSum_reduced_nextLevel_adder_24/_599_/ZN (MUX3ND0BWP30P140)
   0.0360    3.9326 ^ reducedSum_reduced_nextLevel_adder_24/_661_/ZN (OAI22D0BWP30P140)
   0.0235    3.9561 v reducedSum_reduced_nextLevel_adder_24/_740_/ZN (AOI22D0BWP30P140)
   0.0264    3.9825 ^ reducedSum_reduced_nextLevel_adder_24/_741_/ZN (OAI31D0BWP30P140)
   0.0188    4.0013 v reducedSum_reduced_nextLevel_adder_24/_742_/ZN (AOI21D0BWP30P140)
   0.0189    4.0202 ^ reducedSum_reduced_nextLevel_adder_24/_743_/ZN (OAI21D0BWP30P140)
   0.0237    4.0439 v reducedSum_reduced_nextLevel_adder_24/_744_/ZN (MAOI222D0BWP30P140)
   0.0384    4.0823 ^ reducedSum_reduced_nextLevel_adder_24/_745_/ZN (MAOI222D0BWP30P140)
   0.0300    4.1123 ^ reducedSum_reduced_nextLevel_adder_24/_746_/Z (AO211D0BWP30P140)
   0.0211    4.1335 v reducedSum_reduced_nextLevel_adder_24/_747_/ZN (AOI31D0BWP30P140)
   0.0243    4.1577 v reducedSum_reduced_nextLevel_adder_24/_748_/ZN (IND2D0BWP30P140)
   0.0294    4.1871 v reducedSum_reduced_nextLevel_adder_24/_751_/ZN (MOAI22D0BWP30P140)
   0.0289    4.2161 ^ reducedSum_reduced_nextLevel_adder_24/_752_/ZN (MAOI222D0BWP30P140)
   0.0259    4.2419 ^ reducedSum_reduced_nextLevel_adder_24/_753_/Z (AO21D0BWP30P140)
   0.0236    4.2655 ^ reducedSum_reduced_nextLevel_adder_24/_755_/Z (OA21D0BWP30P140)
   0.0181    4.2836 ^ reducedSum_reduced_nextLevel_adder_24/_756_/ZN (INR2D0BWP30P140)
   0.0173    4.3009 v reducedSum_reduced_nextLevel_adder_24/_757_/ZN (AOI31D0BWP30P140)
   0.0764    4.3773 v reducedSum_reduced_nextLevel_adder_24/_758_/Z (AN2D0BWP30P140)
   0.0430    4.4203 v reducedSum_reduced_nextLevel_adder_24/_786_/ZN (MUX2ND0BWP30P140)
   0.0334    4.4537 ^ reducedSum_reduced_nextLevel_adder_24/_793_/ZN (NR4D0BWP30P140)
   0.0499    4.5037 v reducedSum_reduced_nextLevel_adder_24/_807_/ZN (ND4D0BWP30P140)
   0.0419    4.5456 ^ reducedSum_reduced_nextLevel_adder_24/_826_/ZN (NR4D0BWP30P140)
   0.0429    4.5885 v reducedSum_reduced_nextLevel_adder_24/_839_/ZN (ND4D0BWP30P140)
   0.0313    4.6198 ^ reducedSum_reduced_nextLevel_adder_24/_901_/ZN (NR4D0BWP30P140)
   0.0094    4.6292 v reducedSum_reduced_nextLevel_adder_24/_916_/ZN (IAO21D0BWP30P140)
   0.0288    4.6580 v reducedSum_reduced_nextLevel_adder_24/_917_/Z (XOR2UD0BWP30P140)
   0.0377    4.6957 v reducedSum_reduced_nextLevel_adder_28/_473_/ZN (XNR2UD0BWP30P140)
   0.0334    4.7291 ^ reducedSum_reduced_nextLevel_adder_28/_474_/ZN (AOI21D0BWP30P140)
   0.0356    4.7647 ^ reducedSum_reduced_nextLevel_adder_28/_478_/Z (OA211D0BWP30P140)
   0.0195    4.7842 v reducedSum_reduced_nextLevel_adder_28/_480_/ZN (OAI31D0BWP30P140)
   0.0411    4.8253 ^ reducedSum_reduced_nextLevel_adder_28/_481_/ZN (MAOI222D0BWP30P140)
   0.0240    4.8493 v reducedSum_reduced_nextLevel_adder_28/_483_/Z (XOR2UD0BWP30P140)
   0.2673    5.1167 ^ reducedSum_reduced_nextLevel_adder_28/_526_/ZN (AOI21D0BWP30P140)
   0.0434    5.1601 v reducedSum_reduced_nextLevel_adder_28/_596_/ZN (MUX2ND0BWP30P140)
   0.0609    5.2210 ^ reducedSum_reduced_nextLevel_adder_28/_598_/ZN (MUX4ND0BWP30P140)
   0.0229    5.2440 v reducedSum_reduced_nextLevel_adder_28/_599_/ZN (MUX3ND0BWP30P140)
   0.0360    5.2800 ^ reducedSum_reduced_nextLevel_adder_28/_661_/ZN (OAI22D0BWP30P140)
   0.0235    5.3035 v reducedSum_reduced_nextLevel_adder_28/_740_/ZN (AOI22D0BWP30P140)
   0.0264    5.3299 ^ reducedSum_reduced_nextLevel_adder_28/_741_/ZN (OAI31D0BWP30P140)
   0.0188    5.3486 v reducedSum_reduced_nextLevel_adder_28/_742_/ZN (AOI21D0BWP30P140)
   0.0189    5.3675 ^ reducedSum_reduced_nextLevel_adder_28/_743_/ZN (OAI21D0BWP30P140)
   0.0237    5.3913 v reducedSum_reduced_nextLevel_adder_28/_744_/ZN (MAOI222D0BWP30P140)
   0.0384    5.4297 ^ reducedSum_reduced_nextLevel_adder_28/_745_/ZN (MAOI222D0BWP30P140)
   0.0300    5.4597 ^ reducedSum_reduced_nextLevel_adder_28/_746_/Z (AO211D0BWP30P140)
   0.0211    5.4808 v reducedSum_reduced_nextLevel_adder_28/_747_/ZN (AOI31D0BWP30P140)
   0.0243    5.5051 v reducedSum_reduced_nextLevel_adder_28/_748_/ZN (IND2D0BWP30P140)
   0.0294    5.5345 v reducedSum_reduced_nextLevel_adder_28/_751_/ZN (MOAI22D0BWP30P140)
   0.0289    5.5634 ^ reducedSum_reduced_nextLevel_adder_28/_752_/ZN (MAOI222D0BWP30P140)
   0.0259    5.5893 ^ reducedSum_reduced_nextLevel_adder_28/_753_/Z (AO21D0BWP30P140)
   0.0236    5.6128 ^ reducedSum_reduced_nextLevel_adder_28/_755_/Z (OA21D0BWP30P140)
   0.0181    5.6309 ^ reducedSum_reduced_nextLevel_adder_28/_756_/ZN (INR2D0BWP30P140)
   0.0173    5.6483 v reducedSum_reduced_nextLevel_adder_28/_757_/ZN (AOI31D0BWP30P140)
   0.0764    5.7246 v reducedSum_reduced_nextLevel_adder_28/_758_/Z (AN2D0BWP30P140)
   0.0430    5.7677 v reducedSum_reduced_nextLevel_adder_28/_786_/ZN (MUX2ND0BWP30P140)
   0.0334    5.8011 ^ reducedSum_reduced_nextLevel_adder_28/_793_/ZN (NR4D0BWP30P140)
   0.0499    5.8510 v reducedSum_reduced_nextLevel_adder_28/_807_/ZN (ND4D0BWP30P140)
   0.0419    5.8930 ^ reducedSum_reduced_nextLevel_adder_28/_826_/ZN (NR4D0BWP30P140)
   0.0429    5.9358 v reducedSum_reduced_nextLevel_adder_28/_839_/ZN (ND4D0BWP30P140)
   0.0313    5.9671 ^ reducedSum_reduced_nextLevel_adder_28/_901_/ZN (NR4D0BWP30P140)
   0.0094    5.9766 v reducedSum_reduced_nextLevel_adder_28/_916_/ZN (IAO21D0BWP30P140)
   0.0288    6.0054 v reducedSum_reduced_nextLevel_adder_28/_917_/Z (XOR2UD0BWP30P140)
   0.0377    6.0431 v reducedSum_reduced_nextLevel_adder_30/_473_/ZN (XNR2UD0BWP30P140)
   0.0334    6.0765 ^ reducedSum_reduced_nextLevel_adder_30/_474_/ZN (AOI21D0BWP30P140)
   0.0356    6.1121 ^ reducedSum_reduced_nextLevel_adder_30/_478_/Z (OA211D0BWP30P140)
   0.0195    6.1316 v reducedSum_reduced_nextLevel_adder_30/_480_/ZN (OAI31D0BWP30P140)
   0.0411    6.1727 ^ reducedSum_reduced_nextLevel_adder_30/_481_/ZN (MAOI222D0BWP30P140)
   0.0240    6.1967 v reducedSum_reduced_nextLevel_adder_30/_483_/Z (XOR2UD0BWP30P140)
   0.2673    6.4640 ^ reducedSum_reduced_nextLevel_adder_30/_526_/ZN (AOI21D0BWP30P140)
   0.0434    6.5075 v reducedSum_reduced_nextLevel_adder_30/_596_/ZN (MUX2ND0BWP30P140)
   0.0609    6.5684 ^ reducedSum_reduced_nextLevel_adder_30/_598_/ZN (MUX4ND0BWP30P140)
   0.0229    6.5913 v reducedSum_reduced_nextLevel_adder_30/_599_/ZN (MUX3ND0BWP30P140)
   0.0360    6.6273 ^ reducedSum_reduced_nextLevel_adder_30/_661_/ZN (OAI22D0BWP30P140)
   0.0235    6.6509 v reducedSum_reduced_nextLevel_adder_30/_740_/ZN (AOI22D0BWP30P140)
   0.0264    6.6772 ^ reducedSum_reduced_nextLevel_adder_30/_741_/ZN (OAI31D0BWP30P140)
   0.0188    6.6960 v reducedSum_reduced_nextLevel_adder_30/_742_/ZN (AOI21D0BWP30P140)
   0.0189    6.7149 ^ reducedSum_reduced_nextLevel_adder_30/_743_/ZN (OAI21D0BWP30P140)
   0.0237    6.7387 v reducedSum_reduced_nextLevel_adder_30/_744_/ZN (MAOI222D0BWP30P140)
   0.0384    6.7771 ^ reducedSum_reduced_nextLevel_adder_30/_745_/ZN (MAOI222D0BWP30P140)
   0.0300    6.8071 ^ reducedSum_reduced_nextLevel_adder_30/_746_/Z (AO211D0BWP30P140)
   0.0211    6.8282 v reducedSum_reduced_nextLevel_adder_30/_747_/ZN (AOI31D0BWP30P140)
   0.0243    6.8525 v reducedSum_reduced_nextLevel_adder_30/_748_/ZN (IND2D0BWP30P140)
   0.0294    6.8819 v reducedSum_reduced_nextLevel_adder_30/_751_/ZN (MOAI22D0BWP30P140)
   0.0289    6.9108 ^ reducedSum_reduced_nextLevel_adder_30/_752_/ZN (MAOI222D0BWP30P140)
   0.0259    6.9367 ^ reducedSum_reduced_nextLevel_adder_30/_753_/Z (AO21D0BWP30P140)
   0.0236    6.9602 ^ reducedSum_reduced_nextLevel_adder_30/_755_/Z (OA21D0BWP30P140)
   0.0181    6.9783 ^ reducedSum_reduced_nextLevel_adder_30/_756_/ZN (INR2D0BWP30P140)
   0.0173    6.9956 v reducedSum_reduced_nextLevel_adder_30/_757_/ZN (AOI31D0BWP30P140)
   0.0764    7.0720 v reducedSum_reduced_nextLevel_adder_30/_758_/Z (AN2D0BWP30P140)
   0.0430    7.1151 v reducedSum_reduced_nextLevel_adder_30/_786_/ZN (MUX2ND0BWP30P140)
   0.0334    7.1485 ^ reducedSum_reduced_nextLevel_adder_30/_793_/ZN (NR4D0BWP30P140)
   0.0499    7.1984 v reducedSum_reduced_nextLevel_adder_30/_807_/ZN (ND4D0BWP30P140)
   0.0419    7.2403 ^ reducedSum_reduced_nextLevel_adder_30/_826_/ZN (NR4D0BWP30P140)
   0.0429    7.2832 v reducedSum_reduced_nextLevel_adder_30/_839_/ZN (ND4D0BWP30P140)
   0.0338    7.3171 v reducedSum_reduced_nextLevel_adder_30/_844_/Z (XOR2UD0BWP30P140)
   0.1518    7.4688 ^ reducedSum_conv/_112_/ZN (AOI211D0BWP30P140)
   0.0377    7.5065 ^ reducedSum_conv/_124_/ZN (XNR2UD0BWP30P140)
   0.0294    7.5359 v reducedSum_conv/_125_/ZN (OAI21D0BWP30P140)
   0.0256    7.5614 v reducedSum_conv/_139_/ZN (INR2D0BWP30P140)
   0.0265    7.5879 ^ reducedSum_conv/_169_/ZN (NR2D0BWP30P140)
   0.0240    7.6119 v accAdder/_0897_/ZN (XNR2UD0BWP30P140)
   0.0314    7.6432 ^ accAdder/_0899_/ZN (AOI21D0BWP30P140)
   0.0301    7.6734 v accAdder/_0901_/ZN (MAOI222D0BWP30P140)
   0.0370    7.7103 ^ accAdder/_0902_/ZN (MAOI222D0BWP30P140)
   0.0303    7.7406 v accAdder/_0903_/ZN (MAOI222D0BWP30P140)
   0.0360    7.7767 ^ accAdder/_0966_/ZN (MAOI222D0BWP30P140)
   0.0302    7.8069 v accAdder/_0968_/ZN (MAOI222D0BWP30P140)
   0.0260    7.8329 v accAdder/_0970_/ZN (XNR2UD0BWP30P140)
   0.0212    7.8541 ^ accAdder/_0971_/ZN (NR2D0BWP30P140)
   0.0257    7.8798 ^ accAdder/_0972_/Z (AN2D0BWP30P140)
   0.4170    8.2968 v accAdder/_0975_/ZN (AOI31D0BWP30P140)
   0.4192    8.7160 ^ accAdder/_0991_/ZN (AOI22D0BWP30P140)
   0.0318    8.7479 v accAdder/_1063_/ZN (CKND2D0BWP30P140)
   0.0370    8.7849 ^ accAdder/_1188_/ZN (OAI32D0BWP30P140)
   0.0151    8.7999 v accAdder/_1189_/ZN (AOI21D0BWP30P140)
   0.0396    8.8396 ^ accAdder/_1191_/ZN (OAI221D0BWP30P140)
   0.0211    8.8606 v accAdder/_1196_/ZN (OAI31D0BWP30P140)
   0.0222    8.8829 ^ accAdder/_1198_/ZN (AOI21D0BWP30P140)
   0.0256    8.9085 v accAdder/_1200_/ZN (MAOI222D0BWP30P140)
   0.0396    8.9481 ^ accAdder/_1202_/ZN (MAOI222D0BWP30P140)
   0.0257    8.9738 v accAdder/_1204_/ZN (MAOI222D0BWP30P140)
   0.0277    9.0015 ^ accAdder/_1206_/ZN (AOI21D0BWP30P140)
   0.0253    9.0268 ^ accAdder/_1209_/ZN (IAO21D0BWP30P140)
   0.0247    9.0515 v accAdder/_1211_/ZN (MAOI222D0BWP30P140)
   0.0395    9.0910 ^ accAdder/_1213_/ZN (MAOI222D0BWP30P140)
   0.0265    9.1175 v accAdder/_1221_/ZN (MAOI222D0BWP30P140)
   0.0354    9.1529 v accAdder/_1232_/Z (AO21D0BWP30P140)
   0.0261    9.1789 ^ accAdder/_1242_/ZN (MAOI222D0BWP30P140)
   0.0265    9.2054 v accAdder/_1255_/ZN (MAOI222D0BWP30P140)
   0.0315    9.2369 v accAdder/_1259_/Z (AO21D0BWP30P140)
   0.0182    9.2551 ^ accAdder/_1276_/ZN (AOI21D0BWP30P140)
   0.0258    9.2810 v accAdder/_1280_/ZN (MAOI222D0BWP30P140)
   0.0391    9.3201 ^ accAdder/_1296_/ZN (MAOI222D0BWP30P140)
   0.0262    9.3462 v accAdder/_1300_/ZN (MAOI222D0BWP30P140)
   0.0304    9.3766 ^ accAdder/_1318_/ZN (AOI21D0BWP30P140)
   0.0249    9.4015 v accAdder/_1322_/ZN (MAOI222D0BWP30P140)
   0.0364    9.4380 v accAdder/_1345_/Z (AO21D0BWP30P140)
   0.0156    9.4536 ^ accAdder/_1353_/ZN (MUX2ND0BWP30P140)
   0.0347    9.4884 ^ accAdder/_1354_/ZN (XNR2UD0BWP30P140)
   0.0288    9.5171 ^ accAdder/_1453_/ZN (MAOI22D0BWP30P140)
   0.1281    9.6452 v accAdder/_1456_/ZN (OAI211D0BWP30P140)
   0.0886    9.7338 ^ accAdder/_1531_/Z (MUX4D0BWP30P140)
   0.0194    9.7532 v accAdder/_1534_/ZN (MUX3ND0BWP30P140)
   0.0405    9.7938 ^ accAdder/_1568_/ZN (NR2D0BWP30P140)
   0.0507    9.8444 ^ accAdder/_1577_/ZN (INR4D0BWP30P140)
   0.0510    9.8955 ^ accAdder/_1582_/Z (AN4D0BWP30P140)
   0.0395    9.9349 ^ accAdder/_1590_/Z (AN4D0BWP30P140)
   0.0406    9.9755 ^ accAdder/_1601_/Z (AN4D0BWP30P140)
   0.0349   10.0104 ^ accAdder/_1603_/Z (AN3D0BWP30P140)
   0.0271   10.0375 v accAdder/_1605_/ZN (IND3D0BWP30P140)
   0.0379   10.0755 v accAdder/_1606_/Z (OR3D0BWP30P140)
   0.0368   10.1123 ^ accAdder/_1608_/ZN (INR3D0BWP30P140)
   0.0364   10.1487 v accAdder/_1611_/ZN (MAOI222D0BWP30P140)
   0.0357   10.1844 ^ accAdder/_1616_/ZN (NR4D0BWP30P140)
   0.0219   10.2063 v accAdder/_1619_/ZN (OAI31D0BWP30P140)
   0.0327   10.2390 v accAdder/_1621_/Z (AO21D0BWP30P140)
   0.0312   10.2702 ^ accAdder/_1623_/ZN (AOI21D0BWP30P140)
   0.0237   10.2939 v accAdder/_1626_/ZN (OAI21D0BWP30P140)
   0.0215   10.3153 v accAdder/_1658_/Z (AN3D0BWP30P140)
   0.0613   10.3766 v accAdder/_1659_/Z (OR3D0BWP30P140)
   0.0420   10.4186 ^ accAdder/_1703_/ZN (AOI211D0BWP30P140)
   0.0261   10.4447 ^ _060_/Z (AO22D0BWP30P140)
   0.0000   10.4447 ^ _070_/D (DFCNQD1BWP30P140)
            10.4447   data arrival time

  20.0000   20.0000   clock CORE_CLK (rise edge)
   0.0000   20.0000   clock network delay (ideal)
  -0.0500   19.9500   clock uncertainty
   0.0000   19.9500   clock reconvergence pessimism
            19.9500 ^ _070_/CP (DFCNQD1BWP30P140)
  -0.0174   19.9326   library setup time
            19.9326   data required time
-------------------------------------------------------------
            19.9326   data required time
           -10.4447   data arrival time
-------------------------------------------------------------
             9.4880   slack (MET)


