Startpoint: reset (input port clocked by CORE_CLK)
Endpoint: _068_ (recovery check against rising-edge clock CORE_CLK)
Path Group: asynchronous
Path Type: max

    Delay      Time   Description
-------------------------------------------------------------
   0.0000    0.0000   clock CORE_CLK (rise edge)
   0.0000    0.0000   clock network delay (ideal)
   0.0000    0.0000 ^ input external delay
   0.0000    0.0000 ^ reset (in)
   0.0000    0.0000 ^ _068_/CDN (DFCNQD1BWP30P140)
             0.0000   data arrival time

  20.0000   20.0000   clock CORE_CLK (rise edge)
   0.0000   20.0000   clock network delay (ideal)
  -0.0500   19.9500   clock uncertainty
   0.0000   19.9500   clock reconvergence pessimism
            19.9500 ^ _068_/CP (DFCNQD1BWP30P140)
   0.0258   19.9758   library recovery time
            19.9758   data required time
-------------------------------------------------------------
            19.9758   data required time
            -0.0000   data arrival time
-------------------------------------------------------------
            19.9758   slack (MET)


Startpoint: io_op_b_i[5] (input port clocked by CORE_CLK)
Endpoint: _070_ (rising edge-triggered flip-flop clocked by CORE_CLK)
Path Group: CORE_CLK
Path Type: max

    Delay      Time   Description
-------------------------------------------------------------
   0.0000    0.0000   clock CORE_CLK (rise edge)
   0.0000    0.0000   clock network delay (ideal)
   0.0000    0.0000 v input external delay
   0.0000    0.0000 v io_op_b_i[5] (in)
   0.0155    0.0155 ^ reducedSum_op/_101_/ZN (NR3D0BWP30P140)
   0.0095    0.0250 v reducedSum_op/_166_/ZN (CKND2D0BWP30P140)
   0.0176    0.0425 v reducedSum_op/_167_/Z (AN2D0BWP30P140)
   0.0602    0.1027 v reducedSum_sa/_123_/Z (XOR3UD0BWP30P140)
   0.0611    0.1638 v reducedSum_sa/_137_/Z (XOR3UD0BWP30P140)
   0.0210    0.1848 ^ reducedSum_sa/_138_/ZN (NR2D0BWP30P140)
   0.0197    0.2045 v reducedSum_sa/_140_/ZN (OAI21D0BWP30P140)
   0.0253    0.2297 ^ reducedSum_sa/_142_/ZN (AOI21D0BWP30P140)
   0.0216    0.2513 v reducedSum_sa/_144_/ZN (OAI21D0BWP30P140)
   0.0255    0.2768 ^ reducedSum_sa/_146_/ZN (AOI21D0BWP30P140)
   0.0216    0.2983 v reducedSum_sa/_159_/ZN (OAI21D0BWP30P140)
   0.0218    0.3201 ^ reducedSum_sa/_172_/ZN (AOI21D0BWP30P140)
   0.0322    0.3523 v reducedSum_sa/_176_/ZN (OAI22D0BWP30P140)
   0.0246    0.3769 v reducedSum_reduced_nextLevel_adder/_506_/ZN (INR2D0BWP30P140)
   0.0393    0.4162 ^ reducedSum_reduced_nextLevel_adder/_519_/ZN (AOI211D0BWP30P140)
   0.0294    0.4455 ^ reducedSum_reduced_nextLevel_adder/_521_/Z (OA21D0BWP30P140)
   0.0093    0.4548 v reducedSum_reduced_nextLevel_adder/_525_/ZN (NR2D0BWP30P140)
   0.3186    0.7735 ^ reducedSum_reduced_nextLevel_adder/_587_/ZN (OAI31D0BWP30P140)
   0.0305    0.8039 v reducedSum_reduced_nextLevel_adder/_641_/ZN (MUX2ND0BWP30P140)
   0.0616    0.8655 ^ reducedSum_reduced_nextLevel_adder/_672_/ZN (MUX4ND0BWP30P140)
   0.0336    0.8991 ^ reducedSum_reduced_nextLevel_adder/_718_/Z (MUX3D0BWP30P140)
   0.0197    0.9188 v reducedSum_reduced_nextLevel_adder/_719_/ZN (AOI22D0BWP30P140)
   0.0179    0.9367 ^ reducedSum_reduced_nextLevel_adder/_723_/ZN (CKND2D0BWP30P140)
   0.0205    0.9572 v reducedSum_reduced_nextLevel_adder/_740_/ZN (OAI31D0BWP30P140)
   0.0309    0.9882 ^ reducedSum_reduced_nextLevel_adder/_741_/ZN (MAOI222D0BWP30P140)
   0.0264    1.0146 v reducedSum_reduced_nextLevel_adder/_743_/ZN (MAOI222D0BWP30P140)
   0.0364    1.0510 ^ reducedSum_reduced_nextLevel_adder/_747_/ZN (MAOI222D0BWP30P140)
   0.0253    1.0763 v reducedSum_reduced_nextLevel_adder/_751_/ZN (MAOI222D0BWP30P140)
   0.0268    1.1031 ^ reducedSum_reduced_nextLevel_adder/_756_/ZN (AOI21D0BWP30P140)
   0.0252    1.1283 v reducedSum_reduced_nextLevel_adder/_760_/ZN (MAOI222D0BWP30P140)
   0.0352    1.1634 ^ reducedSum_reduced_nextLevel_adder/_764_/ZN (MAOI222D0BWP30P140)
   0.0262    1.1897 ^ reducedSum_reduced_nextLevel_adder/_765_/ZN (IAO21D0BWP30P140)
   0.0233    1.2129 v reducedSum_reduced_nextLevel_adder/_767_/ZN (MAOI222D0BWP30P140)
   0.0268    1.2398 ^ reducedSum_reduced_nextLevel_adder/_768_/ZN (AOI21D0BWP30P140)
   0.0292    1.2690 v reducedSum_reduced_nextLevel_adder/_769_/ZN (MAOI222D0BWP30P140)
   0.0958    1.3647 ^ reducedSum_reduced_nextLevel_adder/_789_/ZN (AOI21D0BWP30P140)
   0.0317    1.3965 ^ reducedSum_reduced_nextLevel_adder/_813_/ZN (MUX2ND0BWP30P140)
   0.0530    1.4495 v reducedSum_reduced_nextLevel_adder/_818_/ZN (ND4D0BWP30P140)
   0.0423    1.4918 ^ reducedSum_reduced_nextLevel_adder/_831_/ZN (NR4D0BWP30P140)
   0.0474    1.5391 v reducedSum_reduced_nextLevel_adder/_844_/ZN (ND4D0BWP30P140)
   0.0405    1.5797 ^ reducedSum_reduced_nextLevel_adder/_914_/ZN (NR4D0BWP30P140)
   0.0138    1.5935 v reducedSum_reduced_nextLevel_adder/_916_/ZN (CKND2D0BWP30P140)
   0.0194    1.6129 v reducedSum_reduced_nextLevel_adder/_937_/Z (AN3D0BWP30P140)
   0.0199    1.6328 ^ reducedSum_reduced_nextLevel_adder/_938_/ZN (NR2D0BWP30P140)
   0.0271    1.6599 v reducedSum_reduced_nextLevel_adder_16/_483_/ZN (XNR2UD0BWP30P140)
   0.0323    1.6921 ^ reducedSum_reduced_nextLevel_adder_16/_484_/ZN (AOI21D0BWP30P140)
   0.0355    1.7276 ^ reducedSum_reduced_nextLevel_adder_16/_488_/Z (OA211D0BWP30P140)
   0.0214    1.7490 v reducedSum_reduced_nextLevel_adder_16/_490_/ZN (OAI31D0BWP30P140)
   0.0323    1.7813 ^ reducedSum_reduced_nextLevel_adder_16/_514_/ZN (OAI211D0BWP30P140)
   0.0279    1.8091 v reducedSum_reduced_nextLevel_adder_16/_516_/ZN (AOI31D0BWP30P140)
   0.0397    1.8489 ^ reducedSum_reduced_nextLevel_adder_16/_519_/ZN (AOI211D0BWP30P140)
   0.0294    1.8782 ^ reducedSum_reduced_nextLevel_adder_16/_521_/Z (OA21D0BWP30P140)
   0.0093    1.8875 v reducedSum_reduced_nextLevel_adder_16/_525_/ZN (NR2D0BWP30P140)
   0.3186    2.2061 ^ reducedSum_reduced_nextLevel_adder_16/_587_/ZN (OAI31D0BWP30P140)
   0.0208    2.2269 v reducedSum_reduced_nextLevel_adder_16/_610_/ZN (MUX2ND0BWP30P140)
   0.0373    2.2642 ^ reducedSum_reduced_nextLevel_adder_16/_612_/ZN (OAI31D0BWP30P140)
   0.0311    2.2953 v reducedSum_reduced_nextLevel_adder_16/_615_/ZN (AOI32D0BWP30P140)
   0.0330    2.3283 ^ reducedSum_reduced_nextLevel_adder_16/_654_/ZN (MUX3ND0BWP30P140)
   0.0297    2.3580 v reducedSum_reduced_nextLevel_adder_16/_725_/ZN (AOI221D0BWP30P140)
   0.0215    2.3795 ^ reducedSum_reduced_nextLevel_adder_16/_731_/ZN (ND3D0BWP30P140)
   0.0202    2.3997 v reducedSum_reduced_nextLevel_adder_16/_740_/ZN (OAI31D0BWP30P140)
   0.0309    2.4307 ^ reducedSum_reduced_nextLevel_adder_16/_741_/ZN (MAOI222D0BWP30P140)
   0.0264    2.4571 v reducedSum_reduced_nextLevel_adder_16/_743_/ZN (MAOI222D0BWP30P140)
   0.0364    2.4935 ^ reducedSum_reduced_nextLevel_adder_16/_747_/ZN (MAOI222D0BWP30P140)
   0.0253    2.5188 v reducedSum_reduced_nextLevel_adder_16/_751_/ZN (MAOI222D0BWP30P140)
   0.0268    2.5456 ^ reducedSum_reduced_nextLevel_adder_16/_756_/ZN (AOI21D0BWP30P140)
   0.0252    2.5707 v reducedSum_reduced_nextLevel_adder_16/_760_/ZN (MAOI222D0BWP30P140)
   0.0352    2.6059 ^ reducedSum_reduced_nextLevel_adder_16/_764_/ZN (MAOI222D0BWP30P140)
   0.0262    2.6322 ^ reducedSum_reduced_nextLevel_adder_16/_765_/ZN (IAO21D0BWP30P140)
   0.0233    2.6554 v reducedSum_reduced_nextLevel_adder_16/_767_/ZN (MAOI222D0BWP30P140)
   0.0268    2.6823 ^ reducedSum_reduced_nextLevel_adder_16/_768_/ZN (AOI21D0BWP30P140)
   0.0292    2.7115 v reducedSum_reduced_nextLevel_adder_16/_769_/ZN (MAOI222D0BWP30P140)
   0.0958    2.8072 ^ reducedSum_reduced_nextLevel_adder_16/_789_/ZN (AOI21D0BWP30P140)
   0.0317    2.8390 ^ reducedSum_reduced_nextLevel_adder_16/_813_/ZN (MUX2ND0BWP30P140)
   0.0530    2.8920 v reducedSum_reduced_nextLevel_adder_16/_818_/ZN (ND4D0BWP30P140)
   0.0423    2.9343 ^ reducedSum_reduced_nextLevel_adder_16/_831_/ZN (NR4D0BWP30P140)
   0.0474    2.9816 v reducedSum_reduced_nextLevel_adder_16/_844_/ZN (ND4D0BWP30P140)
   0.0405    3.0222 ^ reducedSum_reduced_nextLevel_adder_16/_914_/ZN (NR4D0BWP30P140)
   0.0138    3.0360 v reducedSum_reduced_nextLevel_adder_16/_916_/ZN (CKND2D0BWP30P140)
   0.0194    3.0554 v reducedSum_reduced_nextLevel_adder_16/_937_/Z (AN3D0BWP30P140)
   0.0199    3.0753 ^ reducedSum_reduced_nextLevel_adder_16/_938_/ZN (NR2D0BWP30P140)
   0.0271    3.1024 v reducedSum_reduced_nextLevel_adder_24/_483_/ZN (XNR2UD0BWP30P140)
   0.0323    3.1346 ^ reducedSum_reduced_nextLevel_adder_24/_484_/ZN (AOI21D0BWP30P140)
   0.0355    3.1701 ^ reducedSum_reduced_nextLevel_adder_24/_488_/Z (OA211D0BWP30P140)
   0.0214    3.1915 v reducedSum_reduced_nextLevel_adder_24/_490_/ZN (OAI31D0BWP30P140)
   0.0323    3.2238 ^ reducedSum_reduced_nextLevel_adder_24/_514_/ZN (OAI211D0BWP30P140)
   0.0279    3.2516 v reducedSum_reduced_nextLevel_adder_24/_516_/ZN (AOI31D0BWP30P140)
   0.0397    3.2914 ^ reducedSum_reduced_nextLevel_adder_24/_519_/ZN (AOI211D0BWP30P140)
   0.0294    3.3207 ^ reducedSum_reduced_nextLevel_adder_24/_521_/Z (OA21D0BWP30P140)
   0.0093    3.3300 v reducedSum_reduced_nextLevel_adder_24/_525_/ZN (NR2D0BWP30P140)
   0.3186    3.6486 ^ reducedSum_reduced_nextLevel_adder_24/_587_/ZN (OAI31D0BWP30P140)
   0.0208    3.6694 v reducedSum_reduced_nextLevel_adder_24/_610_/ZN (MUX2ND0BWP30P140)
   0.0373    3.7067 ^ reducedSum_reduced_nextLevel_adder_24/_612_/ZN (OAI31D0BWP30P140)
   0.0311    3.7378 v reducedSum_reduced_nextLevel_adder_24/_615_/ZN (AOI32D0BWP30P140)
   0.0330    3.7708 ^ reducedSum_reduced_nextLevel_adder_24/_654_/ZN (MUX3ND0BWP30P140)
   0.0297    3.8005 v reducedSum_reduced_nextLevel_adder_24/_725_/ZN (AOI221D0BWP30P140)
   0.0215    3.8220 ^ reducedSum_reduced_nextLevel_adder_24/_731_/ZN (ND3D0BWP30P140)
   0.0202    3.8422 v reducedSum_reduced_nextLevel_adder_24/_740_/ZN (OAI31D0BWP30P140)
   0.0309    3.8732 ^ reducedSum_reduced_nextLevel_adder_24/_741_/ZN (MAOI222D0BWP30P140)
   0.0264    3.8996 v reducedSum_reduced_nextLevel_adder_24/_743_/ZN (MAOI222D0BWP30P140)
   0.0364    3.9360 ^ reducedSum_reduced_nextLevel_adder_24/_747_/ZN (MAOI222D0BWP30P140)
   0.0253    3.9613 v reducedSum_reduced_nextLevel_adder_24/_751_/ZN (MAOI222D0BWP30P140)
   0.0268    3.9881 ^ reducedSum_reduced_nextLevel_adder_24/_756_/ZN (AOI21D0BWP30P140)
   0.0252    4.0132 v reducedSum_reduced_nextLevel_adder_24/_760_/ZN (MAOI222D0BWP30P140)
   0.0352    4.0484 ^ reducedSum_reduced_nextLevel_adder_24/_764_/ZN (MAOI222D0BWP30P140)
   0.0262    4.0747 ^ reducedSum_reduced_nextLevel_adder_24/_765_/ZN (IAO21D0BWP30P140)
   0.0233    4.0979 v reducedSum_reduced_nextLevel_adder_24/_767_/ZN (MAOI222D0BWP30P140)
   0.0268    4.1248 ^ reducedSum_reduced_nextLevel_adder_24/_768_/ZN (AOI21D0BWP30P140)
   0.0292    4.1540 v reducedSum_reduced_nextLevel_adder_24/_769_/ZN (MAOI222D0BWP30P140)
   0.0958    4.2497 ^ reducedSum_reduced_nextLevel_adder_24/_789_/ZN (AOI21D0BWP30P140)
   0.0317    4.2815 ^ reducedSum_reduced_nextLevel_adder_24/_813_/ZN (MUX2ND0BWP30P140)
   0.0530    4.3345 v reducedSum_reduced_nextLevel_adder_24/_818_/ZN (ND4D0BWP30P140)
   0.0423    4.3768 ^ reducedSum_reduced_nextLevel_adder_24/_831_/ZN (NR4D0BWP30P140)
   0.0474    4.4241 v reducedSum_reduced_nextLevel_adder_24/_844_/ZN (ND4D0BWP30P140)
   0.0405    4.4647 ^ reducedSum_reduced_nextLevel_adder_24/_914_/ZN (NR4D0BWP30P140)
   0.0138    4.4785 v reducedSum_reduced_nextLevel_adder_24/_916_/ZN (CKND2D0BWP30P140)
   0.0194    4.4979 v reducedSum_reduced_nextLevel_adder_24/_937_/Z (AN3D0BWP30P140)
   0.0199    4.5178 ^ reducedSum_reduced_nextLevel_adder_24/_938_/ZN (NR2D0BWP30P140)
   0.0271    4.5449 v reducedSum_reduced_nextLevel_adder_28/_483_/ZN (XNR2UD0BWP30P140)
   0.0323    4.5771 ^ reducedSum_reduced_nextLevel_adder_28/_484_/ZN (AOI21D0BWP30P140)
   0.0355    4.6126 ^ reducedSum_reduced_nextLevel_adder_28/_488_/Z (OA211D0BWP30P140)
   0.0214    4.6340 v reducedSum_reduced_nextLevel_adder_28/_490_/ZN (OAI31D0BWP30P140)
   0.0323    4.6663 ^ reducedSum_reduced_nextLevel_adder_28/_514_/ZN (OAI211D0BWP30P140)
   0.0279    4.6941 v reducedSum_reduced_nextLevel_adder_28/_516_/ZN (AOI31D0BWP30P140)
   0.0397    4.7339 ^ reducedSum_reduced_nextLevel_adder_28/_519_/ZN (AOI211D0BWP30P140)
   0.0294    4.7632 ^ reducedSum_reduced_nextLevel_adder_28/_521_/Z (OA21D0BWP30P140)
   0.0093    4.7725 v reducedSum_reduced_nextLevel_adder_28/_525_/ZN (NR2D0BWP30P140)
   0.3186    5.0911 ^ reducedSum_reduced_nextLevel_adder_28/_587_/ZN (OAI31D0BWP30P140)
   0.0208    5.1119 v reducedSum_reduced_nextLevel_adder_28/_610_/ZN (MUX2ND0BWP30P140)
   0.0373    5.1492 ^ reducedSum_reduced_nextLevel_adder_28/_612_/ZN (OAI31D0BWP30P140)
   0.0311    5.1803 v reducedSum_reduced_nextLevel_adder_28/_615_/ZN (AOI32D0BWP30P140)
   0.0330    5.2133 ^ reducedSum_reduced_nextLevel_adder_28/_654_/ZN (MUX3ND0BWP30P140)
   0.0297    5.2430 v reducedSum_reduced_nextLevel_adder_28/_725_/ZN (AOI221D0BWP30P140)
   0.0215    5.2645 ^ reducedSum_reduced_nextLevel_adder_28/_731_/ZN (ND3D0BWP30P140)
   0.0202    5.2847 v reducedSum_reduced_nextLevel_adder_28/_740_/ZN (OAI31D0BWP30P140)
   0.0309    5.3157 ^ reducedSum_reduced_nextLevel_adder_28/_741_/ZN (MAOI222D0BWP30P140)
   0.0264    5.3421 v reducedSum_reduced_nextLevel_adder_28/_743_/ZN (MAOI222D0BWP30P140)
   0.0364    5.3785 ^ reducedSum_reduced_nextLevel_adder_28/_747_/ZN (MAOI222D0BWP30P140)
   0.0253    5.4038 v reducedSum_reduced_nextLevel_adder_28/_751_/ZN (MAOI222D0BWP30P140)
   0.0268    5.4306 ^ reducedSum_reduced_nextLevel_adder_28/_756_/ZN (AOI21D0BWP30P140)
   0.0252    5.4558 v reducedSum_reduced_nextLevel_adder_28/_760_/ZN (MAOI222D0BWP30P140)
   0.0352    5.4909 ^ reducedSum_reduced_nextLevel_adder_28/_764_/ZN (MAOI222D0BWP30P140)
   0.0262    5.5172 ^ reducedSum_reduced_nextLevel_adder_28/_765_/ZN (IAO21D0BWP30P140)
   0.0233    5.5404 v reducedSum_reduced_nextLevel_adder_28/_767_/ZN (MAOI222D0BWP30P140)
   0.0268    5.5673 ^ reducedSum_reduced_nextLevel_adder_28/_768_/ZN (AOI21D0BWP30P140)
   0.0292    5.5965 v reducedSum_reduced_nextLevel_adder_28/_769_/ZN (MAOI222D0BWP30P140)
   0.0958    5.6922 ^ reducedSum_reduced_nextLevel_adder_28/_789_/ZN (AOI21D0BWP30P140)
   0.0317    5.7240 ^ reducedSum_reduced_nextLevel_adder_28/_813_/ZN (MUX2ND0BWP30P140)
   0.0530    5.7770 v reducedSum_reduced_nextLevel_adder_28/_818_/ZN (ND4D0BWP30P140)
   0.0423    5.8193 ^ reducedSum_reduced_nextLevel_adder_28/_831_/ZN (NR4D0BWP30P140)
   0.0474    5.8666 v reducedSum_reduced_nextLevel_adder_28/_844_/ZN (ND4D0BWP30P140)
   0.0405    5.9072 ^ reducedSum_reduced_nextLevel_adder_28/_914_/ZN (NR4D0BWP30P140)
   0.0138    5.9210 v reducedSum_reduced_nextLevel_adder_28/_916_/ZN (CKND2D0BWP30P140)
   0.0194    5.9404 v reducedSum_reduced_nextLevel_adder_28/_937_/Z (AN3D0BWP30P140)
   0.0199    5.9603 ^ reducedSum_reduced_nextLevel_adder_28/_938_/ZN (NR2D0BWP30P140)
   0.0271    5.9874 v reducedSum_reduced_nextLevel_adder_30/_483_/ZN (XNR2UD0BWP30P140)
   0.0323    6.0196 ^ reducedSum_reduced_nextLevel_adder_30/_484_/ZN (AOI21D0BWP30P140)
   0.0355    6.0551 ^ reducedSum_reduced_nextLevel_adder_30/_488_/Z (OA211D0BWP30P140)
   0.0214    6.0765 v reducedSum_reduced_nextLevel_adder_30/_490_/ZN (OAI31D0BWP30P140)
   0.0323    6.1088 ^ reducedSum_reduced_nextLevel_adder_30/_514_/ZN (OAI211D0BWP30P140)
   0.0279    6.1366 v reducedSum_reduced_nextLevel_adder_30/_516_/ZN (AOI31D0BWP30P140)
   0.0397    6.1764 ^ reducedSum_reduced_nextLevel_adder_30/_519_/ZN (AOI211D0BWP30P140)
   0.0294    6.2057 ^ reducedSum_reduced_nextLevel_adder_30/_521_/Z (OA21D0BWP30P140)
   0.0093    6.2150 v reducedSum_reduced_nextLevel_adder_30/_525_/ZN (NR2D0BWP30P140)
   0.3186    6.5336 ^ reducedSum_reduced_nextLevel_adder_30/_587_/ZN (OAI31D0BWP30P140)
   0.0208    6.5544 v reducedSum_reduced_nextLevel_adder_30/_610_/ZN (MUX2ND0BWP30P140)
   0.0373    6.5917 ^ reducedSum_reduced_nextLevel_adder_30/_612_/ZN (OAI31D0BWP30P140)
   0.0311    6.6228 v reducedSum_reduced_nextLevel_adder_30/_615_/ZN (AOI32D0BWP30P140)
   0.0330    6.6558 ^ reducedSum_reduced_nextLevel_adder_30/_654_/ZN (MUX3ND0BWP30P140)
   0.0297    6.6855 v reducedSum_reduced_nextLevel_adder_30/_725_/ZN (AOI221D0BWP30P140)
   0.0215    6.7070 ^ reducedSum_reduced_nextLevel_adder_30/_731_/ZN (ND3D0BWP30P140)
   0.0202    6.7272 v reducedSum_reduced_nextLevel_adder_30/_740_/ZN (OAI31D0BWP30P140)
   0.0309    6.7582 ^ reducedSum_reduced_nextLevel_adder_30/_741_/ZN (MAOI222D0BWP30P140)
   0.0264    6.7846 v reducedSum_reduced_nextLevel_adder_30/_743_/ZN (MAOI222D0BWP30P140)
   0.0364    6.8210 ^ reducedSum_reduced_nextLevel_adder_30/_747_/ZN (MAOI222D0BWP30P140)
   0.0253    6.8463 v reducedSum_reduced_nextLevel_adder_30/_751_/ZN (MAOI222D0BWP30P140)
   0.0268    6.8731 ^ reducedSum_reduced_nextLevel_adder_30/_756_/ZN (AOI21D0BWP30P140)
   0.0252    6.8983 v reducedSum_reduced_nextLevel_adder_30/_760_/ZN (MAOI222D0BWP30P140)
   0.0352    6.9334 ^ reducedSum_reduced_nextLevel_adder_30/_764_/ZN (MAOI222D0BWP30P140)
   0.0262    6.9597 ^ reducedSum_reduced_nextLevel_adder_30/_765_/ZN (IAO21D0BWP30P140)
   0.0233    6.9829 v reducedSum_reduced_nextLevel_adder_30/_767_/ZN (MAOI222D0BWP30P140)
   0.0268    7.0098 ^ reducedSum_reduced_nextLevel_adder_30/_768_/ZN (AOI21D0BWP30P140)
   0.0292    7.0390 v reducedSum_reduced_nextLevel_adder_30/_769_/ZN (MAOI222D0BWP30P140)
   0.0958    7.1347 ^ reducedSum_reduced_nextLevel_adder_30/_789_/ZN (AOI21D0BWP30P140)
   0.0317    7.1665 ^ reducedSum_reduced_nextLevel_adder_30/_813_/ZN (MUX2ND0BWP30P140)
   0.0530    7.2195 v reducedSum_reduced_nextLevel_adder_30/_818_/ZN (ND4D0BWP30P140)
   0.0423    7.2618 ^ reducedSum_reduced_nextLevel_adder_30/_831_/ZN (NR4D0BWP30P140)
   0.0474    7.3091 v reducedSum_reduced_nextLevel_adder_30/_844_/ZN (ND4D0BWP30P140)
   0.0313    7.3404 ^ reducedSum_reduced_nextLevel_adder_30/_849_/ZN (NR2D0BWP30P140)
   0.0204    7.3608 v reducedSum_reduced_nextLevel_adder_30/_854_/ZN (XNR2UD0BWP30P140)
   0.0232    7.3840 ^ reducedSum_conv/_119_/ZN (NR2D0BWP30P140)
   0.0779    7.4619 v reducedSum_conv/_141_/ZN (OAI31D0BWP30P140)
   0.0533    7.5152 ^ reducedSum_conv/_154_/Z (XOR2UD0BWP30P140)
   0.0140    7.5293 v reducedSum_conv/_155_/ZN (CKND0BWP30P140)
   0.0293    7.5586 ^ reducedSum_conv/_160_/ZN (OAI31D0BWP30P140)
   0.0278    7.5863 ^ reducedSum_conv/_162_/Z (AO21D0BWP30P140)
   0.0213    7.6076 v reducedSum_conv/_174_/ZN (AOI31D0BWP30P140)
   0.0288    7.6364 ^ reducedSum_conv/_175_/ZN (MAOI222D0BWP30P140)
   0.0268    7.6632 v reducedSum_conv/_176_/ZN (XNR2UD0BWP30P140)
   0.0154    7.6787 ^ reducedSum_conv/_185_/ZN (IND4D0BWP30P140)
   0.0949    7.7736 v reducedSum_conv/_186_/ZN (OAI211D0BWP30P140)
   0.0715    7.8450 ^ reducedSum_conv/_201_/ZN (AOI21D0BWP30P140)
   0.0270    7.8720 v accAdder/_0897_/ZN (XNR2UD0BWP30P140)
   0.0314    7.9033 ^ accAdder/_0899_/ZN (AOI21D0BWP30P140)
   0.0301    7.9335 v accAdder/_0901_/ZN (MAOI222D0BWP30P140)
   0.0372    7.9707 ^ accAdder/_0902_/ZN (MAOI222D0BWP30P140)
   0.0303    8.0010 v accAdder/_0903_/ZN (MAOI222D0BWP30P140)
   0.0373    8.0383 ^ accAdder/_0966_/ZN (MAOI222D0BWP30P140)
   0.0303    8.0686 v accAdder/_0968_/ZN (MAOI222D0BWP30P140)
   0.0271    8.0956 v accAdder/_0970_/ZN (XNR2UD0BWP30P140)
   0.0212    8.1168 ^ accAdder/_0971_/ZN (NR2D0BWP30P140)
   0.0257    8.1426 ^ accAdder/_0972_/Z (AN2D0BWP30P140)
   0.4170    8.5595 v accAdder/_0975_/ZN (AOI31D0BWP30P140)
   0.4192    8.9788 ^ accAdder/_0991_/ZN (AOI22D0BWP30P140)
   0.0318    9.0106 v accAdder/_1063_/ZN (CKND2D0BWP30P140)
   0.0370    9.0476 ^ accAdder/_1188_/ZN (OAI32D0BWP30P140)
   0.0151    9.0627 v accAdder/_1189_/ZN (AOI21D0BWP30P140)
   0.0396    9.1023 ^ accAdder/_1191_/ZN (OAI221D0BWP30P140)
   0.0211    9.1234 v accAdder/_1196_/ZN (OAI31D0BWP30P140)
   0.0222    9.1456 ^ accAdder/_1198_/ZN (AOI21D0BWP30P140)
   0.0256    9.1712 v accAdder/_1200_/ZN (MAOI222D0BWP30P140)
   0.0396    9.2108 ^ accAdder/_1202_/ZN (MAOI222D0BWP30P140)
   0.0257    9.2365 v accAdder/_1204_/ZN (MAOI222D0BWP30P140)
   0.0277    9.2643 ^ accAdder/_1206_/ZN (AOI21D0BWP30P140)
   0.0253    9.2895 ^ accAdder/_1209_/ZN (IAO21D0BWP30P140)
   0.0247    9.3142 v accAdder/_1211_/ZN (MAOI222D0BWP30P140)
   0.0395    9.3537 ^ accAdder/_1213_/ZN (MAOI222D0BWP30P140)
   0.0265    9.3802 v accAdder/_1221_/ZN (MAOI222D0BWP30P140)
   0.0354    9.4156 v accAdder/_1232_/Z (AO21D0BWP30P140)
   0.0261    9.4416 ^ accAdder/_1242_/ZN (MAOI222D0BWP30P140)
   0.0265    9.4682 v accAdder/_1255_/ZN (MAOI222D0BWP30P140)
   0.0315    9.4997 v accAdder/_1259_/Z (AO21D0BWP30P140)
   0.0182    9.5179 ^ accAdder/_1276_/ZN (AOI21D0BWP30P140)
   0.0258    9.5437 v accAdder/_1280_/ZN (MAOI222D0BWP30P140)
   0.0391    9.5828 ^ accAdder/_1296_/ZN (MAOI222D0BWP30P140)
   0.0262    9.6090 v accAdder/_1300_/ZN (MAOI222D0BWP30P140)
   0.0304    9.6394 ^ accAdder/_1318_/ZN (AOI21D0BWP30P140)
   0.0249    9.6643 v accAdder/_1322_/ZN (MAOI222D0BWP30P140)
   0.0364    9.7007 v accAdder/_1345_/Z (AO21D0BWP30P140)
   0.0156    9.7164 ^ accAdder/_1353_/ZN (MUX2ND0BWP30P140)
   0.0348    9.7511 ^ accAdder/_1354_/ZN (XNR2UD0BWP30P140)
   0.0288    9.7799 ^ accAdder/_1453_/ZN (MAOI22D0BWP30P140)
   0.1281    9.9080 v accAdder/_1456_/ZN (OAI211D0BWP30P140)
   0.0886    9.9966 ^ accAdder/_1531_/Z (MUX4D0BWP30P140)
   0.0194   10.0160 v accAdder/_1534_/ZN (MUX3ND0BWP30P140)
   0.0405   10.0566 ^ accAdder/_1568_/ZN (NR2D0BWP30P140)
   0.0507   10.1072 ^ accAdder/_1577_/ZN (INR4D0BWP30P140)
   0.0510   10.1583 ^ accAdder/_1582_/Z (AN4D0BWP30P140)
   0.0395   10.1977 ^ accAdder/_1590_/Z (AN4D0BWP30P140)
   0.0406   10.2383 ^ accAdder/_1601_/Z (AN4D0BWP30P140)
   0.0349   10.2732 ^ accAdder/_1603_/Z (AN3D0BWP30P140)
   0.0271   10.3003 v accAdder/_1605_/ZN (IND3D0BWP30P140)
   0.0379   10.3383 v accAdder/_1606_/Z (OR3D0BWP30P140)
   0.0368   10.3751 ^ accAdder/_1608_/ZN (INR3D0BWP30P140)
   0.0364   10.4115 v accAdder/_1611_/ZN (MAOI222D0BWP30P140)
   0.0357   10.4472 ^ accAdder/_1616_/ZN (NR4D0BWP30P140)
   0.0219   10.4691 v accAdder/_1619_/ZN (OAI31D0BWP30P140)
   0.0327   10.5018 v accAdder/_1621_/Z (AO21D0BWP30P140)
   0.0312   10.5330 ^ accAdder/_1623_/ZN (AOI21D0BWP30P140)
   0.0237   10.5567 v accAdder/_1626_/ZN (OAI21D0BWP30P140)
   0.0215   10.5781 v accAdder/_1658_/Z (AN3D0BWP30P140)
   0.0613   10.6394 v accAdder/_1659_/Z (OR3D0BWP30P140)
   0.0420   10.6814 ^ accAdder/_1703_/ZN (AOI211D0BWP30P140)
   0.0261   10.7075 ^ _060_/Z (AO22D0BWP30P140)
   0.0000   10.7075 ^ _070_/D (DFCNQD1BWP30P140)
            10.7075   data arrival time

  20.0000   20.0000   clock CORE_CLK (rise edge)
   0.0000   20.0000   clock network delay (ideal)
  -0.0500   19.9500   clock uncertainty
   0.0000   19.9500   clock reconvergence pessimism
            19.9500 ^ _070_/CP (DFCNQD1BWP30P140)
  -0.0174   19.9326   library setup time
            19.9326   data required time
-------------------------------------------------------------
            19.9326   data required time
           -10.7075   data arrival time
-------------------------------------------------------------
             9.2252   slack (MET)


