Startpoint: reset (input port clocked by CORE_CLK)
Endpoint: _068_ (recovery check against rising-edge clock CORE_CLK)
Path Group: asynchronous
Path Type: max

    Delay      Time   Description
-------------------------------------------------------------
   0.0000    0.0000   clock CORE_CLK (rise edge)
   0.0000    0.0000   clock network delay (ideal)
   0.0000    0.0000 ^ input external delay
   0.0000    0.0000 ^ reset (in)
   0.0000    0.0000 ^ _068_/CDN (DFCNQD1BWP30P140)
             0.0000   data arrival time

  20.0000   20.0000   clock CORE_CLK (rise edge)
   0.0000   20.0000   clock network delay (ideal)
  -0.0500   19.9500   clock uncertainty
   0.0000   19.9500   clock reconvergence pessimism
            19.9500 ^ _068_/CP (DFCNQD1BWP30P140)
   0.0258   19.9758   library recovery time
            19.9758   data required time
-------------------------------------------------------------
            19.9758   data required time
            -0.0000   data arrival time
-------------------------------------------------------------
            19.9758   slack (MET)


Startpoint: io_op_a_i[6] (input port clocked by CORE_CLK)
Endpoint: _070_ (rising edge-triggered flip-flop clocked by CORE_CLK)
Path Group: CORE_CLK
Path Type: max

    Delay      Time   Description
-------------------------------------------------------------
   0.0000    0.0000   clock CORE_CLK (rise edge)
   0.0000    0.0000   clock network delay (ideal)
   0.0000    0.0000 v input external delay
   0.0000    0.0000 v io_op_a_i[6] (in)
   0.0130    0.0130 ^ reducedSum_op/_062_/ZN (NR3D0BWP30P140)
   0.0427    0.0557 ^ reducedSum_op/_063_/ZN (INR3D0BWP30P140)
   0.0244    0.0801 ^ reducedSum_op/_108_/ZN (IND2D0BWP30P140)
   0.0437    0.1238 ^ reducedSum_op/_111_/ZN (XNR3UD0BWP30P140)
   0.0197    0.1435 v reducedSum_op/_112_/ZN (IND2D0BWP30P140)
   0.0181    0.1616 ^ reducedSum_op/_123_/ZN (NR2D0BWP30P140)
   0.0091    0.1707 v reducedSum_op/_124_/ZN (NR2D0BWP30P140)
   0.0513    0.2219 ^ reducedSum_op/_125_/Z (XOR2UD0BWP30P140)
   0.0290    0.2509 v reducedSum_sa/_0900_/ZN (CKND2D0BWP30P140)
   0.0225    0.2734 v reducedSum_sa/_0926_/Z (XOR2UD0BWP30P140)
   0.0287    0.3021 v reducedSum_sa/_0949_/ZN (XNR2UD0BWP30P140)
   0.0357    0.3378 v reducedSum_sa/_0957_/Z (XOR2UD0BWP30P140)
   0.0702    0.4080 ^ reducedSum_sa/_0977_/ZN (XNR4D0BWP30P140)
   0.0325    0.4406 ^ reducedSum_sa/_0994_/ZN (XNR2UD0BWP30P140)
   0.0277    0.4683 v reducedSum_sa/_1008_/ZN (MAOI222D0BWP30P140)
   0.0329    0.5012 ^ reducedSum_sa/_1009_/ZN (MAOI222D0BWP30P140)
   0.0263    0.5276 v reducedSum_sa/_1010_/ZN (MAOI222D0BWP30P140)
   0.0342    0.5618 ^ reducedSum_sa/_1011_/ZN (MAOI222D0BWP30P140)
   0.0266    0.5883 v reducedSum_sa/_1012_/ZN (MAOI222D0BWP30P140)
   0.0341    0.6225 ^ reducedSum_sa/_1013_/ZN (MAOI222D0BWP30P140)
   0.0266    0.6490 v reducedSum_sa/_1014_/ZN (MAOI222D0BWP30P140)
   0.0342    0.6832 ^ reducedSum_sa/_1015_/ZN (MAOI222D0BWP30P140)
   0.0263    0.7095 v reducedSum_sa/_1016_/ZN (MAOI222D0BWP30P140)
   0.0376    0.7471 ^ reducedSum_sa/_1017_/ZN (MAOI222D0BWP30P140)
   0.0268    0.7739 v reducedSum_sa/_1019_/ZN (AOI21D0BWP30P140)
   0.0390    0.8129 ^ reducedSum_sa/_1036_/ZN (MAOI222D0BWP30P140)
   0.0333    0.8462 v reducedSum_sa/_1049_/ZN (MAOI222D0BWP30P140)
   0.0290    0.8752 v reducedSum_sa/_1055_/ZN (XNR2UD0BWP30P140)
   0.0163    0.8915 ^ reducedSum_reduced_nextLevel_adder/_0589_/ZN (CKND0BWP30P140)
   0.0206    0.9121 v reducedSum_reduced_nextLevel_adder/_0691_/ZN (OAI22D0BWP30P140)
   0.0337    0.9458 ^ reducedSum_reduced_nextLevel_adder/_0694_/ZN (AOI211D0BWP30P140)
   0.0228    0.9686 v reducedSum_reduced_nextLevel_adder/_0698_/ZN (AOI22D0BWP30P140)
   0.0310    0.9995 v reducedSum_reduced_nextLevel_adder/_0699_/Z (OA211D0BWP30P140)
   0.2778    1.2773 ^ reducedSum_reduced_nextLevel_adder/_0701_/ZN (NR2D0BWP30P140)
   0.0356    1.3129 v reducedSum_reduced_nextLevel_adder/_0702_/ZN (MUX2ND0BWP30P140)
   0.0300    1.3429 ^ reducedSum_reduced_nextLevel_adder/_0712_/ZN (ND3D0BWP30P140)
   0.0292    1.3721 v reducedSum_reduced_nextLevel_adder/_0713_/ZN (OAI21D0BWP30P140)
   0.0291    1.4012 ^ reducedSum_reduced_nextLevel_adder/_0754_/ZN (MUX2ND0BWP30P140)
   0.0380    1.4392 v reducedSum_reduced_nextLevel_adder/_0885_/ZN (OAI221D0BWP30P140)
   0.0294    1.4685 ^ reducedSum_reduced_nextLevel_adder/_0889_/ZN (NR3D0BWP30P140)
   0.0250    1.4935 v reducedSum_reduced_nextLevel_adder/_0893_/ZN (MAOI222D0BWP30P140)
   0.0325    1.5261 ^ reducedSum_reduced_nextLevel_adder/_0894_/ZN (MAOI222D0BWP30P140)
   0.0277    1.5537 v reducedSum_reduced_nextLevel_adder/_0898_/ZN (MAOI222D0BWP30P140)
   0.0314    1.5851 ^ reducedSum_reduced_nextLevel_adder/_0902_/ZN (MAOI222D0BWP30P140)
   0.0182    1.6034 v reducedSum_reduced_nextLevel_adder/_0906_/ZN (AOI21D0BWP30P140)
   0.0194    1.6227 ^ reducedSum_reduced_nextLevel_adder/_0908_/ZN (OAI21D0BWP30P140)
   0.0158    1.6386 v reducedSum_reduced_nextLevel_adder/_0912_/ZN (AOI21D0BWP30P140)
   0.0233    1.6619 v reducedSum_reduced_nextLevel_adder/_0914_/ZN (IAO21D0BWP30P140)
   0.0254    1.6873 ^ reducedSum_reduced_nextLevel_adder/_0918_/ZN (MAOI222D0BWP30P140)
   0.0200    1.7073 v reducedSum_reduced_nextLevel_adder/_0922_/ZN (AOI21D0BWP30P140)
   0.0291    1.7364 ^ reducedSum_reduced_nextLevel_adder/_0926_/ZN (MAOI222D0BWP30P140)
   0.0201    1.7565 v reducedSum_reduced_nextLevel_adder/_0930_/ZN (AOI21D0BWP30P140)
   0.0303    1.7868 ^ reducedSum_reduced_nextLevel_adder/_0931_/ZN (MAOI222D0BWP30P140)
   0.0281    1.8149 v reducedSum_reduced_nextLevel_adder/_0935_/ZN (MAOI222D0BWP30P140)
   0.0319    1.8468 ^ reducedSum_reduced_nextLevel_adder/_0939_/ZN (MAOI222D0BWP30P140)
   0.0201    1.8669 v reducedSum_reduced_nextLevel_adder/_0941_/ZN (AOI21D0BWP30P140)
   0.0293    1.8961 ^ reducedSum_reduced_nextLevel_adder/_0943_/ZN (MAOI222D0BWP30P140)
   0.0217    1.9178 v reducedSum_reduced_nextLevel_adder/_0945_/ZN (AOI21D0BWP30P140)
   0.0329    1.9507 v reducedSum_reduced_nextLevel_adder/_0956_/Z (OA211D0BWP30P140)
   0.1160    2.0667 v reducedSum_reduced_nextLevel_adder/_0978_/ZN (IND2D0BWP30P140)
   0.0551    2.1218 v reducedSum_reduced_nextLevel_adder/_1002_/ZN (MUX2ND0BWP30P140)
   0.0436    2.1653 ^ reducedSum_reduced_nextLevel_adder/_1007_/ZN (NR4D0BWP30P140)
   0.0491    2.2144 ^ reducedSum_reduced_nextLevel_adder/_1022_/Z (AN4D0BWP30P140)
   0.0430    2.2574 ^ reducedSum_reduced_nextLevel_adder/_1036_/ZN (INR4D0BWP30P140)
   0.0493    2.3067 ^ reducedSum_reduced_nextLevel_adder/_1051_/Z (AN4D0BWP30P140)
   0.0455    2.3522 ^ reducedSum_reduced_nextLevel_adder/_1064_/Z (AN4D0BWP30P140)
   0.0564    2.4086 ^ reducedSum_reduced_nextLevel_adder/_1142_/ZN (INR4D0BWP30P140)
   0.0367    2.4453 v reducedSum_reduced_nextLevel_adder/_1147_/ZN (IND4D0BWP30P140)
   0.0437    2.4890 ^ reducedSum_reduced_nextLevel_adder/_1151_/ZN (OAI31D0BWP30P140)
   0.0314    2.5204 v reducedSum_reduced_nextLevel_adder/_1154_/ZN (ND3D0BWP30P140)
   0.0252    2.5456 v reducedSum_reduced_nextLevel_adder/_1156_/ZN (INR2D0BWP30P140)
   0.0255    2.5711 ^ reducedSum_reduced_nextLevel_adder_2/_0608_/ZN (XNR2UD0BWP30P140)
   0.0321    2.6032 v reducedSum_reduced_nextLevel_adder_2/_0613_/ZN (OAI211D0BWP30P140)
   0.0203    2.6235 ^ reducedSum_reduced_nextLevel_adder_2/_0616_/ZN (ND3D0BWP30P140)
   0.0452    2.6687 ^ reducedSum_reduced_nextLevel_adder_2/_0619_/ZN (INR2D0BWP30P140)
   0.0161    2.6848 v reducedSum_reduced_nextLevel_adder_2/_0634_/ZN (NR3D0BWP30P140)
   0.0297    2.7145 v reducedSum_reduced_nextLevel_adder_2/_0699_/Z (OA211D0BWP30P140)
   0.2778    2.9923 ^ reducedSum_reduced_nextLevel_adder_2/_0701_/ZN (NR2D0BWP30P140)
   0.0356    3.0279 v reducedSum_reduced_nextLevel_adder_2/_0702_/ZN (MUX2ND0BWP30P140)
   0.0300    3.0578 ^ reducedSum_reduced_nextLevel_adder_2/_0712_/ZN (ND3D0BWP30P140)
   0.0292    3.0871 v reducedSum_reduced_nextLevel_adder_2/_0713_/ZN (OAI21D0BWP30P140)
   0.0291    3.1161 ^ reducedSum_reduced_nextLevel_adder_2/_0754_/ZN (MUX2ND0BWP30P140)
   0.0380    3.1541 v reducedSum_reduced_nextLevel_adder_2/_0885_/ZN (OAI221D0BWP30P140)
   0.0294    3.1835 ^ reducedSum_reduced_nextLevel_adder_2/_0889_/ZN (NR3D0BWP30P140)
   0.0250    3.2085 v reducedSum_reduced_nextLevel_adder_2/_0893_/ZN (MAOI222D0BWP30P140)
   0.0325    3.2410 ^ reducedSum_reduced_nextLevel_adder_2/_0894_/ZN (MAOI222D0BWP30P140)
   0.0277    3.2687 v reducedSum_reduced_nextLevel_adder_2/_0898_/ZN (MAOI222D0BWP30P140)
   0.0314    3.3001 ^ reducedSum_reduced_nextLevel_adder_2/_0902_/ZN (MAOI222D0BWP30P140)
   0.0182    3.3183 v reducedSum_reduced_nextLevel_adder_2/_0906_/ZN (AOI21D0BWP30P140)
   0.0194    3.3377 ^ reducedSum_reduced_nextLevel_adder_2/_0908_/ZN (OAI21D0BWP30P140)
   0.0158    3.3535 v reducedSum_reduced_nextLevel_adder_2/_0912_/ZN (AOI21D0BWP30P140)
   0.0233    3.3769 v reducedSum_reduced_nextLevel_adder_2/_0914_/ZN (IAO21D0BWP30P140)
   0.0254    3.4022 ^ reducedSum_reduced_nextLevel_adder_2/_0918_/ZN (MAOI222D0BWP30P140)
   0.0200    3.4223 v reducedSum_reduced_nextLevel_adder_2/_0922_/ZN (AOI21D0BWP30P140)
   0.0291    3.4514 ^ reducedSum_reduced_nextLevel_adder_2/_0926_/ZN (MAOI222D0BWP30P140)
   0.0201    3.4715 v reducedSum_reduced_nextLevel_adder_2/_0930_/ZN (AOI21D0BWP30P140)
   0.0303    3.5018 ^ reducedSum_reduced_nextLevel_adder_2/_0931_/ZN (MAOI222D0BWP30P140)
   0.0281    3.5299 v reducedSum_reduced_nextLevel_adder_2/_0935_/ZN (MAOI222D0BWP30P140)
   0.0319    3.5618 ^ reducedSum_reduced_nextLevel_adder_2/_0939_/ZN (MAOI222D0BWP30P140)
   0.0201    3.5818 v reducedSum_reduced_nextLevel_adder_2/_0941_/ZN (AOI21D0BWP30P140)
   0.0293    3.6111 ^ reducedSum_reduced_nextLevel_adder_2/_0943_/ZN (MAOI222D0BWP30P140)
   0.0217    3.6328 v reducedSum_reduced_nextLevel_adder_2/_0945_/ZN (AOI21D0BWP30P140)
   0.0329    3.6657 v reducedSum_reduced_nextLevel_adder_2/_0956_/Z (OA211D0BWP30P140)
   0.1160    3.7817 v reducedSum_reduced_nextLevel_adder_2/_0978_/ZN (IND2D0BWP30P140)
   0.0551    3.8367 v reducedSum_reduced_nextLevel_adder_2/_1002_/ZN (MUX2ND0BWP30P140)
   0.0436    3.8803 ^ reducedSum_reduced_nextLevel_adder_2/_1007_/ZN (NR4D0BWP30P140)
   0.0491    3.9294 ^ reducedSum_reduced_nextLevel_adder_2/_1022_/Z (AN4D0BWP30P140)
   0.0430    3.9724 ^ reducedSum_reduced_nextLevel_adder_2/_1036_/ZN (INR4D0BWP30P140)
   0.0493    4.0217 ^ reducedSum_reduced_nextLevel_adder_2/_1051_/Z (AN4D0BWP30P140)
   0.0455    4.0672 ^ reducedSum_reduced_nextLevel_adder_2/_1064_/Z (AN4D0BWP30P140)
   0.0274    4.0946 ^ reducedSum_reduced_nextLevel_adder_2/_1069_/ZN (INR2D0BWP30P140)
   0.0207    4.1153 v reducedSum_reduced_nextLevel_adder_2/_1075_/ZN (XNR2UD0BWP30P140)
   0.1015    4.2168 ^ reducedSum_conv/_152_/ZN (NR3D0BWP30P140)
   0.0337    4.2505 v reducedSum_conv/_166_/ZN (XNR2UD0BWP30P140)
   0.0284    4.2789 ^ reducedSum_conv/_167_/ZN (OAI21D0BWP30P140)
   0.0297    4.3086 ^ reducedSum_conv/_177_/Z (AO21D0BWP30P140)
   0.0257    4.3342 v reducedSum_conv/_196_/ZN (AOI31D0BWP30P140)
   0.0357    4.3700 ^ reducedSum_conv/_200_/ZN (AOI211D0BWP30P140)
   0.0257    4.3956 ^ reducedSum_conv/_204_/Z (AO21D0BWP30P140)
   0.1081    4.5038 v reducedSum_conv/_208_/ZN (ND3D0BWP30P140)
   0.0724    4.5762 ^ reducedSum_conv/_221_/ZN (AOI21D0BWP30P140)
   0.0280    4.6042 v accAdder/_0897_/ZN (XNR2UD0BWP30P140)
   0.0324    4.6366 ^ accAdder/_0899_/ZN (AOI21D0BWP30P140)
   0.0302    4.6668 v accAdder/_0901_/ZN (MAOI222D0BWP30P140)
   0.0385    4.7052 ^ accAdder/_0902_/ZN (MAOI222D0BWP30P140)
   0.0303    4.7356 v accAdder/_0903_/ZN (MAOI222D0BWP30P140)
   0.0385    4.7741 ^ accAdder/_0966_/ZN (MAOI222D0BWP30P140)
   0.0303    4.8044 v accAdder/_0968_/ZN (MAOI222D0BWP30P140)
   0.0271    4.8316 v accAdder/_0970_/ZN (XNR2UD0BWP30P140)
   0.0213    4.8529 ^ accAdder/_0971_/ZN (NR2D0BWP30P140)
   0.0257    4.8786 ^ accAdder/_0972_/Z (AN2D0BWP30P140)
   0.4170    5.2956 v accAdder/_0975_/ZN (AOI31D0BWP30P140)
   0.4192    5.7148 ^ accAdder/_0991_/ZN (AOI22D0BWP30P140)
   0.0318    5.7467 v accAdder/_1063_/ZN (CKND2D0BWP30P140)
   0.0370    5.7836 ^ accAdder/_1188_/ZN (OAI32D0BWP30P140)
   0.0151    5.7987 v accAdder/_1189_/ZN (AOI21D0BWP30P140)
   0.0396    5.8383 ^ accAdder/_1191_/ZN (OAI221D0BWP30P140)
   0.0211    5.8594 v accAdder/_1196_/ZN (OAI31D0BWP30P140)
   0.0222    5.8817 ^ accAdder/_1198_/ZN (AOI21D0BWP30P140)
   0.0256    5.9072 v accAdder/_1200_/ZN (MAOI222D0BWP30P140)
   0.0396    5.9469 ^ accAdder/_1202_/ZN (MAOI222D0BWP30P140)
   0.0257    5.9725 v accAdder/_1204_/ZN (MAOI222D0BWP30P140)
   0.0277    6.0003 ^ accAdder/_1206_/ZN (AOI21D0BWP30P140)
   0.0253    6.0256 ^ accAdder/_1209_/ZN (IAO21D0BWP30P140)
   0.0247    6.0502 v accAdder/_1211_/ZN (MAOI222D0BWP30P140)
   0.0395    6.0897 ^ accAdder/_1213_/ZN (MAOI222D0BWP30P140)
   0.0265    6.1162 v accAdder/_1221_/ZN (MAOI222D0BWP30P140)
   0.0354    6.1516 v accAdder/_1232_/Z (AO21D0BWP30P140)
   0.0261    6.1777 ^ accAdder/_1242_/ZN (MAOI222D0BWP30P140)
   0.0265    6.2042 v accAdder/_1255_/ZN (MAOI222D0BWP30P140)
   0.0315    6.2357 v accAdder/_1259_/Z (AO21D0BWP30P140)
   0.0182    6.2539 ^ accAdder/_1276_/ZN (AOI21D0BWP30P140)
   0.0258    6.2797 v accAdder/_1280_/ZN (MAOI222D0BWP30P140)
   0.0391    6.3188 ^ accAdder/_1296_/ZN (MAOI222D0BWP30P140)
   0.0262    6.3450 v accAdder/_1300_/ZN (MAOI222D0BWP30P140)
   0.0304    6.3754 ^ accAdder/_1318_/ZN (AOI21D0BWP30P140)
   0.0249    6.4003 v accAdder/_1322_/ZN (MAOI222D0BWP30P140)
   0.0364    6.4368 v accAdder/_1345_/Z (AO21D0BWP30P140)
   0.0156    6.4524 ^ accAdder/_1353_/ZN (MUX2ND0BWP30P140)
   0.0348    6.4872 ^ accAdder/_1354_/ZN (XNR2UD0BWP30P140)
   0.0288    6.5160 ^ accAdder/_1453_/ZN (MAOI22D0BWP30P140)
   0.1281    6.6441 v accAdder/_1456_/ZN (OAI211D0BWP30P140)
   0.0886    6.7327 ^ accAdder/_1531_/Z (MUX4D0BWP30P140)
   0.0194    6.7521 v accAdder/_1534_/ZN (MUX3ND0BWP30P140)
   0.0405    6.7926 ^ accAdder/_1568_/ZN (NR2D0BWP30P140)
   0.0507    6.8433 ^ accAdder/_1577_/ZN (INR4D0BWP30P140)
   0.0510    6.8944 ^ accAdder/_1582_/Z (AN4D0BWP30P140)
   0.0395    6.9338 ^ accAdder/_1590_/Z (AN4D0BWP30P140)
   0.0406    6.9744 ^ accAdder/_1601_/Z (AN4D0BWP30P140)
   0.0349    7.0093 ^ accAdder/_1603_/Z (AN3D0BWP30P140)
   0.0271    7.0364 v accAdder/_1605_/ZN (IND3D0BWP30P140)
   0.0379    7.0743 v accAdder/_1606_/Z (OR3D0BWP30P140)
   0.0368    7.1112 ^ accAdder/_1608_/ZN (INR3D0BWP30P140)
   0.0364    7.1476 v accAdder/_1611_/ZN (MAOI222D0BWP30P140)
   0.0357    7.1833 ^ accAdder/_1616_/ZN (NR4D0BWP30P140)
   0.0219    7.2052 v accAdder/_1619_/ZN (OAI31D0BWP30P140)
   0.0327    7.2378 v accAdder/_1621_/Z (AO21D0BWP30P140)
   0.0312    7.2691 ^ accAdder/_1623_/ZN (AOI21D0BWP30P140)
   0.0237    7.2927 v accAdder/_1626_/ZN (OAI21D0BWP30P140)
   0.0215    7.3142 v accAdder/_1658_/Z (AN3D0BWP30P140)
   0.0613    7.3755 v accAdder/_1659_/Z (OR3D0BWP30P140)
   0.0420    7.4175 ^ accAdder/_1703_/ZN (AOI211D0BWP30P140)
   0.0261    7.4435 ^ _060_/Z (AO22D0BWP30P140)
   0.0000    7.4435 ^ _070_/D (DFCNQD1BWP30P140)
             7.4435   data arrival time

  20.0000   20.0000   clock CORE_CLK (rise edge)
   0.0000   20.0000   clock network delay (ideal)
  -0.0500   19.9500   clock uncertainty
   0.0000   19.9500   clock reconvergence pessimism
            19.9500 ^ _070_/CP (DFCNQD1BWP30P140)
  -0.0174   19.9326   library setup time
            19.9326   data required time
-------------------------------------------------------------
            19.9326   data required time
            -7.4435   data arrival time
-------------------------------------------------------------
            12.4891   slack (MET)


