Startpoint: reset (input port clocked by CORE_CLK)
Endpoint: _42_ (recovery check against rising-edge clock CORE_CLK)
Path Group: asynchronous
Path Type: max

    Delay      Time   Description
-------------------------------------------------------------
   0.0000    0.0000   clock CORE_CLK (rise edge)
   0.0000    0.0000   clock network delay (ideal)
   0.0000    0.0000 ^ input external delay
   0.0000    0.0000 ^ reset (in)
   0.0000    0.0000 ^ _42_/CDN (DFCNQD1BWP30P140)
             0.0000   data arrival time

   2.0000    2.0000   clock CORE_CLK (rise edge)
   0.0000    2.0000   clock network delay (ideal)
  -0.0500    1.9500   clock uncertainty
   0.0000    1.9500   clock reconvergence pessimism
             1.9500 ^ _42_/CP (DFCNQD1BWP30P140)
   0.0258    1.9758   library recovery time
             1.9758   data required time
-------------------------------------------------------------
             1.9758   data required time
            -0.0000   data arrival time
-------------------------------------------------------------
             1.9758   slack (MET)


Startpoint: io_op_b_i[3] (input port clocked by CORE_CLK)
Endpoint: _57_ (rising edge-triggered flip-flop clocked by CORE_CLK)
Path Group: CORE_CLK
Path Type: max

    Delay      Time   Description
-------------------------------------------------------------
   0.0000    0.0000   clock CORE_CLK (rise edge)
   0.0000    0.0000   clock network delay (ideal)
   0.0000    0.0000 ^ input external delay
   0.0000    0.0000 ^ io_op_b_i[3] (in)
   0.0142    0.0142 ^ op/_073_/Z (OR2D0BWP30P140)
   0.0206    0.0347 v op/_074_/ZN (NR3D0BWP30P140)
   0.0407    0.0754 v op/_080_/Z (OR4D0BWP30P140)
   0.0310    0.1064 ^ op/_081_/ZN (MAOI222D0BWP30P140)
   0.0279    0.1343 ^ op/_084_/Z (AO21D0BWP30P140)
   0.0245    0.1588 ^ op/_086_/Z (AO211D0BWP30P140)
   0.0222    0.1811 v op/_087_/ZN (OAI211D0BWP30P140)
   0.0419    0.2230 v op/_088_/ZN (XNR2UD0BWP30P140)
   0.0268    0.2498 ^ tree/_08510_/ZN (CKND0BWP30P140)
   0.0358    0.2856 ^ tree/_08604_/ZN (MAOI22D0BWP30P140)
   0.0398    0.3254 ^ tree/_08606_/Z (AO21D0BWP30P140)
   0.0307    0.3561 ^ tree/_08616_/ZN (MUX2ND0BWP30P140)
   0.0245    0.3807 v tree/_08618_/ZN (AOI221D0BWP30P140)
   0.0247    0.4053 v tree/_08623_/Z (OA21D0BWP30P140)
   0.0342    0.4396 ^ tree/_08628_/ZN (OAI21D0BWP30P140)
   0.0403    0.4798 ^ tree/_08635_/Z (OA211D0BWP30P140)
   0.0219    0.5018 v tree/_08638_/ZN (OAI33D0BWP30P140)
   0.0230    0.5247 v tree/_08649_/Z (AO21D0BWP30P140)
   0.0131    0.5378 ^ tree/_08656_/ZN (AOI21D0BWP30P140)
   0.0402    0.5780 v tree/_08658_/ZN (MOAI22D0BWP30P140)
   0.0365    0.6145 v tree/_08665_/ZN (MUX2ND0BWP30P140)
   0.0281    0.6426 v tree/_08667_/ZN (MAOI22D0BWP30P140)
   0.0216    0.6641 ^ tree/_08672_/ZN (AOI221D0BWP30P140)
   0.0203    0.6844 v tree/_08681_/ZN (OAI21D0BWP30P140)
   0.0370    0.7214 ^ tree/_08684_/ZN (AOI21D0BWP30P140)
   0.0295    0.7509 ^ tree/_08695_/ZN (MUX2ND0BWP30P140)
   0.0295    0.7803 v tree/_08697_/ZN (OAI221D0BWP30P140)
   0.0257    0.8060 v tree/_08702_/Z (AO21D0BWP30P140)
   0.0270    0.8330 ^ tree/_08707_/ZN (AOI21D0BWP30P140)
   0.0153    0.8484 v tree/_08709_/ZN (NR2D0BWP30P140)
   0.0355    0.8839 ^ tree/_08718_/Z (CKMUX2D0BWP30P140)
   0.0273    0.9113 v tree/_08720_/ZN (OAI221D0BWP30P140)
   0.0238    0.9351 v tree/_08727_/Z (AO21D0BWP30P140)
   0.0464    0.9815 ^ tree/_08732_/ZN (AOI221D0BWP30P140)
   0.0199    1.0014 v tree/_08733_/ZN (NR2D0BWP30P140)
   0.0338    1.0352 ^ tree/_08746_/Z (CKMUX2D0BWP30P140)
   0.0265    1.0616 v tree/_08748_/ZN (OAI221D0BWP30P140)
   0.0236    1.0853 v tree/_08755_/Z (AO21D0BWP30P140)
   0.0380    1.1233 ^ tree/_08760_/ZN (AOI21D0BWP30P140)
   0.0350    1.1583 ^ tree/_08761_/Z (OR2D0BWP30P140)
   0.0165    1.1747 v tree/_08774_/ZN (AOI211D0BWP30P140)
   0.0376    1.2124 v tree/_08775_/Z (AO211D0BWP30P140)
   0.0164    1.2287 ^ tree/_08782_/ZN (AOI21D0BWP30P140)
   0.0420    1.2707 ^ tree/_08788_/ZN (IAO21D0BWP30P140)
   0.0232    1.2940 ^ tree/_08800_/Z (OR3D0BWP30P140)
   0.0236    1.3176 v tree/_08803_/ZN (AOI33D0BWP30P140)
   0.0434    1.3611 ^ tree/_08806_/ZN (AOI222D0BWP30P140)
   0.0288    1.3899 ^ tree/_08815_/ZN (IAO21D0BWP30P140)
   0.0388    1.4286 v tree/_08820_/ZN (OAI21D0BWP30P140)
   0.0419    1.4705 ^ tree/_08829_/Z (CKMUX2D0BWP30P140)
   0.0211    1.4916 v tree/_08831_/ZN (AOI221D0BWP30P140)
   0.0232    1.5147 v tree/_08836_/ZN (IAO21D0BWP30P140)
   0.0295    1.5442 ^ tree/_08841_/ZN (OAI21D0BWP30P140)
   0.0410    1.5852 ^ tree/_08843_/Z (OA211D0BWP30P140)
   0.0181    1.6033 v tree/_08852_/ZN (OAI33D0BWP30P140)
   0.0245    1.6278 ^ tree/_08853_/ZN (AOI22D0BWP30P140)
   0.0251    1.6530 v tree/_08861_/ZN (OAI221D0BWP30P140)
   0.0396    1.6925 ^ tree/_08866_/ZN (AOI21D0BWP30P140)
   0.0160    1.7085 v tree/_08868_/ZN (NR2D0BWP30P140)
   0.0289    1.7374 v tree/_08889_/ZN (MUX2ND0BWP30P140)
   0.0322    1.7696 v tree/_08891_/Z (AO22D0BWP30P140)
   0.0255    1.7951 ^ tree/_08896_/ZN (OAI222D0BWP30P140)
   0.0344    1.8295 v tree/_08899_/ZN (AOI21D0BWP30P140)
   0.0351    1.8646 ^ tree/_08909_/ZN (OAI31D0BWP30P140)
   0.0305    1.8951 v tree/_08911_/ZN (OAI221D0BWP30P140)
   0.0259    1.9210 v tree/_08916_/ZN (IOA21D0BWP30P140)
   0.0346    1.9555 v tree/_08922_/ZN (IOA21D0BWP30P140)
   0.0343    1.9898 ^ tree/_08928_/ZN (AOI221D0BWP30P140)
   0.0258    2.0156 v tree/_08932_/ZN (OAI33D0BWP30P140)
   0.0387    2.0543 ^ tree/_08939_/ZN (AOI222D0BWP30P140)
   0.0306    2.0849 ^ tree/_08948_/ZN (IAO21D0BWP30P140)
   0.0253    2.1102 ^ tree/_08950_/Z (OA21D0BWP30P140)
   0.0503    2.1605 v tree/_08960_/ZN (OAI21D0BWP30P140)
   0.0333    2.1938 v tree/_08983_/Z (AN2D0BWP30P140)
   0.0144    2.2082 ^ tree/_08985_/ZN (NR3D0BWP30P140)
   0.0258    2.2340 v tree/_08986_/ZN (AOI31D0BWP30P140)
   0.0778    2.3118 v tree/_08988_/Z (AO21D0BWP30P140)
   0.1993    2.5111 ^ tree/_08998_/ZN (MUX2ND0BWP30P140)
   0.0628    2.5739 v tree/_09221_/ZN (MAOI222D0BWP30P140)
   0.0510    2.6249 ^ tree/_09224_/ZN (AOI211D0BWP30P140)
   0.0320    2.6569 ^ tree/_09226_/Z (OA21D0BWP30P140)
   0.0300    2.6869 v tree/_09245_/ZN (OAI32D0BWP30P140)
   0.1295    2.8164 ^ tree/_09252_/ZN (AOI211D0BWP30P140)
   0.0311    2.8475 v tree/_09259_/ZN (MUX2ND0BWP30P140)
   0.0473    2.8947 ^ tree/_09272_/ZN (MUX3ND0BWP30P140)
   0.0339    2.9286 v tree/_09274_/ZN (ND3D0BWP30P140)
   0.0358    2.9644 v tree/_09393_/Z (AO21D0BWP30P140)
   0.0316    2.9960 v tree/_15922_/ZN (XNR2UD0BWP30P140)
   0.0607    3.0567 ^ tree/_15981_/ZN (XNR4D0BWP30P140)
   0.0276    3.0844 ^ tree/_15987_/ZN (XNR2UD0BWP30P140)
   0.0349    3.1193 ^ tree/_16050_/ZN (XNR2UD0BWP30P140)
   0.0526    3.1719 v tree/_16122_/ZN (XNR3UD0BWP30P140)
   0.0652    3.2371 v tree/_16180_/Z (XOR3UD0BWP30P140)
   0.0577    3.2948 v tree/_16212_/Z (XOR3UD0BWP30P140)
   0.0183    3.3131 ^ tree/_16213_/ZN (CKND0BWP30P140)
   0.0500    3.3631 v tree/_16231_/ZN (XNR3UD0BWP30P140)
   0.0355    3.3987 ^ tree/_16239_/ZN (MAOI222D0BWP30P140)
   0.0206    3.4193 v tree/_16241_/ZN (OAI21D0BWP30P140)
   0.0342    3.4535 ^ tree/_16242_/ZN (MAOI222D0BWP30P140)
   0.0251    3.4787 v tree/_16245_/ZN (OAI21D0BWP30P140)
   0.0360    3.5146 ^ tree/_16247_/ZN (MAOI222D0BWP30P140)
   0.0253    3.5399 v tree/_16250_/ZN (OAI21D0BWP30P140)
   0.0359    3.5758 ^ tree/_16252_/ZN (MAOI222D0BWP30P140)
   0.0203    3.5961 v tree/_16254_/ZN (OAI21D0BWP30P140)
   0.0340    3.6301 ^ tree/_16255_/ZN (MAOI222D0BWP30P140)
   0.0255    3.6556 v tree/_16257_/ZN (OAI21D0BWP30P140)
   0.0360    3.6916 ^ tree/_16259_/ZN (MAOI222D0BWP30P140)
   0.0251    3.7167 v tree/_16261_/ZN (OAI21D0BWP30P140)
   0.0360    3.7527 ^ tree/_16263_/ZN (MAOI222D0BWP30P140)
   0.0256    3.7783 v tree/_16265_/ZN (OAI21D0BWP30P140)
   0.0361    3.8144 ^ tree/_16267_/ZN (MAOI222D0BWP30P140)
   0.0250    3.8394 v tree/_16269_/ZN (OAI21D0BWP30P140)
   0.0358    3.8752 ^ tree/_16271_/ZN (MAOI222D0BWP30P140)
   0.0250    3.9002 v tree/_16274_/ZN (OAI21D0BWP30P140)
   0.0383    3.9385 ^ tree/_16276_/ZN (MAOI222D0BWP30P140)
   0.0258    3.9643 v tree/_16284_/ZN (OAI31D0BWP30P140)
   0.0300    3.9943 ^ tree/_16286_/ZN (AOI211D0BWP30P140)
   0.0246    4.0189 v tree/_16288_/ZN (OAI31D0BWP30P140)
   0.0242    4.0431 ^ tree/_16290_/ZN (OAI211D0BWP30P140)
   0.0271    4.0702 v tree/_16292_/ZN (AOI31D0BWP30P140)
   0.0310    4.1012 ^ tree/_16295_/ZN (AOI211D0BWP30P140)
   0.0235    4.1247 v tree/_16297_/ZN (OAI31D0BWP30P140)
   0.0365    4.1612 ^ tree/_16299_/ZN (MAOI222D0BWP30P140)
   0.0252    4.1863 v tree/_16302_/ZN (OAI21D0BWP30P140)
   0.0391    4.2254 ^ tree/_16304_/ZN (MAOI222D0BWP30P140)
   0.0285    4.2539 v tree/_16308_/ZN (OAI211D0BWP30P140)
   0.0360    4.2899 ^ tree/_16310_/ZN (AOI31D0BWP30P140)
   0.0297    4.3196 ^ tree/_16312_/Z (AO211D0BWP30P140)
   0.0335    4.3531 v tree/_16314_/ZN (AOI33D0BWP30P140)
   0.0353    4.3884 ^ tree/_16316_/ZN (AOI211D0BWP30P140)
   0.0230    4.4114 v tree/_16318_/ZN (OAI31D0BWP30P140)
   0.0266    4.4381 ^ tree/_16319_/ZN (AOI21D0BWP30P140)
   0.0235    4.4616 v tree/_16321_/ZN (OAI211D0BWP30P140)
   0.0347    4.4963 ^ tree/_16323_/ZN (AOI31D0BWP30P140)
   0.0297    4.5260 ^ tree/_16325_/Z (AO211D0BWP30P140)
   0.0335    4.5595 v tree/_16327_/ZN (AOI33D0BWP30P140)
   0.0351    4.5945 ^ tree/_16329_/ZN (AOI211D0BWP30P140)
   0.0229    4.6174 v tree/_16331_/ZN (OAI31D0BWP30P140)
   0.0286    4.6460 v tree/_16332_/ZN (IAO21D0BWP30P140)
   0.0926    4.7386 ^ tree/_16340_/ZN (XNR2UD0BWP30P140)
   0.0790    4.8176 v tree/_16341_/ZN (CKND0BWP30P140)
   0.0393    4.8569 ^ tree/_16411_/ZN (OAI31D0BWP30P140)
   0.0454    4.9023 ^ tree/_16414_/ZN (INR4D0BWP30P140)
   0.0408    4.9431 v tree/_16417_/ZN (ND4D0BWP30P140)
   0.0373    4.9804 ^ tree/_16425_/ZN (NR4D0BWP30P140)
   0.0439    5.0243 ^ tree/_16429_/ZN (INR4D0BWP30P140)
   0.0270    5.0513 v tree/_16432_/ZN (IND3D0BWP30P140)
   0.0287    5.0800 v tree/_16435_/ZN (IND2D0BWP30P140)
   0.0384    5.1184 v tree/_16437_/Z (OR4D0BWP30P140)
   0.0266    5.1450 ^ tree/_16441_/ZN (NR4D0BWP30P140)
   0.0130    5.1580 v tree/_16442_/ZN (CKND2D0BWP30P140)
   0.0173    5.1753 ^ tree/_16445_/ZN (NR3D0BWP30P140)
   0.0237    5.1990 ^ tree/_16448_/Z (AN2D0BWP30P140)
   0.0259    5.2249 v tree/_16452_/ZN (AOI31D0BWP30P140)
   0.0415    5.2664 v tree/_16454_/Z (AO21D0BWP30P140)
   0.0164    5.2828 ^ tree/_16457_/ZN (NR2D0BWP30P140)
   0.0235    5.3064 ^ tree/_16459_/Z (AN2D0BWP30P140)
   0.0283    5.3346 ^ tree/_16462_/Z (AN3D0BWP30P140)
   0.0149    5.3496 v tree/_16465_/ZN (AOI21D0BWP30P140)
   0.0311    5.3807 v tree/_16466_/Z (OR2D0BWP30P140)
   0.0164    5.3971 ^ tree/_16470_/ZN (OAI21D0BWP30P140)
   0.0281    5.4252 ^ tree/_16471_/Z (AO21D0BWP30P140)
   0.0223    5.4475 ^ tree/_16475_/Z (AN2D0BWP30P140)
   0.0153    5.4628 v tree/_16477_/ZN (AOI21D0BWP30P140)
   0.0284    5.4912 v tree/_16480_/Z (XOR2UD0BWP30P140)
   0.0125    5.5037 ^ tree/_16481_/ZN (CKND0BWP30P140)
   0.0157    5.5194 ^ tree/_16664_/Z (OR2D0BWP30P140)
   0.5037    6.0231 v tree/_16694_/ZN (OAI21D0BWP30P140)
   0.2010    6.2241 ^ tree/_16739_/ZN (MUX4ND0BWP30P140)
   0.0637    6.2878 ^ tree/_16834_/Z (MUX4D0BWP30P140)
   0.0249    6.3127 ^ tree/_16837_/Z (CKMUX2D0BWP30P140)
   0.0234    6.3361 v tree/_16845_/ZN (AOI221D0BWP30P140)
   0.0185    6.3546 ^ tree/_16889_/ZN (ND4D0BWP30P140)
   0.0141    6.3687 v tree/_16915_/ZN (NR4D0BWP30P140)
   0.0356    6.4043 ^ tree/_16917_/ZN (AOI221D0BWP30P140)
   0.0446    6.4490 ^ tree/_16920_/ZN (INR4D0BWP30P140)
   0.0431    6.4921 v tree/_16921_/ZN (ND3D0BWP30P140)
   0.0509    6.5429 v tree/_16941_/Z (OR3D0BWP30P140)
   0.0204    6.5633 ^ tree/_16946_/ZN (NR2D0BWP30P140)
   0.0177    6.5810 v tree/_16965_/ZN (XNR2UD0BWP30P140)
   0.0618    6.6429 v d2fpn/_089_/ZN (XNR3UD0BWP30P140)
   0.0296    6.6725 v d2fpn/_096_/Z (XOR2UD0BWP30P140)
   0.0293    6.7019 v d2fpn/_110_/ZN (XNR2UD0BWP30P140)
   0.0299    6.7318 ^ d2fpn/_111_/ZN (AOI21D0BWP30P140)
   0.0222    6.7539 v d2fpn/_114_/ZN (OAI21D0BWP30P140)
   0.0267    6.7806 ^ d2fpn/_116_/ZN (AOI21D0BWP30P140)
   0.0370    6.8176 ^ d2fpn/_124_/ZN (IAO21D0BWP30P140)
   0.0206    6.8382 ^ d2fpn/_130_/Z (OR3D0BWP30P140)
   0.0693    6.9075 v d2fpn/_146_/ZN (ND3D0BWP30P140)
   0.0543    6.9618 ^ d2fpn/_156_/ZN (NR3D0BWP30P140)
   0.0134    6.9752 v accAdder/_0518_/ZN (IND2D0BWP30P140)
   0.0270    7.0022 v accAdder/_0519_/ZN (IOA21D0BWP30P140)
   0.0413    7.0435 v accAdder/_0533_/Z (XOR2UD0BWP30P140)
   0.0304    7.0739 ^ accAdder/_0534_/ZN (NR2D0BWP30P140)
   0.0166    7.0905 v accAdder/_0540_/ZN (CKND2D0BWP30P140)
   0.0205    7.1109 ^ accAdder/_0549_/ZN (NR3D0BWP30P140)
   0.0533    7.1642 ^ accAdder/_0561_/ZN (INR4D0BWP30P140)
   0.0946    7.2588 v accAdder/_0588_/Z (CKMUX2D0BWP30P140)
   0.1083    7.3671 ^ accAdder/_0616_/ZN (OAI31D0BWP30P140)
   0.0321    7.3991 v accAdder/_0618_/ZN (NR3D0BWP30P140)
   0.0487    7.4478 ^ accAdder/_0697_/ZN (AOI222D0BWP30P140)
   0.0161    7.4639 v accAdder/_0768_/ZN (AOI211D0BWP30P140)
   0.0485    7.5124 ^ accAdder/_0772_/ZN (AOI211D0BWP30P140)
   0.0239    7.5363 v accAdder/_0774_/ZN (ND3D0BWP30P140)
   0.0228    7.5591 ^ accAdder/_0776_/ZN (OAI21D0BWP30P140)
   0.0237    7.5828 v accAdder/_0778_/ZN (MAOI222D0BWP30P140)
   0.0231    7.6060 ^ accAdder/_0779_/ZN (OAI21D0BWP30P140)
   0.0235    7.6295 ^ accAdder/_0780_/Z (AO21D0BWP30P140)
   0.0230    7.6525 v accAdder/_0781_/ZN (MAOI222D0BWP30P140)
   0.0336    7.6860 ^ accAdder/_0783_/ZN (MAOI222D0BWP30P140)
   0.0263    7.7124 ^ accAdder/_0785_/Z (AO21D0BWP30P140)
   0.0132    7.7256 v accAdder/_0795_/ZN (AOI211D0BWP30P140)
   0.0343    7.7599 ^ accAdder/_0796_/ZN (AOI21D0BWP30P140)
   0.0211    7.7810 ^ accAdder/_0799_/Z (XOR2UD0BWP30P140)
   0.0189    7.7999 v accAdder/_0869_/ZN (AOI211D0BWP30P140)
   0.1133    7.9132 ^ accAdder/_0870_/ZN (NR2D0BWP30P140)
   0.0524    7.9655 v accAdder/_0893_/ZN (MUX3ND0BWP30P140)
   0.0383    8.0038 ^ accAdder/_0903_/ZN (NR3D0BWP30P140)
   0.0411    8.0449 v accAdder/_0907_/ZN (ND4D0BWP30P140)
   0.0482    8.0932 ^ accAdder/_0917_/ZN (INR4D0BWP30P140)
   0.0337    8.1269 ^ accAdder/_0919_/ZN (INR3D0BWP30P140)
   0.0242    8.1511 ^ accAdder/_0920_/ZN (INR2D0BWP30P140)
   0.0341    8.1852 v accAdder/_0921_/ZN (MAOI222D0BWP30P140)
   0.0498    8.2350 v accAdder/_0927_/Z (OR4D0BWP30P140)
   0.0333    8.2683 v accAdder/_0937_/Z (AO211D0BWP30P140)
   0.0247    8.2930 ^ accAdder/_0941_/ZN (OAI31D0BWP30P140)
   0.1007    8.3937 v accAdder/_0944_/ZN (OAI211D0BWP30P140)
   0.0461    8.4398 ^ accAdder/_0957_/ZN (INR3D0BWP30P140)
   0.0279    8.4678 ^ _39_/Z (AO22D0BWP30P140)
   0.0000    8.4678 ^ _57_/D (DFCNQD1BWP30P140)
             8.4678   data arrival time

   2.0000    2.0000   clock CORE_CLK (rise edge)
   0.0000    2.0000   clock network delay (ideal)
  -0.0500    1.9500   clock uncertainty
   0.0000    1.9500   clock reconvergence pessimism
             1.9500 ^ _57_/CP (DFCNQD1BWP30P140)
  -0.0171    1.9329   library setup time
             1.9329   data required time
-------------------------------------------------------------
             1.9329   data required time
            -8.4678   data arrival time
-------------------------------------------------------------
            -6.5348   slack (VIOLATED)


