Startpoint: reset (input port clocked by CORE_CLK)
Endpoint: _068_ (recovery check against rising-edge clock CORE_CLK)
Path Group: asynchronous
Path Type: max

    Delay      Time   Description
-------------------------------------------------------------
   0.0000    0.0000   clock CORE_CLK (rise edge)
   0.0000    0.0000   clock network delay (ideal)
   0.0000    0.0000 ^ input external delay
   0.0000    0.0000 ^ reset (in)
   0.0000    0.0000 ^ _068_/CDN (DFCNQD1BWP30P140)
             0.0000   data arrival time

  20.0000   20.0000   clock CORE_CLK (rise edge)
   0.0000   20.0000   clock network delay (ideal)
  -0.0500   19.9500   clock uncertainty
   0.0000   19.9500   clock reconvergence pessimism
            19.9500 ^ _068_/CP (DFCNQD1BWP30P140)
   0.0258   19.9758   library recovery time
            19.9758   data required time
-------------------------------------------------------------
            19.9758   data required time
            -0.0000   data arrival time
-------------------------------------------------------------
            19.9758   slack (MET)


Startpoint: io_op_a_i[7] (input port clocked by CORE_CLK)
Endpoint: _070_ (rising edge-triggered flip-flop clocked by CORE_CLK)
Path Group: CORE_CLK
Path Type: max

    Delay      Time   Description
-------------------------------------------------------------
   0.0000    0.0000   clock CORE_CLK (rise edge)
   0.0000    0.0000   clock network delay (ideal)
   0.0000    0.0000 ^ input external delay
   0.0000    0.0000 ^ io_op_a_i[7] (in)
   0.0149    0.0149 v reducedSum_op/_078_/ZN (OAI21D0BWP30P140)
   0.0307    0.0457 ^ reducedSum_op/_080_/ZN (OAI22D0BWP30P140)
   0.0190    0.0646 v reducedSum_op/_081_/ZN (CKND2D0BWP30P140)
   0.0630    0.1276 v reducedSum_op/_091_/ZN (XNR3UD0BWP30P140)
   0.0649    0.1925 v reducedSum_op/_109_/Z (XOR3UD0BWP30P140)
   0.0353    0.2278 ^ reducedSum_op/_113_/ZN (MAOI222D0BWP30P140)
   0.0337    0.2615 v reducedSum_op/_115_/ZN (MAOI222D0BWP30P140)
   0.0406    0.3021 ^ reducedSum_op/_151_/ZN (MAOI222D0BWP30P140)
   0.0317    0.3338 v reducedSum_op/_153_/ZN (MAOI222D0BWP30P140)
   0.0397    0.3735 ^ reducedSum_op/_155_/ZN (MAOI222D0BWP30P140)
   0.0552    0.4287 v reducedSum_op/_160_/ZN (OAI21D0BWP30P140)
   0.0369    0.4655 ^ reducedSum_sa/_1233_/ZN (CKND2D0BWP30P140)
   0.0118    0.4773 v reducedSum_sa/_1276_/Z (XOR2UD0BWP30P140)
   0.0305    0.5078 v reducedSum_sa/_1316_/ZN (XNR2UD0BWP30P140)
   0.0289    0.5367 v reducedSum_sa/_1322_/ZN (XNR2UD0BWP30P140)
   0.0294    0.5660 v reducedSum_sa/_1357_/ZN (XNR2UD0BWP30P140)
   0.0279    0.5939 ^ reducedSum_sa/_1372_/Z (XOR2UD0BWP30P140)
   0.0366    0.6305 v reducedSum_sa/_1373_/ZN (AOI33D0BWP30P140)
   0.0696    0.7001 ^ reducedSum_sa/_1381_/ZN (XNR4D0BWP30P140)
   0.0460    0.7461 v reducedSum_sa/_1420_/ZN (XNR3UD0BWP30P140)
   0.0352    0.7813 v reducedSum_sa/_1453_/Z (XOR2UD0BWP30P140)
   0.0316    0.8129 ^ reducedSum_sa/_1585_/ZN (MAOI222D0BWP30P140)
   0.0267    0.8396 v reducedSum_sa/_1586_/ZN (MAOI222D0BWP30P140)
   0.0334    0.8730 ^ reducedSum_sa/_1587_/ZN (MAOI222D0BWP30P140)
   0.0266    0.8996 v reducedSum_sa/_1588_/ZN (MAOI222D0BWP30P140)
   0.0384    0.9380 ^ reducedSum_sa/_1589_/ZN (MAOI222D0BWP30P140)
   0.0304    0.9684 v reducedSum_sa/_1591_/ZN (MAOI222D0BWP30P140)
   0.0311    0.9995 ^ reducedSum_sa/_1593_/ZN (AOI21D0BWP30P140)
   0.0239    1.0234 v reducedSum_sa/_1596_/ZN (OAI21D0BWP30P140)
   0.0385    1.0619 ^ reducedSum_sa/_1598_/ZN (MAOI222D0BWP30P140)
   0.0151    1.0771 v reducedSum_sa/_1620_/ZN (NR3D0BWP30P140)
   0.0219    1.0990 ^ reducedSum_sa/_1638_/ZN (OAI21D0BWP30P140)
   0.0161    1.1151 v reducedSum_sa/_1683_/ZN (AOI21D0BWP30P140)
   0.0405    1.1556 v reducedSum_sa/_1685_/Z (OR4D0BWP30P140)
   0.1385    1.2941 ^ reducedSum_conv/_247_/ZN (AOI211D0BWP30P140)
   0.1064    1.4005 v reducedSum_conv/_248_/ZN (CKND0BWP30P140)
   0.0613    1.4619 v reducedSum_conv/_274_/ZN (MUX4ND0BWP30P140)
   0.0437    1.5056 ^ reducedSum_conv/_331_/ZN (NR2D0BWP30P140)
   0.0465    1.5521 ^ reducedSum_conv/_353_/ZN (INR4D0BWP30P140)
   0.0506    1.6027 v reducedSum_conv/_357_/ZN (ND4D0BWP30P140)
   0.0399    1.6426 ^ reducedSum_conv/_361_/ZN (NR4D0BWP30P140)
   0.0513    1.6939 v reducedSum_conv/_367_/ZN (IND4D0BWP30P140)
   0.0344    1.7283 ^ reducedSum_conv/_376_/ZN (NR4D0BWP30P140)
   0.0322    1.7605 v reducedSum_conv/_378_/ZN (IND3D0BWP30P140)
   0.0345    1.7950 ^ reducedSum_conv/_380_/ZN (NR4D0BWP30P140)
   0.0491    1.8441 v reducedSum_conv/_385_/ZN (IND4D0BWP30P140)
   0.0305    1.8746 v reducedSum_conv/_418_/ZN (XNR2UD0BWP30P140)
   0.0285    1.9032 ^ reducedSum_conv/_419_/ZN (NR2D0BWP30P140)
   0.0315    1.9347 v reducedSum_nextLevel_adder/_0897_/ZN (XNR2UD0BWP30P140)
   0.0321    1.9668 ^ reducedSum_nextLevel_adder/_0899_/ZN (AOI21D0BWP30P140)
   0.0302    1.9970 v reducedSum_nextLevel_adder/_0901_/ZN (MAOI222D0BWP30P140)
   0.0355    2.0325 ^ reducedSum_nextLevel_adder/_0902_/ZN (MAOI222D0BWP30P140)
   0.0307    2.0631 v reducedSum_nextLevel_adder/_0903_/ZN (MAOI222D0BWP30P140)
   0.0361    2.0993 ^ reducedSum_nextLevel_adder/_0966_/ZN (MAOI222D0BWP30P140)
   0.0302    2.1295 v reducedSum_nextLevel_adder/_0968_/ZN (MAOI222D0BWP30P140)
   0.0260    2.1555 v reducedSum_nextLevel_adder/_0970_/ZN (XNR2UD0BWP30P140)
   0.0214    2.1769 ^ reducedSum_nextLevel_adder/_0971_/ZN (NR2D0BWP30P140)
   0.0257    2.2026 ^ reducedSum_nextLevel_adder/_0972_/Z (AN2D0BWP30P140)
   0.4170    2.6196 v reducedSum_nextLevel_adder/_0975_/ZN (AOI31D0BWP30P140)
   0.4192    3.0388 ^ reducedSum_nextLevel_adder/_0991_/ZN (AOI22D0BWP30P140)
   0.0318    3.0707 v reducedSum_nextLevel_adder/_1063_/ZN (CKND2D0BWP30P140)
   0.0370    3.1076 ^ reducedSum_nextLevel_adder/_1188_/ZN (OAI32D0BWP30P140)
   0.0151    3.1227 v reducedSum_nextLevel_adder/_1189_/ZN (AOI21D0BWP30P140)
   0.0396    3.1623 ^ reducedSum_nextLevel_adder/_1191_/ZN (OAI221D0BWP30P140)
   0.0211    3.1834 v reducedSum_nextLevel_adder/_1196_/ZN (OAI31D0BWP30P140)
   0.0222    3.2057 ^ reducedSum_nextLevel_adder/_1198_/ZN (AOI21D0BWP30P140)
   0.0256    3.2312 v reducedSum_nextLevel_adder/_1200_/ZN (MAOI222D0BWP30P140)
   0.0396    3.2709 ^ reducedSum_nextLevel_adder/_1202_/ZN (MAOI222D0BWP30P140)
   0.0257    3.2966 v reducedSum_nextLevel_adder/_1204_/ZN (MAOI222D0BWP30P140)
   0.0277    3.3243 ^ reducedSum_nextLevel_adder/_1206_/ZN (AOI21D0BWP30P140)
   0.0253    3.3496 ^ reducedSum_nextLevel_adder/_1209_/ZN (IAO21D0BWP30P140)
   0.0247    3.3742 v reducedSum_nextLevel_adder/_1211_/ZN (MAOI222D0BWP30P140)
   0.0395    3.4138 ^ reducedSum_nextLevel_adder/_1213_/ZN (MAOI222D0BWP30P140)
   0.0265    3.4402 v reducedSum_nextLevel_adder/_1221_/ZN (MAOI222D0BWP30P140)
   0.0354    3.4756 v reducedSum_nextLevel_adder/_1232_/Z (AO21D0BWP30P140)
   0.0261    3.5017 ^ reducedSum_nextLevel_adder/_1242_/ZN (MAOI222D0BWP30P140)
   0.0265    3.5282 v reducedSum_nextLevel_adder/_1255_/ZN (MAOI222D0BWP30P140)
   0.0315    3.5597 v reducedSum_nextLevel_adder/_1259_/Z (AO21D0BWP30P140)
   0.0182    3.5779 ^ reducedSum_nextLevel_adder/_1276_/ZN (AOI21D0BWP30P140)
   0.0258    3.6037 v reducedSum_nextLevel_adder/_1280_/ZN (MAOI222D0BWP30P140)
   0.0391    3.6428 ^ reducedSum_nextLevel_adder/_1296_/ZN (MAOI222D0BWP30P140)
   0.0262    3.6690 v reducedSum_nextLevel_adder/_1300_/ZN (MAOI222D0BWP30P140)
   0.0304    3.6994 ^ reducedSum_nextLevel_adder/_1318_/ZN (AOI21D0BWP30P140)
   0.0249    3.7243 v reducedSum_nextLevel_adder/_1322_/ZN (MAOI222D0BWP30P140)
   0.0364    3.7608 v reducedSum_nextLevel_adder/_1345_/Z (AO21D0BWP30P140)
   0.0156    3.7764 ^ reducedSum_nextLevel_adder/_1353_/ZN (MUX2ND0BWP30P140)
   0.0347    3.8111 ^ reducedSum_nextLevel_adder/_1354_/ZN (XNR2UD0BWP30P140)
   0.0288    3.8399 ^ reducedSum_nextLevel_adder/_1453_/ZN (MAOI22D0BWP30P140)
   0.1281    3.9680 v reducedSum_nextLevel_adder/_1456_/ZN (OAI211D0BWP30P140)
   0.0886    4.0566 ^ reducedSum_nextLevel_adder/_1531_/Z (MUX4D0BWP30P140)
   0.0194    4.0760 v reducedSum_nextLevel_adder/_1534_/ZN (MUX3ND0BWP30P140)
   0.0405    4.1165 ^ reducedSum_nextLevel_adder/_1568_/ZN (NR2D0BWP30P140)
   0.0507    4.1672 ^ reducedSum_nextLevel_adder/_1577_/ZN (INR4D0BWP30P140)
   0.0510    4.2183 ^ reducedSum_nextLevel_adder/_1582_/Z (AN4D0BWP30P140)
   0.0395    4.2577 ^ reducedSum_nextLevel_adder/_1590_/Z (AN4D0BWP30P140)
   0.0406    4.2983 ^ reducedSum_nextLevel_adder/_1601_/Z (AN4D0BWP30P140)
   0.0349    4.3332 ^ reducedSum_nextLevel_adder/_1603_/Z (AN3D0BWP30P140)
   0.0271    4.3603 v reducedSum_nextLevel_adder/_1605_/ZN (IND3D0BWP30P140)
   0.0379    4.3982 v reducedSum_nextLevel_adder/_1606_/Z (OR3D0BWP30P140)
   0.0368    4.4351 ^ reducedSum_nextLevel_adder/_1608_/ZN (INR3D0BWP30P140)
   0.0364    4.4715 v reducedSum_nextLevel_adder/_1611_/ZN (MAOI222D0BWP30P140)
   0.0357    4.5072 ^ reducedSum_nextLevel_adder/_1616_/ZN (NR4D0BWP30P140)
   0.0219    4.5291 v reducedSum_nextLevel_adder/_1619_/ZN (OAI31D0BWP30P140)
   0.0327    4.5617 v reducedSum_nextLevel_adder/_1621_/Z (AO21D0BWP30P140)
   0.0312    4.5930 ^ reducedSum_nextLevel_adder/_1623_/ZN (AOI21D0BWP30P140)
   0.0248    4.6178 ^ reducedSum_nextLevel_adder/_1625_/Z (OR3D0BWP30P140)
   0.0144    4.6321 v reducedSum_nextLevel_adder/_1647_/ZN (AOI21D0BWP30P140)
   0.0314    4.6635 v reducedSum_nextLevel_adder/_1648_/Z (OR2D0BWP30P140)
   0.0267    4.6903 ^ reducedSum_nextLevel_adder/_1653_/ZN (NR2D0BWP30P140)
   0.0319    4.7221 v reducedSum_nextLevel_adder_2/_0897_/ZN (XNR2UD0BWP30P140)
   0.0322    4.7543 ^ reducedSum_nextLevel_adder_2/_0899_/ZN (AOI21D0BWP30P140)
   0.0302    4.7845 v reducedSum_nextLevel_adder_2/_0901_/ZN (MAOI222D0BWP30P140)
   0.0360    4.8205 ^ reducedSum_nextLevel_adder_2/_0902_/ZN (MAOI222D0BWP30P140)
   0.0302    4.8508 v reducedSum_nextLevel_adder_2/_0903_/ZN (MAOI222D0BWP30P140)
   0.0360    4.8868 ^ reducedSum_nextLevel_adder_2/_0966_/ZN (MAOI222D0BWP30P140)
   0.0302    4.9170 v reducedSum_nextLevel_adder_2/_0968_/ZN (MAOI222D0BWP30P140)
   0.0257    4.9427 v reducedSum_nextLevel_adder_2/_0970_/ZN (XNR2UD0BWP30P140)
   0.0213    4.9640 ^ reducedSum_nextLevel_adder_2/_0971_/ZN (NR2D0BWP30P140)
   0.0257    4.9897 ^ reducedSum_nextLevel_adder_2/_0972_/Z (AN2D0BWP30P140)
   0.4170    5.4067 v reducedSum_nextLevel_adder_2/_0975_/ZN (AOI31D0BWP30P140)
   0.4192    5.8259 ^ reducedSum_nextLevel_adder_2/_0991_/ZN (AOI22D0BWP30P140)
   0.0318    5.8577 v reducedSum_nextLevel_adder_2/_1063_/ZN (CKND2D0BWP30P140)
   0.0370    5.8947 ^ reducedSum_nextLevel_adder_2/_1188_/ZN (OAI32D0BWP30P140)
   0.0151    5.9098 v reducedSum_nextLevel_adder_2/_1189_/ZN (AOI21D0BWP30P140)
   0.0396    5.9494 ^ reducedSum_nextLevel_adder_2/_1191_/ZN (OAI221D0BWP30P140)
   0.0211    5.9705 v reducedSum_nextLevel_adder_2/_1196_/ZN (OAI31D0BWP30P140)
   0.0222    5.9928 ^ reducedSum_nextLevel_adder_2/_1198_/ZN (AOI21D0BWP30P140)
   0.0256    6.0183 v reducedSum_nextLevel_adder_2/_1200_/ZN (MAOI222D0BWP30P140)
   0.0396    6.0579 ^ reducedSum_nextLevel_adder_2/_1202_/ZN (MAOI222D0BWP30P140)
   0.0257    6.0836 v reducedSum_nextLevel_adder_2/_1204_/ZN (MAOI222D0BWP30P140)
   0.0277    6.1114 ^ reducedSum_nextLevel_adder_2/_1206_/ZN (AOI21D0BWP30P140)
   0.0253    6.1367 ^ reducedSum_nextLevel_adder_2/_1209_/ZN (IAO21D0BWP30P140)
   0.0247    6.1613 v reducedSum_nextLevel_adder_2/_1211_/ZN (MAOI222D0BWP30P140)
   0.0395    6.2008 ^ reducedSum_nextLevel_adder_2/_1213_/ZN (MAOI222D0BWP30P140)
   0.0265    6.2273 v reducedSum_nextLevel_adder_2/_1221_/ZN (MAOI222D0BWP30P140)
   0.0354    6.2627 v reducedSum_nextLevel_adder_2/_1232_/Z (AO21D0BWP30P140)
   0.0261    6.2888 ^ reducedSum_nextLevel_adder_2/_1242_/ZN (MAOI222D0BWP30P140)
   0.0265    6.3153 v reducedSum_nextLevel_adder_2/_1255_/ZN (MAOI222D0BWP30P140)
   0.0315    6.3468 v reducedSum_nextLevel_adder_2/_1259_/Z (AO21D0BWP30P140)
   0.0182    6.3650 ^ reducedSum_nextLevel_adder_2/_1276_/ZN (AOI21D0BWP30P140)
   0.0258    6.3908 v reducedSum_nextLevel_adder_2/_1280_/ZN (MAOI222D0BWP30P140)
   0.0391    6.4299 ^ reducedSum_nextLevel_adder_2/_1296_/ZN (MAOI222D0BWP30P140)
   0.0262    6.4561 v reducedSum_nextLevel_adder_2/_1300_/ZN (MAOI222D0BWP30P140)
   0.0304    6.4865 ^ reducedSum_nextLevel_adder_2/_1318_/ZN (AOI21D0BWP30P140)
   0.0249    6.5114 v reducedSum_nextLevel_adder_2/_1322_/ZN (MAOI222D0BWP30P140)
   0.0364    6.5479 v reducedSum_nextLevel_adder_2/_1345_/Z (AO21D0BWP30P140)
   0.0156    6.5635 ^ reducedSum_nextLevel_adder_2/_1353_/ZN (MUX2ND0BWP30P140)
   0.0347    6.5982 ^ reducedSum_nextLevel_adder_2/_1354_/ZN (XNR2UD0BWP30P140)
   0.0288    6.6270 ^ reducedSum_nextLevel_adder_2/_1453_/ZN (MAOI22D0BWP30P140)
   0.1281    6.7551 v reducedSum_nextLevel_adder_2/_1456_/ZN (OAI211D0BWP30P140)
   0.0886    6.8437 ^ reducedSum_nextLevel_adder_2/_1531_/Z (MUX4D0BWP30P140)
   0.0194    6.8631 v reducedSum_nextLevel_adder_2/_1534_/ZN (MUX3ND0BWP30P140)
   0.0405    6.9036 ^ reducedSum_nextLevel_adder_2/_1568_/ZN (NR2D0BWP30P140)
   0.0507    6.9543 ^ reducedSum_nextLevel_adder_2/_1577_/ZN (INR4D0BWP30P140)
   0.0510    7.0054 ^ reducedSum_nextLevel_adder_2/_1582_/Z (AN4D0BWP30P140)
   0.0395    7.0448 ^ reducedSum_nextLevel_adder_2/_1590_/Z (AN4D0BWP30P140)
   0.0406    7.0854 ^ reducedSum_nextLevel_adder_2/_1601_/Z (AN4D0BWP30P140)
   0.0349    7.1203 ^ reducedSum_nextLevel_adder_2/_1603_/Z (AN3D0BWP30P140)
   0.0271    7.1474 v reducedSum_nextLevel_adder_2/_1605_/ZN (IND3D0BWP30P140)
   0.0379    7.1853 v reducedSum_nextLevel_adder_2/_1606_/Z (OR3D0BWP30P140)
   0.0368    7.2222 ^ reducedSum_nextLevel_adder_2/_1608_/ZN (INR3D0BWP30P140)
   0.0364    7.2586 v reducedSum_nextLevel_adder_2/_1611_/ZN (MAOI222D0BWP30P140)
   0.0357    7.2943 ^ reducedSum_nextLevel_adder_2/_1616_/ZN (NR4D0BWP30P140)
   0.0219    7.3162 v reducedSum_nextLevel_adder_2/_1619_/ZN (OAI31D0BWP30P140)
   0.0327    7.3488 v reducedSum_nextLevel_adder_2/_1621_/Z (AO21D0BWP30P140)
   0.0312    7.3801 ^ reducedSum_nextLevel_adder_2/_1623_/ZN (AOI21D0BWP30P140)
   0.0248    7.4049 ^ reducedSum_nextLevel_adder_2/_1625_/Z (OR3D0BWP30P140)
   0.0144    7.4192 v reducedSum_nextLevel_adder_2/_1647_/ZN (AOI21D0BWP30P140)
   0.0314    7.4506 v reducedSum_nextLevel_adder_2/_1648_/Z (OR2D0BWP30P140)
   0.0303    7.4809 ^ reducedSum_nextLevel_adder_2/_1653_/ZN (NR2D0BWP30P140)
   0.0246    7.5055 v accAdder/_0897_/ZN (XNR2UD0BWP30P140)
   0.0314    7.5368 ^ accAdder/_0899_/ZN (AOI21D0BWP30P140)
   0.0301    7.5670 v accAdder/_0901_/ZN (MAOI222D0BWP30P140)
   0.0360    7.6030 ^ accAdder/_0902_/ZN (MAOI222D0BWP30P140)
   0.0302    7.6332 v accAdder/_0903_/ZN (MAOI222D0BWP30P140)
   0.0360    7.6692 ^ accAdder/_0966_/ZN (MAOI222D0BWP30P140)
   0.0302    7.6994 v accAdder/_0968_/ZN (MAOI222D0BWP30P140)
   0.0257    7.7251 v accAdder/_0970_/ZN (XNR2UD0BWP30P140)
   0.0212    7.7463 ^ accAdder/_0971_/ZN (NR2D0BWP30P140)
   0.0257    7.7720 ^ accAdder/_0972_/Z (AN2D0BWP30P140)
   0.4170    8.1890 v accAdder/_0975_/ZN (AOI31D0BWP30P140)
   0.4192    8.6082 ^ accAdder/_0991_/ZN (AOI22D0BWP30P140)
   0.0318    8.6401 v accAdder/_1063_/ZN (CKND2D0BWP30P140)
   0.0370    8.6771 ^ accAdder/_1188_/ZN (OAI32D0BWP30P140)
   0.0151    8.6921 v accAdder/_1189_/ZN (AOI21D0BWP30P140)
   0.0396    8.7318 ^ accAdder/_1191_/ZN (OAI221D0BWP30P140)
   0.0211    8.7528 v accAdder/_1196_/ZN (OAI31D0BWP30P140)
   0.0222    8.7751 ^ accAdder/_1198_/ZN (AOI21D0BWP30P140)
   0.0256    8.8007 v accAdder/_1200_/ZN (MAOI222D0BWP30P140)
   0.0396    8.8403 ^ accAdder/_1202_/ZN (MAOI222D0BWP30P140)
   0.0257    8.8660 v accAdder/_1204_/ZN (MAOI222D0BWP30P140)
   0.0277    8.8937 ^ accAdder/_1206_/ZN (AOI21D0BWP30P140)
   0.0253    8.9190 ^ accAdder/_1209_/ZN (IAO21D0BWP30P140)
   0.0247    8.9437 v accAdder/_1211_/ZN (MAOI222D0BWP30P140)
   0.0395    8.9832 ^ accAdder/_1213_/ZN (MAOI222D0BWP30P140)
   0.0265    9.0097 v accAdder/_1221_/ZN (MAOI222D0BWP30P140)
   0.0354    9.0451 v accAdder/_1232_/Z (AO21D0BWP30P140)
   0.0261    9.0711 ^ accAdder/_1242_/ZN (MAOI222D0BWP30P140)
   0.0265    9.0977 v accAdder/_1255_/ZN (MAOI222D0BWP30P140)
   0.0315    9.1291 v accAdder/_1259_/Z (AO21D0BWP30P140)
   0.0182    9.1473 ^ accAdder/_1276_/ZN (AOI21D0BWP30P140)
   0.0258    9.1732 v accAdder/_1280_/ZN (MAOI222D0BWP30P140)
   0.0391    9.2123 ^ accAdder/_1296_/ZN (MAOI222D0BWP30P140)
   0.0262    9.2384 v accAdder/_1300_/ZN (MAOI222D0BWP30P140)
   0.0304    9.2688 ^ accAdder/_1318_/ZN (AOI21D0BWP30P140)
   0.0249    9.2938 v accAdder/_1322_/ZN (MAOI222D0BWP30P140)
   0.0364    9.3302 v accAdder/_1345_/Z (AO21D0BWP30P140)
   0.0156    9.3458 ^ accAdder/_1353_/ZN (MUX2ND0BWP30P140)
   0.0347    9.3806 ^ accAdder/_1354_/ZN (XNR2UD0BWP30P140)
   0.0288    9.4093 ^ accAdder/_1453_/ZN (MAOI22D0BWP30P140)
   0.1281    9.5374 v accAdder/_1456_/ZN (OAI211D0BWP30P140)
   0.0886    9.6260 ^ accAdder/_1531_/Z (MUX4D0BWP30P140)
   0.0194    9.6455 v accAdder/_1534_/ZN (MUX3ND0BWP30P140)
   0.0405    9.6860 ^ accAdder/_1568_/ZN (NR2D0BWP30P140)
   0.0507    9.7366 ^ accAdder/_1577_/ZN (INR4D0BWP30P140)
   0.0510    9.7877 ^ accAdder/_1582_/Z (AN4D0BWP30P140)
   0.0395    9.8272 ^ accAdder/_1590_/Z (AN4D0BWP30P140)
   0.0406    9.8677 ^ accAdder/_1601_/Z (AN4D0BWP30P140)
   0.0349    9.9026 ^ accAdder/_1603_/Z (AN3D0BWP30P140)
   0.0271    9.9298 v accAdder/_1605_/ZN (IND3D0BWP30P140)
   0.0379    9.9677 v accAdder/_1606_/Z (OR3D0BWP30P140)
   0.0368   10.0045 ^ accAdder/_1608_/ZN (INR3D0BWP30P140)
   0.0364   10.0409 v accAdder/_1611_/ZN (MAOI222D0BWP30P140)
   0.0357   10.0766 ^ accAdder/_1616_/ZN (NR4D0BWP30P140)
   0.0219   10.0985 v accAdder/_1619_/ZN (OAI31D0BWP30P140)
   0.0327   10.1312 v accAdder/_1621_/Z (AO21D0BWP30P140)
   0.0312   10.1624 ^ accAdder/_1623_/ZN (AOI21D0BWP30P140)
   0.0237   10.1861 v accAdder/_1626_/ZN (OAI21D0BWP30P140)
   0.0215   10.2075 v accAdder/_1658_/Z (AN3D0BWP30P140)
   0.0613   10.2688 v accAdder/_1659_/Z (OR3D0BWP30P140)
   0.0420   10.3108 ^ accAdder/_1703_/ZN (AOI211D0BWP30P140)
   0.0261   10.3369 ^ _060_/Z (AO22D0BWP30P140)
   0.0000   10.3369 ^ _070_/D (DFCNQD1BWP30P140)
            10.3369   data arrival time

  20.0000   20.0000   clock CORE_CLK (rise edge)
   0.0000   20.0000   clock network delay (ideal)
  -0.0500   19.9500   clock uncertainty
   0.0000   19.9500   clock reconvergence pessimism
            19.9500 ^ _070_/CP (DFCNQD1BWP30P140)
  -0.0174   19.9326   library setup time
            19.9326   data required time
-------------------------------------------------------------
            19.9326   data required time
           -10.3369   data arrival time
-------------------------------------------------------------
             9.5958   slack (MET)


