
6. Printing statistics.

=== BFP_PE ===

        +----------Local Count, excluding submodules.
        |        +-Local Area, excluding submodules.
        |        | 
       81        - wires
      499        - wire bits
       47        - public wires
      465        - public wire bits
       10        - ports
      109        - port bits
       67   99.918 cells
       32   24.192   AO22D0BWP30P140
       33   74.844   DFCNQD1BWP30P140
        1    0.504   INR2D0BWP30P140
        1    0.378   NR2D0BWP30P140
       13        - submodules
        3        -   CustomFPAdder_exp8_mant20
        4        -   CustomOperator_E5M2_to_E3M2
        1        -   FP32Adder
        4        -   ScaleAddition_E5M2_to_E3M2_scale_UE2M6
        1        -   ScaleToFP32_E5M2_x_E3M2_UE2M6

   Chip area for module '\BFP_PE': 99.918000
     of which used for sequential elements: 74.844000 (74.91%)

=== FP32Adder ===

        +----------Local Count, excluding submodules.
        |        +-Local Area, excluding submodules.
        |        | 
      872        - wires
     1037        - wire bits
        6        - public wires
      171        - public wire bits
        3        - ports
       96        - port bits
      898  554.904 cells
       18    9.072   AN2D0BWP30P140
        5     3.15   AN3D0BWP30P140
        4    3.024   AN4D0BWP30P140
        2    1.512   AO211D0BWP30P140
       13     8.19   AO21D0BWP30P140
        4    3.024   AO22D0BWP30P140
       10      6.3   AOI211D0BWP30P140
       52   26.208   AOI21D0BWP30P140
       10     7.56   AOI221D0BWP30P140
        2    2.016   AOI222D0BWP30P140
       32    20.16   AOI22D0BWP30P140
        2     1.26   AOI31D0BWP30P140
       19   16.758   CKMUX2D0BWP30P140
       65    16.38   CKND0BWP30P140
       72   27.216   CKND2D0BWP30P140
        6     3.78   IAO21D0BWP30P140
       20    10.08   IND2D0BWP30P140
        1     0.63   IND3D0BWP30P140
        2    1.512   IND4D0BWP30P140
       21   10.584   INR2D0BWP30P140
        8     5.04   INR3D0BWP30P140
        3    2.268   INR4D0BWP30P140
        7     4.41   IOA21D0BWP30P140
       30    22.68   MAOI222D0BWP30P140
       15    11.34   MAOI22D0BWP30P140
        4    3.024   MOAI22D0BWP30P140
      114   86.184   MUX2ND0BWP30P140
        1    1.764   MUX3D0BWP30P140
        1    1.638   MUX3ND0BWP30P140
        2    4.788   MUX4D0BWP30P140
       16   36.288   MUX4ND0BWP30P140
       14    7.056   ND3D0BWP30P140
        5     3.15   ND4D0BWP30P140
       99   37.422   NR2D0BWP30P140
       35    17.64   NR3D0BWP30P140
        8     5.04   NR4D0BWP30P140
        2    1.512   OA211D0BWP30P140
        6     3.78   OA21D0BWP30P140
        1    0.882   OA22D0BWP30P140
       13     8.19   OAI211D0BWP30P140
       41   20.664   OAI21D0BWP30P140
        1    0.882   OAI221D0BWP30P140
        1    1.008   OAI222D0BWP30P140
       10      6.3   OAI22D0BWP30P140
        6     3.78   OAI31D0BWP30P140
        3    2.268   OAI32D0BWP30P140
        1    0.882   OAI33D0BWP30P140
        6    3.024   OR2D0BWP30P140
        8     5.04   OR3D0BWP30P140
        2    1.512   OR4D0BWP30P140
       51   44.982   XNR2UD0BWP30P140
        1    1.764   XNR3UD0BWP30P140
       23   20.286   XOR2UD0BWP30P140

   Chip area for module '\FP32Adder': 554.904000
     of which used for sequential elements: 0.000000 (0.00%)

=== ScaleToFP32_E5M2_x_E3M2_UE2M6 ===

        +----------Local Count, excluding submodules.
        |        +-Local Area, excluding submodules.
        |        | 
      146        - wires
      203        - wire bits
        4        - public wires
       61        - public wire bits
        4        - ports
       61        - port bits
      170  105.966 cells
        4    2.016   AN2D0BWP30P140
        1     0.63   AN3D0BWP30P140
        5     3.15   AO21D0BWP30P140
       14     8.82   AOI211D0BWP30P140
       16    8.064   AOI21D0BWP30P140
        4    3.024   AOI221D0BWP30P140
        1     0.63   AOI31D0BWP30P140
        1    0.756   AOI32D0BWP30P140
       16   14.112   CKMUX2D0BWP30P140
        4    1.008   CKND0BWP30P140
        8    3.024   CKND2D0BWP30P140
       10      6.3   IAO21D0BWP30P140
        7    3.528   IND2D0BWP30P140
        4    2.016   INR2D0BWP30P140
        2     1.26   IOA21D0BWP30P140
        1    0.756   MAOI22D0BWP30P140
       24   18.144   MUX2ND0BWP30P140
        1    1.638   MUX3ND0BWP30P140
        5     2.52   ND3D0BWP30P140
        8    3.024   NR2D0BWP30P140
        7    3.528   NR3D0BWP30P140
        4     2.52   NR4D0BWP30P140
        1     0.63   OA21D0BWP30P140
        3    1.512   OAI21D0BWP30P140
        1    0.882   OAI221D0BWP30P140
        2     1.26   OAI22D0BWP30P140
        1     0.63   OAI31D0BWP30P140
        6    3.024   OR2D0BWP30P140
        1     0.63   OR3D0BWP30P140
        1    0.756   OR4D0BWP30P140
        5     4.41   XNR2UD0BWP30P140
        2    1.764   XOR2UD0BWP30P140

   Chip area for module '\ScaleToFP32_E5M2_x_E3M2_UE2M6': 105.966000
     of which used for sequential elements: 0.000000 (0.00%)

=== CustomFPAdder_exp8_mant20 ===

        +----------Local Count, excluding submodules.
        |        +-Local Area, excluding submodules.
        |        | 
      584        - wires
      684        - wire bits
       10        - public wires
      110        - public wire bits
        9        - ports
       87        - port bits
      603  367.416 cells
       10     5.04   AN2D0BWP30P140
        2     1.26   AN3D0BWP30P140
        3    2.268   AN4D0BWP30P140
        6     3.78   AO21D0BWP30P140
        1    0.756   AO22D0BWP30P140
        4     2.52   AOI211D0BWP30P140
       32   16.128   AOI21D0BWP30P140
       10     7.56   AOI221D0BWP30P140
        8     5.04   AOI22D0BWP30P140
        8     5.04   AOI31D0BWP30P140
        2    1.512   AOI32D0BWP30P140
        1    0.882   AOI33D0BWP30P140
       25    22.05   CKMUX2D0BWP30P140
       39    9.828   CKND0BWP30P140
       47   17.766   CKND2D0BWP30P140
        2     1.26   IAO21D0BWP30P140
       24   12.096   IND2D0BWP30P140
        1     0.63   IND3D0BWP30P140
        4    3.024   IND4D0BWP30P140
       28   14.112   INR2D0BWP30P140
        4     2.52   INR3D0BWP30P140
        2    1.512   INR4D0BWP30P140
        6     3.78   IOA21D0BWP30P140
       18   13.608   MAOI222D0BWP30P140
        2    1.512   MAOI22D0BWP30P140
        4    3.024   MOAI22D0BWP30P140
       84   63.504   MUX2ND0BWP30P140
        1    2.268   MUX4ND0BWP30P140
       11    5.544   ND3D0BWP30P140
        5     3.15   ND4D0BWP30P140
       48   18.144   NR2D0BWP30P140
       12    6.048   NR3D0BWP30P140
        4     2.52   NR4D0BWP30P140
        7    5.292   OA211D0BWP30P140
        3     1.89   OA21D0BWP30P140
        2    1.764   OA22D0BWP30P140
       10      6.3   OAI211D0BWP30P140
       26   13.104   OAI21D0BWP30P140
        2    1.764   OAI221D0BWP30P140
        1    1.008   OAI222D0BWP30P140
        5     3.15   OAI22D0BWP30P140
        4     2.52   OAI31D0BWP30P140
        4    3.024   OAI32D0BWP30P140
        8    4.032   OR2D0BWP30P140
        4    3.024   OR4D0BWP30P140
       48   42.336   XNR2UD0BWP30P140
       21   18.522   XOR2UD0BWP30P140

   Chip area for module '\CustomFPAdder_exp8_mant20': 367.416000
     of which used for sequential elements: 0.000000 (0.00%)

=== ScaleAddition_E5M2_to_E3M2_scale_UE2M6 ===

        +----------Local Count, excluding submodules.
        |        +-Local Area, excluding submodules.
        |        | 
      541        - wires
      592        - wire bits
        8        - public wires
       59        - public wire bits
        8        - ports
       59        - port bits
      561  407.862 cells
       31   15.624   AN2D0BWP30P140
        6     3.78   AN3D0BWP30P140
        4    3.024   AN4D0BWP30P140
       10      6.3   AO21D0BWP30P140
        6    4.536   AO22D0BWP30P140
       15     7.56   AOI21D0BWP30P140
        8     5.04   AOI22D0BWP30P140
       10      6.3   AOI31D0BWP30P140
        1    0.756   AOI32D0BWP30P140
       11    2.772   CKND0BWP30P140
      121   45.738   CKND2D0BWP30P140
        3     1.89   IAO21D0BWP30P140
        8    4.032   IND2D0BWP30P140
        1     0.63   IND3D0BWP30P140
        3    2.268   IND4D0BWP30P140
       18    9.072   INR2D0BWP30P140
        3     1.89   INR3D0BWP30P140
        1     0.63   IOA21D0BWP30P140
       54   40.824   MAOI222D0BWP30P140
        1    0.756   MAOI22D0BWP30P140
        4    3.024   MOAI22D0BWP30P140
       15     7.56   ND3D0BWP30P140
        5     3.15   ND4D0BWP30P140
       27   10.206   NR2D0BWP30P140
        2     1.26   NR4D0BWP30P140
        1     0.63   OA21D0BWP30P140
        2     1.26   OAI211D0BWP30P140
        9    4.536   OAI21D0BWP30P140
        4     2.52   OAI22D0BWP30P140
        1    0.756   OAI32D0BWP30P140
        8    4.032   OR2D0BWP30P140
       71   62.622   XNR2UD0BWP30P140
       28   49.392   XNR3UD0BWP30P140
       11   29.106   XNR4D0BWP30P140
       45    39.69   XOR2UD0BWP30P140
       11   19.404   XOR3UD0BWP30P140
        2    5.292   XOR4D0BWP30P140

   Chip area for module '\ScaleAddition_E5M2_to_E3M2_scale_UE2M6': 407.862000
     of which used for sequential elements: 0.000000 (0.00%)

=== CustomOperator_E5M2_to_E3M2 ===

        +----------Local Count, excluding submodules.
        |        +-Local Area, excluding submodules.
        |        | 
       48        - wires
       71        - wire bits
        5        - public wires
       28        - public wire bits
        5        - ports
       28        - port bits
       56   38.178 cells
        1    0.504   AN2D0BWP30P140
        2    1.512   AN4D0BWP30P140
        1     0.63   AOI211D0BWP30P140
        3    1.512   AOI21D0BWP30P140
        1     0.63   AOI22D0BWP30P140
        1     0.63   AOI31D0BWP30P140
        2    0.504   CKND0BWP30P140
        5     1.89   CKND2D0BWP30P140
        1     0.63   IAO21D0BWP30P140
        2    1.008   IND2D0BWP30P140
        2    1.008   INR2D0BWP30P140
        4    3.024   MAOI222D0BWP30P140
        1    0.756   MAOI22D0BWP30P140
        1    0.756   MUX2ND0BWP30P140
        2    1.008   ND3D0BWP30P140
        1    0.378   NR2D0BWP30P140
        1    0.504   NR3D0BWP30P140
        1     0.63   OA21D0BWP30P140
        1     0.63   OAI211D0BWP30P140
        2    1.008   OAI21D0BWP30P140
        1     0.63   OAI22D0BWP30P140
        1     0.63   OAI31D0BWP30P140
        3    1.512   OR2D0BWP30P140
        2     1.26   OR3D0BWP30P140
        6    5.292   XNR2UD0BWP30P140
        1    1.764   XNR3UD0BWP30P140
        5     4.41   XOR2UD0BWP30P140
        2    3.528   XOR3UD0BWP30P140

   Chip area for module '\CustomOperator_E5M2_to_E3M2': 38.178000
     of which used for sequential elements: 0.000000 (0.00%)

=== design hierarchy ===

        +----------Count including submodules.
        |        +-Area including submodules.
        |        | 
     5412 3.65E+03 BFP_PE
      603  367.416 CustomFPAdder_exp8_mant20
       56   38.178 CustomOperator_E5M2_to_E3M2
      898  554.904 FP32Adder
      561  407.862 ScaleAddition_E5M2_to_E3M2_scale_UE2M6
      170  105.966 ScaleToFP32_E5M2_x_E3M2_UE2M6

        +----------Count including submodules.
        |        +-Area including submodules.
        |        | 
     5207        - wires
     6443        - wire bits
      139        - public wires
     1375        - public wire bits
       96        - ports
      875        - port bits
        -        - memories
        -        - memory bits
        -        - processes
     5412 3.65E+03 cells
      180    90.72   AN2D0BWP30P140
       36    22.68   AN3D0BWP30P140
       37   27.972   AN4D0BWP30P140
        2    1.512   AO211D0BWP30P140
       76    47.88   AO21D0BWP30P140
       63   47.628   AO22D0BWP30P140
       40     25.2   AOI211D0BWP30P140
      236  118.944   AOI21D0BWP30P140
       44   33.264   AOI221D0BWP30P140
        2    2.016   AOI222D0BWP30P140
       92    57.96   AOI22D0BWP30P140
       71    44.73   AOI31D0BWP30P140
       11    8.316   AOI32D0BWP30P140
        3    2.646   AOI33D0BWP30P140
      110    97.02   CKMUX2D0BWP30P140
      238   59.976   CKND0BWP30P140
      725   274.05   CKND2D0BWP30P140
       33   74.844   DFCNQD1BWP30P140
       38    23.94   IAO21D0BWP30P140
      139   70.056   IND2D0BWP30P140
        8     5.04   IND3D0BWP30P140
       26   19.656   IND4D0BWP30P140
      190    95.76   INR2D0BWP30P140
       32    20.16   INR3D0BWP30P140
        9    6.804   INR4D0BWP30P140
       31    19.53   IOA21D0BWP30P140
      316  238.896   MAOI222D0BWP30P140
       30    22.68   MAOI22D0BWP30P140
       32   24.192   MOAI22D0BWP30P140
      394  297.864   MUX2ND0BWP30P140
        1    1.764   MUX3D0BWP30P140
        2    3.276   MUX3ND0BWP30P140
        2    4.788   MUX4D0BWP30P140
       19   43.092   MUX4ND0BWP30P140
      120    60.48   ND3D0BWP30P140
       40     25.2   ND4D0BWP30P140
      364  137.592   NR2D0BWP30P140
       82   41.328   NR3D0BWP30P140
       32    20.16   NR4D0BWP30P140
       23   17.388   OA211D0BWP30P140
       24    15.12   OA21D0BWP30P140
        7    6.174   OA22D0BWP30P140
       55    34.65   OAI211D0BWP30P140
      166   83.664   OAI21D0BWP30P140
        8    7.056   OAI221D0BWP30P140
        4    4.032   OAI222D0BWP30P140
       47    29.61   OAI22D0BWP30P140
       23    14.49   OAI31D0BWP30P140
       19   14.364   OAI32D0BWP30P140
        1    0.882   OAI33D0BWP30P140
       80    40.32   OR2D0BWP30P140
       17    10.71   OR3D0BWP30P140
       15    11.34   OR4D0BWP30P140
      508  448.056   XNR2UD0BWP30P140
      117  206.388   XNR3UD0BWP30P140
       44  116.424   XNR4D0BWP30P140
      288  254.016   XOR2UD0BWP30P140
       52   91.728   XOR3UD0BWP30P140
        8   21.168   XOR4D0BWP30P140
       13 3.55E+03 submodules
        3  1.1E+03   CustomFPAdder_exp8_mant20
        4  152.712   CustomOperator_E5M2_to_E3M2
        1  554.904   FP32Adder
        4 1.63E+03   ScaleAddition_E5M2_to_E3M2_scale_UE2M6
        1  105.966   ScaleToFP32_E5M2_x_E3M2_UE2M6

   Chip area for top module '\BFP_PE': 3647.196000
     of which used for sequential elements: 74.844000 (2.05%)

