Startpoint: reset (input port clocked by CORE_CLK)
Endpoint: _068_ (recovery check against rising-edge clock CORE_CLK)
Path Group: asynchronous
Path Type: max

    Delay      Time   Description
-------------------------------------------------------------
   0.0000    0.0000   clock CORE_CLK (rise edge)
   0.0000    0.0000   clock network delay (ideal)
   0.0000    0.0000 ^ input external delay
   0.0000    0.0000 ^ reset (in)
   0.0000    0.0000 ^ _068_/CDN (DFCNQD1BWP30P140)
             0.0000   data arrival time

  20.0000   20.0000   clock CORE_CLK (rise edge)
   0.0000   20.0000   clock network delay (ideal)
  -0.0500   19.9500   clock uncertainty
   0.0000   19.9500   clock reconvergence pessimism
            19.9500 ^ _068_/CP (DFCNQD1BWP30P140)
   0.0258   19.9758   library recovery time
            19.9758   data required time
-------------------------------------------------------------
            19.9758   data required time
            -0.0000   data arrival time
-------------------------------------------------------------
            19.9758   slack (MET)


Startpoint: io_op_b_i[9] (input port clocked by CORE_CLK)
Endpoint: _070_ (rising edge-triggered flip-flop clocked by CORE_CLK)
Path Group: CORE_CLK
Path Type: max

    Delay      Time   Description
-------------------------------------------------------------
   0.0000    0.0000   clock CORE_CLK (rise edge)
   0.0000    0.0000   clock network delay (ideal)
   0.0000    0.0000 v input external delay
   0.0000    0.0000 v io_op_b_i[9] (in)
   0.0357    0.0357 v reducedSum_op_1/_178_/Z (OR4D0BWP30P140)
   0.0159    0.0516 ^ reducedSum_op_1/_180_/ZN (OAI21D0BWP30P140)
   0.0359    0.0875 ^ reducedSum_op_1/_181_/ZN (XNR2UD0BWP30P140)
   0.0169    0.1044 v reducedSum_op_1/_186_/ZN (CKND2D0BWP30P140)
   0.0663    0.1706 v reducedSum_op_1/_227_/ZN (XNR3UD0BWP30P140)
   0.0673    0.2379 v reducedSum_op_1/_248_/Z (XOR4D0BWP30P140)
   0.0486    0.2865 v reducedSum_op_1/_259_/ZN (XNR3UD0BWP30P140)
   0.0267    0.3132 ^ reducedSum_op_1/_260_/ZN (OAI32D0BWP30P140)
   0.0582    0.3714 ^ reducedSum_op_1/_286_/Z (XOR3UD0BWP30P140)
   0.0225    0.3938 v reducedSum_sa_1/_0751_/ZN (CKND2D0BWP30P140)
   0.0518    0.4456 v reducedSum_sa_1/_0754_/ZN (XNR3UD0BWP30P140)
   0.0315    0.4772 v reducedSum_sa_1/_0755_/ZN (XNR2UD0BWP30P140)
   0.0649    0.5421 v reducedSum_sa_1/_0777_/Z (XOR3UD0BWP30P140)
   0.0638    0.6059 v reducedSum_sa_1/_0853_/Z (XOR3UD0BWP30P140)
   0.0511    0.6569 ^ reducedSum_sa_1/_0872_/ZN (XNR3UD0BWP30P140)
   0.0281    0.6851 v reducedSum_sa_1/_0911_/ZN (MAOI222D0BWP30P140)
   0.0367    0.7218 ^ reducedSum_sa_1/_0912_/ZN (MAOI222D0BWP30P140)
   0.0245    0.7463 v reducedSum_sa_1/_0914_/ZN (OAI21D0BWP30P140)
   0.0279    0.7741 ^ reducedSum_sa_1/_1237_/ZN (AOI21D0BWP30P140)
   0.0236    0.7977 v reducedSum_sa_1/_1239_/ZN (OAI21D0BWP30P140)
   0.0363    0.8340 ^ reducedSum_sa_1/_1241_/ZN (MAOI222D0BWP30P140)
   0.0312    0.8652 v reducedSum_sa_1/_1243_/ZN (MAOI222D0BWP30P140)
   0.0405    0.9057 ^ reducedSum_sa_1/_1245_/ZN (MAOI222D0BWP30P140)
   0.0313    0.9370 v reducedSum_sa_1/_1247_/ZN (MAOI222D0BWP30P140)
   0.0391    0.9761 ^ reducedSum_sa_1/_1249_/ZN (MAOI222D0BWP30P140)
   0.0313    1.0073 v reducedSum_sa_1/_1251_/ZN (MAOI222D0BWP30P140)
   0.0392    1.0465 ^ reducedSum_sa_1/_1253_/ZN (MAOI222D0BWP30P140)
   0.0266    1.0731 v reducedSum_sa_1/_1258_/ZN (OAI22D0BWP30P140)
   0.0359    1.1090 ^ reducedSum_sa_1/_1260_/ZN (MAOI222D0BWP30P140)
   0.0302    1.1392 v reducedSum_sa_1/_1262_/ZN (MAOI222D0BWP30P140)
   0.0409    1.1801 v reducedSum_sa_1/_1270_/Z (AO211D0BWP30P140)
   0.0274    1.2075 ^ reducedSum_conv_1/_181_/ZN (NR4D0BWP30P140)
   0.0095    1.2170 v reducedSum_conv_1/_182_/ZN (CKND0BWP30P140)
   0.1306    1.3476 ^ reducedSum_conv_1/_188_/ZN (AOI21D0BWP30P140)
   0.0316    1.3792 v reducedSum_conv_1/_190_/Z (XOR2UD0BWP30P140)
   0.0450    1.4242 v reducedSum_conv_1/_191_/Z (AO21D0BWP30P140)
   0.0223    1.4465 ^ reducedSum_conv_1/_195_/ZN (AOI21D0BWP30P140)
   0.0375    1.4840 ^ reducedSum_conv_1/_232_/ZN (IAO21D0BWP30P140)
   0.0332    1.5172 v reducedSum_nextLevel_adder/_0901_/ZN (MAOI222D0BWP30P140)
   0.0359    1.5532 ^ reducedSum_nextLevel_adder/_0902_/ZN (MAOI222D0BWP30P140)
   0.0305    1.5837 v reducedSum_nextLevel_adder/_0903_/ZN (MAOI222D0BWP30P140)
   0.0355    1.6192 ^ reducedSum_nextLevel_adder/_0966_/ZN (MAOI222D0BWP30P140)
   0.0302    1.6494 v reducedSum_nextLevel_adder/_0968_/ZN (MAOI222D0BWP30P140)
   0.0262    1.6756 v reducedSum_nextLevel_adder/_0970_/ZN (XNR2UD0BWP30P140)
   0.0214    1.6970 ^ reducedSum_nextLevel_adder/_0971_/ZN (NR2D0BWP30P140)
   0.0257    1.7227 ^ reducedSum_nextLevel_adder/_0972_/Z (AN2D0BWP30P140)
   0.4170    2.1397 v reducedSum_nextLevel_adder/_0975_/ZN (AOI31D0BWP30P140)
   0.4192    2.5589 ^ reducedSum_nextLevel_adder/_0991_/ZN (AOI22D0BWP30P140)
   0.0318    2.5907 v reducedSum_nextLevel_adder/_1063_/ZN (CKND2D0BWP30P140)
   0.0370    2.6277 ^ reducedSum_nextLevel_adder/_1188_/ZN (OAI32D0BWP30P140)
   0.0151    2.6428 v reducedSum_nextLevel_adder/_1189_/ZN (AOI21D0BWP30P140)
   0.0396    2.6824 ^ reducedSum_nextLevel_adder/_1191_/ZN (OAI221D0BWP30P140)
   0.0211    2.7035 v reducedSum_nextLevel_adder/_1196_/ZN (OAI31D0BWP30P140)
   0.0222    2.7258 ^ reducedSum_nextLevel_adder/_1198_/ZN (AOI21D0BWP30P140)
   0.0256    2.7513 v reducedSum_nextLevel_adder/_1200_/ZN (MAOI222D0BWP30P140)
   0.0396    2.7909 ^ reducedSum_nextLevel_adder/_1202_/ZN (MAOI222D0BWP30P140)
   0.0257    2.8166 v reducedSum_nextLevel_adder/_1204_/ZN (MAOI222D0BWP30P140)
   0.0277    2.8444 ^ reducedSum_nextLevel_adder/_1206_/ZN (AOI21D0BWP30P140)
   0.0253    2.8697 ^ reducedSum_nextLevel_adder/_1209_/ZN (IAO21D0BWP30P140)
   0.0247    2.8943 v reducedSum_nextLevel_adder/_1211_/ZN (MAOI222D0BWP30P140)
   0.0395    2.9338 ^ reducedSum_nextLevel_adder/_1213_/ZN (MAOI222D0BWP30P140)
   0.0265    2.9603 v reducedSum_nextLevel_adder/_1221_/ZN (MAOI222D0BWP30P140)
   0.0354    2.9957 v reducedSum_nextLevel_adder/_1232_/Z (AO21D0BWP30P140)
   0.0261    3.0218 ^ reducedSum_nextLevel_adder/_1242_/ZN (MAOI222D0BWP30P140)
   0.0265    3.0483 v reducedSum_nextLevel_adder/_1255_/ZN (MAOI222D0BWP30P140)
   0.0315    3.0798 v reducedSum_nextLevel_adder/_1259_/Z (AO21D0BWP30P140)
   0.0182    3.0980 ^ reducedSum_nextLevel_adder/_1276_/ZN (AOI21D0BWP30P140)
   0.0258    3.1238 v reducedSum_nextLevel_adder/_1280_/ZN (MAOI222D0BWP30P140)
   0.0391    3.1629 ^ reducedSum_nextLevel_adder/_1296_/ZN (MAOI222D0BWP30P140)
   0.0262    3.1891 v reducedSum_nextLevel_adder/_1300_/ZN (MAOI222D0BWP30P140)
   0.0304    3.2195 ^ reducedSum_nextLevel_adder/_1318_/ZN (AOI21D0BWP30P140)
   0.0249    3.2444 v reducedSum_nextLevel_adder/_1322_/ZN (MAOI222D0BWP30P140)
   0.0364    3.2809 v reducedSum_nextLevel_adder/_1345_/Z (AO21D0BWP30P140)
   0.0156    3.2965 ^ reducedSum_nextLevel_adder/_1353_/ZN (MUX2ND0BWP30P140)
   0.0347    3.3312 ^ reducedSum_nextLevel_adder/_1354_/ZN (XNR2UD0BWP30P140)
   0.0288    3.3600 ^ reducedSum_nextLevel_adder/_1453_/ZN (MAOI22D0BWP30P140)
   0.1281    3.4880 v reducedSum_nextLevel_adder/_1456_/ZN (OAI211D0BWP30P140)
   0.0886    3.5767 ^ reducedSum_nextLevel_adder/_1531_/Z (MUX4D0BWP30P140)
   0.0194    3.5961 v reducedSum_nextLevel_adder/_1534_/ZN (MUX3ND0BWP30P140)
   0.0405    3.6366 ^ reducedSum_nextLevel_adder/_1568_/ZN (NR2D0BWP30P140)
   0.0507    3.6873 ^ reducedSum_nextLevel_adder/_1577_/ZN (INR4D0BWP30P140)
   0.0511    3.7383 ^ reducedSum_nextLevel_adder/_1582_/Z (AN4D0BWP30P140)
   0.0395    3.7778 ^ reducedSum_nextLevel_adder/_1590_/Z (AN4D0BWP30P140)
   0.0406    3.8184 ^ reducedSum_nextLevel_adder/_1601_/Z (AN4D0BWP30P140)
   0.0349    3.8533 ^ reducedSum_nextLevel_adder/_1603_/Z (AN3D0BWP30P140)
   0.0271    3.8804 v reducedSum_nextLevel_adder/_1605_/ZN (IND3D0BWP30P140)
   0.0379    3.9183 v reducedSum_nextLevel_adder/_1606_/Z (OR3D0BWP30P140)
   0.0368    3.9552 ^ reducedSum_nextLevel_adder/_1608_/ZN (INR3D0BWP30P140)
   0.0364    3.9916 v reducedSum_nextLevel_adder/_1611_/ZN (MAOI222D0BWP30P140)
   0.0357    4.0272 ^ reducedSum_nextLevel_adder/_1616_/ZN (NR4D0BWP30P140)
   0.0219    4.0491 v reducedSum_nextLevel_adder/_1619_/ZN (OAI31D0BWP30P140)
   0.0327    4.0818 v reducedSum_nextLevel_adder/_1621_/Z (AO21D0BWP30P140)
   0.0312    4.1131 ^ reducedSum_nextLevel_adder/_1623_/ZN (AOI21D0BWP30P140)
   0.0248    4.1379 ^ reducedSum_nextLevel_adder/_1625_/Z (OR3D0BWP30P140)
   0.0144    4.1522 v reducedSum_nextLevel_adder/_1647_/ZN (AOI21D0BWP30P140)
   0.0314    4.1836 v reducedSum_nextLevel_adder/_1648_/Z (OR2D0BWP30P140)
   0.0267    4.2104 ^ reducedSum_nextLevel_adder/_1653_/ZN (NR2D0BWP30P140)
   0.0319    4.2422 v reducedSum_nextLevel_adder_16/_0897_/ZN (XNR2UD0BWP30P140)
   0.0322    4.2744 ^ reducedSum_nextLevel_adder_16/_0899_/ZN (AOI21D0BWP30P140)
   0.0302    4.3046 v reducedSum_nextLevel_adder_16/_0901_/ZN (MAOI222D0BWP30P140)
   0.0360    4.3406 ^ reducedSum_nextLevel_adder_16/_0902_/ZN (MAOI222D0BWP30P140)
   0.0302    4.3709 v reducedSum_nextLevel_adder_16/_0903_/ZN (MAOI222D0BWP30P140)
   0.0360    4.4068 ^ reducedSum_nextLevel_adder_16/_0966_/ZN (MAOI222D0BWP30P140)
   0.0302    4.4371 v reducedSum_nextLevel_adder_16/_0968_/ZN (MAOI222D0BWP30P140)
   0.0257    4.4627 v reducedSum_nextLevel_adder_16/_0970_/ZN (XNR2UD0BWP30P140)
   0.0213    4.4841 ^ reducedSum_nextLevel_adder_16/_0971_/ZN (NR2D0BWP30P140)
   0.0257    4.5098 ^ reducedSum_nextLevel_adder_16/_0972_/Z (AN2D0BWP30P140)
   0.4170    4.9267 v reducedSum_nextLevel_adder_16/_0975_/ZN (AOI31D0BWP30P140)
   0.4192    5.3460 ^ reducedSum_nextLevel_adder_16/_0991_/ZN (AOI22D0BWP30P140)
   0.0318    5.3778 v reducedSum_nextLevel_adder_16/_1063_/ZN (CKND2D0BWP30P140)
   0.0370    5.4148 ^ reducedSum_nextLevel_adder_16/_1188_/ZN (OAI32D0BWP30P140)
   0.0151    5.4299 v reducedSum_nextLevel_adder_16/_1189_/ZN (AOI21D0BWP30P140)
   0.0396    5.4695 ^ reducedSum_nextLevel_adder_16/_1191_/ZN (OAI221D0BWP30P140)
   0.0211    5.4906 v reducedSum_nextLevel_adder_16/_1196_/ZN (OAI31D0BWP30P140)
   0.0222    5.5128 ^ reducedSum_nextLevel_adder_16/_1198_/ZN (AOI21D0BWP30P140)
   0.0256    5.5384 v reducedSum_nextLevel_adder_16/_1200_/ZN (MAOI222D0BWP30P140)
   0.0396    5.5780 ^ reducedSum_nextLevel_adder_16/_1202_/ZN (MAOI222D0BWP30P140)
   0.0257    5.6037 v reducedSum_nextLevel_adder_16/_1204_/ZN (MAOI222D0BWP30P140)
   0.0277    5.6315 ^ reducedSum_nextLevel_adder_16/_1206_/ZN (AOI21D0BWP30P140)
   0.0253    5.6568 ^ reducedSum_nextLevel_adder_16/_1209_/ZN (IAO21D0BWP30P140)
   0.0247    5.6814 v reducedSum_nextLevel_adder_16/_1211_/ZN (MAOI222D0BWP30P140)
   0.0395    5.7209 ^ reducedSum_nextLevel_adder_16/_1213_/ZN (MAOI222D0BWP30P140)
   0.0265    5.7474 v reducedSum_nextLevel_adder_16/_1221_/ZN (MAOI222D0BWP30P140)
   0.0354    5.7828 v reducedSum_nextLevel_adder_16/_1232_/Z (AO21D0BWP30P140)
   0.0261    5.8089 ^ reducedSum_nextLevel_adder_16/_1242_/ZN (MAOI222D0BWP30P140)
   0.0265    5.8354 v reducedSum_nextLevel_adder_16/_1255_/ZN (MAOI222D0BWP30P140)
   0.0315    5.8669 v reducedSum_nextLevel_adder_16/_1259_/Z (AO21D0BWP30P140)
   0.0182    5.8851 ^ reducedSum_nextLevel_adder_16/_1276_/ZN (AOI21D0BWP30P140)
   0.0258    5.9109 v reducedSum_nextLevel_adder_16/_1280_/ZN (MAOI222D0BWP30P140)
   0.0391    5.9500 ^ reducedSum_nextLevel_adder_16/_1296_/ZN (MAOI222D0BWP30P140)
   0.0262    5.9762 v reducedSum_nextLevel_adder_16/_1300_/ZN (MAOI222D0BWP30P140)
   0.0304    6.0066 ^ reducedSum_nextLevel_adder_16/_1318_/ZN (AOI21D0BWP30P140)
   0.0249    6.0315 v reducedSum_nextLevel_adder_16/_1322_/ZN (MAOI222D0BWP30P140)
   0.0364    6.0679 v reducedSum_nextLevel_adder_16/_1345_/Z (AO21D0BWP30P140)
   0.0156    6.0836 ^ reducedSum_nextLevel_adder_16/_1353_/ZN (MUX2ND0BWP30P140)
   0.0347    6.1183 ^ reducedSum_nextLevel_adder_16/_1354_/ZN (XNR2UD0BWP30P140)
   0.0288    6.1471 ^ reducedSum_nextLevel_adder_16/_1453_/ZN (MAOI22D0BWP30P140)
   0.1281    6.2752 v reducedSum_nextLevel_adder_16/_1456_/ZN (OAI211D0BWP30P140)
   0.0886    6.3638 ^ reducedSum_nextLevel_adder_16/_1531_/Z (MUX4D0BWP30P140)
   0.0194    6.3832 v reducedSum_nextLevel_adder_16/_1534_/ZN (MUX3ND0BWP30P140)
   0.0405    6.4237 ^ reducedSum_nextLevel_adder_16/_1568_/ZN (NR2D0BWP30P140)
   0.0507    6.4744 ^ reducedSum_nextLevel_adder_16/_1577_/ZN (INR4D0BWP30P140)
   0.0510    6.5254 ^ reducedSum_nextLevel_adder_16/_1582_/Z (AN4D0BWP30P140)
   0.0395    6.5649 ^ reducedSum_nextLevel_adder_16/_1590_/Z (AN4D0BWP30P140)
   0.0406    6.6055 ^ reducedSum_nextLevel_adder_16/_1601_/Z (AN4D0BWP30P140)
   0.0349    6.6404 ^ reducedSum_nextLevel_adder_16/_1603_/Z (AN3D0BWP30P140)
   0.0271    6.6675 v reducedSum_nextLevel_adder_16/_1605_/ZN (IND3D0BWP30P140)
   0.0379    6.7054 v reducedSum_nextLevel_adder_16/_1606_/Z (OR3D0BWP30P140)
   0.0368    6.7423 ^ reducedSum_nextLevel_adder_16/_1608_/ZN (INR3D0BWP30P140)
   0.0364    6.7787 v reducedSum_nextLevel_adder_16/_1611_/ZN (MAOI222D0BWP30P140)
   0.0357    6.8144 ^ reducedSum_nextLevel_adder_16/_1616_/ZN (NR4D0BWP30P140)
   0.0219    6.8362 v reducedSum_nextLevel_adder_16/_1619_/ZN (OAI31D0BWP30P140)
   0.0327    6.8689 v reducedSum_nextLevel_adder_16/_1621_/Z (AO21D0BWP30P140)
   0.0312    6.9002 ^ reducedSum_nextLevel_adder_16/_1623_/ZN (AOI21D0BWP30P140)
   0.0248    6.9250 ^ reducedSum_nextLevel_adder_16/_1625_/Z (OR3D0BWP30P140)
   0.0144    6.9393 v reducedSum_nextLevel_adder_16/_1647_/ZN (AOI21D0BWP30P140)
   0.0314    6.9707 v reducedSum_nextLevel_adder_16/_1648_/Z (OR2D0BWP30P140)
   0.0267    6.9975 ^ reducedSum_nextLevel_adder_16/_1653_/ZN (NR2D0BWP30P140)
   0.0319    7.0293 v reducedSum_nextLevel_adder_24/_0897_/ZN (XNR2UD0BWP30P140)
   0.0322    7.0615 ^ reducedSum_nextLevel_adder_24/_0899_/ZN (AOI21D0BWP30P140)
   0.0302    7.0917 v reducedSum_nextLevel_adder_24/_0901_/ZN (MAOI222D0BWP30P140)
   0.0360    7.1277 ^ reducedSum_nextLevel_adder_24/_0902_/ZN (MAOI222D0BWP30P140)
   0.0302    7.1580 v reducedSum_nextLevel_adder_24/_0903_/ZN (MAOI222D0BWP30P140)
   0.0360    7.1939 ^ reducedSum_nextLevel_adder_24/_0966_/ZN (MAOI222D0BWP30P140)
   0.0302    7.2242 v reducedSum_nextLevel_adder_24/_0968_/ZN (MAOI222D0BWP30P140)
   0.0257    7.2498 v reducedSum_nextLevel_adder_24/_0970_/ZN (XNR2UD0BWP30P140)
   0.0213    7.2712 ^ reducedSum_nextLevel_adder_24/_0971_/ZN (NR2D0BWP30P140)
   0.0257    7.2969 ^ reducedSum_nextLevel_adder_24/_0972_/Z (AN2D0BWP30P140)
   0.4170    7.7138 v reducedSum_nextLevel_adder_24/_0975_/ZN (AOI31D0BWP30P140)
   0.4192    8.1331 ^ reducedSum_nextLevel_adder_24/_0991_/ZN (AOI22D0BWP30P140)
   0.0318    8.1649 v reducedSum_nextLevel_adder_24/_1063_/ZN (CKND2D0BWP30P140)
   0.0370    8.2019 ^ reducedSum_nextLevel_adder_24/_1188_/ZN (OAI32D0BWP30P140)
   0.0151    8.2170 v reducedSum_nextLevel_adder_24/_1189_/ZN (AOI21D0BWP30P140)
   0.0396    8.2566 ^ reducedSum_nextLevel_adder_24/_1191_/ZN (OAI221D0BWP30P140)
   0.0211    8.2777 v reducedSum_nextLevel_adder_24/_1196_/ZN (OAI31D0BWP30P140)
   0.0222    8.2999 ^ reducedSum_nextLevel_adder_24/_1198_/ZN (AOI21D0BWP30P140)
   0.0256    8.3255 v reducedSum_nextLevel_adder_24/_1200_/ZN (MAOI222D0BWP30P140)
   0.0396    8.3651 ^ reducedSum_nextLevel_adder_24/_1202_/ZN (MAOI222D0BWP30P140)
   0.0257    8.3908 v reducedSum_nextLevel_adder_24/_1204_/ZN (MAOI222D0BWP30P140)
   0.0277    8.4186 ^ reducedSum_nextLevel_adder_24/_1206_/ZN (AOI21D0BWP30P140)
   0.0253    8.4439 ^ reducedSum_nextLevel_adder_24/_1209_/ZN (IAO21D0BWP30P140)
   0.0247    8.4685 v reducedSum_nextLevel_adder_24/_1211_/ZN (MAOI222D0BWP30P140)
   0.0395    8.5080 ^ reducedSum_nextLevel_adder_24/_1213_/ZN (MAOI222D0BWP30P140)
   0.0265    8.5345 v reducedSum_nextLevel_adder_24/_1221_/ZN (MAOI222D0BWP30P140)
   0.0354    8.5699 v reducedSum_nextLevel_adder_24/_1232_/Z (AO21D0BWP30P140)
   0.0261    8.5960 ^ reducedSum_nextLevel_adder_24/_1242_/ZN (MAOI222D0BWP30P140)
   0.0265    8.6225 v reducedSum_nextLevel_adder_24/_1255_/ZN (MAOI222D0BWP30P140)
   0.0315    8.6540 v reducedSum_nextLevel_adder_24/_1259_/Z (AO21D0BWP30P140)
   0.0182    8.6722 ^ reducedSum_nextLevel_adder_24/_1276_/ZN (AOI21D0BWP30P140)
   0.0258    8.6980 v reducedSum_nextLevel_adder_24/_1280_/ZN (MAOI222D0BWP30P140)
   0.0391    8.7371 ^ reducedSum_nextLevel_adder_24/_1296_/ZN (MAOI222D0BWP30P140)
   0.0262    8.7633 v reducedSum_nextLevel_adder_24/_1300_/ZN (MAOI222D0BWP30P140)
   0.0304    8.7937 ^ reducedSum_nextLevel_adder_24/_1318_/ZN (AOI21D0BWP30P140)
   0.0249    8.8186 v reducedSum_nextLevel_adder_24/_1322_/ZN (MAOI222D0BWP30P140)
   0.0364    8.8550 v reducedSum_nextLevel_adder_24/_1345_/Z (AO21D0BWP30P140)
   0.0156    8.8707 ^ reducedSum_nextLevel_adder_24/_1353_/ZN (MUX2ND0BWP30P140)
   0.0347    8.9054 ^ reducedSum_nextLevel_adder_24/_1354_/ZN (XNR2UD0BWP30P140)
   0.0288    8.9342 ^ reducedSum_nextLevel_adder_24/_1453_/ZN (MAOI22D0BWP30P140)
   0.1281    9.0623 v reducedSum_nextLevel_adder_24/_1456_/ZN (OAI211D0BWP30P140)
   0.0886    9.1509 ^ reducedSum_nextLevel_adder_24/_1531_/Z (MUX4D0BWP30P140)
   0.0194    9.1703 v reducedSum_nextLevel_adder_24/_1534_/ZN (MUX3ND0BWP30P140)
   0.0405    9.2108 ^ reducedSum_nextLevel_adder_24/_1568_/ZN (NR2D0BWP30P140)
   0.0507    9.2615 ^ reducedSum_nextLevel_adder_24/_1577_/ZN (INR4D0BWP30P140)
   0.0510    9.3126 ^ reducedSum_nextLevel_adder_24/_1582_/Z (AN4D0BWP30P140)
   0.0395    9.3520 ^ reducedSum_nextLevel_adder_24/_1590_/Z (AN4D0BWP30P140)
   0.0406    9.3926 ^ reducedSum_nextLevel_adder_24/_1601_/Z (AN4D0BWP30P140)
   0.0349    9.4275 ^ reducedSum_nextLevel_adder_24/_1603_/Z (AN3D0BWP30P140)
   0.0271    9.4546 v reducedSum_nextLevel_adder_24/_1605_/ZN (IND3D0BWP30P140)
   0.0379    9.4925 v reducedSum_nextLevel_adder_24/_1606_/Z (OR3D0BWP30P140)
   0.0368    9.5294 ^ reducedSum_nextLevel_adder_24/_1608_/ZN (INR3D0BWP30P140)
   0.0364    9.5658 v reducedSum_nextLevel_adder_24/_1611_/ZN (MAOI222D0BWP30P140)
   0.0357    9.6015 ^ reducedSum_nextLevel_adder_24/_1616_/ZN (NR4D0BWP30P140)
   0.0219    9.6233 v reducedSum_nextLevel_adder_24/_1619_/ZN (OAI31D0BWP30P140)
   0.0327    9.6560 v reducedSum_nextLevel_adder_24/_1621_/Z (AO21D0BWP30P140)
   0.0312    9.6873 ^ reducedSum_nextLevel_adder_24/_1623_/ZN (AOI21D0BWP30P140)
   0.0248    9.7121 ^ reducedSum_nextLevel_adder_24/_1625_/Z (OR3D0BWP30P140)
   0.0144    9.7264 v reducedSum_nextLevel_adder_24/_1647_/ZN (AOI21D0BWP30P140)
   0.0314    9.7578 v reducedSum_nextLevel_adder_24/_1648_/Z (OR2D0BWP30P140)
   0.0267    9.7846 ^ reducedSum_nextLevel_adder_24/_1653_/ZN (NR2D0BWP30P140)
   0.0319    9.8164 v reducedSum_nextLevel_adder_28/_0897_/ZN (XNR2UD0BWP30P140)
   0.0322    9.8486 ^ reducedSum_nextLevel_adder_28/_0899_/ZN (AOI21D0BWP30P140)
   0.0302    9.8788 v reducedSum_nextLevel_adder_28/_0901_/ZN (MAOI222D0BWP30P140)
   0.0360    9.9148 ^ reducedSum_nextLevel_adder_28/_0902_/ZN (MAOI222D0BWP30P140)
   0.0302    9.9451 v reducedSum_nextLevel_adder_28/_0903_/ZN (MAOI222D0BWP30P140)
   0.0360    9.9810 ^ reducedSum_nextLevel_adder_28/_0966_/ZN (MAOI222D0BWP30P140)
   0.0302   10.0113 v reducedSum_nextLevel_adder_28/_0968_/ZN (MAOI222D0BWP30P140)
   0.0257   10.0370 v reducedSum_nextLevel_adder_28/_0970_/ZN (XNR2UD0BWP30P140)
   0.0213   10.0583 ^ reducedSum_nextLevel_adder_28/_0971_/ZN (NR2D0BWP30P140)
   0.0257   10.0840 ^ reducedSum_nextLevel_adder_28/_0972_/Z (AN2D0BWP30P140)
   0.4170   10.5010 v reducedSum_nextLevel_adder_28/_0975_/ZN (AOI31D0BWP30P140)
   0.4192   10.9202 ^ reducedSum_nextLevel_adder_28/_0991_/ZN (AOI22D0BWP30P140)
   0.0318   10.9520 v reducedSum_nextLevel_adder_28/_1063_/ZN (CKND2D0BWP30P140)
   0.0370   10.9890 ^ reducedSum_nextLevel_adder_28/_1188_/ZN (OAI32D0BWP30P140)
   0.0151   11.0041 v reducedSum_nextLevel_adder_28/_1189_/ZN (AOI21D0BWP30P140)
   0.0396   11.0437 ^ reducedSum_nextLevel_adder_28/_1191_/ZN (OAI221D0BWP30P140)
   0.0211   11.0648 v reducedSum_nextLevel_adder_28/_1196_/ZN (OAI31D0BWP30P140)
   0.0222   11.0871 ^ reducedSum_nextLevel_adder_28/_1198_/ZN (AOI21D0BWP30P140)
   0.0256   11.1126 v reducedSum_nextLevel_adder_28/_1200_/ZN (MAOI222D0BWP30P140)
   0.0396   11.1522 ^ reducedSum_nextLevel_adder_28/_1202_/ZN (MAOI222D0BWP30P140)
   0.0257   11.1779 v reducedSum_nextLevel_adder_28/_1204_/ZN (MAOI222D0BWP30P140)
   0.0277   11.2057 ^ reducedSum_nextLevel_adder_28/_1206_/ZN (AOI21D0BWP30P140)
   0.0253   11.2310 ^ reducedSum_nextLevel_adder_28/_1209_/ZN (IAO21D0BWP30P140)
   0.0247   11.2556 v reducedSum_nextLevel_adder_28/_1211_/ZN (MAOI222D0BWP30P140)
   0.0395   11.2951 ^ reducedSum_nextLevel_adder_28/_1213_/ZN (MAOI222D0BWP30P140)
   0.0265   11.3216 v reducedSum_nextLevel_adder_28/_1221_/ZN (MAOI222D0BWP30P140)
   0.0354   11.3570 v reducedSum_nextLevel_adder_28/_1232_/Z (AO21D0BWP30P140)
   0.0261   11.3831 ^ reducedSum_nextLevel_adder_28/_1242_/ZN (MAOI222D0BWP30P140)
   0.0265   11.4096 v reducedSum_nextLevel_adder_28/_1255_/ZN (MAOI222D0BWP30P140)
   0.0315   11.4411 v reducedSum_nextLevel_adder_28/_1259_/Z (AO21D0BWP30P140)
   0.0182   11.4593 ^ reducedSum_nextLevel_adder_28/_1276_/ZN (AOI21D0BWP30P140)
   0.0258   11.4851 v reducedSum_nextLevel_adder_28/_1280_/ZN (MAOI222D0BWP30P140)
   0.0391   11.5242 ^ reducedSum_nextLevel_adder_28/_1296_/ZN (MAOI222D0BWP30P140)
   0.0262   11.5504 v reducedSum_nextLevel_adder_28/_1300_/ZN (MAOI222D0BWP30P140)
   0.0304   11.5808 ^ reducedSum_nextLevel_adder_28/_1318_/ZN (AOI21D0BWP30P140)
   0.0249   11.6057 v reducedSum_nextLevel_adder_28/_1322_/ZN (MAOI222D0BWP30P140)
   0.0364   11.6422 v reducedSum_nextLevel_adder_28/_1345_/Z (AO21D0BWP30P140)
   0.0156   11.6578 ^ reducedSum_nextLevel_adder_28/_1353_/ZN (MUX2ND0BWP30P140)
   0.0347   11.6925 ^ reducedSum_nextLevel_adder_28/_1354_/ZN (XNR2UD0BWP30P140)
   0.0288   11.7213 ^ reducedSum_nextLevel_adder_28/_1453_/ZN (MAOI22D0BWP30P140)
   0.1281   11.8494 v reducedSum_nextLevel_adder_28/_1456_/ZN (OAI211D0BWP30P140)
   0.0886   11.9380 ^ reducedSum_nextLevel_adder_28/_1531_/Z (MUX4D0BWP30P140)
   0.0194   11.9574 v reducedSum_nextLevel_adder_28/_1534_/ZN (MUX3ND0BWP30P140)
   0.0405   11.9979 ^ reducedSum_nextLevel_adder_28/_1568_/ZN (NR2D0BWP30P140)
   0.0507   12.0486 ^ reducedSum_nextLevel_adder_28/_1577_/ZN (INR4D0BWP30P140)
   0.0510   12.0997 ^ reducedSum_nextLevel_adder_28/_1582_/Z (AN4D0BWP30P140)
   0.0395   12.1391 ^ reducedSum_nextLevel_adder_28/_1590_/Z (AN4D0BWP30P140)
   0.0406   12.1797 ^ reducedSum_nextLevel_adder_28/_1601_/Z (AN4D0BWP30P140)
   0.0349   12.2146 ^ reducedSum_nextLevel_adder_28/_1603_/Z (AN3D0BWP30P140)
   0.0271   12.2417 v reducedSum_nextLevel_adder_28/_1605_/ZN (IND3D0BWP30P140)
   0.0379   12.2796 v reducedSum_nextLevel_adder_28/_1606_/Z (OR3D0BWP30P140)
   0.0368   12.3165 ^ reducedSum_nextLevel_adder_28/_1608_/ZN (INR3D0BWP30P140)
   0.0364   12.3529 v reducedSum_nextLevel_adder_28/_1611_/ZN (MAOI222D0BWP30P140)
   0.0357   12.3886 ^ reducedSum_nextLevel_adder_28/_1616_/ZN (NR4D0BWP30P140)
   0.0219   12.4105 v reducedSum_nextLevel_adder_28/_1619_/ZN (OAI31D0BWP30P140)
   0.0327   12.4431 v reducedSum_nextLevel_adder_28/_1621_/Z (AO21D0BWP30P140)
   0.0312   12.4744 ^ reducedSum_nextLevel_adder_28/_1623_/ZN (AOI21D0BWP30P140)
   0.0248   12.4992 ^ reducedSum_nextLevel_adder_28/_1625_/Z (OR3D0BWP30P140)
   0.0144   12.5135 v reducedSum_nextLevel_adder_28/_1647_/ZN (AOI21D0BWP30P140)
   0.0314   12.5449 v reducedSum_nextLevel_adder_28/_1648_/Z (OR2D0BWP30P140)
   0.0267   12.5717 ^ reducedSum_nextLevel_adder_28/_1653_/ZN (NR2D0BWP30P140)
   0.0319   12.6036 v reducedSum_nextLevel_adder_30/_0897_/ZN (XNR2UD0BWP30P140)
   0.0322   12.6357 ^ reducedSum_nextLevel_adder_30/_0899_/ZN (AOI21D0BWP30P140)
   0.0302   12.6659 v reducedSum_nextLevel_adder_30/_0901_/ZN (MAOI222D0BWP30P140)
   0.0360   12.7019 ^ reducedSum_nextLevel_adder_30/_0902_/ZN (MAOI222D0BWP30P140)
   0.0302   12.7322 v reducedSum_nextLevel_adder_30/_0903_/ZN (MAOI222D0BWP30P140)
   0.0360   12.7682 ^ reducedSum_nextLevel_adder_30/_0966_/ZN (MAOI222D0BWP30P140)
   0.0302   12.7984 v reducedSum_nextLevel_adder_30/_0968_/ZN (MAOI222D0BWP30P140)
   0.0257   12.8241 v reducedSum_nextLevel_adder_30/_0970_/ZN (XNR2UD0BWP30P140)
   0.0213   12.8454 ^ reducedSum_nextLevel_adder_30/_0971_/ZN (NR2D0BWP30P140)
   0.0257   12.8711 ^ reducedSum_nextLevel_adder_30/_0972_/Z (AN2D0BWP30P140)
   0.4170   13.2881 v reducedSum_nextLevel_adder_30/_0975_/ZN (AOI31D0BWP30P140)
   0.4192   13.7073 ^ reducedSum_nextLevel_adder_30/_0991_/ZN (AOI22D0BWP30P140)
   0.0318   13.7392 v reducedSum_nextLevel_adder_30/_1063_/ZN (CKND2D0BWP30P140)
   0.0370   13.7761 ^ reducedSum_nextLevel_adder_30/_1188_/ZN (OAI32D0BWP30P140)
   0.0151   13.7912 v reducedSum_nextLevel_adder_30/_1189_/ZN (AOI21D0BWP30P140)
   0.0396   13.8308 ^ reducedSum_nextLevel_adder_30/_1191_/ZN (OAI221D0BWP30P140)
   0.0211   13.8519 v reducedSum_nextLevel_adder_30/_1196_/ZN (OAI31D0BWP30P140)
   0.0222   13.8742 ^ reducedSum_nextLevel_adder_30/_1198_/ZN (AOI21D0BWP30P140)
   0.0256   13.8997 v reducedSum_nextLevel_adder_30/_1200_/ZN (MAOI222D0BWP30P140)
   0.0396   13.9393 ^ reducedSum_nextLevel_adder_30/_1202_/ZN (MAOI222D0BWP30P140)
   0.0257   13.9650 v reducedSum_nextLevel_adder_30/_1204_/ZN (MAOI222D0BWP30P140)
   0.0277   13.9928 ^ reducedSum_nextLevel_adder_30/_1206_/ZN (AOI21D0BWP30P140)
   0.0253   14.0181 ^ reducedSum_nextLevel_adder_30/_1209_/ZN (IAO21D0BWP30P140)
   0.0247   14.0427 v reducedSum_nextLevel_adder_30/_1211_/ZN (MAOI222D0BWP30P140)
   0.0395   14.0822 ^ reducedSum_nextLevel_adder_30/_1213_/ZN (MAOI222D0BWP30P140)
   0.0265   14.1087 v reducedSum_nextLevel_adder_30/_1221_/ZN (MAOI222D0BWP30P140)
   0.0354   14.1441 v reducedSum_nextLevel_adder_30/_1232_/Z (AO21D0BWP30P140)
   0.0261   14.1702 ^ reducedSum_nextLevel_adder_30/_1242_/ZN (MAOI222D0BWP30P140)
   0.0265   14.1967 v reducedSum_nextLevel_adder_30/_1255_/ZN (MAOI222D0BWP30P140)
   0.0315   14.2282 v reducedSum_nextLevel_adder_30/_1259_/Z (AO21D0BWP30P140)
   0.0182   14.2464 ^ reducedSum_nextLevel_adder_30/_1276_/ZN (AOI21D0BWP30P140)
   0.0258   14.2722 v reducedSum_nextLevel_adder_30/_1280_/ZN (MAOI222D0BWP30P140)
   0.0391   14.3113 ^ reducedSum_nextLevel_adder_30/_1296_/ZN (MAOI222D0BWP30P140)
   0.0262   14.3375 v reducedSum_nextLevel_adder_30/_1300_/ZN (MAOI222D0BWP30P140)
   0.0304   14.3679 ^ reducedSum_nextLevel_adder_30/_1318_/ZN (AOI21D0BWP30P140)
   0.0249   14.3928 v reducedSum_nextLevel_adder_30/_1322_/ZN (MAOI222D0BWP30P140)
   0.0364   14.4293 v reducedSum_nextLevel_adder_30/_1345_/Z (AO21D0BWP30P140)
   0.0156   14.4449 ^ reducedSum_nextLevel_adder_30/_1353_/ZN (MUX2ND0BWP30P140)
   0.0347   14.4796 ^ reducedSum_nextLevel_adder_30/_1354_/ZN (XNR2UD0BWP30P140)
   0.0288   14.5084 ^ reducedSum_nextLevel_adder_30/_1453_/ZN (MAOI22D0BWP30P140)
   0.1281   14.6365 v reducedSum_nextLevel_adder_30/_1456_/ZN (OAI211D0BWP30P140)
   0.0886   14.7251 ^ reducedSum_nextLevel_adder_30/_1531_/Z (MUX4D0BWP30P140)
   0.0194   14.7445 v reducedSum_nextLevel_adder_30/_1534_/ZN (MUX3ND0BWP30P140)
   0.0405   14.7850 ^ reducedSum_nextLevel_adder_30/_1568_/ZN (NR2D0BWP30P140)
   0.0507   14.8357 ^ reducedSum_nextLevel_adder_30/_1577_/ZN (INR4D0BWP30P140)
   0.0510   14.8868 ^ reducedSum_nextLevel_adder_30/_1582_/Z (AN4D0BWP30P140)
   0.0395   14.9262 ^ reducedSum_nextLevel_adder_30/_1590_/Z (AN4D0BWP30P140)
   0.0406   14.9668 ^ reducedSum_nextLevel_adder_30/_1601_/Z (AN4D0BWP30P140)
   0.0349   15.0017 ^ reducedSum_nextLevel_adder_30/_1603_/Z (AN3D0BWP30P140)
   0.0271   15.0288 v reducedSum_nextLevel_adder_30/_1605_/ZN (IND3D0BWP30P140)
   0.0379   15.0668 v reducedSum_nextLevel_adder_30/_1606_/Z (OR3D0BWP30P140)
   0.0368   15.1036 ^ reducedSum_nextLevel_adder_30/_1608_/ZN (INR3D0BWP30P140)
   0.0364   15.1400 v reducedSum_nextLevel_adder_30/_1611_/ZN (MAOI222D0BWP30P140)
   0.0357   15.1757 ^ reducedSum_nextLevel_adder_30/_1616_/ZN (NR4D0BWP30P140)
   0.0219   15.1976 v reducedSum_nextLevel_adder_30/_1619_/ZN (OAI31D0BWP30P140)
   0.0327   15.2302 v reducedSum_nextLevel_adder_30/_1621_/Z (AO21D0BWP30P140)
   0.0312   15.2615 ^ reducedSum_nextLevel_adder_30/_1623_/ZN (AOI21D0BWP30P140)
   0.0248   15.2863 ^ reducedSum_nextLevel_adder_30/_1625_/Z (OR3D0BWP30P140)
   0.0144   15.3006 v reducedSum_nextLevel_adder_30/_1647_/ZN (AOI21D0BWP30P140)
   0.0314   15.3320 v reducedSum_nextLevel_adder_30/_1648_/Z (OR2D0BWP30P140)
   0.0303   15.3623 ^ reducedSum_nextLevel_adder_30/_1653_/ZN (NR2D0BWP30P140)
   0.0246   15.3869 v accAdder/_0897_/ZN (XNR2UD0BWP30P140)
   0.0314   15.4183 ^ accAdder/_0899_/ZN (AOI21D0BWP30P140)
   0.0301   15.4484 v accAdder/_0901_/ZN (MAOI222D0BWP30P140)
   0.0360   15.4844 ^ accAdder/_0902_/ZN (MAOI222D0BWP30P140)
   0.0302   15.5146 v accAdder/_0903_/ZN (MAOI222D0BWP30P140)
   0.0360   15.5506 ^ accAdder/_0966_/ZN (MAOI222D0BWP30P140)
   0.0302   15.5808 v accAdder/_0968_/ZN (MAOI222D0BWP30P140)
   0.0257   15.6065 v accAdder/_0970_/ZN (XNR2UD0BWP30P140)
   0.0212   15.6277 ^ accAdder/_0971_/ZN (NR2D0BWP30P140)
   0.0257   15.6534 ^ accAdder/_0972_/Z (AN2D0BWP30P140)
   0.4170   16.0704 v accAdder/_0975_/ZN (AOI31D0BWP30P140)
   0.4192   16.4896 ^ accAdder/_0991_/ZN (AOI22D0BWP30P140)
   0.0318   16.5215 v accAdder/_1063_/ZN (CKND2D0BWP30P140)
   0.0370   16.5585 ^ accAdder/_1188_/ZN (OAI32D0BWP30P140)
   0.0151   16.5735 v accAdder/_1189_/ZN (AOI21D0BWP30P140)
   0.0396   16.6132 ^ accAdder/_1191_/ZN (OAI221D0BWP30P140)
   0.0211   16.6343 v accAdder/_1196_/ZN (OAI31D0BWP30P140)
   0.0222   16.6565 ^ accAdder/_1198_/ZN (AOI21D0BWP30P140)
   0.0256   16.6821 v accAdder/_1200_/ZN (MAOI222D0BWP30P140)
   0.0396   16.7217 ^ accAdder/_1202_/ZN (MAOI222D0BWP30P140)
   0.0257   16.7474 v accAdder/_1204_/ZN (MAOI222D0BWP30P140)
   0.0277   16.7751 ^ accAdder/_1206_/ZN (AOI21D0BWP30P140)
   0.0253   16.8004 ^ accAdder/_1209_/ZN (IAO21D0BWP30P140)
   0.0247   16.8251 v accAdder/_1211_/ZN (MAOI222D0BWP30P140)
   0.0395   16.8646 ^ accAdder/_1213_/ZN (MAOI222D0BWP30P140)
   0.0265   16.8911 v accAdder/_1221_/ZN (MAOI222D0BWP30P140)
   0.0354   16.9265 v accAdder/_1232_/Z (AO21D0BWP30P140)
   0.0261   16.9525 ^ accAdder/_1242_/ZN (MAOI222D0BWP30P140)
   0.0265   16.9791 v accAdder/_1255_/ZN (MAOI222D0BWP30P140)
   0.0315   17.0106 v accAdder/_1259_/Z (AO21D0BWP30P140)
   0.0182   17.0287 ^ accAdder/_1276_/ZN (AOI21D0BWP30P140)
   0.0258   17.0546 v accAdder/_1280_/ZN (MAOI222D0BWP30P140)
   0.0391   17.0937 ^ accAdder/_1296_/ZN (MAOI222D0BWP30P140)
   0.0262   17.1198 v accAdder/_1300_/ZN (MAOI222D0BWP30P140)
   0.0304   17.1502 ^ accAdder/_1318_/ZN (AOI21D0BWP30P140)
   0.0249   17.1752 v accAdder/_1322_/ZN (MAOI222D0BWP30P140)
   0.0364   17.2116 v accAdder/_1345_/Z (AO21D0BWP30P140)
   0.0156   17.2272 ^ accAdder/_1353_/ZN (MUX2ND0BWP30P140)
   0.0347   17.2620 ^ accAdder/_1354_/ZN (XNR2UD0BWP30P140)
   0.0288   17.2907 ^ accAdder/_1453_/ZN (MAOI22D0BWP30P140)
   0.1281   17.4188 v accAdder/_1456_/ZN (OAI211D0BWP30P140)
   0.0886   17.5074 ^ accAdder/_1531_/Z (MUX4D0BWP30P140)
   0.0194   17.5269 v accAdder/_1534_/ZN (MUX3ND0BWP30P140)
   0.0405   17.5674 ^ accAdder/_1568_/ZN (NR2D0BWP30P140)
   0.0507   17.6181 ^ accAdder/_1577_/ZN (INR4D0BWP30P140)
   0.0511   17.6691 ^ accAdder/_1582_/Z (AN4D0BWP30P140)
   0.0395   17.7086 ^ accAdder/_1590_/Z (AN4D0BWP30P140)
   0.0406   17.7491 ^ accAdder/_1601_/Z (AN4D0BWP30P140)
   0.0349   17.7840 ^ accAdder/_1603_/Z (AN3D0BWP30P140)
   0.0271   17.8112 v accAdder/_1605_/ZN (IND3D0BWP30P140)
   0.0379   17.8491 v accAdder/_1606_/Z (OR3D0BWP30P140)
   0.0368   17.8859 ^ accAdder/_1608_/ZN (INR3D0BWP30P140)
   0.0364   17.9223 v accAdder/_1611_/ZN (MAOI222D0BWP30P140)
   0.0357   17.9580 ^ accAdder/_1616_/ZN (NR4D0BWP30P140)
   0.0219   17.9799 v accAdder/_1619_/ZN (OAI31D0BWP30P140)
   0.0327   18.0126 v accAdder/_1621_/Z (AO21D0BWP30P140)
   0.0312   18.0438 ^ accAdder/_1623_/ZN (AOI21D0BWP30P140)
   0.0237   18.0675 v accAdder/_1626_/ZN (OAI21D0BWP30P140)
   0.0215   18.0890 v accAdder/_1658_/Z (AN3D0BWP30P140)
   0.0613   18.1502 v accAdder/_1659_/Z (OR3D0BWP30P140)
   0.0420   18.1922 ^ accAdder/_1703_/ZN (AOI211D0BWP30P140)
   0.0261   18.2183 ^ _060_/Z (AO22D0BWP30P140)
   0.0000   18.2183 ^ _070_/D (DFCNQD1BWP30P140)
            18.2183   data arrival time

  20.0000   20.0000   clock CORE_CLK (rise edge)
   0.0000   20.0000   clock network delay (ideal)
  -0.0500   19.9500   clock uncertainty
   0.0000   19.9500   clock reconvergence pessimism
            19.9500 ^ _070_/CP (DFCNQD1BWP30P140)
  -0.0174   19.9326   library setup time
            19.9326   data required time
-------------------------------------------------------------
            19.9326   data required time
           -18.2183   data arrival time
-------------------------------------------------------------
             1.7144   slack (MET)


