
6. Printing statistics.

=== BFP_PE ===

        +----------Local Count, excluding submodules.
        |        +-Local Area, excluding submodules.
        |        | 
       78        - wires
      616        - wire bits
       44        - public wires
      582        - public wire bits
       10        - ports
      117        - port bits
       67   99.918 cells
       32   24.192   AO22D0BWP30P140
       33   74.844   DFCNQD1BWP30P140
        1    0.504   INR2D0BWP30P140
        1    0.378   NR2D0BWP30P140
       16        - submodules
        4        -   CustomOperator_INT8_to_E5M2
        4        -   FP32Adder
        4        -   ScaleAddition_INT8_to_E5M2_scale_UE6M2
        4        -   ScaleToFP32_INT8_x_E5M2_UE6M2

   Chip area for module '\BFP_PE': 99.918000
     of which used for sequential elements: 74.844000 (74.91%)

=== FP32Adder ===

        +----------Local Count, excluding submodules.
        |        +-Local Area, excluding submodules.
        |        | 
      872        - wires
     1037        - wire bits
        6        - public wires
      171        - public wire bits
        3        - ports
       96        - port bits
      898  554.904 cells
       18    9.072   AN2D0BWP30P140
        5     3.15   AN3D0BWP30P140
        4    3.024   AN4D0BWP30P140
        2    1.512   AO211D0BWP30P140
       13     8.19   AO21D0BWP30P140
        4    3.024   AO22D0BWP30P140
       10      6.3   AOI211D0BWP30P140
       52   26.208   AOI21D0BWP30P140
       10     7.56   AOI221D0BWP30P140
        2    2.016   AOI222D0BWP30P140
       32    20.16   AOI22D0BWP30P140
        2     1.26   AOI31D0BWP30P140
       19   16.758   CKMUX2D0BWP30P140
       65    16.38   CKND0BWP30P140
       72   27.216   CKND2D0BWP30P140
        6     3.78   IAO21D0BWP30P140
       20    10.08   IND2D0BWP30P140
        1     0.63   IND3D0BWP30P140
        2    1.512   IND4D0BWP30P140
       21   10.584   INR2D0BWP30P140
        8     5.04   INR3D0BWP30P140
        3    2.268   INR4D0BWP30P140
        7     4.41   IOA21D0BWP30P140
       30    22.68   MAOI222D0BWP30P140
       15    11.34   MAOI22D0BWP30P140
        4    3.024   MOAI22D0BWP30P140
      114   86.184   MUX2ND0BWP30P140
        1    1.764   MUX3D0BWP30P140
        1    1.638   MUX3ND0BWP30P140
        2    4.788   MUX4D0BWP30P140
       16   36.288   MUX4ND0BWP30P140
       14    7.056   ND3D0BWP30P140
        5     3.15   ND4D0BWP30P140
       99   37.422   NR2D0BWP30P140
       35    17.64   NR3D0BWP30P140
        8     5.04   NR4D0BWP30P140
        2    1.512   OA211D0BWP30P140
        6     3.78   OA21D0BWP30P140
        1    0.882   OA22D0BWP30P140
       13     8.19   OAI211D0BWP30P140
       41   20.664   OAI21D0BWP30P140
        1    0.882   OAI221D0BWP30P140
        1    1.008   OAI222D0BWP30P140
       10      6.3   OAI22D0BWP30P140
        6     3.78   OAI31D0BWP30P140
        3    2.268   OAI32D0BWP30P140
        1    0.882   OAI33D0BWP30P140
        6    3.024   OR2D0BWP30P140
        8     5.04   OR3D0BWP30P140
        2    1.512   OR4D0BWP30P140
       51   44.982   XNR2UD0BWP30P140
        1    1.764   XNR3UD0BWP30P140
       23   20.286   XOR2UD0BWP30P140

   Chip area for module '\FP32Adder': 554.904000
     of which used for sequential elements: 0.000000 (0.00%)

=== ScaleToFP32_INT8_x_E5M2_UE6M2 ===

        +----------Local Count, excluding submodules.
        |        +-Local Area, excluding submodules.
        |        | 
      127        - wires
      181        - wire bits
        4        - public wires
       58        - public wire bits
        4        - ports
       58        - port bits
      147    90.09 cells
        1    0.504   AN2D0BWP30P140
        1     0.63   AN3D0BWP30P140
        1     0.63   AO21D0BWP30P140
        1    0.756   AO22D0BWP30P140
        4     2.52   AOI211D0BWP30P140
        5     2.52   AOI21D0BWP30P140
        2     1.26   AOI22D0BWP30P140
        1    0.756   AOI32D0BWP30P140
        8    7.056   CKMUX2D0BWP30P140
        3    0.756   CKND0BWP30P140
        6    2.268   CKND2D0BWP30P140
        9     5.67   IAO21D0BWP30P140
        1    0.504   IND2D0BWP30P140
        1     0.63   IND3D0BWP30P140
        4    2.016   INR2D0BWP30P140
        3     1.89   INR3D0BWP30P140
        1    0.756   INR4D0BWP30P140
        2     1.26   IOA21D0BWP30P140
       17   12.852   MUX2ND0BWP30P140
        1    1.638   MUX3ND0BWP30P140
        2    1.008   ND3D0BWP30P140
        1     0.63   ND4D0BWP30P140
       13    4.914   NR2D0BWP30P140
       19    9.576   NR3D0BWP30P140
       12     7.56   NR4D0BWP30P140
        4     2.52   OA21D0BWP30P140
        3     1.89   OAI211D0BWP30P140
        4    2.016   OAI21D0BWP30P140
        1    0.882   OAI221D0BWP30P140
        2     1.26   OAI22D0BWP30P140
        2     1.26   OAI31D0BWP30P140
        2    1.008   OR2D0BWP30P140
        1    0.756   OR4D0BWP30P140
        5     4.41   XNR2UD0BWP30P140
        4    3.528   XOR2UD0BWP30P140

   Chip area for module '\ScaleToFP32_INT8_x_E5M2_UE6M2': 90.090000
     of which used for sequential elements: 0.000000 (0.00%)

=== ScaleAddition_INT8_to_E5M2_scale_UE6M2 ===

        +----------Local Count, excluding submodules.
        |        +-Local Area, excluding submodules.
        |        | 
      289        - wires
      341        - wire bits
        8        - public wires
       60        - public wire bits
        8        - ports
       60        - port bits
      305  216.216 cells
        4    2.016   AN2D0BWP30P140
        4     2.52   AN3D0BWP30P140
        1    0.756   AO211D0BWP30P140
       16    8.064   AOI21D0BWP30P140
        3     1.89   AOI22D0BWP30P140
       12    3.024   CKND0BWP30P140
       70    26.46   CKND2D0BWP30P140
        1     0.63   IAO21D0BWP30P140
        4    2.016   IND2D0BWP30P140
        8    4.032   INR2D0BWP30P140
        1     0.63   INR3D0BWP30P140
        1     0.63   IOA21D0BWP30P140
       36   27.216   MAOI222D0BWP30P140
        1    0.756   MAOI22D0BWP30P140
        5     2.52   ND3D0BWP30P140
       13    4.914   NR2D0BWP30P140
        2    1.008   NR3D0BWP30P140
       11    5.544   OAI21D0BWP30P140
        6     3.78   OAI22D0BWP30P140
        5     2.52   OR2D0BWP30P140
        2    1.512   OR4D0BWP30P140
       51   44.982   XNR2UD0BWP30P140
       19   33.516   XNR3UD0BWP30P140
        2    5.292   XNR4D0BWP30P140
       20    17.64   XOR2UD0BWP30P140
        7   12.348   XOR3UD0BWP30P140

   Chip area for module '\ScaleAddition_INT8_to_E5M2_scale_UE6M2': 216.216000
     of which used for sequential elements: 0.000000 (0.00%)

=== CustomOperator_INT8_to_E5M2 ===

        +----------Local Count, excluding submodules.
        |        +-Local Area, excluding submodules.
        |        | 
       76        - wires
      110        - wire bits
        6        - public wires
       40        - public wire bits
        5        - ports
       34        - port bits
       87   56.574 cells
        5     2.52   AN2D0BWP30P140
        1    0.756   AO22D0BWP30P140
        3    1.512   AOI21D0BWP30P140
        2     1.26   AOI22D0BWP30P140
        7    1.764   CKND0BWP30P140
       15     5.67   CKND2D0BWP30P140
        1     0.63   IAO21D0BWP30P140
        2    1.008   IND2D0BWP30P140
        1    0.504   INR2D0BWP30P140
        8    6.048   MAOI222D0BWP30P140
        2    1.008   ND3D0BWP30P140
        3    1.134   NR2D0BWP30P140
        1    0.504   NR3D0BWP30P140
        1    0.756   OA211D0BWP30P140
        2     1.26   OA21D0BWP30P140
        5     2.52   OAI21D0BWP30P140
        2     1.26   OAI22D0BWP30P140
        2     1.26   OAI31D0BWP30P140
        1    0.504   OR2D0BWP30P140
       15    13.23   XNR2UD0BWP30P140
        3    5.292   XNR3UD0BWP30P140
        3    2.646   XOR2UD0BWP30P140
        2    3.528   XOR3UD0BWP30P140

   Chip area for module '\CustomOperator_INT8_to_E5M2': 56.574000
     of which used for sequential elements: 0.000000 (0.00%)

=== design hierarchy ===

        +----------Count including submodules.
        |        +-Area including submodules.
        |        | 
     5815 3.77E+03 BFP_PE
       87   56.574 CustomOperator_INT8_to_E5M2
      898  554.904 FP32Adder
      305  216.216 ScaleAddition_INT8_to_E5M2_scale_UE6M2
      147    90.09 ScaleToFP32_INT8_x_E5M2_UE6M2

        +----------Count including submodules.
        |        +-Area including submodules.
        |        | 
     5534        - wires
     7292        - wire bits
      140        - public wires
     1898        - public wire bits
       90        - ports
     1109        - port bits
        -        - memories
        -        - memory bits
        -        - processes
     5815 3.77E+03 cells
      112   56.448   AN2D0BWP30P140
       40     25.2   AN3D0BWP30P140
       16   12.096   AN4D0BWP30P140
       12    9.072   AO211D0BWP30P140
       56    35.28   AO21D0BWP30P140
       56   42.336   AO22D0BWP30P140
       56    35.28   AOI211D0BWP30P140
      304  153.216   AOI21D0BWP30P140
       40    30.24   AOI221D0BWP30P140
        8    8.064   AOI222D0BWP30P140
      156    98.28   AOI22D0BWP30P140
        8     5.04   AOI31D0BWP30P140
        4    3.024   AOI32D0BWP30P140
      108   95.256   CKMUX2D0BWP30P140
      348   87.696   CKND0BWP30P140
      652  246.456   CKND2D0BWP30P140
       33   74.844   DFCNQD1BWP30P140
       68    42.84   IAO21D0BWP30P140
      108   54.432   IND2D0BWP30P140
        8     5.04   IND3D0BWP30P140
        8    6.048   IND4D0BWP30P140
      137   69.048   INR2D0BWP30P140
       48    30.24   INR3D0BWP30P140
       16   12.096   INR4D0BWP30P140
       40     25.2   IOA21D0BWP30P140
      296  223.776   MAOI222D0BWP30P140
       64   48.384   MAOI22D0BWP30P140
       16   12.096   MOAI22D0BWP30P140
      524  396.144   MUX2ND0BWP30P140
        4    7.056   MUX3D0BWP30P140
        8   13.104   MUX3ND0BWP30P140
        8   19.152   MUX4D0BWP30P140
       64  145.152   MUX4ND0BWP30P140
       92   46.368   ND3D0BWP30P140
       24    15.12   ND4D0BWP30P140
      513  193.914   NR2D0BWP30P140
      228  114.912   NR3D0BWP30P140
       80     50.4   NR4D0BWP30P140
       12    9.072   OA211D0BWP30P140
       48    30.24   OA21D0BWP30P140
        4    3.528   OA22D0BWP30P140
       64    40.32   OAI211D0BWP30P140
      244  122.976   OAI21D0BWP30P140
        8    7.056   OAI221D0BWP30P140
        4    4.032   OAI222D0BWP30P140
       80     50.4   OAI22D0BWP30P140
       40     25.2   OAI31D0BWP30P140
       12    9.072   OAI32D0BWP30P140
        4    3.528   OAI33D0BWP30P140
       56   28.224   OR2D0BWP30P140
       32    20.16   OR3D0BWP30P140
       20    15.12   OR4D0BWP30P140
      488  430.416   XNR2UD0BWP30P140
       92  162.288   XNR3UD0BWP30P140
        8   21.168   XNR4D0BWP30P140
      200    176.4   XOR2UD0BWP30P140
       36   63.504   XOR3UD0BWP30P140
       16 3.67E+03 submodules
        4  226.296   CustomOperator_INT8_to_E5M2
        4 2.22E+03   FP32Adder
        4  864.864   ScaleAddition_INT8_to_E5M2_scale_UE6M2
        4   360.36   ScaleToFP32_INT8_x_E5M2_UE6M2

   Chip area for top module '\BFP_PE': 3771.054000
     of which used for sequential elements: 74.844000 (1.98%)

