Startpoint: reset (input port clocked by CORE_CLK)
Endpoint: _068_ (recovery check against rising-edge clock CORE_CLK)
Path Group: asynchronous
Path Type: max

    Delay      Time   Description
-------------------------------------------------------------
   0.0000    0.0000   clock CORE_CLK (rise edge)
   0.0000    0.0000   clock network delay (ideal)
   0.0000    0.0000 ^ input external delay
   0.0000    0.0000 ^ reset (in)
   0.0000    0.0000 ^ _068_/CDN (DFCNQD1BWP30P140)
             0.0000   data arrival time

  20.0000   20.0000   clock CORE_CLK (rise edge)
   0.0000   20.0000   clock network delay (ideal)
  -0.0500   19.9500   clock uncertainty
   0.0000   19.9500   clock reconvergence pessimism
            19.9500 ^ _068_/CP (DFCNQD1BWP30P140)
   0.0258   19.9758   library recovery time
            19.9758   data required time
-------------------------------------------------------------
            19.9758   data required time
            -0.0000   data arrival time
-------------------------------------------------------------
            19.9758   slack (MET)


Startpoint: io_op_b_i[3] (input port clocked by CORE_CLK)
Endpoint: _070_ (rising edge-triggered flip-flop clocked by CORE_CLK)
Path Group: CORE_CLK
Path Type: max

    Delay      Time   Description
-------------------------------------------------------------
   0.0000    0.0000   clock CORE_CLK (rise edge)
   0.0000    0.0000   clock network delay (ideal)
   0.0000    0.0000 v input external delay
   0.0000    0.0000 v io_op_b_i[3] (in)
   0.0224    0.0224 ^ reducedSum_op/_55_/ZN (OAI31D0BWP30P140)
   0.0259    0.0483 ^ reducedSum_op/_56_/Z (XOR2UD0BWP30P140)
   0.0295    0.0777 ^ reducedSum_op/_57_/ZN (XNR2UD0BWP30P140)
   0.0446    0.1223 ^ reducedSum_op/_58_/Z (AN4D0BWP30P140)
   0.0245    0.1468 v reducedSum_op/_85_/ZN (MAOI222D0BWP30P140)
   0.0611    0.2079 ^ reducedSum_op/_89_/Z (XOR2UD0BWP30P140)
   0.0292    0.2371 v reducedSum_sa/_0900_/ZN (CKND2D0BWP30P140)
   0.0226    0.2597 v reducedSum_sa/_0926_/Z (XOR2UD0BWP30P140)
   0.0292    0.2889 v reducedSum_sa/_0949_/ZN (XNR2UD0BWP30P140)
   0.0358    0.3247 v reducedSum_sa/_0957_/Z (XOR2UD0BWP30P140)
   0.0702    0.3949 ^ reducedSum_sa/_0977_/ZN (XNR4D0BWP30P140)
   0.0325    0.4274 ^ reducedSum_sa/_0994_/ZN (XNR2UD0BWP30P140)
   0.0277    0.4552 v reducedSum_sa/_1008_/ZN (MAOI222D0BWP30P140)
   0.0329    0.4881 ^ reducedSum_sa/_1009_/ZN (MAOI222D0BWP30P140)
   0.0263    0.5145 v reducedSum_sa/_1010_/ZN (MAOI222D0BWP30P140)
   0.0342    0.5487 ^ reducedSum_sa/_1011_/ZN (MAOI222D0BWP30P140)
   0.0266    0.5752 v reducedSum_sa/_1012_/ZN (MAOI222D0BWP30P140)
   0.0341    0.6094 ^ reducedSum_sa/_1013_/ZN (MAOI222D0BWP30P140)
   0.0266    0.6359 v reducedSum_sa/_1014_/ZN (MAOI222D0BWP30P140)
   0.0342    0.6701 ^ reducedSum_sa/_1015_/ZN (MAOI222D0BWP30P140)
   0.0263    0.6964 v reducedSum_sa/_1016_/ZN (MAOI222D0BWP30P140)
   0.0376    0.7340 ^ reducedSum_sa/_1017_/ZN (MAOI222D0BWP30P140)
   0.0268    0.7608 v reducedSum_sa/_1019_/ZN (AOI21D0BWP30P140)
   0.0390    0.7998 ^ reducedSum_sa/_1036_/ZN (MAOI222D0BWP30P140)
   0.0333    0.8331 v reducedSum_sa/_1049_/ZN (MAOI222D0BWP30P140)
   0.0290    0.8621 v reducedSum_sa/_1055_/ZN (XNR2UD0BWP30P140)
   0.0163    0.8784 ^ reducedSum_reduced_nextLevel_adder/_0589_/ZN (CKND0BWP30P140)
   0.0206    0.8990 v reducedSum_reduced_nextLevel_adder/_0691_/ZN (OAI22D0BWP30P140)
   0.0337    0.9327 ^ reducedSum_reduced_nextLevel_adder/_0694_/ZN (AOI211D0BWP30P140)
   0.0228    0.9554 v reducedSum_reduced_nextLevel_adder/_0698_/ZN (AOI22D0BWP30P140)
   0.0310    0.9864 v reducedSum_reduced_nextLevel_adder/_0699_/Z (OA211D0BWP30P140)
   0.2778    1.2642 ^ reducedSum_reduced_nextLevel_adder/_0701_/ZN (NR2D0BWP30P140)
   0.0356    1.2998 v reducedSum_reduced_nextLevel_adder/_0702_/ZN (MUX2ND0BWP30P140)
   0.0300    1.3297 ^ reducedSum_reduced_nextLevel_adder/_0712_/ZN (ND3D0BWP30P140)
   0.0292    1.3590 v reducedSum_reduced_nextLevel_adder/_0713_/ZN (OAI21D0BWP30P140)
   0.0291    1.3881 ^ reducedSum_reduced_nextLevel_adder/_0754_/ZN (MUX2ND0BWP30P140)
   0.0380    1.4260 v reducedSum_reduced_nextLevel_adder/_0885_/ZN (OAI221D0BWP30P140)
   0.0294    1.4554 ^ reducedSum_reduced_nextLevel_adder/_0889_/ZN (NR3D0BWP30P140)
   0.0250    1.4804 v reducedSum_reduced_nextLevel_adder/_0893_/ZN (MAOI222D0BWP30P140)
   0.0325    1.5130 ^ reducedSum_reduced_nextLevel_adder/_0894_/ZN (MAOI222D0BWP30P140)
   0.0277    1.5406 v reducedSum_reduced_nextLevel_adder/_0898_/ZN (MAOI222D0BWP30P140)
   0.0314    1.5720 ^ reducedSum_reduced_nextLevel_adder/_0902_/ZN (MAOI222D0BWP30P140)
   0.0182    1.5903 v reducedSum_reduced_nextLevel_adder/_0906_/ZN (AOI21D0BWP30P140)
   0.0194    1.6096 ^ reducedSum_reduced_nextLevel_adder/_0908_/ZN (OAI21D0BWP30P140)
   0.0158    1.6255 v reducedSum_reduced_nextLevel_adder/_0912_/ZN (AOI21D0BWP30P140)
   0.0233    1.6488 v reducedSum_reduced_nextLevel_adder/_0914_/ZN (IAO21D0BWP30P140)
   0.0254    1.6742 ^ reducedSum_reduced_nextLevel_adder/_0918_/ZN (MAOI222D0BWP30P140)
   0.0200    1.6942 v reducedSum_reduced_nextLevel_adder/_0922_/ZN (AOI21D0BWP30P140)
   0.0291    1.7233 ^ reducedSum_reduced_nextLevel_adder/_0926_/ZN (MAOI222D0BWP30P140)
   0.0201    1.7434 v reducedSum_reduced_nextLevel_adder/_0930_/ZN (AOI21D0BWP30P140)
   0.0303    1.7737 ^ reducedSum_reduced_nextLevel_adder/_0931_/ZN (MAOI222D0BWP30P140)
   0.0281    1.8018 v reducedSum_reduced_nextLevel_adder/_0935_/ZN (MAOI222D0BWP30P140)
   0.0319    1.8337 ^ reducedSum_reduced_nextLevel_adder/_0939_/ZN (MAOI222D0BWP30P140)
   0.0201    1.8538 v reducedSum_reduced_nextLevel_adder/_0941_/ZN (AOI21D0BWP30P140)
   0.0293    1.8830 ^ reducedSum_reduced_nextLevel_adder/_0943_/ZN (MAOI222D0BWP30P140)
   0.0217    1.9047 v reducedSum_reduced_nextLevel_adder/_0945_/ZN (AOI21D0BWP30P140)
   0.0329    1.9376 v reducedSum_reduced_nextLevel_adder/_0956_/Z (OA211D0BWP30P140)
   0.1160    2.0536 v reducedSum_reduced_nextLevel_adder/_0978_/ZN (IND2D0BWP30P140)
   0.0551    2.1086 v reducedSum_reduced_nextLevel_adder/_1002_/ZN (MUX2ND0BWP30P140)
   0.0436    2.1522 ^ reducedSum_reduced_nextLevel_adder/_1007_/ZN (NR4D0BWP30P140)
   0.0491    2.2013 ^ reducedSum_reduced_nextLevel_adder/_1022_/Z (AN4D0BWP30P140)
   0.0430    2.2443 ^ reducedSum_reduced_nextLevel_adder/_1036_/ZN (INR4D0BWP30P140)
   0.0493    2.2936 ^ reducedSum_reduced_nextLevel_adder/_1051_/Z (AN4D0BWP30P140)
   0.0455    2.3391 ^ reducedSum_reduced_nextLevel_adder/_1064_/Z (AN4D0BWP30P140)
   0.0564    2.3955 ^ reducedSum_reduced_nextLevel_adder/_1142_/ZN (INR4D0BWP30P140)
   0.0367    2.4322 v reducedSum_reduced_nextLevel_adder/_1147_/ZN (IND4D0BWP30P140)
   0.0437    2.4759 ^ reducedSum_reduced_nextLevel_adder/_1151_/ZN (OAI31D0BWP30P140)
   0.0314    2.5073 v reducedSum_reduced_nextLevel_adder/_1154_/ZN (ND3D0BWP30P140)
   0.0252    2.5325 v reducedSum_reduced_nextLevel_adder/_1156_/ZN (INR2D0BWP30P140)
   0.0255    2.5580 ^ reducedSum_reduced_nextLevel_adder_2/_0608_/ZN (XNR2UD0BWP30P140)
   0.0321    2.5901 v reducedSum_reduced_nextLevel_adder_2/_0613_/ZN (OAI211D0BWP30P140)
   0.0203    2.6104 ^ reducedSum_reduced_nextLevel_adder_2/_0616_/ZN (ND3D0BWP30P140)
   0.0452    2.6556 ^ reducedSum_reduced_nextLevel_adder_2/_0619_/ZN (INR2D0BWP30P140)
   0.0161    2.6716 v reducedSum_reduced_nextLevel_adder_2/_0634_/ZN (NR3D0BWP30P140)
   0.0297    2.7014 v reducedSum_reduced_nextLevel_adder_2/_0699_/Z (OA211D0BWP30P140)
   0.2778    2.9792 ^ reducedSum_reduced_nextLevel_adder_2/_0701_/ZN (NR2D0BWP30P140)
   0.0356    3.0148 v reducedSum_reduced_nextLevel_adder_2/_0702_/ZN (MUX2ND0BWP30P140)
   0.0300    3.0447 ^ reducedSum_reduced_nextLevel_adder_2/_0712_/ZN (ND3D0BWP30P140)
   0.0292    3.0739 v reducedSum_reduced_nextLevel_adder_2/_0713_/ZN (OAI21D0BWP30P140)
   0.0291    3.1030 ^ reducedSum_reduced_nextLevel_adder_2/_0754_/ZN (MUX2ND0BWP30P140)
   0.0380    3.1410 v reducedSum_reduced_nextLevel_adder_2/_0885_/ZN (OAI221D0BWP30P140)
   0.0294    3.1704 ^ reducedSum_reduced_nextLevel_adder_2/_0889_/ZN (NR3D0BWP30P140)
   0.0250    3.1954 v reducedSum_reduced_nextLevel_adder_2/_0893_/ZN (MAOI222D0BWP30P140)
   0.0325    3.2279 ^ reducedSum_reduced_nextLevel_adder_2/_0894_/ZN (MAOI222D0BWP30P140)
   0.0277    3.2556 v reducedSum_reduced_nextLevel_adder_2/_0898_/ZN (MAOI222D0BWP30P140)
   0.0314    3.2870 ^ reducedSum_reduced_nextLevel_adder_2/_0902_/ZN (MAOI222D0BWP30P140)
   0.0182    3.3052 v reducedSum_reduced_nextLevel_adder_2/_0906_/ZN (AOI21D0BWP30P140)
   0.0194    3.3246 ^ reducedSum_reduced_nextLevel_adder_2/_0908_/ZN (OAI21D0BWP30P140)
   0.0158    3.3404 v reducedSum_reduced_nextLevel_adder_2/_0912_/ZN (AOI21D0BWP30P140)
   0.0233    3.3637 v reducedSum_reduced_nextLevel_adder_2/_0914_/ZN (IAO21D0BWP30P140)
   0.0254    3.3891 ^ reducedSum_reduced_nextLevel_adder_2/_0918_/ZN (MAOI222D0BWP30P140)
   0.0200    3.4092 v reducedSum_reduced_nextLevel_adder_2/_0922_/ZN (AOI21D0BWP30P140)
   0.0291    3.4383 ^ reducedSum_reduced_nextLevel_adder_2/_0926_/ZN (MAOI222D0BWP30P140)
   0.0201    3.4584 v reducedSum_reduced_nextLevel_adder_2/_0930_/ZN (AOI21D0BWP30P140)
   0.0303    3.4886 ^ reducedSum_reduced_nextLevel_adder_2/_0931_/ZN (MAOI222D0BWP30P140)
   0.0281    3.5167 v reducedSum_reduced_nextLevel_adder_2/_0935_/ZN (MAOI222D0BWP30P140)
   0.0319    3.5487 ^ reducedSum_reduced_nextLevel_adder_2/_0939_/ZN (MAOI222D0BWP30P140)
   0.0201    3.5687 v reducedSum_reduced_nextLevel_adder_2/_0941_/ZN (AOI21D0BWP30P140)
   0.0293    3.5980 ^ reducedSum_reduced_nextLevel_adder_2/_0943_/ZN (MAOI222D0BWP30P140)
   0.0217    3.6197 v reducedSum_reduced_nextLevel_adder_2/_0945_/ZN (AOI21D0BWP30P140)
   0.0329    3.6526 v reducedSum_reduced_nextLevel_adder_2/_0956_/Z (OA211D0BWP30P140)
   0.1160    3.7686 v reducedSum_reduced_nextLevel_adder_2/_0978_/ZN (IND2D0BWP30P140)
   0.0551    3.8236 v reducedSum_reduced_nextLevel_adder_2/_1002_/ZN (MUX2ND0BWP30P140)
   0.0436    3.8672 ^ reducedSum_reduced_nextLevel_adder_2/_1007_/ZN (NR4D0BWP30P140)
   0.0491    3.9162 ^ reducedSum_reduced_nextLevel_adder_2/_1022_/Z (AN4D0BWP30P140)
   0.0430    3.9593 ^ reducedSum_reduced_nextLevel_adder_2/_1036_/ZN (INR4D0BWP30P140)
   0.0493    4.0086 ^ reducedSum_reduced_nextLevel_adder_2/_1051_/Z (AN4D0BWP30P140)
   0.0455    4.0541 ^ reducedSum_reduced_nextLevel_adder_2/_1064_/Z (AN4D0BWP30P140)
   0.0274    4.0815 ^ reducedSum_reduced_nextLevel_adder_2/_1069_/ZN (INR2D0BWP30P140)
   0.0207    4.1022 v reducedSum_reduced_nextLevel_adder_2/_1075_/ZN (XNR2UD0BWP30P140)
   0.1015    4.2037 ^ reducedSum_conv/_152_/ZN (NR3D0BWP30P140)
   0.0337    4.2374 v reducedSum_conv/_166_/ZN (XNR2UD0BWP30P140)
   0.0284    4.2658 ^ reducedSum_conv/_167_/ZN (OAI21D0BWP30P140)
   0.0297    4.2955 ^ reducedSum_conv/_177_/Z (AO21D0BWP30P140)
   0.0257    4.3211 v reducedSum_conv/_196_/ZN (AOI31D0BWP30P140)
   0.0357    4.3568 ^ reducedSum_conv/_200_/ZN (AOI211D0BWP30P140)
   0.0257    4.3825 ^ reducedSum_conv/_204_/Z (AO21D0BWP30P140)
   0.1081    4.4906 v reducedSum_conv/_208_/ZN (ND3D0BWP30P140)
   0.0724    4.5631 ^ reducedSum_conv/_221_/ZN (AOI21D0BWP30P140)
   0.0280    4.5911 v accAdder/_0897_/ZN (XNR2UD0BWP30P140)
   0.0324    4.6234 ^ accAdder/_0899_/ZN (AOI21D0BWP30P140)
   0.0302    4.6537 v accAdder/_0901_/ZN (MAOI222D0BWP30P140)
   0.0385    4.6921 ^ accAdder/_0902_/ZN (MAOI222D0BWP30P140)
   0.0303    4.7225 v accAdder/_0903_/ZN (MAOI222D0BWP30P140)
   0.0385    4.7610 ^ accAdder/_0966_/ZN (MAOI222D0BWP30P140)
   0.0303    4.7913 v accAdder/_0968_/ZN (MAOI222D0BWP30P140)
   0.0271    4.8185 v accAdder/_0970_/ZN (XNR2UD0BWP30P140)
   0.0213    4.8398 ^ accAdder/_0971_/ZN (NR2D0BWP30P140)
   0.0257    4.8655 ^ accAdder/_0972_/Z (AN2D0BWP30P140)
   0.4170    5.2824 v accAdder/_0975_/ZN (AOI31D0BWP30P140)
   0.4192    5.7017 ^ accAdder/_0991_/ZN (AOI22D0BWP30P140)
   0.0318    5.7335 v accAdder/_1063_/ZN (CKND2D0BWP30P140)
   0.0370    5.7705 ^ accAdder/_1188_/ZN (OAI32D0BWP30P140)
   0.0151    5.7856 v accAdder/_1189_/ZN (AOI21D0BWP30P140)
   0.0396    5.8252 ^ accAdder/_1191_/ZN (OAI221D0BWP30P140)
   0.0211    5.8463 v accAdder/_1196_/ZN (OAI31D0BWP30P140)
   0.0222    5.8685 ^ accAdder/_1198_/ZN (AOI21D0BWP30P140)
   0.0256    5.8941 v accAdder/_1200_/ZN (MAOI222D0BWP30P140)
   0.0396    5.9337 ^ accAdder/_1202_/ZN (MAOI222D0BWP30P140)
   0.0257    5.9594 v accAdder/_1204_/ZN (MAOI222D0BWP30P140)
   0.0277    5.9872 ^ accAdder/_1206_/ZN (AOI21D0BWP30P140)
   0.0253    6.0125 ^ accAdder/_1209_/ZN (IAO21D0BWP30P140)
   0.0247    6.0371 v accAdder/_1211_/ZN (MAOI222D0BWP30P140)
   0.0395    6.0766 ^ accAdder/_1213_/ZN (MAOI222D0BWP30P140)
   0.0265    6.1031 v accAdder/_1221_/ZN (MAOI222D0BWP30P140)
   0.0354    6.1385 v accAdder/_1232_/Z (AO21D0BWP30P140)
   0.0261    6.1646 ^ accAdder/_1242_/ZN (MAOI222D0BWP30P140)
   0.0265    6.1911 v accAdder/_1255_/ZN (MAOI222D0BWP30P140)
   0.0315    6.2226 v accAdder/_1259_/Z (AO21D0BWP30P140)
   0.0182    6.2408 ^ accAdder/_1276_/ZN (AOI21D0BWP30P140)
   0.0258    6.2666 v accAdder/_1280_/ZN (MAOI222D0BWP30P140)
   0.0391    6.3057 ^ accAdder/_1296_/ZN (MAOI222D0BWP30P140)
   0.0262    6.3319 v accAdder/_1300_/ZN (MAOI222D0BWP30P140)
   0.0304    6.3623 ^ accAdder/_1318_/ZN (AOI21D0BWP30P140)
   0.0249    6.3872 v accAdder/_1322_/ZN (MAOI222D0BWP30P140)
   0.0364    6.4237 v accAdder/_1345_/Z (AO21D0BWP30P140)
   0.0156    6.4393 ^ accAdder/_1353_/ZN (MUX2ND0BWP30P140)
   0.0348    6.4741 ^ accAdder/_1354_/ZN (XNR2UD0BWP30P140)
   0.0288    6.5029 ^ accAdder/_1453_/ZN (MAOI22D0BWP30P140)
   0.1281    6.6309 v accAdder/_1456_/ZN (OAI211D0BWP30P140)
   0.0886    6.7196 ^ accAdder/_1531_/Z (MUX4D0BWP30P140)
   0.0194    6.7390 v accAdder/_1534_/ZN (MUX3ND0BWP30P140)
   0.0405    6.7795 ^ accAdder/_1568_/ZN (NR2D0BWP30P140)
   0.0507    6.8302 ^ accAdder/_1577_/ZN (INR4D0BWP30P140)
   0.0510    6.8812 ^ accAdder/_1582_/Z (AN4D0BWP30P140)
   0.0395    6.9207 ^ accAdder/_1590_/Z (AN4D0BWP30P140)
   0.0406    6.9613 ^ accAdder/_1601_/Z (AN4D0BWP30P140)
   0.0349    6.9962 ^ accAdder/_1603_/Z (AN3D0BWP30P140)
   0.0271    7.0233 v accAdder/_1605_/ZN (IND3D0BWP30P140)
   0.0379    7.0612 v accAdder/_1606_/Z (OR3D0BWP30P140)
   0.0368    7.0981 ^ accAdder/_1608_/ZN (INR3D0BWP30P140)
   0.0364    7.1345 v accAdder/_1611_/ZN (MAOI222D0BWP30P140)
   0.0357    7.1701 ^ accAdder/_1616_/ZN (NR4D0BWP30P140)
   0.0219    7.1920 v accAdder/_1619_/ZN (OAI31D0BWP30P140)
   0.0327    7.2247 v accAdder/_1621_/Z (AO21D0BWP30P140)
   0.0312    7.2560 ^ accAdder/_1623_/ZN (AOI21D0BWP30P140)
   0.0237    7.2796 v accAdder/_1626_/ZN (OAI21D0BWP30P140)
   0.0215    7.3011 v accAdder/_1658_/Z (AN3D0BWP30P140)
   0.0613    7.3623 v accAdder/_1659_/Z (OR3D0BWP30P140)
   0.0420    7.4044 ^ accAdder/_1703_/ZN (AOI211D0BWP30P140)
   0.0261    7.4304 ^ _060_/Z (AO22D0BWP30P140)
   0.0000    7.4304 ^ _070_/D (DFCNQD1BWP30P140)
             7.4304   data arrival time

  20.0000   20.0000   clock CORE_CLK (rise edge)
   0.0000   20.0000   clock network delay (ideal)
  -0.0500   19.9500   clock uncertainty
   0.0000   19.9500   clock reconvergence pessimism
            19.9500 ^ _070_/CP (DFCNQD1BWP30P140)
  -0.0174   19.9326   library setup time
            19.9326   data required time
-------------------------------------------------------------
            19.9326   data required time
            -7.4304   data arrival time
-------------------------------------------------------------
            12.5022   slack (MET)


