
6. Printing statistics.

=== BFP_PE ===

        +----------Local Count, excluding submodules.
        |        +-Local Area, excluding submodules.
        |        | 
       85        - wires
      641        - wire bits
       65        - public wires
      621        - public wire bits
       10        - ports
      277        - port bits
       39   57.582 cells
       18   13.608   AO22D0BWP30P140
       19   43.092   DFCNQD1BWP30P140
        1    0.504   INR2D0BWP30P140
        1    0.378   NR2D0BWP30P140
       19        - submodules
       16        -   CustomOperator_INT8_to_E2M3
        1        -   DirectToFP9b_INT8_x_E2M3_UE8M0
        1        -   FPNAdder
        1        -   FixedFPTree_exp5_mant11_out11_vec16_range1

   Chip area for module '\BFP_PE': 57.582000
     of which used for sequential elements: 43.092000 (74.84%)

=== FPNAdder ===

        +----------Local Count, excluding submodules.
        |        +-Local Area, excluding submodules.
        |        | 
      448        - wires
      529        - wire bits
        6        - public wires
       87        - public wire bits
        3        - ports
       54        - port bits
      460  285.516 cells
       21   10.584   AN2D0BWP30P140
        6     3.78   AN3D0BWP30P140
        8     5.04   AO21D0BWP30P140
        3    2.268   AO22D0BWP30P140
       12     7.56   AOI211D0BWP30P140
       19    9.576   AOI21D0BWP30P140
        5     3.78   AOI221D0BWP30P140
        1    1.008   AOI222D0BWP30P140
        6     3.78   AOI22D0BWP30P140
        5     3.15   AOI31D0BWP30P140
        1    0.756   AOI32D0BWP30P140
        1    0.882   AOI33D0BWP30P140
        8    7.056   CKMUX2D0BWP30P140
       27    6.804   CKND0BWP30P140
       28   10.584   CKND2D0BWP30P140
        5     3.15   IAO21D0BWP30P140
       16    8.064   IND2D0BWP30P140
        1     0.63   IND3D0BWP30P140
        2    1.512   IND4D0BWP30P140
       16    8.064   INR2D0BWP30P140
        2     1.26   INR3D0BWP30P140
        4    3.024   INR4D0BWP30P140
        1     0.63   IOA21D0BWP30P140
        6    4.536   MAOI222D0BWP30P140
        3    2.268   MAOI22D0BWP30P140
        3    2.268   MOAI22D0BWP30P140
       35    26.46   MUX2ND0BWP30P140
        3    5.292   MUX3D0BWP30P140
        1    1.638   MUX3ND0BWP30P140
        1    2.394   MUX4D0BWP30P140
        5    11.34   MUX4ND0BWP30P140
       11    5.544   ND3D0BWP30P140
        9     5.67   ND4D0BWP30P140
       43   16.254   NR2D0BWP30P140
       19    9.576   NR3D0BWP30P140
        7     4.41   NR4D0BWP30P140
        3    2.268   OA211D0BWP30P140
       11     6.93   OA21D0BWP30P140
        1    0.882   OA22D0BWP30P140
       12     7.56   OAI211D0BWP30P140
       12    6.048   OAI21D0BWP30P140
        3    2.646   OAI221D0BWP30P140
        7     4.41   OAI22D0BWP30P140
        6     3.78   OAI31D0BWP30P140
        1    0.756   OAI32D0BWP30P140
        1    0.882   OAI33D0BWP30P140
        9    4.536   OR2D0BWP30P140
        2     1.26   OR3D0BWP30P140
        2    1.512   OR4D0BWP30P140
       30    26.46   XNR2UD0BWP30P140
       15    13.23   XOR2UD0BWP30P140
        1    1.764   XOR3UD0BWP30P140

   Chip area for module '\FPNAdder': 285.516000
     of which used for sequential elements: 0.000000 (0.00%)

=== DirectToFP9b_INT8_x_E2M3_UE8M0 ===

        +----------Local Count, excluding submodules.
        |        +-Local Area, excluding submodules.
        |        | 
       67        - wires
      112        - wire bits
        6        - public wires
       51        - public wire bits
        6        - ports
       51        - port bits
       79   62.874 cells
        1    0.756   AN4D0BWP30P140
        2    1.008   AOI21D0BWP30P140
        2    0.504   CKND0BWP30P140
        1    0.378   CKND2D0BWP30P140
        1     0.63   IAO21D0BWP30P140
        2    1.008   IND2D0BWP30P140
        1    0.504   INR2D0BWP30P140
        5     3.15   INR3D0BWP30P140
        9    6.804   INR4D0BWP30P140
        1     0.63   IOA21D0BWP30P140
       11    8.316   MAOI222D0BWP30P140
        1    0.504   ND3D0BWP30P140
        1     0.63   ND4D0BWP30P140
        5     1.89   NR2D0BWP30P140
        6    3.024   NR3D0BWP30P140
        3     1.89   NR4D0BWP30P140
        1     0.63   OAI31D0BWP30P140
        1     0.63   OR3D0BWP30P140
        7    6.174   XNR2UD0BWP30P140
        5     8.82   XNR3UD0BWP30P140
        9    7.938   XOR2UD0BWP30P140
        4    7.056   XOR3UD0BWP30P140

   Chip area for module '\DirectToFP9b_INT8_x_E2M3_UE8M0': 62.874000
     of which used for sequential elements: 0.000000 (0.00%)

=== FixedFPTree_exp5_mant11_out11_vec16_range1 ===

        +----------Local Count, excluding submodules.
        |        +-Local Area, excluding submodules.
        |        | 
     2993        - wires
     3519        - wire bits
       67        - public wires
      593        - public wire bits
       51        - ports
      289        - port bits
     2943 2.01E+03 cells
       75     37.8   AN2D0BWP30P140
       11     6.93   AN3D0BWP30P140
       11    8.316   AN4D0BWP30P140
       10     7.56   AO211D0BWP30P140
       70     44.1   AO21D0BWP30P140
        1    0.756   AO22D0BWP30P140
       30     18.9   AOI211D0BWP30P140
      176   88.704   AOI21D0BWP30P140
       32   24.192   AOI221D0BWP30P140
        9    9.072   AOI222D0BWP30P140
       15     9.45   AOI22D0BWP30P140
       43    27.09   AOI31D0BWP30P140
       13    9.828   AOI32D0BWP30P140
        2    1.764   AOI33D0BWP30P140
       64   56.448   CKMUX2D0BWP30P140
      204   51.408   CKND0BWP30P140
      211   79.758   CKND2D0BWP30P140
       41    25.83   IAO21D0BWP30P140
       54   27.216   IND2D0BWP30P140
        4     2.52   IND3D0BWP30P140
        5     3.78   IND4D0BWP30P140
       39   19.656   INR2D0BWP30P140
        3     1.89   INR3D0BWP30P140
       10     7.56   INR4D0BWP30P140
       40     25.2   IOA21D0BWP30P140
      168  127.008   MAOI222D0BWP30P140
       15    11.34   MAOI22D0BWP30P140
       10     7.56   MOAI22D0BWP30P140
      197  148.932   MUX2ND0BWP30P140
        4    7.056   MUX3D0BWP30P140
        3    4.914   MUX3ND0BWP30P140
        1    2.394   MUX4D0BWP30P140
        5    11.34   MUX4ND0BWP30P140
       51   25.704   ND3D0BWP30P140
       20     12.6   ND4D0BWP30P140
      226   85.428   NR2D0BWP30P140
       38   19.152   NR3D0BWP30P140
        8     5.04   NR4D0BWP30P140
       22   16.632   OA211D0BWP30P140
       28    17.64   OA21D0BWP30P140
        5     4.41   OA22D0BWP30P140
       58    36.54   OAI211D0BWP30P140
       72   36.288   OAI21D0BWP30P140
       17   14.994   OAI221D0BWP30P140
        3    3.024   OAI222D0BWP30P140
       41    25.83   OAI22D0BWP30P140
       21    13.23   OAI31D0BWP30P140
        9    6.804   OAI32D0BWP30P140
        5     4.41   OAI33D0BWP30P140
       30    15.12   OR2D0BWP30P140
        5     3.15   OR3D0BWP30P140
        1    0.756   OR4D0BWP30P140
      330   291.06   XNR2UD0BWP30P140
       62  109.368   XNR3UD0BWP30P140
       12   31.752   XNR4D0BWP30P140
      255   224.91   XOR2UD0BWP30P140
       47   82.908   XOR3UD0BWP30P140
        1    2.646   XOR4D0BWP30P140

   Chip area for module '\FixedFPTree_exp5_mant11_out11_vec16_range1': 2005.668000
     of which used for sequential elements: 0.000000 (0.00%)

=== CustomOperator_INT8_to_E2M3 ===

        +----------Local Count, excluding submodules.
        |        +-Local Area, excluding submodules.
        |        | 
       99        - wires
      127        - wire bits
        6        - public wires
       34        - public wire bits
        5        - ports
       31        - port bits
      108    73.71 cells
        8    4.032   AN2D0BWP30P140
        1     0.63   AO21D0BWP30P140
        1    0.756   AO22D0BWP30P140
        2    1.008   AOI21D0BWP30P140
        1     0.63   AOI22D0BWP30P140
        5     1.26   CKND0BWP30P140
       22    8.316   CKND2D0BWP30P140
        2    1.008   IND2D0BWP30P140
        3    1.512   INR2D0BWP30P140
        1     0.63   IOA21D0BWP30P140
       12    9.072   MAOI222D0BWP30P140
        1    0.504   ND3D0BWP30P140
        5     1.89   NR2D0BWP30P140
        1    0.504   NR3D0BWP30P140
        5     2.52   OAI21D0BWP30P140
        1     0.63   OAI22D0BWP30P140
        2     1.26   OAI31D0BWP30P140
        1    0.504   OR2D0BWP30P140
       17   14.994   XNR2UD0BWP30P140
        4    7.056   XNR3UD0BWP30P140
        9    7.938   XOR2UD0BWP30P140
        4    7.056   XOR3UD0BWP30P140

   Chip area for module '\CustomOperator_INT8_to_E2M3': 73.710000
     of which used for sequential elements: 0.000000 (0.00%)

=== design hierarchy ===

        +----------Count including submodules.
        |        +-Area including submodules.
        |        | 
     5249     3591 BFP_PE
      108    73.71 CustomOperator_INT8_to_E2M3
       79   62.874 DirectToFP9b_INT8_x_E2M3_UE8M0
      460  285.516 FPNAdder
     2943 2.01E+03 FixedFPTree_exp5_mant11_out11_vec16_range1

        +----------Count including submodules.
        |        +-Area including submodules.
        |        | 
     5177        - wires
     6833        - wire bits
      240        - public wires
     1896        - public wire bits
      150        - ports
     1167        - port bits
        -        - memories
        -        - memory bits
        -        - processes
     5249     3591 cells
      224  112.896   AN2D0BWP30P140
       17    10.71   AN3D0BWP30P140
       12    9.072   AN4D0BWP30P140
       10     7.56   AO211D0BWP30P140
       94    59.22   AO21D0BWP30P140
       38   28.728   AO22D0BWP30P140
       42    26.46   AOI211D0BWP30P140
      229  115.416   AOI21D0BWP30P140
       37   27.972   AOI221D0BWP30P140
       10    10.08   AOI222D0BWP30P140
       37    23.31   AOI22D0BWP30P140
       48    30.24   AOI31D0BWP30P140
       14   10.584   AOI32D0BWP30P140
        3    2.646   AOI33D0BWP30P140
       72   63.504   CKMUX2D0BWP30P140
      313   78.876   CKND0BWP30P140
      592  223.776   CKND2D0BWP30P140
       19   43.092   DFCNQD1BWP30P140
       47    29.61   IAO21D0BWP30P140
      104   52.416   IND2D0BWP30P140
        5     3.15   IND3D0BWP30P140
        7    5.292   IND4D0BWP30P140
      105    52.92   INR2D0BWP30P140
       10      6.3   INR3D0BWP30P140
       23   17.388   INR4D0BWP30P140
       58    36.54   IOA21D0BWP30P140
      377  285.012   MAOI222D0BWP30P140
       18   13.608   MAOI22D0BWP30P140
       13    9.828   MOAI22D0BWP30P140
      232  175.392   MUX2ND0BWP30P140
        7   12.348   MUX3D0BWP30P140
        4    6.552   MUX3ND0BWP30P140
        2    4.788   MUX4D0BWP30P140
       10    22.68   MUX4ND0BWP30P140
       79   39.816   ND3D0BWP30P140
       30     18.9   ND4D0BWP30P140
      355   134.19   NR2D0BWP30P140
       79   39.816   NR3D0BWP30P140
       18    11.34   NR4D0BWP30P140
       25     18.9   OA211D0BWP30P140
       39    24.57   OA21D0BWP30P140
        6    5.292   OA22D0BWP30P140
       70     44.1   OAI211D0BWP30P140
      164   82.656   OAI21D0BWP30P140
       20    17.64   OAI221D0BWP30P140
        3    3.024   OAI222D0BWP30P140
       64    40.32   OAI22D0BWP30P140
       60     37.8   OAI31D0BWP30P140
       10     7.56   OAI32D0BWP30P140
        6    5.292   OAI33D0BWP30P140
       55    27.72   OR2D0BWP30P140
        8     5.04   OR3D0BWP30P140
        3    2.268   OR4D0BWP30P140
      639  563.598   XNR2UD0BWP30P140
      131  231.084   XNR3UD0BWP30P140
       12   31.752   XNR4D0BWP30P140
      423  373.086   XOR2UD0BWP30P140
      116  204.624   XOR3UD0BWP30P140
        1    2.646   XOR4D0BWP30P140
       19 3.53E+03 submodules
       16  1179.36   CustomOperator_INT8_to_E2M3
        1   62.874   DirectToFP9b_INT8_x_E2M3_UE8M0
        1  285.516   FPNAdder
        1 2.01E+03   FixedFPTree_exp5_mant11_out11_vec16_range1

   Chip area for top module '\BFP_PE': 3591.000000
     of which used for sequential elements: 43.092000 (1.20%)

