
6. Printing statistics.

=== BFP_PE ===

        +----------Local Count, excluding submodules.
        |        +-Local Area, excluding submodules.
        |        | 
       74        - wires
      644        - wire bits
       40        - public wires
      610        - public wire bits
       10        - ports
      117        - port bits
       67   99.918 cells
       32   24.192   AO22D0BWP30P140
       33   74.844   DFCNQD1BWP30P140
        1    0.504   INR2D0BWP30P140
        1    0.378   NR2D0BWP30P140
       16        - submodules
        4        -   CustomOperator_INT8_to_INT8
        4        -   FP32Adder
        4        -   ScaleAddition_INT8_to_INT8_scale_UE2M6
        4        -   ScaleToFP32_INT8_x_INT8_UE2M6

   Chip area for module '\BFP_PE': 99.918000
     of which used for sequential elements: 74.844000 (74.91%)

=== FP32Adder ===

        +----------Local Count, excluding submodules.
        |        +-Local Area, excluding submodules.
        |        | 
      872        - wires
     1037        - wire bits
        6        - public wires
      171        - public wire bits
        3        - ports
       96        - port bits
      898  554.904 cells
       18    9.072   AN2D0BWP30P140
        5     3.15   AN3D0BWP30P140
        4    3.024   AN4D0BWP30P140
        2    1.512   AO211D0BWP30P140
       13     8.19   AO21D0BWP30P140
        4    3.024   AO22D0BWP30P140
       10      6.3   AOI211D0BWP30P140
       52   26.208   AOI21D0BWP30P140
       10     7.56   AOI221D0BWP30P140
        2    2.016   AOI222D0BWP30P140
       32    20.16   AOI22D0BWP30P140
        2     1.26   AOI31D0BWP30P140
       19   16.758   CKMUX2D0BWP30P140
       65    16.38   CKND0BWP30P140
       72   27.216   CKND2D0BWP30P140
        6     3.78   IAO21D0BWP30P140
       20    10.08   IND2D0BWP30P140
        1     0.63   IND3D0BWP30P140
        2    1.512   IND4D0BWP30P140
       21   10.584   INR2D0BWP30P140
        8     5.04   INR3D0BWP30P140
        3    2.268   INR4D0BWP30P140
        7     4.41   IOA21D0BWP30P140
       30    22.68   MAOI222D0BWP30P140
       15    11.34   MAOI22D0BWP30P140
        4    3.024   MOAI22D0BWP30P140
      114   86.184   MUX2ND0BWP30P140
        1    1.764   MUX3D0BWP30P140
        1    1.638   MUX3ND0BWP30P140
        2    4.788   MUX4D0BWP30P140
       16   36.288   MUX4ND0BWP30P140
       14    7.056   ND3D0BWP30P140
        5     3.15   ND4D0BWP30P140
       99   37.422   NR2D0BWP30P140
       35    17.64   NR3D0BWP30P140
        8     5.04   NR4D0BWP30P140
        2    1.512   OA211D0BWP30P140
        6     3.78   OA21D0BWP30P140
        1    0.882   OA22D0BWP30P140
       13     8.19   OAI211D0BWP30P140
       41   20.664   OAI21D0BWP30P140
        1    0.882   OAI221D0BWP30P140
        1    1.008   OAI222D0BWP30P140
       10      6.3   OAI22D0BWP30P140
        6     3.78   OAI31D0BWP30P140
        3    2.268   OAI32D0BWP30P140
        1    0.882   OAI33D0BWP30P140
        6    3.024   OR2D0BWP30P140
        8     5.04   OR3D0BWP30P140
        2    1.512   OR4D0BWP30P140
       51   44.982   XNR2UD0BWP30P140
        1    1.764   XNR3UD0BWP30P140
       23   20.286   XOR2UD0BWP30P140

   Chip area for module '\FP32Adder': 554.904000
     of which used for sequential elements: 0.000000 (0.00%)

=== ScaleToFP32_INT8_x_INT8_UE2M6 ===

        +----------Local Count, excluding submodules.
        |        +-Local Area, excluding submodules.
        |        | 
      234        - wires
      298        - wire bits
        4        - public wires
       68        - public wire bits
        4        - ports
       68        - port bits
      262  174.384 cells
       11    5.544   AN2D0BWP30P140
        2     1.26   AN3D0BWP30P140
        1    0.756   AN4D0BWP30P140
        1    0.756   AO211D0BWP30P140
        1     0.63   AO21D0BWP30P140
        2     1.26   AOI211D0BWP30P140
       18    9.072   AOI21D0BWP30P140
        6    4.536   AOI221D0BWP30P140
        2     1.26   AOI22D0BWP30P140
        2     1.26   AOI31D0BWP30P140
       19   16.758   CKMUX2D0BWP30P140
       14    3.528   CKND0BWP30P140
       10     3.78   CKND2D0BWP30P140
       12     7.56   IAO21D0BWP30P140
        4    2.016   IND2D0BWP30P140
        1     0.63   IND3D0BWP30P140
        1    0.756   IND4D0BWP30P140
        5     2.52   INR2D0BWP30P140
        4     2.52   IOA21D0BWP30P140
        3    2.268   MAOI222D0BWP30P140
       41   30.996   MUX2ND0BWP30P140
        1    1.638   MUX3ND0BWP30P140
        7   15.876   MUX4ND0BWP30P140
        2    1.008   ND3D0BWP30P140
        1     0.63   ND4D0BWP30P140
       23    8.694   NR2D0BWP30P140
       13    6.552   NR3D0BWP30P140
        7     4.41   NR4D0BWP30P140
        4     2.52   OA21D0BWP30P140
        5     3.15   OAI211D0BWP30P140
        7    3.528   OAI21D0BWP30P140
        2    1.764   OAI221D0BWP30P140
        1     0.63   OAI22D0BWP30P140
        1     0.63   OAI31D0BWP30P140
        2    1.008   OR2D0BWP30P140
        2    1.512   OR4D0BWP30P140
       16   14.112   XNR2UD0BWP30P140
        8    7.056   XOR2UD0BWP30P140

   Chip area for module '\ScaleToFP32_INT8_x_INT8_UE2M6': 174.384000
     of which used for sequential elements: 0.000000 (0.00%)

=== ScaleAddition_INT8_to_INT8_scale_UE2M6 ===

        +----------Local Count, excluding submodules.
        |        +-Local Area, excluding submodules.
        |        | 
     1036        - wires
     1096        - wire bits
        7        - public wires
       67        - public wire bits
        7        - ports
       67        - port bits
     1061  757.134 cells
       25     12.6   AN2D0BWP30P140
        1     0.63   AN3D0BWP30P140
        4    3.024   AN4D0BWP30P140
        5     3.15   AO21D0BWP30P140
        2    1.512   AO22D0BWP30P140
        3     1.89   AOI211D0BWP30P140
       21   10.584   AOI21D0BWP30P140
        1    0.756   AOI221D0BWP30P140
       15     9.45   AOI22D0BWP30P140
       15     9.45   AOI31D0BWP30P140
        1    0.882   CKMUX2D0BWP30P140
       54   13.608   CKND0BWP30P140
      229   86.562   CKND2D0BWP30P140
        5     3.15   IAO21D0BWP30P140
       26   13.104   IND2D0BWP30P140
        3     1.89   IND3D0BWP30P140
       25     12.6   INR2D0BWP30P140
        2     1.26   INR3D0BWP30P140
        1    0.756   INR4D0BWP30P140
        7     4.41   IOA21D0BWP30P140
      125     94.5   MAOI222D0BWP30P140
        6    4.536   MAOI22D0BWP30P140
        7    3.528   ND3D0BWP30P140
       61   23.058   NR2D0BWP30P140
        1    0.504   NR3D0BWP30P140
        1    0.756   OA211D0BWP30P140
        4     2.52   OA21D0BWP30P140
        1     0.63   OAI211D0BWP30P140
       24   12.096   OAI21D0BWP30P140
        2     1.26   OAI22D0BWP30P140
        2     1.26   OAI31D0BWP30P140
        1    0.756   OAI32D0BWP30P140
        1    0.882   OAI33D0BWP30P140
       11    5.544   OR2D0BWP30P140
        2     1.26   OR3D0BWP30P140
      169  149.058   XNR2UD0BWP30P140
       56   98.784   XNR3UD0BWP30P140
        6   15.876   XNR4D0BWP30P140
      106   93.492   XOR2UD0BWP30P140
       27   47.628   XOR3UD0BWP30P140
        3    7.938   XOR4D0BWP30P140

   Chip area for module '\ScaleAddition_INT8_to_INT8_scale_UE2M6': 757.134000
     of which used for sequential elements: 0.000000 (0.00%)

=== CustomOperator_INT8_to_INT8 ===

        +----------Local Count, excluding submodules.
        |        +-Local Area, excluding submodules.
        |        | 
      142        - wires
      169        - wire bits
        4        - public wires
       31        - public wire bits
        4        - ports
       31        - port bits
      151  108.108 cells
       10     5.04   AN2D0BWP30P140
        1    0.756   AO211D0BWP30P140
        2     1.26   AO21D0BWP30P140
        1    0.504   AOI21D0BWP30P140
        1     0.63   AOI22D0BWP30P140
        8    2.016   CKND0BWP30P140
       29   10.962   CKND2D0BWP30P140
        1     0.63   IAO21D0BWP30P140
        3    1.512   IND2D0BWP30P140
        2    1.008   INR2D0BWP30P140
       18   13.608   MAOI222D0BWP30P140
        6    3.024   ND3D0BWP30P140
        5     1.89   NR2D0BWP30P140
        6    3.024   OAI21D0BWP30P140
        2     1.26   OAI22D0BWP30P140
        2     1.26   OAI31D0BWP30P140
        1    0.756   OAI32D0BWP30P140
        2    1.008   OR2D0BWP30P140
        2    1.512   OR4D0BWP30P140
       23   20.286   XNR2UD0BWP30P140
       11   19.404   XNR3UD0BWP30P140
       12   10.584   XOR2UD0BWP30P140
        2    3.528   XOR3UD0BWP30P140
        1    2.646   XOR4D0BWP30P140

   Chip area for module '\CustomOperator_INT8_to_INT8': 108.108000
     of which used for sequential elements: 0.000000 (0.00%)

=== design hierarchy ===

        +----------Count including submodules.
        |        +-Area including submodules.
        |        | 
     9555 6.48E+03 BFP_PE
      151  108.108 CustomOperator_INT8_to_INT8
      898  554.904 FP32Adder
     1061  757.134 ScaleAddition_INT8_to_INT8_scale_UE2M6
      262  174.384 ScaleToFP32_INT8_x_INT8_UE2M6

        +----------Count including submodules.
        |        +-Area including submodules.
        |        | 
     9210        - wires
    11044        - wire bits
      124        - public wires
     1958        - public wire bits
       82        - ports
     1165        - port bits
        -        - memories
        -        - memory bits
        -        - processes
     9555 6.48E+03 cells
      256  129.024   AN2D0BWP30P140
       32    20.16   AN3D0BWP30P140
       36   27.216   AN4D0BWP30P140
       16   12.096   AO211D0BWP30P140
       84    52.92   AO21D0BWP30P140
       56   42.336   AO22D0BWP30P140
       60     37.8   AOI211D0BWP30P140
      368  185.472   AOI21D0BWP30P140
       68   51.408   AOI221D0BWP30P140
        8    8.064   AOI222D0BWP30P140
      200      126   AOI22D0BWP30P140
       76    47.88   AOI31D0BWP30P140
      156  137.592   CKMUX2D0BWP30P140
      564  142.128   CKND0BWP30P140
     1360   514.08   CKND2D0BWP30P140
       33   74.844   DFCNQD1BWP30P140
       96    60.48   IAO21D0BWP30P140
      212  106.848   IND2D0BWP30P140
       20     12.6   IND3D0BWP30P140
       12    9.072   IND4D0BWP30P140
      213  107.352   INR2D0BWP30P140
       40     25.2   INR3D0BWP30P140
       16   12.096   INR4D0BWP30P140
       72    45.36   IOA21D0BWP30P140
      704  532.224   MAOI222D0BWP30P140
       84   63.504   MAOI22D0BWP30P140
       16   12.096   MOAI22D0BWP30P140
      620   468.72   MUX2ND0BWP30P140
        4    7.056   MUX3D0BWP30P140
        8   13.104   MUX3ND0BWP30P140
        8   19.152   MUX4D0BWP30P140
       92  208.656   MUX4ND0BWP30P140
      116   58.464   ND3D0BWP30P140
       24    15.12   ND4D0BWP30P140
      753  284.634   NR2D0BWP30P140
      196   98.784   NR3D0BWP30P140
       60     37.8   NR4D0BWP30P140
       12    9.072   OA211D0BWP30P140
       56    35.28   OA21D0BWP30P140
        4    3.528   OA22D0BWP30P140
       76    47.88   OAI211D0BWP30P140
      312  157.248   OAI21D0BWP30P140
       12   10.584   OAI221D0BWP30P140
        4    4.032   OAI222D0BWP30P140
       60     37.8   OAI22D0BWP30P140
       44    27.72   OAI31D0BWP30P140
       20    15.12   OAI32D0BWP30P140
        8    7.056   OAI33D0BWP30P140
       84   42.336   OR2D0BWP30P140
       40     25.2   OR3D0BWP30P140
       24   18.144   OR4D0BWP30P140
     1036  913.752   XNR2UD0BWP30P140
      272  479.808   XNR3UD0BWP30P140
       24   63.504   XNR4D0BWP30P140
      596  525.672   XOR2UD0BWP30P140
      116  204.624   XOR3UD0BWP30P140
       16   42.336   XOR4D0BWP30P140
       16  6378.12 submodules
        4  432.432   CustomOperator_INT8_to_INT8
        4 2.22E+03   FP32Adder
        4 3.03E+03   ScaleAddition_INT8_to_INT8_scale_UE2M6
        4  697.536   ScaleToFP32_INT8_x_INT8_UE2M6

   Chip area for top module '\BFP_PE': 6478.038000
     of which used for sequential elements: 74.844000 (1.16%)

