Startpoint: reset (input port clocked by CORE_CLK)
Endpoint: _068_ (recovery check against rising-edge clock CORE_CLK)
Path Group: asynchronous
Path Type: max

    Delay      Time   Description
-------------------------------------------------------------
   0.0000    0.0000   clock CORE_CLK (rise edge)
   0.0000    0.0000   clock network delay (ideal)
   0.0000    0.0000 ^ input external delay
   0.0000    0.0000 ^ reset (in)
   0.0000    0.0000 ^ _068_/CDN (DFCNQD1BWP30P140)
             0.0000   data arrival time

  20.0000   20.0000   clock CORE_CLK (rise edge)
   0.0000   20.0000   clock network delay (ideal)
  -0.0500   19.9500   clock uncertainty
   0.0000   19.9500   clock reconvergence pessimism
            19.9500 ^ _068_/CP (DFCNQD1BWP30P140)
   0.0258   19.9758   library recovery time
            19.9758   data required time
-------------------------------------------------------------
            19.9758   data required time
            -0.0000   data arrival time
-------------------------------------------------------------
            19.9758   slack (MET)


Startpoint: io_op_b_i[9] (input port clocked by CORE_CLK)
Endpoint: _070_ (rising edge-triggered flip-flop clocked by CORE_CLK)
Path Group: CORE_CLK
Path Type: max

    Delay      Time   Description
-------------------------------------------------------------
   0.0000    0.0000   clock CORE_CLK (rise edge)
   0.0000    0.0000   clock network delay (ideal)
   0.0000    0.0000 v input external delay
   0.0000    0.0000 v io_op_b_i[9] (in)
   0.0147    0.0147 ^ reducedSum_op_1/_056_/ZN (NR2D0BWP30P140)
   0.0278    0.0425 v reducedSum_op_1/_061_/ZN (IND2D0BWP30P140)
   0.0229    0.0654 ^ reducedSum_op_1/_067_/ZN (CKND2D0BWP30P140)
   0.0523    0.1177 ^ reducedSum_op_1/_079_/ZN (XNR3UD0BWP30P140)
   0.0364    0.1540 ^ reducedSum_op_1/_080_/Z (AN3D0BWP30P140)
   0.0305    0.1846 v reducedSum_op_1/_082_/ZN (MAOI222D0BWP30P140)
   0.0405    0.2251 ^ reducedSum_op_1/_107_/ZN (MAOI222D0BWP30P140)
   0.0317    0.2568 v reducedSum_op_1/_109_/ZN (MAOI222D0BWP30P140)
   0.0394    0.2962 ^ reducedSum_op_1/_111_/ZN (MAOI222D0BWP30P140)
   0.0582    0.3544 ^ reducedSum_op_1/_112_/Z (OA211D0BWP30P140)
   0.0234    0.3778 v reducedSum_sa_1/_1192_/ZN (CKND2D0BWP30P140)
   0.0159    0.3937 ^ reducedSum_sa_1/_1226_/Z (XOR2UD0BWP30P140)
   0.0252    0.4189 v reducedSum_sa_1/_1265_/ZN (XNR2UD0BWP30P140)
   0.0289    0.4478 v reducedSum_sa_1/_1272_/ZN (XNR2UD0BWP30P140)
   0.0293    0.4771 v reducedSum_sa_1/_1308_/ZN (XNR2UD0BWP30P140)
   0.0176    0.4947 ^ reducedSum_sa_1/_1309_/ZN (CKND2D0BWP30P140)
   0.0187    0.5134 ^ reducedSum_sa_1/_1324_/ZN (INR2D0BWP30P140)
   0.0368    0.5502 ^ reducedSum_sa_1/_1357_/ZN (XNR3UD0BWP30P140)
   0.0535    0.6036 v reducedSum_sa_1/_1385_/ZN (XNR3UD0BWP30P140)
   0.0519    0.6556 ^ reducedSum_sa_1/_1413_/ZN (XNR3UD0BWP30P140)
   0.0314    0.6870 v reducedSum_sa_1/_1481_/ZN (MAOI222D0BWP30P140)
   0.0310    0.7180 ^ reducedSum_sa_1/_1483_/ZN (AOI21D0BWP30P140)
   0.0240    0.7421 v reducedSum_sa_1/_1485_/ZN (OAI21D0BWP30P140)
   0.0319    0.7740 ^ reducedSum_sa_1/_1487_/ZN (MAOI222D0BWP30P140)
   0.0298    0.8037 v reducedSum_sa_1/_1488_/ZN (MAOI222D0BWP30P140)
   0.0310    0.8348 ^ reducedSum_sa_1/_1491_/ZN (AOI21D0BWP30P140)
   0.0302    0.8650 v reducedSum_sa_1/_1493_/ZN (MAOI222D0BWP30P140)
   0.0383    0.9032 ^ reducedSum_sa_1/_1495_/ZN (MAOI222D0BWP30P140)
   0.0268    0.9301 v reducedSum_sa_1/_1498_/ZN (OAI21D0BWP30P140)
   0.0285    0.9586 ^ reducedSum_sa_1/_1502_/ZN (AOI211D0BWP30P140)
   0.0230    0.9817 v reducedSum_sa_1/_1505_/ZN (OAI31D0BWP30P140)
   0.0365    1.0181 ^ reducedSum_sa_1/_1507_/ZN (MAOI222D0BWP30P140)
   0.0270    1.0452 v reducedSum_sa_1/_1514_/ZN (OAI21D0BWP30P140)
   0.0346    1.0798 ^ reducedSum_conv_1/_154_/ZN (NR4D0BWP30P140)
   0.0097    1.0895 v reducedSum_conv_1/_155_/ZN (CKND0BWP30P140)
   0.1049    1.1944 ^ reducedSum_conv_1/_174_/ZN (AOI21D0BWP30P140)
   0.0498    1.2442 v reducedSum_conv_1/_175_/ZN (CKND0BWP30P140)
   0.0266    1.2708 ^ reducedSum_conv_1/_176_/ZN (CKND2D0BWP30P140)
   0.0268    1.2977 v reducedSum_conv_1/_206_/ZN (AOI31D0BWP30P140)
   0.0314    1.3291 v reducedSum_conv_1/_207_/ZN (XNR2UD0BWP30P140)
   0.0258    1.3549 v reducedSum_conv_1/_210_/Z (AN2D0BWP30P140)
   0.0258    1.3807 ^ reducedSum_conv_1/_225_/ZN (NR3D0BWP30P140)
   0.0319    1.4125 v reducedSum_nextLevel_adder/_0903_/ZN (MAOI222D0BWP30P140)
   0.0355    1.4480 ^ reducedSum_nextLevel_adder/_0966_/ZN (MAOI222D0BWP30P140)
   0.0302    1.4783 v reducedSum_nextLevel_adder/_0968_/ZN (MAOI222D0BWP30P140)
   0.0262    1.5045 v reducedSum_nextLevel_adder/_0970_/ZN (XNR2UD0BWP30P140)
   0.0214    1.5258 ^ reducedSum_nextLevel_adder/_0971_/ZN (NR2D0BWP30P140)
   0.0257    1.5515 ^ reducedSum_nextLevel_adder/_0972_/Z (AN2D0BWP30P140)
   0.4170    1.9685 v reducedSum_nextLevel_adder/_0975_/ZN (AOI31D0BWP30P140)
   0.4192    2.3877 ^ reducedSum_nextLevel_adder/_0991_/ZN (AOI22D0BWP30P140)
   0.0318    2.4196 v reducedSum_nextLevel_adder/_1063_/ZN (CKND2D0BWP30P140)
   0.0370    2.4566 ^ reducedSum_nextLevel_adder/_1188_/ZN (OAI32D0BWP30P140)
   0.0151    2.4716 v reducedSum_nextLevel_adder/_1189_/ZN (AOI21D0BWP30P140)
   0.0396    2.5113 ^ reducedSum_nextLevel_adder/_1191_/ZN (OAI221D0BWP30P140)
   0.0211    2.5323 v reducedSum_nextLevel_adder/_1196_/ZN (OAI31D0BWP30P140)
   0.0222    2.5546 ^ reducedSum_nextLevel_adder/_1198_/ZN (AOI21D0BWP30P140)
   0.0256    2.5802 v reducedSum_nextLevel_adder/_1200_/ZN (MAOI222D0BWP30P140)
   0.0396    2.6198 ^ reducedSum_nextLevel_adder/_1202_/ZN (MAOI222D0BWP30P140)
   0.0257    2.6455 v reducedSum_nextLevel_adder/_1204_/ZN (MAOI222D0BWP30P140)
   0.0277    2.6732 ^ reducedSum_nextLevel_adder/_1206_/ZN (AOI21D0BWP30P140)
   0.0253    2.6985 ^ reducedSum_nextLevel_adder/_1209_/ZN (IAO21D0BWP30P140)
   0.0247    2.7232 v reducedSum_nextLevel_adder/_1211_/ZN (MAOI222D0BWP30P140)
   0.0395    2.7627 ^ reducedSum_nextLevel_adder/_1213_/ZN (MAOI222D0BWP30P140)
   0.0265    2.7892 v reducedSum_nextLevel_adder/_1221_/ZN (MAOI222D0BWP30P140)
   0.0354    2.8246 v reducedSum_nextLevel_adder/_1232_/Z (AO21D0BWP30P140)
   0.0261    2.8506 ^ reducedSum_nextLevel_adder/_1242_/ZN (MAOI222D0BWP30P140)
   0.0265    2.8771 v reducedSum_nextLevel_adder/_1255_/ZN (MAOI222D0BWP30P140)
   0.0315    2.9086 v reducedSum_nextLevel_adder/_1259_/Z (AO21D0BWP30P140)
   0.0182    2.9268 ^ reducedSum_nextLevel_adder/_1276_/ZN (AOI21D0BWP30P140)
   0.0258    2.9527 v reducedSum_nextLevel_adder/_1280_/ZN (MAOI222D0BWP30P140)
   0.0391    2.9918 ^ reducedSum_nextLevel_adder/_1296_/ZN (MAOI222D0BWP30P140)
   0.0262    3.0179 v reducedSum_nextLevel_adder/_1300_/ZN (MAOI222D0BWP30P140)
   0.0304    3.0483 ^ reducedSum_nextLevel_adder/_1318_/ZN (AOI21D0BWP30P140)
   0.0249    3.0732 v reducedSum_nextLevel_adder/_1322_/ZN (MAOI222D0BWP30P140)
   0.0364    3.1097 v reducedSum_nextLevel_adder/_1345_/Z (AO21D0BWP30P140)
   0.0156    3.1253 ^ reducedSum_nextLevel_adder/_1353_/ZN (MUX2ND0BWP30P140)
   0.0347    3.1601 ^ reducedSum_nextLevel_adder/_1354_/ZN (XNR2UD0BWP30P140)
   0.0288    3.1888 ^ reducedSum_nextLevel_adder/_1453_/ZN (MAOI22D0BWP30P140)
   0.1281    3.3169 v reducedSum_nextLevel_adder/_1456_/ZN (OAI211D0BWP30P140)
   0.0886    3.4055 ^ reducedSum_nextLevel_adder/_1531_/Z (MUX4D0BWP30P140)
   0.0194    3.4249 v reducedSum_nextLevel_adder/_1534_/ZN (MUX3ND0BWP30P140)
   0.0405    3.4655 ^ reducedSum_nextLevel_adder/_1568_/ZN (NR2D0BWP30P140)
   0.0507    3.5161 ^ reducedSum_nextLevel_adder/_1577_/ZN (INR4D0BWP30P140)
   0.0511    3.5672 ^ reducedSum_nextLevel_adder/_1582_/Z (AN4D0BWP30P140)
   0.0395    3.6067 ^ reducedSum_nextLevel_adder/_1590_/Z (AN4D0BWP30P140)
   0.0406    3.6472 ^ reducedSum_nextLevel_adder/_1601_/Z (AN4D0BWP30P140)
   0.0349    3.6821 ^ reducedSum_nextLevel_adder/_1603_/Z (AN3D0BWP30P140)
   0.0271    3.7092 v reducedSum_nextLevel_adder/_1605_/ZN (IND3D0BWP30P140)
   0.0379    3.7472 v reducedSum_nextLevel_adder/_1606_/Z (OR3D0BWP30P140)
   0.0368    3.7840 ^ reducedSum_nextLevel_adder/_1608_/ZN (INR3D0BWP30P140)
   0.0364    3.8204 v reducedSum_nextLevel_adder/_1611_/ZN (MAOI222D0BWP30P140)
   0.0357    3.8561 ^ reducedSum_nextLevel_adder/_1616_/ZN (NR4D0BWP30P140)
   0.0219    3.8780 v reducedSum_nextLevel_adder/_1619_/ZN (OAI31D0BWP30P140)
   0.0327    3.9107 v reducedSum_nextLevel_adder/_1621_/Z (AO21D0BWP30P140)
   0.0312    3.9419 ^ reducedSum_nextLevel_adder/_1623_/ZN (AOI21D0BWP30P140)
   0.0248    3.9667 ^ reducedSum_nextLevel_adder/_1625_/Z (OR3D0BWP30P140)
   0.0144    3.9811 v reducedSum_nextLevel_adder/_1647_/ZN (AOI21D0BWP30P140)
   0.0314    4.0125 v reducedSum_nextLevel_adder/_1648_/Z (OR2D0BWP30P140)
   0.0267    4.0392 ^ reducedSum_nextLevel_adder/_1653_/ZN (NR2D0BWP30P140)
   0.0319    4.0711 v reducedSum_nextLevel_adder_16/_0897_/ZN (XNR2UD0BWP30P140)
   0.0322    4.1032 ^ reducedSum_nextLevel_adder_16/_0899_/ZN (AOI21D0BWP30P140)
   0.0302    4.1335 v reducedSum_nextLevel_adder_16/_0901_/ZN (MAOI222D0BWP30P140)
   0.0360    4.1695 ^ reducedSum_nextLevel_adder_16/_0902_/ZN (MAOI222D0BWP30P140)
   0.0302    4.1997 v reducedSum_nextLevel_adder_16/_0903_/ZN (MAOI222D0BWP30P140)
   0.0360    4.2357 ^ reducedSum_nextLevel_adder_16/_0966_/ZN (MAOI222D0BWP30P140)
   0.0302    4.2659 v reducedSum_nextLevel_adder_16/_0968_/ZN (MAOI222D0BWP30P140)
   0.0257    4.2916 v reducedSum_nextLevel_adder_16/_0970_/ZN (XNR2UD0BWP30P140)
   0.0213    4.3129 ^ reducedSum_nextLevel_adder_16/_0971_/ZN (NR2D0BWP30P140)
   0.0257    4.3386 ^ reducedSum_nextLevel_adder_16/_0972_/Z (AN2D0BWP30P140)
   0.4170    4.7556 v reducedSum_nextLevel_adder_16/_0975_/ZN (AOI31D0BWP30P140)
   0.4192    5.1748 ^ reducedSum_nextLevel_adder_16/_0991_/ZN (AOI22D0BWP30P140)
   0.0318    5.2067 v reducedSum_nextLevel_adder_16/_1063_/ZN (CKND2D0BWP30P140)
   0.0370    5.2436 ^ reducedSum_nextLevel_adder_16/_1188_/ZN (OAI32D0BWP30P140)
   0.0151    5.2587 v reducedSum_nextLevel_adder_16/_1189_/ZN (AOI21D0BWP30P140)
   0.0396    5.2983 ^ reducedSum_nextLevel_adder_16/_1191_/ZN (OAI221D0BWP30P140)
   0.0211    5.3194 v reducedSum_nextLevel_adder_16/_1196_/ZN (OAI31D0BWP30P140)
   0.0222    5.3417 ^ reducedSum_nextLevel_adder_16/_1198_/ZN (AOI21D0BWP30P140)
   0.0256    5.3672 v reducedSum_nextLevel_adder_16/_1200_/ZN (MAOI222D0BWP30P140)
   0.0396    5.4069 ^ reducedSum_nextLevel_adder_16/_1202_/ZN (MAOI222D0BWP30P140)
   0.0257    5.4326 v reducedSum_nextLevel_adder_16/_1204_/ZN (MAOI222D0BWP30P140)
   0.0277    5.4603 ^ reducedSum_nextLevel_adder_16/_1206_/ZN (AOI21D0BWP30P140)
   0.0253    5.4856 ^ reducedSum_nextLevel_adder_16/_1209_/ZN (IAO21D0BWP30P140)
   0.0247    5.5102 v reducedSum_nextLevel_adder_16/_1211_/ZN (MAOI222D0BWP30P140)
   0.0395    5.5498 ^ reducedSum_nextLevel_adder_16/_1213_/ZN (MAOI222D0BWP30P140)
   0.0265    5.5762 v reducedSum_nextLevel_adder_16/_1221_/ZN (MAOI222D0BWP30P140)
   0.0354    5.6116 v reducedSum_nextLevel_adder_16/_1232_/Z (AO21D0BWP30P140)
   0.0261    5.6377 ^ reducedSum_nextLevel_adder_16/_1242_/ZN (MAOI222D0BWP30P140)
   0.0265    5.6642 v reducedSum_nextLevel_adder_16/_1255_/ZN (MAOI222D0BWP30P140)
   0.0315    5.6957 v reducedSum_nextLevel_adder_16/_1259_/Z (AO21D0BWP30P140)
   0.0182    5.7139 ^ reducedSum_nextLevel_adder_16/_1276_/ZN (AOI21D0BWP30P140)
   0.0258    5.7397 v reducedSum_nextLevel_adder_16/_1280_/ZN (MAOI222D0BWP30P140)
   0.0391    5.7788 ^ reducedSum_nextLevel_adder_16/_1296_/ZN (MAOI222D0BWP30P140)
   0.0262    5.8050 v reducedSum_nextLevel_adder_16/_1300_/ZN (MAOI222D0BWP30P140)
   0.0304    5.8354 ^ reducedSum_nextLevel_adder_16/_1318_/ZN (AOI21D0BWP30P140)
   0.0249    5.8603 v reducedSum_nextLevel_adder_16/_1322_/ZN (MAOI222D0BWP30P140)
   0.0364    5.8968 v reducedSum_nextLevel_adder_16/_1345_/Z (AO21D0BWP30P140)
   0.0156    5.9124 ^ reducedSum_nextLevel_adder_16/_1353_/ZN (MUX2ND0BWP30P140)
   0.0347    5.9472 ^ reducedSum_nextLevel_adder_16/_1354_/ZN (XNR2UD0BWP30P140)
   0.0288    5.9759 ^ reducedSum_nextLevel_adder_16/_1453_/ZN (MAOI22D0BWP30P140)
   0.1281    6.1040 v reducedSum_nextLevel_adder_16/_1456_/ZN (OAI211D0BWP30P140)
   0.0886    6.1926 ^ reducedSum_nextLevel_adder_16/_1531_/Z (MUX4D0BWP30P140)
   0.0194    6.2121 v reducedSum_nextLevel_adder_16/_1534_/ZN (MUX3ND0BWP30P140)
   0.0405    6.2526 ^ reducedSum_nextLevel_adder_16/_1568_/ZN (NR2D0BWP30P140)
   0.0507    6.3032 ^ reducedSum_nextLevel_adder_16/_1577_/ZN (INR4D0BWP30P140)
   0.0510    6.3543 ^ reducedSum_nextLevel_adder_16/_1582_/Z (AN4D0BWP30P140)
   0.0395    6.3938 ^ reducedSum_nextLevel_adder_16/_1590_/Z (AN4D0BWP30P140)
   0.0406    6.4343 ^ reducedSum_nextLevel_adder_16/_1601_/Z (AN4D0BWP30P140)
   0.0349    6.4692 ^ reducedSum_nextLevel_adder_16/_1603_/Z (AN3D0BWP30P140)
   0.0271    6.4963 v reducedSum_nextLevel_adder_16/_1605_/ZN (IND3D0BWP30P140)
   0.0379    6.5343 v reducedSum_nextLevel_adder_16/_1606_/Z (OR3D0BWP30P140)
   0.0368    6.5711 ^ reducedSum_nextLevel_adder_16/_1608_/ZN (INR3D0BWP30P140)
   0.0364    6.6075 v reducedSum_nextLevel_adder_16/_1611_/ZN (MAOI222D0BWP30P140)
   0.0357    6.6432 ^ reducedSum_nextLevel_adder_16/_1616_/ZN (NR4D0BWP30P140)
   0.0219    6.6651 v reducedSum_nextLevel_adder_16/_1619_/ZN (OAI31D0BWP30P140)
   0.0327    6.6978 v reducedSum_nextLevel_adder_16/_1621_/Z (AO21D0BWP30P140)
   0.0312    6.7290 ^ reducedSum_nextLevel_adder_16/_1623_/ZN (AOI21D0BWP30P140)
   0.0248    6.7538 ^ reducedSum_nextLevel_adder_16/_1625_/Z (OR3D0BWP30P140)
   0.0144    6.7682 v reducedSum_nextLevel_adder_16/_1647_/ZN (AOI21D0BWP30P140)
   0.0314    6.7996 v reducedSum_nextLevel_adder_16/_1648_/Z (OR2D0BWP30P140)
   0.0267    6.8263 ^ reducedSum_nextLevel_adder_16/_1653_/ZN (NR2D0BWP30P140)
   0.0319    6.8582 v reducedSum_nextLevel_adder_24/_0897_/ZN (XNR2UD0BWP30P140)
   0.0322    6.8904 ^ reducedSum_nextLevel_adder_24/_0899_/ZN (AOI21D0BWP30P140)
   0.0302    6.9206 v reducedSum_nextLevel_adder_24/_0901_/ZN (MAOI222D0BWP30P140)
   0.0360    6.9566 ^ reducedSum_nextLevel_adder_24/_0902_/ZN (MAOI222D0BWP30P140)
   0.0302    6.9868 v reducedSum_nextLevel_adder_24/_0903_/ZN (MAOI222D0BWP30P140)
   0.0360    7.0228 ^ reducedSum_nextLevel_adder_24/_0966_/ZN (MAOI222D0BWP30P140)
   0.0302    7.0530 v reducedSum_nextLevel_adder_24/_0968_/ZN (MAOI222D0BWP30P140)
   0.0257    7.0787 v reducedSum_nextLevel_adder_24/_0970_/ZN (XNR2UD0BWP30P140)
   0.0213    7.1000 ^ reducedSum_nextLevel_adder_24/_0971_/ZN (NR2D0BWP30P140)
   0.0257    7.1257 ^ reducedSum_nextLevel_adder_24/_0972_/Z (AN2D0BWP30P140)
   0.4170    7.5427 v reducedSum_nextLevel_adder_24/_0975_/ZN (AOI31D0BWP30P140)
   0.4192    7.9619 ^ reducedSum_nextLevel_adder_24/_0991_/ZN (AOI22D0BWP30P140)
   0.0318    7.9938 v reducedSum_nextLevel_adder_24/_1063_/ZN (CKND2D0BWP30P140)
   0.0370    8.0307 ^ reducedSum_nextLevel_adder_24/_1188_/ZN (OAI32D0BWP30P140)
   0.0151    8.0458 v reducedSum_nextLevel_adder_24/_1189_/ZN (AOI21D0BWP30P140)
   0.0396    8.0854 ^ reducedSum_nextLevel_adder_24/_1191_/ZN (OAI221D0BWP30P140)
   0.0211    8.1065 v reducedSum_nextLevel_adder_24/_1196_/ZN (OAI31D0BWP30P140)
   0.0222    8.1288 ^ reducedSum_nextLevel_adder_24/_1198_/ZN (AOI21D0BWP30P140)
   0.0256    8.1544 v reducedSum_nextLevel_adder_24/_1200_/ZN (MAOI222D0BWP30P140)
   0.0396    8.1940 ^ reducedSum_nextLevel_adder_24/_1202_/ZN (MAOI222D0BWP30P140)
   0.0257    8.2197 v reducedSum_nextLevel_adder_24/_1204_/ZN (MAOI222D0BWP30P140)
   0.0277    8.2474 ^ reducedSum_nextLevel_adder_24/_1206_/ZN (AOI21D0BWP30P140)
   0.0253    8.2727 ^ reducedSum_nextLevel_adder_24/_1209_/ZN (IAO21D0BWP30P140)
   0.0247    8.2973 v reducedSum_nextLevel_adder_24/_1211_/ZN (MAOI222D0BWP30P140)
   0.0395    8.3369 ^ reducedSum_nextLevel_adder_24/_1213_/ZN (MAOI222D0BWP30P140)
   0.0265    8.3634 v reducedSum_nextLevel_adder_24/_1221_/ZN (MAOI222D0BWP30P140)
   0.0354    8.3987 v reducedSum_nextLevel_adder_24/_1232_/Z (AO21D0BWP30P140)
   0.0261    8.4248 ^ reducedSum_nextLevel_adder_24/_1242_/ZN (MAOI222D0BWP30P140)
   0.0265    8.4513 v reducedSum_nextLevel_adder_24/_1255_/ZN (MAOI222D0BWP30P140)
   0.0315    8.4828 v reducedSum_nextLevel_adder_24/_1259_/Z (AO21D0BWP30P140)
   0.0182    8.5010 ^ reducedSum_nextLevel_adder_24/_1276_/ZN (AOI21D0BWP30P140)
   0.0258    8.5268 v reducedSum_nextLevel_adder_24/_1280_/ZN (MAOI222D0BWP30P140)
   0.0391    8.5660 ^ reducedSum_nextLevel_adder_24/_1296_/ZN (MAOI222D0BWP30P140)
   0.0262    8.5921 v reducedSum_nextLevel_adder_24/_1300_/ZN (MAOI222D0BWP30P140)
   0.0304    8.6225 ^ reducedSum_nextLevel_adder_24/_1318_/ZN (AOI21D0BWP30P140)
   0.0249    8.6474 v reducedSum_nextLevel_adder_24/_1322_/ZN (MAOI222D0BWP30P140)
   0.0364    8.6839 v reducedSum_nextLevel_adder_24/_1345_/Z (AO21D0BWP30P140)
   0.0156    8.6995 ^ reducedSum_nextLevel_adder_24/_1353_/ZN (MUX2ND0BWP30P140)
   0.0347    8.7343 ^ reducedSum_nextLevel_adder_24/_1354_/ZN (XNR2UD0BWP30P140)
   0.0288    8.7630 ^ reducedSum_nextLevel_adder_24/_1453_/ZN (MAOI22D0BWP30P140)
   0.1281    8.8911 v reducedSum_nextLevel_adder_24/_1456_/ZN (OAI211D0BWP30P140)
   0.0886    8.9797 ^ reducedSum_nextLevel_adder_24/_1531_/Z (MUX4D0BWP30P140)
   0.0194    8.9992 v reducedSum_nextLevel_adder_24/_1534_/ZN (MUX3ND0BWP30P140)
   0.0405    9.0397 ^ reducedSum_nextLevel_adder_24/_1568_/ZN (NR2D0BWP30P140)
   0.0507    9.0903 ^ reducedSum_nextLevel_adder_24/_1577_/ZN (INR4D0BWP30P140)
   0.0510    9.1414 ^ reducedSum_nextLevel_adder_24/_1582_/Z (AN4D0BWP30P140)
   0.0395    9.1809 ^ reducedSum_nextLevel_adder_24/_1590_/Z (AN4D0BWP30P140)
   0.0406    9.2214 ^ reducedSum_nextLevel_adder_24/_1601_/Z (AN4D0BWP30P140)
   0.0349    9.2563 ^ reducedSum_nextLevel_adder_24/_1603_/Z (AN3D0BWP30P140)
   0.0271    9.2834 v reducedSum_nextLevel_adder_24/_1605_/ZN (IND3D0BWP30P140)
   0.0379    9.3214 v reducedSum_nextLevel_adder_24/_1606_/Z (OR3D0BWP30P140)
   0.0368    9.3582 ^ reducedSum_nextLevel_adder_24/_1608_/ZN (INR3D0BWP30P140)
   0.0364    9.3946 v reducedSum_nextLevel_adder_24/_1611_/ZN (MAOI222D0BWP30P140)
   0.0357    9.4303 ^ reducedSum_nextLevel_adder_24/_1616_/ZN (NR4D0BWP30P140)
   0.0219    9.4522 v reducedSum_nextLevel_adder_24/_1619_/ZN (OAI31D0BWP30P140)
   0.0327    9.4849 v reducedSum_nextLevel_adder_24/_1621_/Z (AO21D0BWP30P140)
   0.0312    9.5161 ^ reducedSum_nextLevel_adder_24/_1623_/ZN (AOI21D0BWP30P140)
   0.0248    9.5409 ^ reducedSum_nextLevel_adder_24/_1625_/Z (OR3D0BWP30P140)
   0.0144    9.5553 v reducedSum_nextLevel_adder_24/_1647_/ZN (AOI21D0BWP30P140)
   0.0314    9.5867 v reducedSum_nextLevel_adder_24/_1648_/Z (OR2D0BWP30P140)
   0.0267    9.6134 ^ reducedSum_nextLevel_adder_24/_1653_/ZN (NR2D0BWP30P140)
   0.0319    9.6453 v reducedSum_nextLevel_adder_28/_0897_/ZN (XNR2UD0BWP30P140)
   0.0322    9.6775 ^ reducedSum_nextLevel_adder_28/_0899_/ZN (AOI21D0BWP30P140)
   0.0302    9.7077 v reducedSum_nextLevel_adder_28/_0901_/ZN (MAOI222D0BWP30P140)
   0.0360    9.7437 ^ reducedSum_nextLevel_adder_28/_0902_/ZN (MAOI222D0BWP30P140)
   0.0302    9.7739 v reducedSum_nextLevel_adder_28/_0903_/ZN (MAOI222D0BWP30P140)
   0.0360    9.8099 ^ reducedSum_nextLevel_adder_28/_0966_/ZN (MAOI222D0BWP30P140)
   0.0302    9.8401 v reducedSum_nextLevel_adder_28/_0968_/ZN (MAOI222D0BWP30P140)
   0.0257    9.8658 v reducedSum_nextLevel_adder_28/_0970_/ZN (XNR2UD0BWP30P140)
   0.0213    9.8871 ^ reducedSum_nextLevel_adder_28/_0971_/ZN (NR2D0BWP30P140)
   0.0257    9.9128 ^ reducedSum_nextLevel_adder_28/_0972_/Z (AN2D0BWP30P140)
   0.4170   10.3298 v reducedSum_nextLevel_adder_28/_0975_/ZN (AOI31D0BWP30P140)
   0.4192   10.7490 ^ reducedSum_nextLevel_adder_28/_0991_/ZN (AOI22D0BWP30P140)
   0.0318   10.7809 v reducedSum_nextLevel_adder_28/_1063_/ZN (CKND2D0BWP30P140)
   0.0370   10.8179 ^ reducedSum_nextLevel_adder_28/_1188_/ZN (OAI32D0BWP30P140)
   0.0151   10.8329 v reducedSum_nextLevel_adder_28/_1189_/ZN (AOI21D0BWP30P140)
   0.0396   10.8726 ^ reducedSum_nextLevel_adder_28/_1191_/ZN (OAI221D0BWP30P140)
   0.0211   10.8936 v reducedSum_nextLevel_adder_28/_1196_/ZN (OAI31D0BWP30P140)
   0.0222   10.9159 ^ reducedSum_nextLevel_adder_28/_1198_/ZN (AOI21D0BWP30P140)
   0.0256   10.9415 v reducedSum_nextLevel_adder_28/_1200_/ZN (MAOI222D0BWP30P140)
   0.0396   10.9811 ^ reducedSum_nextLevel_adder_28/_1202_/ZN (MAOI222D0BWP30P140)
   0.0257   11.0068 v reducedSum_nextLevel_adder_28/_1204_/ZN (MAOI222D0BWP30P140)
   0.0277   11.0345 ^ reducedSum_nextLevel_adder_28/_1206_/ZN (AOI21D0BWP30P140)
   0.0253   11.0598 ^ reducedSum_nextLevel_adder_28/_1209_/ZN (IAO21D0BWP30P140)
   0.0247   11.0845 v reducedSum_nextLevel_adder_28/_1211_/ZN (MAOI222D0BWP30P140)
   0.0395   11.1240 ^ reducedSum_nextLevel_adder_28/_1213_/ZN (MAOI222D0BWP30P140)
   0.0265   11.1505 v reducedSum_nextLevel_adder_28/_1221_/ZN (MAOI222D0BWP30P140)
   0.0354   11.1859 v reducedSum_nextLevel_adder_28/_1232_/Z (AO21D0BWP30P140)
   0.0261   11.2119 ^ reducedSum_nextLevel_adder_28/_1242_/ZN (MAOI222D0BWP30P140)
   0.0265   11.2384 v reducedSum_nextLevel_adder_28/_1255_/ZN (MAOI222D0BWP30P140)
   0.0315   11.2699 v reducedSum_nextLevel_adder_28/_1259_/Z (AO21D0BWP30P140)
   0.0182   11.2881 ^ reducedSum_nextLevel_adder_28/_1276_/ZN (AOI21D0BWP30P140)
   0.0258   11.3140 v reducedSum_nextLevel_adder_28/_1280_/ZN (MAOI222D0BWP30P140)
   0.0391   11.3531 ^ reducedSum_nextLevel_adder_28/_1296_/ZN (MAOI222D0BWP30P140)
   0.0262   11.3792 v reducedSum_nextLevel_adder_28/_1300_/ZN (MAOI222D0BWP30P140)
   0.0304   11.4096 ^ reducedSum_nextLevel_adder_28/_1318_/ZN (AOI21D0BWP30P140)
   0.0249   11.4345 v reducedSum_nextLevel_adder_28/_1322_/ZN (MAOI222D0BWP30P140)
   0.0364   11.4710 v reducedSum_nextLevel_adder_28/_1345_/Z (AO21D0BWP30P140)
   0.0156   11.4866 ^ reducedSum_nextLevel_adder_28/_1353_/ZN (MUX2ND0BWP30P140)
   0.0347   11.5214 ^ reducedSum_nextLevel_adder_28/_1354_/ZN (XNR2UD0BWP30P140)
   0.0288   11.5501 ^ reducedSum_nextLevel_adder_28/_1453_/ZN (MAOI22D0BWP30P140)
   0.1281   11.6782 v reducedSum_nextLevel_adder_28/_1456_/ZN (OAI211D0BWP30P140)
   0.0886   11.7668 ^ reducedSum_nextLevel_adder_28/_1531_/Z (MUX4D0BWP30P140)
   0.0194   11.7863 v reducedSum_nextLevel_adder_28/_1534_/ZN (MUX3ND0BWP30P140)
   0.0405   11.8268 ^ reducedSum_nextLevel_adder_28/_1568_/ZN (NR2D0BWP30P140)
   0.0507   11.8775 ^ reducedSum_nextLevel_adder_28/_1577_/ZN (INR4D0BWP30P140)
   0.0510   11.9285 ^ reducedSum_nextLevel_adder_28/_1582_/Z (AN4D0BWP30P140)
   0.0395   11.9680 ^ reducedSum_nextLevel_adder_28/_1590_/Z (AN4D0BWP30P140)
   0.0406   12.0085 ^ reducedSum_nextLevel_adder_28/_1601_/Z (AN4D0BWP30P140)
   0.0349   12.0434 ^ reducedSum_nextLevel_adder_28/_1603_/Z (AN3D0BWP30P140)
   0.0271   12.0706 v reducedSum_nextLevel_adder_28/_1605_/ZN (IND3D0BWP30P140)
   0.0379   12.1085 v reducedSum_nextLevel_adder_28/_1606_/Z (OR3D0BWP30P140)
   0.0368   12.1453 ^ reducedSum_nextLevel_adder_28/_1608_/ZN (INR3D0BWP30P140)
   0.0364   12.1817 v reducedSum_nextLevel_adder_28/_1611_/ZN (MAOI222D0BWP30P140)
   0.0357   12.2174 ^ reducedSum_nextLevel_adder_28/_1616_/ZN (NR4D0BWP30P140)
   0.0219   12.2393 v reducedSum_nextLevel_adder_28/_1619_/ZN (OAI31D0BWP30P140)
   0.0327   12.2720 v reducedSum_nextLevel_adder_28/_1621_/Z (AO21D0BWP30P140)
   0.0312   12.3032 ^ reducedSum_nextLevel_adder_28/_1623_/ZN (AOI21D0BWP30P140)
   0.0248   12.3280 ^ reducedSum_nextLevel_adder_28/_1625_/Z (OR3D0BWP30P140)
   0.0144   12.3424 v reducedSum_nextLevel_adder_28/_1647_/ZN (AOI21D0BWP30P140)
   0.0314   12.3738 v reducedSum_nextLevel_adder_28/_1648_/Z (OR2D0BWP30P140)
   0.0267   12.4005 ^ reducedSum_nextLevel_adder_28/_1653_/ZN (NR2D0BWP30P140)
   0.0319   12.4324 v reducedSum_nextLevel_adder_30/_0897_/ZN (XNR2UD0BWP30P140)
   0.0322   12.4646 ^ reducedSum_nextLevel_adder_30/_0899_/ZN (AOI21D0BWP30P140)
   0.0302   12.4948 v reducedSum_nextLevel_adder_30/_0901_/ZN (MAOI222D0BWP30P140)
   0.0360   12.5308 ^ reducedSum_nextLevel_adder_30/_0902_/ZN (MAOI222D0BWP30P140)
   0.0302   12.5610 v reducedSum_nextLevel_adder_30/_0903_/ZN (MAOI222D0BWP30P140)
   0.0360   12.5970 ^ reducedSum_nextLevel_adder_30/_0966_/ZN (MAOI222D0BWP30P140)
   0.0302   12.6272 v reducedSum_nextLevel_adder_30/_0968_/ZN (MAOI222D0BWP30P140)
   0.0257   12.6529 v reducedSum_nextLevel_adder_30/_0970_/ZN (XNR2UD0BWP30P140)
   0.0213   12.6742 ^ reducedSum_nextLevel_adder_30/_0971_/ZN (NR2D0BWP30P140)
   0.0257   12.6999 ^ reducedSum_nextLevel_adder_30/_0972_/Z (AN2D0BWP30P140)
   0.4170   13.1169 v reducedSum_nextLevel_adder_30/_0975_/ZN (AOI31D0BWP30P140)
   0.4192   13.5361 ^ reducedSum_nextLevel_adder_30/_0991_/ZN (AOI22D0BWP30P140)
   0.0318   13.5680 v reducedSum_nextLevel_adder_30/_1063_/ZN (CKND2D0BWP30P140)
   0.0370   13.6050 ^ reducedSum_nextLevel_adder_30/_1188_/ZN (OAI32D0BWP30P140)
   0.0151   13.6200 v reducedSum_nextLevel_adder_30/_1189_/ZN (AOI21D0BWP30P140)
   0.0396   13.6597 ^ reducedSum_nextLevel_adder_30/_1191_/ZN (OAI221D0BWP30P140)
   0.0211   13.6808 v reducedSum_nextLevel_adder_30/_1196_/ZN (OAI31D0BWP30P140)
   0.0222   13.7030 ^ reducedSum_nextLevel_adder_30/_1198_/ZN (AOI21D0BWP30P140)
   0.0256   13.7286 v reducedSum_nextLevel_adder_30/_1200_/ZN (MAOI222D0BWP30P140)
   0.0396   13.7682 ^ reducedSum_nextLevel_adder_30/_1202_/ZN (MAOI222D0BWP30P140)
   0.0257   13.7939 v reducedSum_nextLevel_adder_30/_1204_/ZN (MAOI222D0BWP30P140)
   0.0277   13.8216 ^ reducedSum_nextLevel_adder_30/_1206_/ZN (AOI21D0BWP30P140)
   0.0253   13.8469 ^ reducedSum_nextLevel_adder_30/_1209_/ZN (IAO21D0BWP30P140)
   0.0247   13.8716 v reducedSum_nextLevel_adder_30/_1211_/ZN (MAOI222D0BWP30P140)
   0.0395   13.9111 ^ reducedSum_nextLevel_adder_30/_1213_/ZN (MAOI222D0BWP30P140)
   0.0265   13.9376 v reducedSum_nextLevel_adder_30/_1221_/ZN (MAOI222D0BWP30P140)
   0.0354   13.9730 v reducedSum_nextLevel_adder_30/_1232_/Z (AO21D0BWP30P140)
   0.0261   13.9990 ^ reducedSum_nextLevel_adder_30/_1242_/ZN (MAOI222D0BWP30P140)
   0.0265   14.0256 v reducedSum_nextLevel_adder_30/_1255_/ZN (MAOI222D0BWP30P140)
   0.0315   14.0571 v reducedSum_nextLevel_adder_30/_1259_/Z (AO21D0BWP30P140)
   0.0182   14.0752 ^ reducedSum_nextLevel_adder_30/_1276_/ZN (AOI21D0BWP30P140)
   0.0258   14.1011 v reducedSum_nextLevel_adder_30/_1280_/ZN (MAOI222D0BWP30P140)
   0.0391   14.1402 ^ reducedSum_nextLevel_adder_30/_1296_/ZN (MAOI222D0BWP30P140)
   0.0262   14.1663 v reducedSum_nextLevel_adder_30/_1300_/ZN (MAOI222D0BWP30P140)
   0.0304   14.1967 ^ reducedSum_nextLevel_adder_30/_1318_/ZN (AOI21D0BWP30P140)
   0.0249   14.2217 v reducedSum_nextLevel_adder_30/_1322_/ZN (MAOI222D0BWP30P140)
   0.0364   14.2581 v reducedSum_nextLevel_adder_30/_1345_/Z (AO21D0BWP30P140)
   0.0156   14.2737 ^ reducedSum_nextLevel_adder_30/_1353_/ZN (MUX2ND0BWP30P140)
   0.0347   14.3085 ^ reducedSum_nextLevel_adder_30/_1354_/ZN (XNR2UD0BWP30P140)
   0.0288   14.3372 ^ reducedSum_nextLevel_adder_30/_1453_/ZN (MAOI22D0BWP30P140)
   0.1281   14.4653 v reducedSum_nextLevel_adder_30/_1456_/ZN (OAI211D0BWP30P140)
   0.0886   14.5539 ^ reducedSum_nextLevel_adder_30/_1531_/Z (MUX4D0BWP30P140)
   0.0194   14.5734 v reducedSum_nextLevel_adder_30/_1534_/ZN (MUX3ND0BWP30P140)
   0.0405   14.6139 ^ reducedSum_nextLevel_adder_30/_1568_/ZN (NR2D0BWP30P140)
   0.0507   14.6646 ^ reducedSum_nextLevel_adder_30/_1577_/ZN (INR4D0BWP30P140)
   0.0510   14.7156 ^ reducedSum_nextLevel_adder_30/_1582_/Z (AN4D0BWP30P140)
   0.0395   14.7551 ^ reducedSum_nextLevel_adder_30/_1590_/Z (AN4D0BWP30P140)
   0.0406   14.7957 ^ reducedSum_nextLevel_adder_30/_1601_/Z (AN4D0BWP30P140)
   0.0349   14.8305 ^ reducedSum_nextLevel_adder_30/_1603_/Z (AN3D0BWP30P140)
   0.0271   14.8577 v reducedSum_nextLevel_adder_30/_1605_/ZN (IND3D0BWP30P140)
   0.0379   14.8956 v reducedSum_nextLevel_adder_30/_1606_/Z (OR3D0BWP30P140)
   0.0368   14.9324 ^ reducedSum_nextLevel_adder_30/_1608_/ZN (INR3D0BWP30P140)
   0.0364   14.9689 v reducedSum_nextLevel_adder_30/_1611_/ZN (MAOI222D0BWP30P140)
   0.0357   15.0045 ^ reducedSum_nextLevel_adder_30/_1616_/ZN (NR4D0BWP30P140)
   0.0219   15.0264 v reducedSum_nextLevel_adder_30/_1619_/ZN (OAI31D0BWP30P140)
   0.0327   15.0591 v reducedSum_nextLevel_adder_30/_1621_/Z (AO21D0BWP30P140)
   0.0312   15.0903 ^ reducedSum_nextLevel_adder_30/_1623_/ZN (AOI21D0BWP30P140)
   0.0248   15.1151 ^ reducedSum_nextLevel_adder_30/_1625_/Z (OR3D0BWP30P140)
   0.0144   15.1295 v reducedSum_nextLevel_adder_30/_1647_/ZN (AOI21D0BWP30P140)
   0.0314   15.1609 v reducedSum_nextLevel_adder_30/_1648_/Z (OR2D0BWP30P140)
   0.0303   15.1912 ^ reducedSum_nextLevel_adder_30/_1653_/ZN (NR2D0BWP30P140)
   0.0246   15.2157 v accAdder/_0897_/ZN (XNR2UD0BWP30P140)
   0.0314   15.2471 ^ accAdder/_0899_/ZN (AOI21D0BWP30P140)
   0.0301   15.2772 v accAdder/_0901_/ZN (MAOI222D0BWP30P140)
   0.0360   15.3132 ^ accAdder/_0902_/ZN (MAOI222D0BWP30P140)
   0.0302   15.3435 v accAdder/_0903_/ZN (MAOI222D0BWP30P140)
   0.0360   15.3794 ^ accAdder/_0966_/ZN (MAOI222D0BWP30P140)
   0.0302   15.4097 v accAdder/_0968_/ZN (MAOI222D0BWP30P140)
   0.0257   15.4353 v accAdder/_0970_/ZN (XNR2UD0BWP30P140)
   0.0212   15.4566 ^ accAdder/_0971_/ZN (NR2D0BWP30P140)
   0.0257   15.4823 ^ accAdder/_0972_/Z (AN2D0BWP30P140)
   0.4170   15.8992 v accAdder/_0975_/ZN (AOI31D0BWP30P140)
   0.4192   16.3185 ^ accAdder/_0991_/ZN (AOI22D0BWP30P140)
   0.0318   16.3503 v accAdder/_1063_/ZN (CKND2D0BWP30P140)
   0.0370   16.3873 ^ accAdder/_1188_/ZN (OAI32D0BWP30P140)
   0.0151   16.4024 v accAdder/_1189_/ZN (AOI21D0BWP30P140)
   0.0396   16.4420 ^ accAdder/_1191_/ZN (OAI221D0BWP30P140)
   0.0211   16.4631 v accAdder/_1196_/ZN (OAI31D0BWP30P140)
   0.0222   16.4853 ^ accAdder/_1198_/ZN (AOI21D0BWP30P140)
   0.0256   16.5109 v accAdder/_1200_/ZN (MAOI222D0BWP30P140)
   0.0396   16.5505 ^ accAdder/_1202_/ZN (MAOI222D0BWP30P140)
   0.0257   16.5762 v accAdder/_1204_/ZN (MAOI222D0BWP30P140)
   0.0277   16.6040 ^ accAdder/_1206_/ZN (AOI21D0BWP30P140)
   0.0253   16.6293 ^ accAdder/_1209_/ZN (IAO21D0BWP30P140)
   0.0247   16.6539 v accAdder/_1211_/ZN (MAOI222D0BWP30P140)
   0.0395   16.6934 ^ accAdder/_1213_/ZN (MAOI222D0BWP30P140)
   0.0265   16.7199 v accAdder/_1221_/ZN (MAOI222D0BWP30P140)
   0.0354   16.7553 v accAdder/_1232_/Z (AO21D0BWP30P140)
   0.0261   16.7814 ^ accAdder/_1242_/ZN (MAOI222D0BWP30P140)
   0.0265   16.8079 v accAdder/_1255_/ZN (MAOI222D0BWP30P140)
   0.0315   16.8394 v accAdder/_1259_/Z (AO21D0BWP30P140)
   0.0182   16.8576 ^ accAdder/_1276_/ZN (AOI21D0BWP30P140)
   0.0258   16.8834 v accAdder/_1280_/ZN (MAOI222D0BWP30P140)
   0.0391   16.9225 ^ accAdder/_1296_/ZN (MAOI222D0BWP30P140)
   0.0262   16.9487 v accAdder/_1300_/ZN (MAOI222D0BWP30P140)
   0.0304   16.9791 ^ accAdder/_1318_/ZN (AOI21D0BWP30P140)
   0.0249   17.0040 v accAdder/_1322_/ZN (MAOI222D0BWP30P140)
   0.0364   17.0404 v accAdder/_1345_/Z (AO21D0BWP30P140)
   0.0156   17.0561 ^ accAdder/_1353_/ZN (MUX2ND0BWP30P140)
   0.0347   17.0908 ^ accAdder/_1354_/ZN (XNR2UD0BWP30P140)
   0.0288   17.1196 ^ accAdder/_1453_/ZN (MAOI22D0BWP30P140)
   0.1281   17.2476 v accAdder/_1456_/ZN (OAI211D0BWP30P140)
   0.0886   17.3363 ^ accAdder/_1531_/Z (MUX4D0BWP30P140)
   0.0194   17.3557 v accAdder/_1534_/ZN (MUX3ND0BWP30P140)
   0.0405   17.3962 ^ accAdder/_1568_/ZN (NR2D0BWP30P140)
   0.0507   17.4469 ^ accAdder/_1577_/ZN (INR4D0BWP30P140)
   0.0511   17.4979 ^ accAdder/_1582_/Z (AN4D0BWP30P140)
   0.0395   17.5374 ^ accAdder/_1590_/Z (AN4D0BWP30P140)
   0.0406   17.5780 ^ accAdder/_1601_/Z (AN4D0BWP30P140)
   0.0349   17.6129 ^ accAdder/_1603_/Z (AN3D0BWP30P140)
   0.0271   17.6400 v accAdder/_1605_/ZN (IND3D0BWP30P140)
   0.0379   17.6779 v accAdder/_1606_/Z (OR3D0BWP30P140)
   0.0368   17.7148 ^ accAdder/_1608_/ZN (INR3D0BWP30P140)
   0.0364   17.7512 v accAdder/_1611_/ZN (MAOI222D0BWP30P140)
   0.0357   17.7868 ^ accAdder/_1616_/ZN (NR4D0BWP30P140)
   0.0219   17.8087 v accAdder/_1619_/ZN (OAI31D0BWP30P140)
   0.0327   17.8414 v accAdder/_1621_/Z (AO21D0BWP30P140)
   0.0312   17.8727 ^ accAdder/_1623_/ZN (AOI21D0BWP30P140)
   0.0237   17.8963 v accAdder/_1626_/ZN (OAI21D0BWP30P140)
   0.0215   17.9178 v accAdder/_1658_/Z (AN3D0BWP30P140)
   0.0613   17.9791 v accAdder/_1659_/Z (OR3D0BWP30P140)
   0.0420   18.0211 ^ accAdder/_1703_/ZN (AOI211D0BWP30P140)
   0.0261   18.0471 ^ _060_/Z (AO22D0BWP30P140)
   0.0000   18.0471 ^ _070_/D (DFCNQD1BWP30P140)
            18.0471   data arrival time

  20.0000   20.0000   clock CORE_CLK (rise edge)
   0.0000   20.0000   clock network delay (ideal)
  -0.0500   19.9500   clock uncertainty
   0.0000   19.9500   clock reconvergence pessimism
            19.9500 ^ _070_/CP (DFCNQD1BWP30P140)
  -0.0174   19.9326   library setup time
            19.9326   data required time
-------------------------------------------------------------
            19.9326   data required time
           -18.0471   data arrival time
-------------------------------------------------------------
             1.8855   slack (MET)


