Startpoint: reset (input port clocked by CORE_CLK)
Endpoint: _42_ (recovery check against rising-edge clock CORE_CLK)
Path Group: asynchronous
Path Type: max

    Delay      Time   Description
-------------------------------------------------------------
   0.0000    0.0000   clock CORE_CLK (rise edge)
   0.0000    0.0000   clock network delay (ideal)
   0.0000    0.0000 ^ input external delay
   0.0000    0.0000 ^ reset (in)
   0.0000    0.0000 ^ _42_/CDN (DFCNQD1BWP30P140)
             0.0000   data arrival time

   2.0000    2.0000   clock CORE_CLK (rise edge)
   0.0000    2.0000   clock network delay (ideal)
  -0.0500    1.9500   clock uncertainty
   0.0000    1.9500   clock reconvergence pessimism
             1.9500 ^ _42_/CP (DFCNQD1BWP30P140)
   0.0258    1.9758   library recovery time
             1.9758   data required time
-------------------------------------------------------------
             1.9758   data required time
            -0.0000   data arrival time
-------------------------------------------------------------
             1.9758   slack (MET)


Startpoint: io_op_a_i[13] (input port clocked by CORE_CLK)
Endpoint: _57_ (rising edge-triggered flip-flop clocked by CORE_CLK)
Path Group: CORE_CLK
Path Type: max

    Delay      Time   Description
-------------------------------------------------------------
   0.0000    0.0000   clock CORE_CLK (rise edge)
   0.0000    0.0000   clock network delay (ideal)
   0.0000    0.0000 v input external delay
   0.0000    0.0000 v io_op_a_i[13] (in)
   0.0245    0.0245 v op_1/_28_/Z (OR3D0BWP30P140)
   0.0250    0.0495 v op_1/_42_/Z (AO21D0BWP30P140)
   0.0341    0.0836 ^ op_1/_44_/ZN (AOI211D0BWP30P140)
   0.0209    0.1045 ^ op_1/_49_/Z (OR2D0BWP30P140)
   0.0538    0.1583 v op_1/_52_/ZN (AOI31D0BWP30P140)
   0.0307    0.1890 ^ tree/_1717_/ZN (CKND0BWP30P140)
   0.0332    0.2222 v tree/_1756_/ZN (AOI22D0BWP30P140)
   0.0464    0.2686 v tree/_1758_/Z (AO21D0BWP30P140)
   0.0253    0.2939 ^ tree/_1771_/ZN (AOI211D0BWP30P140)
   0.0324    0.3264 ^ tree/_1776_/Z (OA211D0BWP30P140)
   0.0305    0.3569 v tree/_1780_/ZN (OAI222D0BWP30P140)
   0.0272    0.3841 ^ tree/_1781_/ZN (AOI21D0BWP30P140)
   0.0393    0.4234 v tree/_1784_/ZN (OAI21D0BWP30P140)
   0.0410    0.4644 v tree/_1801_/ZN (MUX2ND0BWP30P140)
   0.0377    0.5021 v tree/_1811_/ZN (XNR2UD0BWP30P140)
   0.0248    0.5268 ^ tree/_1816_/ZN (INR3D0BWP30P140)
   0.0266    0.5535 v tree/_1817_/ZN (AOI31D0BWP30P140)
   0.0512    0.6047 v tree/_1819_/Z (AO21D0BWP30P140)
   0.0683    0.6730 ^ tree/_1832_/ZN (MUX2ND0BWP30P140)
   0.0422    0.7152 v tree/_1836_/ZN (MAOI222D0BWP30P140)
   0.0333    0.7485 ^ tree/_1839_/ZN (AOI211D0BWP30P140)
   0.0224    0.7709 v tree/_1841_/ZN (OAI31D0BWP30P140)
   0.0388    0.8097 ^ tree/_1845_/ZN (OAI21D0BWP30P140)
   0.0369    0.8466 v tree/_1849_/ZN (CKND2D0BWP30P140)
   0.0694    0.9160 ^ tree/_1866_/ZN (AOI21D0BWP30P140)
   0.0504    0.9664 ^ tree/_1895_/Z (MUX3D0BWP30P140)
   0.0301    0.9965 v tree/_1897_/ZN (OAI33D0BWP30P140)
   0.0474    1.0439 v tree/_1898_/ZN (IND4D0BWP30P140)
   0.0201    1.0640 ^ tree/_1975_/ZN (CKND2D0BWP30P140)
   0.0261    1.0901 v tree/_2882_/Z (XOR2UD0BWP30P140)
   0.0669    1.1570 v tree/_2896_/ZN (XNR3UD0BWP30P140)
   0.0527    1.2097 v tree/_2909_/ZN (XNR3UD0BWP30P140)
   0.0315    1.2412 ^ tree/_2911_/Z (XOR2UD0BWP30P140)
   0.0270    1.2683 v tree/_2939_/ZN (OAI31D0BWP30P140)
   0.0293    1.2976 ^ tree/_2941_/ZN (AOI21D0BWP30P140)
   0.0290    1.3266 v tree/_2943_/ZN (MAOI222D0BWP30P140)
   0.0318    1.3584 ^ tree/_2945_/ZN (AOI21D0BWP30P140)
   0.0292    1.3876 v tree/_2947_/ZN (MAOI222D0BWP30P140)
   0.0324    1.4200 ^ tree/_2949_/ZN (AOI21D0BWP30P140)
   0.0302    1.4502 v tree/_2951_/ZN (MAOI222D0BWP30P140)
   0.0398    1.4900 ^ tree/_2953_/ZN (MAOI222D0BWP30P140)
   0.0258    1.5158 v tree/_2955_/ZN (OAI21D0BWP30P140)
   0.0362    1.5521 ^ tree/_2957_/ZN (MAOI222D0BWP30P140)
   0.0258    1.5779 v tree/_2959_/ZN (OAI21D0BWP30P140)
   0.0361    1.6140 ^ tree/_2961_/ZN (MAOI222D0BWP30P140)
   0.0246    1.6386 v tree/_2964_/ZN (OAI21D0BWP30P140)
   0.0237    1.6623 ^ tree/_2966_/ZN (AOI21D0BWP30P140)
   0.0279    1.6902 v tree/_2967_/ZN (MAOI222D0BWP30P140)
   0.0309    1.7211 ^ tree/_2969_/ZN (AOI21D0BWP30P140)
   0.0239    1.7449 v tree/_2972_/ZN (OAI21D0BWP30P140)
   0.0353    1.7803 ^ tree/_2974_/ZN (MAOI222D0BWP30P140)
   0.0257    1.8060 v tree/_2977_/ZN (OAI21D0BWP30P140)
   0.0371    1.8431 ^ tree/_2979_/ZN (MAOI222D0BWP30P140)
   0.0308    1.8739 v tree/_2981_/ZN (MAOI222D0BWP30P140)
   0.0316    1.9055 ^ tree/_2983_/ZN (AOI21D0BWP30P140)
   0.0302    1.9357 v tree/_2985_/ZN (MAOI222D0BWP30P140)
   0.0407    1.9764 ^ tree/_2987_/ZN (MAOI222D0BWP30P140)
   0.0318    2.0081 v tree/_2989_/ZN (MAOI222D0BWP30P140)
   0.0381    2.0462 ^ tree/_2991_/ZN (MAOI222D0BWP30P140)
   0.0256    2.0719 v tree/_2994_/ZN (OAI21D0BWP30P140)
   0.0362    2.1081 ^ tree/_2996_/ZN (MAOI222D0BWP30P140)
   0.0246    2.1327 v tree/_2998_/ZN (OAI21D0BWP30P140)
   0.0289    2.1615 ^ tree/_3000_/ZN (AOI21D0BWP30P140)
   0.0290    2.1905 v tree/_3002_/ZN (MAOI222D0BWP30P140)
   0.0345    2.2250 ^ tree/_3004_/ZN (AOI21D0BWP30P140)
   0.0274    2.2524 v tree/_3008_/ZN (OAI211D0BWP30P140)
   0.0322    2.2846 ^ tree/_3010_/ZN (AOI31D0BWP30P140)
   0.0197    2.3042 v tree/_3013_/ZN (OAI21D0BWP30P140)
   0.0525    2.3567 v tree/_3014_/Z (AN2D0BWP30P140)
   0.0556    2.4124 ^ tree/_3015_/ZN (CKND0BWP30P140)
   0.0203    2.4327 v tree/_3216_/ZN (AOI21D0BWP30P140)
   0.0290    2.4617 v tree/_3218_/Z (OR3D0BWP30P140)
   0.0140    2.4757 ^ tree/_3219_/ZN (AOI21D0BWP30P140)
   0.0209    2.4966 ^ tree/_3220_/ZN (IAO21D0BWP30P140)
   0.0209    2.5175 ^ tree/_3221_/ZN (IAO21D0BWP30P140)
   0.0209    2.5384 ^ tree/_3222_/ZN (IAO21D0BWP30P140)
   0.0209    2.5592 ^ tree/_3223_/ZN (IAO21D0BWP30P140)
   0.0210    2.5802 ^ tree/_3224_/ZN (IAO21D0BWP30P140)
   0.0210    2.6013 ^ tree/_3225_/ZN (IAO21D0BWP30P140)
   0.0209    2.6221 ^ tree/_3226_/ZN (IAO21D0BWP30P140)
   0.0209    2.6430 ^ tree/_3227_/ZN (IAO21D0BWP30P140)
   0.0208    2.6638 ^ tree/_3228_/ZN (IAO21D0BWP30P140)
   0.0209    2.6847 ^ tree/_3229_/ZN (IAO21D0BWP30P140)
   0.0210    2.7056 ^ tree/_3230_/ZN (IAO21D0BWP30P140)
   0.0209    2.7266 ^ tree/_3231_/ZN (IAO21D0BWP30P140)
   0.0210    2.7475 ^ tree/_3232_/ZN (IAO21D0BWP30P140)
   0.0205    2.7681 ^ tree/_3233_/ZN (IAO21D0BWP30P140)
   0.0223    2.7904 ^ tree/_3234_/Z (OA21D0BWP30P140)
   0.0204    2.8108 ^ tree/_3235_/Z (OA21D0BWP30P140)
   0.3357    3.1466 v tree/_3237_/ZN (OAI21D0BWP30P140)
   0.1251    3.2717 v tree/_3278_/ZN (MUX4ND0BWP30P140)
   0.0520    3.3237 ^ tree/_3279_/ZN (MUX3ND0BWP30P140)
   0.0237    3.3473 v tree/_3280_/ZN (MUX3ND0BWP30P140)
   0.0219    3.3692 ^ tree/_3362_/ZN (IND4D0BWP30P140)
   0.0154    3.3845 v tree/_3363_/ZN (OAI32D0BWP30P140)
   0.0228    3.4073 ^ tree/_3385_/ZN (AOI31D0BWP30P140)
   0.0304    3.4377 v tree/_3386_/ZN (ND3D0BWP30P140)
   0.0499    3.4876 ^ tree/_3401_/ZN (INR4D0BWP30P140)
   0.0331    3.5207 v tree/_3415_/ZN (ND3D0BWP30P140)
   0.0285    3.5492 v tree/_3431_/ZN (XNR2UD0BWP30P140)
   0.0614    3.6106 v d2fpn/_087_/ZN (XNR3UD0BWP30P140)
   0.0296    3.6402 v d2fpn/_094_/Z (XOR2UD0BWP30P140)
   0.0293    3.6696 v d2fpn/_108_/ZN (XNR2UD0BWP30P140)
   0.0293    3.6988 ^ d2fpn/_109_/ZN (AOI21D0BWP30P140)
   0.0186    3.7175 v d2fpn/_113_/ZN (OAI21D0BWP30P140)
   0.0280    3.7455 v d2fpn/_115_/Z (AO21D0BWP30P140)
   0.0184    3.7638 v d2fpn/_122_/Z (AN3D0BWP30P140)
   0.0157    3.7795 ^ d2fpn/_123_/ZN (NR2D0BWP30P140)
   0.0499    3.8295 v d2fpn/_142_/ZN (OAI21D0BWP30P140)
   0.0621    3.8916 ^ d2fpn/_150_/ZN (INR3D0BWP30P140)
   0.0140    3.9056 v accAdder/_0518_/ZN (IND2D0BWP30P140)
   0.0281    3.9337 v accAdder/_0519_/ZN (IOA21D0BWP30P140)
   0.0413    3.9750 v accAdder/_0533_/Z (XOR2UD0BWP30P140)
   0.0304    4.0054 ^ accAdder/_0534_/ZN (NR2D0BWP30P140)
   0.0166    4.0220 v accAdder/_0540_/ZN (CKND2D0BWP30P140)
   0.0205    4.0424 ^ accAdder/_0549_/ZN (NR3D0BWP30P140)
   0.0533    4.0957 ^ accAdder/_0561_/ZN (INR4D0BWP30P140)
   0.0946    4.1903 v accAdder/_0588_/Z (CKMUX2D0BWP30P140)
   0.1083    4.2986 ^ accAdder/_0616_/ZN (OAI31D0BWP30P140)
   0.0321    4.3306 v accAdder/_0618_/ZN (NR3D0BWP30P140)
   0.0487    4.3793 ^ accAdder/_0697_/ZN (AOI222D0BWP30P140)
   0.0161    4.3953 v accAdder/_0768_/ZN (AOI211D0BWP30P140)
   0.0485    4.4439 ^ accAdder/_0772_/ZN (AOI211D0BWP30P140)
   0.0239    4.4678 v accAdder/_0774_/ZN (ND3D0BWP30P140)
   0.0228    4.4906 ^ accAdder/_0776_/ZN (OAI21D0BWP30P140)
   0.0237    4.5143 v accAdder/_0778_/ZN (MAOI222D0BWP30P140)
   0.0231    4.5375 ^ accAdder/_0779_/ZN (OAI21D0BWP30P140)
   0.0235    4.5610 ^ accAdder/_0780_/Z (AO21D0BWP30P140)
   0.0230    4.5840 v accAdder/_0781_/ZN (MAOI222D0BWP30P140)
   0.0336    4.6175 ^ accAdder/_0783_/ZN (MAOI222D0BWP30P140)
   0.0263    4.6439 ^ accAdder/_0785_/Z (AO21D0BWP30P140)
   0.0132    4.6571 v accAdder/_0795_/ZN (AOI211D0BWP30P140)
   0.0343    4.6913 ^ accAdder/_0796_/ZN (AOI21D0BWP30P140)
   0.0211    4.7124 ^ accAdder/_0799_/Z (XOR2UD0BWP30P140)
   0.0189    4.7313 v accAdder/_0869_/ZN (AOI211D0BWP30P140)
   0.1133    4.8446 ^ accAdder/_0870_/ZN (NR2D0BWP30P140)
   0.0524    4.8970 v accAdder/_0893_/ZN (MUX3ND0BWP30P140)
   0.0383    4.9353 ^ accAdder/_0903_/ZN (NR3D0BWP30P140)
   0.0411    4.9764 v accAdder/_0907_/ZN (ND4D0BWP30P140)
   0.0482    5.0246 ^ accAdder/_0917_/ZN (INR4D0BWP30P140)
   0.0337    5.0584 ^ accAdder/_0919_/ZN (INR3D0BWP30P140)
   0.0242    5.0826 ^ accAdder/_0920_/ZN (INR2D0BWP30P140)
   0.0341    5.1167 v accAdder/_0921_/ZN (MAOI222D0BWP30P140)
   0.0498    5.1664 v accAdder/_0927_/Z (OR4D0BWP30P140)
   0.0333    5.1998 v accAdder/_0937_/Z (AO211D0BWP30P140)
   0.0247    5.2245 ^ accAdder/_0941_/ZN (OAI31D0BWP30P140)
   0.1007    5.3252 v accAdder/_0944_/ZN (OAI211D0BWP30P140)
   0.0461    5.3713 ^ accAdder/_0957_/ZN (INR3D0BWP30P140)
   0.0279    5.3993 ^ _39_/Z (AO22D0BWP30P140)
   0.0000    5.3993 ^ _57_/D (DFCNQD1BWP30P140)
             5.3993   data arrival time

   2.0000    2.0000   clock CORE_CLK (rise edge)
   0.0000    2.0000   clock network delay (ideal)
  -0.0500    1.9500   clock uncertainty
   0.0000    1.9500   clock reconvergence pessimism
             1.9500 ^ _57_/CP (DFCNQD1BWP30P140)
  -0.0171    1.9329   library setup time
             1.9329   data required time
-------------------------------------------------------------
             1.9329   data required time
            -5.3993   data arrival time
-------------------------------------------------------------
            -3.4663   slack (VIOLATED)


