Startpoint: reset (input port clocked by CORE_CLK)
Endpoint: _40_ (recovery check against rising-edge clock CORE_CLK)
Path Group: asynchronous
Path Type: max

    Delay      Time   Description
-------------------------------------------------------------
   0.0000    0.0000   clock CORE_CLK (rise edge)
   0.0000    0.0000   clock network delay (ideal)
   0.0000    0.0000 ^ input external delay
   0.0000    0.0000 ^ reset (in)
   0.0000    0.0000 ^ _40_/CDN (DFCNQD1BWP30P140)
             0.0000   data arrival time

   2.0000    2.0000   clock CORE_CLK (rise edge)
   0.0000    2.0000   clock network delay (ideal)
  -0.0500    1.9500   clock uncertainty
   0.0000    1.9500   clock reconvergence pessimism
             1.9500 ^ _40_/CP (DFCNQD1BWP30P140)
   0.0258    1.9758   library recovery time
             1.9758   data required time
-------------------------------------------------------------
             1.9758   data required time
            -0.0000   data arrival time
-------------------------------------------------------------
             1.9758   slack (MET)


Startpoint: io_op_a_i[14] (input port clocked by CORE_CLK)
Endpoint: _42_ (rising edge-triggered flip-flop clocked by CORE_CLK)
Path Group: CORE_CLK
Path Type: max

    Delay      Time   Description
-------------------------------------------------------------
   0.0000    0.0000   clock CORE_CLK (rise edge)
   0.0000    0.0000   clock network delay (ideal)
   0.0000    0.0000 ^ input external delay
   0.0000    0.0000 ^ io_op_a_i[14] (in)
   0.0108    0.0108 v op_1/_059_/ZN (NR4D0BWP30P140)
   0.0219    0.0327 ^ op_1/_062_/ZN (NR2D0BWP30P140)
   0.0183    0.0510 v op_1/_063_/ZN (OAI21D0BWP30P140)
   0.0247    0.0758 v op_1/_064_/Z (OR2D0BWP30P140)
   0.0146    0.0904 ^ op_1/_065_/ZN (INR2D0BWP30P140)
   0.0320    0.1224 v op_1/_110_/ZN (NR3D0BWP30P140)
   0.0326    0.1550 v op_1/_122_/ZN (IND2D0BWP30P140)
   0.0138    0.1688 ^ tree/_4633_/ZN (CKND0BWP30P140)
   0.0224    0.1912 ^ tree/_4702_/ZN (MOAI22D0BWP30P140)
   0.0313    0.2225 v tree/_4703_/ZN (OAI222D0BWP30P140)
   0.0474    0.2699 ^ tree/_4705_/ZN (MAOI22D0BWP30P140)
   0.0299    0.2998 ^ tree/_4714_/ZN (MUX2ND0BWP30P140)
   0.0193    0.3190 v tree/_4715_/ZN (AOI22D0BWP30P140)
   0.0218    0.3409 ^ tree/_4718_/ZN (AOI21D0BWP30P140)
   0.0327    0.3736 ^ tree/_4721_/Z (OA21D0BWP30P140)
   0.0219    0.3956 v tree/_4737_/ZN (OAI21D0BWP30P140)
   0.0292    0.4247 ^ tree/_4738_/ZN (AOI33D0BWP30P140)
   0.0184    0.4432 v tree/_4742_/ZN (AOI221D0BWP30P140)
   0.0398    0.4830 ^ tree/_4746_/ZN (OAI21D0BWP30P140)
   0.0446    0.5276 ^ tree/_4759_/Z (AN4D0BWP30P140)
   0.0183    0.5459 v tree/_4766_/ZN (OAI33D0BWP30P140)
   0.0278    0.5737 ^ tree/_4767_/ZN (AOI31D0BWP30P140)
   0.0344    0.6081 v tree/_4771_/ZN (OAI21D0BWP30P140)
   0.0302    0.6383 v tree/_4781_/Z (OA211D0BWP30P140)
   0.0263    0.6646 ^ tree/_4782_/ZN (OAI33D0BWP30P140)
   0.0186    0.6833 v tree/_4790_/ZN (AOI31D0BWP30P140)
   0.0400    0.7232 ^ tree/_4794_/ZN (OAI21D0BWP30P140)
   0.0428    0.7660 ^ tree/_4812_/Z (OA211D0BWP30P140)
   0.0211    0.7871 v tree/_4813_/ZN (OAI33D0BWP30P140)
   0.0280    0.8151 ^ tree/_4814_/ZN (AOI31D0BWP30P140)
   0.0370    0.8521 v tree/_4819_/ZN (OAI21D0BWP30P140)
   0.0336    0.8857 v tree/_4842_/Z (OA211D0BWP30P140)
   0.0275    0.9132 ^ tree/_4844_/ZN (OAI33D0BWP30P140)
   0.0152    0.9284 v tree/_4845_/ZN (AOI21D0BWP30P140)
   0.0310    0.9594 ^ tree/_4850_/ZN (OAI21D0BWP30P140)
   0.0310    0.9904 v tree/_4862_/ZN (OAI211D0BWP30P140)
   0.0305    1.0209 ^ tree/_4863_/ZN (AOI33D0BWP30P140)
   0.0267    1.0475 v tree/_4871_/ZN (OAI221D0BWP30P140)
   0.0344    1.0819 v tree/_4875_/Z (AO21D0BWP30P140)
   0.0201    1.1020 ^ tree/_4894_/ZN (AOI21D0BWP30P140)
   0.0238    1.1258 v tree/_4897_/ZN (OAI33D0BWP30P140)
   0.0280    1.1538 ^ tree/_4898_/ZN (AOI31D0BWP30P140)
   0.0341    1.1879 v tree/_4902_/ZN (OAI21D0BWP30P140)
   0.0301    1.2179 v tree/_4914_/Z (OA211D0BWP30P140)
   0.0274    1.2454 ^ tree/_4915_/ZN (OAI33D0BWP30P140)
   0.0206    1.2660 v tree/_4924_/ZN (AOI221D0BWP30P140)
   0.0394    1.3054 ^ tree/_4928_/ZN (OAI21D0BWP30P140)
   0.0426    1.3480 ^ tree/_4942_/Z (OA211D0BWP30P140)
   0.0168    1.3648 v tree/_4948_/ZN (OAI33D0BWP30P140)
   0.0278    1.3927 ^ tree/_4949_/ZN (AOI31D0BWP30P140)
   0.0344    1.4271 v tree/_4953_/ZN (OAI21D0BWP30P140)
   0.0302    1.4573 v tree/_4962_/Z (OA211D0BWP30P140)
   0.0263    1.4836 ^ tree/_4963_/ZN (OAI33D0BWP30P140)
   0.0186    1.5022 v tree/_4971_/ZN (AOI31D0BWP30P140)
   0.0400    1.5422 ^ tree/_4975_/ZN (OAI21D0BWP30P140)
   0.0406    1.5828 ^ tree/_4993_/Z (OA211D0BWP30P140)
   0.0206    1.6034 v tree/_4995_/ZN (OAI33D0BWP30P140)
   0.0278    1.6313 ^ tree/_4996_/ZN (AOI31D0BWP30P140)
   0.0264    1.6577 v tree/_5000_/ZN (OAI21D0BWP30P140)
   0.0270    1.6847 v tree/_5013_/Z (OA211D0BWP30P140)
   0.0274    1.7120 ^ tree/_5015_/ZN (OAI33D0BWP30P140)
   0.0176    1.7297 v tree/_5022_/ZN (AOI221D0BWP30P140)
   0.0267    1.7564 v tree/_5025_/Z (OA21D0BWP30P140)
   0.0400    1.7963 ^ tree/_5026_/ZN (NR2D0BWP30P140)
   0.0301    1.8264 ^ tree/_5047_/ZN (MUX2ND0BWP30P140)
   0.0258    1.8522 v tree/_5050_/ZN (XNR2UD0BWP30P140)
   0.0320    1.8842 ^ tree/_5052_/ZN (NR4D0BWP30P140)
   0.0257    1.9099 v tree/_5055_/ZN (OAI31D0BWP30P140)
   0.0638    1.9737 ^ tree/_5061_/ZN (AOI21D0BWP30P140)
   0.1757    2.1494 v tree/_5072_/ZN (MUX2ND0BWP30P140)
   0.0909    2.2403 ^ tree/_5360_/ZN (MAOI222D0BWP30P140)
   0.0272    2.2675 v tree/_5363_/ZN (AOI211D0BWP30P140)
   0.0366    2.3041 v tree/_5365_/Z (OR3D0BWP30P140)
   0.0570    2.3612 ^ tree/_5368_/ZN (AOI32D0BWP30P140)
   0.1030    2.4641 ^ tree/_5378_/ZN (INR2D0BWP30P140)
   0.0497    2.5138 ^ tree/_5406_/ZN (MUX4ND0BWP30P140)
   0.0284    2.5422 v tree/_5407_/ZN (OAI22D0BWP30P140)
   0.0434    2.5856 ^ tree/_5408_/ZN (AOI211D0BWP30P140)
   0.0112    2.5968 v tree/_5453_/ZN (NR2D0BWP30P140)
   0.0267    2.6235 v tree/_8561_/ZN (XNR2UD0BWP30P140)
   0.0369    2.6604 v tree/_8620_/ZN (XNR3UD0BWP30P140)
   0.0570    2.7174 v tree/_8685_/ZN (XNR3UD0BWP30P140)
   0.0652    2.7826 v tree/_8758_/Z (XOR3UD0BWP30P140)
   0.0652    2.8478 v tree/_8820_/Z (XOR3UD0BWP30P140)
   0.0577    2.9055 v tree/_8853_/Z (XOR3UD0BWP30P140)
   0.0183    2.9238 ^ tree/_8854_/ZN (CKND0BWP30P140)
   0.0500    2.9738 v tree/_8875_/ZN (XNR3UD0BWP30P140)
   0.0356    3.0094 ^ tree/_8883_/ZN (MAOI222D0BWP30P140)
   0.0256    3.0350 v tree/_8885_/ZN (OAI21D0BWP30P140)
   0.0361    3.0711 ^ tree/_8887_/ZN (MAOI222D0BWP30P140)
   0.0250    3.0962 v tree/_8890_/ZN (OAI21D0BWP30P140)
   0.0359    3.1321 ^ tree/_8892_/ZN (MAOI222D0BWP30P140)
   0.0250    3.1571 v tree/_8895_/ZN (OAI21D0BWP30P140)
   0.0359    3.1930 ^ tree/_8897_/ZN (MAOI222D0BWP30P140)
   0.0250    3.2181 v tree/_8899_/ZN (OAI21D0BWP30P140)
   0.0359    3.2540 ^ tree/_8901_/ZN (MAOI222D0BWP30P140)
   0.0253    3.2793 v tree/_8903_/ZN (OAI21D0BWP30P140)
   0.0360    3.3153 ^ tree/_8905_/ZN (MAOI222D0BWP30P140)
   0.0253    3.3405 v tree/_8907_/ZN (OAI21D0BWP30P140)
   0.0360    3.3766 ^ tree/_8909_/ZN (MAOI222D0BWP30P140)
   0.0250    3.4016 v tree/_8911_/ZN (OAI21D0BWP30P140)
   0.0392    3.4408 ^ tree/_8913_/ZN (MAOI222D0BWP30P140)
   0.0320    3.4728 v tree/_8916_/ZN (OAI211D0BWP30P140)
   0.0374    3.5102 ^ tree/_8918_/ZN (AOI31D0BWP30P140)
   0.0193    3.5295 v tree/_8920_/ZN (AOI211D0BWP30P140)
   0.0242    3.5537 ^ tree/_8922_/ZN (OAI31D0BWP30P140)
   0.0294    3.5831 ^ tree/_8923_/Z (OA21D0BWP30P140)
   0.0221    3.6053 v tree/_8925_/ZN (OAI21D0BWP30P140)
   0.0337    3.6389 ^ tree/_8928_/ZN (AOI211D0BWP30P140)
   0.0205    3.6595 v tree/_8930_/ZN (OAI31D0BWP30P140)
   0.0485    3.7080 ^ tree/_8939_/Z (XOR2UD0BWP30P140)
   0.0511    3.7591 v tree/_8940_/ZN (CKND0BWP30P140)
   0.0235    3.7825 ^ tree/_8990_/ZN (CKND2D0BWP30P140)
   0.0336    3.8161 v tree/_8995_/ZN (IND4D0BWP30P140)
   0.0502    3.8663 v tree/_9000_/Z (OR4D0BWP30P140)
   0.0269    3.8932 ^ tree/_9005_/ZN (NR4D0BWP30P140)
   0.0218    3.9149 v tree/_9008_/ZN (ND3D0BWP30P140)
   0.0256    3.9405 ^ tree/_9010_/ZN (OAI21D0BWP30P140)
   0.0231    3.9636 v tree/_9013_/ZN (AOI31D0BWP30P140)
   0.0281    3.9916 v tree/_9014_/Z (OR2D0BWP30P140)
   0.0134    4.0050 ^ tree/_9018_/ZN (OAI21D0BWP30P140)
   0.0338    4.0388 ^ tree/_9019_/ZN (XNR2UD0BWP30P140)
   0.0096    4.0484 v tree/_9020_/ZN (CKND0BWP30P140)
   0.0206    4.0690 v tree/_9022_/Z (OR2D0BWP30P140)
   0.2213    4.2903 ^ tree/_9101_/ZN (AOI21D0BWP30P140)
   0.0506    4.3409 v tree/_9102_/ZN (CKND0BWP30P140)
   0.0541    4.3950 ^ tree/_9124_/ZN (MUX4ND0BWP30P140)
   0.0298    4.4248 ^ tree/_9188_/Z (CKMUX2D0BWP30P140)
   0.0247    4.4495 v tree/_9190_/ZN (AOI221D0BWP30P140)
   0.0487    4.4982 v tree/_9220_/Z (OR4D0BWP30P140)
   0.0242    4.5224 v tree/_9221_/Z (OR2D0BWP30P140)
   0.0132    4.5357 ^ tree/_9222_/ZN (NR2D0BWP30P140)
   0.0365    4.5722 ^ tree/_9226_/ZN (XNR2UD0BWP30P140)
   0.0201    4.5922 v sa/_297_/ZN (CKND2D0BWP30P140)
   0.0573    4.6495 v sa/_300_/ZN (XNR3UD0BWP30P140)
   0.0679    4.7174 ^ sa/_307_/ZN (XNR4D0BWP30P140)
   0.0250    4.7423 v sa/_308_/ZN (XNR2UD0BWP30P140)
   0.0351    4.7774 ^ sa/_311_/ZN (MAOI222D0BWP30P140)
   0.0282    4.8056 v sa/_458_/ZN (MAOI222D0BWP30P140)
   0.0375    4.8432 ^ sa/_459_/ZN (MAOI222D0BWP30P140)
   0.0252    4.8684 v sa/_461_/ZN (OAI21D0BWP30P140)
   0.0359    4.9043 ^ sa/_463_/ZN (MAOI222D0BWP30P140)
   0.0210    4.9253 v sa/_466_/ZN (OAI21D0BWP30P140)
   0.0349    4.9602 ^ sa/_467_/ZN (MAOI222D0BWP30P140)
   0.0360    4.9962 v sa/_481_/ZN (OAI211D0BWP30P140)
   0.0223    5.0185 ^ conv/_135_/ZN (NR2D0BWP30P140)
   0.1070    5.1254 v conv/_164_/ZN (OAI31D0BWP30P140)
   0.0765    5.2020 v conv/_172_/ZN (MUX4ND0BWP30P140)
   0.0433    5.2453 ^ conv/_201_/ZN (NR3D0BWP30P140)
   0.0407    5.2860 v conv/_206_/ZN (ND4D0BWP30P140)
   0.0356    5.3216 ^ conv/_209_/ZN (NR3D0BWP30P140)
   0.0394    5.3610 v conv/_211_/ZN (ND4D0BWP30P140)
   0.0456    5.4066 ^ conv/_214_/ZN (OAI32D0BWP30P140)
   0.0403    5.4469 v conv/_219_/ZN (AOI31D0BWP30P140)
   0.0376    5.4845 ^ conv/_231_/ZN (OAI32D0BWP30P140)
   0.0234    5.5079 v conv/_232_/ZN (MAOI222D0BWP30P140)
   0.0347    5.5426 v conv/_233_/ZN (XNR2UD0BWP30P140)
   0.0598    5.6024 v conv/_247_/Z (AO211D0BWP30P140)
   0.0389    5.6413 ^ conv/_252_/ZN (NR2D0BWP30P140)
   0.0243    5.6656 ^ accAdder/_461_/ZN (XNR2UD0BWP30P140)
   0.0293    5.6949 ^ accAdder/_462_/Z (AO21D0BWP30P140)
   0.0165    5.7114 v accAdder/_465_/ZN (AOI211D0BWP30P140)
   0.0332    5.7446 ^ accAdder/_467_/ZN (OAI31D0BWP30P140)
   0.0299    5.7745 v accAdder/_470_/ZN (OAI211D0BWP30P140)
   0.0294    5.8039 ^ accAdder/_492_/ZN (AOI21D0BWP30P140)
   0.0467    5.8506 v accAdder/_494_/ZN (OAI211D0BWP30P140)
   0.0876    5.9381 v accAdder/_518_/ZN (MUX2ND0BWP30P140)
   0.0860    6.0241 ^ accAdder/_543_/ZN (AOI31D0BWP30P140)
   0.0611    6.0852 v accAdder/_549_/ZN (ND3D0BWP30P140)
   0.0399    6.1251 v accAdder/_566_/Z (OA21D0BWP30P140)
   0.0311    6.1562 ^ accAdder/_589_/ZN (MUX3ND0BWP30P140)
   0.0331    6.1893 v accAdder/_677_/ZN (AOI221D0BWP30P140)
   0.0251    6.2144 ^ accAdder/_678_/ZN (ND3D0BWP30P140)
   0.0175    6.2319 v accAdder/_680_/ZN (OAI21D0BWP30P140)
   0.0236    6.2555 ^ accAdder/_681_/ZN (AOI21D0BWP30P140)
   0.0255    6.2810 v accAdder/_682_/ZN (MAOI222D0BWP30P140)
   0.0329    6.3139 ^ accAdder/_684_/ZN (MAOI222D0BWP30P140)
   0.0301    6.3440 v accAdder/_686_/ZN (MAOI222D0BWP30P140)
   0.0324    6.3764 ^ accAdder/_687_/ZN (AOI211D0BWP30P140)
   0.0238    6.4002 v accAdder/_688_/ZN (OAI32D0BWP30P140)
   0.0302    6.4304 ^ accAdder/_698_/ZN (AOI211D0BWP30P140)
   0.0230    6.4534 ^ accAdder/_700_/Z (OR2D0BWP30P140)
   0.1489    6.6023 v accAdder/_751_/ZN (AOI31D0BWP30P140)
   0.0882    6.6904 v accAdder/_791_/ZN (MUX4ND0BWP30P140)
   0.0430    6.7335 ^ accAdder/_792_/ZN (NR4D0BWP30P140)
   0.0345    6.7680 v accAdder/_798_/ZN (IND4D0BWP30P140)
   0.0296    6.7976 ^ accAdder/_801_/ZN (NR3D0BWP30P140)
   0.0291    6.8267 v accAdder/_803_/ZN (IND3D0BWP30P140)
   0.0406    6.8673 ^ accAdder/_805_/ZN (MAOI222D0BWP30P140)
   0.0426    6.9099 v accAdder/_810_/ZN (IND4D0BWP30P140)
   0.0444    6.9544 ^ accAdder/_820_/ZN (AOI211D0BWP30P140)
   0.0333    6.9877 ^ accAdder/_821_/Z (AN3D0BWP30P140)
   0.0241    7.0118 ^ accAdder/_828_/ZN (MAOI22D0BWP30P140)
   0.0569    7.0687 v accAdder/_855_/ZN (OAI31D0BWP30P140)
   0.0427    7.1114 ^ accAdder/_877_/ZN (INR4D0BWP30P140)
   0.0262    7.1376 ^ _32_/Z (AO22D0BWP30P140)
   0.0000    7.1376 ^ _42_/D (DFCNQD1BWP30P140)
             7.1376   data arrival time

   2.0000    2.0000   clock CORE_CLK (rise edge)
   0.0000    2.0000   clock network delay (ideal)
  -0.0500    1.9500   clock uncertainty
   0.0000    1.9500   clock reconvergence pessimism
             1.9500 ^ _42_/CP (DFCNQD1BWP30P140)
  -0.0170    1.9330   library setup time
             1.9330   data required time
-------------------------------------------------------------
             1.9330   data required time
            -7.1376   data arrival time
-------------------------------------------------------------
            -5.2046   slack (VIOLATED)


