Startpoint: reset (input port clocked by CORE_CLK)
Endpoint: _46_ (recovery check against rising-edge clock CORE_CLK)
Path Group: asynchronous
Path Type: max

    Delay      Time   Description
-------------------------------------------------------------
   0.0000    0.0000   clock CORE_CLK (rise edge)
   0.0000    0.0000   clock network delay (ideal)
   0.0000    0.0000 ^ input external delay
   0.0000    0.0000 ^ reset (in)
   0.0000    0.0000 ^ _46_/CDN (DFCNQD1BWP30P140)
             0.0000   data arrival time

   2.0000    2.0000   clock CORE_CLK (rise edge)
   0.0000    2.0000   clock network delay (ideal)
  -0.0500    1.9500   clock uncertainty
   0.0000    1.9500   clock reconvergence pessimism
             1.9500 ^ _46_/CP (DFCNQD1BWP30P140)
   0.0258    1.9758   library recovery time
             1.9758   data required time
-------------------------------------------------------------
             1.9758   data required time
            -0.0000   data arrival time
-------------------------------------------------------------
             1.9758   slack (MET)


Startpoint: io_op_b_i[14] (input port clocked by CORE_CLK)
Endpoint: _51_ (rising edge-triggered flip-flop clocked by CORE_CLK)
Path Group: CORE_CLK
Path Type: max

    Delay      Time   Description
-------------------------------------------------------------
   0.0000    0.0000   clock CORE_CLK (rise edge)
   0.0000    0.0000   clock network delay (ideal)
   0.0000    0.0000 v input external delay
   0.0000    0.0000 v io_op_b_i[14] (in)
   0.0130    0.0130 ^ op_1/_065_/ZN (NR3D0BWP30P140)
   0.0429    0.0559 ^ op_1/_066_/ZN (INR3D0BWP30P140)
   0.0273    0.0832 v op_1/_067_/ZN (NR4D0BWP30P140)
   0.0273    0.1105 ^ op_1/_081_/ZN (AOI21D0BWP30P140)
   0.0187    0.1292 ^ op_1/_083_/Z (OR2D0BWP30P140)
   0.0234    0.1525 ^ op_1/_090_/Z (AO21D0BWP30P140)
   0.0263    0.1789 ^ op_1/_130_/Z (AN3D0BWP30P140)
   0.0110    0.1899 v op_1/_131_/ZN (NR2D0BWP30P140)
   0.0162    0.2061 ^ tree/_2811_/ZN (CKND0BWP30P140)
   0.0175    0.2236 v tree/_2830_/ZN (AOI22D0BWP30P140)
   0.0287    0.2523 ^ tree/_2832_/ZN (AOI221D0BWP30P140)
   0.0462    0.2985 v tree/_2834_/ZN (MOAI22D0BWP30P140)
   0.0377    0.3362 v tree/_2845_/ZN (MUX2ND0BWP30P140)
   0.0264    0.3626 ^ tree/_2847_/ZN (AOI22D0BWP30P140)
   0.0247    0.3874 ^ tree/_2848_/Z (OA21D0BWP30P140)
   0.0208    0.4082 ^ tree/_2853_/Z (OA21D0BWP30P140)
   0.0450    0.4532 ^ tree/_2855_/Z (OA22D0BWP30P140)
   0.0344    0.4876 ^ tree/_2860_/ZN (MUX2ND0BWP30P140)
   0.0297    0.5173 v tree/_2866_/ZN (MAOI222D0BWP30P140)
   0.0193    0.5366 ^ tree/_2874_/ZN (OAI21D0BWP30P140)
   0.0271    0.5637 v tree/_2881_/ZN (AOI31D0BWP30P140)
   0.0686    0.6322 ^ tree/_2887_/ZN (OAI21D0BWP30P140)
   0.0515    0.6838 v tree/_3163_/Z (CKMUX2D0BWP30P140)
   0.0404    0.7242 ^ tree/_3440_/ZN (MAOI222D0BWP30P140)
   0.0439    0.7681 v tree/_3443_/ZN (OAI221D0BWP30P140)
   0.0387    0.8068 ^ tree/_3446_/ZN (AOI31D0BWP30P140)
   0.0598    0.8666 v tree/_3452_/ZN (XNR2UD0BWP30P140)
   0.1422    1.0088 ^ tree/_3471_/ZN (AOI211D0BWP30P140)
   0.0176    1.0264 v tree/_3490_/ZN (MUX2ND0BWP30P140)
   0.0444    1.0708 ^ tree/_3518_/ZN (AOI211D0BWP30P140)
   0.0577    1.1285 v tree/_3598_/ZN (ND4D0BWP30P140)
   0.0346    1.1631 ^ tree/_3599_/ZN (NR2D0BWP30P140)
   0.0288    1.1920 ^ tree/_4668_/ZN (MUX2ND0BWP30P140)
   0.0569    1.2488 v tree/_4677_/Z (XOR3UD0BWP30P140)
   0.0546    1.3034 v tree/_4683_/ZN (XNR3UD0BWP30P140)
   0.0305    1.3339 v tree/_4684_/Z (OR2D0BWP30P140)
   0.0318    1.3657 ^ tree/_4686_/ZN (MAOI222D0BWP30P140)
   0.0308    1.3965 v tree/_4688_/ZN (MAOI222D0BWP30P140)
   0.0300    1.4266 ^ tree/_4690_/ZN (OAI21D0BWP30P140)
   0.0219    1.4484 v tree/_4692_/ZN (AOI21D0BWP30P140)
   0.0255    1.4739 ^ tree/_4694_/ZN (OAI21D0BWP30P140)
   0.0214    1.4953 v tree/_4696_/ZN (AOI21D0BWP30P140)
   0.0253    1.5205 ^ tree/_4698_/ZN (OAI21D0BWP30P140)
   0.0214    1.5419 v tree/_4700_/ZN (AOI21D0BWP30P140)
   0.0252    1.5671 ^ tree/_4703_/ZN (OAI21D0BWP30P140)
   0.0214    1.5885 v tree/_4705_/ZN (AOI21D0BWP30P140)
   0.0263    1.6148 ^ tree/_4708_/ZN (OAI21D0BWP30P140)
   0.0286    1.6434 v tree/_4710_/ZN (MAOI222D0BWP30P140)
   0.0313    1.6747 ^ tree/_4713_/ZN (OAI21D0BWP30P140)
   0.0291    1.7038 v tree/_4715_/ZN (MAOI222D0BWP30P140)
   0.0301    1.7338 ^ tree/_4717_/ZN (OAI21D0BWP30P140)
   0.0219    1.7557 v tree/_4719_/ZN (AOI21D0BWP30P140)
   0.0254    1.7811 ^ tree/_4722_/ZN (OAI21D0BWP30P140)
   0.0206    1.8017 v tree/_4725_/ZN (AOI21D0BWP30P140)
   0.0260    1.8277 ^ tree/_4729_/ZN (OAI211D0BWP30P140)
   0.0281    1.8558 v tree/_4731_/ZN (AOI31D0BWP30P140)
   0.0281    1.8839 ^ tree/_4733_/ZN (OAI21D0BWP30P140)
   0.0227    1.9066 v tree/_4735_/ZN (AOI21D0BWP30P140)
   0.0346    1.9412 ^ tree/_4737_/ZN (MAOI222D0BWP30P140)
   0.0248    1.9660 v tree/_4739_/ZN (AOI21D0BWP30P140)
   0.0355    2.0015 ^ tree/_4741_/ZN (MAOI222D0BWP30P140)
   0.0236    2.0251 v tree/_4744_/ZN (AOI21D0BWP30P140)
   0.0273    2.0524 ^ tree/_4747_/ZN (OAI21D0BWP30P140)
   0.0287    2.0811 v tree/_4749_/ZN (MAOI222D0BWP30P140)
   0.0301    2.1112 ^ tree/_4752_/ZN (OAI21D0BWP30P140)
   0.0219    2.1331 v tree/_4754_/ZN (AOI21D0BWP30P140)
   0.0266    2.1597 ^ tree/_4757_/ZN (OAI21D0BWP30P140)
   0.0297    2.1894 v tree/_4759_/ZN (MAOI222D0BWP30P140)
   0.0397    2.2291 ^ tree/_4761_/ZN (MAOI222D0BWP30P140)
   0.0236    2.2527 v tree/_4763_/ZN (AOI21D0BWP30P140)
   0.0274    2.2801 ^ tree/_4766_/ZN (OAI21D0BWP30P140)
   0.0287    2.3089 v tree/_4768_/ZN (MAOI222D0BWP30P140)
   0.0300    2.3388 ^ tree/_4771_/ZN (OAI21D0BWP30P140)
   0.0218    2.3607 v tree/_4774_/ZN (AOI21D0BWP30P140)
   0.0255    2.3861 ^ tree/_4777_/ZN (OAI21D0BWP30P140)
   0.0214    2.4075 v tree/_4779_/ZN (AOI21D0BWP30P140)
   0.0253    2.4328 ^ tree/_4781_/ZN (OAI21D0BWP30P140)
   0.0214    2.4541 v tree/_4783_/ZN (AOI21D0BWP30P140)
   0.0232    2.4773 ^ tree/_4785_/ZN (OAI21D0BWP30P140)
   0.0207    2.4981 v tree/_4790_/ZN (AOI211D0BWP30P140)
   0.0308    2.5289 ^ tree/_4792_/ZN (OAI31D0BWP30P140)
   0.0229    2.5517 v tree/_4794_/ZN (AOI21D0BWP30P140)
   0.0259    2.5777 ^ tree/_4797_/ZN (OAI21D0BWP30P140)
   0.0214    2.5991 v tree/_4799_/ZN (AOI21D0BWP30P140)
   0.0253    2.6244 ^ tree/_4802_/ZN (OAI21D0BWP30P140)
   0.0214    2.6457 v tree/_4804_/ZN (AOI21D0BWP30P140)
   0.0264    2.6721 ^ tree/_4807_/ZN (OAI21D0BWP30P140)
   0.0286    2.7007 v tree/_4809_/ZN (MAOI222D0BWP30P140)
   0.0301    2.7308 ^ tree/_4812_/ZN (OAI21D0BWP30P140)
   0.0214    2.7522 v tree/_4814_/ZN (AOI21D0BWP30P140)
   0.0235    2.7757 ^ tree/_4819_/ZN (OAI211D0BWP30P140)
   0.0275    2.8032 v tree/_4821_/ZN (AOI31D0BWP30P140)
   0.0300    2.8332 ^ tree/_4823_/ZN (OAI21D0BWP30P140)
   0.0290    2.8622 v tree/_4825_/ZN (MAOI222D0BWP30P140)
   0.0325    2.8947 ^ tree/_4828_/ZN (OAI21D0BWP30P140)
   0.0192    2.9139 v tree/_4831_/ZN (AOI211D0BWP30P140)
   0.0304    2.9442 ^ tree/_4833_/ZN (OAI31D0BWP30P140)
   0.0172    2.9615 v tree/_4834_/ZN (AOI21D0BWP30P140)
   0.0277    2.9892 v tree/_4836_/ZN (IAO21D0BWP30P140)
   0.1067    3.0959 ^ tree/_4837_/ZN (NR2D0BWP30P140)
   0.1022    3.1981 v tree/_4838_/ZN (CKND0BWP30P140)
   0.0304    3.2285 ^ tree/_5126_/ZN (CKND2D0BWP30P140)
   0.0380    3.2665 ^ tree/_5127_/Z (XOR2UD0BWP30P140)
   0.0137    3.2801 v tree/_5234_/ZN (IOA21D0BWP30P140)
   0.0214    3.3015 v tree/_5235_/ZN (IOA21D0BWP30P140)
   0.0215    3.3230 v tree/_5236_/ZN (IOA21D0BWP30P140)
   0.0215    3.3444 v tree/_5237_/ZN (IOA21D0BWP30P140)
   0.0215    3.3659 v tree/_5238_/ZN (IOA21D0BWP30P140)
   0.0214    3.3873 v tree/_5239_/ZN (IOA21D0BWP30P140)
   0.0215    3.4088 v tree/_5240_/ZN (IOA21D0BWP30P140)
   0.0215    3.4303 v tree/_5241_/ZN (IOA21D0BWP30P140)
   0.0215    3.4517 v tree/_5242_/ZN (IOA21D0BWP30P140)
   0.0214    3.4732 v tree/_5243_/ZN (IOA21D0BWP30P140)
   0.0211    3.4943 v tree/_5244_/ZN (IOA21D0BWP30P140)
   0.0215    3.5158 v tree/_5245_/ZN (IOA21D0BWP30P140)
   0.0215    3.5373 v tree/_5246_/ZN (IOA21D0BWP30P140)
   0.0215    3.5588 v tree/_5247_/ZN (IOA21D0BWP30P140)
   0.0215    3.5803 v tree/_5248_/ZN (IOA21D0BWP30P140)
   0.0215    3.6018 v tree/_5249_/ZN (IOA21D0BWP30P140)
   0.0215    3.6233 v tree/_5250_/ZN (IOA21D0BWP30P140)
   0.0168    3.6401 ^ tree/_5251_/ZN (AOI21D0BWP30P140)
   0.0145    3.6546 v tree/_5252_/ZN (OAI21D0BWP30P140)
   0.0164    3.6710 ^ tree/_5253_/ZN (AOI21D0BWP30P140)
   0.0141    3.6851 v tree/_5254_/ZN (OAI21D0BWP30P140)
   0.0163    3.7014 ^ tree/_5255_/ZN (AOI21D0BWP30P140)
   0.0141    3.7155 v tree/_5256_/ZN (OAI21D0BWP30P140)
   0.0161    3.7316 ^ tree/_5257_/ZN (AOI21D0BWP30P140)
   0.0139    3.7455 v tree/_5258_/ZN (OAI21D0BWP30P140)
   0.0213    3.7668 v tree/_5259_/ZN (IOA21D0BWP30P140)
   0.0211    3.7879 v tree/_5260_/ZN (IOA21D0BWP30P140)
   0.0208    3.8086 v tree/_5261_/ZN (IOA21D0BWP30P140)
   0.0207    3.8293 v tree/_5262_/ZN (IOA21D0BWP30P140)
   0.0160    3.8453 ^ tree/_5263_/ZN (AOI21D0BWP30P140)
   0.0146    3.8599 v tree/_5264_/ZN (OAI21D0BWP30P140)
   0.3485    4.2084 v tree/_5265_/Z (AO22D0BWP30P140)
   0.1070    4.3154 ^ tree/_5292_/ZN (MUX2ND0BWP30P140)
   0.0349    4.3503 v tree/_5293_/ZN (MUX2ND0BWP30P140)
   0.0552    4.4055 ^ tree/_5445_/ZN (MUX3ND0BWP30P140)
   0.0196    4.4251 v tree/_5446_/ZN (MUX2ND0BWP30P140)
   0.0340    4.4591 ^ tree/_5454_/ZN (OAI21D0BWP30P140)
   0.0160    4.4751 v tree/_5561_/ZN (AOI211D0BWP30P140)
   0.0158    4.4910 ^ tree/_5564_/ZN (ND4D0BWP30P140)
   0.0259    4.5168 v tree/_5566_/ZN (OAI211D0BWP30P140)
   0.0371    4.5540 ^ tree/_5569_/ZN (NR4D0BWP30P140)
   0.0474    4.6014 v tree/_5591_/ZN (ND4D0BWP30P140)
   0.0314    4.6328 ^ tree/_5601_/ZN (NR2D0BWP30P140)
   0.0190    4.6518 v tree/_5616_/ZN (XNR2UD0BWP30P140)
   0.0616    4.7135 v d2fpn/_092_/ZN (XNR3UD0BWP30P140)
   0.0296    4.7431 v d2fpn/_099_/Z (XOR2UD0BWP30P140)
   0.0293    4.7724 v d2fpn/_113_/ZN (XNR2UD0BWP30P140)
   0.0299    4.8023 ^ d2fpn/_114_/ZN (AOI21D0BWP30P140)
   0.0222    4.8245 v d2fpn/_117_/ZN (OAI21D0BWP30P140)
   0.0295    4.8540 ^ d2fpn/_119_/ZN (AOI21D0BWP30P140)
   0.0190    4.8730 v d2fpn/_128_/ZN (OAI21D0BWP30P140)
   0.0154    4.8884 ^ d2fpn/_133_/ZN (ND3D0BWP30P140)
   0.0687    4.9571 v d2fpn/_151_/ZN (ND3D0BWP30P140)
   0.0486    5.0057 ^ d2fpn/_161_/ZN (NR3D0BWP30P140)
   0.0222    5.0279 ^ accAdder/_0556_/ZN (INR2D0BWP30P140)
   0.0254    5.0533 v accAdder/_0557_/ZN (MAOI222D0BWP30P140)
   0.0412    5.0945 ^ accAdder/_0567_/ZN (XNR2UD0BWP30P140)
   0.0237    5.1181 v accAdder/_0568_/ZN (ND3D0BWP30P140)
   0.0282    5.1463 v accAdder/_0571_/ZN (IND2D0BWP30P140)
   0.0196    5.1659 ^ accAdder/_0580_/ZN (NR3D0BWP30P140)
   0.0430    5.2089 v accAdder/_0594_/ZN (IND4D0BWP30P140)
   0.0483    5.2572 ^ accAdder/_0626_/ZN (AOI211D0BWP30P140)
   0.0770    5.3342 v accAdder/_0629_/ZN (NR2D0BWP30P140)
   0.1306    5.4649 ^ accAdder/_0649_/ZN (OAI31D0BWP30P140)
   0.0575    5.5223 v accAdder/_0666_/ZN (NR3D0BWP30P140)
   0.0458    5.5681 ^ accAdder/_0693_/ZN (AOI22D0BWP30P140)
   0.0373    5.6054 v accAdder/_0698_/ZN (MUX4ND0BWP30P140)
   0.0439    5.6493 ^ accAdder/_0767_/ZN (AOI22D0BWP30P140)
   0.0357    5.6849 v accAdder/_0775_/ZN (ND4D0BWP30P140)
   0.0354    5.7203 ^ accAdder/_0777_/ZN (AOI211D0BWP30P140)
   0.0166    5.7369 v accAdder/_0781_/ZN (OAI21D0BWP30P140)
   0.0161    5.7530 ^ accAdder/_0782_/ZN (OAI21D0BWP30P140)
   0.0168    5.7699 v accAdder/_0784_/ZN (AOI21D0BWP30P140)
   0.0249    5.7948 v accAdder/_0789_/ZN (IAO21D0BWP30P140)
   0.0253    5.8201 v accAdder/_0807_/Z (OA211D0BWP30P140)
   0.0219    5.8420 ^ accAdder/_0820_/ZN (OAI32D0BWP30P140)
   0.0272    5.8692 v accAdder/_0831_/ZN (MAOI222D0BWP30P140)
   0.0343    5.9035 ^ accAdder/_0849_/ZN (MAOI222D0BWP30P140)
   0.0162    5.9197 v accAdder/_0871_/ZN (MUX2ND0BWP30P140)
   0.0345    5.9542 v accAdder/_0872_/ZN (XNR2UD0BWP30P140)
   0.0310    5.9851 ^ accAdder/_0943_/ZN (OAI221D0BWP30P140)
   0.1190    6.1041 v accAdder/_0944_/ZN (OAI21D0BWP30P140)
   0.0855    6.1896 ^ accAdder/_0982_/ZN (MUX4ND0BWP30P140)
   0.0448    6.2344 v accAdder/_0987_/ZN (IND4D0BWP30P140)
   0.0662    6.3006 ^ accAdder/_0989_/ZN (INR4D0BWP30P140)
   0.0463    6.3469 v accAdder/_0997_/ZN (ND4D0BWP30P140)
   0.0312    6.3780 ^ accAdder/_1000_/ZN (NR3D0BWP30P140)
   0.0217    6.3997 v accAdder/_1001_/ZN (IND2D0BWP30P140)
   0.0322    6.4319 v accAdder/_1003_/ZN (IND3D0BWP30P140)
   0.0340    6.4660 ^ accAdder/_1004_/ZN (MAOI222D0BWP30P140)
   0.0402    6.5062 v accAdder/_1007_/ZN (AOI32D0BWP30P140)
   0.0432    6.5494 v accAdder/_1009_/Z (AO211D0BWP30P140)
   0.0290    6.5784 ^ accAdder/_1013_/ZN (OAI22D0BWP30P140)
   0.0199    6.5983 ^ accAdder/_1019_/ZN (IND3D0BWP30P140)
   0.0311    6.6294 v accAdder/_1020_/ZN (OAI211D0BWP30P140)
   0.0622    6.6917 v accAdder/_1038_/Z (AO21D0BWP30P140)
   0.0358    6.7274 ^ accAdder/_1060_/ZN (INR4D0BWP30P140)
   0.0257    6.7532 ^ _35_/Z (AO22D0BWP30P140)
   0.0000    6.7532 ^ _51_/D (DFCNQD1BWP30P140)
             6.7532   data arrival time

   2.0000    2.0000   clock CORE_CLK (rise edge)
   0.0000    2.0000   clock network delay (ideal)
  -0.0500    1.9500   clock uncertainty
   0.0000    1.9500   clock reconvergence pessimism
             1.9500 ^ _51_/CP (DFCNQD1BWP30P140)
  -0.0171    1.9329   library setup time
             1.9329   data required time
-------------------------------------------------------------
             1.9329   data required time
            -6.7532   data arrival time
-------------------------------------------------------------
            -4.8203   slack (VIOLATED)


