Startpoint: reset (input port clocked by CORE_CLK)
Endpoint: _068_ (recovery check against rising-edge clock CORE_CLK)
Path Group: asynchronous
Path Type: max

    Delay      Time   Description
-------------------------------------------------------------
   0.0000    0.0000   clock CORE_CLK (rise edge)
   0.0000    0.0000   clock network delay (ideal)
   0.0000    0.0000 ^ input external delay
   0.0000    0.0000 ^ reset (in)
   0.0000    0.0000 ^ _068_/CDN (DFCNQD1BWP30P140)
             0.0000   data arrival time

  20.0000   20.0000   clock CORE_CLK (rise edge)
   0.0000   20.0000   clock network delay (ideal)
  -0.0500   19.9500   clock uncertainty
   0.0000   19.9500   clock reconvergence pessimism
            19.9500 ^ _068_/CP (DFCNQD1BWP30P140)
   0.0258   19.9758   library recovery time
            19.9758   data required time
-------------------------------------------------------------
            19.9758   data required time
            -0.0000   data arrival time
-------------------------------------------------------------
            19.9758   slack (MET)


Startpoint: io_op_a_i[15] (input port clocked by CORE_CLK)
Endpoint: _070_ (rising edge-triggered flip-flop clocked by CORE_CLK)
Path Group: CORE_CLK
Path Type: max

    Delay      Time   Description
-------------------------------------------------------------
   0.0000    0.0000   clock CORE_CLK (rise edge)
   0.0000    0.0000   clock network delay (ideal)
   0.0000    0.0000 ^ input external delay
   0.0000    0.0000 ^ io_op_a_i[15] (in)
   0.0149    0.0149 v reducedSum_op_1/_078_/ZN (OAI21D0BWP30P140)
   0.0307    0.0457 ^ reducedSum_op_1/_080_/ZN (OAI22D0BWP30P140)
   0.0190    0.0646 v reducedSum_op_1/_081_/ZN (CKND2D0BWP30P140)
   0.0630    0.1276 v reducedSum_op_1/_091_/ZN (XNR3UD0BWP30P140)
   0.0649    0.1925 v reducedSum_op_1/_109_/Z (XOR3UD0BWP30P140)
   0.0353    0.2278 ^ reducedSum_op_1/_113_/ZN (MAOI222D0BWP30P140)
   0.0337    0.2615 v reducedSum_op_1/_115_/ZN (MAOI222D0BWP30P140)
   0.0406    0.3021 ^ reducedSum_op_1/_151_/ZN (MAOI222D0BWP30P140)
   0.0317    0.3338 v reducedSum_op_1/_153_/ZN (MAOI222D0BWP30P140)
   0.0397    0.3735 ^ reducedSum_op_1/_155_/ZN (MAOI222D0BWP30P140)
   0.0262    0.3997 v reducedSum_op_1/_160_/ZN (OAI21D0BWP30P140)
   0.0226    0.4224 v reducedSum_reduced_nextLevel_adder/_581_/ZN (INR2D0BWP30P140)
   0.0235    0.4459 ^ reducedSum_reduced_nextLevel_adder/_582_/ZN (AOI221D0BWP30P140)
   0.0212    0.4672 ^ reducedSum_reduced_nextLevel_adder/_583_/Z (AO21D0BWP30P140)
   0.0108    0.4779 v reducedSum_reduced_nextLevel_adder/_586_/ZN (AOI21D0BWP30P140)
   0.3161    0.7940 ^ reducedSum_reduced_nextLevel_adder/_587_/ZN (OAI31D0BWP30P140)
   0.0305    0.8245 v reducedSum_reduced_nextLevel_adder/_641_/ZN (MUX2ND0BWP30P140)
   0.0616    0.8861 ^ reducedSum_reduced_nextLevel_adder/_672_/ZN (MUX4ND0BWP30P140)
   0.0336    0.9197 ^ reducedSum_reduced_nextLevel_adder/_718_/Z (MUX3D0BWP30P140)
   0.0197    0.9394 v reducedSum_reduced_nextLevel_adder/_719_/ZN (AOI22D0BWP30P140)
   0.0179    0.9573 ^ reducedSum_reduced_nextLevel_adder/_723_/ZN (CKND2D0BWP30P140)
   0.0205    0.9778 v reducedSum_reduced_nextLevel_adder/_740_/ZN (OAI31D0BWP30P140)
   0.0309    1.0088 ^ reducedSum_reduced_nextLevel_adder/_741_/ZN (MAOI222D0BWP30P140)
   0.0264    1.0352 v reducedSum_reduced_nextLevel_adder/_743_/ZN (MAOI222D0BWP30P140)
   0.0364    1.0716 ^ reducedSum_reduced_nextLevel_adder/_747_/ZN (MAOI222D0BWP30P140)
   0.0253    1.0969 v reducedSum_reduced_nextLevel_adder/_751_/ZN (MAOI222D0BWP30P140)
   0.0268    1.1237 ^ reducedSum_reduced_nextLevel_adder/_756_/ZN (AOI21D0BWP30P140)
   0.0252    1.1488 v reducedSum_reduced_nextLevel_adder/_760_/ZN (MAOI222D0BWP30P140)
   0.0352    1.1840 ^ reducedSum_reduced_nextLevel_adder/_764_/ZN (MAOI222D0BWP30P140)
   0.0262    1.2103 ^ reducedSum_reduced_nextLevel_adder/_765_/ZN (IAO21D0BWP30P140)
   0.0233    1.2335 v reducedSum_reduced_nextLevel_adder/_767_/ZN (MAOI222D0BWP30P140)
   0.0268    1.2604 ^ reducedSum_reduced_nextLevel_adder/_768_/ZN (AOI21D0BWP30P140)
   0.0292    1.2896 v reducedSum_reduced_nextLevel_adder/_769_/ZN (MAOI222D0BWP30P140)
   0.0958    1.3853 ^ reducedSum_reduced_nextLevel_adder/_789_/ZN (AOI21D0BWP30P140)
   0.0317    1.4170 ^ reducedSum_reduced_nextLevel_adder/_813_/ZN (MUX2ND0BWP30P140)
   0.0530    1.4701 v reducedSum_reduced_nextLevel_adder/_818_/ZN (ND4D0BWP30P140)
   0.0423    1.5124 ^ reducedSum_reduced_nextLevel_adder/_831_/ZN (NR4D0BWP30P140)
   0.0474    1.5597 v reducedSum_reduced_nextLevel_adder/_844_/ZN (ND4D0BWP30P140)
   0.0405    1.6003 ^ reducedSum_reduced_nextLevel_adder/_914_/ZN (NR4D0BWP30P140)
   0.0138    1.6141 v reducedSum_reduced_nextLevel_adder/_916_/ZN (CKND2D0BWP30P140)
   0.0194    1.6335 v reducedSum_reduced_nextLevel_adder/_937_/Z (AN3D0BWP30P140)
   0.0199    1.6534 ^ reducedSum_reduced_nextLevel_adder/_938_/ZN (NR2D0BWP30P140)
   0.0271    1.6805 v reducedSum_reduced_nextLevel_adder_16/_483_/ZN (XNR2UD0BWP30P140)
   0.0323    1.7127 ^ reducedSum_reduced_nextLevel_adder_16/_484_/ZN (AOI21D0BWP30P140)
   0.0355    1.7482 ^ reducedSum_reduced_nextLevel_adder_16/_488_/Z (OA211D0BWP30P140)
   0.0214    1.7696 v reducedSum_reduced_nextLevel_adder_16/_490_/ZN (OAI31D0BWP30P140)
   0.0323    1.8019 ^ reducedSum_reduced_nextLevel_adder_16/_514_/ZN (OAI211D0BWP30P140)
   0.0279    1.8297 v reducedSum_reduced_nextLevel_adder_16/_516_/ZN (AOI31D0BWP30P140)
   0.0397    1.8694 ^ reducedSum_reduced_nextLevel_adder_16/_519_/ZN (AOI211D0BWP30P140)
   0.0294    1.8988 ^ reducedSum_reduced_nextLevel_adder_16/_521_/Z (OA21D0BWP30P140)
   0.0093    1.9081 v reducedSum_reduced_nextLevel_adder_16/_525_/ZN (NR2D0BWP30P140)
   0.3186    2.2267 ^ reducedSum_reduced_nextLevel_adder_16/_587_/ZN (OAI31D0BWP30P140)
   0.0208    2.2475 v reducedSum_reduced_nextLevel_adder_16/_610_/ZN (MUX2ND0BWP30P140)
   0.0373    2.2848 ^ reducedSum_reduced_nextLevel_adder_16/_612_/ZN (OAI31D0BWP30P140)
   0.0311    2.3159 v reducedSum_reduced_nextLevel_adder_16/_615_/ZN (AOI32D0BWP30P140)
   0.0330    2.3489 ^ reducedSum_reduced_nextLevel_adder_16/_654_/ZN (MUX3ND0BWP30P140)
   0.0297    2.3786 v reducedSum_reduced_nextLevel_adder_16/_725_/ZN (AOI221D0BWP30P140)
   0.0215    2.4001 ^ reducedSum_reduced_nextLevel_adder_16/_731_/ZN (ND3D0BWP30P140)
   0.0202    2.4203 v reducedSum_reduced_nextLevel_adder_16/_740_/ZN (OAI31D0BWP30P140)
   0.0309    2.4513 ^ reducedSum_reduced_nextLevel_adder_16/_741_/ZN (MAOI222D0BWP30P140)
   0.0264    2.4777 v reducedSum_reduced_nextLevel_adder_16/_743_/ZN (MAOI222D0BWP30P140)
   0.0364    2.5141 ^ reducedSum_reduced_nextLevel_adder_16/_747_/ZN (MAOI222D0BWP30P140)
   0.0253    2.5394 v reducedSum_reduced_nextLevel_adder_16/_751_/ZN (MAOI222D0BWP30P140)
   0.0268    2.5662 ^ reducedSum_reduced_nextLevel_adder_16/_756_/ZN (AOI21D0BWP30P140)
   0.0252    2.5913 v reducedSum_reduced_nextLevel_adder_16/_760_/ZN (MAOI222D0BWP30P140)
   0.0352    2.6265 ^ reducedSum_reduced_nextLevel_adder_16/_764_/ZN (MAOI222D0BWP30P140)
   0.0262    2.6528 ^ reducedSum_reduced_nextLevel_adder_16/_765_/ZN (IAO21D0BWP30P140)
   0.0233    2.6760 v reducedSum_reduced_nextLevel_adder_16/_767_/ZN (MAOI222D0BWP30P140)
   0.0268    2.7028 ^ reducedSum_reduced_nextLevel_adder_16/_768_/ZN (AOI21D0BWP30P140)
   0.0292    2.7321 v reducedSum_reduced_nextLevel_adder_16/_769_/ZN (MAOI222D0BWP30P140)
   0.0958    2.8278 ^ reducedSum_reduced_nextLevel_adder_16/_789_/ZN (AOI21D0BWP30P140)
   0.0317    2.8595 ^ reducedSum_reduced_nextLevel_adder_16/_813_/ZN (MUX2ND0BWP30P140)
   0.0530    2.9126 v reducedSum_reduced_nextLevel_adder_16/_818_/ZN (ND4D0BWP30P140)
   0.0423    2.9549 ^ reducedSum_reduced_nextLevel_adder_16/_831_/ZN (NR4D0BWP30P140)
   0.0474    3.0022 v reducedSum_reduced_nextLevel_adder_16/_844_/ZN (ND4D0BWP30P140)
   0.0405    3.0428 ^ reducedSum_reduced_nextLevel_adder_16/_914_/ZN (NR4D0BWP30P140)
   0.0138    3.0566 v reducedSum_reduced_nextLevel_adder_16/_916_/ZN (CKND2D0BWP30P140)
   0.0194    3.0760 v reducedSum_reduced_nextLevel_adder_16/_937_/Z (AN3D0BWP30P140)
   0.0199    3.0959 ^ reducedSum_reduced_nextLevel_adder_16/_938_/ZN (NR2D0BWP30P140)
   0.0271    3.1230 v reducedSum_reduced_nextLevel_adder_24/_483_/ZN (XNR2UD0BWP30P140)
   0.0323    3.1552 ^ reducedSum_reduced_nextLevel_adder_24/_484_/ZN (AOI21D0BWP30P140)
   0.0355    3.1907 ^ reducedSum_reduced_nextLevel_adder_24/_488_/Z (OA211D0BWP30P140)
   0.0214    3.2121 v reducedSum_reduced_nextLevel_adder_24/_490_/ZN (OAI31D0BWP30P140)
   0.0323    3.2444 ^ reducedSum_reduced_nextLevel_adder_24/_514_/ZN (OAI211D0BWP30P140)
   0.0279    3.2722 v reducedSum_reduced_nextLevel_adder_24/_516_/ZN (AOI31D0BWP30P140)
   0.0397    3.3119 ^ reducedSum_reduced_nextLevel_adder_24/_519_/ZN (AOI211D0BWP30P140)
   0.0294    3.3413 ^ reducedSum_reduced_nextLevel_adder_24/_521_/Z (OA21D0BWP30P140)
   0.0093    3.3506 v reducedSum_reduced_nextLevel_adder_24/_525_/ZN (NR2D0BWP30P140)
   0.3186    3.6692 ^ reducedSum_reduced_nextLevel_adder_24/_587_/ZN (OAI31D0BWP30P140)
   0.0208    3.6900 v reducedSum_reduced_nextLevel_adder_24/_610_/ZN (MUX2ND0BWP30P140)
   0.0373    3.7273 ^ reducedSum_reduced_nextLevel_adder_24/_612_/ZN (OAI31D0BWP30P140)
   0.0311    3.7584 v reducedSum_reduced_nextLevel_adder_24/_615_/ZN (AOI32D0BWP30P140)
   0.0330    3.7914 ^ reducedSum_reduced_nextLevel_adder_24/_654_/ZN (MUX3ND0BWP30P140)
   0.0297    3.8211 v reducedSum_reduced_nextLevel_adder_24/_725_/ZN (AOI221D0BWP30P140)
   0.0215    3.8426 ^ reducedSum_reduced_nextLevel_adder_24/_731_/ZN (ND3D0BWP30P140)
   0.0202    3.8628 v reducedSum_reduced_nextLevel_adder_24/_740_/ZN (OAI31D0BWP30P140)
   0.0309    3.8938 ^ reducedSum_reduced_nextLevel_adder_24/_741_/ZN (MAOI222D0BWP30P140)
   0.0264    3.9202 v reducedSum_reduced_nextLevel_adder_24/_743_/ZN (MAOI222D0BWP30P140)
   0.0364    3.9566 ^ reducedSum_reduced_nextLevel_adder_24/_747_/ZN (MAOI222D0BWP30P140)
   0.0253    3.9819 v reducedSum_reduced_nextLevel_adder_24/_751_/ZN (MAOI222D0BWP30P140)
   0.0268    4.0087 ^ reducedSum_reduced_nextLevel_adder_24/_756_/ZN (AOI21D0BWP30P140)
   0.0252    4.0338 v reducedSum_reduced_nextLevel_adder_24/_760_/ZN (MAOI222D0BWP30P140)
   0.0352    4.0690 ^ reducedSum_reduced_nextLevel_adder_24/_764_/ZN (MAOI222D0BWP30P140)
   0.0262    4.0953 ^ reducedSum_reduced_nextLevel_adder_24/_765_/ZN (IAO21D0BWP30P140)
   0.0233    4.1185 v reducedSum_reduced_nextLevel_adder_24/_767_/ZN (MAOI222D0BWP30P140)
   0.0268    4.1453 ^ reducedSum_reduced_nextLevel_adder_24/_768_/ZN (AOI21D0BWP30P140)
   0.0292    4.1746 v reducedSum_reduced_nextLevel_adder_24/_769_/ZN (MAOI222D0BWP30P140)
   0.0958    4.2703 ^ reducedSum_reduced_nextLevel_adder_24/_789_/ZN (AOI21D0BWP30P140)
   0.0317    4.3020 ^ reducedSum_reduced_nextLevel_adder_24/_813_/ZN (MUX2ND0BWP30P140)
   0.0530    4.3551 v reducedSum_reduced_nextLevel_adder_24/_818_/ZN (ND4D0BWP30P140)
   0.0423    4.3974 ^ reducedSum_reduced_nextLevel_adder_24/_831_/ZN (NR4D0BWP30P140)
   0.0474    4.4447 v reducedSum_reduced_nextLevel_adder_24/_844_/ZN (ND4D0BWP30P140)
   0.0405    4.4853 ^ reducedSum_reduced_nextLevel_adder_24/_914_/ZN (NR4D0BWP30P140)
   0.0138    4.4991 v reducedSum_reduced_nextLevel_adder_24/_916_/ZN (CKND2D0BWP30P140)
   0.0194    4.5185 v reducedSum_reduced_nextLevel_adder_24/_937_/Z (AN3D0BWP30P140)
   0.0199    4.5384 ^ reducedSum_reduced_nextLevel_adder_24/_938_/ZN (NR2D0BWP30P140)
   0.0271    4.5655 v reducedSum_reduced_nextLevel_adder_28/_483_/ZN (XNR2UD0BWP30P140)
   0.0323    4.5977 ^ reducedSum_reduced_nextLevel_adder_28/_484_/ZN (AOI21D0BWP30P140)
   0.0355    4.6332 ^ reducedSum_reduced_nextLevel_adder_28/_488_/Z (OA211D0BWP30P140)
   0.0214    4.6546 v reducedSum_reduced_nextLevel_adder_28/_490_/ZN (OAI31D0BWP30P140)
   0.0323    4.6869 ^ reducedSum_reduced_nextLevel_adder_28/_514_/ZN (OAI211D0BWP30P140)
   0.0279    4.7147 v reducedSum_reduced_nextLevel_adder_28/_516_/ZN (AOI31D0BWP30P140)
   0.0397    4.7544 ^ reducedSum_reduced_nextLevel_adder_28/_519_/ZN (AOI211D0BWP30P140)
   0.0294    4.7838 ^ reducedSum_reduced_nextLevel_adder_28/_521_/Z (OA21D0BWP30P140)
   0.0093    4.7931 v reducedSum_reduced_nextLevel_adder_28/_525_/ZN (NR2D0BWP30P140)
   0.3186    5.1117 ^ reducedSum_reduced_nextLevel_adder_28/_587_/ZN (OAI31D0BWP30P140)
   0.0208    5.1325 v reducedSum_reduced_nextLevel_adder_28/_610_/ZN (MUX2ND0BWP30P140)
   0.0373    5.1698 ^ reducedSum_reduced_nextLevel_adder_28/_612_/ZN (OAI31D0BWP30P140)
   0.0311    5.2009 v reducedSum_reduced_nextLevel_adder_28/_615_/ZN (AOI32D0BWP30P140)
   0.0330    5.2339 ^ reducedSum_reduced_nextLevel_adder_28/_654_/ZN (MUX3ND0BWP30P140)
   0.0297    5.2636 v reducedSum_reduced_nextLevel_adder_28/_725_/ZN (AOI221D0BWP30P140)
   0.0215    5.2851 ^ reducedSum_reduced_nextLevel_adder_28/_731_/ZN (ND3D0BWP30P140)
   0.0202    5.3053 v reducedSum_reduced_nextLevel_adder_28/_740_/ZN (OAI31D0BWP30P140)
   0.0309    5.3363 ^ reducedSum_reduced_nextLevel_adder_28/_741_/ZN (MAOI222D0BWP30P140)
   0.0264    5.3627 v reducedSum_reduced_nextLevel_adder_28/_743_/ZN (MAOI222D0BWP30P140)
   0.0364    5.3991 ^ reducedSum_reduced_nextLevel_adder_28/_747_/ZN (MAOI222D0BWP30P140)
   0.0253    5.4244 v reducedSum_reduced_nextLevel_adder_28/_751_/ZN (MAOI222D0BWP30P140)
   0.0268    5.4512 ^ reducedSum_reduced_nextLevel_adder_28/_756_/ZN (AOI21D0BWP30P140)
   0.0252    5.4763 v reducedSum_reduced_nextLevel_adder_28/_760_/ZN (MAOI222D0BWP30P140)
   0.0352    5.5115 ^ reducedSum_reduced_nextLevel_adder_28/_764_/ZN (MAOI222D0BWP30P140)
   0.0262    5.5378 ^ reducedSum_reduced_nextLevel_adder_28/_765_/ZN (IAO21D0BWP30P140)
   0.0233    5.5610 v reducedSum_reduced_nextLevel_adder_28/_767_/ZN (MAOI222D0BWP30P140)
   0.0268    5.5878 ^ reducedSum_reduced_nextLevel_adder_28/_768_/ZN (AOI21D0BWP30P140)
   0.0292    5.6171 v reducedSum_reduced_nextLevel_adder_28/_769_/ZN (MAOI222D0BWP30P140)
   0.0958    5.7128 ^ reducedSum_reduced_nextLevel_adder_28/_789_/ZN (AOI21D0BWP30P140)
   0.0317    5.7445 ^ reducedSum_reduced_nextLevel_adder_28/_813_/ZN (MUX2ND0BWP30P140)
   0.0530    5.7976 v reducedSum_reduced_nextLevel_adder_28/_818_/ZN (ND4D0BWP30P140)
   0.0423    5.8399 ^ reducedSum_reduced_nextLevel_adder_28/_831_/ZN (NR4D0BWP30P140)
   0.0474    5.8872 v reducedSum_reduced_nextLevel_adder_28/_844_/ZN (ND4D0BWP30P140)
   0.0405    5.9278 ^ reducedSum_reduced_nextLevel_adder_28/_914_/ZN (NR4D0BWP30P140)
   0.0138    5.9416 v reducedSum_reduced_nextLevel_adder_28/_916_/ZN (CKND2D0BWP30P140)
   0.0194    5.9610 v reducedSum_reduced_nextLevel_adder_28/_937_/Z (AN3D0BWP30P140)
   0.0199    5.9809 ^ reducedSum_reduced_nextLevel_adder_28/_938_/ZN (NR2D0BWP30P140)
   0.0271    6.0080 v reducedSum_reduced_nextLevel_adder_30/_483_/ZN (XNR2UD0BWP30P140)
   0.0323    6.0402 ^ reducedSum_reduced_nextLevel_adder_30/_484_/ZN (AOI21D0BWP30P140)
   0.0355    6.0757 ^ reducedSum_reduced_nextLevel_adder_30/_488_/Z (OA211D0BWP30P140)
   0.0214    6.0971 v reducedSum_reduced_nextLevel_adder_30/_490_/ZN (OAI31D0BWP30P140)
   0.0323    6.1294 ^ reducedSum_reduced_nextLevel_adder_30/_514_/ZN (OAI211D0BWP30P140)
   0.0279    6.1572 v reducedSum_reduced_nextLevel_adder_30/_516_/ZN (AOI31D0BWP30P140)
   0.0397    6.1969 ^ reducedSum_reduced_nextLevel_adder_30/_519_/ZN (AOI211D0BWP30P140)
   0.0294    6.2263 ^ reducedSum_reduced_nextLevel_adder_30/_521_/Z (OA21D0BWP30P140)
   0.0093    6.2356 v reducedSum_reduced_nextLevel_adder_30/_525_/ZN (NR2D0BWP30P140)
   0.3186    6.5542 ^ reducedSum_reduced_nextLevel_adder_30/_587_/ZN (OAI31D0BWP30P140)
   0.0208    6.5750 v reducedSum_reduced_nextLevel_adder_30/_610_/ZN (MUX2ND0BWP30P140)
   0.0373    6.6123 ^ reducedSum_reduced_nextLevel_adder_30/_612_/ZN (OAI31D0BWP30P140)
   0.0311    6.6434 v reducedSum_reduced_nextLevel_adder_30/_615_/ZN (AOI32D0BWP30P140)
   0.0330    6.6764 ^ reducedSum_reduced_nextLevel_adder_30/_654_/ZN (MUX3ND0BWP30P140)
   0.0297    6.7061 v reducedSum_reduced_nextLevel_adder_30/_725_/ZN (AOI221D0BWP30P140)
   0.0215    6.7276 ^ reducedSum_reduced_nextLevel_adder_30/_731_/ZN (ND3D0BWP30P140)
   0.0202    6.7478 v reducedSum_reduced_nextLevel_adder_30/_740_/ZN (OAI31D0BWP30P140)
   0.0309    6.7788 ^ reducedSum_reduced_nextLevel_adder_30/_741_/ZN (MAOI222D0BWP30P140)
   0.0264    6.8052 v reducedSum_reduced_nextLevel_adder_30/_743_/ZN (MAOI222D0BWP30P140)
   0.0364    6.8416 ^ reducedSum_reduced_nextLevel_adder_30/_747_/ZN (MAOI222D0BWP30P140)
   0.0253    6.8669 v reducedSum_reduced_nextLevel_adder_30/_751_/ZN (MAOI222D0BWP30P140)
   0.0268    6.8937 ^ reducedSum_reduced_nextLevel_adder_30/_756_/ZN (AOI21D0BWP30P140)
   0.0252    6.9188 v reducedSum_reduced_nextLevel_adder_30/_760_/ZN (MAOI222D0BWP30P140)
   0.0352    6.9540 ^ reducedSum_reduced_nextLevel_adder_30/_764_/ZN (MAOI222D0BWP30P140)
   0.0262    6.9803 ^ reducedSum_reduced_nextLevel_adder_30/_765_/ZN (IAO21D0BWP30P140)
   0.0233    7.0035 v reducedSum_reduced_nextLevel_adder_30/_767_/ZN (MAOI222D0BWP30P140)
   0.0268    7.0303 ^ reducedSum_reduced_nextLevel_adder_30/_768_/ZN (AOI21D0BWP30P140)
   0.0292    7.0596 v reducedSum_reduced_nextLevel_adder_30/_769_/ZN (MAOI222D0BWP30P140)
   0.0958    7.1553 ^ reducedSum_reduced_nextLevel_adder_30/_789_/ZN (AOI21D0BWP30P140)
   0.0317    7.1870 ^ reducedSum_reduced_nextLevel_adder_30/_813_/ZN (MUX2ND0BWP30P140)
   0.0530    7.2401 v reducedSum_reduced_nextLevel_adder_30/_818_/ZN (ND4D0BWP30P140)
   0.0423    7.2824 ^ reducedSum_reduced_nextLevel_adder_30/_831_/ZN (NR4D0BWP30P140)
   0.0474    7.3297 v reducedSum_reduced_nextLevel_adder_30/_844_/ZN (ND4D0BWP30P140)
   0.0313    7.3610 ^ reducedSum_reduced_nextLevel_adder_30/_849_/ZN (NR2D0BWP30P140)
   0.0204    7.3814 v reducedSum_reduced_nextLevel_adder_30/_854_/ZN (XNR2UD0BWP30P140)
   0.0232    7.4046 ^ reducedSum_conv/_119_/ZN (NR2D0BWP30P140)
   0.0779    7.4825 v reducedSum_conv/_141_/ZN (OAI31D0BWP30P140)
   0.0533    7.5358 ^ reducedSum_conv/_154_/Z (XOR2UD0BWP30P140)
   0.0140    7.5499 v reducedSum_conv/_155_/ZN (CKND0BWP30P140)
   0.0293    7.5791 ^ reducedSum_conv/_160_/ZN (OAI31D0BWP30P140)
   0.0278    7.6069 ^ reducedSum_conv/_162_/Z (AO21D0BWP30P140)
   0.0213    7.6282 v reducedSum_conv/_174_/ZN (AOI31D0BWP30P140)
   0.0288    7.6570 ^ reducedSum_conv/_175_/ZN (MAOI222D0BWP30P140)
   0.0268    7.6838 v reducedSum_conv/_176_/ZN (XNR2UD0BWP30P140)
   0.0154    7.6993 ^ reducedSum_conv/_185_/ZN (IND4D0BWP30P140)
   0.0949    7.7941 v reducedSum_conv/_186_/ZN (OAI211D0BWP30P140)
   0.0715    7.8656 ^ reducedSum_conv/_201_/ZN (AOI21D0BWP30P140)
   0.0270    7.8926 v accAdder/_0897_/ZN (XNR2UD0BWP30P140)
   0.0314    7.9239 ^ accAdder/_0899_/ZN (AOI21D0BWP30P140)
   0.0301    7.9541 v accAdder/_0901_/ZN (MAOI222D0BWP30P140)
   0.0372    7.9913 ^ accAdder/_0902_/ZN (MAOI222D0BWP30P140)
   0.0303    8.0216 v accAdder/_0903_/ZN (MAOI222D0BWP30P140)
   0.0373    8.0589 ^ accAdder/_0966_/ZN (MAOI222D0BWP30P140)
   0.0303    8.0892 v accAdder/_0968_/ZN (MAOI222D0BWP30P140)
   0.0271    8.1162 v accAdder/_0970_/ZN (XNR2UD0BWP30P140)
   0.0212    8.1374 ^ accAdder/_0971_/ZN (NR2D0BWP30P140)
   0.0257    8.1632 ^ accAdder/_0972_/Z (AN2D0BWP30P140)
   0.4170    8.5801 v accAdder/_0975_/ZN (AOI31D0BWP30P140)
   0.4192    8.9994 ^ accAdder/_0991_/ZN (AOI22D0BWP30P140)
   0.0318    9.0312 v accAdder/_1063_/ZN (CKND2D0BWP30P140)
   0.0370    9.0682 ^ accAdder/_1188_/ZN (OAI32D0BWP30P140)
   0.0151    9.0833 v accAdder/_1189_/ZN (AOI21D0BWP30P140)
   0.0396    9.1229 ^ accAdder/_1191_/ZN (OAI221D0BWP30P140)
   0.0211    9.1440 v accAdder/_1196_/ZN (OAI31D0BWP30P140)
   0.0222    9.1662 ^ accAdder/_1198_/ZN (AOI21D0BWP30P140)
   0.0256    9.1918 v accAdder/_1200_/ZN (MAOI222D0BWP30P140)
   0.0396    9.2314 ^ accAdder/_1202_/ZN (MAOI222D0BWP30P140)
   0.0257    9.2571 v accAdder/_1204_/ZN (MAOI222D0BWP30P140)
   0.0277    9.2848 ^ accAdder/_1206_/ZN (AOI21D0BWP30P140)
   0.0253    9.3101 ^ accAdder/_1209_/ZN (IAO21D0BWP30P140)
   0.0247    9.3348 v accAdder/_1211_/ZN (MAOI222D0BWP30P140)
   0.0395    9.3743 ^ accAdder/_1213_/ZN (MAOI222D0BWP30P140)
   0.0265    9.4008 v accAdder/_1221_/ZN (MAOI222D0BWP30P140)
   0.0354    9.4362 v accAdder/_1232_/Z (AO21D0BWP30P140)
   0.0261    9.4622 ^ accAdder/_1242_/ZN (MAOI222D0BWP30P140)
   0.0265    9.4888 v accAdder/_1255_/ZN (MAOI222D0BWP30P140)
   0.0315    9.5203 v accAdder/_1259_/Z (AO21D0BWP30P140)
   0.0182    9.5384 ^ accAdder/_1276_/ZN (AOI21D0BWP30P140)
   0.0258    9.5643 v accAdder/_1280_/ZN (MAOI222D0BWP30P140)
   0.0391    9.6034 ^ accAdder/_1296_/ZN (MAOI222D0BWP30P140)
   0.0262    9.6296 v accAdder/_1300_/ZN (MAOI222D0BWP30P140)
   0.0304    9.6600 ^ accAdder/_1318_/ZN (AOI21D0BWP30P140)
   0.0249    9.6849 v accAdder/_1322_/ZN (MAOI222D0BWP30P140)
   0.0364    9.7213 v accAdder/_1345_/Z (AO21D0BWP30P140)
   0.0156    9.7369 ^ accAdder/_1353_/ZN (MUX2ND0BWP30P140)
   0.0348    9.7717 ^ accAdder/_1354_/ZN (XNR2UD0BWP30P140)
   0.0288    9.8005 ^ accAdder/_1453_/ZN (MAOI22D0BWP30P140)
   0.1281    9.9286 v accAdder/_1456_/ZN (OAI211D0BWP30P140)
   0.0886   10.0172 ^ accAdder/_1531_/Z (MUX4D0BWP30P140)
   0.0194   10.0366 v accAdder/_1534_/ZN (MUX3ND0BWP30P140)
   0.0405   10.0771 ^ accAdder/_1568_/ZN (NR2D0BWP30P140)
   0.0507   10.1278 ^ accAdder/_1577_/ZN (INR4D0BWP30P140)
   0.0510   10.1789 ^ accAdder/_1582_/Z (AN4D0BWP30P140)
   0.0395   10.2183 ^ accAdder/_1590_/Z (AN4D0BWP30P140)
   0.0406   10.2589 ^ accAdder/_1601_/Z (AN4D0BWP30P140)
   0.0349   10.2938 ^ accAdder/_1603_/Z (AN3D0BWP30P140)
   0.0271   10.3209 v accAdder/_1605_/ZN (IND3D0BWP30P140)
   0.0379   10.3589 v accAdder/_1606_/Z (OR3D0BWP30P140)
   0.0368   10.3957 ^ accAdder/_1608_/ZN (INR3D0BWP30P140)
   0.0364   10.4321 v accAdder/_1611_/ZN (MAOI222D0BWP30P140)
   0.0357   10.4678 ^ accAdder/_1616_/ZN (NR4D0BWP30P140)
   0.0219   10.4897 v accAdder/_1619_/ZN (OAI31D0BWP30P140)
   0.0327   10.5223 v accAdder/_1621_/Z (AO21D0BWP30P140)
   0.0312   10.5536 ^ accAdder/_1623_/ZN (AOI21D0BWP30P140)
   0.0237   10.5772 v accAdder/_1626_/ZN (OAI21D0BWP30P140)
   0.0215   10.5987 v accAdder/_1658_/Z (AN3D0BWP30P140)
   0.0613   10.6600 v accAdder/_1659_/Z (OR3D0BWP30P140)
   0.0420   10.7020 ^ accAdder/_1703_/ZN (AOI211D0BWP30P140)
   0.0261   10.7280 ^ _060_/Z (AO22D0BWP30P140)
   0.0000   10.7280 ^ _070_/D (DFCNQD1BWP30P140)
            10.7280   data arrival time

  20.0000   20.0000   clock CORE_CLK (rise edge)
   0.0000   20.0000   clock network delay (ideal)
  -0.0500   19.9500   clock uncertainty
   0.0000   19.9500   clock reconvergence pessimism
            19.9500 ^ _070_/CP (DFCNQD1BWP30P140)
  -0.0174   19.9326   library setup time
            19.9326   data required time
-------------------------------------------------------------
            19.9326   data required time
           -10.7280   data arrival time
-------------------------------------------------------------
             9.2046   slack (MET)


