Startpoint: reset (input port clocked by CORE_CLK)
Endpoint: _068_ (recovery check against rising-edge clock CORE_CLK)
Path Group: asynchronous
Path Type: max

    Delay      Time   Description
-------------------------------------------------------------
   0.0000    0.0000   clock CORE_CLK (rise edge)
   0.0000    0.0000   clock network delay (ideal)
   0.0000    0.0000 ^ input external delay
   0.0000    0.0000 ^ reset (in)
   0.0000    0.0000 ^ _068_/CDN (DFCNQD1BWP30P140)
             0.0000   data arrival time

  20.0000   20.0000   clock CORE_CLK (rise edge)
   0.0000   20.0000   clock network delay (ideal)
  -0.0500   19.9500   clock uncertainty
   0.0000   19.9500   clock reconvergence pessimism
            19.9500 ^ _068_/CP (DFCNQD1BWP30P140)
   0.0258   19.9758   library recovery time
            19.9758   data required time
-------------------------------------------------------------
            19.9758   data required time
            -0.0000   data arrival time
-------------------------------------------------------------
            19.9758   slack (MET)


Startpoint: io_op_a_i[5] (input port clocked by CORE_CLK)
Endpoint: _070_ (rising edge-triggered flip-flop clocked by CORE_CLK)
Path Group: CORE_CLK
Path Type: max

    Delay      Time   Description
-------------------------------------------------------------
   0.0000    0.0000   clock CORE_CLK (rise edge)
   0.0000    0.0000   clock network delay (ideal)
   0.0000    0.0000 v input external delay
   0.0000    0.0000 v io_op_a_i[5] (in)
   0.0267    0.0267 v reducedSum_op/_059_/Z (OR3D0BWP30P140)
   0.0316    0.0583 ^ reducedSum_op/_060_/ZN (INR2D0BWP30P140)
   0.0247    0.0831 v reducedSum_op/_102_/ZN (NR4D0BWP30P140)
   0.0360    0.1191 ^ reducedSum_op/_104_/ZN (MAOI222D0BWP30P140)
   0.0272    0.1463 v reducedSum_op/_106_/ZN (MAOI222D0BWP30P140)
   0.0216    0.1679 ^ reducedSum_op/_107_/ZN (CKND2D0BWP30P140)
   0.0122    0.1801 v reducedSum_op/_108_/ZN (CKND2D0BWP30P140)
   0.0432    0.2232 v reducedSum_op/_116_/ZN (XNR3UD0BWP30P140)
   0.0161    0.2393 ^ reducedSum_sa/_087_/ZN (CKND0BWP30P140)
   0.0485    0.2878 v reducedSum_sa/_119_/ZN (XNR3UD0BWP30P140)
   0.0296    0.3174 v reducedSum_sa/_141_/ZN (XNR2UD0BWP30P140)
   0.0289    0.3463 ^ reducedSum_sa/_142_/ZN (AOI21D0BWP30P140)
   0.0216    0.3679 v reducedSum_sa/_144_/ZN (OAI21D0BWP30P140)
   0.0255    0.3933 ^ reducedSum_sa/_146_/ZN (AOI21D0BWP30P140)
   0.0216    0.4149 v reducedSum_sa/_159_/ZN (OAI21D0BWP30P140)
   0.0218    0.4367 ^ reducedSum_sa/_172_/ZN (AOI21D0BWP30P140)
   0.0322    0.4689 v reducedSum_sa/_176_/ZN (OAI22D0BWP30P140)
   0.0244    0.4933 v reducedSum_reduced_nextLevel_adder/_387_/ZN (INR2D0BWP30P140)
   0.0393    0.5326 ^ reducedSum_reduced_nextLevel_adder/_412_/ZN (AOI211D0BWP30P140)
   0.0295    0.5620 ^ reducedSum_reduced_nextLevel_adder/_414_/Z (OA21D0BWP30P140)
   0.0134    0.5754 v reducedSum_reduced_nextLevel_adder/_418_/ZN (NR2D0BWP30P140)
   0.2666    0.8420 ^ reducedSum_reduced_nextLevel_adder/_488_/ZN (OAI31D0BWP30P140)
   0.0263    0.8682 v reducedSum_reduced_nextLevel_adder/_489_/ZN (MUX2ND0BWP30P140)
   0.0558    0.9240 ^ reducedSum_reduced_nextLevel_adder/_491_/ZN (AOI211D0BWP30P140)
   0.0177    0.9418 v reducedSum_reduced_nextLevel_adder/_541_/ZN (AOI211D0BWP30P140)
   0.0249    0.9667 v reducedSum_reduced_nextLevel_adder/_543_/Z (OR2D0BWP30P140)
   0.0325    0.9992 ^ reducedSum_reduced_nextLevel_adder/_578_/ZN (OAI32D0BWP30P140)
   0.0224    1.0216 v reducedSum_reduced_nextLevel_adder/_590_/ZN (XNR2UD0BWP30P140)
   0.0296    1.0511 ^ reducedSum_reduced_nextLevel_adder/_591_/ZN (AOI21D0BWP30P140)
   0.0182    1.0693 v reducedSum_reduced_nextLevel_adder/_595_/ZN (OAI21D0BWP30P140)
   0.0202    1.0895 ^ reducedSum_reduced_nextLevel_adder/_600_/ZN (AOI21D0BWP30P140)
   0.0174    1.1070 v reducedSum_reduced_nextLevel_adder/_604_/ZN (OAI21D0BWP30P140)
   0.0256    1.1326 ^ reducedSum_reduced_nextLevel_adder/_609_/ZN (AOI21D0BWP30P140)
   0.0251    1.1578 v reducedSum_reduced_nextLevel_adder/_613_/ZN (OAI211D0BWP30P140)
   0.0717    1.2294 ^ reducedSum_reduced_nextLevel_adder/_626_/ZN (AOI31D0BWP30P140)
   0.0334    1.2628 ^ reducedSum_reduced_nextLevel_adder/_630_/ZN (MUX2ND0BWP30P140)
   0.0466    1.3094 ^ reducedSum_reduced_nextLevel_adder/_642_/Z (AN4D0BWP30P140)
   0.0338    1.3432 v reducedSum_reduced_nextLevel_adder/_652_/ZN (ND3D0BWP30P140)
   0.0414    1.3846 ^ reducedSum_reduced_nextLevel_adder/_664_/ZN (INR3D0BWP30P140)
   0.0395    1.4241 v reducedSum_reduced_nextLevel_adder/_676_/ZN (ND4D0BWP30P140)
   0.0541    1.4781 v reducedSum_reduced_nextLevel_adder/_727_/Z (OR4D0BWP30P140)
   0.0300    1.5081 v reducedSum_reduced_nextLevel_adder/_729_/Z (OR3D0BWP30P140)
   0.0190    1.5271 v reducedSum_reduced_nextLevel_adder/_746_/Z (AN2D0BWP30P140)
   0.0163    1.5434 v reducedSum_reduced_nextLevel_adder_16/_400_/ZN (INR2D0BWP30P140)
   0.0079    1.5513 ^ reducedSum_reduced_nextLevel_adder_16/_401_/ZN (CKND0BWP30P140)
   0.0364    1.5877 ^ reducedSum_reduced_nextLevel_adder_16/_404_/Z (OA211D0BWP30P140)
   0.0215    1.6093 v reducedSum_reduced_nextLevel_adder_16/_406_/ZN (OAI31D0BWP30P140)
   0.0244    1.6336 ^ reducedSum_reduced_nextLevel_adder_16/_408_/ZN (OAI211D0BWP30P140)
   0.0312    1.6649 v reducedSum_reduced_nextLevel_adder_16/_410_/ZN (AOI31D0BWP30P140)
   0.0416    1.7065 ^ reducedSum_reduced_nextLevel_adder_16/_412_/ZN (AOI211D0BWP30P140)
   0.0295    1.7359 ^ reducedSum_reduced_nextLevel_adder_16/_414_/Z (OA21D0BWP30P140)
   0.0134    1.7493 v reducedSum_reduced_nextLevel_adder_16/_418_/ZN (NR2D0BWP30P140)
   0.2666    2.0159 ^ reducedSum_reduced_nextLevel_adder_16/_488_/ZN (OAI31D0BWP30P140)
   0.0247    2.0406 ^ reducedSum_reduced_nextLevel_adder_16/_508_/ZN (MUX2ND0BWP30P140)
   0.0189    2.0595 v reducedSum_reduced_nextLevel_adder_16/_509_/ZN (CKND0BWP30P140)
   0.0237    2.0831 ^ reducedSum_reduced_nextLevel_adder_16/_529_/ZN (MUX2ND0BWP30P140)
   0.0406    2.1237 v reducedSum_reduced_nextLevel_adder_16/_584_/ZN (OAI222D0BWP30P140)
   0.0351    2.1588 v reducedSum_reduced_nextLevel_adder_16/_587_/ZN (IAO21D0BWP30P140)
   0.0345    2.1933 ^ reducedSum_reduced_nextLevel_adder_16/_618_/ZN (MAOI222D0BWP30P140)
   0.0332    2.2264 v reducedSum_reduced_nextLevel_adder_16/_619_/ZN (OAI221D0BWP30P140)
   0.0326    2.2590 v reducedSum_reduced_nextLevel_adder_16/_620_/Z (AO21D0BWP30P140)
   0.0250    2.2840 v reducedSum_reduced_nextLevel_adder_16/_621_/ZN (MOAI22D0BWP30P140)
   0.0273    2.3113 ^ reducedSum_reduced_nextLevel_adder_16/_623_/ZN (AOI31D0BWP30P140)
   0.0285    2.3398 ^ reducedSum_reduced_nextLevel_adder_16/_624_/Z (AO211D0BWP30P140)
   0.0184    2.3582 v reducedSum_reduced_nextLevel_adder_16/_625_/ZN (OAI32D0BWP30P140)
   0.0758    2.4341 ^ reducedSum_reduced_nextLevel_adder_16/_626_/ZN (AOI31D0BWP30P140)
   0.0334    2.4675 ^ reducedSum_reduced_nextLevel_adder_16/_630_/ZN (MUX2ND0BWP30P140)
   0.0466    2.5141 ^ reducedSum_reduced_nextLevel_adder_16/_642_/Z (AN4D0BWP30P140)
   0.0338    2.5478 v reducedSum_reduced_nextLevel_adder_16/_652_/ZN (ND3D0BWP30P140)
   0.0414    2.5893 ^ reducedSum_reduced_nextLevel_adder_16/_664_/ZN (INR3D0BWP30P140)
   0.0395    2.6287 v reducedSum_reduced_nextLevel_adder_16/_676_/ZN (ND4D0BWP30P140)
   0.0541    2.6828 v reducedSum_reduced_nextLevel_adder_16/_727_/Z (OR4D0BWP30P140)
   0.0300    2.7128 v reducedSum_reduced_nextLevel_adder_16/_729_/Z (OR3D0BWP30P140)
   0.0190    2.7317 v reducedSum_reduced_nextLevel_adder_16/_746_/Z (AN2D0BWP30P140)
   0.0163    2.7480 v reducedSum_reduced_nextLevel_adder_24/_400_/ZN (INR2D0BWP30P140)
   0.0079    2.7559 ^ reducedSum_reduced_nextLevel_adder_24/_401_/ZN (CKND0BWP30P140)
   0.0364    2.7924 ^ reducedSum_reduced_nextLevel_adder_24/_404_/Z (OA211D0BWP30P140)
   0.0215    2.8139 v reducedSum_reduced_nextLevel_adder_24/_406_/ZN (OAI31D0BWP30P140)
   0.0244    2.8383 ^ reducedSum_reduced_nextLevel_adder_24/_408_/ZN (OAI211D0BWP30P140)
   0.0312    2.8695 v reducedSum_reduced_nextLevel_adder_24/_410_/ZN (AOI31D0BWP30P140)
   0.0416    2.9111 ^ reducedSum_reduced_nextLevel_adder_24/_412_/ZN (AOI211D0BWP30P140)
   0.0295    2.9406 ^ reducedSum_reduced_nextLevel_adder_24/_414_/Z (OA21D0BWP30P140)
   0.0134    2.9539 v reducedSum_reduced_nextLevel_adder_24/_418_/ZN (NR2D0BWP30P140)
   0.2666    3.2205 ^ reducedSum_reduced_nextLevel_adder_24/_488_/ZN (OAI31D0BWP30P140)
   0.0247    3.2452 ^ reducedSum_reduced_nextLevel_adder_24/_508_/ZN (MUX2ND0BWP30P140)
   0.0189    3.2641 v reducedSum_reduced_nextLevel_adder_24/_509_/ZN (CKND0BWP30P140)
   0.0237    3.2878 ^ reducedSum_reduced_nextLevel_adder_24/_529_/ZN (MUX2ND0BWP30P140)
   0.0406    3.3284 v reducedSum_reduced_nextLevel_adder_24/_584_/ZN (OAI222D0BWP30P140)
   0.0351    3.3634 v reducedSum_reduced_nextLevel_adder_24/_587_/ZN (IAO21D0BWP30P140)
   0.0345    3.3979 ^ reducedSum_reduced_nextLevel_adder_24/_618_/ZN (MAOI222D0BWP30P140)
   0.0332    3.4311 v reducedSum_reduced_nextLevel_adder_24/_619_/ZN (OAI221D0BWP30P140)
   0.0326    3.4636 v reducedSum_reduced_nextLevel_adder_24/_620_/Z (AO21D0BWP30P140)
   0.0250    3.4886 v reducedSum_reduced_nextLevel_adder_24/_621_/ZN (MOAI22D0BWP30P140)
   0.0273    3.5160 ^ reducedSum_reduced_nextLevel_adder_24/_623_/ZN (AOI31D0BWP30P140)
   0.0285    3.5444 ^ reducedSum_reduced_nextLevel_adder_24/_624_/Z (AO211D0BWP30P140)
   0.0184    3.5629 v reducedSum_reduced_nextLevel_adder_24/_625_/ZN (OAI32D0BWP30P140)
   0.0758    3.6387 ^ reducedSum_reduced_nextLevel_adder_24/_626_/ZN (AOI31D0BWP30P140)
   0.0334    3.6721 ^ reducedSum_reduced_nextLevel_adder_24/_630_/ZN (MUX2ND0BWP30P140)
   0.0466    3.7187 ^ reducedSum_reduced_nextLevel_adder_24/_642_/Z (AN4D0BWP30P140)
   0.0338    3.7525 v reducedSum_reduced_nextLevel_adder_24/_652_/ZN (ND3D0BWP30P140)
   0.0414    3.7939 ^ reducedSum_reduced_nextLevel_adder_24/_664_/ZN (INR3D0BWP30P140)
   0.0395    3.8333 v reducedSum_reduced_nextLevel_adder_24/_676_/ZN (ND4D0BWP30P140)
   0.0541    3.8874 v reducedSum_reduced_nextLevel_adder_24/_727_/Z (OR4D0BWP30P140)
   0.0300    3.9174 v reducedSum_reduced_nextLevel_adder_24/_729_/Z (OR3D0BWP30P140)
   0.0190    3.9364 v reducedSum_reduced_nextLevel_adder_24/_746_/Z (AN2D0BWP30P140)
   0.0163    3.9526 v reducedSum_reduced_nextLevel_adder_28/_400_/ZN (INR2D0BWP30P140)
   0.0079    3.9605 ^ reducedSum_reduced_nextLevel_adder_28/_401_/ZN (CKND0BWP30P140)
   0.0364    3.9970 ^ reducedSum_reduced_nextLevel_adder_28/_404_/Z (OA211D0BWP30P140)
   0.0215    4.0185 v reducedSum_reduced_nextLevel_adder_28/_406_/ZN (OAI31D0BWP30P140)
   0.0244    4.0429 ^ reducedSum_reduced_nextLevel_adder_28/_408_/ZN (OAI211D0BWP30P140)
   0.0312    4.0741 v reducedSum_reduced_nextLevel_adder_28/_410_/ZN (AOI31D0BWP30P140)
   0.0416    4.1157 ^ reducedSum_reduced_nextLevel_adder_28/_412_/ZN (AOI211D0BWP30P140)
   0.0295    4.1452 ^ reducedSum_reduced_nextLevel_adder_28/_414_/Z (OA21D0BWP30P140)
   0.0134    4.1585 v reducedSum_reduced_nextLevel_adder_28/_418_/ZN (NR2D0BWP30P140)
   0.2666    4.4251 ^ reducedSum_reduced_nextLevel_adder_28/_488_/ZN (OAI31D0BWP30P140)
   0.0247    4.4498 ^ reducedSum_reduced_nextLevel_adder_28/_508_/ZN (MUX2ND0BWP30P140)
   0.0189    4.4687 v reducedSum_reduced_nextLevel_adder_28/_509_/ZN (CKND0BWP30P140)
   0.0237    4.4924 ^ reducedSum_reduced_nextLevel_adder_28/_529_/ZN (MUX2ND0BWP30P140)
   0.0406    4.5330 v reducedSum_reduced_nextLevel_adder_28/_584_/ZN (OAI222D0BWP30P140)
   0.0351    4.5680 v reducedSum_reduced_nextLevel_adder_28/_587_/ZN (IAO21D0BWP30P140)
   0.0345    4.6025 ^ reducedSum_reduced_nextLevel_adder_28/_618_/ZN (MAOI222D0BWP30P140)
   0.0332    4.6357 v reducedSum_reduced_nextLevel_adder_28/_619_/ZN (OAI221D0BWP30P140)
   0.0326    4.6682 v reducedSum_reduced_nextLevel_adder_28/_620_/Z (AO21D0BWP30P140)
   0.0250    4.6933 v reducedSum_reduced_nextLevel_adder_28/_621_/ZN (MOAI22D0BWP30P140)
   0.0273    4.7206 ^ reducedSum_reduced_nextLevel_adder_28/_623_/ZN (AOI31D0BWP30P140)
   0.0285    4.7491 ^ reducedSum_reduced_nextLevel_adder_28/_624_/Z (AO211D0BWP30P140)
   0.0184    4.7675 v reducedSum_reduced_nextLevel_adder_28/_625_/ZN (OAI32D0BWP30P140)
   0.0758    4.8433 ^ reducedSum_reduced_nextLevel_adder_28/_626_/ZN (AOI31D0BWP30P140)
   0.0334    4.8767 ^ reducedSum_reduced_nextLevel_adder_28/_630_/ZN (MUX2ND0BWP30P140)
   0.0466    4.9233 ^ reducedSum_reduced_nextLevel_adder_28/_642_/Z (AN4D0BWP30P140)
   0.0338    4.9571 v reducedSum_reduced_nextLevel_adder_28/_652_/ZN (ND3D0BWP30P140)
   0.0414    4.9985 ^ reducedSum_reduced_nextLevel_adder_28/_664_/ZN (INR3D0BWP30P140)
   0.0395    5.0380 v reducedSum_reduced_nextLevel_adder_28/_676_/ZN (ND4D0BWP30P140)
   0.0541    5.0920 v reducedSum_reduced_nextLevel_adder_28/_727_/Z (OR4D0BWP30P140)
   0.0300    5.1220 v reducedSum_reduced_nextLevel_adder_28/_729_/Z (OR3D0BWP30P140)
   0.0190    5.1410 v reducedSum_reduced_nextLevel_adder_28/_746_/Z (AN2D0BWP30P140)
   0.0163    5.1573 v reducedSum_reduced_nextLevel_adder_30/_400_/ZN (INR2D0BWP30P140)
   0.0079    5.1652 ^ reducedSum_reduced_nextLevel_adder_30/_401_/ZN (CKND0BWP30P140)
   0.0364    5.2016 ^ reducedSum_reduced_nextLevel_adder_30/_404_/Z (OA211D0BWP30P140)
   0.0215    5.2231 v reducedSum_reduced_nextLevel_adder_30/_406_/ZN (OAI31D0BWP30P140)
   0.0244    5.2475 ^ reducedSum_reduced_nextLevel_adder_30/_408_/ZN (OAI211D0BWP30P140)
   0.0312    5.2787 v reducedSum_reduced_nextLevel_adder_30/_410_/ZN (AOI31D0BWP30P140)
   0.0416    5.3204 ^ reducedSum_reduced_nextLevel_adder_30/_412_/ZN (AOI211D0BWP30P140)
   0.0295    5.3498 ^ reducedSum_reduced_nextLevel_adder_30/_414_/Z (OA21D0BWP30P140)
   0.0134    5.3632 v reducedSum_reduced_nextLevel_adder_30/_418_/ZN (NR2D0BWP30P140)
   0.2666    5.6297 ^ reducedSum_reduced_nextLevel_adder_30/_488_/ZN (OAI31D0BWP30P140)
   0.0247    5.6544 ^ reducedSum_reduced_nextLevel_adder_30/_508_/ZN (MUX2ND0BWP30P140)
   0.0189    5.6734 v reducedSum_reduced_nextLevel_adder_30/_509_/ZN (CKND0BWP30P140)
   0.0237    5.6970 ^ reducedSum_reduced_nextLevel_adder_30/_529_/ZN (MUX2ND0BWP30P140)
   0.0406    5.7376 v reducedSum_reduced_nextLevel_adder_30/_584_/ZN (OAI222D0BWP30P140)
   0.0351    5.7727 v reducedSum_reduced_nextLevel_adder_30/_587_/ZN (IAO21D0BWP30P140)
   0.0345    5.8071 ^ reducedSum_reduced_nextLevel_adder_30/_618_/ZN (MAOI222D0BWP30P140)
   0.0332    5.8403 v reducedSum_reduced_nextLevel_adder_30/_619_/ZN (OAI221D0BWP30P140)
   0.0326    5.8729 v reducedSum_reduced_nextLevel_adder_30/_620_/Z (AO21D0BWP30P140)
   0.0250    5.8979 v reducedSum_reduced_nextLevel_adder_30/_621_/ZN (MOAI22D0BWP30P140)
   0.0273    5.9252 ^ reducedSum_reduced_nextLevel_adder_30/_623_/ZN (AOI31D0BWP30P140)
   0.0285    5.9537 ^ reducedSum_reduced_nextLevel_adder_30/_624_/Z (AO211D0BWP30P140)
   0.0184    5.9721 v reducedSum_reduced_nextLevel_adder_30/_625_/ZN (OAI32D0BWP30P140)
   0.0758    6.0479 ^ reducedSum_reduced_nextLevel_adder_30/_626_/ZN (AOI31D0BWP30P140)
   0.0334    6.0813 ^ reducedSum_reduced_nextLevel_adder_30/_630_/ZN (MUX2ND0BWP30P140)
   0.0466    6.1279 ^ reducedSum_reduced_nextLevel_adder_30/_642_/Z (AN4D0BWP30P140)
   0.0338    6.1617 v reducedSum_reduced_nextLevel_adder_30/_652_/ZN (ND3D0BWP30P140)
   0.0414    6.2031 ^ reducedSum_reduced_nextLevel_adder_30/_664_/ZN (INR3D0BWP30P140)
   0.0314    6.2346 v reducedSum_reduced_nextLevel_adder_30/_670_/ZN (OAI211D0BWP30P140)
   0.0326    6.2672 v reducedSum_reduced_nextLevel_adder_30/_677_/Z (XOR2UD0BWP30P140)
   0.0329    6.3001 ^ reducedSum_conv/_100_/ZN (NR4D0BWP30P140)
   0.0298    6.3298 ^ reducedSum_conv/_101_/ZN (INR2D0BWP30P140)
   0.0300    6.3598 ^ reducedSum_conv/_111_/ZN (XNR2UD0BWP30P140)
   0.0164    6.3762 v reducedSum_conv/_123_/ZN (NR3D0BWP30P140)
   0.0306    6.4068 ^ reducedSum_conv/_126_/ZN (OAI31D0BWP30P140)
   0.0367    6.4435 v reducedSum_conv/_128_/ZN (MAOI222D0BWP30P140)
   0.0258    6.4693 ^ reducedSum_conv/_139_/ZN (NR4D0BWP30P140)
   0.0354    6.5047 ^ reducedSum_conv/_140_/Z (OA211D0BWP30P140)
   0.0275    6.5321 ^ reducedSum_conv/_152_/ZN (XNR2UD0BWP30P140)
   0.0686    6.6007 v reducedSum_conv/_153_/ZN (OAI31D0BWP30P140)
   0.0706    6.6713 ^ reducedSum_conv/_167_/ZN (AOI211D0BWP30P140)
   0.0276    6.6989 v accAdder/_0897_/ZN (XNR2UD0BWP30P140)
   0.0320    6.7309 ^ accAdder/_0899_/ZN (AOI21D0BWP30P140)
   0.0302    6.7611 v accAdder/_0901_/ZN (MAOI222D0BWP30P140)
   0.0382    6.7993 ^ accAdder/_0902_/ZN (MAOI222D0BWP30P140)
   0.0303    6.8296 v accAdder/_0903_/ZN (MAOI222D0BWP30P140)
   0.0383    6.8679 ^ accAdder/_0966_/ZN (MAOI222D0BWP30P140)
   0.0303    6.8982 v accAdder/_0968_/ZN (MAOI222D0BWP30P140)
   0.0279    6.9261 v accAdder/_0970_/ZN (XNR2UD0BWP30P140)
   0.0212    6.9473 ^ accAdder/_0971_/ZN (NR2D0BWP30P140)
   0.0257    6.9730 ^ accAdder/_0972_/Z (AN2D0BWP30P140)
   0.4170    7.3900 v accAdder/_0975_/ZN (AOI31D0BWP30P140)
   0.4192    7.8092 ^ accAdder/_0991_/ZN (AOI22D0BWP30P140)
   0.0318    7.8411 v accAdder/_1063_/ZN (CKND2D0BWP30P140)
   0.0370    7.8781 ^ accAdder/_1188_/ZN (OAI32D0BWP30P140)
   0.0151    7.8931 v accAdder/_1189_/ZN (AOI21D0BWP30P140)
   0.0396    7.9328 ^ accAdder/_1191_/ZN (OAI221D0BWP30P140)
   0.0211    7.9538 v accAdder/_1196_/ZN (OAI31D0BWP30P140)
   0.0222    7.9761 ^ accAdder/_1198_/ZN (AOI21D0BWP30P140)
   0.0256    8.0017 v accAdder/_1200_/ZN (MAOI222D0BWP30P140)
   0.0396    8.0413 ^ accAdder/_1202_/ZN (MAOI222D0BWP30P140)
   0.0257    8.0670 v accAdder/_1204_/ZN (MAOI222D0BWP30P140)
   0.0277    8.0947 ^ accAdder/_1206_/ZN (AOI21D0BWP30P140)
   0.0253    8.1200 ^ accAdder/_1209_/ZN (IAO21D0BWP30P140)
   0.0247    8.1447 v accAdder/_1211_/ZN (MAOI222D0BWP30P140)
   0.0395    8.1842 ^ accAdder/_1213_/ZN (MAOI222D0BWP30P140)
   0.0265    8.2107 v accAdder/_1221_/ZN (MAOI222D0BWP30P140)
   0.0354    8.2461 v accAdder/_1232_/Z (AO21D0BWP30P140)
   0.0261    8.2721 ^ accAdder/_1242_/ZN (MAOI222D0BWP30P140)
   0.0265    8.2987 v accAdder/_1255_/ZN (MAOI222D0BWP30P140)
   0.0315    8.3301 v accAdder/_1259_/Z (AO21D0BWP30P140)
   0.0182    8.3483 ^ accAdder/_1276_/ZN (AOI21D0BWP30P140)
   0.0258    8.3742 v accAdder/_1280_/ZN (MAOI222D0BWP30P140)
   0.0391    8.4133 ^ accAdder/_1296_/ZN (MAOI222D0BWP30P140)
   0.0262    8.4394 v accAdder/_1300_/ZN (MAOI222D0BWP30P140)
   0.0304    8.4698 ^ accAdder/_1318_/ZN (AOI21D0BWP30P140)
   0.0249    8.4948 v accAdder/_1322_/ZN (MAOI222D0BWP30P140)
   0.0364    8.5312 v accAdder/_1345_/Z (AO21D0BWP30P140)
   0.0156    8.5468 ^ accAdder/_1353_/ZN (MUX2ND0BWP30P140)
   0.0348    8.5816 ^ accAdder/_1354_/ZN (XNR2UD0BWP30P140)
   0.0288    8.6104 ^ accAdder/_1453_/ZN (MAOI22D0BWP30P140)
   0.1281    8.7385 v accAdder/_1456_/ZN (OAI211D0BWP30P140)
   0.0886    8.8271 ^ accAdder/_1531_/Z (MUX4D0BWP30P140)
   0.0194    8.8465 v accAdder/_1534_/ZN (MUX3ND0BWP30P140)
   0.0405    8.8870 ^ accAdder/_1568_/ZN (NR2D0BWP30P140)
   0.0507    8.9377 ^ accAdder/_1577_/ZN (INR4D0BWP30P140)
   0.0510    8.9888 ^ accAdder/_1582_/Z (AN4D0BWP30P140)
   0.0395    9.0282 ^ accAdder/_1590_/Z (AN4D0BWP30P140)
   0.0406    9.0688 ^ accAdder/_1601_/Z (AN4D0BWP30P140)
   0.0349    9.1037 ^ accAdder/_1603_/Z (AN3D0BWP30P140)
   0.0271    9.1308 v accAdder/_1605_/ZN (IND3D0BWP30P140)
   0.0379    9.1687 v accAdder/_1606_/Z (OR3D0BWP30P140)
   0.0368    9.2056 ^ accAdder/_1608_/ZN (INR3D0BWP30P140)
   0.0364    9.2420 v accAdder/_1611_/ZN (MAOI222D0BWP30P140)
   0.0357    9.2777 ^ accAdder/_1616_/ZN (NR4D0BWP30P140)
   0.0219    9.2996 v accAdder/_1619_/ZN (OAI31D0BWP30P140)
   0.0327    9.3322 v accAdder/_1621_/Z (AO21D0BWP30P140)
   0.0312    9.3635 ^ accAdder/_1623_/ZN (AOI21D0BWP30P140)
   0.0237    9.3871 v accAdder/_1626_/ZN (OAI21D0BWP30P140)
   0.0215    9.4086 v accAdder/_1658_/Z (AN3D0BWP30P140)
   0.0613    9.4699 v accAdder/_1659_/Z (OR3D0BWP30P140)
   0.0420    9.5119 ^ accAdder/_1703_/ZN (AOI211D0BWP30P140)
   0.0261    9.5379 ^ _060_/Z (AO22D0BWP30P140)
   0.0000    9.5379 ^ _070_/D (DFCNQD1BWP30P140)
             9.5379   data arrival time

  20.0000   20.0000   clock CORE_CLK (rise edge)
   0.0000   20.0000   clock network delay (ideal)
  -0.0500   19.9500   clock uncertainty
   0.0000   19.9500   clock reconvergence pessimism
            19.9500 ^ _070_/CP (DFCNQD1BWP30P140)
  -0.0174   19.9326   library setup time
            19.9326   data required time
-------------------------------------------------------------
            19.9326   data required time
            -9.5379   data arrival time
-------------------------------------------------------------
            10.3947   slack (MET)


