Startpoint: reset (input port clocked by CORE_CLK)
Endpoint: _068_ (recovery check against rising-edge clock CORE_CLK)
Path Group: asynchronous
Path Type: max

    Delay      Time   Description
-------------------------------------------------------------
   0.0000    0.0000   clock CORE_CLK (rise edge)
   0.0000    0.0000   clock network delay (ideal)
   0.0000    0.0000 ^ input external delay
   0.0000    0.0000 ^ reset (in)
   0.0000    0.0000 ^ _068_/CDN (DFCNQD1BWP30P140)
             0.0000   data arrival time

  20.0000   20.0000   clock CORE_CLK (rise edge)
   0.0000   20.0000   clock network delay (ideal)
  -0.0500   19.9500   clock uncertainty
   0.0000   19.9500   clock reconvergence pessimism
            19.9500 ^ _068_/CP (DFCNQD1BWP30P140)
   0.0258   19.9758   library recovery time
            19.9758   data required time
-------------------------------------------------------------
            19.9758   data required time
            -0.0000   data arrival time
-------------------------------------------------------------
            19.9758   slack (MET)


Startpoint: io_op_b_i[11] (input port clocked by CORE_CLK)
Endpoint: _070_ (rising edge-triggered flip-flop clocked by CORE_CLK)
Path Group: CORE_CLK
Path Type: max

    Delay      Time   Description
-------------------------------------------------------------
   0.0000    0.0000   clock CORE_CLK (rise edge)
   0.0000    0.0000   clock network delay (ideal)
   0.0000    0.0000 v input external delay
   0.0000    0.0000 v io_op_b_i[11] (in)
   0.0399    0.0399 v reducedSum_op_1/_076_/Z (OR4D0BWP30P140)
   0.0201    0.0600 ^ reducedSum_op_1/_093_/ZN (CKND2D0BWP30P140)
   0.0506    0.1106 v reducedSum_op_1/_104_/ZN (XNR3UD0BWP30P140)
   0.0565    0.1671 v reducedSum_op_1/_111_/ZN (XNR3UD0BWP30P140)
   0.0308    0.1979 ^ reducedSum_op_1/_115_/ZN (MAOI222D0BWP30P140)
   0.0311    0.2290 v reducedSum_op_1/_116_/ZN (MAOI222D0BWP30P140)
   0.0237    0.2526 ^ reducedSum_op_1/_118_/ZN (OAI211D0BWP30P140)
   0.0581    0.3108 v reducedSum_op_1/_119_/ZN (OAI211D0BWP30P140)
   0.0354    0.3462 ^ reducedSum_sa_1/_607_/ZN (CKND2D0BWP30P140)
   0.0499    0.3961 v reducedSum_sa_1/_634_/ZN (XNR3UD0BWP30P140)
   0.0293    0.4254 v reducedSum_sa_1/_640_/Z (XOR2UD0BWP30P140)
   0.0329    0.4583 v reducedSum_sa_1/_665_/ZN (XNR3UD0BWP30P140)
   0.0294    0.4877 v reducedSum_sa_1/_672_/Z (XOR2UD0BWP30P140)
   0.0348    0.5226 v reducedSum_sa_1/_695_/ZN (XNR3UD0BWP30P140)
   0.0653    0.5878 v reducedSum_sa_1/_718_/Z (XOR3UD0BWP30P140)
   0.0310    0.6188 ^ reducedSum_sa_1/_760_/ZN (MAOI222D0BWP30P140)
   0.0263    0.6451 v reducedSum_sa_1/_761_/ZN (MAOI222D0BWP30P140)
   0.0340    0.6790 ^ reducedSum_sa_1/_762_/ZN (MAOI222D0BWP30P140)
   0.0267    0.7057 v reducedSum_sa_1/_763_/ZN (MAOI222D0BWP30P140)
   0.0375    0.7432 ^ reducedSum_sa_1/_764_/ZN (MAOI222D0BWP30P140)
   0.0275    0.7707 v reducedSum_sa_1/_767_/ZN (OAI21D0BWP30P140)
   0.0364    0.8071 ^ reducedSum_sa_1/_820_/ZN (MAOI222D0BWP30P140)
   0.0311    0.8382 v reducedSum_sa_1/_822_/ZN (MAOI222D0BWP30P140)
   0.0340    0.8722 v reducedSum_sa_1/_880_/ZN (XNR2UD0BWP30P140)
   0.0283    0.9006 v reducedSum_reduced_nextLevel_adder/_0624_/ZN (IND2D0BWP30P140)
   0.0214    0.9220 v reducedSum_reduced_nextLevel_adder/_0628_/ZN (INR4D0BWP30P140)
   0.0161    0.9381 v reducedSum_reduced_nextLevel_adder/_0631_/Z (AN2D0BWP30P140)
   0.0221    0.9602 ^ reducedSum_reduced_nextLevel_adder/_0633_/ZN (AOI221D0BWP30P140)
   0.0095    0.9697 v reducedSum_reduced_nextLevel_adder/_0637_/ZN (INR3D0BWP30P140)
   0.5769    1.5466 ^ reducedSum_reduced_nextLevel_adder/_0639_/ZN (OAI31D0BWP30P140)
   0.0378    1.5843 ^ reducedSum_reduced_nextLevel_adder/_0735_/ZN (MUX4ND0BWP30P140)
   0.0215    1.6058 v reducedSum_reduced_nextLevel_adder/_0736_/ZN (MUX2ND0BWP30P140)
   0.0284    1.6342 ^ reducedSum_reduced_nextLevel_adder/_0782_/ZN (AOI221D0BWP30P140)
   0.0469    1.6811 v reducedSum_reduced_nextLevel_adder/_0783_/ZN (OAI221D0BWP30P140)
   0.0333    1.7145 v reducedSum_reduced_nextLevel_adder/_0804_/ZN (XNR2UD0BWP30P140)
   0.0364    1.7509 ^ reducedSum_reduced_nextLevel_adder/_0805_/ZN (NR4D0BWP30P140)
   0.0183    1.7691 v reducedSum_reduced_nextLevel_adder/_0808_/ZN (OAI21D0BWP30P140)
   0.0207    1.7899 ^ reducedSum_reduced_nextLevel_adder/_0812_/ZN (AOI21D0BWP30P140)
   0.0174    1.8073 v reducedSum_reduced_nextLevel_adder/_0817_/ZN (OAI21D0BWP30P140)
   0.0201    1.8274 ^ reducedSum_reduced_nextLevel_adder/_0821_/ZN (AOI21D0BWP30P140)
   0.0215    1.8488 v reducedSum_reduced_nextLevel_adder/_0829_/ZN (OAI22D0BWP30P140)
   0.0269    1.8757 ^ reducedSum_reduced_nextLevel_adder/_0838_/ZN (AOI211D0BWP30P140)
   0.0226    1.8983 v reducedSum_reduced_nextLevel_adder/_0841_/ZN (OAI21D0BWP30P140)
   0.0306    1.9289 ^ reducedSum_reduced_nextLevel_adder/_0851_/ZN (AOI211D0BWP30P140)
   0.0271    1.9560 ^ reducedSum_reduced_nextLevel_adder/_0854_/Z (AO211D0BWP30P140)
   0.0200    1.9760 v reducedSum_reduced_nextLevel_adder/_0859_/ZN (AOI32D0BWP30P140)
   0.0295    2.0054 v reducedSum_reduced_nextLevel_adder/_0860_/ZN (IAO21D0BWP30P140)
   0.0221    2.0275 v reducedSum_reduced_nextLevel_adder/_0864_/ZN (IAO21D0BWP30P140)
   0.0320    2.0595 ^ reducedSum_reduced_nextLevel_adder/_0866_/ZN (MAOI222D0BWP30P140)
   0.0218    2.0814 v reducedSum_reduced_nextLevel_adder/_0869_/ZN (AOI211D0BWP30P140)
   0.1036    2.1850 ^ reducedSum_reduced_nextLevel_adder/_0896_/ZN (NR3D0BWP30P140)
   0.0341    2.2191 ^ reducedSum_reduced_nextLevel_adder/_0925_/ZN (MUX2ND0BWP30P140)
   0.0484    2.2675 v reducedSum_reduced_nextLevel_adder/_0935_/ZN (ND4D0BWP30P140)
   0.0442    2.3116 ^ reducedSum_reduced_nextLevel_adder/_0949_/ZN (NR4D0BWP30P140)
   0.0488    2.3605 v reducedSum_reduced_nextLevel_adder/_0964_/ZN (ND4D0BWP30P140)
   0.0408    2.4012 ^ reducedSum_reduced_nextLevel_adder/_0979_/ZN (NR4D0BWP30P140)
   0.0413    2.4425 v reducedSum_reduced_nextLevel_adder/_0987_/ZN (ND4D0BWP30P140)
   0.0231    2.4656 ^ reducedSum_reduced_nextLevel_adder/_1046_/ZN (NR3D0BWP30P140)
   0.0090    2.4746 v reducedSum_reduced_nextLevel_adder/_1061_/ZN (IAO21D0BWP30P140)
   0.0286    2.5032 v reducedSum_reduced_nextLevel_adder/_1062_/Z (XOR2UD0BWP30P140)
   0.0395    2.5428 v reducedSum_reduced_nextLevel_adder_16/_0544_/ZN (XNR2UD0BWP30P140)
   0.0342    2.5770 ^ reducedSum_reduced_nextLevel_adder_16/_0545_/ZN (AOI21D0BWP30P140)
   0.0357    2.6126 ^ reducedSum_reduced_nextLevel_adder_16/_0560_/Z (OA211D0BWP30P140)
   0.0158    2.6284 ^ reducedSum_reduced_nextLevel_adder_16/_0561_/Z (OR2D0BWP30P140)
   0.0302    2.6586 ^ reducedSum_reduced_nextLevel_adder_16/_0568_/ZN (XNR2UD0BWP30P140)
   0.0334    2.6920 v reducedSum_reduced_nextLevel_adder_16/_0570_/ZN (ND3D0BWP30P140)
   0.5886    3.2806 ^ reducedSum_reduced_nextLevel_adder_16/_0639_/ZN (OAI31D0BWP30P140)
   0.0378    3.3184 ^ reducedSum_reduced_nextLevel_adder_16/_0735_/ZN (MUX4ND0BWP30P140)
   0.0215    3.3399 v reducedSum_reduced_nextLevel_adder_16/_0736_/ZN (MUX2ND0BWP30P140)
   0.0284    3.3683 ^ reducedSum_reduced_nextLevel_adder_16/_0782_/ZN (AOI221D0BWP30P140)
   0.0469    3.4152 v reducedSum_reduced_nextLevel_adder_16/_0783_/ZN (OAI221D0BWP30P140)
   0.0333    3.4486 v reducedSum_reduced_nextLevel_adder_16/_0804_/ZN (XNR2UD0BWP30P140)
   0.0364    3.4849 ^ reducedSum_reduced_nextLevel_adder_16/_0805_/ZN (NR4D0BWP30P140)
   0.0183    3.5032 v reducedSum_reduced_nextLevel_adder_16/_0808_/ZN (OAI21D0BWP30P140)
   0.0207    3.5239 ^ reducedSum_reduced_nextLevel_adder_16/_0812_/ZN (AOI21D0BWP30P140)
   0.0174    3.5413 v reducedSum_reduced_nextLevel_adder_16/_0817_/ZN (OAI21D0BWP30P140)
   0.0201    3.5614 ^ reducedSum_reduced_nextLevel_adder_16/_0821_/ZN (AOI21D0BWP30P140)
   0.0215    3.5829 v reducedSum_reduced_nextLevel_adder_16/_0829_/ZN (OAI22D0BWP30P140)
   0.0269    3.6098 ^ reducedSum_reduced_nextLevel_adder_16/_0838_/ZN (AOI211D0BWP30P140)
   0.0226    3.6324 v reducedSum_reduced_nextLevel_adder_16/_0841_/ZN (OAI21D0BWP30P140)
   0.0306    3.6630 ^ reducedSum_reduced_nextLevel_adder_16/_0851_/ZN (AOI211D0BWP30P140)
   0.0271    3.6900 ^ reducedSum_reduced_nextLevel_adder_16/_0854_/Z (AO211D0BWP30P140)
   0.0200    3.7100 v reducedSum_reduced_nextLevel_adder_16/_0859_/ZN (AOI32D0BWP30P140)
   0.0295    3.7395 v reducedSum_reduced_nextLevel_adder_16/_0860_/ZN (IAO21D0BWP30P140)
   0.0221    3.7616 v reducedSum_reduced_nextLevel_adder_16/_0864_/ZN (IAO21D0BWP30P140)
   0.0320    3.7936 ^ reducedSum_reduced_nextLevel_adder_16/_0866_/ZN (MAOI222D0BWP30P140)
   0.0218    3.8154 v reducedSum_reduced_nextLevel_adder_16/_0869_/ZN (AOI211D0BWP30P140)
   0.1036    3.9190 ^ reducedSum_reduced_nextLevel_adder_16/_0896_/ZN (NR3D0BWP30P140)
   0.0341    3.9532 ^ reducedSum_reduced_nextLevel_adder_16/_0925_/ZN (MUX2ND0BWP30P140)
   0.0484    4.0015 v reducedSum_reduced_nextLevel_adder_16/_0935_/ZN (ND4D0BWP30P140)
   0.0442    4.0457 ^ reducedSum_reduced_nextLevel_adder_16/_0949_/ZN (NR4D0BWP30P140)
   0.0488    4.0945 v reducedSum_reduced_nextLevel_adder_16/_0964_/ZN (ND4D0BWP30P140)
   0.0408    4.1353 ^ reducedSum_reduced_nextLevel_adder_16/_0979_/ZN (NR4D0BWP30P140)
   0.0413    4.1765 v reducedSum_reduced_nextLevel_adder_16/_0987_/ZN (ND4D0BWP30P140)
   0.0231    4.1997 ^ reducedSum_reduced_nextLevel_adder_16/_1046_/ZN (NR3D0BWP30P140)
   0.0090    4.2087 v reducedSum_reduced_nextLevel_adder_16/_1061_/ZN (IAO21D0BWP30P140)
   0.0286    4.2373 v reducedSum_reduced_nextLevel_adder_16/_1062_/Z (XOR2UD0BWP30P140)
   0.0395    4.2768 v reducedSum_reduced_nextLevel_adder_24/_0544_/ZN (XNR2UD0BWP30P140)
   0.0342    4.3110 ^ reducedSum_reduced_nextLevel_adder_24/_0545_/ZN (AOI21D0BWP30P140)
   0.0357    4.3467 ^ reducedSum_reduced_nextLevel_adder_24/_0560_/Z (OA211D0BWP30P140)
   0.0158    4.3625 ^ reducedSum_reduced_nextLevel_adder_24/_0561_/Z (OR2D0BWP30P140)
   0.0302    4.3927 ^ reducedSum_reduced_nextLevel_adder_24/_0568_/ZN (XNR2UD0BWP30P140)
   0.0334    4.4261 v reducedSum_reduced_nextLevel_adder_24/_0570_/ZN (ND3D0BWP30P140)
   0.5886    5.0147 ^ reducedSum_reduced_nextLevel_adder_24/_0639_/ZN (OAI31D0BWP30P140)
   0.0378    5.0525 ^ reducedSum_reduced_nextLevel_adder_24/_0735_/ZN (MUX4ND0BWP30P140)
   0.0215    5.0739 v reducedSum_reduced_nextLevel_adder_24/_0736_/ZN (MUX2ND0BWP30P140)
   0.0284    5.1024 ^ reducedSum_reduced_nextLevel_adder_24/_0782_/ZN (AOI221D0BWP30P140)
   0.0469    5.1493 v reducedSum_reduced_nextLevel_adder_24/_0783_/ZN (OAI221D0BWP30P140)
   0.0333    5.1826 v reducedSum_reduced_nextLevel_adder_24/_0804_/ZN (XNR2UD0BWP30P140)
   0.0364    5.2190 ^ reducedSum_reduced_nextLevel_adder_24/_0805_/ZN (NR4D0BWP30P140)
   0.0183    5.2373 v reducedSum_reduced_nextLevel_adder_24/_0808_/ZN (OAI21D0BWP30P140)
   0.0207    5.2580 ^ reducedSum_reduced_nextLevel_adder_24/_0812_/ZN (AOI21D0BWP30P140)
   0.0174    5.2754 v reducedSum_reduced_nextLevel_adder_24/_0817_/ZN (OAI21D0BWP30P140)
   0.0201    5.2955 ^ reducedSum_reduced_nextLevel_adder_24/_0821_/ZN (AOI21D0BWP30P140)
   0.0215    5.3169 v reducedSum_reduced_nextLevel_adder_24/_0829_/ZN (OAI22D0BWP30P140)
   0.0269    5.3438 ^ reducedSum_reduced_nextLevel_adder_24/_0838_/ZN (AOI211D0BWP30P140)
   0.0226    5.3664 v reducedSum_reduced_nextLevel_adder_24/_0841_/ZN (OAI21D0BWP30P140)
   0.0306    5.3970 ^ reducedSum_reduced_nextLevel_adder_24/_0851_/ZN (AOI211D0BWP30P140)
   0.0271    5.4241 ^ reducedSum_reduced_nextLevel_adder_24/_0854_/Z (AO211D0BWP30P140)
   0.0200    5.4441 v reducedSum_reduced_nextLevel_adder_24/_0859_/ZN (AOI32D0BWP30P140)
   0.0295    5.4736 v reducedSum_reduced_nextLevel_adder_24/_0860_/ZN (IAO21D0BWP30P140)
   0.0221    5.4957 v reducedSum_reduced_nextLevel_adder_24/_0864_/ZN (IAO21D0BWP30P140)
   0.0320    5.5277 ^ reducedSum_reduced_nextLevel_adder_24/_0866_/ZN (MAOI222D0BWP30P140)
   0.0218    5.5495 v reducedSum_reduced_nextLevel_adder_24/_0869_/ZN (AOI211D0BWP30P140)
   0.1036    5.6531 ^ reducedSum_reduced_nextLevel_adder_24/_0896_/ZN (NR3D0BWP30P140)
   0.0341    5.6872 ^ reducedSum_reduced_nextLevel_adder_24/_0925_/ZN (MUX2ND0BWP30P140)
   0.0484    5.7356 v reducedSum_reduced_nextLevel_adder_24/_0935_/ZN (ND4D0BWP30P140)
   0.0442    5.7798 ^ reducedSum_reduced_nextLevel_adder_24/_0949_/ZN (NR4D0BWP30P140)
   0.0488    5.8286 v reducedSum_reduced_nextLevel_adder_24/_0964_/ZN (ND4D0BWP30P140)
   0.0408    5.8693 ^ reducedSum_reduced_nextLevel_adder_24/_0979_/ZN (NR4D0BWP30P140)
   0.0413    5.9106 v reducedSum_reduced_nextLevel_adder_24/_0987_/ZN (ND4D0BWP30P140)
   0.0231    5.9338 ^ reducedSum_reduced_nextLevel_adder_24/_1046_/ZN (NR3D0BWP30P140)
   0.0090    5.9428 v reducedSum_reduced_nextLevel_adder_24/_1061_/ZN (IAO21D0BWP30P140)
   0.0286    5.9714 v reducedSum_reduced_nextLevel_adder_24/_1062_/Z (XOR2UD0BWP30P140)
   0.0395    6.0109 v reducedSum_reduced_nextLevel_adder_28/_0544_/ZN (XNR2UD0BWP30P140)
   0.0342    6.0451 ^ reducedSum_reduced_nextLevel_adder_28/_0545_/ZN (AOI21D0BWP30P140)
   0.0357    6.0808 ^ reducedSum_reduced_nextLevel_adder_28/_0560_/Z (OA211D0BWP30P140)
   0.0158    6.0966 ^ reducedSum_reduced_nextLevel_adder_28/_0561_/Z (OR2D0BWP30P140)
   0.0302    6.1268 ^ reducedSum_reduced_nextLevel_adder_28/_0568_/ZN (XNR2UD0BWP30P140)
   0.0334    6.1601 v reducedSum_reduced_nextLevel_adder_28/_0570_/ZN (ND3D0BWP30P140)
   0.5886    6.7488 ^ reducedSum_reduced_nextLevel_adder_28/_0639_/ZN (OAI31D0BWP30P140)
   0.0378    6.7865 ^ reducedSum_reduced_nextLevel_adder_28/_0735_/ZN (MUX4ND0BWP30P140)
   0.0215    6.8080 v reducedSum_reduced_nextLevel_adder_28/_0736_/ZN (MUX2ND0BWP30P140)
   0.0284    6.8364 ^ reducedSum_reduced_nextLevel_adder_28/_0782_/ZN (AOI221D0BWP30P140)
   0.0469    6.8833 v reducedSum_reduced_nextLevel_adder_28/_0783_/ZN (OAI221D0BWP30P140)
   0.0333    6.9167 v reducedSum_reduced_nextLevel_adder_28/_0804_/ZN (XNR2UD0BWP30P140)
   0.0364    6.9530 ^ reducedSum_reduced_nextLevel_adder_28/_0805_/ZN (NR4D0BWP30P140)
   0.0183    6.9713 v reducedSum_reduced_nextLevel_adder_28/_0808_/ZN (OAI21D0BWP30P140)
   0.0207    6.9921 ^ reducedSum_reduced_nextLevel_adder_28/_0812_/ZN (AOI21D0BWP30P140)
   0.0174    7.0095 v reducedSum_reduced_nextLevel_adder_28/_0817_/ZN (OAI21D0BWP30P140)
   0.0201    7.0295 ^ reducedSum_reduced_nextLevel_adder_28/_0821_/ZN (AOI21D0BWP30P140)
   0.0215    7.0510 v reducedSum_reduced_nextLevel_adder_28/_0829_/ZN (OAI22D0BWP30P140)
   0.0269    7.0779 ^ reducedSum_reduced_nextLevel_adder_28/_0838_/ZN (AOI211D0BWP30P140)
   0.0226    7.1005 v reducedSum_reduced_nextLevel_adder_28/_0841_/ZN (OAI21D0BWP30P140)
   0.0306    7.1311 ^ reducedSum_reduced_nextLevel_adder_28/_0851_/ZN (AOI211D0BWP30P140)
   0.0271    7.1582 ^ reducedSum_reduced_nextLevel_adder_28/_0854_/Z (AO211D0BWP30P140)
   0.0200    7.1782 v reducedSum_reduced_nextLevel_adder_28/_0859_/ZN (AOI32D0BWP30P140)
   0.0295    7.2076 v reducedSum_reduced_nextLevel_adder_28/_0860_/ZN (IAO21D0BWP30P140)
   0.0221    7.2297 v reducedSum_reduced_nextLevel_adder_28/_0864_/ZN (IAO21D0BWP30P140)
   0.0320    7.2617 ^ reducedSum_reduced_nextLevel_adder_28/_0866_/ZN (MAOI222D0BWP30P140)
   0.0218    7.2836 v reducedSum_reduced_nextLevel_adder_28/_0869_/ZN (AOI211D0BWP30P140)
   0.1036    7.3871 ^ reducedSum_reduced_nextLevel_adder_28/_0896_/ZN (NR3D0BWP30P140)
   0.0341    7.4213 ^ reducedSum_reduced_nextLevel_adder_28/_0925_/ZN (MUX2ND0BWP30P140)
   0.0484    7.4697 v reducedSum_reduced_nextLevel_adder_28/_0935_/ZN (ND4D0BWP30P140)
   0.0442    7.5138 ^ reducedSum_reduced_nextLevel_adder_28/_0949_/ZN (NR4D0BWP30P140)
   0.0488    7.5626 v reducedSum_reduced_nextLevel_adder_28/_0964_/ZN (ND4D0BWP30P140)
   0.0408    7.6034 ^ reducedSum_reduced_nextLevel_adder_28/_0979_/ZN (NR4D0BWP30P140)
   0.0413    7.6447 v reducedSum_reduced_nextLevel_adder_28/_0987_/ZN (ND4D0BWP30P140)
   0.0231    7.6678 ^ reducedSum_reduced_nextLevel_adder_28/_1046_/ZN (NR3D0BWP30P140)
   0.0090    7.6768 v reducedSum_reduced_nextLevel_adder_28/_1061_/ZN (IAO21D0BWP30P140)
   0.0286    7.7054 v reducedSum_reduced_nextLevel_adder_28/_1062_/Z (XOR2UD0BWP30P140)
   0.0395    7.7450 v reducedSum_reduced_nextLevel_adder_30/_0544_/ZN (XNR2UD0BWP30P140)
   0.0342    7.7792 ^ reducedSum_reduced_nextLevel_adder_30/_0545_/ZN (AOI21D0BWP30P140)
   0.0357    7.8148 ^ reducedSum_reduced_nextLevel_adder_30/_0560_/Z (OA211D0BWP30P140)
   0.0158    7.8306 ^ reducedSum_reduced_nextLevel_adder_30/_0561_/Z (OR2D0BWP30P140)
   0.0302    7.8608 ^ reducedSum_reduced_nextLevel_adder_30/_0568_/ZN (XNR2UD0BWP30P140)
   0.0334    7.8942 v reducedSum_reduced_nextLevel_adder_30/_0570_/ZN (ND3D0BWP30P140)
   0.5886    8.4828 ^ reducedSum_reduced_nextLevel_adder_30/_0639_/ZN (OAI31D0BWP30P140)
   0.0378    8.5206 ^ reducedSum_reduced_nextLevel_adder_30/_0735_/ZN (MUX4ND0BWP30P140)
   0.0215    8.5421 v reducedSum_reduced_nextLevel_adder_30/_0736_/ZN (MUX2ND0BWP30P140)
   0.0284    8.5705 ^ reducedSum_reduced_nextLevel_adder_30/_0782_/ZN (AOI221D0BWP30P140)
   0.0469    8.6174 v reducedSum_reduced_nextLevel_adder_30/_0783_/ZN (OAI221D0BWP30P140)
   0.0333    8.6507 v reducedSum_reduced_nextLevel_adder_30/_0804_/ZN (XNR2UD0BWP30P140)
   0.0364    8.6871 ^ reducedSum_reduced_nextLevel_adder_30/_0805_/ZN (NR4D0BWP30P140)
   0.0183    8.7054 v reducedSum_reduced_nextLevel_adder_30/_0808_/ZN (OAI21D0BWP30P140)
   0.0207    8.7261 ^ reducedSum_reduced_nextLevel_adder_30/_0812_/ZN (AOI21D0BWP30P140)
   0.0174    8.7435 v reducedSum_reduced_nextLevel_adder_30/_0817_/ZN (OAI21D0BWP30P140)
   0.0201    8.7636 ^ reducedSum_reduced_nextLevel_adder_30/_0821_/ZN (AOI21D0BWP30P140)
   0.0215    8.7851 v reducedSum_reduced_nextLevel_adder_30/_0829_/ZN (OAI22D0BWP30P140)
   0.0269    8.8119 ^ reducedSum_reduced_nextLevel_adder_30/_0838_/ZN (AOI211D0BWP30P140)
   0.0226    8.8345 v reducedSum_reduced_nextLevel_adder_30/_0841_/ZN (OAI21D0BWP30P140)
   0.0306    8.8652 ^ reducedSum_reduced_nextLevel_adder_30/_0851_/ZN (AOI211D0BWP30P140)
   0.0271    8.8922 ^ reducedSum_reduced_nextLevel_adder_30/_0854_/Z (AO211D0BWP30P140)
   0.0200    8.9122 v reducedSum_reduced_nextLevel_adder_30/_0859_/ZN (AOI32D0BWP30P140)
   0.0295    8.9417 v reducedSum_reduced_nextLevel_adder_30/_0860_/ZN (IAO21D0BWP30P140)
   0.0221    8.9638 v reducedSum_reduced_nextLevel_adder_30/_0864_/ZN (IAO21D0BWP30P140)
   0.0320    8.9958 ^ reducedSum_reduced_nextLevel_adder_30/_0866_/ZN (MAOI222D0BWP30P140)
   0.0218    9.0176 v reducedSum_reduced_nextLevel_adder_30/_0869_/ZN (AOI211D0BWP30P140)
   0.1036    9.1212 ^ reducedSum_reduced_nextLevel_adder_30/_0896_/ZN (NR3D0BWP30P140)
   0.0341    9.1553 ^ reducedSum_reduced_nextLevel_adder_30/_0925_/ZN (MUX2ND0BWP30P140)
   0.0484    9.2037 v reducedSum_reduced_nextLevel_adder_30/_0935_/ZN (ND4D0BWP30P140)
   0.0442    9.2479 ^ reducedSum_reduced_nextLevel_adder_30/_0949_/ZN (NR4D0BWP30P140)
   0.0488    9.2967 v reducedSum_reduced_nextLevel_adder_30/_0964_/ZN (ND4D0BWP30P140)
   0.0408    9.3375 ^ reducedSum_reduced_nextLevel_adder_30/_0979_/ZN (NR4D0BWP30P140)
   0.0244    9.3618 v reducedSum_reduced_nextLevel_adder_30/_0986_/ZN (ND3D0BWP30P140)
   0.0352    9.3970 v reducedSum_reduced_nextLevel_adder_30/_0988_/ZN (XNR2UD0BWP30P140)
   0.0178    9.4148 ^ reducedSum_conv/_119_/ZN (NR2D0BWP30P140)
   0.1014    9.5162 v reducedSum_conv/_126_/ZN (OAI31D0BWP30P140)
   0.0632    9.5794 ^ reducedSum_conv/_139_/Z (XOR2UD0BWP30P140)
   0.0270    9.6064 v reducedSum_conv/_140_/ZN (OAI21D0BWP30P140)
   0.0253    9.6317 v reducedSum_conv/_154_/ZN (INR2D0BWP30P140)
   0.0266    9.6583 ^ reducedSum_conv/_191_/ZN (NR2D0BWP30P140)
   0.0241    9.6824 v accAdder/_0897_/ZN (XNR2UD0BWP30P140)
   0.0314    9.7137 ^ accAdder/_0899_/ZN (AOI21D0BWP30P140)
   0.0301    9.7439 v accAdder/_0901_/ZN (MAOI222D0BWP30P140)
   0.0370    9.7809 ^ accAdder/_0902_/ZN (MAOI222D0BWP30P140)
   0.0303    9.8112 v accAdder/_0903_/ZN (MAOI222D0BWP30P140)
   0.0355    9.8467 ^ accAdder/_0966_/ZN (MAOI222D0BWP30P140)
   0.0302    9.8769 v accAdder/_0968_/ZN (MAOI222D0BWP30P140)
   0.0262    9.9031 v accAdder/_0970_/ZN (XNR2UD0BWP30P140)
   0.0212    9.9243 ^ accAdder/_0971_/ZN (NR2D0BWP30P140)
   0.0257    9.9500 ^ accAdder/_0972_/Z (AN2D0BWP30P140)
   0.4170   10.3670 v accAdder/_0975_/ZN (AOI31D0BWP30P140)
   0.4192   10.7862 ^ accAdder/_0991_/ZN (AOI22D0BWP30P140)
   0.0318   10.8181 v accAdder/_1063_/ZN (CKND2D0BWP30P140)
   0.0370   10.8550 ^ accAdder/_1188_/ZN (OAI32D0BWP30P140)
   0.0151   10.8701 v accAdder/_1189_/ZN (AOI21D0BWP30P140)
   0.0396   10.9097 ^ accAdder/_1191_/ZN (OAI221D0BWP30P140)
   0.0211   10.9308 v accAdder/_1196_/ZN (OAI31D0BWP30P140)
   0.0222   10.9531 ^ accAdder/_1198_/ZN (AOI21D0BWP30P140)
   0.0256   10.9786 v accAdder/_1200_/ZN (MAOI222D0BWP30P140)
   0.0396   11.0183 ^ accAdder/_1202_/ZN (MAOI222D0BWP30P140)
   0.0257   11.0440 v accAdder/_1204_/ZN (MAOI222D0BWP30P140)
   0.0277   11.0717 ^ accAdder/_1206_/ZN (AOI21D0BWP30P140)
   0.0253   11.0970 ^ accAdder/_1209_/ZN (IAO21D0BWP30P140)
   0.0247   11.1216 v accAdder/_1211_/ZN (MAOI222D0BWP30P140)
   0.0395   11.1612 ^ accAdder/_1213_/ZN (MAOI222D0BWP30P140)
   0.0265   11.1877 v accAdder/_1221_/ZN (MAOI222D0BWP30P140)
   0.0354   11.2230 v accAdder/_1232_/Z (AO21D0BWP30P140)
   0.0261   11.2491 ^ accAdder/_1242_/ZN (MAOI222D0BWP30P140)
   0.0265   11.2756 v accAdder/_1255_/ZN (MAOI222D0BWP30P140)
   0.0315   11.3071 v accAdder/_1259_/Z (AO21D0BWP30P140)
   0.0182   11.3253 ^ accAdder/_1276_/ZN (AOI21D0BWP30P140)
   0.0258   11.3511 v accAdder/_1280_/ZN (MAOI222D0BWP30P140)
   0.0391   11.3902 ^ accAdder/_1296_/ZN (MAOI222D0BWP30P140)
   0.0262   11.4164 v accAdder/_1300_/ZN (MAOI222D0BWP30P140)
   0.0304   11.4468 ^ accAdder/_1318_/ZN (AOI21D0BWP30P140)
   0.0249   11.4717 v accAdder/_1322_/ZN (MAOI222D0BWP30P140)
   0.0364   11.5082 v accAdder/_1345_/Z (AO21D0BWP30P140)
   0.0156   11.5238 ^ accAdder/_1353_/ZN (MUX2ND0BWP30P140)
   0.0347   11.5585 ^ accAdder/_1354_/ZN (XNR2UD0BWP30P140)
   0.0288   11.5873 ^ accAdder/_1453_/ZN (MAOI22D0BWP30P140)
   0.1281   11.7154 v accAdder/_1456_/ZN (OAI211D0BWP30P140)
   0.0886   11.8040 ^ accAdder/_1531_/Z (MUX4D0BWP30P140)
   0.0194   11.8234 v accAdder/_1534_/ZN (MUX3ND0BWP30P140)
   0.0405   11.8639 ^ accAdder/_1568_/ZN (NR2D0BWP30P140)
   0.0507   11.9146 ^ accAdder/_1577_/ZN (INR4D0BWP30P140)
   0.0510   11.9657 ^ accAdder/_1582_/Z (AN4D0BWP30P140)
   0.0395   12.0051 ^ accAdder/_1590_/Z (AN4D0BWP30P140)
   0.0406   12.0457 ^ accAdder/_1601_/Z (AN4D0BWP30P140)
   0.0349   12.0806 ^ accAdder/_1603_/Z (AN3D0BWP30P140)
   0.0271   12.1077 v accAdder/_1605_/ZN (IND3D0BWP30P140)
   0.0379   12.1456 v accAdder/_1606_/Z (OR3D0BWP30P140)
   0.0368   12.1825 ^ accAdder/_1608_/ZN (INR3D0BWP30P140)
   0.0364   12.2189 v accAdder/_1611_/ZN (MAOI222D0BWP30P140)
   0.0357   12.2546 ^ accAdder/_1616_/ZN (NR4D0BWP30P140)
   0.0219   12.2765 v accAdder/_1619_/ZN (OAI31D0BWP30P140)
   0.0327   12.3091 v accAdder/_1621_/Z (AO21D0BWP30P140)
   0.0312   12.3404 ^ accAdder/_1623_/ZN (AOI21D0BWP30P140)
   0.0237   12.3640 v accAdder/_1626_/ZN (OAI21D0BWP30P140)
   0.0215   12.3855 v accAdder/_1658_/Z (AN3D0BWP30P140)
   0.0613   12.4468 v accAdder/_1659_/Z (OR3D0BWP30P140)
   0.0420   12.4888 ^ accAdder/_1703_/ZN (AOI211D0BWP30P140)
   0.0261   12.5148 ^ _060_/Z (AO22D0BWP30P140)
   0.0000   12.5148 ^ _070_/D (DFCNQD1BWP30P140)
            12.5148   data arrival time

  20.0000   20.0000   clock CORE_CLK (rise edge)
   0.0000   20.0000   clock network delay (ideal)
  -0.0500   19.9500   clock uncertainty
   0.0000   19.9500   clock reconvergence pessimism
            19.9500 ^ _070_/CP (DFCNQD1BWP30P140)
  -0.0174   19.9326   library setup time
            19.9326   data required time
-------------------------------------------------------------
            19.9326   data required time
           -12.5148   data arrival time
-------------------------------------------------------------
             7.4178   slack (MET)


