
6. Printing statistics.

=== BFP_PE ===

        +----------Local Count, excluding submodules.
        |        +-Local Area, excluding submodules.
        |        | 
      270        - wires
     4184        - wire bits
      236        - public wires
     4150        - public wire bits
       10        - ports
      565        - port bits
       67   99.918 cells
       32   24.192   AO22D0BWP30P140
       33   74.844   DFCNQD1BWP30P140
        1    0.504   INR2D0BWP30P140
        1    0.378   NR2D0BWP30P140
      128        - submodules
       32        -   CustomOperator_INT8_to_INT8
       32        -   FP32Adder
       32        -   ScaleAddition_INT8_to_INT8_scale_UE4M4
       32        -   ScaleToFP32_INT8_x_INT8_UE4M4

   Chip area for module '\BFP_PE': 99.918000
     of which used for sequential elements: 74.844000 (74.91%)

=== FP32Adder ===

        +----------Local Count, excluding submodules.
        |        +-Local Area, excluding submodules.
        |        | 
      872        - wires
     1037        - wire bits
        6        - public wires
      171        - public wire bits
        3        - ports
       96        - port bits
      898  554.904 cells
       18    9.072   AN2D0BWP30P140
        5     3.15   AN3D0BWP30P140
        4    3.024   AN4D0BWP30P140
        2    1.512   AO211D0BWP30P140
       13     8.19   AO21D0BWP30P140
        4    3.024   AO22D0BWP30P140
       10      6.3   AOI211D0BWP30P140
       52   26.208   AOI21D0BWP30P140
       10     7.56   AOI221D0BWP30P140
        2    2.016   AOI222D0BWP30P140
       32    20.16   AOI22D0BWP30P140
        2     1.26   AOI31D0BWP30P140
       19   16.758   CKMUX2D0BWP30P140
       65    16.38   CKND0BWP30P140
       72   27.216   CKND2D0BWP30P140
        6     3.78   IAO21D0BWP30P140
       20    10.08   IND2D0BWP30P140
        1     0.63   IND3D0BWP30P140
        2    1.512   IND4D0BWP30P140
       21   10.584   INR2D0BWP30P140
        8     5.04   INR3D0BWP30P140
        3    2.268   INR4D0BWP30P140
        7     4.41   IOA21D0BWP30P140
       30    22.68   MAOI222D0BWP30P140
       15    11.34   MAOI22D0BWP30P140
        4    3.024   MOAI22D0BWP30P140
      114   86.184   MUX2ND0BWP30P140
        1    1.764   MUX3D0BWP30P140
        1    1.638   MUX3ND0BWP30P140
        2    4.788   MUX4D0BWP30P140
       16   36.288   MUX4ND0BWP30P140
       14    7.056   ND3D0BWP30P140
        5     3.15   ND4D0BWP30P140
       99   37.422   NR2D0BWP30P140
       35    17.64   NR3D0BWP30P140
        8     5.04   NR4D0BWP30P140
        2    1.512   OA211D0BWP30P140
        6     3.78   OA21D0BWP30P140
        1    0.882   OA22D0BWP30P140
       13     8.19   OAI211D0BWP30P140
       41   20.664   OAI21D0BWP30P140
        1    0.882   OAI221D0BWP30P140
        1    1.008   OAI222D0BWP30P140
       10      6.3   OAI22D0BWP30P140
        6     3.78   OAI31D0BWP30P140
        3    2.268   OAI32D0BWP30P140
        1    0.882   OAI33D0BWP30P140
        6    3.024   OR2D0BWP30P140
        8     5.04   OR3D0BWP30P140
        2    1.512   OR4D0BWP30P140
       51   44.982   XNR2UD0BWP30P140
        1    1.764   XNR3UD0BWP30P140
       23   20.286   XOR2UD0BWP30P140

   Chip area for module '\FP32Adder': 554.904000
     of which used for sequential elements: 0.000000 (0.00%)

=== ScaleToFP32_INT8_x_INT8_UE4M4 ===

        +----------Local Count, excluding submodules.
        |        +-Local Area, excluding submodules.
        |        | 
      157        - wires
      217        - wire bits
        4        - public wires
       64        - public wire bits
        4        - ports
       64        - port bits
      185  113.904 cells
        9    4.536   AN2D0BWP30P140
        1     0.63   AN3D0BWP30P140
        5     3.15   AO21D0BWP30P140
        6     3.78   AOI211D0BWP30P140
        8    4.032   AOI21D0BWP30P140
        2    1.512   AOI221D0BWP30P140
        2     1.26   AOI22D0BWP30P140
        2     1.26   AOI31D0BWP30P140
       22   19.404   CKMUX2D0BWP30P140
        6    1.512   CKND0BWP30P140
        8    3.024   CKND2D0BWP30P140
       10      6.3   IAO21D0BWP30P140
        6    3.024   IND2D0BWP30P140
        1     0.63   IND3D0BWP30P140
        9    4.536   INR2D0BWP30P140
        2     1.26   IOA21D0BWP30P140
       36   27.216   MUX2ND0BWP30P140
        6    3.024   ND3D0BWP30P140
       16    6.048   NR2D0BWP30P140
        7    3.528   NR3D0BWP30P140
        3     1.89   NR4D0BWP30P140
        2     1.26   OA21D0BWP30P140
        4    2.016   OAI21D0BWP30P140
        2     1.26   OAI31D0BWP30P140
        1    0.756   OAI32D0BWP30P140
        2    1.008   OR2D0BWP30P140
        1    0.756   OR4D0BWP30P140
        3    2.646   XNR2UD0BWP30P140
        3    2.646   XOR2UD0BWP30P140

   Chip area for module '\ScaleToFP32_INT8_x_INT8_UE4M4': 113.904000
     of which used for sequential elements: 0.000000 (0.00%)

=== ScaleAddition_INT8_to_INT8_scale_UE4M4 ===

        +----------Local Count, excluding submodules.
        |        +-Local Area, excluding submodules.
        |        | 
      656        - wires
      712        - wire bits
        7        - public wires
       63        - public wire bits
        7        - ports
       63        - port bits
      679   488.88 cells
       14    7.056   AN2D0BWP30P140
        5     3.15   AN3D0BWP30P140
        5     3.78   AN4D0BWP30P140
        3    2.268   AO211D0BWP30P140
        3     1.89   AO21D0BWP30P140
        4    3.024   AO22D0BWP30P140
       17    8.568   AOI21D0BWP30P140
        5     3.15   AOI22D0BWP30P140
        3     1.89   AOI31D0BWP30P140
       37    9.324   CKND0BWP30P140
      167   63.126   CKND2D0BWP30P140
        2     1.26   IAO21D0BWP30P140
       17    8.568   IND2D0BWP30P140
       11    5.544   INR2D0BWP30P140
        1     0.63   INR3D0BWP30P140
        5     3.15   IOA21D0BWP30P140
       90    68.04   MAOI222D0BWP30P140
        4    2.016   ND3D0BWP30P140
        3     1.89   ND4D0BWP30P140
       31   11.718   NR2D0BWP30P140
        7    3.528   NR3D0BWP30P140
        1     0.63   NR4D0BWP30P140
        3     1.89   OA21D0BWP30P140
        2     1.26   OAI211D0BWP30P140
       14    7.056   OAI21D0BWP30P140
        5     3.15   OAI22D0BWP30P140
       14    7.056   OR2D0BWP30P140
        2     1.26   OR3D0BWP30P140
        1    0.756   OR4D0BWP30P140
       85    74.97   XNR2UD0BWP30P140
       57  100.548   XNR3UD0BWP30P140
        3    7.938   XNR4D0BWP30P140
       39   34.398   XOR2UD0BWP30P140
       18   31.752   XOR3UD0BWP30P140
        1    2.646   XOR4D0BWP30P140

   Chip area for module '\ScaleAddition_INT8_to_INT8_scale_UE4M4': 488.880000
     of which used for sequential elements: 0.000000 (0.00%)

=== CustomOperator_INT8_to_INT8 ===

        +----------Local Count, excluding submodules.
        |        +-Local Area, excluding submodules.
        |        | 
      142        - wires
      169        - wire bits
        4        - public wires
       31        - public wire bits
        4        - ports
       31        - port bits
      151  108.108 cells
       10     5.04   AN2D0BWP30P140
        1    0.756   AO211D0BWP30P140
        2     1.26   AO21D0BWP30P140
        1    0.504   AOI21D0BWP30P140
        1     0.63   AOI22D0BWP30P140
        8    2.016   CKND0BWP30P140
       29   10.962   CKND2D0BWP30P140
        1     0.63   IAO21D0BWP30P140
        3    1.512   IND2D0BWP30P140
        2    1.008   INR2D0BWP30P140
       18   13.608   MAOI222D0BWP30P140
        6    3.024   ND3D0BWP30P140
        5     1.89   NR2D0BWP30P140
        6    3.024   OAI21D0BWP30P140
        2     1.26   OAI22D0BWP30P140
        2     1.26   OAI31D0BWP30P140
        1    0.756   OAI32D0BWP30P140
        2    1.008   OR2D0BWP30P140
        2    1.512   OR4D0BWP30P140
       23   20.286   XNR2UD0BWP30P140
       11   19.404   XNR3UD0BWP30P140
       12   10.584   XOR2UD0BWP30P140
        2    3.528   XOR3UD0BWP30P140
        1    2.646   XOR4D0BWP30P140

   Chip area for module '\CustomOperator_INT8_to_INT8': 108.108000
     of which used for sequential elements: 0.000000 (0.00%)

=== design hierarchy ===

        +----------Count including submodules.
        |        +-Area including submodules.
        |        | 
    61283 4.06E+04 BFP_PE
      151  108.108 CustomOperator_INT8_to_INT8
      898  554.904 FP32Adder
      679   488.88 ScaleAddition_INT8_to_INT8_scale_UE4M4
      185  113.904 ScaleToFP32_INT8_x_INT8_UE4M4

        +----------Count including submodules.
        |        +-Area including submodules.
        |        | 
    58734        - wires
    72504        - wire bits
      908        - public wires
    14678        - public wire bits
      586        - ports
     8693        - port bits
        -        - memories
        -        - memory bits
        -        - processes
    61283 4.06E+04 cells
     1632  822.528   AN2D0BWP30P140
      352   221.76   AN3D0BWP30P140
      288  217.728   AN4D0BWP30P140
      192  145.152   AO211D0BWP30P140
      736   463.68   AO21D0BWP30P140
      288  217.728   AO22D0BWP30P140
      512   322.56   AOI211D0BWP30P140
     2496 1.26E+03   AOI21D0BWP30P140
      384  290.304   AOI221D0BWP30P140
       64   64.512   AOI222D0BWP30P140
     1280    806.4   AOI22D0BWP30P140
      224   141.12   AOI31D0BWP30P140
     1312 1.16E+03   CKMUX2D0BWP30P140
     3712  935.424   CKND0BWP30P140
     8832 3.34E+03   CKND2D0BWP30P140
       33   74.844   DFCNQD1BWP30P140
      608   383.04   IAO21D0BWP30P140
     1472  741.888   IND2D0BWP30P140
       64    40.32   IND3D0BWP30P140
       64   48.384   IND4D0BWP30P140
     1377  694.008   INR2D0BWP30P140
      288   181.44   INR3D0BWP30P140
       96   72.576   INR4D0BWP30P140
      448   282.24   IOA21D0BWP30P140
     4416 3.34E+03   MAOI222D0BWP30P140
      480   362.88   MAOI22D0BWP30P140
      128   96.768   MOAI22D0BWP30P140
     4800   3628.8   MUX2ND0BWP30P140
       32   56.448   MUX3D0BWP30P140
       32   52.416   MUX3ND0BWP30P140
       64  153.216   MUX4D0BWP30P140
      512 1.16E+03   MUX4ND0BWP30P140
      960   483.84   ND3D0BWP30P140
      256   161.28   ND4D0BWP30P140
     4833 1.83E+03   NR2D0BWP30P140
     1568  790.272   NR3D0BWP30P140
      384   241.92   NR4D0BWP30P140
       64   48.384   OA211D0BWP30P140
      352   221.76   OA21D0BWP30P140
       32   28.224   OA22D0BWP30P140
      480    302.4   OAI211D0BWP30P140
     2080  1048.32   OAI21D0BWP30P140
       32   28.224   OAI221D0BWP30P140
       32   32.256   OAI222D0BWP30P140
      544   342.72   OAI22D0BWP30P140
      320    201.6   OAI31D0BWP30P140
      160   120.96   OAI32D0BWP30P140
       32   28.224   OAI33D0BWP30P140
      768  387.072   OR2D0BWP30P140
      320    201.6   OR3D0BWP30P140
      192  145.152   OR4D0BWP30P140
     5184 4.57E+03   XNR2UD0BWP30P140
     2208 3.89E+03   XNR3UD0BWP30P140
       96  254.016   XNR4D0BWP30P140
     2464 2.17E+03   XOR2UD0BWP30P140
      640  1128.96   XOR3UD0BWP30P140
       64  169.344   XOR4D0BWP30P140
      128 4.05E+04 submodules
       32 3.46E+03   CustomOperator_INT8_to_INT8
       32 1.78E+04   FP32Adder
       32 1.56E+04   ScaleAddition_INT8_to_INT8_scale_UE4M4
       32 3.64E+03   ScaleToFP32_INT8_x_INT8_UE4M4

   Chip area for top module '\BFP_PE': 40605.390000
     of which used for sequential elements: 74.844000 (0.18%)

