
6. Printing statistics.

=== BFP_PE ===

        +----------Local Count, excluding submodules.
        |        +-Local Area, excluding submodules.
        |        | 
      270        - wires
     4312        - wire bits
      236        - public wires
     4278        - public wire bits
       10        - ports
      565        - port bits
       67   99.918 cells
       32   24.192   AO22D0BWP30P140
       33   74.844   DFCNQD1BWP30P140
        1    0.504   INR2D0BWP30P140
        1    0.378   NR2D0BWP30P140
      128        - submodules
       32        -   CustomOperator_INT8_to_INT8
       32        -   FP32Adder
       32        -   ScaleAddition_INT8_to_INT8_scale_UE2M6
       32        -   ScaleToFP32_INT8_x_INT8_UE2M6

   Chip area for module '\BFP_PE': 99.918000
     of which used for sequential elements: 74.844000 (74.91%)

=== FP32Adder ===

        +----------Local Count, excluding submodules.
        |        +-Local Area, excluding submodules.
        |        | 
      872        - wires
     1037        - wire bits
        6        - public wires
      171        - public wire bits
        3        - ports
       96        - port bits
      898  554.904 cells
       18    9.072   AN2D0BWP30P140
        5     3.15   AN3D0BWP30P140
        4    3.024   AN4D0BWP30P140
        2    1.512   AO211D0BWP30P140
       13     8.19   AO21D0BWP30P140
        4    3.024   AO22D0BWP30P140
       10      6.3   AOI211D0BWP30P140
       52   26.208   AOI21D0BWP30P140
       10     7.56   AOI221D0BWP30P140
        2    2.016   AOI222D0BWP30P140
       32    20.16   AOI22D0BWP30P140
        2     1.26   AOI31D0BWP30P140
       19   16.758   CKMUX2D0BWP30P140
       65    16.38   CKND0BWP30P140
       72   27.216   CKND2D0BWP30P140
        6     3.78   IAO21D0BWP30P140
       20    10.08   IND2D0BWP30P140
        1     0.63   IND3D0BWP30P140
        2    1.512   IND4D0BWP30P140
       21   10.584   INR2D0BWP30P140
        8     5.04   INR3D0BWP30P140
        3    2.268   INR4D0BWP30P140
        7     4.41   IOA21D0BWP30P140
       30    22.68   MAOI222D0BWP30P140
       15    11.34   MAOI22D0BWP30P140
        4    3.024   MOAI22D0BWP30P140
      114   86.184   MUX2ND0BWP30P140
        1    1.764   MUX3D0BWP30P140
        1    1.638   MUX3ND0BWP30P140
        2    4.788   MUX4D0BWP30P140
       16   36.288   MUX4ND0BWP30P140
       14    7.056   ND3D0BWP30P140
        5     3.15   ND4D0BWP30P140
       99   37.422   NR2D0BWP30P140
       35    17.64   NR3D0BWP30P140
        8     5.04   NR4D0BWP30P140
        2    1.512   OA211D0BWP30P140
        6     3.78   OA21D0BWP30P140
        1    0.882   OA22D0BWP30P140
       13     8.19   OAI211D0BWP30P140
       41   20.664   OAI21D0BWP30P140
        1    0.882   OAI221D0BWP30P140
        1    1.008   OAI222D0BWP30P140
       10      6.3   OAI22D0BWP30P140
        6     3.78   OAI31D0BWP30P140
        3    2.268   OAI32D0BWP30P140
        1    0.882   OAI33D0BWP30P140
        6    3.024   OR2D0BWP30P140
        8     5.04   OR3D0BWP30P140
        2    1.512   OR4D0BWP30P140
       51   44.982   XNR2UD0BWP30P140
        1    1.764   XNR3UD0BWP30P140
       23   20.286   XOR2UD0BWP30P140

   Chip area for module '\FP32Adder': 554.904000
     of which used for sequential elements: 0.000000 (0.00%)

=== ScaleToFP32_INT8_x_INT8_UE2M6 ===

        +----------Local Count, excluding submodules.
        |        +-Local Area, excluding submodules.
        |        | 
      234        - wires
      298        - wire bits
        4        - public wires
       68        - public wire bits
        4        - ports
       68        - port bits
      262  174.384 cells
       11    5.544   AN2D0BWP30P140
        2     1.26   AN3D0BWP30P140
        1    0.756   AN4D0BWP30P140
        1    0.756   AO211D0BWP30P140
        1     0.63   AO21D0BWP30P140
        2     1.26   AOI211D0BWP30P140
       18    9.072   AOI21D0BWP30P140
        6    4.536   AOI221D0BWP30P140
        2     1.26   AOI22D0BWP30P140
        2     1.26   AOI31D0BWP30P140
       19   16.758   CKMUX2D0BWP30P140
       14    3.528   CKND0BWP30P140
       10     3.78   CKND2D0BWP30P140
       12     7.56   IAO21D0BWP30P140
        4    2.016   IND2D0BWP30P140
        1     0.63   IND3D0BWP30P140
        1    0.756   IND4D0BWP30P140
        5     2.52   INR2D0BWP30P140
        4     2.52   IOA21D0BWP30P140
        3    2.268   MAOI222D0BWP30P140
       41   30.996   MUX2ND0BWP30P140
        1    1.638   MUX3ND0BWP30P140
        7   15.876   MUX4ND0BWP30P140
        2    1.008   ND3D0BWP30P140
        1     0.63   ND4D0BWP30P140
       23    8.694   NR2D0BWP30P140
       13    6.552   NR3D0BWP30P140
        7     4.41   NR4D0BWP30P140
        4     2.52   OA21D0BWP30P140
        5     3.15   OAI211D0BWP30P140
        7    3.528   OAI21D0BWP30P140
        2    1.764   OAI221D0BWP30P140
        1     0.63   OAI22D0BWP30P140
        1     0.63   OAI31D0BWP30P140
        2    1.008   OR2D0BWP30P140
        2    1.512   OR4D0BWP30P140
       16   14.112   XNR2UD0BWP30P140
        8    7.056   XOR2UD0BWP30P140

   Chip area for module '\ScaleToFP32_INT8_x_INT8_UE2M6': 174.384000
     of which used for sequential elements: 0.000000 (0.00%)

=== ScaleAddition_INT8_to_INT8_scale_UE2M6 ===

        +----------Local Count, excluding submodules.
        |        +-Local Area, excluding submodules.
        |        | 
     1036        - wires
     1096        - wire bits
        7        - public wires
       67        - public wire bits
        7        - ports
       67        - port bits
     1061  757.134 cells
       25     12.6   AN2D0BWP30P140
        1     0.63   AN3D0BWP30P140
        4    3.024   AN4D0BWP30P140
        5     3.15   AO21D0BWP30P140
        2    1.512   AO22D0BWP30P140
        3     1.89   AOI211D0BWP30P140
       21   10.584   AOI21D0BWP30P140
        1    0.756   AOI221D0BWP30P140
       15     9.45   AOI22D0BWP30P140
       15     9.45   AOI31D0BWP30P140
        1    0.882   CKMUX2D0BWP30P140
       54   13.608   CKND0BWP30P140
      229   86.562   CKND2D0BWP30P140
        5     3.15   IAO21D0BWP30P140
       26   13.104   IND2D0BWP30P140
        3     1.89   IND3D0BWP30P140
       25     12.6   INR2D0BWP30P140
        2     1.26   INR3D0BWP30P140
        1    0.756   INR4D0BWP30P140
        7     4.41   IOA21D0BWP30P140
      125     94.5   MAOI222D0BWP30P140
        6    4.536   MAOI22D0BWP30P140
        7    3.528   ND3D0BWP30P140
       61   23.058   NR2D0BWP30P140
        1    0.504   NR3D0BWP30P140
        1    0.756   OA211D0BWP30P140
        4     2.52   OA21D0BWP30P140
        1     0.63   OAI211D0BWP30P140
       24   12.096   OAI21D0BWP30P140
        2     1.26   OAI22D0BWP30P140
        2     1.26   OAI31D0BWP30P140
        1    0.756   OAI32D0BWP30P140
        1    0.882   OAI33D0BWP30P140
       11    5.544   OR2D0BWP30P140
        2     1.26   OR3D0BWP30P140
      169  149.058   XNR2UD0BWP30P140
       56   98.784   XNR3UD0BWP30P140
        6   15.876   XNR4D0BWP30P140
      106   93.492   XOR2UD0BWP30P140
       27   47.628   XOR3UD0BWP30P140
        3    7.938   XOR4D0BWP30P140

   Chip area for module '\ScaleAddition_INT8_to_INT8_scale_UE2M6': 757.134000
     of which used for sequential elements: 0.000000 (0.00%)

=== CustomOperator_INT8_to_INT8 ===

        +----------Local Count, excluding submodules.
        |        +-Local Area, excluding submodules.
        |        | 
      142        - wires
      169        - wire bits
        4        - public wires
       31        - public wire bits
        4        - ports
       31        - port bits
      151  108.108 cells
       10     5.04   AN2D0BWP30P140
        1    0.756   AO211D0BWP30P140
        2     1.26   AO21D0BWP30P140
        1    0.504   AOI21D0BWP30P140
        1     0.63   AOI22D0BWP30P140
        8    2.016   CKND0BWP30P140
       29   10.962   CKND2D0BWP30P140
        1     0.63   IAO21D0BWP30P140
        3    1.512   IND2D0BWP30P140
        2    1.008   INR2D0BWP30P140
       18   13.608   MAOI222D0BWP30P140
        6    3.024   ND3D0BWP30P140
        5     1.89   NR2D0BWP30P140
        6    3.024   OAI21D0BWP30P140
        2     1.26   OAI22D0BWP30P140
        2     1.26   OAI31D0BWP30P140
        1    0.756   OAI32D0BWP30P140
        2    1.008   OR2D0BWP30P140
        2    1.512   OR4D0BWP30P140
       23   20.286   XNR2UD0BWP30P140
       11   19.404   XNR3UD0BWP30P140
       12   10.584   XOR2UD0BWP30P140
        2    3.528   XOR3UD0BWP30P140
        1    2.646   XOR4D0BWP30P140

   Chip area for module '\CustomOperator_INT8_to_INT8': 108.108000
     of which used for sequential elements: 0.000000 (0.00%)

=== design hierarchy ===

        +----------Count including submodules.
        |        +-Area including submodules.
        |        | 
    75971 5.11E+04 BFP_PE
      151  108.108 CustomOperator_INT8_to_INT8
      898  554.904 FP32Adder
     1061  757.134 ScaleAddition_INT8_to_INT8_scale_UE2M6
      262  174.384 ScaleToFP32_INT8_x_INT8_UE2M6

        +----------Count including submodules.
        |        +-Area including submodules.
        |        | 
    73358        - wires
    87512        - wire bits
      908        - public wires
    15062        - public wire bits
      586        - ports
     8949        - port bits
        -        - memories
        -        - memory bits
        -        - processes
    75971 5.11E+04 cells
     2048 1.03E+03   AN2D0BWP30P140
      256   161.28   AN3D0BWP30P140
      288  217.728   AN4D0BWP30P140
      128   96.768   AO211D0BWP30P140
      672   423.36   AO21D0BWP30P140
      224  169.344   AO22D0BWP30P140
      480    302.4   AOI211D0BWP30P140
     2944 1.48E+03   AOI21D0BWP30P140
      544  411.264   AOI221D0BWP30P140
       64   64.512   AOI222D0BWP30P140
     1600     1008   AOI22D0BWP30P140
      608   383.04   AOI31D0BWP30P140
     1248  1.1E+03   CKMUX2D0BWP30P140
     4512 1.14E+03   CKND0BWP30P140
    10880  4112.64   CKND2D0BWP30P140
       33   74.844   DFCNQD1BWP30P140
      768   483.84   IAO21D0BWP30P140
     1696  854.784   IND2D0BWP30P140
      160    100.8   IND3D0BWP30P140
       96   72.576   IND4D0BWP30P140
     1697  855.288   INR2D0BWP30P140
      320    201.6   INR3D0BWP30P140
      128   96.768   INR4D0BWP30P140
      576   362.88   IOA21D0BWP30P140
     5632 4.26E+03   MAOI222D0BWP30P140
      672  508.032   MAOI22D0BWP30P140
      128   96.768   MOAI22D0BWP30P140
     4960  3749.76   MUX2ND0BWP30P140
       32   56.448   MUX3D0BWP30P140
       64  104.832   MUX3ND0BWP30P140
       64  153.216   MUX4D0BWP30P140
      736 1.67E+03   MUX4ND0BWP30P140
      928  467.712   ND3D0BWP30P140
      192   120.96   ND4D0BWP30P140
     6017 2.27E+03   NR2D0BWP30P140
     1568  790.272   NR3D0BWP30P140
      480    302.4   NR4D0BWP30P140
       96   72.576   OA211D0BWP30P140
      448   282.24   OA21D0BWP30P140
       32   28.224   OA22D0BWP30P140
      608   383.04   OAI211D0BWP30P140
     2496 1.26E+03   OAI21D0BWP30P140
       96   84.672   OAI221D0BWP30P140
       32   32.256   OAI222D0BWP30P140
      480    302.4   OAI22D0BWP30P140
      352   221.76   OAI31D0BWP30P140
      160   120.96   OAI32D0BWP30P140
       64   56.448   OAI33D0BWP30P140
      672  338.688   OR2D0BWP30P140
      320    201.6   OR3D0BWP30P140
      192  145.152   OR4D0BWP30P140
     8288 7.31E+03   XNR2UD0BWP30P140
     2176 3.84E+03   XNR3UD0BWP30P140
      192  508.032   XNR4D0BWP30P140
     4768 4.21E+03   XOR2UD0BWP30P140
      928 1.64E+03   XOR3UD0BWP30P140
      128  338.688   XOR4D0BWP30P140
      128  5.1E+04 submodules
       32 3.46E+03   CustomOperator_INT8_to_INT8
       32 1.78E+04   FP32Adder
       32 2.42E+04   ScaleAddition_INT8_to_INT8_scale_UE2M6
       32 5.58E+03   ScaleToFP32_INT8_x_INT8_UE2M6

   Chip area for top module '\BFP_PE': 51124.878000
     of which used for sequential elements: 74.844000 (0.15%)

