Startpoint: reset (input port clocked by CORE_CLK)
Endpoint: _40_ (recovery check against rising-edge clock CORE_CLK)
Path Group: asynchronous
Path Type: max

    Delay      Time   Description
-------------------------------------------------------------
   0.0000    0.0000   clock CORE_CLK (rise edge)
   0.0000    0.0000   clock network delay (ideal)
   0.0000    0.0000 ^ input external delay
   0.0000    0.0000 ^ reset (in)
   0.0000    0.0000 ^ _40_/CDN (DFCNQD1BWP30P140)
             0.0000   data arrival time

   2.0000    2.0000   clock CORE_CLK (rise edge)
   0.0000    2.0000   clock network delay (ideal)
  -0.0500    1.9500   clock uncertainty
   0.0000    1.9500   clock reconvergence pessimism
             1.9500 ^ _40_/CP (DFCNQD1BWP30P140)
   0.0258    1.9758   library recovery time
             1.9758   data required time
-------------------------------------------------------------
             1.9758   data required time
            -0.0000   data arrival time
-------------------------------------------------------------
             1.9758   slack (MET)


Startpoint: io_op_a_i[5] (input port clocked by CORE_CLK)
Endpoint: _42_ (rising edge-triggered flip-flop clocked by CORE_CLK)
Path Group: CORE_CLK
Path Type: max

    Delay      Time   Description
-------------------------------------------------------------
   0.0000    0.0000   clock CORE_CLK (rise edge)
   0.0000    0.0000   clock network delay (ideal)
   0.0000    0.0000 v input external delay
   0.0000    0.0000 v io_op_a_i[5] (in)
   0.0252    0.0252 ^ op/_088_/ZN (NR4D0BWP30P140)
   0.0169    0.0421 v op/_140_/ZN (AOI21D0BWP30P140)
   0.0132    0.0553 ^ op/_141_/ZN (CKND0BWP30P140)
   0.0229    0.0782 v op/_144_/ZN (MAOI222D0BWP30P140)
   0.0370    0.1152 ^ op/_145_/ZN (MAOI222D0BWP30P140)
   0.0213    0.1365 v op/_146_/ZN (OAI21D0BWP30P140)
   0.0365    0.1730 v op/_149_/ZN (XNR2UD0BWP30P140)
   0.0178    0.1908 ^ tree/_06382_/ZN (CKND0BWP30P140)
   0.0167    0.2075 v tree/_06491_/ZN (AOI22D0BWP30P140)
   0.0157    0.2232 ^ tree/_06492_/ZN (OAI21D0BWP30P140)
   0.0348    0.2580 v tree/_06494_/ZN (MAOI22D0BWP30P140)
   0.0366    0.2946 v tree/_06499_/ZN (MUX2ND0BWP30P140)
   0.0416    0.3362 ^ tree/_06500_/ZN (AOI222D0BWP30P140)
   0.0271    0.3633 ^ tree/_06505_/Z (AO211D0BWP30P140)
   0.0368    0.4001 v tree/_06507_/ZN (AOI22D0BWP30P140)
   0.0380    0.4381 v tree/_06513_/ZN (MUX2ND0BWP30P140)
   0.0242    0.4624 ^ tree/_06514_/ZN (OAI22D0BWP30P140)
   0.0269    0.4893 v tree/_06518_/ZN (OAI221D0BWP30P140)
   0.0398    0.5291 ^ tree/_06523_/ZN (AOI21D0BWP30P140)
   0.0191    0.5482 v tree/_06533_/ZN (NR3D0BWP30P140)
   0.0292    0.5774 ^ tree/_06534_/ZN (OAI33D0BWP30P140)
   0.0174    0.5948 v tree/_06544_/ZN (AOI21D0BWP30P140)
   0.0360    0.6308 ^ tree/_06550_/ZN (OAI21D0BWP30P140)
   0.0426    0.6734 ^ tree/_06561_/Z (OA211D0BWP30P140)
   0.0169    0.6903 v tree/_06568_/ZN (OAI33D0BWP30P140)
   0.0283    0.7185 ^ tree/_06569_/ZN (AOI31D0BWP30P140)
   0.0345    0.7531 v tree/_06575_/ZN (OAI21D0BWP30P140)
   0.0302    0.7833 v tree/_06585_/Z (OA211D0BWP30P140)
   0.0264    0.8097 ^ tree/_06586_/ZN (OAI33D0BWP30P140)
   0.0174    0.8271 v tree/_06597_/ZN (AOI21D0BWP30P140)
   0.0360    0.8631 ^ tree/_06603_/ZN (OAI21D0BWP30P140)
   0.0397    0.9028 ^ tree/_06613_/Z (OA211D0BWP30P140)
   0.0203    0.9231 v tree/_06614_/ZN (OAI33D0BWP30P140)
   0.0215    0.9446 ^ tree/_06625_/ZN (AOI21D0BWP30P140)
   0.0340    0.9786 v tree/_06631_/ZN (OAI21D0BWP30P140)
   0.0300    1.0086 v tree/_06640_/Z (OA211D0BWP30P140)
   0.0264    1.0350 ^ tree/_06641_/ZN (OAI33D0BWP30P140)
   0.0174    1.0524 v tree/_06651_/ZN (AOI21D0BWP30P140)
   0.0362    1.0887 ^ tree/_06657_/ZN (OAI21D0BWP30P140)
   0.0427    1.1314 ^ tree/_06668_/Z (OA211D0BWP30P140)
   0.0169    1.1482 v tree/_06675_/ZN (OAI33D0BWP30P140)
   0.0283    1.1765 ^ tree/_06676_/ZN (AOI31D0BWP30P140)
   0.0341    1.2106 v tree/_06682_/ZN (OAI21D0BWP30P140)
   0.0301    1.2406 v tree/_06691_/Z (OA211D0BWP30P140)
   0.0274    1.2681 ^ tree/_06692_/ZN (OAI33D0BWP30P140)
   0.0203    1.2884 v tree/_06701_/ZN (AOI221D0BWP30P140)
   0.0392    1.3276 ^ tree/_06707_/ZN (OAI21D0BWP30P140)
   0.0427    1.3703 ^ tree/_06717_/Z (OA211D0BWP30P140)
   0.0169    1.3871 v tree/_06723_/ZN (OAI33D0BWP30P140)
   0.0280    1.4152 ^ tree/_06724_/ZN (AOI31D0BWP30P140)
   0.0262    1.4413 v tree/_06730_/ZN (OAI21D0BWP30P140)
   0.0270    1.4683 v tree/_06735_/Z (OA211D0BWP30P140)
   0.0267    1.4949 ^ tree/_06736_/ZN (OAI33D0BWP30P140)
   0.0272    1.5222 v tree/_06746_/ZN (ND4D0BWP30P140)
   0.0367    1.5588 ^ tree/_06753_/ZN (AOI21D0BWP30P140)
   0.0184    1.5772 v tree/_06765_/ZN (NR3D0BWP30P140)
   0.0299    1.6071 ^ tree/_06766_/ZN (OAI33D0BWP30P140)
   0.0204    1.6275 v tree/_06774_/ZN (AOI221D0BWP30P140)
   0.0390    1.6664 ^ tree/_06778_/ZN (OAI21D0BWP30P140)
   0.0426    1.7091 ^ tree/_06793_/Z (OA211D0BWP30P140)
   0.0168    1.7259 v tree/_06799_/ZN (OAI33D0BWP30P140)
   0.0251    1.7510 ^ tree/_06800_/ZN (AOI31D0BWP30P140)
   0.0223    1.7733 v tree/_06804_/ZN (OAI21D0BWP30P140)
   0.0315    1.8048 v tree/_06805_/Z (AN2D0BWP30P140)
   0.0281    1.8329 v tree/_06824_/ZN (MUX2ND0BWP30P140)
   0.0344    1.8672 v tree/_06829_/ZN (XNR2UD0BWP30P140)
   0.0290    1.8962 ^ tree/_06832_/ZN (NR4D0BWP30P140)
   0.0282    1.9244 v tree/_06836_/ZN (OAI31D0BWP30P140)
   0.0602    1.9846 ^ tree/_06840_/ZN (AOI21D0BWP30P140)
   0.1654    2.1500 v tree/_06850_/ZN (MUX2ND0BWP30P140)
   0.0929    2.2429 ^ tree/_07803_/ZN (MAOI222D0BWP30P140)
   0.0241    2.2670 v tree/_07806_/ZN (AOI211D0BWP30P140)
   0.0255    2.2925 ^ tree/_07808_/ZN (NR3D0BWP30P140)
   0.0969    2.3893 v tree/_07814_/ZN (OAI22D0BWP30P140)
   0.1247    2.5140 ^ tree/_07829_/ZN (AOI21D0BWP30P140)
   0.0481    2.5621 v tree/_07848_/ZN (MUX4ND0BWP30P140)
   0.0458    2.6079 ^ tree/_07889_/ZN (AOI211D0BWP30P140)
   0.0253    2.6332 v tree/_07891_/ZN (AOI211D0BWP30P140)
   0.0247    2.6580 ^ tree/_07921_/ZN (NR2D0BWP30P140)
   0.0223    2.6802 v tree/_11983_/ZN (XNR2UD0BWP30P140)
   0.0317    2.7119 v tree/_11984_/Z (XOR3UD0BWP30P140)
   0.0356    2.7475 v tree/_12045_/ZN (XNR3UD0BWP30P140)
   0.0652    2.8127 v tree/_12106_/Z (XOR3UD0BWP30P140)
   0.0652    2.8780 v tree/_12159_/Z (XOR3UD0BWP30P140)
   0.0662    2.9442 v tree/_12192_/Z (XOR3UD0BWP30P140)
   0.0582    3.0024 v tree/_12211_/ZN (XNR3UD0BWP30P140)
   0.0349    3.0372 ^ tree/_12219_/ZN (MAOI222D0BWP30P140)
   0.0206    3.0578 v tree/_12221_/ZN (OAI21D0BWP30P140)
   0.0307    3.0885 ^ tree/_12222_/ZN (MAOI222D0BWP30P140)
   0.0291    3.1176 v tree/_12223_/ZN (MAOI222D0BWP30P140)
   0.0259    3.1435 ^ tree/_12225_/ZN (AOI21D0BWP30P140)
   0.0283    3.1717 v tree/_12226_/ZN (MAOI222D0BWP30P140)
   0.0305    3.2023 v tree/_12228_/Z (AO21D0BWP30P140)
   0.0221    3.2244 v tree/_12230_/ZN (IOA21D0BWP30P140)
   0.0278    3.2522 ^ tree/_12231_/ZN (MAOI222D0BWP30P140)
   0.0262    3.2784 v tree/_12232_/ZN (MAOI222D0BWP30P140)
   0.0367    3.3150 ^ tree/_12233_/ZN (MAOI222D0BWP30P140)
   0.0251    3.3402 v tree/_12235_/ZN (OAI21D0BWP30P140)
   0.0359    3.3760 ^ tree/_12237_/ZN (MAOI222D0BWP30P140)
   0.0253    3.4013 v tree/_12239_/ZN (OAI21D0BWP30P140)
   0.0360    3.4373 ^ tree/_12241_/ZN (MAOI222D0BWP30P140)
   0.0256    3.4629 v tree/_12243_/ZN (OAI21D0BWP30P140)
   0.0325    3.4954 ^ tree/_12245_/ZN (MAOI222D0BWP30P140)
   0.0300    3.5255 v tree/_12246_/ZN (MAOI222D0BWP30P140)
   0.0418    3.5673 ^ tree/_12248_/ZN (MAOI222D0BWP30P140)
   0.0281    3.5955 v tree/_12252_/ZN (OAI211D0BWP30P140)
   0.0325    3.6280 ^ tree/_12254_/ZN (AOI31D0BWP30P140)
   0.0263    3.6543 v tree/_12257_/ZN (OAI21D0BWP30P140)
   0.0251    3.6794 ^ tree/_12264_/ZN (AOI31D0BWP30P140)
   0.0235    3.7030 v tree/_12265_/ZN (OAI21D0BWP30P140)
   0.0387    3.7417 ^ tree/_12267_/ZN (MAOI222D0BWP30P140)
   0.0286    3.7703 v tree/_12271_/ZN (OAI211D0BWP30P140)
   0.0326    3.8029 ^ tree/_12273_/ZN (AOI31D0BWP30P140)
   0.0263    3.8292 v tree/_12276_/ZN (OAI21D0BWP30P140)
   0.0286    3.8577 ^ tree/_12280_/ZN (AOI211D0BWP30P140)
   0.0221    3.8799 v tree/_12282_/ZN (OAI31D0BWP30P140)
   0.0306    3.9105 v tree/_12283_/Z (AO21D0BWP30P140)
   0.0245    3.9349 ^ tree/_12289_/ZN (AOI31D0BWP30P140)
   0.0270    3.9620 v tree/_12291_/ZN (MAOI222D0BWP30P140)
   0.0603    4.0223 ^ tree/_12297_/Z (XOR2UD0BWP30P140)
   0.0695    4.0918 v tree/_12298_/ZN (CKND0BWP30P140)
   0.0354    4.1272 ^ tree/_12370_/ZN (OAI31D0BWP30P140)
   0.0334    4.1606 v tree/_12373_/ZN (IND4D0BWP30P140)
   0.0390    4.1996 v tree/_12376_/ZN (IND3D0BWP30P140)
   0.0310    4.2306 ^ tree/_12378_/ZN (INR4D0BWP30P140)
   0.0239    4.2545 ^ tree/_12379_/Z (AN2D0BWP30P140)
   0.0209    4.2754 ^ tree/_12380_/Z (AN2D0BWP30P140)
   0.0224    4.2978 ^ tree/_12381_/Z (AN2D0BWP30P140)
   0.0257    4.3235 v tree/_12387_/ZN (AOI31D0BWP30P140)
   0.0305    4.3540 ^ tree/_12423_/ZN (AOI21D0BWP30P140)
   0.0212    4.3752 v tree/_12424_/ZN (AOI21D0BWP30P140)
   0.0299    4.4051 ^ tree/_12426_/ZN (AOI21D0BWP30P140)
   0.0290    4.4342 ^ tree/_12427_/Z (OA21D0BWP30P140)
   0.0261    4.4602 ^ tree/_12428_/Z (OA21D0BWP30P140)
   0.0260    4.4862 ^ tree/_12429_/Z (OA21D0BWP30P140)
   0.0260    4.5123 ^ tree/_12430_/Z (OA21D0BWP30P140)
   0.0240    4.5363 ^ tree/_12431_/Z (OA21D0BWP30P140)
   0.0271    4.5634 ^ tree/_12432_/Z (XOR2UD0BWP30P140)
   0.0130    4.5764 v tree/_12435_/ZN (CKND2D0BWP30P140)
   0.2868    4.8632 ^ tree/_12536_/ZN (NR2D0BWP30P140)
   0.1265    4.9897 v tree/_12537_/ZN (CKND0BWP30P140)
   0.0772    5.0669 ^ tree/_12643_/ZN (MUX4ND0BWP30P140)
   0.0410    5.1078 v tree/_12692_/ZN (MUX3ND0BWP30P140)
   0.0376    5.1454 ^ tree/_12709_/ZN (AOI21D0BWP30P140)
   0.0133    5.1587 v tree/_12710_/ZN (AOI21D0BWP30P140)
   0.0171    5.1758 ^ tree/_12711_/ZN (ND4D0BWP30P140)
   0.0311    5.2069 v tree/_12713_/ZN (IND4D0BWP30P140)
   0.0351    5.2420 ^ tree/_12716_/ZN (NR4D0BWP30P140)
   0.0353    5.2773 v tree/_12718_/ZN (IND3D0BWP30P140)
   0.0284    5.3057 ^ tree/_12741_/ZN (NR3D0BWP30P140)
   0.0240    5.3297 v tree/_12757_/ZN (AOI221D0BWP30P140)
   0.0348    5.3645 v tree/_12758_/ZN (XNR2UD0BWP30P140)
   0.0620    5.4264 v d2fpn/_096_/ZN (XNR3UD0BWP30P140)
   0.0290    5.4555 ^ d2fpn/_103_/Z (XOR2UD0BWP30P140)
   0.0340    5.4895 v d2fpn/_111_/ZN (IND4D0BWP30P140)
   0.0310    5.5205 ^ d2fpn/_113_/ZN (AOI21D0BWP30P140)
   0.0219    5.5424 v d2fpn/_116_/ZN (OAI21D0BWP30P140)
   0.0257    5.5681 ^ d2fpn/_118_/ZN (AOI21D0BWP30P140)
   0.0203    5.5884 ^ d2fpn/_133_/ZN (IND2D0BWP30P140)
   0.0194    5.6078 v d2fpn/_144_/ZN (ND4D0BWP30P140)
   0.0743    5.6821 ^ d2fpn/_146_/ZN (INR3D0BWP30P140)
   0.0342    5.7163 v d2fpn/_151_/ZN (NR3D0BWP30P140)
   0.0293    5.7455 v accAdder/_461_/ZN (XNR2UD0BWP30P140)
   0.0335    5.7790 v accAdder/_462_/Z (AO21D0BWP30P140)
   0.0238    5.8028 ^ accAdder/_465_/ZN (AOI211D0BWP30P140)
   0.0245    5.8273 v accAdder/_467_/ZN (OAI31D0BWP30P140)
   0.0264    5.8536 ^ accAdder/_470_/ZN (OAI211D0BWP30P140)
   0.0335    5.8872 ^ accAdder/_491_/Z (AN3D0BWP30P140)
   0.0447    5.9319 v accAdder/_494_/ZN (OAI211D0BWP30P140)
   0.0876    6.0195 v accAdder/_518_/ZN (MUX2ND0BWP30P140)
   0.0860    6.1054 ^ accAdder/_543_/ZN (AOI31D0BWP30P140)
   0.0611    6.1665 v accAdder/_549_/ZN (ND3D0BWP30P140)
   0.0399    6.2064 v accAdder/_566_/Z (OA21D0BWP30P140)
   0.0311    6.2375 ^ accAdder/_589_/ZN (MUX3ND0BWP30P140)
   0.0331    6.2706 v accAdder/_677_/ZN (AOI221D0BWP30P140)
   0.0251    6.2957 ^ accAdder/_678_/ZN (ND3D0BWP30P140)
   0.0175    6.3132 v accAdder/_680_/ZN (OAI21D0BWP30P140)
   0.0236    6.3368 ^ accAdder/_681_/ZN (AOI21D0BWP30P140)
   0.0255    6.3623 v accAdder/_682_/ZN (MAOI222D0BWP30P140)
   0.0329    6.3952 ^ accAdder/_684_/ZN (MAOI222D0BWP30P140)
   0.0301    6.4253 v accAdder/_686_/ZN (MAOI222D0BWP30P140)
   0.0324    6.4577 ^ accAdder/_687_/ZN (AOI211D0BWP30P140)
   0.0238    6.4815 v accAdder/_688_/ZN (OAI32D0BWP30P140)
   0.0302    6.5117 ^ accAdder/_698_/ZN (AOI211D0BWP30P140)
   0.0230    6.5347 ^ accAdder/_700_/Z (OR2D0BWP30P140)
   0.1489    6.6836 v accAdder/_751_/ZN (AOI31D0BWP30P140)
   0.0882    6.7718 v accAdder/_791_/ZN (MUX4ND0BWP30P140)
   0.0430    6.8148 ^ accAdder/_792_/ZN (NR4D0BWP30P140)
   0.0345    6.8493 v accAdder/_798_/ZN (IND4D0BWP30P140)
   0.0296    6.8789 ^ accAdder/_801_/ZN (NR3D0BWP30P140)
   0.0291    6.9080 v accAdder/_803_/ZN (IND3D0BWP30P140)
   0.0406    6.9487 ^ accAdder/_805_/ZN (MAOI222D0BWP30P140)
   0.0426    6.9913 v accAdder/_810_/ZN (IND4D0BWP30P140)
   0.0444    7.0357 ^ accAdder/_820_/ZN (AOI211D0BWP30P140)
   0.0333    7.0690 ^ accAdder/_821_/Z (AN3D0BWP30P140)
   0.0241    7.0932 ^ accAdder/_828_/ZN (MAOI22D0BWP30P140)
   0.0569    7.1501 v accAdder/_855_/ZN (OAI31D0BWP30P140)
   0.0427    7.1928 ^ accAdder/_877_/ZN (INR4D0BWP30P140)
   0.0262    7.2190 ^ _32_/Z (AO22D0BWP30P140)
   0.0000    7.2190 ^ _42_/D (DFCNQD1BWP30P140)
             7.2190   data arrival time

   2.0000    2.0000   clock CORE_CLK (rise edge)
   0.0000    2.0000   clock network delay (ideal)
  -0.0500    1.9500   clock uncertainty
   0.0000    1.9500   clock reconvergence pessimism
             1.9500 ^ _42_/CP (DFCNQD1BWP30P140)
  -0.0170    1.9330   library setup time
             1.9330   data required time
-------------------------------------------------------------
             1.9330   data required time
            -7.2190   data arrival time
-------------------------------------------------------------
            -5.2860   slack (VIOLATED)


