Startpoint: reset (input port clocked by CORE_CLK)
Endpoint: _068_ (recovery check against rising-edge clock CORE_CLK)
Path Group: asynchronous
Path Type: max

    Delay      Time   Description
-------------------------------------------------------------
   0.0000    0.0000   clock CORE_CLK (rise edge)
   0.0000    0.0000   clock network delay (ideal)
   0.0000    0.0000 ^ input external delay
   0.0000    0.0000 ^ reset (in)
   0.0000    0.0000 ^ _068_/CDN (DFCNQD1BWP30P140)
             0.0000   data arrival time

  20.0000   20.0000   clock CORE_CLK (rise edge)
   0.0000   20.0000   clock network delay (ideal)
  -0.0500   19.9500   clock uncertainty
   0.0000   19.9500   clock reconvergence pessimism
            19.9500 ^ _068_/CP (DFCNQD1BWP30P140)
   0.0258   19.9758   library recovery time
            19.9758   data required time
-------------------------------------------------------------
            19.9758   data required time
            -0.0000   data arrival time
-------------------------------------------------------------
            19.9758   slack (MET)


Startpoint: io_op_a_i[0] (input port clocked by CORE_CLK)
Endpoint: _070_ (rising edge-triggered flip-flop clocked by CORE_CLK)
Path Group: CORE_CLK
Path Type: max

    Delay      Time   Description
-------------------------------------------------------------
   0.0000    0.0000   clock CORE_CLK (rise edge)
   0.0000    0.0000   clock network delay (ideal)
   0.0000    0.0000 ^ input external delay
   0.0000    0.0000 ^ io_op_a_i[0] (in)
   0.0217    0.0217 v reducedSum_op/_066_/ZN (OAI31D0BWP30P140)
   0.0603    0.0819 v reducedSum_op/_071_/Z (XOR3UD0BWP30P140)
   0.0207    0.1027 ^ reducedSum_op/_072_/ZN (NR2D0BWP30P140)
   0.0287    0.1313 v reducedSum_op/_073_/ZN (MAOI222D0BWP30P140)
   0.0360    0.1673 ^ reducedSum_op/_075_/ZN (MAOI222D0BWP30P140)
   0.0584    0.2257 ^ reducedSum_op/_082_/Z (XOR2UD0BWP30P140)
   0.0456    0.2713 ^ reducedSum_sa/_0607_/Z (AN4D0BWP30P140)
   0.0088    0.2801 v reducedSum_sa/_0608_/ZN (NR2D0BWP30P140)
   0.0257    0.3058 v reducedSum_sa/_0609_/ZN (XNR2UD0BWP30P140)
   0.0275    0.3333 ^ reducedSum_sa/_0666_/Z (XOR2UD0BWP30P140)
   0.0347    0.3680 v reducedSum_sa/_0667_/ZN (AOI32D0BWP30P140)
   0.0572    0.4252 v reducedSum_sa/_0707_/ZN (XNR4D0BWP30P140)
   0.0317    0.4569 v reducedSum_sa/_0834_/Z (XOR2UD0BWP30P140)
   0.0599    0.5168 ^ reducedSum_sa/_0854_/Z (XOR3UD0BWP30P140)
   0.0312    0.5480 v reducedSum_sa/_0894_/ZN (MAOI222D0BWP30P140)
   0.0285    0.5765 v reducedSum_sa/_0897_/ZN (IOA21D0BWP30P140)
   0.0314    0.6079 ^ reducedSum_sa/_0898_/ZN (MAOI222D0BWP30P140)
   0.0203    0.6282 v reducedSum_sa/_1091_/ZN (OAI21D0BWP30P140)
   0.0340    0.6622 ^ reducedSum_sa/_1092_/ZN (MAOI222D0BWP30P140)
   0.0206    0.6828 v reducedSum_sa/_1095_/ZN (OAI21D0BWP30P140)
   0.0307    0.7135 ^ reducedSum_sa/_1096_/ZN (MAOI222D0BWP30P140)
   0.0292    0.7427 v reducedSum_sa/_1097_/ZN (MAOI222D0BWP30P140)
   0.0302    0.7728 ^ reducedSum_sa/_1100_/ZN (AOI21D0BWP30P140)
   0.0238    0.7966 v reducedSum_sa/_1135_/ZN (OAI21D0BWP30P140)
   0.0385    0.8351 ^ reducedSum_sa/_1137_/ZN (MAOI222D0BWP30P140)
   0.0328    0.8679 v reducedSum_sa/_1184_/ZN (MAOI222D0BWP30P140)
   0.0312    0.8991 v reducedSum_sa/_1189_/ZN (XNR2UD0BWP30P140)
   0.0177    0.9168 ^ reducedSum_reduced_nextLevel_adder/_0613_/ZN (CKND0BWP30P140)
   0.0203    0.9371 v reducedSum_reduced_nextLevel_adder/_0674_/ZN (OAI22D0BWP30P140)
   0.0219    0.9590 ^ reducedSum_reduced_nextLevel_adder/_0676_/ZN (AOI21D0BWP30P140)
   0.0267    0.9857 v reducedSum_reduced_nextLevel_adder/_0677_/ZN (OAI211D0BWP30P140)
   0.0187    1.0044 ^ reducedSum_reduced_nextLevel_adder/_0680_/ZN (NR2D0BWP30P140)
   0.0132    1.0175 v reducedSum_reduced_nextLevel_adder/_0681_/ZN (AOI221D0BWP30P140)
   0.0168    1.0344 ^ reducedSum_reduced_nextLevel_adder/_0682_/ZN (OAI31D0BWP30P140)
   0.4250    1.4593 v reducedSum_reduced_nextLevel_adder/_0684_/ZN (AOI21D0BWP30P140)
   0.1584    1.6177 ^ reducedSum_reduced_nextLevel_adder/_0865_/ZN (MUX4ND0BWP30P140)
   0.0249    1.6427 v reducedSum_reduced_nextLevel_adder/_0885_/ZN (MUX2ND0BWP30P140)
   0.0317    1.6743 v reducedSum_reduced_nextLevel_adder/_0954_/ZN (MOAI22D0BWP30P140)
   0.0451    1.7195 ^ reducedSum_reduced_nextLevel_adder/_0956_/ZN (AOI211D0BWP30P140)
   0.0370    1.7565 ^ reducedSum_reduced_nextLevel_adder/_0961_/Z (AN3D0BWP30P140)
   0.0245    1.7810 v reducedSum_reduced_nextLevel_adder/_0966_/ZN (AOI31D0BWP30P140)
   0.0284    1.8094 ^ reducedSum_reduced_nextLevel_adder/_0967_/ZN (OAI221D0BWP30P140)
   0.0263    1.8357 v reducedSum_reduced_nextLevel_adder/_0968_/ZN (AOI31D0BWP30P140)
   0.0331    1.8688 ^ reducedSum_reduced_nextLevel_adder/_0970_/ZN (MAOI222D0BWP30P140)
   0.0298    1.8986 v reducedSum_reduced_nextLevel_adder/_0972_/ZN (MAOI222D0BWP30P140)
   0.0350    1.9336 ^ reducedSum_reduced_nextLevel_adder/_0974_/ZN (MAOI222D0BWP30P140)
   0.0245    1.9582 v reducedSum_reduced_nextLevel_adder/_0979_/ZN (AOI21D0BWP30P140)
   0.0280    1.9861 ^ reducedSum_reduced_nextLevel_adder/_0984_/ZN (OAI31D0BWP30P140)
   0.0221    2.0082 v reducedSum_reduced_nextLevel_adder/_0986_/ZN (AOI31D0BWP30P140)
   0.0292    2.0374 v reducedSum_reduced_nextLevel_adder/_0987_/ZN (IAO21D0BWP30P140)
   0.0179    2.0552 ^ reducedSum_reduced_nextLevel_adder/_0993_/ZN (OAI21D0BWP30P140)
   0.0228    2.0781 v reducedSum_reduced_nextLevel_adder/_0994_/ZN (AOI31D0BWP30P140)
   0.0351    2.1131 ^ reducedSum_reduced_nextLevel_adder/_0995_/ZN (MAOI222D0BWP30P140)
   0.0218    2.1349 v reducedSum_reduced_nextLevel_adder/_0999_/ZN (AOI211D0BWP30P140)
   0.0333    2.1682 ^ reducedSum_reduced_nextLevel_adder/_1001_/ZN (OAI31D0BWP30P140)
   0.1071    2.2753 v reducedSum_reduced_nextLevel_adder/_1005_/ZN (OAI21D0BWP30P140)
   0.0568    2.3321 v reducedSum_reduced_nextLevel_adder/_1020_/ZN (MUX2ND0BWP30P140)
   0.0362    2.3683 ^ reducedSum_reduced_nextLevel_adder/_1032_/ZN (NR4D0BWP30P140)
   0.0511    2.4195 v reducedSum_reduced_nextLevel_adder/_1046_/ZN (ND4D0BWP30P140)
   0.0374    2.4569 ^ reducedSum_reduced_nextLevel_adder/_1063_/ZN (NR4D0BWP30P140)
   0.0459    2.5028 v reducedSum_reduced_nextLevel_adder/_1078_/ZN (ND4D0BWP30P140)
   0.0443    2.5471 ^ reducedSum_reduced_nextLevel_adder/_1094_/ZN (INR4D0BWP30P140)
   0.0526    2.5997 v reducedSum_reduced_nextLevel_adder/_1111_/ZN (ND4D0BWP30P140)
   0.0520    2.6517 v reducedSum_reduced_nextLevel_adder/_1189_/ZN (IND4D0BWP30P140)
   0.0346    2.6863 ^ reducedSum_reduced_nextLevel_adder/_1190_/ZN (NR2D0BWP30P140)
   0.0213    2.7076 v reducedSum_reduced_nextLevel_adder/_1206_/ZN (NR3D0BWP30P140)
   0.0312    2.7388 v reducedSum_reduced_nextLevel_adder_8/_0624_/ZN (XNR2UD0BWP30P140)
   0.0325    2.7713 v reducedSum_reduced_nextLevel_adder_8/_0625_/Z (AO21D0BWP30P140)
   0.0237    2.7950 ^ reducedSum_reduced_nextLevel_adder_8/_0628_/ZN (AOI211D0BWP30P140)
   0.0234    2.8184 v reducedSum_reduced_nextLevel_adder_8/_0630_/ZN (OAI31D0BWP30P140)
   0.0337    2.8522 ^ reducedSum_reduced_nextLevel_adder_8/_0631_/ZN (MAOI222D0BWP30P140)
   0.0277    2.8799 v reducedSum_reduced_nextLevel_adder_8/_0633_/ZN (XNR2UD0BWP30P140)
   0.0271    2.9070 v reducedSum_reduced_nextLevel_adder_8/_0645_/Z (AN2D0BWP30P140)
   0.5368    3.4437 ^ reducedSum_reduced_nextLevel_adder_8/_0684_/ZN (AOI21D0BWP30P140)
   0.0547    3.4985 v reducedSum_reduced_nextLevel_adder_8/_0704_/ZN (MUX4ND0BWP30P140)
   0.0639    3.5624 ^ reducedSum_reduced_nextLevel_adder_8/_0739_/ZN (MUX2ND0BWP30P140)
   0.0306    3.5930 v reducedSum_reduced_nextLevel_adder_8/_0778_/ZN (MUX2ND0BWP30P140)
   0.0310    3.6240 v reducedSum_reduced_nextLevel_adder_8/_0957_/Z (OR2D0BWP30P140)
   0.0214    3.6454 v reducedSum_reduced_nextLevel_adder_8/_0961_/Z (AN3D0BWP30P140)
   0.0222    3.6675 ^ reducedSum_reduced_nextLevel_adder_8/_0966_/ZN (AOI31D0BWP30P140)
   0.0321    3.6997 v reducedSum_reduced_nextLevel_adder_8/_0967_/ZN (OAI221D0BWP30P140)
   0.0355    3.7352 ^ reducedSum_reduced_nextLevel_adder_8/_0968_/ZN (AOI31D0BWP30P140)
   0.0267    3.7619 v reducedSum_reduced_nextLevel_adder_8/_0970_/ZN (MAOI222D0BWP30P140)
   0.0396    3.8015 ^ reducedSum_reduced_nextLevel_adder_8/_0972_/ZN (MAOI222D0BWP30P140)
   0.0284    3.8298 v reducedSum_reduced_nextLevel_adder_8/_0974_/ZN (MAOI222D0BWP30P140)
   0.0336    3.8634 ^ reducedSum_reduced_nextLevel_adder_8/_0979_/ZN (AOI21D0BWP30P140)
   0.0197    3.8832 v reducedSum_reduced_nextLevel_adder_8/_0984_/ZN (OAI31D0BWP30P140)
   0.0222    3.9054 ^ reducedSum_reduced_nextLevel_adder_8/_0986_/ZN (AOI31D0BWP30P140)
   0.0276    3.9329 ^ reducedSum_reduced_nextLevel_adder_8/_0987_/ZN (IAO21D0BWP30P140)
   0.0170    3.9499 v reducedSum_reduced_nextLevel_adder_8/_0993_/ZN (OAI21D0BWP30P140)
   0.0244    3.9744 ^ reducedSum_reduced_nextLevel_adder_8/_0994_/ZN (AOI31D0BWP30P140)
   0.0279    4.0023 v reducedSum_reduced_nextLevel_adder_8/_0995_/ZN (MAOI222D0BWP30P140)
   0.0345    4.0368 ^ reducedSum_reduced_nextLevel_adder_8/_0999_/ZN (AOI211D0BWP30P140)
   0.0234    4.0602 v reducedSum_reduced_nextLevel_adder_8/_1001_/ZN (OAI31D0BWP30P140)
   0.1204    4.1806 ^ reducedSum_reduced_nextLevel_adder_8/_1005_/ZN (OAI21D0BWP30P140)
   0.0309    4.2115 v reducedSum_reduced_nextLevel_adder_8/_1020_/ZN (MUX2ND0BWP30P140)
   0.0362    4.2477 ^ reducedSum_reduced_nextLevel_adder_8/_1032_/ZN (NR4D0BWP30P140)
   0.0511    4.2988 v reducedSum_reduced_nextLevel_adder_8/_1046_/ZN (ND4D0BWP30P140)
   0.0374    4.3362 ^ reducedSum_reduced_nextLevel_adder_8/_1063_/ZN (NR4D0BWP30P140)
   0.0459    4.3822 v reducedSum_reduced_nextLevel_adder_8/_1078_/ZN (ND4D0BWP30P140)
   0.0443    4.4265 ^ reducedSum_reduced_nextLevel_adder_8/_1094_/ZN (INR4D0BWP30P140)
   0.0526    4.4791 v reducedSum_reduced_nextLevel_adder_8/_1111_/ZN (ND4D0BWP30P140)
   0.0520    4.5310 v reducedSum_reduced_nextLevel_adder_8/_1189_/ZN (IND4D0BWP30P140)
   0.0346    4.5657 ^ reducedSum_reduced_nextLevel_adder_8/_1190_/ZN (NR2D0BWP30P140)
   0.0213    4.5870 v reducedSum_reduced_nextLevel_adder_8/_1206_/ZN (NR3D0BWP30P140)
   0.0312    4.6181 v reducedSum_reduced_nextLevel_adder_12/_0624_/ZN (XNR2UD0BWP30P140)
   0.0325    4.6507 v reducedSum_reduced_nextLevel_adder_12/_0625_/Z (AO21D0BWP30P140)
   0.0237    4.6744 ^ reducedSum_reduced_nextLevel_adder_12/_0628_/ZN (AOI211D0BWP30P140)
   0.0234    4.6978 v reducedSum_reduced_nextLevel_adder_12/_0630_/ZN (OAI31D0BWP30P140)
   0.0337    4.7315 ^ reducedSum_reduced_nextLevel_adder_12/_0631_/ZN (MAOI222D0BWP30P140)
   0.0277    4.7592 v reducedSum_reduced_nextLevel_adder_12/_0633_/ZN (XNR2UD0BWP30P140)
   0.0271    4.7863 v reducedSum_reduced_nextLevel_adder_12/_0645_/Z (AN2D0BWP30P140)
   0.5368    5.3231 ^ reducedSum_reduced_nextLevel_adder_12/_0684_/ZN (AOI21D0BWP30P140)
   0.0547    5.3778 v reducedSum_reduced_nextLevel_adder_12/_0704_/ZN (MUX4ND0BWP30P140)
   0.0639    5.4417 ^ reducedSum_reduced_nextLevel_adder_12/_0739_/ZN (MUX2ND0BWP30P140)
   0.0306    5.4724 v reducedSum_reduced_nextLevel_adder_12/_0778_/ZN (MUX2ND0BWP30P140)
   0.0310    5.5034 v reducedSum_reduced_nextLevel_adder_12/_0957_/Z (OR2D0BWP30P140)
   0.0214    5.5247 v reducedSum_reduced_nextLevel_adder_12/_0961_/Z (AN3D0BWP30P140)
   0.0222    5.5469 ^ reducedSum_reduced_nextLevel_adder_12/_0966_/ZN (AOI31D0BWP30P140)
   0.0321    5.5791 v reducedSum_reduced_nextLevel_adder_12/_0967_/ZN (OAI221D0BWP30P140)
   0.0355    5.6146 ^ reducedSum_reduced_nextLevel_adder_12/_0968_/ZN (AOI31D0BWP30P140)
   0.0267    5.6413 v reducedSum_reduced_nextLevel_adder_12/_0970_/ZN (MAOI222D0BWP30P140)
   0.0396    5.6808 ^ reducedSum_reduced_nextLevel_adder_12/_0972_/ZN (MAOI222D0BWP30P140)
   0.0284    5.7092 v reducedSum_reduced_nextLevel_adder_12/_0974_/ZN (MAOI222D0BWP30P140)
   0.0336    5.7428 ^ reducedSum_reduced_nextLevel_adder_12/_0979_/ZN (AOI21D0BWP30P140)
   0.0197    5.7625 v reducedSum_reduced_nextLevel_adder_12/_0984_/ZN (OAI31D0BWP30P140)
   0.0222    5.7847 ^ reducedSum_reduced_nextLevel_adder_12/_0986_/ZN (AOI31D0BWP30P140)
   0.0276    5.8123 ^ reducedSum_reduced_nextLevel_adder_12/_0987_/ZN (IAO21D0BWP30P140)
   0.0170    5.8293 v reducedSum_reduced_nextLevel_adder_12/_0993_/ZN (OAI21D0BWP30P140)
   0.0244    5.8538 ^ reducedSum_reduced_nextLevel_adder_12/_0994_/ZN (AOI31D0BWP30P140)
   0.0279    5.8817 v reducedSum_reduced_nextLevel_adder_12/_0995_/ZN (MAOI222D0BWP30P140)
   0.0345    5.9162 ^ reducedSum_reduced_nextLevel_adder_12/_0999_/ZN (AOI211D0BWP30P140)
   0.0234    5.9396 v reducedSum_reduced_nextLevel_adder_12/_1001_/ZN (OAI31D0BWP30P140)
   0.1204    6.0600 ^ reducedSum_reduced_nextLevel_adder_12/_1005_/ZN (OAI21D0BWP30P140)
   0.0309    6.0909 v reducedSum_reduced_nextLevel_adder_12/_1020_/ZN (MUX2ND0BWP30P140)
   0.0362    6.1271 ^ reducedSum_reduced_nextLevel_adder_12/_1032_/ZN (NR4D0BWP30P140)
   0.0511    6.1782 v reducedSum_reduced_nextLevel_adder_12/_1046_/ZN (ND4D0BWP30P140)
   0.0374    6.2156 ^ reducedSum_reduced_nextLevel_adder_12/_1063_/ZN (NR4D0BWP30P140)
   0.0459    6.2615 v reducedSum_reduced_nextLevel_adder_12/_1078_/ZN (ND4D0BWP30P140)
   0.0443    6.3059 ^ reducedSum_reduced_nextLevel_adder_12/_1094_/ZN (INR4D0BWP30P140)
   0.0526    6.3584 v reducedSum_reduced_nextLevel_adder_12/_1111_/ZN (ND4D0BWP30P140)
   0.0520    6.4104 v reducedSum_reduced_nextLevel_adder_12/_1189_/ZN (IND4D0BWP30P140)
   0.0346    6.4450 ^ reducedSum_reduced_nextLevel_adder_12/_1190_/ZN (NR2D0BWP30P140)
   0.0213    6.4663 v reducedSum_reduced_nextLevel_adder_12/_1206_/ZN (NR3D0BWP30P140)
   0.0312    6.4975 v reducedSum_reduced_nextLevel_adder_14/_0624_/ZN (XNR2UD0BWP30P140)
   0.0325    6.5300 v reducedSum_reduced_nextLevel_adder_14/_0625_/Z (AO21D0BWP30P140)
   0.0237    6.5538 ^ reducedSum_reduced_nextLevel_adder_14/_0628_/ZN (AOI211D0BWP30P140)
   0.0234    6.5772 v reducedSum_reduced_nextLevel_adder_14/_0630_/ZN (OAI31D0BWP30P140)
   0.0337    6.6109 ^ reducedSum_reduced_nextLevel_adder_14/_0631_/ZN (MAOI222D0BWP30P140)
   0.0277    6.6386 v reducedSum_reduced_nextLevel_adder_14/_0633_/ZN (XNR2UD0BWP30P140)
   0.0271    6.6657 v reducedSum_reduced_nextLevel_adder_14/_0645_/Z (AN2D0BWP30P140)
   0.5368    7.2025 ^ reducedSum_reduced_nextLevel_adder_14/_0684_/ZN (AOI21D0BWP30P140)
   0.0547    7.2572 v reducedSum_reduced_nextLevel_adder_14/_0704_/ZN (MUX4ND0BWP30P140)
   0.0639    7.3211 ^ reducedSum_reduced_nextLevel_adder_14/_0739_/ZN (MUX2ND0BWP30P140)
   0.0306    7.3517 v reducedSum_reduced_nextLevel_adder_14/_0778_/ZN (MUX2ND0BWP30P140)
   0.0310    7.3827 v reducedSum_reduced_nextLevel_adder_14/_0957_/Z (OR2D0BWP30P140)
   0.0214    7.4041 v reducedSum_reduced_nextLevel_adder_14/_0961_/Z (AN3D0BWP30P140)
   0.0222    7.4263 ^ reducedSum_reduced_nextLevel_adder_14/_0966_/ZN (AOI31D0BWP30P140)
   0.0321    7.4584 v reducedSum_reduced_nextLevel_adder_14/_0967_/ZN (OAI221D0BWP30P140)
   0.0355    7.4940 ^ reducedSum_reduced_nextLevel_adder_14/_0968_/ZN (AOI31D0BWP30P140)
   0.0267    7.5206 v reducedSum_reduced_nextLevel_adder_14/_0970_/ZN (MAOI222D0BWP30P140)
   0.0396    7.5602 ^ reducedSum_reduced_nextLevel_adder_14/_0972_/ZN (MAOI222D0BWP30P140)
   0.0284    7.5886 v reducedSum_reduced_nextLevel_adder_14/_0974_/ZN (MAOI222D0BWP30P140)
   0.0336    7.6222 ^ reducedSum_reduced_nextLevel_adder_14/_0979_/ZN (AOI21D0BWP30P140)
   0.0197    7.6419 v reducedSum_reduced_nextLevel_adder_14/_0984_/ZN (OAI31D0BWP30P140)
   0.0222    7.6641 ^ reducedSum_reduced_nextLevel_adder_14/_0986_/ZN (AOI31D0BWP30P140)
   0.0276    7.6916 ^ reducedSum_reduced_nextLevel_adder_14/_0987_/ZN (IAO21D0BWP30P140)
   0.0170    7.7087 v reducedSum_reduced_nextLevel_adder_14/_0993_/ZN (OAI21D0BWP30P140)
   0.0244    7.7331 ^ reducedSum_reduced_nextLevel_adder_14/_0994_/ZN (AOI31D0BWP30P140)
   0.0279    7.7611 v reducedSum_reduced_nextLevel_adder_14/_0995_/ZN (MAOI222D0BWP30P140)
   0.0345    7.7956 ^ reducedSum_reduced_nextLevel_adder_14/_0999_/ZN (AOI211D0BWP30P140)
   0.0234    7.8189 v reducedSum_reduced_nextLevel_adder_14/_1001_/ZN (OAI31D0BWP30P140)
   0.1204    7.9393 ^ reducedSum_reduced_nextLevel_adder_14/_1005_/ZN (OAI21D0BWP30P140)
   0.0309    7.9702 v reducedSum_reduced_nextLevel_adder_14/_1020_/ZN (MUX2ND0BWP30P140)
   0.0362    8.0064 ^ reducedSum_reduced_nextLevel_adder_14/_1032_/ZN (NR4D0BWP30P140)
   0.0511    8.0576 v reducedSum_reduced_nextLevel_adder_14/_1046_/ZN (ND4D0BWP30P140)
   0.0374    8.0950 ^ reducedSum_reduced_nextLevel_adder_14/_1063_/ZN (NR4D0BWP30P140)
   0.0459    8.1409 v reducedSum_reduced_nextLevel_adder_14/_1078_/ZN (ND4D0BWP30P140)
   0.0443    8.1852 ^ reducedSum_reduced_nextLevel_adder_14/_1094_/ZN (INR4D0BWP30P140)
   0.0526    8.2378 v reducedSum_reduced_nextLevel_adder_14/_1111_/ZN (ND4D0BWP30P140)
   0.0454    8.2832 ^ reducedSum_reduced_nextLevel_adder_14/_1208_/ZN (OAI211D0BWP30P140)
   0.0209    8.3041 ^ reducedSum_conv/_175_/Z (OR2D0BWP30P140)
   0.0133    8.3173 v reducedSum_conv/_176_/ZN (AOI221D0BWP30P140)
   0.1288    8.4462 ^ reducedSum_conv/_177_/ZN (NR2D0BWP30P140)
   0.0060    8.4521 v reducedSum_conv/_235_/ZN (CKND2D0BWP30P140)
   0.0348    8.4870 ^ reducedSum_conv/_236_/ZN (AOI21D0BWP30P140)
   0.0174    8.5043 v accAdder/_0898_/ZN (IND2D0BWP30P140)
   0.0264    8.5308 ^ accAdder/_0899_/ZN (AOI21D0BWP30P140)
   0.0301    8.5609 v accAdder/_0901_/ZN (MAOI222D0BWP30P140)
   0.0355    8.5964 ^ accAdder/_0902_/ZN (MAOI222D0BWP30P140)
   0.0302    8.6266 v accAdder/_0903_/ZN (MAOI222D0BWP30P140)
   0.0355    8.6621 ^ accAdder/_0966_/ZN (MAOI222D0BWP30P140)
   0.0302    8.6923 v accAdder/_0968_/ZN (MAOI222D0BWP30P140)
   0.0262    8.7185 v accAdder/_0970_/ZN (XNR2UD0BWP30P140)
   0.0212    8.7397 ^ accAdder/_0971_/ZN (NR2D0BWP30P140)
   0.0257    8.7655 ^ accAdder/_0972_/Z (AN2D0BWP30P140)
   0.4170    9.1824 v accAdder/_0975_/ZN (AOI31D0BWP30P140)
   0.4192    9.6017 ^ accAdder/_0991_/ZN (AOI22D0BWP30P140)
   0.0318    9.6335 v accAdder/_1063_/ZN (CKND2D0BWP30P140)
   0.0370    9.6705 ^ accAdder/_1188_/ZN (OAI32D0BWP30P140)
   0.0151    9.6855 v accAdder/_1189_/ZN (AOI21D0BWP30P140)
   0.0396    9.7252 ^ accAdder/_1191_/ZN (OAI221D0BWP30P140)
   0.0211    9.7463 v accAdder/_1196_/ZN (OAI31D0BWP30P140)
   0.0222    9.7685 ^ accAdder/_1198_/ZN (AOI21D0BWP30P140)
   0.0256    9.7941 v accAdder/_1200_/ZN (MAOI222D0BWP30P140)
   0.0396    9.8337 ^ accAdder/_1202_/ZN (MAOI222D0BWP30P140)
   0.0257    9.8594 v accAdder/_1204_/ZN (MAOI222D0BWP30P140)
   0.0277    9.8871 ^ accAdder/_1206_/ZN (AOI21D0BWP30P140)
   0.0253    9.9124 ^ accAdder/_1209_/ZN (IAO21D0BWP30P140)
   0.0247    9.9371 v accAdder/_1211_/ZN (MAOI222D0BWP30P140)
   0.0395    9.9766 ^ accAdder/_1213_/ZN (MAOI222D0BWP30P140)
   0.0265   10.0031 v accAdder/_1221_/ZN (MAOI222D0BWP30P140)
   0.0354   10.0385 v accAdder/_1232_/Z (AO21D0BWP30P140)
   0.0261   10.0645 ^ accAdder/_1242_/ZN (MAOI222D0BWP30P140)
   0.0265   10.0911 v accAdder/_1255_/ZN (MAOI222D0BWP30P140)
   0.0315   10.1226 v accAdder/_1259_/Z (AO21D0BWP30P140)
   0.0182   10.1407 ^ accAdder/_1276_/ZN (AOI21D0BWP30P140)
   0.0258   10.1666 v accAdder/_1280_/ZN (MAOI222D0BWP30P140)
   0.0391   10.2057 ^ accAdder/_1296_/ZN (MAOI222D0BWP30P140)
   0.0262   10.2319 v accAdder/_1300_/ZN (MAOI222D0BWP30P140)
   0.0304   10.2623 ^ accAdder/_1318_/ZN (AOI21D0BWP30P140)
   0.0249   10.2872 v accAdder/_1322_/ZN (MAOI222D0BWP30P140)
   0.0364   10.3236 v accAdder/_1345_/Z (AO21D0BWP30P140)
   0.0156   10.3392 ^ accAdder/_1353_/ZN (MUX2ND0BWP30P140)
   0.0347   10.3740 ^ accAdder/_1354_/ZN (XNR2UD0BWP30P140)
   0.0288   10.4027 ^ accAdder/_1453_/ZN (MAOI22D0BWP30P140)
   0.1281   10.5308 v accAdder/_1456_/ZN (OAI211D0BWP30P140)
   0.0886   10.6194 ^ accAdder/_1531_/Z (MUX4D0BWP30P140)
   0.0194   10.6389 v accAdder/_1534_/ZN (MUX3ND0BWP30P140)
   0.0405   10.6794 ^ accAdder/_1568_/ZN (NR2D0BWP30P140)
   0.0507   10.7301 ^ accAdder/_1577_/ZN (INR4D0BWP30P140)
   0.0510   10.7811 ^ accAdder/_1582_/Z (AN4D0BWP30P140)
   0.0395   10.8206 ^ accAdder/_1590_/Z (AN4D0BWP30P140)
   0.0406   10.8611 ^ accAdder/_1601_/Z (AN4D0BWP30P140)
   0.0349   10.8960 ^ accAdder/_1603_/Z (AN3D0BWP30P140)
   0.0271   10.9232 v accAdder/_1605_/ZN (IND3D0BWP30P140)
   0.0379   10.9611 v accAdder/_1606_/Z (OR3D0BWP30P140)
   0.0368   10.9979 ^ accAdder/_1608_/ZN (INR3D0BWP30P140)
   0.0364   11.0343 v accAdder/_1611_/ZN (MAOI222D0BWP30P140)
   0.0357   11.0700 ^ accAdder/_1616_/ZN (NR4D0BWP30P140)
   0.0219   11.0919 v accAdder/_1619_/ZN (OAI31D0BWP30P140)
   0.0327   11.1246 v accAdder/_1621_/Z (AO21D0BWP30P140)
   0.0312   11.1558 ^ accAdder/_1623_/ZN (AOI21D0BWP30P140)
   0.0237   11.1795 v accAdder/_1626_/ZN (OAI21D0BWP30P140)
   0.0215   11.2010 v accAdder/_1658_/Z (AN3D0BWP30P140)
   0.0613   11.2622 v accAdder/_1659_/Z (OR3D0BWP30P140)
   0.0420   11.3042 ^ accAdder/_1703_/ZN (AOI211D0BWP30P140)
   0.0261   11.3303 ^ _060_/Z (AO22D0BWP30P140)
   0.0000   11.3303 ^ _070_/D (DFCNQD1BWP30P140)
            11.3303   data arrival time

  20.0000   20.0000   clock CORE_CLK (rise edge)
   0.0000   20.0000   clock network delay (ideal)
  -0.0500   19.9500   clock uncertainty
   0.0000   19.9500   clock reconvergence pessimism
            19.9500 ^ _070_/CP (DFCNQD1BWP30P140)
  -0.0174   19.9326   library setup time
            19.9326   data required time
-------------------------------------------------------------
            19.9326   data required time
           -11.3303   data arrival time
-------------------------------------------------------------
             8.6024   slack (MET)


