
6. Printing statistics.

=== BFP_PE ===

        +----------Local Count, excluding submodules.
        |        +-Local Area, excluding submodules.
        |        | 
       78        - wires
      628        - wire bits
       44        - public wires
      594        - public wire bits
       10        - ports
      117        - port bits
       67   99.918 cells
       32   24.192   AO22D0BWP30P140
       33   74.844   DFCNQD1BWP30P140
        1    0.504   INR2D0BWP30P140
        1    0.378   NR2D0BWP30P140
       16        - submodules
        4        -   CustomOperator_INT8_to_E5M2
        4        -   FP32Adder
        4        -   ScaleAddition_INT8_to_E5M2_scale_UE4M4
        4        -   ScaleToFP32_INT8_x_E5M2_UE4M4

   Chip area for module '\BFP_PE': 99.918000
     of which used for sequential elements: 74.844000 (74.91%)

=== FP32Adder ===

        +----------Local Count, excluding submodules.
        |        +-Local Area, excluding submodules.
        |        | 
      872        - wires
     1037        - wire bits
        6        - public wires
      171        - public wire bits
        3        - ports
       96        - port bits
      898  554.904 cells
       18    9.072   AN2D0BWP30P140
        5     3.15   AN3D0BWP30P140
        4    3.024   AN4D0BWP30P140
        2    1.512   AO211D0BWP30P140
       13     8.19   AO21D0BWP30P140
        4    3.024   AO22D0BWP30P140
       10      6.3   AOI211D0BWP30P140
       52   26.208   AOI21D0BWP30P140
       10     7.56   AOI221D0BWP30P140
        2    2.016   AOI222D0BWP30P140
       32    20.16   AOI22D0BWP30P140
        2     1.26   AOI31D0BWP30P140
       19   16.758   CKMUX2D0BWP30P140
       65    16.38   CKND0BWP30P140
       72   27.216   CKND2D0BWP30P140
        6     3.78   IAO21D0BWP30P140
       20    10.08   IND2D0BWP30P140
        1     0.63   IND3D0BWP30P140
        2    1.512   IND4D0BWP30P140
       21   10.584   INR2D0BWP30P140
        8     5.04   INR3D0BWP30P140
        3    2.268   INR4D0BWP30P140
        7     4.41   IOA21D0BWP30P140
       30    22.68   MAOI222D0BWP30P140
       15    11.34   MAOI22D0BWP30P140
        4    3.024   MOAI22D0BWP30P140
      114   86.184   MUX2ND0BWP30P140
        1    1.764   MUX3D0BWP30P140
        1    1.638   MUX3ND0BWP30P140
        2    4.788   MUX4D0BWP30P140
       16   36.288   MUX4ND0BWP30P140
       14    7.056   ND3D0BWP30P140
        5     3.15   ND4D0BWP30P140
       99   37.422   NR2D0BWP30P140
       35    17.64   NR3D0BWP30P140
        8     5.04   NR4D0BWP30P140
        2    1.512   OA211D0BWP30P140
        6     3.78   OA21D0BWP30P140
        1    0.882   OA22D0BWP30P140
       13     8.19   OAI211D0BWP30P140
       41   20.664   OAI21D0BWP30P140
        1    0.882   OAI221D0BWP30P140
        1    1.008   OAI222D0BWP30P140
       10      6.3   OAI22D0BWP30P140
        6     3.78   OAI31D0BWP30P140
        3    2.268   OAI32D0BWP30P140
        1    0.882   OAI33D0BWP30P140
        6    3.024   OR2D0BWP30P140
        8     5.04   OR3D0BWP30P140
        2    1.512   OR4D0BWP30P140
       51   44.982   XNR2UD0BWP30P140
        1    1.764   XNR3UD0BWP30P140
       23   20.286   XOR2UD0BWP30P140

   Chip area for module '\FP32Adder': 554.904000
     of which used for sequential elements: 0.000000 (0.00%)

=== ScaleToFP32_INT8_x_E5M2_UE4M4 ===

        +----------Local Count, excluding submodules.
        |        +-Local Area, excluding submodules.
        |        | 
      144        - wires
      201        - wire bits
        4        - public wires
       61        - public wire bits
        4        - ports
       61        - port bits
      168  104.328 cells
        3    1.512   AN2D0BWP30P140
        4     2.52   AO21D0BWP30P140
       13     8.19   AOI211D0BWP30P140
       14    7.056   AOI21D0BWP30P140
        5     3.78   AOI221D0BWP30P140
        1     0.63   AOI31D0BWP30P140
        1    0.756   AOI32D0BWP30P140
       16   14.112   CKMUX2D0BWP30P140
        4    1.008   CKND0BWP30P140
       13    4.914   CKND2D0BWP30P140
        8     5.04   IAO21D0BWP30P140
        5     2.52   IND2D0BWP30P140
        5     2.52   INR2D0BWP30P140
        2     1.26   IOA21D0BWP30P140
        2    1.512   MAOI22D0BWP30P140
       25     18.9   MUX2ND0BWP30P140
        2    1.008   ND3D0BWP30P140
        8    3.024   NR2D0BWP30P140
        6    3.024   NR3D0BWP30P140
        4     2.52   NR4D0BWP30P140
        1     0.63   OA21D0BWP30P140
        5     2.52   OAI21D0BWP30P140
        1    0.882   OAI221D0BWP30P140
        3     1.89   OAI22D0BWP30P140
        1     0.63   OAI31D0BWP30P140
        4    2.016   OR2D0BWP30P140
        2     1.26   OR3D0BWP30P140
        1    0.756   OR4D0BWP30P140
        5     4.41   XNR2UD0BWP30P140
        4    3.528   XOR2UD0BWP30P140

   Chip area for module '\ScaleToFP32_INT8_x_E5M2_UE4M4': 104.328000
     of which used for sequential elements: 0.000000 (0.00%)

=== ScaleAddition_INT8_to_E5M2_scale_UE4M4 ===

        +----------Local Count, excluding submodules.
        |        +-Local Area, excluding submodules.
        |        | 
      551        - wires
      606        - wire bits
        8        - public wires
       63        - public wire bits
        8        - ports
       63        - port bits
      571  402.696 cells
       14    7.056   AN2D0BWP30P140
        2     1.26   AN3D0BWP30P140
        2    1.512   AN4D0BWP30P140
        1    0.756   AO211D0BWP30P140
        2     1.26   AO21D0BWP30P140
        1    0.756   AO22D0BWP30P140
       13    6.552   AOI21D0BWP30P140
        7     4.41   AOI22D0BWP30P140
        9     5.67   AOI31D0BWP30P140
        1    0.756   AOI32D0BWP30P140
       23    5.796   CKND0BWP30P140
      121   45.738   CKND2D0BWP30P140
        5     3.15   IAO21D0BWP30P140
       18    9.072   IND2D0BWP30P140
        1     0.63   IND3D0BWP30P140
       16    8.064   INR2D0BWP30P140
        2     1.26   INR3D0BWP30P140
        4     2.52   IOA21D0BWP30P140
       66   49.896   MAOI222D0BWP30P140
        7    3.528   ND3D0BWP30P140
        4     2.52   ND4D0BWP30P140
       34   12.852   NR2D0BWP30P140
        2    1.008   NR3D0BWP30P140
        3     1.89   OA21D0BWP30P140
        1    0.882   OA22D0BWP30P140
        1     0.63   OAI211D0BWP30P140
        8    4.032   OAI21D0BWP30P140
        1     0.63   OAI22D0BWP30P140
        1     0.63   OAI31D0BWP30P140
        3    1.512   OR2D0BWP30P140
        1     0.63   OR3D0BWP30P140
        2    1.512   OR4D0BWP30P140
       92   81.144   XNR2UD0BWP30P140
       33   58.212   XNR3UD0BWP30P140
        2    5.292   XNR4D0BWP30P140
       58   51.156   XOR2UD0BWP30P140
        9   15.876   XOR3UD0BWP30P140
        1    2.646   XOR4D0BWP30P140

   Chip area for module '\ScaleAddition_INT8_to_E5M2_scale_UE4M4': 402.696000
     of which used for sequential elements: 0.000000 (0.00%)

=== CustomOperator_INT8_to_E5M2 ===

        +----------Local Count, excluding submodules.
        |        +-Local Area, excluding submodules.
        |        | 
       76        - wires
      110        - wire bits
        6        - public wires
       40        - public wire bits
        5        - ports
       34        - port bits
       87   56.574 cells
        5     2.52   AN2D0BWP30P140
        1    0.756   AO22D0BWP30P140
        3    1.512   AOI21D0BWP30P140
        2     1.26   AOI22D0BWP30P140
        7    1.764   CKND0BWP30P140
       15     5.67   CKND2D0BWP30P140
        1     0.63   IAO21D0BWP30P140
        2    1.008   IND2D0BWP30P140
        1    0.504   INR2D0BWP30P140
        8    6.048   MAOI222D0BWP30P140
        2    1.008   ND3D0BWP30P140
        3    1.134   NR2D0BWP30P140
        1    0.504   NR3D0BWP30P140
        1    0.756   OA211D0BWP30P140
        2     1.26   OA21D0BWP30P140
        5     2.52   OAI21D0BWP30P140
        2     1.26   OAI22D0BWP30P140
        2     1.26   OAI31D0BWP30P140
        1    0.504   OR2D0BWP30P140
       15    13.23   XNR2UD0BWP30P140
        3    5.292   XNR3UD0BWP30P140
        3    2.646   XOR2UD0BWP30P140
        2    3.528   XOR3UD0BWP30P140

   Chip area for module '\CustomOperator_INT8_to_E5M2': 56.574000
     of which used for sequential elements: 0.000000 (0.00%)

=== design hierarchy ===

        +----------Count including submodules.
        |        +-Area including submodules.
        |        | 
     6963 4.57E+03 BFP_PE
       87   56.574 CustomOperator_INT8_to_E5M2
      898  554.904 FP32Adder
      571  402.696 ScaleAddition_INT8_to_E5M2_scale_UE4M4
      168  104.328 ScaleToFP32_INT8_x_E5M2_UE4M4

        +----------Count including submodules.
        |        +-Area including submodules.
        |        | 
     6650        - wires
     8444        - wire bits
      140        - public wires
     1934        - public wire bits
       90        - ports
     1133        - port bits
        -        - memories
        -        - memory bits
        -        - processes
     6963 4.57E+03 cells
      160    80.64   AN2D0BWP30P140
       28    17.64   AN3D0BWP30P140
       24   18.144   AN4D0BWP30P140
       12    9.072   AO211D0BWP30P140
       76    47.88   AO21D0BWP30P140
       56   42.336   AO22D0BWP30P140
       92    57.96   AOI211D0BWP30P140
      328  165.312   AOI21D0BWP30P140
       60    45.36   AOI221D0BWP30P140
        8    8.064   AOI222D0BWP30P140
      164   103.32   AOI22D0BWP30P140
       48    30.24   AOI31D0BWP30P140
        8    6.048   AOI32D0BWP30P140
      140   123.48   CKMUX2D0BWP30P140
      396   99.792   CKND0BWP30P140
      884  334.152   CKND2D0BWP30P140
       33   74.844   DFCNQD1BWP30P140
       80     50.4   IAO21D0BWP30P140
      180    90.72   IND2D0BWP30P140
        8     5.04   IND3D0BWP30P140
        8    6.048   IND4D0BWP30P140
      173   87.192   INR2D0BWP30P140
       40     25.2   INR3D0BWP30P140
       12    9.072   INR4D0BWP30P140
       52    32.76   IOA21D0BWP30P140
      416  314.496   MAOI222D0BWP30P140
       68   51.408   MAOI22D0BWP30P140
       16   12.096   MOAI22D0BWP30P140
      556  420.336   MUX2ND0BWP30P140
        4    7.056   MUX3D0BWP30P140
        4    6.552   MUX3ND0BWP30P140
        8   19.152   MUX4D0BWP30P140
       64  145.152   MUX4ND0BWP30P140
      100     50.4   ND3D0BWP30P140
       36    22.68   ND4D0BWP30P140
      577  218.106   NR2D0BWP30P140
      176   88.704   NR3D0BWP30P140
       48    30.24   NR4D0BWP30P140
       12    9.072   OA211D0BWP30P140
       48    30.24   OA21D0BWP30P140
        8    7.056   OA22D0BWP30P140
       56    35.28   OAI211D0BWP30P140
      236  118.944   OAI21D0BWP30P140
        8    7.056   OAI221D0BWP30P140
        4    4.032   OAI222D0BWP30P140
       64    40.32   OAI22D0BWP30P140
       40     25.2   OAI31D0BWP30P140
       12    9.072   OAI32D0BWP30P140
        4    3.528   OAI33D0BWP30P140
       56   28.224   OR2D0BWP30P140
       44    27.72   OR3D0BWP30P140
       20    15.12   OR4D0BWP30P140
      652  575.064   XNR2UD0BWP30P140
      148  261.072   XNR3UD0BWP30P140
        8   21.168   XNR4D0BWP30P140
      352  310.464   XOR2UD0BWP30P140
       44   77.616   XOR3UD0BWP30P140
        4   10.584   XOR4D0BWP30P140
       16 4.47E+03 submodules
        4  226.296   CustomOperator_INT8_to_E5M2
        4 2.22E+03   FP32Adder
        4 1.61E+03   ScaleAddition_INT8_to_E5M2_scale_UE4M4
        4  417.312   ScaleToFP32_INT8_x_E5M2_UE4M4

   Chip area for top module '\BFP_PE': 4573.926000
     of which used for sequential elements: 74.844000 (1.64%)

