
6. Printing statistics.

=== BFP_PE ===

        +----------Local Count, excluding submodules.
        |        +-Local Area, excluding submodules.
        |        | 
      333        - wires
     2435        - wire bits
      299        - public wires
     2401        - public wire bits
       10        - ports
      501        - port bits
       67   99.918 cells
       32   24.192   AO22D0BWP30P140
       33   74.844   DFCNQD1BWP30P140
        1    0.504   INR2D0BWP30P140
        1    0.378   NR2D0BWP30P140
       97        - submodules
       31        -   CustomFPAdder_exp11_mant9
       32        -   CustomOperator_E5M2_to_E2M3
        1        -   FP32Adder
       32        -   ScaleAddition_E5M2_to_E2M3_scale_UE8M0
        1        -   ScaleToFP32_E5M2_x_E2M3_UE8M0

   Chip area for module '\BFP_PE': 99.918000
     of which used for sequential elements: 74.844000 (74.91%)

=== FP32Adder ===

        +----------Local Count, excluding submodules.
        |        +-Local Area, excluding submodules.
        |        | 
      872        - wires
     1037        - wire bits
        6        - public wires
      171        - public wire bits
        3        - ports
       96        - port bits
      898  554.904 cells
       18    9.072   AN2D0BWP30P140
        5     3.15   AN3D0BWP30P140
        4    3.024   AN4D0BWP30P140
        2    1.512   AO211D0BWP30P140
       13     8.19   AO21D0BWP30P140
        4    3.024   AO22D0BWP30P140
       10      6.3   AOI211D0BWP30P140
       52   26.208   AOI21D0BWP30P140
       10     7.56   AOI221D0BWP30P140
        2    2.016   AOI222D0BWP30P140
       32    20.16   AOI22D0BWP30P140
        2     1.26   AOI31D0BWP30P140
       19   16.758   CKMUX2D0BWP30P140
       65    16.38   CKND0BWP30P140
       72   27.216   CKND2D0BWP30P140
        6     3.78   IAO21D0BWP30P140
       20    10.08   IND2D0BWP30P140
        1     0.63   IND3D0BWP30P140
        2    1.512   IND4D0BWP30P140
       21   10.584   INR2D0BWP30P140
        8     5.04   INR3D0BWP30P140
        3    2.268   INR4D0BWP30P140
        7     4.41   IOA21D0BWP30P140
       30    22.68   MAOI222D0BWP30P140
       15    11.34   MAOI22D0BWP30P140
        4    3.024   MOAI22D0BWP30P140
      114   86.184   MUX2ND0BWP30P140
        1    1.764   MUX3D0BWP30P140
        1    1.638   MUX3ND0BWP30P140
        2    4.788   MUX4D0BWP30P140
       16   36.288   MUX4ND0BWP30P140
       14    7.056   ND3D0BWP30P140
        5     3.15   ND4D0BWP30P140
       99   37.422   NR2D0BWP30P140
       35    17.64   NR3D0BWP30P140
        8     5.04   NR4D0BWP30P140
        2    1.512   OA211D0BWP30P140
        6     3.78   OA21D0BWP30P140
        1    0.882   OA22D0BWP30P140
       13     8.19   OAI211D0BWP30P140
       41   20.664   OAI21D0BWP30P140
        1    0.882   OAI221D0BWP30P140
        1    1.008   OAI222D0BWP30P140
       10      6.3   OAI22D0BWP30P140
        6     3.78   OAI31D0BWP30P140
        3    2.268   OAI32D0BWP30P140
        1    0.882   OAI33D0BWP30P140
        6    3.024   OR2D0BWP30P140
        8     5.04   OR3D0BWP30P140
        2    1.512   OR4D0BWP30P140
       51   44.982   XNR2UD0BWP30P140
        1    1.764   XNR3UD0BWP30P140
       23   20.286   XOR2UD0BWP30P140

   Chip area for module '\FP32Adder': 554.904000
     of which used for sequential elements: 0.000000 (0.00%)

=== ScaleToFP32_E5M2_x_E2M3_UE8M0 ===

        +----------Local Count, excluding submodules.
        |        +-Local Area, excluding submodules.
        |        | 
       94        - wires
      143        - wire bits
        4        - public wires
       53        - public wire bits
        4        - ports
       53        - port bits
      107   65.142 cells
        1    0.504   AN2D0BWP30P140
        9     5.67   AOI211D0BWP30P140
        5     2.52   AOI21D0BWP30P140
        1     0.63   AOI22D0BWP30P140
        2     1.26   AOI31D0BWP30P140
        2    1.764   CKMUX2D0BWP30P140
        5     1.26   CKND0BWP30P140
        6    2.268   CKND2D0BWP30P140
        2     1.26   IAO21D0BWP30P140
        3    1.512   IND2D0BWP30P140
        3    1.512   INR2D0BWP30P140
        2     1.26   INR3D0BWP30P140
        1     0.63   IOA21D0BWP30P140
        2    1.512   MAOI222D0BWP30P140
        5     3.78   MUX2ND0BWP30P140
        2     1.26   ND4D0BWP30P140
        8    3.024   NR2D0BWP30P140
        6    3.024   NR3D0BWP30P140
        8     5.04   NR4D0BWP30P140
        1    0.756   OA211D0BWP30P140
        1     0.63   OA21D0BWP30P140
        2     1.26   OAI211D0BWP30P140
        3    1.512   OAI21D0BWP30P140
        2     1.26   OAI22D0BWP30P140
        2     1.26   OAI31D0BWP30P140
        2    1.512   OAI32D0BWP30P140
        3    1.512   OR2D0BWP30P140
        1    0.756   OR4D0BWP30P140
       12   10.584   XNR2UD0BWP30P140
        5     4.41   XOR2UD0BWP30P140

   Chip area for module '\ScaleToFP32_E5M2_x_E2M3_UE8M0': 65.142000
     of which used for sequential elements: 0.000000 (0.00%)

=== CustomFPAdder_exp11_mant9 ===

        +----------Local Count, excluding submodules.
        |        +-Local Area, excluding submodules.
        |        | 
      379        - wires
      444        - wire bits
       10        - public wires
       75        - public wire bits
        9        - ports
       63        - port bits
      390   234.36 cells
        9    4.536   AN2D0BWP30P140
        3     1.89   AN3D0BWP30P140
        1    0.756   AN4D0BWP30P140
        1    0.756   AO211D0BWP30P140
        8     5.04   AO21D0BWP30P140
        1    0.756   AO22D0BWP30P140
       17    10.71   AOI211D0BWP30P140
       20    10.08   AOI21D0BWP30P140
        3    2.268   AOI221D0BWP30P140
        3     1.89   AOI22D0BWP30P140
        6     3.78   AOI31D0BWP30P140
        3    2.268   AOI32D0BWP30P140
        4    3.528   CKMUX2D0BWP30P140
       24    6.048   CKND0BWP30P140
       19    7.182   CKND2D0BWP30P140
        1     0.63   IAO21D0BWP30P140
       25     12.6   IND2D0BWP30P140
        1    0.756   IND4D0BWP30P140
       18    9.072   INR2D0BWP30P140
        3     1.89   INR3D0BWP30P140
        3     1.89   IOA21D0BWP30P140
        3    2.268   MAOI222D0BWP30P140
        4    3.024   MOAI22D0BWP30P140
       36   27.216   MUX2ND0BWP30P140
        1    2.268   MUX4ND0BWP30P140
       11    5.544   ND3D0BWP30P140
        4     2.52   ND4D0BWP30P140
       28   10.584   NR2D0BWP30P140
        8    4.032   NR3D0BWP30P140
        5     3.15   NR4D0BWP30P140
        2    1.512   OA211D0BWP30P140
        5     3.15   OA21D0BWP30P140
       10      6.3   OAI211D0BWP30P140
       20    10.08   OAI21D0BWP30P140
        4    3.528   OAI221D0BWP30P140
        1    1.008   OAI222D0BWP30P140
        8     5.04   OAI31D0BWP30P140
        4    3.024   OAI32D0BWP30P140
        6    3.024   OR2D0BWP30P140
        5     3.15   OR3D0BWP30P140
        2    1.512   OR4D0BWP30P140
       28   24.696   XNR2UD0BWP30P140
       22   19.404   XOR2UD0BWP30P140

   Chip area for module '\CustomFPAdder_exp11_mant9': 234.360000
     of which used for sequential elements: 0.000000 (0.00%)

=== ScaleAddition_E5M2_to_E2M3_scale_UE8M0 ===

        +----------Local Count, excluding submodules.
        |        +-Local Area, excluding submodules.
        |        | 
       94        - wires
      138        - wire bits
        8        - public wires
       52        - public wire bits
        8        - ports
       52        - port bits
       96   65.898 cells
        2    1.008   AN2D0BWP30P140
        3     1.89   AN3D0BWP30P140
        4     2.52   AO21D0BWP30P140
        4    2.016   AOI21D0BWP30P140
        6    1.512   CKND0BWP30P140
        9    3.402   CKND2D0BWP30P140
        2    1.008   IND2D0BWP30P140
        5     2.52   INR2D0BWP30P140
        5     3.78   MAOI222D0BWP30P140
        6    3.024   ND3D0BWP30P140
        2     1.26   ND4D0BWP30P140
        6    2.268   NR2D0BWP30P140
        3    1.512   NR3D0BWP30P140
        5     2.52   OAI21D0BWP30P140
        2     1.26   OAI22D0BWP30P140
       11    9.702   XNR2UD0BWP30P140
        3    5.292   XNR3UD0BWP30P140
       14   12.348   XOR2UD0BWP30P140
        4    7.056   XOR3UD0BWP30P140

   Chip area for module '\ScaleAddition_E5M2_to_E2M3_scale_UE8M0': 65.898000
     of which used for sequential elements: 0.000000 (0.00%)

=== CustomOperator_E5M2_to_E2M3 ===

        +----------Local Count, excluding submodules.
        |        +-Local Area, excluding submodules.
        |        | 
       42        - wires
       66        - wire bits
        5        - public wires
       29        - public wire bits
        5        - ports
       29        - port bits
       51   32.634 cells
        2    1.008   AN2D0BWP30P140
        1     0.63   AN3D0BWP30P140
        4    2.016   AOI21D0BWP30P140
        1     0.63   AOI22D0BWP30P140
        1     0.63   AOI31D0BWP30P140
        3    0.756   CKND0BWP30P140
        7    2.646   CKND2D0BWP30P140
        1     0.63   IAO21D0BWP30P140
        2    1.008   IND2D0BWP30P140
        1    0.504   INR2D0BWP30P140
        1     0.63   IOA21D0BWP30P140
        4    3.024   MAOI222D0BWP30P140
        1    0.504   ND3D0BWP30P140
        2    0.756   NR2D0BWP30P140
        1    0.504   NR3D0BWP30P140
        6    3.024   OAI21D0BWP30P140
        1    0.504   OR2D0BWP30P140
        3    2.646   XNR2UD0BWP30P140
        2    3.528   XNR3UD0BWP30P140
        6    5.292   XOR2UD0BWP30P140
        1    1.764   XOR3UD0BWP30P140

   Chip area for module '\CustomOperator_E5M2_to_E2M3': 32.634000
     of which used for sequential elements: 0.000000 (0.00%)

=== design hierarchy ===

        +----------Count including submodules.
        |        +-Area including submodules.
        |        | 
    17866 1.11E+04 BFP_PE
      390   234.36 CustomFPAdder_exp11_mant9
       51   32.634 CustomOperator_E5M2_to_E2M3
      898  554.904 FP32Adder
       96   65.898 ScaleAddition_E5M2_to_E2M3_scale_UE8M0
      107   65.142 ScaleToFP32_E5M2_x_E2M3_UE8M0

        +----------Count including submodules.
        |        +-Area including submodules.
        |        | 
    17400        - wires
    23907        - wire bits
     1035        - public wires
     7542        - public wire bits
      712        - ports
     5195        - port bits
        -        - memories
        -        - memory bits
        -        - processes
    17866 1.11E+04 cells
      426  214.704   AN2D0BWP30P140
      226   142.38   AN3D0BWP30P140
       35    26.46   AN4D0BWP30P140
       33   24.948   AO211D0BWP30P140
      389   245.07   AO21D0BWP30P140
       67   50.652   AO22D0BWP30P140
      546   343.98   AOI211D0BWP30P140
      933  470.232   AOI21D0BWP30P140
      103   77.868   AOI221D0BWP30P140
        2    2.016   AOI222D0BWP30P140
      158    99.54   AOI22D0BWP30P140
      222   139.86   AOI31D0BWP30P140
       93   70.308   AOI32D0BWP30P140
      145   127.89   CKMUX2D0BWP30P140
     1102  277.704   CKND0BWP30P140
     1179  445.662   CKND2D0BWP30P140
       33   74.844   DFCNQD1BWP30P140
       71    44.73   IAO21D0BWP30P140
      926  466.704   IND2D0BWP30P140
        1     0.63   IND3D0BWP30P140
       33   24.948   IND4D0BWP30P140
      775    390.6   INR2D0BWP30P140
      103    64.89   INR3D0BWP30P140
        3    2.268   INR4D0BWP30P140
      133    83.79   IOA21D0BWP30P140
      413  312.228   MAOI222D0BWP30P140
       15    11.34   MAOI22D0BWP30P140
      128   96.768   MOAI22D0BWP30P140
     1235   933.66   MUX2ND0BWP30P140
        1    1.764   MUX3D0BWP30P140
        1    1.638   MUX3ND0BWP30P140
        2    4.788   MUX4D0BWP30P140
       47  106.596   MUX4ND0BWP30P140
      579  291.816   ND3D0BWP30P140
      195   122.85   ND4D0BWP30P140
     1232  465.696   NR2D0BWP30P140
      417  210.168   NR3D0BWP30P140
      171   107.73   NR4D0BWP30P140
       65    49.14   OA211D0BWP30P140
      162   102.06   OA21D0BWP30P140
        1    0.882   OA22D0BWP30P140
      325   204.75   OAI211D0BWP30P140
     1016  512.064   OAI21D0BWP30P140
      125   110.25   OAI221D0BWP30P140
       32   32.256   OAI222D0BWP30P140
       76    47.88   OAI22D0BWP30P140
      256   161.28   OAI31D0BWP30P140
      129   97.524   OAI32D0BWP30P140
        1    0.882   OAI33D0BWP30P140
      227  114.408   OR2D0BWP30P140
      163   102.69   OR3D0BWP30P140
       65    49.14   OR4D0BWP30P140
     1379 1.22E+03   XNR2UD0BWP30P140
      161  284.004   XNR3UD0BWP30P140
     1350   1190.7   XOR2UD0BWP30P140
      160   282.24   XOR3UD0BWP30P140
       97  1.1E+04 submodules
       31  7265.16   CustomFPAdder_exp11_mant9
       32 1.04E+03   CustomOperator_E5M2_to_E2M3
        1  554.904   FP32Adder
       32 2.11E+03   ScaleAddition_E5M2_to_E2M3_scale_UE8M0
        1   65.142   ScaleToFP32_E5M2_x_E2M3_UE8M0

   Chip area for top module '\BFP_PE': 11138.148000
     of which used for sequential elements: 74.844000 (0.67%)

