Startpoint: reset (input port clocked by CORE_CLK)
Endpoint: _42_ (recovery check against rising-edge clock CORE_CLK)
Path Group: asynchronous
Path Type: max

    Delay      Time   Description
-------------------------------------------------------------
   0.0000    0.0000   clock CORE_CLK (rise edge)
   0.0000    0.0000   clock network delay (ideal)
   0.0000    0.0000 ^ input external delay
   0.0000    0.0000 ^ reset (in)
   0.0000    0.0000 ^ _42_/CDN (DFCNQD1BWP30P140)
             0.0000   data arrival time

   2.0000    2.0000   clock CORE_CLK (rise edge)
   0.0000    2.0000   clock network delay (ideal)
  -0.0500    1.9500   clock uncertainty
   0.0000    1.9500   clock reconvergence pessimism
             1.9500 ^ _42_/CP (DFCNQD1BWP30P140)
   0.0258    1.9758   library recovery time
             1.9758   data required time
-------------------------------------------------------------
             1.9758   data required time
            -0.0000   data arrival time
-------------------------------------------------------------
             1.9758   slack (MET)


Startpoint: io_op_a_i[12] (input port clocked by CORE_CLK)
Endpoint: _57_ (rising edge-triggered flip-flop clocked by CORE_CLK)
Path Group: CORE_CLK
Path Type: max

    Delay      Time   Description
-------------------------------------------------------------
   0.0000    0.0000   clock CORE_CLK (rise edge)
   0.0000    0.0000   clock network delay (ideal)
   0.0000    0.0000 ^ input external delay
   0.0000    0.0000 ^ io_op_a_i[12] (in)
   0.0174    0.0174 ^ op_1/_37_/Z (OR3D0BWP30P140)
   0.0264    0.0439 ^ op_1/_40_/ZN (IAO21D0BWP30P140)
   0.0178    0.0617 v op_1/_41_/ZN (OAI21D0BWP30P140)
   0.0261    0.0877 ^ op_1/_42_/ZN (OAI21D0BWP30P140)
   0.0554    0.1432 v op_1/_44_/ZN (AOI31D0BWP30P140)
   0.0334    0.1766 ^ tree/_06876_/ZN (CKND0BWP30P140)
   0.0202    0.1967 v tree/_06976_/ZN (OAI22D0BWP30P140)
   0.0339    0.2306 v tree/_06977_/Z (AO21D0BWP30P140)
   0.0347    0.2653 v tree/_06980_/Z (AO21D0BWP30P140)
   0.0287    0.2941 v tree/_06994_/ZN (MUX2ND0BWP30P140)
   0.0264    0.3204 v tree/_06995_/ZN (MOAI22D0BWP30P140)
   0.0237    0.3441 v tree/_06998_/ZN (IAO21D0BWP30P140)
   0.0243    0.3685 ^ tree/_07002_/ZN (OAI21D0BWP30P140)
   0.0406    0.4090 ^ tree/_07008_/Z (OA211D0BWP30P140)
   0.0181    0.4271 v tree/_07015_/ZN (OAI33D0BWP30P140)
   0.0252    0.4522 ^ tree/_07016_/ZN (AOI31D0BWP30P140)
   0.0165    0.4688 v tree/_07023_/ZN (OAI21D0BWP30P140)
   0.0286    0.4973 ^ tree/_07026_/ZN (AOI21D0BWP30P140)
   0.0172    0.5146 v tree/_07028_/ZN (NR2D0BWP30P140)
   0.0324    0.5470 ^ tree/_07041_/Z (CKMUX2D0BWP30P140)
   0.0264    0.5734 v tree/_07043_/ZN (OAI221D0BWP30P140)
   0.0258    0.5992 v tree/_07050_/Z (AO21D0BWP30P140)
   0.0282    0.6273 v tree/_07054_/Z (AO21D0BWP30P140)
   0.0237    0.6510 v tree/_07065_/Z (OA211D0BWP30P140)
   0.0274    0.6784 ^ tree/_07068_/ZN (OAI33D0BWP30P140)
   0.0196    0.6980 v tree/_07078_/ZN (AOI31D0BWP30P140)
   0.0243    0.7223 ^ tree/_07080_/ZN (OAI221D0BWP30P140)
   0.0583    0.7806 v tree/_07081_/ZN (AOI31D0BWP30P140)
   0.0404    0.8210 v tree/_07087_/ZN (MUX2ND0BWP30P140)
   0.0269    0.8480 ^ tree/_07088_/ZN (AOI22D0BWP30P140)
   0.0160    0.8640 v tree/_07089_/ZN (OAI21D0BWP30P140)
   0.0152    0.8792 ^ tree/_07094_/ZN (AOI21D0BWP30P140)
   0.0445    0.9238 v tree/_07096_/ZN (MOAI22D0BWP30P140)
   0.0340    0.9578 v tree/_07099_/Z (CKMUX2D0BWP30P140)
   0.0248    0.9825 v tree/_07101_/Z (AO22D0BWP30P140)
   0.0132    0.9958 ^ tree/_07107_/ZN (AOI21D0BWP30P140)
   0.0392    1.0350 v tree/_07115_/ZN (OAI222D0BWP30P140)
   0.0486    1.0836 v tree/_07117_/Z (AO21D0BWP30P140)
   0.0304    1.1140 v tree/_07130_/ZN (MUX2ND0BWP30P140)
   0.0267    1.1407 v tree/_07131_/ZN (MOAI22D0BWP30P140)
   0.0189    1.1596 ^ tree/_07134_/ZN (OAI21D0BWP30P140)
   0.0347    1.1943 ^ tree/_07140_/Z (AO21D0BWP30P140)
   0.0311    1.2254 ^ tree/_07157_/Z (AN3D0BWP30P140)
   0.0203    1.2456 v tree/_07159_/ZN (OAI33D0BWP30P140)
   0.0251    1.2707 ^ tree/_07160_/ZN (AOI21D0BWP30P140)
   0.0259    1.2966 ^ tree/_07168_/Z (OA21D0BWP30P140)
   0.0293    1.3260 v tree/_07173_/ZN (OAI21D0BWP30P140)
   0.0321    1.3580 v tree/_07187_/ZN (MUX2ND0BWP30P140)
   0.0270    1.3850 v tree/_07188_/ZN (MOAI22D0BWP30P140)
   0.0243    1.4093 v tree/_07191_/ZN (IAO21D0BWP30P140)
   0.0297    1.4390 ^ tree/_07197_/ZN (OAI21D0BWP30P140)
   0.0320    1.4710 ^ tree/_07210_/Z (AN3D0BWP30P140)
   0.0218    1.4928 v tree/_07213_/ZN (OAI33D0BWP30P140)
   0.0288    1.5216 ^ tree/_07214_/ZN (AOI31D0BWP30P140)
   0.0369    1.5585 v tree/_07223_/ZN (OAI222D0BWP30P140)
   0.0359    1.5944 ^ tree/_07226_/ZN (AOI21D0BWP30P140)
   0.0216    1.6160 v tree/_07238_/ZN (OAI31D0BWP30P140)
   0.0283    1.6442 ^ tree/_07240_/ZN (AOI221D0BWP30P140)
   0.0231    1.6673 ^ tree/_07245_/ZN (IAO21D0BWP30P140)
   0.0243    1.6915 v tree/_07251_/ZN (OAI21D0BWP30P140)
   0.0217    1.7132 ^ tree/_07262_/ZN (ND3D0BWP30P140)
   0.0251    1.7383 v tree/_07265_/ZN (AOI33D0BWP30P140)
   0.0254    1.7637 ^ tree/_07269_/ZN (AOI221D0BWP30P140)
   0.0303    1.7941 v tree/_07275_/ZN (OAI222D0BWP30P140)
   0.0483    1.8424 v tree/_07277_/Z (AO22D0BWP30P140)
   0.0301    1.8725 v tree/_07283_/ZN (MUX2ND0BWP30P140)
   0.0266    1.8990 v tree/_07285_/ZN (MAOI22D0BWP30P140)
   0.0128    1.9119 ^ tree/_07286_/ZN (OAI21D0BWP30P140)
   0.0226    1.9344 ^ tree/_07295_/Z (AO21D0BWP30P140)
   0.0439    1.9784 ^ tree/_07297_/Z (AO22D0BWP30P140)
   0.0464    2.0247 ^ tree/_07301_/Z (AO21D0BWP30P140)
   0.0312    2.0560 ^ tree/_07325_/ZN (XNR2UD0BWP30P140)
   0.0251    2.0810 v tree/_07327_/ZN (ND4D0BWP30P140)
   0.0330    2.1141 v tree/_07328_/Z (OA22D0BWP30P140)
   0.0736    2.1877 v tree/_07329_/Z (AO21D0BWP30P140)
   0.1445    2.3322 ^ tree/_07339_/Z (CKMUX2D0BWP30P140)
   0.0476    2.3798 v tree/_07343_/ZN (MAOI222D0BWP30P140)
   0.0431    2.4230 ^ tree/_07346_/ZN (AOI211D0BWP30P140)
   0.0309    2.4539 ^ tree/_07365_/Z (OA21D0BWP30P140)
   0.0354    2.4894 v tree/_07370_/ZN (OAI211D0BWP30P140)
   0.1383    2.6276 ^ tree/_07377_/ZN (AOI211D0BWP30P140)
   0.0477    2.6753 ^ tree/_07405_/ZN (MUX4ND0BWP30P140)
   0.0248    2.7001 v tree/_07407_/ZN (MUX2ND0BWP30P140)
   0.0436    2.7437 v tree/_07410_/ZN (MOAI22D0BWP30P140)
   0.0510    2.7947 v tree/_07411_/ZN (IND4D0BWP30P140)
   0.0299    2.8246 v tree/_07491_/Z (AN2D0BWP30P140)
   0.0597    2.8843 v tree/_12771_/Z (XOR3UD0BWP30P140)
   0.0647    2.9490 v tree/_12836_/ZN (XNR3UD0BWP30P140)
   0.0633    3.0123 v tree/_12908_/ZN (XNR3UD0BWP30P140)
   0.0634    3.0757 v tree/_12991_/Z (XOR3UD0BWP30P140)
   0.0512    3.1269 v tree/_13062_/ZN (XNR3UD0BWP30P140)
   0.0346    3.1614 v tree/_13102_/ZN (XNR2UD0BWP30P140)
   0.0532    3.2146 v tree/_13128_/ZN (XNR3UD0BWP30P140)
   0.0254    3.2400 ^ tree/_13151_/ZN (XNR2UD0BWP30P140)
   0.0237    3.2637 v tree/_13152_/ZN (OAI21D0BWP30P140)
   0.0361    3.2998 ^ tree/_13154_/ZN (MAOI222D0BWP30P140)
   0.0247    3.3246 v tree/_13156_/ZN (OAI21D0BWP30P140)
   0.0280    3.3525 ^ tree/_13158_/ZN (AOI21D0BWP30P140)
   0.0192    3.3718 v tree/_13160_/ZN (OAI21D0BWP30P140)
   0.0334    3.4052 ^ tree/_13161_/ZN (MAOI222D0BWP30P140)
   0.0249    3.4301 v tree/_13163_/ZN (OAI21D0BWP30P140)
   0.0358    3.4659 ^ tree/_13165_/ZN (MAOI222D0BWP30P140)
   0.0256    3.4915 v tree/_13167_/ZN (OAI21D0BWP30P140)
   0.0361    3.5276 ^ tree/_13169_/ZN (MAOI222D0BWP30P140)
   0.0251    3.5528 v tree/_13171_/ZN (OAI21D0BWP30P140)
   0.0323    3.5851 ^ tree/_13173_/ZN (MAOI222D0BWP30P140)
   0.0262    3.6113 v tree/_13174_/ZN (MAOI222D0BWP30P140)
   0.0367    3.6480 ^ tree/_13175_/ZN (MAOI222D0BWP30P140)
   0.0251    3.6731 v tree/_13177_/ZN (OAI21D0BWP30P140)
   0.0323    3.7055 ^ tree/_13179_/ZN (MAOI222D0BWP30P140)
   0.0295    3.7350 v tree/_13180_/ZN (MAOI222D0BWP30P140)
   0.0305    3.7655 v tree/_13182_/Z (AO21D0BWP30P140)
   0.0257    3.7912 v tree/_13184_/ZN (IOA21D0BWP30P140)
   0.0334    3.8246 ^ tree/_13186_/ZN (MAOI222D0BWP30P140)
   0.0249    3.8495 v tree/_13188_/ZN (OAI21D0BWP30P140)
   0.0359    3.8854 ^ tree/_13190_/ZN (MAOI222D0BWP30P140)
   0.0253    3.9107 v tree/_13192_/ZN (OAI21D0BWP30P140)
   0.0324    3.9431 ^ tree/_13194_/ZN (MAOI222D0BWP30P140)
   0.0303    3.9733 v tree/_13195_/ZN (MAOI222D0BWP30P140)
   0.0385    4.0119 ^ tree/_13197_/ZN (MAOI222D0BWP30P140)
   0.0253    4.0371 v tree/_13199_/ZN (OAI21D0BWP30P140)
   0.0360    4.0732 ^ tree/_13201_/ZN (MAOI222D0BWP30P140)
   0.0250    4.0982 v tree/_13203_/ZN (OAI21D0BWP30P140)
   0.0358    4.1340 ^ tree/_13205_/ZN (MAOI222D0BWP30P140)
   0.0279    4.1619 ^ tree/_13207_/Z (OA21D0BWP30P140)
   0.0246    4.1865 ^ tree/_13210_/Z (OA21D0BWP30P140)
   0.0205    4.2070 v tree/_13212_/ZN (OAI21D0BWP30P140)
   0.0384    4.2454 ^ tree/_13214_/ZN (MAOI222D0BWP30P140)
   0.0289    4.2743 v tree/_13218_/ZN (OAI211D0BWP30P140)
   0.0328    4.3071 ^ tree/_13220_/ZN (AOI31D0BWP30P140)
   0.0246    4.3317 v tree/_13222_/ZN (OAI21D0BWP30P140)
   0.0356    4.3673 ^ tree/_13224_/ZN (MAOI222D0BWP30P140)
   0.0213    4.3886 v tree/_13226_/ZN (OAI21D0BWP30P140)
   0.0373    4.4259 ^ tree/_13234_/ZN (XNR2UD0BWP30P140)
   0.0823    4.5082 v tree/_13235_/ZN (CKND0BWP30P140)
   0.0418    4.5501 ^ tree/_13294_/ZN (OAI31D0BWP30P140)
   0.0455    4.5955 ^ tree/_13297_/Z (AN4D0BWP30P140)
   0.0436    4.6391 ^ tree/_13300_/Z (AN4D0BWP30P140)
   0.0436    4.6827 ^ tree/_13303_/Z (AN4D0BWP30P140)
   0.0436    4.7262 ^ tree/_13306_/Z (AN4D0BWP30P140)
   0.0438    4.7700 ^ tree/_13309_/Z (AN4D0BWP30P140)
   0.0460    4.8161 ^ tree/_13312_/Z (AN4D0BWP30P140)
   0.0415    4.8576 ^ tree/_13379_/Z (AN4D0BWP30P140)
   0.0222    4.8798 v tree/_13381_/ZN (ND3D0BWP30P140)
   0.0333    4.9131 v tree/_13382_/Z (AO21D0BWP30P140)
   0.0325    4.9455 ^ tree/_13384_/ZN (AOI211D0BWP30P140)
   0.0306    4.9761 ^ tree/_13385_/Z (OA21D0BWP30P140)
   0.0258    5.0019 ^ tree/_13386_/Z (OA21D0BWP30P140)
   0.0211    5.0230 ^ tree/_13387_/Z (AN2D0BWP30P140)
   0.0248    5.0478 ^ tree/_13388_/Z (AO21D0BWP30P140)
   0.0265    5.0743 ^ tree/_13391_/Z (OA21D0BWP30P140)
   0.0217    5.0961 ^ tree/_13392_/ZN (INR2D0BWP30P140)
   0.0213    5.1173 ^ tree/_13393_/ZN (INR2D0BWP30P140)
   0.0241    5.1415 ^ tree/_13396_/Z (AO21D0BWP30P140)
   0.0249    5.1664 ^ tree/_13398_/ZN (XNR2UD0BWP30P140)
   0.0108    5.1772 v tree/_13399_/ZN (CKND2D0BWP30P140)
   0.2962    5.4734 ^ tree/_13478_/ZN (AOI21D0BWP30P140)
   0.1048    5.5782 v tree/_13479_/ZN (CKND0BWP30P140)
   0.0558    5.6341 v tree/_13543_/ZN (MUX4ND0BWP30P140)
   0.0628    5.6969 ^ tree/_13619_/ZN (MUX4ND0BWP30P140)
   0.0258    5.7227 v tree/_13623_/ZN (AOI221D0BWP30P140)
   0.0218    5.7445 ^ tree/_13647_/ZN (OAI211D0BWP30P140)
   0.0143    5.7588 v tree/_13648_/ZN (AOI221D0BWP30P140)
   0.0189    5.7777 ^ tree/_13668_/ZN (ND4D0BWP30P140)
   0.0327    5.8103 v tree/_13674_/ZN (IND4D0BWP30P140)
   0.0324    5.8428 ^ tree/_13677_/ZN (NR4D0BWP30P140)
   0.0360    5.8787 ^ tree/_13678_/ZN (INR2D0BWP30P140)
   0.0333    5.9120 ^ tree/_13699_/ZN (INR3D0BWP30P140)
   0.0226    5.9347 v tree/_13721_/ZN (MAOI222D0BWP30P140)
   0.0334    5.9681 v tree/_13722_/ZN (XNR2UD0BWP30P140)
   0.0613    6.0294 v d2fpn/_094_/ZN (XNR3UD0BWP30P140)
   0.0290    6.0584 ^ d2fpn/_101_/Z (XOR2UD0BWP30P140)
   0.0340    6.0924 v d2fpn/_109_/ZN (IND4D0BWP30P140)
   0.0318    6.1242 ^ d2fpn/_111_/ZN (AOI21D0BWP30P140)
   0.0222    6.1464 v d2fpn/_114_/ZN (OAI21D0BWP30P140)
   0.0267    6.1731 ^ d2fpn/_116_/ZN (AOI21D0BWP30P140)
   0.0370    6.2101 ^ d2fpn/_124_/ZN (IAO21D0BWP30P140)
   0.0206    6.2307 ^ d2fpn/_130_/Z (OR3D0BWP30P140)
   0.0693    6.3000 v d2fpn/_146_/ZN (ND3D0BWP30P140)
   0.0543    6.3543 ^ d2fpn/_156_/ZN (NR3D0BWP30P140)
   0.0134    6.3677 v accAdder/_0518_/ZN (IND2D0BWP30P140)
   0.0270    6.3947 v accAdder/_0519_/ZN (IOA21D0BWP30P140)
   0.0413    6.4360 v accAdder/_0533_/Z (XOR2UD0BWP30P140)
   0.0304    6.4664 ^ accAdder/_0534_/ZN (NR2D0BWP30P140)
   0.0166    6.4830 v accAdder/_0540_/ZN (CKND2D0BWP30P140)
   0.0205    6.5034 ^ accAdder/_0549_/ZN (NR3D0BWP30P140)
   0.0533    6.5567 ^ accAdder/_0561_/ZN (INR4D0BWP30P140)
   0.0946    6.6513 v accAdder/_0588_/Z (CKMUX2D0BWP30P140)
   0.1083    6.7596 ^ accAdder/_0616_/ZN (OAI31D0BWP30P140)
   0.0321    6.7916 v accAdder/_0618_/ZN (NR3D0BWP30P140)
   0.0487    6.8403 ^ accAdder/_0697_/ZN (AOI222D0BWP30P140)
   0.0161    6.8563 v accAdder/_0768_/ZN (AOI211D0BWP30P140)
   0.0485    6.9049 ^ accAdder/_0772_/ZN (AOI211D0BWP30P140)
   0.0239    6.9288 v accAdder/_0774_/ZN (ND3D0BWP30P140)
   0.0228    6.9516 ^ accAdder/_0776_/ZN (OAI21D0BWP30P140)
   0.0237    6.9753 v accAdder/_0778_/ZN (MAOI222D0BWP30P140)
   0.0231    6.9985 ^ accAdder/_0779_/ZN (OAI21D0BWP30P140)
   0.0235    7.0220 ^ accAdder/_0780_/Z (AO21D0BWP30P140)
   0.0230    7.0450 v accAdder/_0781_/ZN (MAOI222D0BWP30P140)
   0.0336    7.0785 ^ accAdder/_0783_/ZN (MAOI222D0BWP30P140)
   0.0263    7.1049 ^ accAdder/_0785_/Z (AO21D0BWP30P140)
   0.0132    7.1181 v accAdder/_0795_/ZN (AOI211D0BWP30P140)
   0.0343    7.1523 ^ accAdder/_0796_/ZN (AOI21D0BWP30P140)
   0.0211    7.1734 ^ accAdder/_0799_/Z (XOR2UD0BWP30P140)
   0.0189    7.1924 v accAdder/_0869_/ZN (AOI211D0BWP30P140)
   0.1133    7.3057 ^ accAdder/_0870_/ZN (NR2D0BWP30P140)
   0.0524    7.3580 v accAdder/_0893_/ZN (MUX3ND0BWP30P140)
   0.0383    7.3963 ^ accAdder/_0903_/ZN (NR3D0BWP30P140)
   0.0411    7.4374 v accAdder/_0907_/ZN (ND4D0BWP30P140)
   0.0482    7.4856 ^ accAdder/_0917_/ZN (INR4D0BWP30P140)
   0.0337    7.5194 ^ accAdder/_0919_/ZN (INR3D0BWP30P140)
   0.0242    7.5436 ^ accAdder/_0920_/ZN (INR2D0BWP30P140)
   0.0341    7.5777 v accAdder/_0921_/ZN (MAOI222D0BWP30P140)
   0.0498    7.6274 v accAdder/_0927_/Z (OR4D0BWP30P140)
   0.0333    7.6608 v accAdder/_0937_/Z (AO211D0BWP30P140)
   0.0247    7.6855 ^ accAdder/_0941_/ZN (OAI31D0BWP30P140)
   0.1007    7.7862 v accAdder/_0944_/ZN (OAI211D0BWP30P140)
   0.0461    7.8323 ^ accAdder/_0957_/ZN (INR3D0BWP30P140)
   0.0279    7.8603 ^ _39_/Z (AO22D0BWP30P140)
   0.0000    7.8603 ^ _57_/D (DFCNQD1BWP30P140)
             7.8603   data arrival time

   2.0000    2.0000   clock CORE_CLK (rise edge)
   0.0000    2.0000   clock network delay (ideal)
  -0.0500    1.9500   clock uncertainty
   0.0000    1.9500   clock reconvergence pessimism
             1.9500 ^ _57_/CP (DFCNQD1BWP30P140)
  -0.0171    1.9329   library setup time
             1.9329   data required time
-------------------------------------------------------------
             1.9329   data required time
            -7.8603   data arrival time
-------------------------------------------------------------
            -5.9273   slack (VIOLATED)


