
===========================================================================
report_checks -unconstrained
===========================================================================
======================= Typical Corner ===================================

Startpoint: io_inScaleA[6] (input port clocked by clock)
Endpoint: accumulator._2420_ (rising edge-triggered flip-flop clocked by clock)
Path Group: clock
Path Type: max

Fanout     Cap    Slew   Delay    Time   Description
-----------------------------------------------------------------------------
                          0.00    0.00   clock clock (rise edge)
                          0.00    0.00   clock network delay (propagated)
                          5.00    5.00 v input external delay
     1    0.00    0.01    0.01    5.01 v io_inScaleA[6] (in)
                                         io_inScaleA[6] (net)
                  0.01    0.00    5.01 v input15/A (sky130_fd_sc_hd__clkbuf_2)
     5    0.02    0.08    0.14    5.15 v input15/X (sky130_fd_sc_hd__clkbuf_2)
                                         net15 (net)
                  0.08    0.00    5.15 v scaleAdd._421_/A2 (sky130_fd_sc_hd__o21a_4)
     4    0.02    0.05    0.24    5.39 v scaleAdd._421_/X (sky130_fd_sc_hd__o21a_4)
                                         scaleAdd._002_ (net)
                  0.05    0.00    5.39 v scaleAdd._428_/A (sky130_fd_sc_hd__xor2_1)
     2    0.01    0.08    0.19    5.57 v scaleAdd._428_/X (sky130_fd_sc_hd__xor2_1)
                                         scaleAdd._009_ (net)
                  0.08    0.00    5.57 v scaleAdd._429_/A (sky130_fd_sc_hd__xnor2_1)
     2    0.01    0.23    0.26    5.83 ^ scaleAdd._429_/Y (sky130_fd_sc_hd__xnor2_1)
                                         scaleAdd._010_ (net)
                  0.23    0.00    5.84 ^ scaleAdd._431_/B (sky130_fd_sc_hd__xnor2_1)
     2    0.01    0.25    0.21    6.04 ^ scaleAdd._431_/Y (sky130_fd_sc_hd__xnor2_1)
                                         scaleAdd._012_ (net)
                  0.25    0.00    6.04 ^ scaleAdd._432_/B (sky130_fd_sc_hd__xnor2_1)
     2    0.01    0.20    0.19    6.23 ^ scaleAdd._432_/Y (sky130_fd_sc_hd__xnor2_1)
                                         scaleAdd._013_ (net)
                  0.20    0.00    6.23 ^ scaleAdd._435_/A (sky130_fd_sc_hd__xor2_1)
     2    0.01    0.28    0.30    6.54 ^ scaleAdd._435_/X (sky130_fd_sc_hd__xor2_1)
                                         scaleAdd._016_ (net)
                  0.28    0.00    6.54 ^ scaleAdd._436_/A (sky130_fd_sc_hd__xnor2_2)
     2    0.01    0.09    0.14    6.68 v scaleAdd._436_/Y (sky130_fd_sc_hd__xnor2_2)
                                         scaleAdd._017_ (net)
                  0.09    0.00    6.68 v scaleAdd._438_/B (sky130_fd_sc_hd__xnor2_2)
     2    0.01    0.21    0.22    6.90 ^ scaleAdd._438_/Y (sky130_fd_sc_hd__xnor2_2)
                                         scaleAdd._019_ (net)
                  0.21    0.00    6.90 ^ scaleAdd._439_/A (sky130_fd_sc_hd__xor2_2)
     5    0.02    0.29    0.29    7.20 ^ scaleAdd._439_/X (sky130_fd_sc_hd__xor2_2)
                                         scaleAdd._020_ (net)
                  0.29    0.00    7.20 ^ scaleAdd._443_/B (sky130_fd_sc_hd__xnor2_2)
     1    0.01    0.07    0.12    7.32 v scaleAdd._443_/Y (sky130_fd_sc_hd__xnor2_2)
                                         scaleAdd._024_ (net)
                  0.07    0.00    7.32 v scaleAdd._444_/A (sky130_fd_sc_hd__xnor2_2)
     6    0.02    0.26    0.28    7.60 ^ scaleAdd._444_/Y (sky130_fd_sc_hd__xnor2_2)
                                         scaleAdd._025_ (net)
                  0.26    0.00    7.60 ^ scaleAdd._445_/B_N (sky130_fd_sc_hd__or2b_4)
     3    0.01    0.05    0.33    7.93 v scaleAdd._445_/X (sky130_fd_sc_hd__or2b_4)
                                         scaleAdd._026_ (net)
                  0.05    0.00    7.93 v scaleAdd._448_/B1 (sky130_fd_sc_hd__a22o_1)
     2    0.01    0.06    0.20    8.13 v scaleAdd._448_/X (sky130_fd_sc_hd__a22o_1)
                                         scaleAdd._029_ (net)
                  0.06    0.00    8.13 v scaleAdd._452_/A2 (sky130_fd_sc_hd__a21o_1)
     2    0.01    0.05    0.20    8.33 v scaleAdd._452_/X (sky130_fd_sc_hd__a21o_1)
                                         scaleAdd._033_ (net)
                  0.05    0.00    8.33 v scaleAdd._454_/B2 (sky130_fd_sc_hd__a22o_1)
     3    0.01    0.06    0.23    8.56 v scaleAdd._454_/X (sky130_fd_sc_hd__a22o_1)
                                         scaleAdd._035_ (net)
                  0.06    0.00    8.56 v scaleAdd._456_/B (sky130_fd_sc_hd__and3_1)
     2    0.01    0.05    0.19    8.75 v scaleAdd._456_/X (sky130_fd_sc_hd__and3_1)
                                         scaleAdd._037_ (net)
                  0.05    0.00    8.75 v scaleAdd._458_/B (sky130_fd_sc_hd__or3_4)
     3    0.01    0.07    0.39    9.15 v scaleAdd._458_/X (sky130_fd_sc_hd__or3_4)
                                         scaleAdd._039_ (net)
                  0.07    0.00    9.15 v scaleAdd._492_/A1 (sky130_fd_sc_hd__a21o_1)
     3    0.01    0.08    0.22    9.36 v scaleAdd._492_/X (sky130_fd_sc_hd__a21o_1)
                                         scaleAdd._072_ (net)
                  0.08    0.00    9.36 v scaleAdd._539_/A1 (sky130_fd_sc_hd__a21oi_4)
     4    0.01    0.15    0.18    9.54 ^ scaleAdd._539_/Y (sky130_fd_sc_hd__a21oi_4)
                                         scaleAdd._118_ (net)
                  0.15    0.00    9.54 ^ scaleAdd._603_/A3 (sky130_fd_sc_hd__o311ai_2)
     3    0.01    0.11    0.12    9.66 v scaleAdd._603_/Y (sky130_fd_sc_hd__o311ai_2)
                                         scaleAdd._180_ (net)
                  0.11    0.00    9.66 v scaleAdd._652_/A1 (sky130_fd_sc_hd__a311o_1)
     3    0.01    0.09    0.34   10.01 v scaleAdd._652_/X (sky130_fd_sc_hd__a311o_1)
                                         scaleAdd._227_ (net)
                  0.09    0.00   10.01 v scaleAdd._688_/A1 (sky130_fd_sc_hd__a311o_1)
     3    0.02    0.11    0.36   10.37 v scaleAdd._688_/X (sky130_fd_sc_hd__a311o_1)
                                         scaleAdd._261_ (net)
                  0.11    0.00   10.37 v scaleAdd._708_/A1 (sky130_fd_sc_hd__a31oi_4)
     2    0.01    0.15    0.18   10.55 ^ scaleAdd._708_/Y (sky130_fd_sc_hd__a31oi_4)
                                         scaleAdd._279_ (net)
                  0.15    0.00   10.55 ^ rebuffer17/A (sky130_fd_sc_hd__buf_6)
     1    0.01    0.03    0.12   10.68 ^ rebuffer17/X (sky130_fd_sc_hd__buf_6)
                                         net74 (net)
                  0.03    0.00   10.68 ^ rebuffer10/A (sky130_fd_sc_hd__buf_6)
     1    0.02    0.05    0.10   10.78 ^ rebuffer10/X (sky130_fd_sc_hd__buf_6)
                                         net67 (net)
                  0.05    0.00   10.78 ^ scaleAdd._709_/A (sky130_fd_sc_hd__xnor2_4)
     4    0.01    0.07    0.09   10.86 v scaleAdd._709_/Y (sky130_fd_sc_hd__xnor2_4)
                                         accumulator.io_inMant[16] (net)
                  0.07    0.00   10.86 v accumulator._1204_/B (sky130_fd_sc_hd__or4_4)
     4    0.01    0.10    0.57   11.43 v accumulator._1204_/X (sky130_fd_sc_hd__or4_4)
                                         accumulator._0065_ (net)
                  0.10    0.00   11.43 v accumulator._1206_/B (sky130_fd_sc_hd__or2_4)
     3    0.01    0.05    0.26   11.69 v accumulator._1206_/X (sky130_fd_sc_hd__or2_4)
                                         accumulator._0085_ (net)
                  0.05    0.00   11.70 v accumulator._1207_/B (sky130_fd_sc_hd__or2_4)
     4    0.01    0.05    0.25   11.95 v accumulator._1207_/X (sky130_fd_sc_hd__or2_4)
                                         accumulator._0095_ (net)
                  0.05    0.00   11.95 v accumulator._1240_/B (sky130_fd_sc_hd__and2_1)
     2    0.01    0.05    0.18   12.12 v accumulator._1240_/X (sky130_fd_sc_hd__and2_1)
                                         accumulator._0339_ (net)
                  0.05    0.00   12.12 v accumulator._1241_/C1 (sky130_fd_sc_hd__a311o_1)
     3    0.01    0.08    0.32   12.45 v accumulator._1241_/X (sky130_fd_sc_hd__a311o_1)
                                         accumulator._0340_ (net)
                  0.08    0.00   12.45 v accumulator._1255_/A1 (sky130_fd_sc_hd__a21o_1)
     2    0.01    0.05    0.19   12.64 v accumulator._1255_/X (sky130_fd_sc_hd__a21o_1)
                                         accumulator._0354_ (net)
                  0.05    0.00   12.64 v accumulator._1257_/A2 (sky130_fd_sc_hd__a211o_1)
     3    0.01    0.07    0.33   12.97 v accumulator._1257_/X (sky130_fd_sc_hd__a211o_1)
                                         accumulator._0356_ (net)
                  0.07    0.00   12.97 v accumulator._1263_/B (sky130_fd_sc_hd__and2_4)
     5    0.01    0.04    0.19   13.15 v accumulator._1263_/X (sky130_fd_sc_hd__and2_4)
                                         accumulator._0362_ (net)
                  0.04    0.00   13.15 v accumulator._1274_/C (sky130_fd_sc_hd__or4_4)
     4    0.01    0.10    0.53   13.68 v accumulator._1274_/X (sky130_fd_sc_hd__or4_4)
                                         accumulator._0373_ (net)
                  0.10    0.00   13.68 v accumulator._1276_/A1 (sky130_fd_sc_hd__a21o_1)
     2    0.01    0.05    0.20   13.89 v accumulator._1276_/X (sky130_fd_sc_hd__a21o_1)
                                         accumulator._0375_ (net)
                  0.05    0.00   13.89 v accumulator._1278_/A1 (sky130_fd_sc_hd__a21o_4)
     2    0.02    0.05    0.24   14.13 v accumulator._1278_/X (sky130_fd_sc_hd__a21o_4)
                                         accumulator._0377_ (net)
                  0.05    0.00   14.13 v accumulator._1284_/A2 (sky130_fd_sc_hd__a21o_1)
     2    0.01    0.05    0.21   14.34 v accumulator._1284_/X (sky130_fd_sc_hd__a21o_1)
                                         accumulator._0383_ (net)
                  0.05    0.00   14.34 v accumulator._1285_/A2 (sky130_fd_sc_hd__a21o_4)
     2    0.02    0.05    0.25   14.59 v accumulator._1285_/X (sky130_fd_sc_hd__a21o_4)
                                         accumulator._0384_ (net)
                  0.05    0.00   14.59 v accumulator._1290_/A2 (sky130_fd_sc_hd__a21o_1)
     2    0.02    0.10    0.25   14.84 v accumulator._1290_/X (sky130_fd_sc_hd__a21o_1)
                                         accumulator._0389_ (net)
                  0.10    0.00   14.84 v accumulator._1293_/A2 (sky130_fd_sc_hd__a21boi_4)
     3    0.02    0.19    0.25   15.09 ^ accumulator._1293_/Y (sky130_fd_sc_hd__a21boi_4)
                                         accumulator._0392_ (net)
                  0.19    0.00   15.09 ^ accumulator._1302_/A (sky130_fd_sc_hd__xor2_2)
     4    0.01    0.21    0.24   15.33 ^ accumulator._1302_/X (sky130_fd_sc_hd__xor2_2)
                                         accumulator._0401_ (net)
                  0.21    0.00   15.33 ^ accumulator._1303_/A (sky130_fd_sc_hd__buf_6)
     6    0.03    0.07    0.17   15.50 ^ accumulator._1303_/X (sky130_fd_sc_hd__buf_6)
                                         accumulator._0402_ (net)
                  0.07    0.00   15.50 ^ accumulator._1335_/S (sky130_fd_sc_hd__mux2_4)
     5    0.02    0.07    0.35   15.85 v accumulator._1335_/X (sky130_fd_sc_hd__mux2_4)
                                         accumulator._0432_ (net)
                  0.07    0.00   15.85 v accumulator._1336_/A (sky130_fd_sc_hd__buf_2)
    10    0.03    0.08    0.20   16.05 v accumulator._1336_/X (sky130_fd_sc_hd__buf_2)
                                         accumulator._0433_ (net)
                  0.08    0.00   16.05 v accumulator._1373_/A1 (sky130_fd_sc_hd__a21o_1)
     2    0.00    0.04    0.18   16.24 v accumulator._1373_/X (sky130_fd_sc_hd__a21o_1)
                                         accumulator._0470_ (net)
                  0.04    0.00   16.24 v accumulator._1380_/A2 (sky130_fd_sc_hd__a21o_1)
     2    0.01    0.05    0.20   16.43 v accumulator._1380_/X (sky130_fd_sc_hd__a21o_1)
                                         accumulator._0477_ (net)
                  0.05    0.00   16.43 v accumulator._1403_/A (sky130_fd_sc_hd__and2_1)
     2    0.01    0.05    0.15   16.59 v accumulator._1403_/X (sky130_fd_sc_hd__and2_1)
                                         accumulator._0500_ (net)
                  0.05    0.00   16.59 v accumulator._1427_/A2 (sky130_fd_sc_hd__a211o_1)
     1    0.01    0.06    0.32   16.91 v accumulator._1427_/X (sky130_fd_sc_hd__a211o_1)
                                         accumulator._0524_ (net)
                  0.06    0.00   16.91 v accumulator._1505_/A2 (sky130_fd_sc_hd__a32o_2)
     4    0.02    0.08    0.33   17.23 v accumulator._1505_/X (sky130_fd_sc_hd__a32o_2)
                                         accumulator._0602_ (net)
                  0.08    0.00   17.24 v accumulator._1507_/A (sky130_fd_sc_hd__xnor2_2)
     3    0.02    0.26    0.28   17.52 ^ accumulator._1507_/Y (sky130_fd_sc_hd__xnor2_2)
                                         accumulator._0604_ (net)
                  0.26    0.00   17.52 ^ accumulator._1837_/A1 (sky130_fd_sc_hd__a311o_1)
     2    0.00    0.07    0.22   17.74 ^ accumulator._1837_/X (sky130_fd_sc_hd__a311o_1)
                                         accumulator._0934_ (net)
                  0.07    0.00   17.74 ^ accumulator._1839_/A3 (sky130_fd_sc_hd__a311o_1)
     3    0.01    0.13    0.24   17.98 ^ accumulator._1839_/X (sky130_fd_sc_hd__a311o_1)
                                         accumulator._0936_ (net)
                  0.13    0.00   17.98 ^ accumulator._1842_/A1 (sky130_fd_sc_hd__a311o_1)
     2    0.01    0.12    0.23   18.21 ^ accumulator._1842_/X (sky130_fd_sc_hd__a311o_1)
                                         accumulator._0939_ (net)
                  0.12    0.00   18.21 ^ accumulator._1844_/A1 (sky130_fd_sc_hd__a31oi_2)
     3    0.01    0.10    0.13   18.35 v accumulator._1844_/Y (sky130_fd_sc_hd__a31oi_2)
                                         accumulator._0941_ (net)
                  0.10    0.00   18.35 v accumulator._1846_/A1 (sky130_fd_sc_hd__a211o_1)
     3    0.01    0.08    0.33   18.68 v accumulator._1846_/X (sky130_fd_sc_hd__a211o_1)
                                         accumulator._0943_ (net)
                  0.08    0.00   18.68 v accumulator._1847_/A1 (sky130_fd_sc_hd__a311o_1)
     3    0.01    0.10    0.34   19.02 v accumulator._1847_/X (sky130_fd_sc_hd__a311o_1)
                                         accumulator._0944_ (net)
                  0.10    0.00   19.02 v accumulator._1855_/A3 (sky130_fd_sc_hd__o311a_4)
     4    0.02    0.07    0.37   19.39 v accumulator._1855_/X (sky130_fd_sc_hd__o311a_4)
                                         accumulator._0952_ (net)
                  0.07    0.00   19.39 v accumulator._1866_/A3 (sky130_fd_sc_hd__o31ai_4)
     3    0.01    0.22    0.22   19.61 ^ accumulator._1866_/Y (sky130_fd_sc_hd__o31ai_4)
                                         accumulator._0963_ (net)
                  0.22    0.00   19.61 ^ accumulator._1867_/B (sky130_fd_sc_hd__nand3b_1)
     1    0.00    0.07    0.10   19.71 v accumulator._1867_/Y (sky130_fd_sc_hd__nand3b_1)
                                         accumulator._0964_ (net)
                  0.07    0.00   19.71 v accumulator._1868_/C1 (sky130_fd_sc_hd__o211a_1)
     3    0.01    0.07    0.16   19.87 v accumulator._1868_/X (sky130_fd_sc_hd__o211a_1)
                                         accumulator._0965_ (net)
                  0.07    0.00   19.87 v accumulator._1871_/A3 (sky130_fd_sc_hd__o41a_4)
     7    0.02    0.09    0.50   20.37 v accumulator._1871_/X (sky130_fd_sc_hd__o41a_4)
                                         accumulator._0968_ (net)
                  0.09    0.00   20.37 v accumulator._1872_/A (sky130_fd_sc_hd__and2_4)
     5    0.01    0.04    0.18   20.54 v accumulator._1872_/X (sky130_fd_sc_hd__and2_4)
                                         accumulator._0969_ (net)
                  0.04    0.00   20.54 v accumulator._1895_/A (sky130_fd_sc_hd__buf_6)
    10    0.04    0.05    0.14   20.69 v accumulator._1895_/X (sky130_fd_sc_hd__buf_6)
                                         accumulator._0992_ (net)
                  0.05    0.00   20.69 v accumulator._1912_/A (sky130_fd_sc_hd__nor2_4)
     1    0.01    0.09    0.12   20.81 ^ accumulator._1912_/Y (sky130_fd_sc_hd__nor2_4)
                                         accumulator._1009_ (net)
                  0.09    0.00   20.81 ^ accumulator._1913_/A (sky130_fd_sc_hd__xor2_2)
     5    0.02    0.26    0.26   21.07 ^ accumulator._1913_/X (sky130_fd_sc_hd__xor2_2)
                                         accumulator._1010_ (net)
                  0.26    0.00   21.07 ^ accumulator._2072_/B1 (sky130_fd_sc_hd__o21ai_1)
     1    0.00    0.08    0.12   21.19 v accumulator._2072_/Y (sky130_fd_sc_hd__o21ai_1)
                                         accumulator._1169_ (net)
                  0.08    0.00   21.19 v accumulator._2073_/A1 (sky130_fd_sc_hd__a21oi_1)
     1    0.00    0.11    0.14   21.34 ^ accumulator._2073_/Y (sky130_fd_sc_hd__a21oi_1)
                                         accumulator._1170_ (net)
                  0.11    0.00   21.34 ^ accumulator._2074_/A2 (sky130_fd_sc_hd__o21ai_1)
     1    0.00    0.07    0.07   21.41 v accumulator._2074_/Y (sky130_fd_sc_hd__o21ai_1)
                                         accumulator._1171_ (net)
                  0.07    0.00   21.41 v accumulator._2075_/A2 (sky130_fd_sc_hd__a21o_1)
     1    0.00    0.04    0.20   21.60 v accumulator._2075_/X (sky130_fd_sc_hd__a21o_1)
                                         accumulator._1172_ (net)
                  0.04    0.00   21.60 v accumulator._2076_/A2 (sky130_fd_sc_hd__a21oi_1)
     1    0.00    0.12    0.15   21.76 ^ accumulator._2076_/Y (sky130_fd_sc_hd__a21oi_1)
                                         accumulator._1173_ (net)
                  0.12    0.00   21.76 ^ accumulator._2077_/A2 (sky130_fd_sc_hd__o21ai_1)
     1    0.00    0.07    0.07   21.83 v accumulator._2077_/Y (sky130_fd_sc_hd__o21ai_1)
                                         accumulator._1174_ (net)
                  0.07    0.00   21.83 v accumulator._2078_/A2 (sky130_fd_sc_hd__a21oi_1)
     1    0.00    0.12    0.17   22.00 ^ accumulator._2078_/Y (sky130_fd_sc_hd__a21oi_1)
                                         accumulator._1175_ (net)
                  0.12    0.00   22.00 ^ accumulator._2079_/A2 (sky130_fd_sc_hd__o21bai_1)
     1    0.00    0.07    0.08   22.08 v accumulator._2079_/Y (sky130_fd_sc_hd__o21bai_1)
                                         accumulator._1176_ (net)
                  0.07    0.00   22.08 v accumulator._2082_/A1 (sky130_fd_sc_hd__a21o_2)
     7    0.03    0.09    0.27   22.35 v accumulator._2082_/X (sky130_fd_sc_hd__a21o_2)
                                         accumulator._1180_ (net)
                  0.09    0.00   22.35 v accumulator._2083_/A (sky130_fd_sc_hd__nand2_4)
     5    0.03    0.10    0.13   22.48 ^ accumulator._2083_/Y (sky130_fd_sc_hd__nand2_4)
                                         accumulator._1181_ (net)
                  0.10    0.00   22.48 ^ accumulator._2086_/A (sky130_fd_sc_hd__buf_8)
     5    0.02    0.05    0.12   22.60 ^ accumulator._2086_/X (sky130_fd_sc_hd__buf_8)
                                         accumulator._1184_ (net)
                  0.05    0.00   22.60 ^ accumulator._2295_/S (sky130_fd_sc_hd__mux2_2)
     2    0.01    0.06    0.35   22.96 v accumulator._2295_/X (sky130_fd_sc_hd__mux2_2)
                                         accumulator._0229_ (net)
                  0.06    0.00   22.96 v accumulator._2296_/A1 (sky130_fd_sc_hd__mux2_2)
     1    0.00    0.04    0.27   23.23 v accumulator._2296_/X (sky130_fd_sc_hd__mux2_2)
                                         accumulator._0230_ (net)
                  0.04    0.00   23.23 v accumulator._2297_/A1 (sky130_fd_sc_hd__mux2_1)
     1    0.00    0.06    0.31   23.53 v accumulator._2297_/X (sky130_fd_sc_hd__mux2_1)
                                         accumulator._0231_ (net)
                  0.06    0.00   23.53 v accumulator._2298_/A1 (sky130_fd_sc_hd__mux2_2)
     1    0.01    0.06    0.29   23.82 v accumulator._2298_/X (sky130_fd_sc_hd__mux2_2)
                                         accumulator._0232_ (net)
                  0.06    0.00   23.82 v accumulator._2300_/A3 (sky130_fd_sc_hd__o311a_1)
     1    0.00    0.05    0.29   24.12 v accumulator._2300_/X (sky130_fd_sc_hd__o311a_1)
                                         accumulator._0021_ (net)
                  0.05    0.00   24.12 v accumulator._2420_/D (sky130_fd_sc_hd__dfxtp_1)
                                 24.12   data arrival time

                         25.00   25.00   clock clock (rise edge)
                          0.00   25.00   clock source latency
     1    0.01    0.04    0.03   25.03 ^ clock (in)
                                         clock (net)
                  0.04    0.00   25.03 ^ clkbuf_0_clock/A (sky130_fd_sc_hd__clkbuf_16)
     4    0.03    0.05    0.13   25.15 ^ clkbuf_0_clock/X (sky130_fd_sc_hd__clkbuf_16)
                                         clknet_0_clock (net)
                  0.05    0.00   25.15 ^ clkbuf_2_1__f_clock/A (sky130_fd_sc_hd__clkbuf_16)
    10    0.03    0.05    0.13   25.28 ^ clkbuf_2_1__f_clock/X (sky130_fd_sc_hd__clkbuf_16)
                                         clknet_2_1__leaf_clock (net)
                  0.05    0.00   25.29 ^ accumulator._2420_/CLK (sky130_fd_sc_hd__dfxtp_1)
                         -0.25   25.04   clock uncertainty
                          0.00   25.04   clock reconvergence pessimism
                         -0.11   24.92   library setup time
                                 24.92   data required time
-----------------------------------------------------------------------------
                                 24.92   data required time
                                -24.12   data arrival time
-----------------------------------------------------------------------------
                                  0.81   slack (MET)




===========================================================================
report_checks --slack_max -0.01
============================================================================
======================= Typical Corner ===================================

No paths found.


===========================================================================
 report_check_types -max_slew -max_cap -max_fanout -violators
============================================================================
======================= Typical Corner ===================================


max slew violations count Typical: 0
max fanout violations count Typical: 0
max cap violations count Typical: 0

===========================================================================
report_parasitic_annotation -report_unannotated
============================================================================
Found 11 unannotated drivers.
 io_inScaleB[0]
 io_inScaleB[1]
 io_inScaleB[2]
 io_inScaleB[3]
 io_inScaleB[4]
 io_inScaleB[5]
 clkload0/Y
 clkload1/X
 clkload2/Y
 scaleAdd._736__56/HI
 scaleAdd._737__57/HI
Found 224 partially unannotated drivers.
 clock
 io_inA[1]
 io_inScaleA[1]
 io_inScaleA[2]
 io_inScaleA[7]
 io_inScaleB[6]
 _21_/X
 _23_/X
 _25_/X
 _31_/X
 accumulator._1219_/X
 accumulator._1293_/Y
 accumulator._1294_/Y
 accumulator._1295_/X
 accumulator._1296_/X
 accumulator._1305_/X
 accumulator._1306_/X
 accumulator._1312_/Y
 accumulator._1313_/X
 accumulator._1319_/X
 accumulator._1322_/Y
 accumulator._1324_/Y
 accumulator._1327_/Y
 accumulator._1333_/X
 accumulator._1369_/X
 accumulator._1378_/X
 accumulator._1384_/X
 accumulator._1404_/X
 accumulator._1411_/Y
 accumulator._1421_/X
 accumulator._1426_/Y
 accumulator._1440_/X
 accumulator._1455_/X
 accumulator._1456_/X
 accumulator._1465_/X
 accumulator._1467_/X
 accumulator._1472_/X
 accumulator._1477_/X
 accumulator._1480_/X
 accumulator._1488_/X
 accumulator._1496_/X
 accumulator._1501_/X
 accumulator._1536_/X
 accumulator._1564_/Y
 accumulator._1600_/X
 accumulator._1612_/X
 accumulator._1614_/Y
 accumulator._1618_/Y
 accumulator._1620_/X
 accumulator._1622_/X
 accumulator._1624_/Y
 accumulator._1640_/X
 accumulator._1643_/X
 accumulator._1647_/X
 accumulator._1706_/X
 accumulator._1715_/X
 accumulator._1724_/Y
 accumulator._1728_/X
 accumulator._1737_/X
 accumulator._1751_/X
 accumulator._1756_/X
 accumulator._1765_/X
 accumulator._1790_/Y
 accumulator._1792_/X
 accumulator._1813_/X
 accumulator._1821_/X
 accumulator._1822_/X
 accumulator._1823_/X
 accumulator._1824_/X
 accumulator._1826_/X
 accumulator._1837_/X
 accumulator._1851_/Y
 accumulator._1862_/X
 accumulator._1867_/Y
 accumulator._1872_/X
 accumulator._1895_/X
 accumulator._1983_/Y
 accumulator._1990_/X
 accumulator._2014_/Y
 accumulator._2016_/X
 accumulator._2035_/X
 accumulator._2040_/Y
 accumulator._2042_/X
 accumulator._2043_/X
 accumulator._2044_/X
 accumulator._2050_/X
 accumulator._2051_/X
 accumulator._2083_/Y
 accumulator._2098_/X
 accumulator._2100_/X
 accumulator._2101_/X
 accumulator._2102_/X
 accumulator._2103_/Y
 accumulator._2107_/Y
 accumulator._2114_/X
 accumulator._2115_/X
 accumulator._2119_/X
 accumulator._2127_/X
 accumulator._2128_/Y
 accumulator._2131_/X
 accumulator._2137_/X
 accumulator._2138_/X
 accumulator._2139_/X
 accumulator._2141_/X
 accumulator._2145_/Y
 accumulator._2149_/X
 accumulator._2156_/X
 accumulator._2163_/X
 accumulator._2169_/X
 accumulator._2170_/X
 accumulator._2174_/X
 accumulator._2177_/Y
 accumulator._2187_/X
 accumulator._2188_/Y
 accumulator._2191_/X
 accumulator._2195_/X
 accumulator._2196_/X
 accumulator._2199_/X
 accumulator._2200_/X
 accumulator._2207_/X
 accumulator._2209_/X
 accumulator._2216_/X
 accumulator._2224_/X
 accumulator._2225_/Y
 accumulator._2226_/X
 accumulator._2227_/X
 accumulator._2234_/Y
 accumulator._2237_/X
 accumulator._2239_/X
 accumulator._2241_/X
 accumulator._2243_/X
 accumulator._2245_/X
 accumulator._2246_/X
 accumulator._2250_/X
 accumulator._2251_/X
 accumulator._2252_/Y
 accumulator._2255_/X
 accumulator._2256_/X
 accumulator._2258_/X
 accumulator._2259_/X
 accumulator._2260_/X
 accumulator._2263_/Y
 accumulator._2268_/X
 accumulator._2271_/Y
 accumulator._2274_/X
 accumulator._2277_/X
 accumulator._2278_/X
 accumulator._2281_/X
 accumulator._2287_/Y
 accumulator._2289_/X
 accumulator._2296_/X
 accumulator._2303_/X
 accumulator._2304_/X
 accumulator._2306_/X
 accumulator._2311_/X
 accumulator._2313_/X
 accumulator._2314_/X
 accumulator._2315_/X
 accumulator._2320_/Y
 accumulator._2322_/X
 accumulator._2343_/X
 accumulator._2401_/Q
 accumulator._2404_/Q
 accumulator._2409_/Q
 accumulator._2411_/Q
 accumulator._2413_/Q
 accumulator._2414_/Q
 accumulator._2416_/Q
 accumulator._2417_/Q
 accumulator._2420_/Q
 accumulator._2421_/Q
 accumulator._2431_/Q
 clkbuf_0_clock/X
 clkbuf_2_0__f_clock/X
 clone12/X
 clone22/X
 input13/X
 input16/X
 input8/X
 max_cap55/X
 operator._13_/X
 operator._16_/X
 operator._20_/X
 operator._23_/Y
 operator._27_/X
 operator._28_/X
 operator._29_/X
 output31/X
 rebuffer33/X
 scaleAdd._366_/X
 scaleAdd._375_/X
 scaleAdd._378_/Y
 scaleAdd._387_/X
 scaleAdd._390_/Y
 scaleAdd._391_/Y
 scaleAdd._395_/X
 scaleAdd._396_/X
 scaleAdd._421_/X
 scaleAdd._425_/X
 scaleAdd._431_/Y
 scaleAdd._432_/Y
 scaleAdd._433_/Y
 scaleAdd._439_/X
 scaleAdd._442_/X
 scaleAdd._455_/X
 scaleAdd._464_/Y
 scaleAdd._475_/X
 scaleAdd._478_/X
 scaleAdd._482_/Y
 scaleAdd._498_/X
 scaleAdd._501_/X
 scaleAdd._503_/X
 scaleAdd._508_/Y
 scaleAdd._527_/Y
 scaleAdd._547_/X
 scaleAdd._549_/Y
 scaleAdd._551_/X
 scaleAdd._562_/Y
 scaleAdd._625_/X
 scaleAdd._636_/Y
 scaleAdd._642_/Y
 scaleAdd._657_/Y
 scaleAdd._676_/X
 scaleAdd._741_/Y

===========================================================================
max slew violation count 0
max fanout violation count 0
max cap violation count 0
============================================================================

===========================================================================
check_setup -verbose -unconstrained_endpoints -multiple_clock -no_clock -no_input_delay -loops -generated_clocks
===========================================================================
