
===========================================================================
report_checks -unconstrained
===========================================================================
======================= Typical Corner ===================================

Startpoint: io_inScaleA[7] (input port clocked by clock)
Endpoint: accumulator._2415_ (rising edge-triggered flip-flop clocked by clock)
Path Group: clock
Path Type: max

Fanout     Cap    Slew   Delay    Time   Description
-----------------------------------------------------------------------------
                          0.00    0.00   clock clock (rise edge)
                          0.00    0.00   clock network delay (propagated)
                          5.00    5.00 v input external delay
     1    0.00    0.01    0.00    5.00 v io_inScaleA[7] (in)
                                         io_inScaleA[7] (net)
                  0.01    0.00    5.00 v input16/A (sky130_fd_sc_hd__buf_2)
     5    0.01    0.04    0.13    5.13 v input16/X (sky130_fd_sc_hd__buf_2)
                                         net16 (net)
                  0.04    0.00    5.13 v scaleAdd._421_/A1 (sky130_fd_sc_hd__o21a_4)
     4    0.02    0.05    0.24    5.37 v scaleAdd._421_/X (sky130_fd_sc_hd__o21a_4)
                                         scaleAdd._002_ (net)
                  0.05    0.00    5.37 v scaleAdd._428_/A (sky130_fd_sc_hd__xor2_1)
     2    0.01    0.07    0.18    5.55 v scaleAdd._428_/X (sky130_fd_sc_hd__xor2_1)
                                         scaleAdd._009_ (net)
                  0.07    0.00    5.55 v scaleAdd._429_/A (sky130_fd_sc_hd__xnor2_1)
     2    0.01    0.20    0.23    5.78 ^ scaleAdd._429_/Y (sky130_fd_sc_hd__xnor2_1)
                                         scaleAdd._010_ (net)
                  0.20    0.00    5.78 ^ scaleAdd._431_/B (sky130_fd_sc_hd__xnor2_1)
     2    0.01    0.25    0.20    5.99 ^ scaleAdd._431_/Y (sky130_fd_sc_hd__xnor2_1)
                                         scaleAdd._012_ (net)
                  0.25    0.00    5.99 ^ scaleAdd._432_/B (sky130_fd_sc_hd__xnor2_1)
     2    0.01    0.20    0.19    6.18 ^ scaleAdd._432_/Y (sky130_fd_sc_hd__xnor2_1)
                                         scaleAdd._013_ (net)
                  0.20    0.00    6.18 ^ scaleAdd._435_/A (sky130_fd_sc_hd__xor2_1)
     2    0.01    0.26    0.28    6.46 ^ scaleAdd._435_/X (sky130_fd_sc_hd__xor2_1)
                                         scaleAdd._016_ (net)
                  0.26    0.00    6.46 ^ scaleAdd._436_/A (sky130_fd_sc_hd__xnor2_2)
     2    0.01    0.19    0.18    6.64 ^ scaleAdd._436_/Y (sky130_fd_sc_hd__xnor2_2)
                                         scaleAdd._017_ (net)
                  0.19    0.00    6.64 ^ scaleAdd._438_/B (sky130_fd_sc_hd__xnor2_2)
     2    0.01    0.20    0.17    6.81 ^ scaleAdd._438_/Y (sky130_fd_sc_hd__xnor2_2)
                                         scaleAdd._019_ (net)
                  0.20    0.00    6.81 ^ scaleAdd._439_/A (sky130_fd_sc_hd__xor2_2)
     5    0.02    0.29    0.29    7.10 ^ scaleAdd._439_/X (sky130_fd_sc_hd__xor2_2)
                                         scaleAdd._020_ (net)
                  0.29    0.00    7.10 ^ scaleAdd._443_/B (sky130_fd_sc_hd__xnor2_2)
     1    0.01    0.07    0.12    7.22 v scaleAdd._443_/Y (sky130_fd_sc_hd__xnor2_2)
                                         scaleAdd._024_ (net)
                  0.07    0.00    7.22 v scaleAdd._444_/A (sky130_fd_sc_hd__xnor2_2)
     6    0.01    0.22    0.24    7.46 ^ scaleAdd._444_/Y (sky130_fd_sc_hd__xnor2_2)
                                         scaleAdd._025_ (net)
                  0.22    0.00    7.46 ^ scaleAdd._445_/B_N (sky130_fd_sc_hd__or2b_4)
     3    0.01    0.05    0.31    7.78 v scaleAdd._445_/X (sky130_fd_sc_hd__or2b_4)
                                         scaleAdd._026_ (net)
                  0.05    0.00    7.78 v scaleAdd._448_/B1 (sky130_fd_sc_hd__a22o_1)
     2    0.00    0.05    0.19    7.97 v scaleAdd._448_/X (sky130_fd_sc_hd__a22o_1)
                                         scaleAdd._029_ (net)
                  0.05    0.00    7.97 v scaleAdd._452_/A2 (sky130_fd_sc_hd__a21o_1)
     2    0.00    0.04    0.19    8.16 v scaleAdd._452_/X (sky130_fd_sc_hd__a21o_1)
                                         scaleAdd._033_ (net)
                  0.04    0.00    8.16 v scaleAdd._454_/B2 (sky130_fd_sc_hd__a22o_1)
     3    0.01    0.06    0.22    8.38 v scaleAdd._454_/X (sky130_fd_sc_hd__a22o_1)
                                         scaleAdd._035_ (net)
                  0.06    0.00    8.38 v scaleAdd._456_/B (sky130_fd_sc_hd__and3_1)
     2    0.00    0.05    0.18    8.56 v scaleAdd._456_/X (sky130_fd_sc_hd__and3_1)
                                         scaleAdd._037_ (net)
                  0.05    0.00    8.56 v scaleAdd._458_/B (sky130_fd_sc_hd__or3_4)
     3    0.01    0.07    0.38    8.95 v scaleAdd._458_/X (sky130_fd_sc_hd__or3_4)
                                         scaleAdd._039_ (net)
                  0.07    0.00    8.95 v scaleAdd._492_/A1 (sky130_fd_sc_hd__a21o_1)
     3    0.01    0.07    0.21    9.15 v scaleAdd._492_/X (sky130_fd_sc_hd__a21o_1)
                                         scaleAdd._072_ (net)
                  0.07    0.00    9.15 v scaleAdd._539_/A1 (sky130_fd_sc_hd__a21oi_4)
     4    0.01    0.13    0.16    9.31 ^ scaleAdd._539_/Y (sky130_fd_sc_hd__a21oi_4)
                                         scaleAdd._118_ (net)
                  0.13    0.00    9.31 ^ scaleAdd._603_/A3 (sky130_fd_sc_hd__o311ai_2)
     3    0.01    0.10    0.11    9.42 v scaleAdd._603_/Y (sky130_fd_sc_hd__o311ai_2)
                                         scaleAdd._180_ (net)
                  0.10    0.00    9.42 v scaleAdd._652_/A1 (sky130_fd_sc_hd__a311o_1)
     3    0.01    0.07    0.31    9.72 v scaleAdd._652_/X (sky130_fd_sc_hd__a311o_1)
                                         scaleAdd._227_ (net)
                  0.07    0.00    9.72 v scaleAdd._688_/A1 (sky130_fd_sc_hd__a311o_1)
     3    0.01    0.10    0.33   10.06 v scaleAdd._688_/X (sky130_fd_sc_hd__a311o_1)
                                         scaleAdd._261_ (net)
                  0.10    0.00   10.06 v scaleAdd._708_/A1 (sky130_fd_sc_hd__a31oi_4)
     2    0.01    0.14    0.16   10.22 ^ scaleAdd._708_/Y (sky130_fd_sc_hd__a31oi_4)
                                         scaleAdd._279_ (net)
                  0.14    0.00   10.22 ^ rebuffer17/A (sky130_fd_sc_hd__buf_6)
     1    0.00    0.03    0.12   10.34 ^ rebuffer17/X (sky130_fd_sc_hd__buf_6)
                                         net74 (net)
                  0.03    0.00   10.34 ^ rebuffer10/A (sky130_fd_sc_hd__buf_6)
     1    0.02    0.05    0.10   10.44 ^ rebuffer10/X (sky130_fd_sc_hd__buf_6)
                                         net67 (net)
                  0.05    0.00   10.44 ^ scaleAdd._709_/A (sky130_fd_sc_hd__xnor2_4)
     4    0.01    0.06    0.08   10.52 v scaleAdd._709_/Y (sky130_fd_sc_hd__xnor2_4)
                                         accumulator.io_inMant[16] (net)
                  0.06    0.00   10.52 v accumulator._1204_/B (sky130_fd_sc_hd__or4_4)
     4    0.01    0.09    0.55   11.07 v accumulator._1204_/X (sky130_fd_sc_hd__or4_4)
                                         accumulator._0065_ (net)
                  0.09    0.00   11.07 v accumulator._1206_/B (sky130_fd_sc_hd__or2_4)
     3    0.01    0.05    0.26   11.32 v accumulator._1206_/X (sky130_fd_sc_hd__or2_4)
                                         accumulator._0085_ (net)
                  0.05    0.00   11.32 v accumulator._1207_/B (sky130_fd_sc_hd__or2_4)
     4    0.01    0.05    0.24   11.57 v accumulator._1207_/X (sky130_fd_sc_hd__or2_4)
                                         accumulator._0095_ (net)
                  0.05    0.00   11.57 v accumulator._1240_/B (sky130_fd_sc_hd__and2_1)
     2    0.00    0.04    0.17   11.73 v accumulator._1240_/X (sky130_fd_sc_hd__and2_1)
                                         accumulator._0339_ (net)
                  0.04    0.00   11.73 v accumulator._1241_/C1 (sky130_fd_sc_hd__a311o_1)
     3    0.01    0.07    0.30   12.03 v accumulator._1241_/X (sky130_fd_sc_hd__a311o_1)
                                         accumulator._0340_ (net)
                  0.07    0.00   12.03 v accumulator._1255_/A1 (sky130_fd_sc_hd__a21o_1)
     2    0.00    0.04    0.18   12.21 v accumulator._1255_/X (sky130_fd_sc_hd__a21o_1)
                                         accumulator._0354_ (net)
                  0.04    0.00   12.21 v accumulator._1257_/A2 (sky130_fd_sc_hd__a211o_1)
     3    0.01    0.06    0.31   12.53 v accumulator._1257_/X (sky130_fd_sc_hd__a211o_1)
                                         accumulator._0356_ (net)
                  0.06    0.00   12.53 v accumulator._1263_/B (sky130_fd_sc_hd__and2_4)
     5    0.01    0.04    0.18   12.70 v accumulator._1263_/X (sky130_fd_sc_hd__and2_4)
                                         accumulator._0362_ (net)
                  0.04    0.00   12.70 v accumulator._1274_/C (sky130_fd_sc_hd__or4_4)
     4    0.01    0.10    0.52   13.22 v accumulator._1274_/X (sky130_fd_sc_hd__or4_4)
                                         accumulator._0373_ (net)
                  0.10    0.00   13.22 v accumulator._1276_/A1 (sky130_fd_sc_hd__a21o_1)
     2    0.01    0.05    0.19   13.41 v accumulator._1276_/X (sky130_fd_sc_hd__a21o_1)
                                         accumulator._0375_ (net)
                  0.05    0.00   13.41 v accumulator._1278_/A1 (sky130_fd_sc_hd__a21o_4)
     2    0.02    0.05    0.23   13.64 v accumulator._1278_/X (sky130_fd_sc_hd__a21o_4)
                                         accumulator._0377_ (net)
                  0.05    0.00   13.64 v accumulator._1284_/A2 (sky130_fd_sc_hd__a21o_1)
     2    0.01    0.05    0.20   13.84 v accumulator._1284_/X (sky130_fd_sc_hd__a21o_1)
                                         accumulator._0383_ (net)
                  0.05    0.00   13.84 v accumulator._1285_/A2 (sky130_fd_sc_hd__a21o_4)
     2    0.02    0.05    0.25   14.09 v accumulator._1285_/X (sky130_fd_sc_hd__a21o_4)
                                         accumulator._0384_ (net)
                  0.05    0.00   14.09 v accumulator._1290_/A2 (sky130_fd_sc_hd__a21o_1)
     2    0.02    0.09    0.25   14.34 v accumulator._1290_/X (sky130_fd_sc_hd__a21o_1)
                                         accumulator._0389_ (net)
                  0.09    0.00   14.34 v accumulator._1293_/A2 (sky130_fd_sc_hd__a21boi_4)
     3    0.02    0.19    0.24   14.58 ^ accumulator._1293_/Y (sky130_fd_sc_hd__a21boi_4)
                                         accumulator._0392_ (net)
                  0.19    0.00   14.58 ^ accumulator._1302_/A (sky130_fd_sc_hd__xor2_2)
     4    0.01    0.18    0.21   14.79 ^ accumulator._1302_/X (sky130_fd_sc_hd__xor2_2)
                                         accumulator._0401_ (net)
                  0.18    0.00   14.79 ^ accumulator._1303_/A (sky130_fd_sc_hd__buf_6)
     6    0.02    0.05    0.15   14.94 ^ accumulator._1303_/X (sky130_fd_sc_hd__buf_6)
                                         accumulator._0402_ (net)
                  0.05    0.00   14.94 ^ accumulator._1335_/S (sky130_fd_sc_hd__mux2_4)
     5    0.01    0.06    0.33   15.27 v accumulator._1335_/X (sky130_fd_sc_hd__mux2_4)
                                         accumulator._0432_ (net)
                  0.06    0.00   15.27 v accumulator._1336_/A (sky130_fd_sc_hd__buf_2)
    10    0.02    0.07    0.18   15.45 v accumulator._1336_/X (sky130_fd_sc_hd__buf_2)
                                         accumulator._0433_ (net)
                  0.07    0.00   15.45 v accumulator._1373_/A1 (sky130_fd_sc_hd__a21o_1)
     2    0.00    0.04    0.17   15.62 v accumulator._1373_/X (sky130_fd_sc_hd__a21o_1)
                                         accumulator._0470_ (net)
                  0.04    0.00   15.62 v accumulator._1380_/A2 (sky130_fd_sc_hd__a21o_1)
     2    0.00    0.04    0.18   15.80 v accumulator._1380_/X (sky130_fd_sc_hd__a21o_1)
                                         accumulator._0477_ (net)
                  0.04    0.00   15.80 v accumulator._1403_/A (sky130_fd_sc_hd__and2_1)
     2    0.00    0.04    0.14   15.95 v accumulator._1403_/X (sky130_fd_sc_hd__and2_1)
                                         accumulator._0500_ (net)
                  0.04    0.00   15.95 v accumulator._1427_/A2 (sky130_fd_sc_hd__a211o_1)
     1    0.00    0.05    0.29   16.24 v accumulator._1427_/X (sky130_fd_sc_hd__a211o_1)
                                         accumulator._0524_ (net)
                  0.05    0.00   16.24 v accumulator._1505_/A2 (sky130_fd_sc_hd__a32o_2)
     4    0.01    0.07    0.31   16.55 v accumulator._1505_/X (sky130_fd_sc_hd__a32o_2)
                                         accumulator._0602_ (net)
                  0.07    0.00   16.55 v accumulator._1507_/A (sky130_fd_sc_hd__xnor2_2)
     3    0.01    0.23    0.25   16.80 ^ accumulator._1507_/Y (sky130_fd_sc_hd__xnor2_2)
                                         accumulator._0604_ (net)
                  0.23    0.00   16.80 ^ accumulator._1837_/A1 (sky130_fd_sc_hd__a311o_1)
     2    0.00    0.07    0.22   17.01 ^ accumulator._1837_/X (sky130_fd_sc_hd__a311o_1)
                                         accumulator._0934_ (net)
                  0.07    0.00   17.01 ^ accumulator._1839_/A3 (sky130_fd_sc_hd__a311o_1)
     3    0.01    0.10    0.21   17.22 ^ accumulator._1839_/X (sky130_fd_sc_hd__a311o_1)
                                         accumulator._0936_ (net)
                  0.10    0.00   17.22 ^ accumulator._1842_/A1 (sky130_fd_sc_hd__a311o_1)
     2    0.01    0.10    0.20   17.42 ^ accumulator._1842_/X (sky130_fd_sc_hd__a311o_1)
                                         accumulator._0939_ (net)
                  0.10    0.00   17.42 ^ accumulator._1844_/A1 (sky130_fd_sc_hd__a31oi_2)
     3    0.01    0.08    0.10   17.53 v accumulator._1844_/Y (sky130_fd_sc_hd__a31oi_2)
                                         accumulator._0941_ (net)
                  0.08    0.00   17.53 v accumulator._1846_/A1 (sky130_fd_sc_hd__a211o_1)
     3    0.01    0.06    0.30   17.82 v accumulator._1846_/X (sky130_fd_sc_hd__a211o_1)
                                         accumulator._0943_ (net)
                  0.06    0.00   17.82 v accumulator._1847_/A1 (sky130_fd_sc_hd__a311o_1)
     3    0.01    0.08    0.32   18.14 v accumulator._1847_/X (sky130_fd_sc_hd__a311o_1)
                                         accumulator._0944_ (net)
                  0.08    0.00   18.14 v accumulator._1855_/A3 (sky130_fd_sc_hd__o311a_4)
     4    0.01    0.07    0.36   18.50 v accumulator._1855_/X (sky130_fd_sc_hd__o311a_4)
                                         accumulator._0952_ (net)
                  0.07    0.00   18.50 v accumulator._1866_/A3 (sky130_fd_sc_hd__o31ai_4)
     3    0.01    0.19    0.20   18.69 ^ accumulator._1866_/Y (sky130_fd_sc_hd__o31ai_4)
                                         accumulator._0963_ (net)
                  0.19    0.00   18.69 ^ accumulator._1867_/B (sky130_fd_sc_hd__nand3b_1)
     1    0.00    0.06    0.10   18.79 v accumulator._1867_/Y (sky130_fd_sc_hd__nand3b_1)
                                         accumulator._0964_ (net)
                  0.06    0.00   18.79 v accumulator._1868_/C1 (sky130_fd_sc_hd__o211a_1)
     3    0.01    0.07    0.15   18.93 v accumulator._1868_/X (sky130_fd_sc_hd__o211a_1)
                                         accumulator._0965_ (net)
                  0.07    0.00   18.93 v accumulator._1871_/A3 (sky130_fd_sc_hd__o41a_4)
     7    0.02    0.09    0.48   19.42 v accumulator._1871_/X (sky130_fd_sc_hd__o41a_4)
                                         accumulator._0968_ (net)
                  0.09    0.00   19.42 v accumulator._1872_/A (sky130_fd_sc_hd__and2_4)
     5    0.01    0.04    0.17   19.59 v accumulator._1872_/X (sky130_fd_sc_hd__and2_4)
                                         accumulator._0969_ (net)
                  0.04    0.00   19.59 v accumulator._1895_/A (sky130_fd_sc_hd__buf_6)
    10    0.03    0.04    0.14   19.73 v accumulator._1895_/X (sky130_fd_sc_hd__buf_6)
                                         accumulator._0992_ (net)
                  0.04    0.00   19.73 v accumulator._1912_/A (sky130_fd_sc_hd__nor2_4)
     1    0.01    0.09    0.12   19.85 ^ accumulator._1912_/Y (sky130_fd_sc_hd__nor2_4)
                                         accumulator._1009_ (net)
                  0.09    0.00   19.85 ^ accumulator._1913_/A (sky130_fd_sc_hd__xor2_2)
     5    0.01    0.21    0.21   20.06 ^ accumulator._1913_/X (sky130_fd_sc_hd__xor2_2)
                                         accumulator._1010_ (net)
                  0.21    0.00   20.06 ^ accumulator._2072_/B1 (sky130_fd_sc_hd__o21ai_1)
     1    0.00    0.06    0.10   20.16 v accumulator._2072_/Y (sky130_fd_sc_hd__o21ai_1)
                                         accumulator._1169_ (net)
                  0.06    0.00   20.16 v accumulator._2073_/A1 (sky130_fd_sc_hd__a21oi_1)
     1    0.00    0.10    0.13   20.28 ^ accumulator._2073_/Y (sky130_fd_sc_hd__a21oi_1)
                                         accumulator._1170_ (net)
                  0.10    0.00   20.28 ^ accumulator._2074_/A2 (sky130_fd_sc_hd__o21ai_1)
     1    0.00    0.06    0.07   20.35 v accumulator._2074_/Y (sky130_fd_sc_hd__o21ai_1)
                                         accumulator._1171_ (net)
                  0.06    0.00   20.35 v accumulator._2075_/A2 (sky130_fd_sc_hd__a21o_1)
     1    0.00    0.03    0.18   20.53 v accumulator._2075_/X (sky130_fd_sc_hd__a21o_1)
                                         accumulator._1172_ (net)
                  0.03    0.00   20.53 v accumulator._2076_/A2 (sky130_fd_sc_hd__a21oi_1)
     1    0.00    0.10    0.13   20.66 ^ accumulator._2076_/Y (sky130_fd_sc_hd__a21oi_1)
                                         accumulator._1173_ (net)
                  0.10    0.00   20.66 ^ accumulator._2077_/A2 (sky130_fd_sc_hd__o21ai_1)
     1    0.00    0.06    0.07   20.73 v accumulator._2077_/Y (sky130_fd_sc_hd__o21ai_1)
                                         accumulator._1174_ (net)
                  0.06    0.00   20.73 v accumulator._2078_/A2 (sky130_fd_sc_hd__a21oi_1)
     1    0.00    0.10    0.14   20.87 ^ accumulator._2078_/Y (sky130_fd_sc_hd__a21oi_1)
                                         accumulator._1175_ (net)
                  0.10    0.00   20.87 ^ accumulator._2079_/A2 (sky130_fd_sc_hd__o21bai_1)
     1    0.00    0.05    0.07   20.94 v accumulator._2079_/Y (sky130_fd_sc_hd__o21bai_1)
                                         accumulator._1176_ (net)
                  0.05    0.00   20.94 v accumulator._2082_/A1 (sky130_fd_sc_hd__a21o_2)
     7    0.02    0.08    0.25   21.19 v accumulator._2082_/X (sky130_fd_sc_hd__a21o_2)
                                         accumulator._1180_ (net)
                  0.08    0.00   21.19 v accumulator._2083_/A (sky130_fd_sc_hd__nand2_4)
     5    0.03    0.10    0.11   21.30 ^ accumulator._2083_/Y (sky130_fd_sc_hd__nand2_4)
                                         accumulator._1181_ (net)
                  0.10    0.00   21.30 ^ clone12/A (sky130_fd_sc_hd__clkbuf_16)
     5    0.02    0.04    0.15   21.45 ^ clone12/X (sky130_fd_sc_hd__clkbuf_16)
                                         net69 (net)
                  0.04    0.00   21.45 ^ accumulator._2199_/S (sky130_fd_sc_hd__mux2_2)
     3    0.01    0.06    0.35   21.80 v accumulator._2199_/X (sky130_fd_sc_hd__mux2_2)
                                         accumulator._0134_ (net)
                  0.06    0.00   21.80 v accumulator._2217_/A0 (sky130_fd_sc_hd__mux2_1)
     2    0.00    0.06    0.31   22.10 v accumulator._2217_/X (sky130_fd_sc_hd__mux2_1)
                                         accumulator._0152_ (net)
                  0.06    0.00   22.10 v accumulator._2255_/A0 (sky130_fd_sc_hd__mux2_4)
     2    0.00    0.05    0.28   22.39 v accumulator._2255_/X (sky130_fd_sc_hd__mux2_4)
                                         accumulator._0190_ (net)
                  0.05    0.00   22.39 v accumulator._2256_/A1 (sky130_fd_sc_hd__mux2_1)
     1    0.00    0.05    0.30   22.68 v accumulator._2256_/X (sky130_fd_sc_hd__mux2_1)
                                         accumulator._0191_ (net)
                  0.05    0.00   22.68 v accumulator._2257_/B2 (sky130_fd_sc_hd__o221a_1)
     1    0.00    0.04    0.20   22.89 v accumulator._2257_/X (sky130_fd_sc_hd__o221a_1)
                                         accumulator._0016_ (net)
                  0.04    0.00   22.89 v accumulator._2415_/D (sky130_fd_sc_hd__dfxtp_1)
                                 22.89   data arrival time

                         25.00   25.00   clock clock (rise edge)
                          0.00   25.00   clock source latency
     1    0.01    0.04    0.03   25.03 ^ clock (in)
                                         clock (net)
                  0.04    0.00   25.03 ^ clkbuf_0_clock/A (sky130_fd_sc_hd__clkbuf_16)
     4    0.03    0.05    0.13   25.15 ^ clkbuf_0_clock/X (sky130_fd_sc_hd__clkbuf_16)
                                         clknet_0_clock (net)
                  0.05    0.00   25.15 ^ clkbuf_2_1__f_clock/A (sky130_fd_sc_hd__clkbuf_16)
    10    0.02    0.04    0.12   25.28 ^ clkbuf_2_1__f_clock/X (sky130_fd_sc_hd__clkbuf_16)
                                         clknet_2_1__leaf_clock (net)
                  0.04    0.00   25.28 ^ accumulator._2415_/CLK (sky130_fd_sc_hd__dfxtp_1)
                         -0.25   25.03   clock uncertainty
                          0.00   25.03   clock reconvergence pessimism
                         -0.11   24.92   library setup time
                                 24.92   data required time
-----------------------------------------------------------------------------
                                 24.92   data required time
                                -22.89   data arrival time
-----------------------------------------------------------------------------
                                  2.03   slack (MET)




===========================================================================
report_checks --slack_max -0.01
============================================================================
======================= Typical Corner ===================================

No paths found.


===========================================================================
 report_check_types -max_slew -max_cap -max_fanout -violators
============================================================================
======================= Typical Corner ===================================


max slew violations count Typical: 0
max fanout violations count Typical: 0
max cap violations count Typical: 0

===========================================================================
report_parasitic_annotation -report_unannotated
============================================================================
Found 1806 unannotated drivers.
 clock
 io_inA[0]
 io_inA[1]
 io_inA[2]
 io_inA[3]
 io_inB[0]
 io_inB[1]
 io_inB[2]
 io_inB[3]
 io_inScaleA[0]
 io_inScaleA[1]
 io_inScaleA[2]
 io_inScaleA[3]
 io_inScaleA[4]
 io_inScaleA[5]
 io_inScaleA[6]
 io_inScaleA[7]
 io_inScaleB[0]
 io_inScaleB[1]
 io_inScaleB[2]
 io_inScaleB[3]
 io_inScaleB[4]
 io_inScaleB[5]
 io_inScaleB[6]
 io_inScaleB[7]
 io_resetAcc
 io_start
 reset
 _00_/X
 _01_/X
 _02_/X
 _03_/X
 _04_/X
 _05_/X
 _06_/X
 _07_/X
 _08_/X
 _09_/X
 _10_/X
 _11_/X
 _12_/X
 _13_/X
 _14_/X
 _15_/X
 _16_/X
 _17_/X
 _18_/X
 _19_/X
 _20_/X
 _21_/X
 _22_/X
 _23_/X
 _24_/X
 _25_/X
 _26_/X
 _27_/X
 _28_/X
 _29_/X
 _30_/X
 _31_/X
 accumulator._1199_/X
 accumulator._1200_/X
 accumulator._1201_/X
 accumulator._1202_/X
 accumulator._1203_/Y
 accumulator._1204_/X
 accumulator._1205_/X
 accumulator._1206_/X
 accumulator._1207_/X
 accumulator._1208_/X
 accumulator._1209_/Y
 accumulator._1210_/Y
 accumulator._1211_/X
 accumulator._1212_/Y
 accumulator._1213_/Y
 accumulator._1214_/X
 accumulator._1215_/Y
 accumulator._1216_/X
 accumulator._1217_/Y
 accumulator._1218_/X
 accumulator._1219_/X
 accumulator._1220_/X
 accumulator._1221_/Y
 accumulator._1222_/Y
 accumulator._1223_/X
 accumulator._1224_/X
 accumulator._1225_/X
 accumulator._1226_/Y
 accumulator._1227_/Y
 accumulator._1228_/Y
 accumulator._1229_/X
 accumulator._1230_/X
 accumulator._1231_/X
 accumulator._1232_/X
 accumulator._1233_/X
 accumulator._1234_/X
 accumulator._1235_/X
 accumulator._1236_/X
 accumulator._1237_/X
 accumulator._1238_/X
 accumulator._1239_/X
 accumulator._1240_/X
 accumulator._1241_/X
 accumulator._1242_/X
 accumulator._1243_/X
 accumulator._1244_/Y
 accumulator._1245_/X
 accumulator._1246_/X
 accumulator._1247_/X
 accumulator._1248_/X
 accumulator._1249_/X
 accumulator._1250_/X
 accumulator._1251_/X
 accumulator._1252_/Y
 accumulator._1253_/X
 accumulator._1254_/Y
 accumulator._1255_/X
 accumulator._1256_/Y
 accumulator._1257_/X
 accumulator._1258_/X
 accumulator._1259_/X
 accumulator._1260_/Y
 accumulator._1261_/X
 accumulator._1262_/Y
 accumulator._1263_/X
 accumulator._1264_/X
 accumulator._1265_/Y
 accumulator._1266_/Y
 accumulator._1267_/Y
 accumulator._1268_/X
 accumulator._1269_/X
 accumulator._1270_/Y
 accumulator._1271_/Y
 accumulator._1272_/Y
 accumulator._1273_/Y
 accumulator._1274_/X
 accumulator._1275_/X
 accumulator._1276_/X
 accumulator._1277_/X
 accumulator._1278_/X
 accumulator._1279_/Y
 accumulator._1280_/X
 accumulator._1281_/X
 accumulator._1282_/Y
 accumulator._1283_/Y
 accumulator._1284_/X
 accumulator._1285_/X
 accumulator._1286_/Y
 accumulator._1287_/X
 accumulator._1288_/X
 accumulator._1289_/X
 accumulator._1290_/X
 accumulator._1291_/X
 accumulator._1292_/Y
 accumulator._1293_/Y
 accumulator._1294_/Y
 accumulator._1295_/X
 accumulator._1296_/X
 accumulator._1297_/Y
 accumulator._1298_/X
 accumulator._1299_/X
 accumulator._1300_/Y
 accumulator._1301_/X
 accumulator._1302_/X
 accumulator._1303_/X
 accumulator._1304_/X
 accumulator._1305_/X
 accumulator._1306_/X
 accumulator._1307_/Y
 accumulator._1308_/X
 accumulator._1309_/X
 accumulator._1310_/X
 accumulator._1311_/X
 accumulator._1312_/Y
 accumulator._1313_/X
 accumulator._1314_/X
 accumulator._1315_/Y
 accumulator._1316_/X
 accumulator._1317_/X
 accumulator._1318_/Y
 accumulator._1319_/X
 accumulator._1320_/X
 accumulator._1321_/Y
 accumulator._1322_/Y
 accumulator._1323_/X
 accumulator._1324_/Y
 accumulator._1325_/Y
 accumulator._1326_/Y
 accumulator._1327_/Y
 accumulator._1328_/Y
 accumulator._1329_/Y
 accumulator._1330_/Y
 accumulator._1331_/X
 accumulator._1332_/Y
 accumulator._1333_/X
 accumulator._1334_/Y
 accumulator._1335_/X
 accumulator._1336_/X
 accumulator._1337_/X
 accumulator._1338_/Y
 accumulator._1339_/X
 accumulator._1340_/X
 accumulator._1341_/X
 accumulator._1342_/X
 accumulator._1343_/X
 accumulator._1344_/X
 accumulator._1345_/X
 accumulator._1346_/X
 accumulator._1347_/X
 accumulator._1348_/X
 accumulator._1349_/X
 accumulator._1350_/Y
 accumulator._1351_/X
 accumulator._1352_/X
 accumulator._1353_/X
 accumulator._1354_/X
 accumulator._1355_/X
 accumulator._1356_/X
 accumulator._1357_/X
 accumulator._1358_/Y
 accumulator._1359_/X
 accumulator._1360_/Y
 accumulator._1361_/Y
 accumulator._1362_/X
 accumulator._1363_/X
 accumulator._1364_/X
 accumulator._1365_/X
 accumulator._1366_/X
 accumulator._1367_/X
 accumulator._1368_/X
 accumulator._1369_/X
 accumulator._1370_/X
 accumulator._1371_/Y
 accumulator._1372_/X
 accumulator._1373_/X
 accumulator._1374_/X
 accumulator._1375_/Y
 accumulator._1376_/X
 accumulator._1377_/X
 accumulator._1378_/X
 accumulator._1379_/X
 accumulator._1380_/X
 accumulator._1381_/X
 accumulator._1382_/X
 accumulator._1383_/X
 accumulator._1384_/X
 accumulator._1385_/X
 accumulator._1386_/X
 accumulator._1387_/X
 accumulator._1388_/X
 accumulator._1389_/X
 accumulator._1390_/X
 accumulator._1391_/X
 accumulator._1392_/Y
 accumulator._1393_/Y
 accumulator._1394_/X
 accumulator._1395_/X
 accumulator._1396_/X
 accumulator._1397_/X
 accumulator._1398_/X
 accumulator._1399_/X
 accumulator._1400_/Y
 accumulator._1401_/X
 accumulator._1402_/X
 accumulator._1403_/X
 accumulator._1404_/X
 accumulator._1405_/X
 accumulator._1406_/X
 accumulator._1407_/X
 accumulator._1408_/X
 accumulator._1409_/Y
 accumulator._1410_/X
 accumulator._1411_/Y
 accumulator._1412_/X
 accumulator._1413_/X
 accumulator._1414_/X
 accumulator._1415_/X
 accumulator._1416_/X
 accumulator._1417_/X
 accumulator._1418_/X
 accumulator._1419_/X
 accumulator._1420_/X
 accumulator._1421_/X
 accumulator._1422_/X
 accumulator._1423_/X
 accumulator._1424_/X
 accumulator._1425_/X
 accumulator._1426_/Y
 accumulator._1427_/X
 accumulator._1428_/X
 accumulator._1429_/X
 accumulator._1430_/X
 accumulator._1431_/X
 accumulator._1432_/Y
 accumulator._1433_/X
 accumulator._1434_/X
 accumulator._1435_/X
 accumulator._1436_/X
 accumulator._1437_/Y
 accumulator._1438_/Y
 accumulator._1439_/X
 accumulator._1440_/X
 accumulator._1441_/X
 accumulator._1442_/X
 accumulator._1443_/X
 accumulator._1444_/X
 accumulator._1445_/X
 accumulator._1446_/X
 accumulator._1447_/X
 accumulator._1448_/X
 accumulator._1449_/X
 accumulator._1450_/X
 accumulator._1451_/X
 accumulator._1452_/Y
 accumulator._1453_/X
 accumulator._1454_/X
 accumulator._1455_/X
 accumulator._1456_/X
 accumulator._1457_/X
 accumulator._1458_/X
 accumulator._1459_/Y
 accumulator._1460_/X
 accumulator._1461_/X
 accumulator._1462_/X
 accumulator._1463_/X
 accumulator._1464_/X
 accumulator._1465_/X
 accumulator._1466_/X
 accumulator._1467_/X
 accumulator._1468_/X
 accumulator._1469_/X
 accumulator._1470_/X
 accumulator._1471_/X
 accumulator._1472_/X
 accumulator._1473_/X
 accumulator._1474_/X
 accumulator._1475_/X
 accumulator._1476_/X
 accumulator._1477_/X
 accumulator._1478_/X
 accumulator._1479_/X
 accumulator._1480_/X
 accumulator._1481_/X
 accumulator._1482_/X
 accumulator._1483_/X
 accumulator._1484_/X
 accumulator._1485_/Y
 accumulator._1486_/X
 accumulator._1487_/X
 accumulator._1488_/X
 accumulator._1489_/X
 accumulator._1490_/Y
 accumulator._1491_/X
 accumulator._1492_/X
 accumulator._1493_/Y
 accumulator._1494_/Y
 accumulator._1495_/X
 accumulator._1496_/X
 accumulator._1497_/X
 accumulator._1498_/X
 accumulator._1499_/X
 accumulator._1500_/X
 accumulator._1501_/X
 accumulator._1502_/X
 accumulator._1503_/X
 accumulator._1504_/X
 accumulator._1505_/X
 accumulator._1506_/Y
 accumulator._1507_/Y
 accumulator._1508_/Y
 accumulator._1509_/X
 accumulator._1510_/X
 accumulator._1511_/X
 accumulator._1512_/X
 accumulator._1513_/X
 accumulator._1514_/X
 accumulator._1515_/X
 accumulator._1516_/X
 accumulator._1517_/Y
 accumulator._1518_/X
 accumulator._1519_/X
 accumulator._1520_/Y
 accumulator._1521_/X
 accumulator._1522_/Y
 accumulator._1523_/Y
 accumulator._1524_/X
 accumulator._1525_/X
 accumulator._1526_/X
 accumulator._1527_/X
 accumulator._1528_/X
 accumulator._1529_/X
 accumulator._1530_/X
 accumulator._1531_/X
 accumulator._1532_/X
 accumulator._1533_/X
 accumulator._1534_/X
 accumulator._1535_/X
 accumulator._1536_/X
 accumulator._1537_/X
 accumulator._1538_/X
 accumulator._1539_/Y
 accumulator._1540_/X
 accumulator._1541_/X
 accumulator._1542_/Y
 accumulator._1543_/X
 accumulator._1544_/Y
 accumulator._1545_/X
 accumulator._1546_/X
 accumulator._1547_/Y
 accumulator._1548_/X
 accumulator._1549_/X
 accumulator._1550_/Y
 accumulator._1551_/X
 accumulator._1552_/X
 accumulator._1553_/X
 accumulator._1554_/X
 accumulator._1555_/X
 accumulator._1556_/X
 accumulator._1557_/Y
 accumulator._1558_/Y
 accumulator._1559_/X
 accumulator._1560_/X
 accumulator._1561_/X
 accumulator._1562_/X
 accumulator._1563_/X
 accumulator._1564_/Y
 accumulator._1565_/X
 accumulator._1566_/X
 accumulator._1567_/Y
 accumulator._1568_/X
 accumulator._1569_/X
 accumulator._1570_/Y
 accumulator._1571_/X
 accumulator._1572_/X
 accumulator._1573_/X
 accumulator._1574_/X
 accumulator._1575_/X
 accumulator._1576_/Y
 accumulator._1577_/X
 accumulator._1578_/Y
 accumulator._1579_/X
 accumulator._1580_/Y
 accumulator._1581_/X
 accumulator._1582_/X
 accumulator._1583_/Y
 accumulator._1584_/Y
 accumulator._1585_/X
 accumulator._1586_/X
 accumulator._1587_/X
 accumulator._1588_/X
 accumulator._1589_/X
 accumulator._1590_/X
 accumulator._1591_/Y
 accumulator._1592_/Y
 accumulator._1593_/X
 accumulator._1594_/Y
 accumulator._1595_/X
 accumulator._1596_/X
 accumulator._1597_/X
 accumulator._1598_/Y
 accumulator._1599_/Y
 accumulator._1600_/X
 accumulator._1601_/X
 accumulator._1602_/X
 accumulator._1603_/Y
 accumulator._1604_/X
 accumulator._1605_/X
 accumulator._1606_/X
 accumulator._1607_/X
 accumulator._1608_/Y
 accumulator._1609_/X
 accumulator._1610_/Y
 accumulator._1611_/X
 accumulator._1612_/X
 accumulator._1613_/X
 accumulator._1614_/Y
 accumulator._1615_/X
 accumulator._1616_/X
 accumulator._1617_/X
 accumulator._1618_/Y
 accumulator._1619_/X
 accumulator._1620_/X
 accumulator._1621_/Y
 accumulator._1622_/X
 accumulator._1623_/X
 accumulator._1624_/Y
 accumulator._1625_/X
 accumulator._1626_/X
 accumulator._1627_/X
 accumulator._1628_/Y
 accumulator._1629_/Y
 accumulator._1630_/X
 accumulator._1631_/X
 accumulator._1632_/Y
 accumulator._1633_/X
 accumulator._1634_/X
 accumulator._1635_/Y
 accumulator._1636_/X
 accumulator._1637_/X
 accumulator._1638_/Y
 accumulator._1639_/X
 accumulator._1640_/X
 accumulator._1641_/X
 accumulator._1642_/X
 accumulator._1643_/X
 accumulator._1644_/Y
 accumulator._1645_/X
 accumulator._1646_/X
 accumulator._1647_/X
 accumulator._1648_/Y
 accumulator._1649_/X
 accumulator._1650_/X
 accumulator._1651_/X
 accumulator._1652_/Y
 accumulator._1653_/X
 accumulator._1654_/X
 accumulator._1655_/X
 accumulator._1656_/X
 accumulator._1657_/X
 accumulator._1658_/X
 accumulator._1659_/X
 accumulator._1660_/X
 accumulator._1661_/X
 accumulator._1662_/X
 accumulator._1663_/X
 accumulator._1664_/X
 accumulator._1665_/Y
 accumulator._1666_/Y
 accumulator._1667_/X
 accumulator._1668_/Y
 accumulator._1669_/Y
 accumulator._1670_/X
 accumulator._1671_/X
 accumulator._1672_/Y
 accumulator._1673_/X
 accumulator._1674_/X
 accumulator._1675_/X
 accumulator._1676_/X
 accumulator._1677_/X
 accumulator._1678_/X
 accumulator._1679_/X
 accumulator._1680_/Y
 accumulator._1681_/Y
 accumulator._1682_/X
 accumulator._1683_/Y
 accumulator._1684_/X
 accumulator._1685_/X
 accumulator._1686_/Y
 accumulator._1687_/X
 accumulator._1688_/Y
 accumulator._1689_/X
 accumulator._1690_/Y
 accumulator._1691_/X
 accumulator._1692_/Y
 accumulator._1693_/X
 accumulator._1694_/X
 accumulator._1695_/Y
 accumulator._1696_/Y
 accumulator._1697_/Y
 accumulator._1698_/X
 accumulator._1699_/X
 accumulator._1700_/X
 accumulator._1701_/Y
 accumulator._1702_/X
 accumulator._1703_/Y
 accumulator._1704_/X
 accumulator._1705_/X
 accumulator._1706_/X
 accumulator._1707_/X
 accumulator._1708_/Y
 accumulator._1709_/X
 accumulator._1710_/X
 accumulator._1711_/Y
 accumulator._1712_/X
 accumulator._1713_/Y
 accumulator._1714_/Y
 accumulator._1715_/X
 accumulator._1716_/X
 accumulator._1717_/Y
 accumulator._1718_/Y
 accumulator._1719_/Y
 accumulator._1720_/X
 accumulator._1721_/Y
 accumulator._1722_/Y
 accumulator._1723_/X
 accumulator._1724_/Y
 accumulator._1725_/X
 accumulator._1726_/Y
 accumulator._1727_/X
 accumulator._1728_/X
 accumulator._1729_/Y
 accumulator._1730_/Y
 accumulator._1731_/X
 accumulator._1732_/X
 accumulator._1733_/Y
 accumulator._1734_/Y
 accumulator._1735_/X
 accumulator._1736_/Y
 accumulator._1737_/X
 accumulator._1738_/X
 accumulator._1739_/Y
 accumulator._1740_/Y
 accumulator._1741_/X
 accumulator._1742_/X
 accumulator._1743_/Y
 accumulator._1744_/Y
 accumulator._1745_/X
 accumulator._1746_/X
 accumulator._1747_/Y
 accumulator._1748_/X
 accumulator._1749_/Y
 accumulator._1750_/Y
 accumulator._1751_/X
 accumulator._1752_/Y
 accumulator._1753_/X
 accumulator._1754_/X
 accumulator._1755_/X
 accumulator._1756_/X
 accumulator._1757_/X
 accumulator._1758_/X
 accumulator._1759_/X
 accumulator._1760_/Y
 accumulator._1761_/X
 accumulator._1762_/Y
 accumulator._1763_/Y
 accumulator._1764_/Y
 accumulator._1765_/X
 accumulator._1766_/X
 accumulator._1767_/X
 accumulator._1768_/X
 accumulator._1769_/X
 accumulator._1770_/Y
 accumulator._1771_/X
 accumulator._1772_/Y
 accumulator._1773_/X
 accumulator._1774_/X
 accumulator._1775_/Y
 accumulator._1776_/Y
 accumulator._1777_/Y
 accumulator._1778_/X
 accumulator._1779_/Y
 accumulator._1780_/Y
 accumulator._1781_/X
 accumulator._1782_/Y
 accumulator._1783_/X
 accumulator._1784_/X
 accumulator._1785_/Y
 accumulator._1786_/X
 accumulator._1787_/Y
 accumulator._1788_/X
 accumulator._1789_/X
 accumulator._1790_/Y
 accumulator._1791_/Y
 accumulator._1792_/X
 accumulator._1793_/Y
 accumulator._1794_/X
 accumulator._1795_/X
 accumulator._1796_/X
 accumulator._1797_/Y
 accumulator._1798_/Y
 accumulator._1799_/X
 accumulator._1800_/X
 accumulator._1801_/Y
 accumulator._1802_/X
 accumulator._1803_/Y
 accumulator._1804_/X
 accumulator._1805_/Y
 accumulator._1806_/X
 accumulator._1807_/X
 accumulator._1808_/X
 accumulator._1809_/X
 accumulator._1810_/X
 accumulator._1811_/X
 accumulator._1812_/X
 accumulator._1813_/X
 accumulator._1814_/X
 accumulator._1815_/X
 accumulator._1816_/Y
 accumulator._1817_/X
 accumulator._1818_/X
 accumulator._1819_/X
 accumulator._1820_/Y
 accumulator._1821_/X
 accumulator._1822_/X
 accumulator._1823_/X
 accumulator._1824_/X
 accumulator._1825_/X
 accumulator._1826_/X
 accumulator._1827_/Y
 accumulator._1828_/X
 accumulator._1829_/X
 accumulator._1830_/Y
 accumulator._1831_/Y
 accumulator._1832_/X
 accumulator._1833_/X
 accumulator._1834_/Y
 accumulator._1835_/Y
 accumulator._1836_/X
 accumulator._1837_/X
 accumulator._1838_/X
 accumulator._1839_/X
 accumulator._1840_/X
 accumulator._1841_/X
 accumulator._1842_/X
 accumulator._1843_/X
 accumulator._1844_/Y
 accumulator._1845_/Y
 accumulator._1846_/X
 accumulator._1847_/X
 accumulator._1848_/X
 accumulator._1849_/Y
 accumulator._1850_/X
 accumulator._1851_/Y
 accumulator._1852_/X
 accumulator._1853_/X
 accumulator._1854_/X
 accumulator._1855_/X
 accumulator._1856_/Y
 accumulator._1857_/X
 accumulator._1858_/Y
 accumulator._1859_/X
 accumulator._1860_/X
 accumulator._1861_/Y
 accumulator._1862_/X
 accumulator._1863_/X
 accumulator._1864_/X
 accumulator._1865_/X
 accumulator._1866_/Y
 accumulator._1867_/Y
 accumulator._1868_/X
 accumulator._1869_/Y
 accumulator._1870_/X
 accumulator._1871_/X
 accumulator._1872_/X
 accumulator._1873_/X
 accumulator._1874_/X
 accumulator._1875_/Y
 accumulator._1876_/Y
 accumulator._1877_/X
 accumulator._1878_/Y
 accumulator._1879_/X
 accumulator._1880_/Y
 accumulator._1881_/Y
 accumulator._1882_/Y
 accumulator._1883_/Y
 accumulator._1884_/Y
 accumulator._1885_/X
 accumulator._1886_/X
 accumulator._1887_/X
 accumulator._1888_/Y
 accumulator._1889_/X
 accumulator._1890_/X
 accumulator._1891_/X
 accumulator._1892_/Y
 accumulator._1893_/Y
 accumulator._1894_/X
 accumulator._1895_/X
 accumulator._1896_/Y
 accumulator._1897_/Y
 accumulator._1898_/Y
 accumulator._1899_/Y
 accumulator._1900_/Y
 accumulator._1901_/Y
 accumulator._1902_/Y
 accumulator._1903_/X
 accumulator._1904_/X
 accumulator._1905_/Y
 accumulator._1906_/X
 accumulator._1907_/X
 accumulator._1908_/Y
 accumulator._1909_/X
 accumulator._1910_/Y
 accumulator._1911_/X
 accumulator._1912_/Y
 accumulator._1913_/X
 accumulator._1914_/Y
 accumulator._1915_/X
 accumulator._1916_/X
 accumulator._1917_/X
 accumulator._1918_/Y
 accumulator._1919_/X
 accumulator._1920_/Y
 accumulator._1921_/Y
 accumulator._1922_/X
 accumulator._1923_/X
 accumulator._1924_/X
 accumulator._1925_/Y
 accumulator._1926_/Y
 accumulator._1927_/Y
 accumulator._1928_/X
 accumulator._1929_/Y
 accumulator._1930_/X
 accumulator._1931_/Y
 accumulator._1932_/X
 accumulator._1933_/X
 accumulator._1934_/Y
 accumulator._1935_/Y
 accumulator._1936_/X
 accumulator._1937_/Y
 accumulator._1938_/X
 accumulator._1939_/Y
 accumulator._1940_/X
 accumulator._1941_/Y
 accumulator._1942_/Y
 accumulator._1943_/Y
 accumulator._1944_/X
 accumulator._1945_/X
 accumulator._1946_/X
 accumulator._1947_/X
 accumulator._1948_/X
 accumulator._1949_/X
 accumulator._1950_/X
 accumulator._1951_/X
 accumulator._1952_/Y
 accumulator._1953_/X
 accumulator._1954_/Y
 accumulator._1955_/Y
 accumulator._1956_/Y
 accumulator._1957_/X
 accumulator._1958_/Y
 accumulator._1959_/Y
 accumulator._1960_/Y
 accumulator._1961_/X
 accumulator._1962_/X
 accumulator._1963_/Y
 accumulator._1964_/X
 accumulator._1965_/Y
 accumulator._1966_/X
 accumulator._1967_/X
 accumulator._1968_/X
 accumulator._1969_/Y
 accumulator._1970_/X
 accumulator._1971_/X
 accumulator._1972_/X
 accumulator._1973_/X
 accumulator._1974_/X
 accumulator._1975_/Y
 accumulator._1976_/Y
 accumulator._1977_/Y
 accumulator._1978_/X
 accumulator._1979_/Y
 accumulator._1980_/X
 accumulator._1981_/Y
 accumulator._1982_/X
 accumulator._1983_/Y
 accumulator._1984_/Y
 accumulator._1985_/Y
 accumulator._1986_/Y
 accumulator._1987_/Y
 accumulator._1988_/Y
 accumulator._1989_/Y
 accumulator._1990_/X
 accumulator._1991_/X
 accumulator._1992_/Y
 accumulator._1993_/Y
 accumulator._1994_/X
 accumulator._1995_/Y
 accumulator._1996_/Y
 accumulator._1997_/Y
 accumulator._1998_/X
 accumulator._1999_/X
 accumulator._2000_/X
 accumulator._2001_/Y
 accumulator._2002_/Y
 accumulator._2003_/X
 accumulator._2004_/X
 accumulator._2005_/X
 accumulator._2006_/X
 accumulator._2007_/X
 accumulator._2008_/Y
 accumulator._2009_/X
 accumulator._2010_/X
 accumulator._2011_/Y
 accumulator._2012_/X
 accumulator._2013_/Y
 accumulator._2014_/Y
 accumulator._2015_/X
 accumulator._2016_/X
 accumulator._2017_/X
 accumulator._2018_/X
 accumulator._2019_/X
 accumulator._2020_/Y
 accumulator._2021_/Y
 accumulator._2022_/Y
 accumulator._2023_/X
 accumulator._2024_/X
 accumulator._2025_/X
 accumulator._2026_/Y
 accumulator._2027_/X
 accumulator._2028_/X
 accumulator._2029_/X
 accumulator._2030_/Y
 accumulator._2031_/X
 accumulator._2032_/Y
 accumulator._2033_/Y
 accumulator._2034_/X
 accumulator._2035_/X
 accumulator._2036_/Y
 accumulator._2037_/Y
 accumulator._2038_/Y
 accumulator._2039_/X
 accumulator._2040_/Y
 accumulator._2041_/X
 accumulator._2042_/X
 accumulator._2043_/X
 accumulator._2044_/X
 accumulator._2045_/X
 accumulator._2046_/Y
 accumulator._2047_/Y
 accumulator._2048_/X
 accumulator._2049_/Y
 accumulator._2050_/X
 accumulator._2051_/X
 accumulator._2052_/X
 accumulator._2053_/Y
 accumulator._2054_/Y
 accumulator._2055_/Y
 accumulator._2056_/X
 accumulator._2057_/Y
 accumulator._2058_/Y
 accumulator._2059_/Y
 accumulator._2060_/Y
 accumulator._2061_/X
 accumulator._2062_/Y
 accumulator._2063_/X
 accumulator._2064_/Y
 accumulator._2065_/Y
 accumulator._2066_/Y
 accumulator._2067_/X
 accumulator._2068_/Y
 accumulator._2069_/X
 accumulator._2070_/X
 accumulator._2071_/X
 accumulator._2072_/Y
 accumulator._2073_/Y
 accumulator._2074_/Y
 accumulator._2075_/X
 accumulator._2076_/Y
 accumulator._2077_/Y
 accumulator._2078_/Y
 accumulator._2079_/Y
 accumulator._2080_/Y
 accumulator._2081_/X
 accumulator._2082_/X
 accumulator._2083_/Y
 accumulator._2084_/X
 accumulator._2085_/X
 accumulator._2086_/X
 accumulator._2087_/Y
 accumulator._2088_/Y
 accumulator._2089_/X
 accumulator._2090_/Y
 accumulator._2091_/Y
 accumulator._2092_/Y
 accumulator._2093_/X
 accumulator._2094_/X
 accumulator._2095_/Y
 accumulator._2096_/X
 accumulator._2097_/X
 accumulator._2098_/X
 accumulator._2099_/Y
 accumulator._2100_/X
 accumulator._2101_/X
 accumulator._2102_/X
 accumulator._2103_/Y
 accumulator._2104_/Y
 accumulator._2105_/X
 accumulator._2106_/Y
 accumulator._2107_/Y
 accumulator._2108_/Y
 accumulator._2109_/X
 accumulator._2110_/X
 accumulator._2111_/X
 accumulator._2112_/X
 accumulator._2113_/X
 accumulator._2114_/X
 accumulator._2115_/X
 accumulator._2116_/Y
 accumulator._2117_/X
 accumulator._2118_/X
 accumulator._2119_/X
 accumulator._2120_/X
 accumulator._2121_/X
 accumulator._2122_/X
 accumulator._2123_/X
 accumulator._2124_/X
 accumulator._2125_/X
 accumulator._2126_/X
 accumulator._2127_/X
 accumulator._2128_/Y
 accumulator._2129_/Y
 accumulator._2130_/Y
 accumulator._2131_/X
 accumulator._2132_/X
 accumulator._2133_/X
 accumulator._2134_/X
 accumulator._2135_/X
 accumulator._2136_/X
 accumulator._2137_/X
 accumulator._2138_/X
 accumulator._2139_/X
 accumulator._2140_/X
 accumulator._2141_/X
 accumulator._2142_/X
 accumulator._2143_/X
 accumulator._2144_/X
 accumulator._2145_/Y
 accumulator._2146_/X
 accumulator._2147_/Y
 accumulator._2148_/X
 accumulator._2149_/X
 accumulator._2150_/X
 accumulator._2151_/X
 accumulator._2152_/Y
 accumulator._2153_/X
 accumulator._2154_/X
 accumulator._2155_/X
 accumulator._2156_/X
 accumulator._2157_/X
 accumulator._2158_/X
 accumulator._2159_/X
 accumulator._2160_/Y
 accumulator._2161_/X
 accumulator._2162_/X
 accumulator._2163_/X
 accumulator._2164_/X
 accumulator._2165_/Y
 accumulator._2166_/X
 accumulator._2167_/X
 accumulator._2168_/X
 accumulator._2169_/X
 accumulator._2170_/X
 accumulator._2171_/X
 accumulator._2172_/X
 accumulator._2173_/X
 accumulator._2174_/X
 accumulator._2175_/X
 accumulator._2176_/X
 accumulator._2177_/Y
 accumulator._2178_/X
 accumulator._2179_/X
 accumulator._2180_/X
 accumulator._2181_/X
 accumulator._2182_/Y
 accumulator._2183_/X
 accumulator._2184_/Y
 accumulator._2185_/Y
 accumulator._2186_/X
 accumulator._2187_/X
 accumulator._2188_/Y
 accumulator._2189_/Y
 accumulator._2190_/X
 accumulator._2191_/X
 accumulator._2192_/X
 accumulator._2193_/X
 accumulator._2194_/Y
 accumulator._2195_/X
 accumulator._2196_/X
 accumulator._2197_/Y
 accumulator._2198_/X
 accumulator._2199_/X
 accumulator._2200_/X
 accumulator._2201_/X
 accumulator._2202_/X
 accumulator._2203_/X
 accumulator._2204_/X
 accumulator._2205_/X
 accumulator._2206_/X
 accumulator._2207_/X
 accumulator._2208_/X
 accumulator._2209_/X
 accumulator._2210_/X
 accumulator._2211_/Y
 accumulator._2212_/X
 accumulator._2213_/X
 accumulator._2214_/X
 accumulator._2215_/X
 accumulator._2216_/X
 accumulator._2217_/X
 accumulator._2218_/X
 accumulator._2219_/X
 accumulator._2220_/X
 accumulator._2221_/X
 accumulator._2222_/X
 accumulator._2223_/X
 accumulator._2224_/X
 accumulator._2225_/Y
 accumulator._2226_/X
 accumulator._2227_/X
 accumulator._2228_/X
 accumulator._2229_/X
 accumulator._2230_/X
 accumulator._2231_/X
 accumulator._2232_/X
 accumulator._2233_/Y
 accumulator._2234_/Y
 accumulator._2235_/X
 accumulator._2236_/X
 accumulator._2237_/X
 accumulator._2238_/X
 accumulator._2239_/X
 accumulator._2240_/X
 accumulator._2241_/X
 accumulator._2242_/X
 accumulator._2243_/X
 accumulator._2244_/Y
 accumulator._2245_/X
 accumulator._2246_/X
 accumulator._2247_/X
 accumulator._2248_/X
 accumulator._2249_/X
 accumulator._2250_/X
 accumulator._2251_/X
 accumulator._2252_/Y
 accumulator._2253_/Y
 accumulator._2254_/X
 accumulator._2255_/X
 accumulator._2256_/X
 accumulator._2257_/X
 accumulator._2258_/X
 accumulator._2259_/X
 accumulator._2260_/X
 accumulator._2261_/Y
 accumulator._2262_/Y
 accumulator._2263_/Y
 accumulator._2264_/X
 accumulator._2265_/X
 accumulator._2266_/X
 accumulator._2267_/X
 accumulator._2268_/X
 accumulator._2269_/X
 accumulator._2270_/Y
 accumulator._2271_/Y
 accumulator._2272_/Y
 accumulator._2273_/X
 accumulator._2274_/X
 accumulator._2275_/X
 accumulator._2276_/X
 accumulator._2277_/X
 accumulator._2278_/X
 accumulator._2279_/X
 accumulator._2280_/Y
 accumulator._2281_/X
 accumulator._2282_/X
 accumulator._2283_/X
 accumulator._2284_/X
 accumulator._2285_/X
 accumulator._2286_/X
 accumulator._2287_/Y
 accumulator._2288_/Y
 accumulator._2289_/X
 accumulator._2290_/X
 accumulator._2291_/X
 accumulator._2292_/X
 accumulator._2293_/X
 accumulator._2294_/X
 accumulator._2295_/X
 accumulator._2296_/X
 accumulator._2297_/X
 accumulator._2298_/X
 accumulator._2299_/X
 accumulator._2300_/X
 accumulator._2301_/X
 accumulator._2302_/Y
 accumulator._2303_/X
 accumulator._2304_/X
 accumulator._2305_/Y
 accumulator._2306_/X
 accumulator._2307_/X
 accumulator._2308_/X
 accumulator._2309_/X
 accumulator._2310_/Y
 accumulator._2311_/X
 accumulator._2312_/X
 accumulator._2313_/X
 accumulator._2314_/X
 accumulator._2315_/X
 accumulator._2316_/X
 accumulator._2317_/X
 accumulator._2318_/X
 accumulator._2319_/X
 accumulator._2320_/Y
 accumulator._2321_/X
 accumulator._2322_/X
 accumulator._2323_/X
 accumulator._2324_/X
 accumulator._2325_/Y
 accumulator._2326_/X
 accumulator._2327_/Y
 accumulator._2328_/X
 accumulator._2329_/X
 accumulator._2330_/X
 accumulator._2331_/X
 accumulator._2332_/Y
 accumulator._2333_/Y
 accumulator._2334_/X
 accumulator._2335_/X
 accumulator._2336_/Y
 accumulator._2337_/Y
 accumulator._2338_/X
 accumulator._2339_/Y
 accumulator._2340_/X
 accumulator._2341_/X
 accumulator._2342_/Y
 accumulator._2343_/X
 accumulator._2344_/Y
 accumulator._2345_/X
 accumulator._2346_/X
 accumulator._2347_/Y
 accumulator._2348_/Y
 accumulator._2349_/X
 accumulator._2350_/Y
 accumulator._2351_/X
 accumulator._2352_/Y
 accumulator._2353_/X
 accumulator._2354_/X
 accumulator._2355_/Y
 accumulator._2356_/X
 accumulator._2357_/Y
 accumulator._2358_/Y
 accumulator._2359_/Y
 accumulator._2360_/X
 accumulator._2361_/X
 accumulator._2362_/Y
 accumulator._2363_/Y
 accumulator._2364_/X
 accumulator._2365_/Y
 accumulator._2366_/Y
 accumulator._2367_/X
 accumulator._2368_/Y
 accumulator._2369_/Y
 accumulator._2370_/X
 accumulator._2371_/X
 accumulator._2372_/Y
 accumulator._2373_/X
 accumulator._2374_/Y
 accumulator._2375_/Y
 accumulator._2376_/X
 accumulator._2377_/X
 accumulator._2378_/X
 accumulator._2379_/Y
 accumulator._2380_/X
 accumulator._2381_/X
 accumulator._2382_/X
 accumulator._2383_/X
 accumulator._2384_/Y
 accumulator._2385_/X
 accumulator._2386_/X
 accumulator._2387_/X
 accumulator._2388_/Y
 accumulator._2389_/X
 accumulator._2390_/X
 accumulator._2391_/Y
 accumulator._2392_/X
 accumulator._2393_/X
 accumulator._2394_/Y
 accumulator._2395_/X
 accumulator._2396_/X
 accumulator._2397_/Y
 accumulator._2398_/X
 accumulator._2399_/Q
 accumulator._2400_/Q
 accumulator._2401_/Q
 accumulator._2402_/Q
 accumulator._2403_/Q
 accumulator._2404_/Q
 accumulator._2405_/Q
 accumulator._2406_/Q
 accumulator._2407_/Q
 accumulator._2408_/Q
 accumulator._2409_/Q
 accumulator._2410_/Q
 accumulator._2411_/Q
 accumulator._2412_/Q
 accumulator._2413_/Q
 accumulator._2414_/Q
 accumulator._2415_/Q
 accumulator._2416_/Q
 accumulator._2417_/Q
 accumulator._2418_/Q
 accumulator._2419_/Q
 accumulator._2420_/Q
 accumulator._2421_/Q
 accumulator._2422_/Q
 accumulator._2423_/Q
 accumulator._2424_/Q
 accumulator._2425_/Q
 accumulator._2426_/Q
 accumulator._2427_/Q
 accumulator._2428_/Q
 accumulator._2429_/Q
 accumulator._2430_/Q
 accumulator._2431_/Q
 accumulator._2432_/Q
 clkbuf_0_clock/X
 clkbuf_2_0__f_clock/X
 clkbuf_2_1__f_clock/X
 clkbuf_2_2__f_clock/X
 clkbuf_2_3__f_clock/X
 clkload0/Y
 clkload1/X
 clkload2/Y
 clone12/X
 clone13/Y
 clone15/X
 clone21/X
 clone22/X
 clone3/X
 hold46/X
 hold47/X
 hold48/X
 hold49/X
 hold50/X
 input1/X
 input10/X
 input11/X
 input12/X
 input13/X
 input14/X
 input15/X
 input16/X
 input17/X
 input18/X
 input19/X
 input2/X
 input20/X
 input21/X
 input3/X
 input4/X
 input5/X
 input6/X
 input7/X
 input8/X
 input9/X
 max_cap55/X
 operator._11_/X
 operator._12_/X
 operator._13_/X
 operator._14_/X
 operator._15_/X
 operator._16_/X
 operator._17_/X
 operator._18_/X
 operator._19_/Y
 operator._20_/X
 operator._21_/Y
 operator._22_/X
 operator._23_/Y
 operator._24_/X
 operator._25_/X
 operator._26_/X
 operator._27_/X
 operator._28_/X
 operator._29_/X
 output22/X
 output23/X
 output24/X
 output25/X
 output26/X
 output27/X
 output28/X
 output29/X
 output30/X
 output31/X
 output32/X
 output33/X
 output34/X
 output35/X
 output36/X
 output37/X
 output38/X
 output39/X
 output40/X
 output41/X
 output42/X
 output43/X
 output44/X
 output45/X
 output46/X
 output47/X
 output48/X
 output49/X
 output50/X
 output51/X
 output52/X
 output53/X
 output54/X
 rebuffer1/X
 rebuffer10/X
 rebuffer11/X
 rebuffer14/X
 rebuffer16/X
 rebuffer17/X
 rebuffer18/X
 rebuffer19/X
 rebuffer2/X
 rebuffer20/X
 rebuffer23/X
 rebuffer24/X
 rebuffer25/X
 rebuffer26/X
 rebuffer27/X
 rebuffer28/X
 rebuffer29/X
 rebuffer30/X
 rebuffer31/X
 rebuffer32/X
 rebuffer33/X
 rebuffer34/X
 rebuffer35/X
 rebuffer36/X
 rebuffer4/X
 rebuffer5/X
 rebuffer6/X
 rebuffer7/X
 rebuffer8/X
 rebuffer9/X
 scaleAdd._360_/X
 scaleAdd._361_/X
 scaleAdd._362_/X
 scaleAdd._363_/X
 scaleAdd._364_/X
 scaleAdd._365_/Y
 scaleAdd._366_/X
 scaleAdd._367_/X
 scaleAdd._368_/X
 scaleAdd._369_/X
 scaleAdd._370_/X
 scaleAdd._371_/Y
 scaleAdd._372_/Y
 scaleAdd._373_/X
 scaleAdd._374_/X
 scaleAdd._375_/X
 scaleAdd._376_/X
 scaleAdd._377_/Y
 scaleAdd._378_/Y
 scaleAdd._379_/X
 scaleAdd._380_/X
 scaleAdd._381_/X
 scaleAdd._382_/Y
 scaleAdd._383_/X
 scaleAdd._384_/Y
 scaleAdd._385_/Y
 scaleAdd._386_/X
 scaleAdd._387_/X
 scaleAdd._388_/X
 scaleAdd._389_/Y
 scaleAdd._390_/Y
 scaleAdd._391_/Y
 scaleAdd._392_/X
 scaleAdd._393_/Y
 scaleAdd._394_/Y
 scaleAdd._395_/X
 scaleAdd._396_/X
 scaleAdd._397_/Y
 scaleAdd._398_/Y
 scaleAdd._399_/Y
 scaleAdd._400_/X
 scaleAdd._401_/X
 scaleAdd._402_/Y
 scaleAdd._403_/X
 scaleAdd._404_/X
 scaleAdd._405_/Y
 scaleAdd._406_/Y
 scaleAdd._407_/Y
 scaleAdd._408_/Y
 scaleAdd._409_/X
 scaleAdd._410_/X
 scaleAdd._411_/X
 scaleAdd._412_/Y
 scaleAdd._413_/Y
 scaleAdd._414_/X
 scaleAdd._415_/X
 scaleAdd._416_/Y
 scaleAdd._417_/X
 scaleAdd._418_/Y
 scaleAdd._419_/X
 scaleAdd._420_/X
 scaleAdd._421_/X
 scaleAdd._422_/Y
 scaleAdd._423_/Y
 scaleAdd._424_/X
 scaleAdd._425_/X
 scaleAdd._426_/Y
 scaleAdd._427_/Y
 scaleAdd._428_/X
 scaleAdd._429_/Y
 scaleAdd._430_/Y
 scaleAdd._431_/Y
 scaleAdd._432_/Y
 scaleAdd._433_/Y
 scaleAdd._434_/X
 scaleAdd._435_/X
 scaleAdd._436_/Y
 scaleAdd._437_/X
 scaleAdd._438_/Y
 scaleAdd._439_/X
 scaleAdd._440_/Y
 scaleAdd._441_/Y
 scaleAdd._442_/X
 scaleAdd._443_/Y
 scaleAdd._444_/Y
 scaleAdd._445_/X
 scaleAdd._446_/X
 scaleAdd._447_/Y
 scaleAdd._448_/X
 scaleAdd._449_/X
 scaleAdd._450_/X
 scaleAdd._451_/Y
 scaleAdd._452_/X
 scaleAdd._453_/Y
 scaleAdd._454_/X
 scaleAdd._455_/X
 scaleAdd._456_/X
 scaleAdd._457_/Y
 scaleAdd._458_/X
 scaleAdd._459_/Y
 scaleAdd._460_/X
 scaleAdd._461_/X
 scaleAdd._462_/Y
 scaleAdd._463_/X
 scaleAdd._464_/Y
 scaleAdd._465_/Y
 scaleAdd._466_/Y
 scaleAdd._467_/X
 scaleAdd._468_/X
 scaleAdd._469_/X
 scaleAdd._470_/Y
 scaleAdd._471_/X
 scaleAdd._472_/Y
 scaleAdd._473_/Y
 scaleAdd._474_/X
 scaleAdd._475_/X
 scaleAdd._476_/Y
 scaleAdd._477_/X
 scaleAdd._478_/X
 scaleAdd._479_/X
 scaleAdd._480_/Y
 scaleAdd._481_/X
 scaleAdd._482_/Y
 scaleAdd._483_/Y
 scaleAdd._484_/Y
 scaleAdd._485_/X
 scaleAdd._486_/X
 scaleAdd._487_/X
 scaleAdd._488_/Y
 scaleAdd._489_/X
 scaleAdd._490_/X
 scaleAdd._491_/Y
 scaleAdd._492_/X
 scaleAdd._493_/Y
 scaleAdd._494_/X
 scaleAdd._495_/X
 scaleAdd._496_/X
 scaleAdd._497_/Y
 scaleAdd._498_/X
 scaleAdd._499_/Y
 scaleAdd._500_/Y
 scaleAdd._501_/X
 scaleAdd._502_/X
 scaleAdd._503_/X
 scaleAdd._504_/X
 scaleAdd._505_/X
 scaleAdd._506_/X
 scaleAdd._507_/Y
 scaleAdd._508_/Y
 scaleAdd._509_/X
 scaleAdd._510_/X
 scaleAdd._511_/Y
 scaleAdd._512_/Y
 scaleAdd._513_/X
 scaleAdd._514_/X
 scaleAdd._515_/X
 scaleAdd._516_/X
 scaleAdd._517_/Y
 scaleAdd._518_/Y
 scaleAdd._519_/X
 scaleAdd._520_/Y
 scaleAdd._521_/Y
 scaleAdd._522_/Y
 scaleAdd._523_/Y
 scaleAdd._524_/Y
 scaleAdd._525_/X
 scaleAdd._526_/Y
 scaleAdd._527_/Y
 scaleAdd._528_/X
 scaleAdd._529_/Y
 scaleAdd._530_/X
 scaleAdd._531_/X
 scaleAdd._532_/X
 scaleAdd._533_/X
 scaleAdd._534_/X
 scaleAdd._535_/X
 scaleAdd._536_/Y
 scaleAdd._537_/X
 scaleAdd._538_/Y
 scaleAdd._539_/Y
 scaleAdd._540_/X
 scaleAdd._541_/Y
 scaleAdd._542_/X
 scaleAdd._543_/X
 scaleAdd._544_/X
 scaleAdd._545_/X
 scaleAdd._546_/Y
 scaleAdd._547_/X
 scaleAdd._548_/X
 scaleAdd._549_/Y
 scaleAdd._550_/Y
 scaleAdd._551_/X
 scaleAdd._552_/X
 scaleAdd._553_/Y
 scaleAdd._554_/Y
 scaleAdd._555_/X
 scaleAdd._556_/X
 scaleAdd._557_/X
 scaleAdd._558_/Y
 scaleAdd._559_/Y
 scaleAdd._560_/X
 scaleAdd._561_/Y
 scaleAdd._562_/Y
 scaleAdd._563_/X
 scaleAdd._564_/X
 scaleAdd._565_/X
 scaleAdd._566_/Y
 scaleAdd._567_/Y
 scaleAdd._568_/X
 scaleAdd._569_/X
 scaleAdd._570_/Y
 scaleAdd._571_/X
 scaleAdd._572_/Y
 scaleAdd._573_/Y
 scaleAdd._574_/X
 scaleAdd._575_/Y
 scaleAdd._576_/Y
 scaleAdd._577_/Y
 scaleAdd._578_/X
 scaleAdd._579_/X
 scaleAdd._580_/Y
 scaleAdd._581_/X
 scaleAdd._582_/Y
 scaleAdd._583_/Y
 scaleAdd._584_/X
 scaleAdd._585_/Y
 scaleAdd._586_/X
 scaleAdd._587_/Y
 scaleAdd._588_/X
 scaleAdd._589_/Y
 scaleAdd._590_/Y
 scaleAdd._591_/X
 scaleAdd._592_/Y
 scaleAdd._593_/X
 scaleAdd._594_/Y
 scaleAdd._595_/Y
 scaleAdd._596_/X
 scaleAdd._597_/X
 scaleAdd._598_/X
 scaleAdd._599_/Y
 scaleAdd._600_/X
 scaleAdd._601_/X
 scaleAdd._602_/Y
 scaleAdd._603_/Y
 scaleAdd._604_/X
 scaleAdd._605_/X
 scaleAdd._606_/X
 scaleAdd._607_/X
 scaleAdd._608_/X
 scaleAdd._609_/X
 scaleAdd._610_/Y
 scaleAdd._611_/X
 scaleAdd._612_/X
 scaleAdd._613_/Y
 scaleAdd._614_/X
 scaleAdd._615_/Y
 scaleAdd._616_/X
 scaleAdd._617_/Y
 scaleAdd._618_/X
 scaleAdd._619_/Y
 scaleAdd._620_/Y
 scaleAdd._621_/X
 scaleAdd._622_/X
 scaleAdd._623_/X
 scaleAdd._624_/Y
 scaleAdd._625_/X
 scaleAdd._626_/Y
 scaleAdd._627_/Y
 scaleAdd._628_/X
 scaleAdd._629_/X
 scaleAdd._630_/X
 scaleAdd._631_/Y
 scaleAdd._632_/X
 scaleAdd._633_/Y
 scaleAdd._634_/Y
 scaleAdd._635_/Y
 scaleAdd._636_/Y
 scaleAdd._637_/X
 scaleAdd._638_/Y
 scaleAdd._639_/X
 scaleAdd._640_/X
 scaleAdd._641_/X
 scaleAdd._642_/Y
 scaleAdd._643_/Y
 scaleAdd._644_/X
 scaleAdd._645_/Y
 scaleAdd._646_/X
 scaleAdd._647_/X
 scaleAdd._648_/X
 scaleAdd._649_/X
 scaleAdd._650_/X
 scaleAdd._651_/Y
 scaleAdd._652_/X
 scaleAdd._653_/Y
 scaleAdd._654_/X
 scaleAdd._655_/X
 scaleAdd._656_/Y
 scaleAdd._657_/Y
 scaleAdd._658_/Y
 scaleAdd._659_/Y
 scaleAdd._660_/X
 scaleAdd._661_/X
 scaleAdd._662_/Y
 scaleAdd._663_/Y
 scaleAdd._664_/X
 scaleAdd._665_/Y
 scaleAdd._666_/X
 scaleAdd._667_/Y
 scaleAdd._668_/X
 scaleAdd._669_/X
 scaleAdd._670_/X
 scaleAdd._671_/Y
 scaleAdd._672_/Y
 scaleAdd._673_/X
 scaleAdd._674_/X
 scaleAdd._675_/Y
 scaleAdd._676_/X
 scaleAdd._677_/X
 scaleAdd._678_/X
 scaleAdd._679_/Y
 scaleAdd._680_/Y
 scaleAdd._681_/X
 scaleAdd._682_/X
 scaleAdd._683_/X
 scaleAdd._684_/Y
 scaleAdd._685_/X
 scaleAdd._686_/X
 scaleAdd._687_/Y
 scaleAdd._688_/X
 scaleAdd._689_/X
 scaleAdd._690_/Y
 scaleAdd._691_/X
 scaleAdd._692_/X
 scaleAdd._693_/X
 scaleAdd._694_/Y
 scaleAdd._695_/Y
 scaleAdd._696_/X
 scaleAdd._697_/Y
 scaleAdd._698_/Y
 scaleAdd._699_/X
 scaleAdd._700_/X
 scaleAdd._701_/X
 scaleAdd._702_/Y
 scaleAdd._703_/Y
 scaleAdd._704_/X
 scaleAdd._705_/Y
 scaleAdd._706_/X
 scaleAdd._707_/Y
 scaleAdd._708_/Y
 scaleAdd._709_/Y
 scaleAdd._710_/X
 scaleAdd._711_/X
 scaleAdd._712_/X
 scaleAdd._713_/X
 scaleAdd._714_/Y
 scaleAdd._715_/X
 scaleAdd._716_/Y
 scaleAdd._717_/X
 scaleAdd._718_/X
 scaleAdd._719_/X
 scaleAdd._720_/Y
 scaleAdd._721_/Y
 scaleAdd._722_/X
 scaleAdd._723_/X
 scaleAdd._724_/Y
 scaleAdd._725_/X
 scaleAdd._726_/Y
 scaleAdd._727_/X
 scaleAdd._728_/Y
 scaleAdd._729_/X
 scaleAdd._730_/Y
 scaleAdd._731_/Y
 scaleAdd._732_/X
 scaleAdd._733_/X
 scaleAdd._734_/X
 scaleAdd._735_/Y
 scaleAdd._736_/X
 scaleAdd._736__56/HI
 scaleAdd._736__56/LO
 scaleAdd._737_/Y
 scaleAdd._737__57/HI
 scaleAdd._737__57/LO
 scaleAdd._738_/X
 scaleAdd._739_/Y
 scaleAdd._740_/X
 scaleAdd._741_/Y
 scaleAdd._742_/X
 scaleAdd._743_/X
 scaleAdd._744_/X
Found 0 partially unannotated drivers.

===========================================================================
max slew violation count 0
max fanout violation count 0
max cap violation count 0
============================================================================

===========================================================================
check_setup -verbose -unconstrained_endpoints -multiple_clock -no_clock -no_input_delay -loops -generated_clocks
===========================================================================
