Startpoint: reset (input port clocked by CORE_CLK)
Endpoint: _40_ (recovery check against rising-edge clock CORE_CLK)
Path Group: asynchronous
Path Type: max

    Delay      Time   Description
-------------------------------------------------------------
   0.0000    0.0000   clock CORE_CLK (rise edge)
   0.0000    0.0000   clock network delay (ideal)
   0.0000    0.0000 ^ input external delay
   0.0000    0.0000 ^ reset (in)
   0.0000    0.0000 ^ _40_/CDN (DFCNQD1BWP30P140)
             0.0000   data arrival time

   2.0000    2.0000   clock CORE_CLK (rise edge)
   0.0000    2.0000   clock network delay (ideal)
  -0.0500    1.9500   clock uncertainty
   0.0000    1.9500   clock reconvergence pessimism
             1.9500 ^ _40_/CP (DFCNQD1BWP30P140)
   0.0258    1.9758   library recovery time
             1.9758   data required time
-------------------------------------------------------------
             1.9758   data required time
            -0.0000   data arrival time
-------------------------------------------------------------
             1.9758   slack (MET)


Startpoint: io_op_b_i[13] (input port clocked by CORE_CLK)
Endpoint: _42_ (rising edge-triggered flip-flop clocked by CORE_CLK)
Path Group: CORE_CLK
Path Type: max

    Delay      Time   Description
-------------------------------------------------------------
   0.0000    0.0000   clock CORE_CLK (rise edge)
   0.0000    0.0000   clock network delay (ideal)
   0.0000    0.0000 v input external delay
   0.0000    0.0000 v io_op_b_i[13] (in)
   0.0155    0.0155 ^ op_1/_123_/ZN (NR3D0BWP30P140)
   0.0218    0.0373 ^ op_1/_124_/ZN (INR2D0BWP30P140)
   0.0201    0.0574 v op_1/_206_/ZN (NR2D0BWP30P140)
   0.0222    0.0796 v tree/_05094_/ZN (IND2D0BWP30P140)
   0.0263    0.1058 ^ tree/_05097_/ZN (AOI221D0BWP30P140)
   0.0332    0.1391 v tree/_05099_/ZN (OAI222D0BWP30P140)
   0.0482    0.1873 ^ tree/_05101_/ZN (MAOI22D0BWP30P140)
   0.0336    0.2209 v tree/_05106_/Z (CKMUX2D0BWP30P140)
   0.0227    0.2436 v tree/_05107_/ZN (MOAI22D0BWP30P140)
   0.0194    0.2630 ^ tree/_05112_/ZN (AOI21D0BWP30P140)
   0.0327    0.2957 ^ tree/_05116_/Z (OA21D0BWP30P140)
   0.0220    0.3176 v tree/_05129_/ZN (OAI21D0BWP30P140)
   0.0298    0.3474 ^ tree/_05130_/ZN (AOI33D0BWP30P140)
   0.0184    0.3658 v tree/_05134_/ZN (AOI221D0BWP30P140)
   0.0396    0.4054 ^ tree/_05140_/ZN (OAI21D0BWP30P140)
   0.0446    0.4500 ^ tree/_05149_/Z (AN4D0BWP30P140)
   0.0183    0.4683 v tree/_05156_/ZN (OAI33D0BWP30P140)
   0.0267    0.4950 ^ tree/_05157_/ZN (AOI31D0BWP30P140)
   0.0341    0.5292 v tree/_05163_/ZN (OAI21D0BWP30P140)
   0.0301    0.5593 v tree/_05170_/Z (OA211D0BWP30P140)
   0.0263    0.5856 ^ tree/_05171_/ZN (OAI33D0BWP30P140)
   0.0221    0.6076 v tree/_05180_/ZN (AOI31D0BWP30P140)
   0.0388    0.6464 ^ tree/_05186_/ZN (OAI21D0BWP30P140)
   0.0426    0.6890 ^ tree/_05196_/Z (OA211D0BWP30P140)
   0.0168    0.7059 v tree/_05202_/ZN (OAI33D0BWP30P140)
   0.0274    0.7333 ^ tree/_05203_/ZN (AOI31D0BWP30P140)
   0.0548    0.7881 v tree/_05210_/ZN (OAI221D0BWP30P140)
   0.0373    0.8254 v tree/_05215_/Z (OA211D0BWP30P140)
   0.0280    0.8534 ^ tree/_05218_/ZN (OAI33D0BWP30P140)
   0.0184    0.8718 v tree/_05227_/ZN (AOI31D0BWP30P140)
   0.0317    0.9035 ^ tree/_05232_/ZN (OAI21D0BWP30P140)
   0.0389    0.9424 ^ tree/_05240_/Z (OA211D0BWP30P140)
   0.0206    0.9630 v tree/_05242_/ZN (OAI33D0BWP30P140)
   0.0246    0.9877 ^ tree/_05243_/ZN (AOI31D0BWP30P140)
   0.0201    1.0078 ^ tree/_05249_/ZN (IAO21D0BWP30P140)
   0.0338    1.0415 v tree/_05251_/ZN (MOAI22D0BWP30P140)
   0.0356    1.0771 v tree/_05263_/ZN (MUX2ND0BWP30P140)
   0.0256    1.1028 ^ tree/_05264_/ZN (AOI22D0BWP30P140)
   0.0267    1.1294 ^ tree/_05265_/Z (OA21D0BWP30P140)
   0.0281    1.1576 v tree/_05269_/ZN (OAI21D0BWP30P140)
   0.0265    1.1841 ^ tree/_05290_/ZN (AOI21D0BWP30P140)
   0.0246    1.2086 v tree/_05293_/ZN (OAI33D0BWP30P140)
   0.0295    1.2381 v tree/_05294_/Z (AO21D0BWP30P140)
   0.0425    1.2806 ^ tree/_05298_/ZN (AOI221D0BWP30P140)
   0.0186    1.2992 v tree/_05301_/ZN (NR3D0BWP30P140)
   0.0265    1.3257 ^ tree/_05302_/ZN (AOI21D0BWP30P140)
   0.0299    1.3557 ^ tree/_05327_/ZN (MAOI22D0BWP30P140)
   0.0370    1.3926 v tree/_05329_/ZN (OAI21D0BWP30P140)
   0.0302    1.4228 v tree/_05342_/Z (OA211D0BWP30P140)
   0.0264    1.4493 ^ tree/_05343_/ZN (OAI33D0BWP30P140)
   0.0174    1.4667 v tree/_05354_/ZN (AOI21D0BWP30P140)
   0.0364    1.5031 ^ tree/_05358_/ZN (OAI21D0BWP30P140)
   0.0322    1.5353 v tree/_05370_/ZN (OAI211D0BWP30P140)
   0.0304    1.5657 ^ tree/_05371_/ZN (AOI33D0BWP30P140)
   0.0235    1.5892 ^ tree/_05382_/ZN (IAO21D0BWP30P140)
   0.0266    1.6158 v tree/_05386_/ZN (OAI21D0BWP30P140)
   0.0283    1.6441 ^ tree/_05406_/ZN (AOI21D0BWP30P140)
   0.0256    1.6697 v tree/_05411_/ZN (OAI33D0BWP30P140)
   0.0328    1.7025 ^ tree/_05413_/ZN (AOI221D0BWP30P140)
   0.0401    1.7425 v tree/_05414_/ZN (AOI21D0BWP30P140)
   0.0353    1.7779 v tree/_05415_/ZN (MUX2ND0BWP30P140)
   0.0195    1.7974 ^ tree/_05436_/ZN (CKND2D0BWP30P140)
   0.0245    1.8219 v tree/_05437_/ZN (OAI21D0BWP30P140)
   0.0354    1.8573 v tree/_05443_/ZN (IND4D0BWP30P140)
   0.0441    1.9014 v tree/_05444_/Z (OR4D0BWP30P140)
   0.0308    1.9322 v tree/_05445_/Z (AN2D0BWP30P140)
   0.1353    2.0675 v tree/_05457_/ZN (MUX2ND0BWP30P140)
   0.0839    2.1514 ^ tree/_05758_/ZN (MAOI222D0BWP30P140)
   0.0316    2.1830 ^ tree/_05762_/Z (AO211D0BWP30P140)
   0.0282    2.2112 v tree/_05764_/ZN (AOI31D0BWP30P140)
   0.0492    2.2604 ^ tree/_05768_/ZN (OAI22D0BWP30P140)
   0.1231    2.3835 v tree/_05780_/ZN (AOI21D0BWP30P140)
   0.0735    2.4571 v tree/_05835_/ZN (MUX4ND0BWP30P140)
   0.0520    2.5090 ^ tree/_05848_/ZN (AOI32D0BWP30P140)
   0.0243    2.5334 v tree/_05849_/ZN (OAI21D0BWP30P140)
   0.0248    2.5582 v tree/_09359_/Z (XOR2UD0BWP30P140)
   0.0140    2.5722 ^ tree/_09360_/ZN (CKND0BWP30P140)
   0.0259    2.5981 v tree/_09361_/ZN (MAOI222D0BWP30P140)
   0.0689    2.6670 v tree/_09433_/ZN (XNR3UD0BWP30P140)
   0.0569    2.7239 v tree/_09501_/ZN (XNR3UD0BWP30P140)
   0.0652    2.7891 v tree/_09566_/Z (XOR3UD0BWP30P140)
   0.0625    2.8516 v tree/_09599_/Z (XOR3UD0BWP30P140)
   0.0596    2.9112 v tree/_09617_/Z (XOR3UD0BWP30P140)
   0.0260    2.9371 ^ tree/_09626_/ZN (XNR2UD0BWP30P140)
   0.0195    2.9567 v tree/_09627_/ZN (OAI21D0BWP30P140)
   0.0333    2.9900 ^ tree/_09628_/ZN (MAOI222D0BWP30P140)
   0.0256    3.0157 v tree/_09630_/ZN (OAI21D0BWP30P140)
   0.0361    3.0517 ^ tree/_09632_/ZN (MAOI222D0BWP30P140)
   0.0253    3.0770 v tree/_09634_/ZN (OAI21D0BWP30P140)
   0.0359    3.1129 ^ tree/_09636_/ZN (MAOI222D0BWP30P140)
   0.0253    3.1382 v tree/_09638_/ZN (OAI21D0BWP30P140)
   0.0359    3.1741 ^ tree/_09640_/ZN (MAOI222D0BWP30P140)
   0.0254    3.1994 v tree/_09642_/ZN (OAI21D0BWP30P140)
   0.0360    3.2354 ^ tree/_09644_/ZN (MAOI222D0BWP30P140)
   0.0250    3.2604 v tree/_09646_/ZN (OAI21D0BWP30P140)
   0.0359    3.2963 ^ tree/_09648_/ZN (MAOI222D0BWP30P140)
   0.0253    3.3216 v tree/_09650_/ZN (OAI21D0BWP30P140)
   0.0360    3.3576 ^ tree/_09652_/ZN (MAOI222D0BWP30P140)
   0.0269    3.3845 v tree/_09654_/ZN (OAI21D0BWP30P140)
   0.0285    3.4131 ^ tree/_09657_/ZN (AOI211D0BWP30P140)
   0.0233    3.4363 v tree/_09659_/ZN (OAI31D0BWP30P140)
   0.0396    3.4759 ^ tree/_09661_/ZN (MAOI222D0BWP30P140)
   0.0285    3.5043 v tree/_09665_/ZN (OAI211D0BWP30P140)
   0.0325    3.5369 ^ tree/_09667_/ZN (AOI31D0BWP30P140)
   0.0246    3.5614 v tree/_09669_/ZN (OAI21D0BWP30P140)
   0.0357    3.5971 ^ tree/_09671_/ZN (MAOI222D0BWP30P140)
   0.0253    3.6224 v tree/_09673_/ZN (OAI21D0BWP30P140)
   0.0324    3.6548 ^ tree/_09675_/ZN (MAOI222D0BWP30P140)
   0.0297    3.6846 v tree/_09676_/ZN (MAOI222D0BWP30P140)
   0.0269    3.7114 ^ tree/_09679_/ZN (AOI21D0BWP30P140)
   0.0680    3.7794 ^ tree/_09687_/Z (XOR2UD0BWP30P140)
   0.0390    3.8184 v tree/_09688_/ZN (CKND0BWP30P140)
   0.0222    3.8405 ^ tree/_09736_/ZN (CKND2D0BWP30P140)
   0.0247    3.8653 v tree/_09740_/ZN (IND3D0BWP30P140)
   0.0210    3.8862 ^ tree/_09742_/ZN (NR3D0BWP30P140)
   0.0233    3.9096 ^ tree/_09747_/Z (AO21D0BWP30P140)
   0.0078    3.9174 v tree/_09748_/ZN (CKND0BWP30P140)
   0.0147    3.9321 ^ tree/_09749_/ZN (NR2D0BWP30P140)
   0.0155    3.9475 v tree/_09751_/ZN (AOI21D0BWP30P140)
   0.0319    3.9794 v tree/_09762_/ZN (IAO21D0BWP30P140)
   0.0294    4.0088 ^ tree/_09764_/ZN (AOI21D0BWP30P140)
   0.0283    4.0371 ^ tree/_09769_/Z (OA21D0BWP30P140)
   0.0240    4.0611 ^ tree/_09773_/Z (OA21D0BWP30P140)
   0.0261    4.0872 ^ tree/_09774_/ZN (XNR2UD0BWP30P140)
   0.0119    4.0991 v tree/_09775_/ZN (CKND0BWP30P140)
   0.0170    4.1162 ^ tree/_09776_/ZN (NR2D0BWP30P140)
   0.1244    4.2406 ^ tree/_09849_/Z (AN2D0BWP30P140)
   0.0737    4.3143 v tree/_09850_/ZN (CKND0BWP30P140)
   0.0438    4.3581 v tree/_09931_/Z (MUX4D0BWP30P140)
   0.0285    4.3866 v tree/_09933_/Z (OR3D0BWP30P140)
   0.0181    4.4046 ^ tree/_09982_/ZN (AOI21D0BWP30P140)
   0.0394    4.4440 v tree/_09985_/ZN (OAI211D0BWP30P140)
   0.0343    4.4784 v tree/_09988_/Z (OR2D0BWP30P140)
   0.0130    4.4913 ^ tree/_09994_/ZN (NR2D0BWP30P140)
   0.0361    4.5274 ^ tree/_10009_/ZN (XNR2UD0BWP30P140)
   0.0190    4.5464 v sa/_490_/ZN (CKND2D0BWP30P140)
   0.0583    4.6047 v sa/_494_/Z (XOR3UD0BWP30P140)
   0.0287    4.6333 ^ sa/_495_/ZN (NR2D0BWP30P140)
   0.0459    4.6792 v sa/_498_/ZN (XNR4D0BWP30P140)
   0.0292    4.7084 v sa/_502_/ZN (XNR2UD0BWP30P140)
   0.0217    4.7301 ^ sa/_510_/ZN (NR2D0BWP30P140)
   0.0245    4.7546 v sa/_511_/ZN (MAOI222D0BWP30P140)
   0.0330    4.7876 ^ sa/_512_/ZN (MAOI222D0BWP30P140)
   0.0266    4.8142 v sa/_513_/ZN (MAOI222D0BWP30P140)
   0.0332    4.8474 ^ sa/_514_/ZN (MAOI222D0BWP30P140)
   0.0301    4.8775 v sa/_515_/ZN (MAOI222D0BWP30P140)
   0.0385    4.9160 ^ sa/_517_/ZN (MAOI222D0BWP30P140)
   0.0263    4.9424 v sa/_519_/ZN (AOI21D0BWP30P140)
   0.0281    4.9705 ^ sa/_564_/ZN (OAI211D0BWP30P140)
   0.0217    4.9922 v sa/_565_/ZN (ND3D0BWP30P140)
   0.0235    5.0158 v sa/_638_/ZN (INR2D0BWP30P140)
   0.1768    5.1925 ^ conv/_202_/ZN (OAI31D0BWP30P140)
   0.0267    5.2193 v conv/_203_/ZN (CKND0BWP30P140)
   0.0372    5.2564 v conv/_226_/ZN (MUX3ND0BWP30P140)
   0.0424    5.2989 ^ conv/_228_/ZN (MUX2ND0BWP30P140)
   0.0395    5.3384 v conv/_256_/ZN (ND4D0BWP30P140)
   0.0419    5.3802 ^ conv/_266_/ZN (INR4D0BWP30P140)
   0.0362    5.4164 ^ conv/_268_/ZN (INR3D0BWP30P140)
   0.0362    5.4526 v conv/_271_/ZN (IND4D0BWP30P140)
   0.0448    5.4974 ^ conv/_273_/ZN (MAOI222D0BWP30P140)
   0.0341    5.5315 v conv/_283_/ZN (AOI31D0BWP30P140)
   0.0350    5.5665 ^ conv/_287_/ZN (OAI211D0BWP30P140)
   0.0285    5.5950 v conv/_290_/ZN (ND4D0BWP30P140)
   0.0316    5.6266 ^ conv/_293_/ZN (AOI31D0BWP30P140)
   0.0754    5.7020 v conv/_316_/ZN (OAI211D0BWP30P140)
   0.0565    5.7585 ^ conv/_319_/ZN (NR2D0BWP30P140)
   0.0256    5.7841 ^ accAdder/_461_/ZN (XNR2UD0BWP30P140)
   0.0293    5.8134 ^ accAdder/_462_/Z (AO21D0BWP30P140)
   0.0165    5.8299 v accAdder/_465_/ZN (AOI211D0BWP30P140)
   0.0332    5.8631 ^ accAdder/_467_/ZN (OAI31D0BWP30P140)
   0.0299    5.8930 v accAdder/_470_/ZN (OAI211D0BWP30P140)
   0.0294    5.9224 ^ accAdder/_492_/ZN (AOI21D0BWP30P140)
   0.0467    5.9691 v accAdder/_494_/ZN (OAI211D0BWP30P140)
   0.0876    6.0566 v accAdder/_518_/ZN (MUX2ND0BWP30P140)
   0.0860    6.1426 ^ accAdder/_543_/ZN (AOI31D0BWP30P140)
   0.0611    6.2037 v accAdder/_549_/ZN (ND3D0BWP30P140)
   0.0399    6.2436 v accAdder/_566_/Z (OA21D0BWP30P140)
   0.0311    6.2747 ^ accAdder/_589_/ZN (MUX3ND0BWP30P140)
   0.0331    6.3078 v accAdder/_677_/ZN (AOI221D0BWP30P140)
   0.0251    6.3329 ^ accAdder/_678_/ZN (ND3D0BWP30P140)
   0.0175    6.3504 v accAdder/_680_/ZN (OAI21D0BWP30P140)
   0.0236    6.3740 ^ accAdder/_681_/ZN (AOI21D0BWP30P140)
   0.0255    6.3995 v accAdder/_682_/ZN (MAOI222D0BWP30P140)
   0.0329    6.4324 ^ accAdder/_684_/ZN (MAOI222D0BWP30P140)
   0.0301    6.4625 v accAdder/_686_/ZN (MAOI222D0BWP30P140)
   0.0324    6.4948 ^ accAdder/_687_/ZN (AOI211D0BWP30P140)
   0.0238    6.5187 v accAdder/_688_/ZN (OAI32D0BWP30P140)
   0.0302    6.5489 ^ accAdder/_698_/ZN (AOI211D0BWP30P140)
   0.0230    6.5719 ^ accAdder/_700_/Z (OR2D0BWP30P140)
   0.1489    6.7208 v accAdder/_751_/ZN (AOI31D0BWP30P140)
   0.0882    6.8090 v accAdder/_791_/ZN (MUX4ND0BWP30P140)
   0.0430    6.8520 ^ accAdder/_792_/ZN (NR4D0BWP30P140)
   0.0345    6.8865 v accAdder/_798_/ZN (IND4D0BWP30P140)
   0.0296    6.9161 ^ accAdder/_801_/ZN (NR3D0BWP30P140)
   0.0291    6.9452 v accAdder/_803_/ZN (IND3D0BWP30P140)
   0.0406    6.9858 ^ accAdder/_805_/ZN (MAOI222D0BWP30P140)
   0.0426    7.0285 v accAdder/_810_/ZN (IND4D0BWP30P140)
   0.0444    7.0729 ^ accAdder/_820_/ZN (AOI211D0BWP30P140)
   0.0333    7.1062 ^ accAdder/_821_/Z (AN3D0BWP30P140)
   0.0241    7.1303 ^ accAdder/_828_/ZN (MAOI22D0BWP30P140)
   0.0569    7.1872 v accAdder/_855_/ZN (OAI31D0BWP30P140)
   0.0427    7.2299 ^ accAdder/_877_/ZN (INR4D0BWP30P140)
   0.0262    7.2562 ^ _32_/Z (AO22D0BWP30P140)
   0.0000    7.2562 ^ _42_/D (DFCNQD1BWP30P140)
             7.2562   data arrival time

   2.0000    2.0000   clock CORE_CLK (rise edge)
   0.0000    2.0000   clock network delay (ideal)
  -0.0500    1.9500   clock uncertainty
   0.0000    1.9500   clock reconvergence pessimism
             1.9500 ^ _42_/CP (DFCNQD1BWP30P140)
  -0.0170    1.9330   library setup time
             1.9330   data required time
-------------------------------------------------------------
             1.9330   data required time
            -7.2562   data arrival time
-------------------------------------------------------------
            -5.3232   slack (VIOLATED)


