Startpoint: reset (input port clocked by CORE_CLK)
Endpoint: _068_ (recovery check against rising-edge clock CORE_CLK)
Path Group: asynchronous
Path Type: max

    Delay      Time   Description
-------------------------------------------------------------
   0.0000    0.0000   clock CORE_CLK (rise edge)
   0.0000    0.0000   clock network delay (ideal)
   0.0000    0.0000 ^ input external delay
   0.0000    0.0000 ^ reset (in)
   0.0000    0.0000 ^ _068_/CDN (DFCNQD1BWP30P140)
             0.0000   data arrival time

  20.0000   20.0000   clock CORE_CLK (rise edge)
   0.0000   20.0000   clock network delay (ideal)
  -0.0500   19.9500   clock uncertainty
   0.0000   19.9500   clock reconvergence pessimism
            19.9500 ^ _068_/CP (DFCNQD1BWP30P140)
   0.0258   19.9758   library recovery time
            19.9758   data required time
-------------------------------------------------------------
            19.9758   data required time
            -0.0000   data arrival time
-------------------------------------------------------------
            19.9758   slack (MET)


Startpoint: io_op_a_i[6] (input port clocked by CORE_CLK)
Endpoint: _070_ (rising edge-triggered flip-flop clocked by CORE_CLK)
Path Group: CORE_CLK
Path Type: max

    Delay      Time   Description
-------------------------------------------------------------
   0.0000    0.0000   clock CORE_CLK (rise edge)
   0.0000    0.0000   clock network delay (ideal)
   0.0000    0.0000 v input external delay
   0.0000    0.0000 v io_op_a_i[6] (in)
   0.0170    0.0170 ^ reducedSum_op/_40_/ZN (NR3D0BWP30P140)
   0.0239    0.0410 ^ reducedSum_op/_60_/ZN (IOA21D0BWP30P140)
   0.0291    0.0700 ^ reducedSum_op/_61_/ZN (XNR3UD0BWP30P140)
   0.0356    0.1056 ^ reducedSum_op/_62_/Z (AN3D0BWP30P140)
   0.0312    0.1368 v reducedSum_op/_71_/ZN (MAOI222D0BWP30P140)
   0.0340    0.1708 ^ reducedSum_op/_82_/ZN (MAOI222D0BWP30P140)
   0.0486    0.2193 ^ reducedSum_op/_86_/ZN (XNR2UD0BWP30P140)
   0.0245    0.2439 v reducedSum_sa/_598_/ZN (CKND2D0BWP30P140)
   0.0263    0.2702 v reducedSum_sa/_601_/ZN (IAO21D0BWP30P140)
   0.0253    0.2955 v reducedSum_sa/_627_/ZN (XNR2UD0BWP30P140)
   0.0333    0.3288 v reducedSum_sa/_636_/Z (XOR2UD0BWP30P140)
   0.0694    0.3982 ^ reducedSum_sa/_658_/ZN (XNR4D0BWP30P140)
   0.0651    0.4633 ^ reducedSum_sa/_691_/ZN (XNR4D0BWP30P140)
   0.0259    0.4892 v reducedSum_sa/_717_/ZN (MAOI222D0BWP30P140)
   0.0338    0.5230 ^ reducedSum_sa/_718_/ZN (MAOI222D0BWP30P140)
   0.0266    0.5495 v reducedSum_sa/_719_/ZN (MAOI222D0BWP30P140)
   0.0341    0.5836 ^ reducedSum_sa/_720_/ZN (MAOI222D0BWP30P140)
   0.0267    0.6103 v reducedSum_sa/_721_/ZN (MAOI222D0BWP30P140)
   0.0396    0.6499 ^ reducedSum_sa/_722_/ZN (MAOI222D0BWP30P140)
   0.0209    0.6709 v reducedSum_sa/_768_/ZN (AOI211D0BWP30P140)
   0.0313    0.7022 ^ reducedSum_sa/_770_/ZN (OAI32D0BWP30P140)
   0.0229    0.7251 ^ reducedSum_sa/_776_/Z (XOR2UD0BWP30P140)
   0.0131    0.7382 v reducedSum_reduced_nextLevel_adder/_0507_/ZN (CKND0BWP30P140)
   0.0229    0.7611 ^ reducedSum_reduced_nextLevel_adder/_0592_/ZN (OAI22D0BWP30P140)
   0.0155    0.7766 v reducedSum_reduced_nextLevel_adder/_0594_/ZN (AOI221D0BWP30P140)
   0.0216    0.7982 v reducedSum_reduced_nextLevel_adder/_0595_/Z (AN2D0BWP30P140)
   0.0084    0.8066 ^ reducedSum_reduced_nextLevel_adder/_0598_/ZN (CKND2D0BWP30P140)
   0.0097    0.8164 v reducedSum_reduced_nextLevel_adder/_0599_/ZN (AOI21D0BWP30P140)
   0.0214    0.8377 ^ reducedSum_reduced_nextLevel_adder/_0603_/ZN (OAI31D0BWP30P140)
   0.2219    1.0596 v reducedSum_reduced_nextLevel_adder/_0604_/ZN (MOAI22D0BWP30P140)
   0.0900    1.1497 v reducedSum_reduced_nextLevel_adder/_0605_/ZN (MUX2ND0BWP30P140)
   0.0554    1.2051 ^ reducedSum_reduced_nextLevel_adder/_0607_/ZN (MUX2ND0BWP30P140)
   0.0274    1.2325 v reducedSum_reduced_nextLevel_adder/_0634_/ZN (MUX2ND0BWP30P140)
   0.0323    1.2648 ^ reducedSum_reduced_nextLevel_adder/_0667_/ZN (MUX2ND0BWP30P140)
   0.0205    1.2853 v reducedSum_reduced_nextLevel_adder/_0734_/ZN (AOI21D0BWP30P140)
   0.0273    1.3126 ^ reducedSum_reduced_nextLevel_adder/_0807_/ZN (OAI32D0BWP30P140)
   0.0282    1.3408 v reducedSum_reduced_nextLevel_adder/_0808_/ZN (AOI31D0BWP30P140)
   0.0206    1.3613 ^ reducedSum_reduced_nextLevel_adder/_0810_/ZN (OAI211D0BWP30P140)
   0.0232    1.3846 v reducedSum_reduced_nextLevel_adder/_0812_/ZN (AOI31D0BWP30P140)
   0.0283    1.4129 ^ reducedSum_reduced_nextLevel_adder/_0813_/ZN (MAOI222D0BWP30P140)
   0.0141    1.4271 v reducedSum_reduced_nextLevel_adder/_0814_/ZN (CKND0BWP30P140)
   0.0280    1.4551 ^ reducedSum_reduced_nextLevel_adder/_0815_/ZN (MAOI222D0BWP30P140)
   0.0280    1.4831 v reducedSum_reduced_nextLevel_adder/_0816_/ZN (MAOI222D0BWP30P140)
   0.0319    1.5150 ^ reducedSum_reduced_nextLevel_adder/_0817_/ZN (MAOI222D0BWP30P140)
   0.0187    1.5337 v reducedSum_reduced_nextLevel_adder/_0818_/ZN (AOI21D0BWP30P140)
   0.0311    1.5648 ^ reducedSum_reduced_nextLevel_adder/_0819_/ZN (MAOI222D0BWP30P140)
   0.0148    1.5796 v reducedSum_reduced_nextLevel_adder/_0821_/ZN (AOI21D0BWP30P140)
   0.0289    1.6085 v reducedSum_reduced_nextLevel_adder/_0822_/Z (AO21D0BWP30P140)
   0.0259    1.6344 ^ reducedSum_reduced_nextLevel_adder/_0823_/ZN (MAOI222D0BWP30P140)
   0.0260    1.6603 v reducedSum_reduced_nextLevel_adder/_0824_/ZN (OAI211D0BWP30P140)
   0.0315    1.6918 ^ reducedSum_reduced_nextLevel_adder/_0828_/ZN (OAI211D0BWP30P140)
   0.0929    1.7847 ^ reducedSum_reduced_nextLevel_adder/_0829_/Z (OA21D0BWP30P140)
   0.0584    1.8431 v reducedSum_reduced_nextLevel_adder/_0842_/ZN (OAI211D0BWP30P140)
   0.0303    1.8735 ^ reducedSum_reduced_nextLevel_adder/_0858_/ZN (NR4D0BWP30P140)
   0.0405    1.9139 v reducedSum_reduced_nextLevel_adder/_0876_/ZN (ND4D0BWP30P140)
   0.0339    1.9478 ^ reducedSum_reduced_nextLevel_adder/_0888_/ZN (NR4D0BWP30P140)
   0.0506    1.9984 v reducedSum_reduced_nextLevel_adder/_0904_/ZN (ND4D0BWP30P140)
   0.0366    2.0350 ^ reducedSum_reduced_nextLevel_adder/_0918_/ZN (NR4D0BWP30P140)
   0.0322    2.0672 ^ reducedSum_reduced_nextLevel_adder/_0983_/Z (AN3D0BWP30P140)
   0.0100    2.0773 v reducedSum_reduced_nextLevel_adder/_1001_/ZN (NR2D0BWP30P140)
   0.0293    2.1066 v reducedSum_reduced_nextLevel_adder/_1004_/Z (XOR2UD0BWP30P140)
   0.0377    2.1443 v reducedSum_reduced_nextLevel_adder_16/_0517_/ZN (XNR2UD0BWP30P140)
   0.0348    2.1791 v reducedSum_reduced_nextLevel_adder_16/_0518_/Z (AO21D0BWP30P140)
   0.0238    2.2029 ^ reducedSum_reduced_nextLevel_adder_16/_0521_/ZN (AOI211D0BWP30P140)
   0.0246    2.2275 v reducedSum_reduced_nextLevel_adder_16/_0535_/ZN (OAI31D0BWP30P140)
   0.0218    2.2493 ^ reducedSum_reduced_nextLevel_adder_16/_0536_/ZN (OAI21D0BWP30P140)
   0.0284    2.2777 ^ reducedSum_reduced_nextLevel_adder_16/_0544_/Z (XOR2UD0BWP30P140)
   0.0269    2.3046 ^ reducedSum_reduced_nextLevel_adder_16/_0549_/Z (AN2D0BWP30P140)
   0.0094    2.3140 v reducedSum_reduced_nextLevel_adder_16/_0554_/ZN (CKND2D0BWP30P140)
   0.2300    2.5440 v reducedSum_reduced_nextLevel_adder_16/_0604_/ZN (MOAI22D0BWP30P140)
   0.0900    2.6341 v reducedSum_reduced_nextLevel_adder_16/_0605_/ZN (MUX2ND0BWP30P140)
   0.0554    2.6895 ^ reducedSum_reduced_nextLevel_adder_16/_0607_/ZN (MUX2ND0BWP30P140)
   0.0274    2.7169 v reducedSum_reduced_nextLevel_adder_16/_0634_/ZN (MUX2ND0BWP30P140)
   0.0323    2.7492 ^ reducedSum_reduced_nextLevel_adder_16/_0667_/ZN (MUX2ND0BWP30P140)
   0.0205    2.7697 v reducedSum_reduced_nextLevel_adder_16/_0734_/ZN (AOI21D0BWP30P140)
   0.0273    2.7970 ^ reducedSum_reduced_nextLevel_adder_16/_0807_/ZN (OAI32D0BWP30P140)
   0.0282    2.8252 v reducedSum_reduced_nextLevel_adder_16/_0808_/ZN (AOI31D0BWP30P140)
   0.0206    2.8458 ^ reducedSum_reduced_nextLevel_adder_16/_0810_/ZN (OAI211D0BWP30P140)
   0.0232    2.8690 v reducedSum_reduced_nextLevel_adder_16/_0812_/ZN (AOI31D0BWP30P140)
   0.0283    2.8973 ^ reducedSum_reduced_nextLevel_adder_16/_0813_/ZN (MAOI222D0BWP30P140)
   0.0141    2.9115 v reducedSum_reduced_nextLevel_adder_16/_0814_/ZN (CKND0BWP30P140)
   0.0280    2.9395 ^ reducedSum_reduced_nextLevel_adder_16/_0815_/ZN (MAOI222D0BWP30P140)
   0.0280    2.9675 v reducedSum_reduced_nextLevel_adder_16/_0816_/ZN (MAOI222D0BWP30P140)
   0.0319    2.9994 ^ reducedSum_reduced_nextLevel_adder_16/_0817_/ZN (MAOI222D0BWP30P140)
   0.0187    3.0181 v reducedSum_reduced_nextLevel_adder_16/_0818_/ZN (AOI21D0BWP30P140)
   0.0311    3.0493 ^ reducedSum_reduced_nextLevel_adder_16/_0819_/ZN (MAOI222D0BWP30P140)
   0.0148    3.0640 v reducedSum_reduced_nextLevel_adder_16/_0821_/ZN (AOI21D0BWP30P140)
   0.0289    3.0929 v reducedSum_reduced_nextLevel_adder_16/_0822_/Z (AO21D0BWP30P140)
   0.0259    3.1188 ^ reducedSum_reduced_nextLevel_adder_16/_0823_/ZN (MAOI222D0BWP30P140)
   0.0260    3.1447 v reducedSum_reduced_nextLevel_adder_16/_0824_/ZN (OAI211D0BWP30P140)
   0.0315    3.1762 ^ reducedSum_reduced_nextLevel_adder_16/_0828_/ZN (OAI211D0BWP30P140)
   0.0929    3.2692 ^ reducedSum_reduced_nextLevel_adder_16/_0829_/Z (OA21D0BWP30P140)
   0.0584    3.3276 v reducedSum_reduced_nextLevel_adder_16/_0842_/ZN (OAI211D0BWP30P140)
   0.0303    3.3579 ^ reducedSum_reduced_nextLevel_adder_16/_0858_/ZN (NR4D0BWP30P140)
   0.0405    3.3984 v reducedSum_reduced_nextLevel_adder_16/_0876_/ZN (ND4D0BWP30P140)
   0.0339    3.4322 ^ reducedSum_reduced_nextLevel_adder_16/_0888_/ZN (NR4D0BWP30P140)
   0.0506    3.4828 v reducedSum_reduced_nextLevel_adder_16/_0904_/ZN (ND4D0BWP30P140)
   0.0366    3.5194 ^ reducedSum_reduced_nextLevel_adder_16/_0918_/ZN (NR4D0BWP30P140)
   0.0322    3.5517 ^ reducedSum_reduced_nextLevel_adder_16/_0983_/Z (AN3D0BWP30P140)
   0.0100    3.5617 v reducedSum_reduced_nextLevel_adder_16/_1001_/ZN (NR2D0BWP30P140)
   0.0293    3.5910 v reducedSum_reduced_nextLevel_adder_16/_1004_/Z (XOR2UD0BWP30P140)
   0.0377    3.6287 v reducedSum_reduced_nextLevel_adder_24/_0517_/ZN (XNR2UD0BWP30P140)
   0.0348    3.6635 v reducedSum_reduced_nextLevel_adder_24/_0518_/Z (AO21D0BWP30P140)
   0.0238    3.6873 ^ reducedSum_reduced_nextLevel_adder_24/_0521_/ZN (AOI211D0BWP30P140)
   0.0246    3.7119 v reducedSum_reduced_nextLevel_adder_24/_0535_/ZN (OAI31D0BWP30P140)
   0.0218    3.7338 ^ reducedSum_reduced_nextLevel_adder_24/_0536_/ZN (OAI21D0BWP30P140)
   0.0284    3.7621 ^ reducedSum_reduced_nextLevel_adder_24/_0544_/Z (XOR2UD0BWP30P140)
   0.0269    3.7890 ^ reducedSum_reduced_nextLevel_adder_24/_0549_/Z (AN2D0BWP30P140)
   0.0094    3.7984 v reducedSum_reduced_nextLevel_adder_24/_0554_/ZN (CKND2D0BWP30P140)
   0.2300    4.0285 v reducedSum_reduced_nextLevel_adder_24/_0604_/ZN (MOAI22D0BWP30P140)
   0.0900    4.1185 v reducedSum_reduced_nextLevel_adder_24/_0605_/ZN (MUX2ND0BWP30P140)
   0.0554    4.1739 ^ reducedSum_reduced_nextLevel_adder_24/_0607_/ZN (MUX2ND0BWP30P140)
   0.0274    4.2013 v reducedSum_reduced_nextLevel_adder_24/_0634_/ZN (MUX2ND0BWP30P140)
   0.0323    4.2336 ^ reducedSum_reduced_nextLevel_adder_24/_0667_/ZN (MUX2ND0BWP30P140)
   0.0205    4.2541 v reducedSum_reduced_nextLevel_adder_24/_0734_/ZN (AOI21D0BWP30P140)
   0.0273    4.2814 ^ reducedSum_reduced_nextLevel_adder_24/_0807_/ZN (OAI32D0BWP30P140)
   0.0282    4.3096 v reducedSum_reduced_nextLevel_adder_24/_0808_/ZN (AOI31D0BWP30P140)
   0.0206    4.3302 ^ reducedSum_reduced_nextLevel_adder_24/_0810_/ZN (OAI211D0BWP30P140)
   0.0232    4.3534 v reducedSum_reduced_nextLevel_adder_24/_0812_/ZN (AOI31D0BWP30P140)
   0.0283    4.3818 ^ reducedSum_reduced_nextLevel_adder_24/_0813_/ZN (MAOI222D0BWP30P140)
   0.0141    4.3959 v reducedSum_reduced_nextLevel_adder_24/_0814_/ZN (CKND0BWP30P140)
   0.0280    4.4239 ^ reducedSum_reduced_nextLevel_adder_24/_0815_/ZN (MAOI222D0BWP30P140)
   0.0280    4.4519 v reducedSum_reduced_nextLevel_adder_24/_0816_/ZN (MAOI222D0BWP30P140)
   0.0319    4.4838 ^ reducedSum_reduced_nextLevel_adder_24/_0817_/ZN (MAOI222D0BWP30P140)
   0.0187    4.5026 v reducedSum_reduced_nextLevel_adder_24/_0818_/ZN (AOI21D0BWP30P140)
   0.0311    4.5337 ^ reducedSum_reduced_nextLevel_adder_24/_0819_/ZN (MAOI222D0BWP30P140)
   0.0148    4.5485 v reducedSum_reduced_nextLevel_adder_24/_0821_/ZN (AOI21D0BWP30P140)
   0.0289    4.5773 v reducedSum_reduced_nextLevel_adder_24/_0822_/Z (AO21D0BWP30P140)
   0.0259    4.6032 ^ reducedSum_reduced_nextLevel_adder_24/_0823_/ZN (MAOI222D0BWP30P140)
   0.0260    4.6292 v reducedSum_reduced_nextLevel_adder_24/_0824_/ZN (OAI211D0BWP30P140)
   0.0315    4.6606 ^ reducedSum_reduced_nextLevel_adder_24/_0828_/ZN (OAI211D0BWP30P140)
   0.0929    4.7536 ^ reducedSum_reduced_nextLevel_adder_24/_0829_/Z (OA21D0BWP30P140)
   0.0584    4.8120 v reducedSum_reduced_nextLevel_adder_24/_0842_/ZN (OAI211D0BWP30P140)
   0.0303    4.8423 ^ reducedSum_reduced_nextLevel_adder_24/_0858_/ZN (NR4D0BWP30P140)
   0.0405    4.8828 v reducedSum_reduced_nextLevel_adder_24/_0876_/ZN (ND4D0BWP30P140)
   0.0339    4.9167 ^ reducedSum_reduced_nextLevel_adder_24/_0888_/ZN (NR4D0BWP30P140)
   0.0506    4.9672 v reducedSum_reduced_nextLevel_adder_24/_0904_/ZN (ND4D0BWP30P140)
   0.0366    5.0039 ^ reducedSum_reduced_nextLevel_adder_24/_0918_/ZN (NR4D0BWP30P140)
   0.0322    5.0361 ^ reducedSum_reduced_nextLevel_adder_24/_0983_/Z (AN3D0BWP30P140)
   0.0100    5.0461 v reducedSum_reduced_nextLevel_adder_24/_1001_/ZN (NR2D0BWP30P140)
   0.0293    5.0754 v reducedSum_reduced_nextLevel_adder_24/_1004_/Z (XOR2UD0BWP30P140)
   0.0377    5.1131 v reducedSum_reduced_nextLevel_adder_28/_0517_/ZN (XNR2UD0BWP30P140)
   0.0348    5.1479 v reducedSum_reduced_nextLevel_adder_28/_0518_/Z (AO21D0BWP30P140)
   0.0238    5.1717 ^ reducedSum_reduced_nextLevel_adder_28/_0521_/ZN (AOI211D0BWP30P140)
   0.0246    5.1963 v reducedSum_reduced_nextLevel_adder_28/_0535_/ZN (OAI31D0BWP30P140)
   0.0218    5.2182 ^ reducedSum_reduced_nextLevel_adder_28/_0536_/ZN (OAI21D0BWP30P140)
   0.0284    5.2466 ^ reducedSum_reduced_nextLevel_adder_28/_0544_/Z (XOR2UD0BWP30P140)
   0.0269    5.2734 ^ reducedSum_reduced_nextLevel_adder_28/_0549_/Z (AN2D0BWP30P140)
   0.0094    5.2828 v reducedSum_reduced_nextLevel_adder_28/_0554_/ZN (CKND2D0BWP30P140)
   0.2300    5.5129 v reducedSum_reduced_nextLevel_adder_28/_0604_/ZN (MOAI22D0BWP30P140)
   0.0900    5.6029 v reducedSum_reduced_nextLevel_adder_28/_0605_/ZN (MUX2ND0BWP30P140)
   0.0554    5.6583 ^ reducedSum_reduced_nextLevel_adder_28/_0607_/ZN (MUX2ND0BWP30P140)
   0.0274    5.6857 v reducedSum_reduced_nextLevel_adder_28/_0634_/ZN (MUX2ND0BWP30P140)
   0.0323    5.7180 ^ reducedSum_reduced_nextLevel_adder_28/_0667_/ZN (MUX2ND0BWP30P140)
   0.0205    5.7385 v reducedSum_reduced_nextLevel_adder_28/_0734_/ZN (AOI21D0BWP30P140)
   0.0273    5.7659 ^ reducedSum_reduced_nextLevel_adder_28/_0807_/ZN (OAI32D0BWP30P140)
   0.0282    5.7940 v reducedSum_reduced_nextLevel_adder_28/_0808_/ZN (AOI31D0BWP30P140)
   0.0206    5.8146 ^ reducedSum_reduced_nextLevel_adder_28/_0810_/ZN (OAI211D0BWP30P140)
   0.0232    5.8378 v reducedSum_reduced_nextLevel_adder_28/_0812_/ZN (AOI31D0BWP30P140)
   0.0283    5.8662 ^ reducedSum_reduced_nextLevel_adder_28/_0813_/ZN (MAOI222D0BWP30P140)
   0.0141    5.8803 v reducedSum_reduced_nextLevel_adder_28/_0814_/ZN (CKND0BWP30P140)
   0.0280    5.9084 ^ reducedSum_reduced_nextLevel_adder_28/_0815_/ZN (MAOI222D0BWP30P140)
   0.0280    5.9363 v reducedSum_reduced_nextLevel_adder_28/_0816_/ZN (MAOI222D0BWP30P140)
   0.0319    5.9683 ^ reducedSum_reduced_nextLevel_adder_28/_0817_/ZN (MAOI222D0BWP30P140)
   0.0187    5.9870 v reducedSum_reduced_nextLevel_adder_28/_0818_/ZN (AOI21D0BWP30P140)
   0.0311    6.0181 ^ reducedSum_reduced_nextLevel_adder_28/_0819_/ZN (MAOI222D0BWP30P140)
   0.0148    6.0329 v reducedSum_reduced_nextLevel_adder_28/_0821_/ZN (AOI21D0BWP30P140)
   0.0289    6.0617 v reducedSum_reduced_nextLevel_adder_28/_0822_/Z (AO21D0BWP30P140)
   0.0259    6.0876 ^ reducedSum_reduced_nextLevel_adder_28/_0823_/ZN (MAOI222D0BWP30P140)
   0.0260    6.1136 v reducedSum_reduced_nextLevel_adder_28/_0824_/ZN (OAI211D0BWP30P140)
   0.0315    6.1451 ^ reducedSum_reduced_nextLevel_adder_28/_0828_/ZN (OAI211D0BWP30P140)
   0.0929    6.2380 ^ reducedSum_reduced_nextLevel_adder_28/_0829_/Z (OA21D0BWP30P140)
   0.0584    6.2964 v reducedSum_reduced_nextLevel_adder_28/_0842_/ZN (OAI211D0BWP30P140)
   0.0303    6.3267 ^ reducedSum_reduced_nextLevel_adder_28/_0858_/ZN (NR4D0BWP30P140)
   0.0405    6.3672 v reducedSum_reduced_nextLevel_adder_28/_0876_/ZN (ND4D0BWP30P140)
   0.0339    6.4011 ^ reducedSum_reduced_nextLevel_adder_28/_0888_/ZN (NR4D0BWP30P140)
   0.0506    6.4517 v reducedSum_reduced_nextLevel_adder_28/_0904_/ZN (ND4D0BWP30P140)
   0.0366    6.4883 ^ reducedSum_reduced_nextLevel_adder_28/_0918_/ZN (NR4D0BWP30P140)
   0.0322    6.5205 ^ reducedSum_reduced_nextLevel_adder_28/_0983_/Z (AN3D0BWP30P140)
   0.0100    6.5306 v reducedSum_reduced_nextLevel_adder_28/_1001_/ZN (NR2D0BWP30P140)
   0.0293    6.5598 v reducedSum_reduced_nextLevel_adder_28/_1004_/Z (XOR2UD0BWP30P140)
   0.0377    6.5976 v reducedSum_reduced_nextLevel_adder_30/_0517_/ZN (XNR2UD0BWP30P140)
   0.0348    6.6323 v reducedSum_reduced_nextLevel_adder_30/_0518_/Z (AO21D0BWP30P140)
   0.0238    6.6561 ^ reducedSum_reduced_nextLevel_adder_30/_0521_/ZN (AOI211D0BWP30P140)
   0.0246    6.6808 v reducedSum_reduced_nextLevel_adder_30/_0535_/ZN (OAI31D0BWP30P140)
   0.0218    6.7026 ^ reducedSum_reduced_nextLevel_adder_30/_0536_/ZN (OAI21D0BWP30P140)
   0.0284    6.7310 ^ reducedSum_reduced_nextLevel_adder_30/_0544_/Z (XOR2UD0BWP30P140)
   0.0269    6.7579 ^ reducedSum_reduced_nextLevel_adder_30/_0549_/Z (AN2D0BWP30P140)
   0.0094    6.7673 v reducedSum_reduced_nextLevel_adder_30/_0554_/ZN (CKND2D0BWP30P140)
   0.2300    6.9973 v reducedSum_reduced_nextLevel_adder_30/_0604_/ZN (MOAI22D0BWP30P140)
   0.0900    7.0873 v reducedSum_reduced_nextLevel_adder_30/_0605_/ZN (MUX2ND0BWP30P140)
   0.0554    7.1427 ^ reducedSum_reduced_nextLevel_adder_30/_0607_/ZN (MUX2ND0BWP30P140)
   0.0274    7.1701 v reducedSum_reduced_nextLevel_adder_30/_0634_/ZN (MUX2ND0BWP30P140)
   0.0323    7.2025 ^ reducedSum_reduced_nextLevel_adder_30/_0667_/ZN (MUX2ND0BWP30P140)
   0.0205    7.2230 v reducedSum_reduced_nextLevel_adder_30/_0734_/ZN (AOI21D0BWP30P140)
   0.0273    7.2503 ^ reducedSum_reduced_nextLevel_adder_30/_0807_/ZN (OAI32D0BWP30P140)
   0.0282    7.2785 v reducedSum_reduced_nextLevel_adder_30/_0808_/ZN (AOI31D0BWP30P140)
   0.0206    7.2990 ^ reducedSum_reduced_nextLevel_adder_30/_0810_/ZN (OAI211D0BWP30P140)
   0.0232    7.3223 v reducedSum_reduced_nextLevel_adder_30/_0812_/ZN (AOI31D0BWP30P140)
   0.0283    7.3506 ^ reducedSum_reduced_nextLevel_adder_30/_0813_/ZN (MAOI222D0BWP30P140)
   0.0141    7.3647 v reducedSum_reduced_nextLevel_adder_30/_0814_/ZN (CKND0BWP30P140)
   0.0280    7.3928 ^ reducedSum_reduced_nextLevel_adder_30/_0815_/ZN (MAOI222D0BWP30P140)
   0.0280    7.4208 v reducedSum_reduced_nextLevel_adder_30/_0816_/ZN (MAOI222D0BWP30P140)
   0.0319    7.4527 ^ reducedSum_reduced_nextLevel_adder_30/_0817_/ZN (MAOI222D0BWP30P140)
   0.0187    7.4714 v reducedSum_reduced_nextLevel_adder_30/_0818_/ZN (AOI21D0BWP30P140)
   0.0311    7.5025 ^ reducedSum_reduced_nextLevel_adder_30/_0819_/ZN (MAOI222D0BWP30P140)
   0.0148    7.5173 v reducedSum_reduced_nextLevel_adder_30/_0821_/ZN (AOI21D0BWP30P140)
   0.0289    7.5462 v reducedSum_reduced_nextLevel_adder_30/_0822_/Z (AO21D0BWP30P140)
   0.0259    7.5720 ^ reducedSum_reduced_nextLevel_adder_30/_0823_/ZN (MAOI222D0BWP30P140)
   0.0260    7.5980 v reducedSum_reduced_nextLevel_adder_30/_0824_/ZN (OAI211D0BWP30P140)
   0.0315    7.6295 ^ reducedSum_reduced_nextLevel_adder_30/_0828_/ZN (OAI211D0BWP30P140)
   0.0929    7.7224 ^ reducedSum_reduced_nextLevel_adder_30/_0829_/Z (OA21D0BWP30P140)
   0.0584    7.7808 v reducedSum_reduced_nextLevel_adder_30/_0842_/ZN (OAI211D0BWP30P140)
   0.0303    7.8112 ^ reducedSum_reduced_nextLevel_adder_30/_0858_/ZN (NR4D0BWP30P140)
   0.0405    7.8516 v reducedSum_reduced_nextLevel_adder_30/_0876_/ZN (ND4D0BWP30P140)
   0.0339    7.8855 ^ reducedSum_reduced_nextLevel_adder_30/_0888_/ZN (NR4D0BWP30P140)
   0.0506    7.9361 v reducedSum_reduced_nextLevel_adder_30/_0904_/ZN (ND4D0BWP30P140)
   0.0482    7.9843 v reducedSum_reduced_nextLevel_adder_30/_0912_/Z (OR3D0BWP30P140)
   0.0212    8.0055 v reducedSum_reduced_nextLevel_adder_30/_0921_/Z (AN2D0BWP30P140)
   0.0732    8.0787 ^ reducedSum_conv/_131_/ZN (OAI31D0BWP30P140)
   0.0625    8.1412 v reducedSum_conv/_132_/ZN (CKND0BWP30P140)
   0.0501    8.1914 ^ reducedSum_conv/_146_/ZN (MAOI222D0BWP30P140)
   0.0254    8.2168 v reducedSum_conv/_171_/ZN (AOI221D0BWP30P140)
   0.0240    8.2407 ^ reducedSum_conv/_173_/ZN (OAI21D0BWP30P140)
   0.0423    8.2830 v reducedSum_conv/_174_/ZN (ND4D0BWP30P140)
   0.0513    8.3343 ^ reducedSum_conv/_179_/ZN (AOI211D0BWP30P140)
   0.0736    8.4080 v reducedSum_conv/_182_/ZN (AOI21D0BWP30P140)
   0.0409    8.4489 v reducedSum_conv/_194_/ZN (INR2D0BWP30P140)
   0.0267    8.4756 v accAdder/_0897_/ZN (XNR2UD0BWP30P140)
   0.0314    8.5070 ^ accAdder/_0899_/ZN (AOI21D0BWP30P140)
   0.0301    8.5371 v accAdder/_0901_/ZN (MAOI222D0BWP30P140)
   0.0369    8.5740 ^ accAdder/_0902_/ZN (MAOI222D0BWP30P140)
   0.0303    8.6043 v accAdder/_0903_/ZN (MAOI222D0BWP30P140)
   0.0351    8.6394 ^ accAdder/_0966_/ZN (MAOI222D0BWP30P140)
   0.0302    8.6696 v accAdder/_0968_/ZN (MAOI222D0BWP30P140)
   0.0256    8.6952 v accAdder/_0970_/ZN (XNR2UD0BWP30P140)
   0.0212    8.7164 ^ accAdder/_0971_/ZN (NR2D0BWP30P140)
   0.0257    8.7421 ^ accAdder/_0972_/Z (AN2D0BWP30P140)
   0.4170    9.1591 v accAdder/_0975_/ZN (AOI31D0BWP30P140)
   0.4192    9.5783 ^ accAdder/_0991_/ZN (AOI22D0BWP30P140)
   0.0318    9.6102 v accAdder/_1063_/ZN (CKND2D0BWP30P140)
   0.0370    9.6471 ^ accAdder/_1188_/ZN (OAI32D0BWP30P140)
   0.0151    9.6622 v accAdder/_1189_/ZN (AOI21D0BWP30P140)
   0.0396    9.7018 ^ accAdder/_1191_/ZN (OAI221D0BWP30P140)
   0.0211    9.7229 v accAdder/_1196_/ZN (OAI31D0BWP30P140)
   0.0222    9.7452 ^ accAdder/_1198_/ZN (AOI21D0BWP30P140)
   0.0256    9.7708 v accAdder/_1200_/ZN (MAOI222D0BWP30P140)
   0.0396    9.8104 ^ accAdder/_1202_/ZN (MAOI222D0BWP30P140)
   0.0257    9.8361 v accAdder/_1204_/ZN (MAOI222D0BWP30P140)
   0.0277    9.8638 ^ accAdder/_1206_/ZN (AOI21D0BWP30P140)
   0.0253    9.8891 ^ accAdder/_1209_/ZN (IAO21D0BWP30P140)
   0.0247    9.9138 v accAdder/_1211_/ZN (MAOI222D0BWP30P140)
   0.0395    9.9533 ^ accAdder/_1213_/ZN (MAOI222D0BWP30P140)
   0.0265    9.9798 v accAdder/_1221_/ZN (MAOI222D0BWP30P140)
   0.0354   10.0151 v accAdder/_1232_/Z (AO21D0BWP30P140)
   0.0261   10.0412 ^ accAdder/_1242_/ZN (MAOI222D0BWP30P140)
   0.0265   10.0677 v accAdder/_1255_/ZN (MAOI222D0BWP30P140)
   0.0315   10.0992 v accAdder/_1259_/Z (AO21D0BWP30P140)
   0.0182   10.1174 ^ accAdder/_1276_/ZN (AOI21D0BWP30P140)
   0.0258   10.1433 v accAdder/_1280_/ZN (MAOI222D0BWP30P140)
   0.0391   10.1824 ^ accAdder/_1296_/ZN (MAOI222D0BWP30P140)
   0.0262   10.2085 v accAdder/_1300_/ZN (MAOI222D0BWP30P140)
   0.0304   10.2389 ^ accAdder/_1318_/ZN (AOI21D0BWP30P140)
   0.0249   10.2638 v accAdder/_1322_/ZN (MAOI222D0BWP30P140)
   0.0364   10.3003 v accAdder/_1345_/Z (AO21D0BWP30P140)
   0.0156   10.3159 ^ accAdder/_1353_/ZN (MUX2ND0BWP30P140)
   0.0347   10.3506 ^ accAdder/_1354_/ZN (XNR2UD0BWP30P140)
   0.0288   10.3794 ^ accAdder/_1453_/ZN (MAOI22D0BWP30P140)
   0.1281   10.5075 v accAdder/_1456_/ZN (OAI211D0BWP30P140)
   0.0886   10.5961 ^ accAdder/_1531_/Z (MUX4D0BWP30P140)
   0.0194   10.6155 v accAdder/_1534_/ZN (MUX3ND0BWP30P140)
   0.0405   10.6560 ^ accAdder/_1568_/ZN (NR2D0BWP30P140)
   0.0507   10.7067 ^ accAdder/_1577_/ZN (INR4D0BWP30P140)
   0.0510   10.7578 ^ accAdder/_1582_/Z (AN4D0BWP30P140)
   0.0395   10.7972 ^ accAdder/_1590_/Z (AN4D0BWP30P140)
   0.0406   10.8378 ^ accAdder/_1601_/Z (AN4D0BWP30P140)
   0.0349   10.8727 ^ accAdder/_1603_/Z (AN3D0BWP30P140)
   0.0271   10.8998 v accAdder/_1605_/ZN (IND3D0BWP30P140)
   0.0379   10.9378 v accAdder/_1606_/Z (OR3D0BWP30P140)
   0.0368   10.9746 ^ accAdder/_1608_/ZN (INR3D0BWP30P140)
   0.0364   11.0110 v accAdder/_1611_/ZN (MAOI222D0BWP30P140)
   0.0357   11.0467 ^ accAdder/_1616_/ZN (NR4D0BWP30P140)
   0.0219   11.0686 v accAdder/_1619_/ZN (OAI31D0BWP30P140)
   0.0327   11.1012 v accAdder/_1621_/Z (AO21D0BWP30P140)
   0.0312   11.1325 ^ accAdder/_1623_/ZN (AOI21D0BWP30P140)
   0.0237   11.1561 v accAdder/_1626_/ZN (OAI21D0BWP30P140)
   0.0215   11.1776 v accAdder/_1658_/Z (AN3D0BWP30P140)
   0.0613   11.2389 v accAdder/_1659_/Z (OR3D0BWP30P140)
   0.0420   11.2809 ^ accAdder/_1703_/ZN (AOI211D0BWP30P140)
   0.0261   11.3069 ^ _060_/Z (AO22D0BWP30P140)
   0.0000   11.3069 ^ _070_/D (DFCNQD1BWP30P140)
            11.3069   data arrival time

  20.0000   20.0000   clock CORE_CLK (rise edge)
   0.0000   20.0000   clock network delay (ideal)
  -0.0500   19.9500   clock uncertainty
   0.0000   19.9500   clock reconvergence pessimism
            19.9500 ^ _070_/CP (DFCNQD1BWP30P140)
  -0.0174   19.9326   library setup time
            19.9326   data required time
-------------------------------------------------------------
            19.9326   data required time
           -11.3069   data arrival time
-------------------------------------------------------------
             8.6257   slack (MET)


