
6. Printing statistics.

=== BFP_PE ===

        +----------Local Count, excluding submodules.
        |        +-Local Area, excluding submodules.
        |        | 
       52        - wires
      309        - wire bits
       32        - public wires
      289        - public wire bits
       10        - ports
      117        - port bits
       39   57.582 cells
       18   13.608   AO22D0BWP30P140
       19   43.092   DFCNQD1BWP30P140
        1    0.504   INR2D0BWP30P140
        1    0.378   NR2D0BWP30P140
        8        - submodules
        4        -   CustomOperator_INT8_to_E4M3
        1        -   FPNAdder
        1        -   FixedFPTree_exp6_mant11_out11_vec4_range13
        1        -   ScaleAddition_INT8_to_E4M3_scale_UE6M2
        1        -   ScaleToFP9b_INT8_x_E4M3_UE6M2

   Chip area for module '\BFP_PE': 57.582000
     of which used for sequential elements: 43.092000 (74.84%)

=== FPNAdder ===

        +----------Local Count, excluding submodules.
        |        +-Local Area, excluding submodules.
        |        | 
      448        - wires
      529        - wire bits
        6        - public wires
       87        - public wire bits
        3        - ports
       54        - port bits
      460  285.516 cells
       21   10.584   AN2D0BWP30P140
        6     3.78   AN3D0BWP30P140
        8     5.04   AO21D0BWP30P140
        3    2.268   AO22D0BWP30P140
       12     7.56   AOI211D0BWP30P140
       19    9.576   AOI21D0BWP30P140
        5     3.78   AOI221D0BWP30P140
        1    1.008   AOI222D0BWP30P140
        6     3.78   AOI22D0BWP30P140
        5     3.15   AOI31D0BWP30P140
        1    0.756   AOI32D0BWP30P140
        1    0.882   AOI33D0BWP30P140
        8    7.056   CKMUX2D0BWP30P140
       27    6.804   CKND0BWP30P140
       28   10.584   CKND2D0BWP30P140
        5     3.15   IAO21D0BWP30P140
       16    8.064   IND2D0BWP30P140
        1     0.63   IND3D0BWP30P140
        2    1.512   IND4D0BWP30P140
       16    8.064   INR2D0BWP30P140
        2     1.26   INR3D0BWP30P140
        4    3.024   INR4D0BWP30P140
        1     0.63   IOA21D0BWP30P140
        6    4.536   MAOI222D0BWP30P140
        3    2.268   MAOI22D0BWP30P140
        3    2.268   MOAI22D0BWP30P140
       35    26.46   MUX2ND0BWP30P140
        3    5.292   MUX3D0BWP30P140
        1    1.638   MUX3ND0BWP30P140
        1    2.394   MUX4D0BWP30P140
        5    11.34   MUX4ND0BWP30P140
       11    5.544   ND3D0BWP30P140
        9     5.67   ND4D0BWP30P140
       43   16.254   NR2D0BWP30P140
       19    9.576   NR3D0BWP30P140
        7     4.41   NR4D0BWP30P140
        3    2.268   OA211D0BWP30P140
       11     6.93   OA21D0BWP30P140
        1    0.882   OA22D0BWP30P140
       12     7.56   OAI211D0BWP30P140
       12    6.048   OAI21D0BWP30P140
        3    2.646   OAI221D0BWP30P140
        7     4.41   OAI22D0BWP30P140
        6     3.78   OAI31D0BWP30P140
        1    0.756   OAI32D0BWP30P140
        1    0.882   OAI33D0BWP30P140
        9    4.536   OR2D0BWP30P140
        2     1.26   OR3D0BWP30P140
        2    1.512   OR4D0BWP30P140
       30    26.46   XNR2UD0BWP30P140
       15    13.23   XOR2UD0BWP30P140
        1    1.764   XOR3UD0BWP30P140

   Chip area for module '\FPNAdder': 285.516000
     of which used for sequential elements: 0.000000 (0.00%)

=== ScaleToFP9b_INT8_x_E4M3_UE6M2 ===

        +----------Local Count, excluding submodules.
        |        +-Local Area, excluding submodules.
        |        | 
      169        - wires
      210        - wire bits
        4        - public wires
       45        - public wire bits
        4        - ports
       45        - port bits
      183  118.566 cells
        3    1.512   AN2D0BWP30P140
        2     1.26   AN3D0BWP30P140
        1     0.63   AO21D0BWP30P140
        6    3.024   AOI21D0BWP30P140
        3    2.268   AOI221D0BWP30P140
        5     3.15   AOI31D0BWP30P140
        1    0.756   AOI32D0BWP30P140
        5     4.41   CKMUX2D0BWP30P140
        9    2.268   CKND0BWP30P140
       16    6.048   CKND2D0BWP30P140
        5     3.15   IAO21D0BWP30P140
        4    2.016   IND2D0BWP30P140
        1    0.756   IND4D0BWP30P140
       10     5.04   INR2D0BWP30P140
        2     1.26   INR3D0BWP30P140
        4    3.024   INR4D0BWP30P140
        2     1.26   IOA21D0BWP30P140
        1    0.756   MAOI222D0BWP30P140
       14   10.584   MUX2ND0BWP30P140
        1    1.638   MUX3ND0BWP30P140
        1    2.394   MUX4D0BWP30P140
        6   13.608   MUX4ND0BWP30P140
        4    2.016   ND3D0BWP30P140
        3     1.89   ND4D0BWP30P140
       19    7.182   NR2D0BWP30P140
       10     5.04   NR3D0BWP30P140
        7     4.41   NR4D0BWP30P140
        2    1.512   OA211D0BWP30P140
        1     0.63   OA21D0BWP30P140
        6     3.78   OAI211D0BWP30P140
        6    3.024   OAI21D0BWP30P140
        2     1.26   OAI31D0BWP30P140
        4    2.016   OR2D0BWP30P140
       12   10.584   XNR2UD0BWP30P140
        5     4.41   XOR2UD0BWP30P140

   Chip area for module '\ScaleToFP9b_INT8_x_E4M3_UE6M2': 118.566000
     of which used for sequential elements: 0.000000 (0.00%)

=== ScaleAddition_INT8_to_E4M3_scale_UE6M2 ===

        +----------Local Count, excluding submodules.
        |        +-Local Area, excluding submodules.
        |        | 
      316        - wires
      369        - wire bits
        8        - public wires
       61        - public wire bits
        8        - ports
       61        - port bits
      333  235.494 cells
        7    3.528   AN2D0BWP30P140
        3     1.89   AN3D0BWP30P140
        1    0.756   AO211D0BWP30P140
        2     1.26   AO21D0BWP30P140
       14    7.056   AOI21D0BWP30P140
        3     1.89   AOI22D0BWP30P140
        2     1.26   AOI31D0BWP30P140
       12    3.024   CKND0BWP30P140
       83   31.374   CKND2D0BWP30P140
        1     0.63   IAO21D0BWP30P140
        5     2.52   IND2D0BWP30P140
        7    3.528   INR2D0BWP30P140
        2     1.26   IOA21D0BWP30P140
       39   29.484   MAOI222D0BWP30P140
        1    0.756   MUX2ND0BWP30P140
        7    3.528   ND3D0BWP30P140
       17    6.426   NR2D0BWP30P140
        2    1.008   NR3D0BWP30P140
        1    0.756   OA211D0BWP30P140
        1     0.63   OAI211D0BWP30P140
       10     5.04   OAI21D0BWP30P140
        4     2.52   OAI22D0BWP30P140
        6    3.024   OR2D0BWP30P140
        2    1.512   OR4D0BWP30P140
       43   37.926   XNR2UD0BWP30P140
       23   40.572   XNR3UD0BWP30P140
        2    5.292   XNR4D0BWP30P140
       24   21.168   XOR2UD0BWP30P140
        9   15.876   XOR3UD0BWP30P140

   Chip area for module '\ScaleAddition_INT8_to_E4M3_scale_UE6M2': 235.494000
     of which used for sequential elements: 0.000000 (0.00%)

=== FixedFPTree_exp6_mant11_out11_vec4_range13 ===

        +----------Local Count, excluding submodules.
        |        +-Local Area, excluding submodules.
        |        | 
     1365        - wires
     1552        - wire bits
       19        - public wires
      206        - public wire bits
       15        - ports
       90        - port bits
     1364  942.228 cells
       42   21.168   AN2D0BWP30P140
       10      6.3   AN3D0BWP30P140
        1    0.756   AN4D0BWP30P140
        4    3.024   AO211D0BWP30P140
       20     12.6   AO21D0BWP30P140
        7    5.292   AO22D0BWP30P140
       11     6.93   AOI211D0BWP30P140
       59   29.736   AOI21D0BWP30P140
        5     3.78   AOI221D0BWP30P140
       22    13.86   AOI22D0BWP30P140
       10      6.3   AOI31D0BWP30P140
        3    2.268   AOI32D0BWP30P140
       37   32.634   CKMUX2D0BWP30P140
       79   19.908   CKND0BWP30P140
      119   44.982   CKND2D0BWP30P140
        9     5.67   IAO21D0BWP30P140
       36   18.144   IND2D0BWP30P140
        4     2.52   IND3D0BWP30P140
        1    0.756   IND4D0BWP30P140
       31   15.624   INR2D0BWP30P140
        3     1.89   INR3D0BWP30P140
        2    1.512   INR4D0BWP30P140
       15     9.45   IOA21D0BWP30P140
       66   49.896   MAOI222D0BWP30P140
        3    2.268   MAOI22D0BWP30P140
        5     3.78   MOAI22D0BWP30P140
      118   89.208   MUX2ND0BWP30P140
        1    1.764   MUX3D0BWP30P140
        4    6.552   MUX3ND0BWP30P140
        1    2.394   MUX4D0BWP30P140
       26   58.968   MUX4ND0BWP30P140
       19    9.576   ND3D0BWP30P140
        8     5.04   ND4D0BWP30P140
      111   41.958   NR2D0BWP30P140
       23   11.592   NR3D0BWP30P140
        5     3.15   NR4D0BWP30P140
        4    3.024   OA211D0BWP30P140
       22    13.86   OA21D0BWP30P140
        3    2.646   OA22D0BWP30P140
       17    10.71   OAI211D0BWP30P140
       58   29.232   OAI21D0BWP30P140
        5     4.41   OAI221D0BWP30P140
       17    10.71   OAI22D0BWP30P140
        9     5.67   OAI31D0BWP30P140
        2    1.512   OAI32D0BWP30P140
       16    8.064   OR2D0BWP30P140
        1     0.63   OR3D0BWP30P140
        2    1.512   OR4D0BWP30P140
      126  111.132   XNR2UD0BWP30P140
       34   59.976   XNR3UD0BWP30P140
      111   97.902   XOR2UD0BWP30P140
       17   29.988   XOR3UD0BWP30P140

   Chip area for module '\FixedFPTree_exp6_mant11_out11_vec4_range13': 942.228000
     of which used for sequential elements: 0.000000 (0.00%)

=== CustomOperator_INT8_to_E4M3 ===

        +----------Local Count, excluding submodules.
        |        +-Local Area, excluding submodules.
        |        | 
      104        - wires
      137        - wire bits
        6        - public wires
       39        - public wire bits
        5        - ports
       34        - port bits
      115    79.38 cells
        7    3.528   AN2D0BWP30P140
        2    1.512   AN4D0BWP30P140
        1     0.63   AO21D0BWP30P140
        1    0.756   AO22D0BWP30P140
        2    1.008   AOI21D0BWP30P140
        5     1.26   CKND0BWP30P140
       25     9.45   CKND2D0BWP30P140
        3    1.512   IND2D0BWP30P140
        2    1.008   INR2D0BWP30P140
        2     1.26   IOA21D0BWP30P140
       12    9.072   MAOI222D0BWP30P140
        2    1.008   ND3D0BWP30P140
        3    1.134   NR2D0BWP30P140
        1    0.504   NR3D0BWP30P140
        1     0.63   OAI211D0BWP30P140
        6    3.024   OAI21D0BWP30P140
        1     0.63   OAI22D0BWP30P140
        2     1.26   OAI31D0BWP30P140
        1    0.504   OR2D0BWP30P140
       18   15.876   XNR2UD0BWP30P140
        6   10.584   XNR3UD0BWP30P140
        9    7.938   XOR2UD0BWP30P140
        3    5.292   XOR3UD0BWP30P140

   Chip area for module '\CustomOperator_INT8_to_E4M3': 79.380000
     of which used for sequential elements: 0.000000 (0.00%)

=== design hierarchy ===

        +----------Count including submodules.
        |        +-Area including submodules.
        |        | 
     2839 1.96E+03 BFP_PE
      115    79.38 CustomOperator_INT8_to_E4M3
      460  285.516 FPNAdder
     1364  942.228 FixedFPTree_exp6_mant11_out11_vec4_range13
      333  235.494 ScaleAddition_INT8_to_E4M3_scale_UE6M2
      183  118.566 ScaleToFP9b_INT8_x_E4M3_UE6M2

        +----------Count including submodules.
        |        +-Area including submodules.
        |        | 
     2766        - wires
     3517        - wire bits
       93        - public wires
      844        - public wire bits
       60        - ports
      503        - port bits
        -        - memories
        -        - memory bits
        -        - processes
     2839 1.96E+03 cells
      101   50.904   AN2D0BWP30P140
       21    13.23   AN3D0BWP30P140
        9    6.804   AN4D0BWP30P140
        5     3.78   AO211D0BWP30P140
       35    22.05   AO21D0BWP30P140
       32   24.192   AO22D0BWP30P140
       23    14.49   AOI211D0BWP30P140
      106   53.424   AOI21D0BWP30P140
       13    9.828   AOI221D0BWP30P140
        1    1.008   AOI222D0BWP30P140
       31    19.53   AOI22D0BWP30P140
       22    13.86   AOI31D0BWP30P140
        5     3.78   AOI32D0BWP30P140
        1    0.882   AOI33D0BWP30P140
       50     44.1   CKMUX2D0BWP30P140
      147   37.044   CKND0BWP30P140
      346  130.788   CKND2D0BWP30P140
       19   43.092   DFCNQD1BWP30P140
       20     12.6   IAO21D0BWP30P140
       73   36.792   IND2D0BWP30P140
        5     3.15   IND3D0BWP30P140
        4    3.024   IND4D0BWP30P140
       73   36.792   INR2D0BWP30P140
        7     4.41   INR3D0BWP30P140
       10     7.56   INR4D0BWP30P140
       28    17.64   IOA21D0BWP30P140
      160   120.96   MAOI222D0BWP30P140
        6    4.536   MAOI22D0BWP30P140
        8    6.048   MOAI22D0BWP30P140
      168  127.008   MUX2ND0BWP30P140
        4    7.056   MUX3D0BWP30P140
        6    9.828   MUX3ND0BWP30P140
        3    7.182   MUX4D0BWP30P140
       37   83.916   MUX4ND0BWP30P140
       49   24.696   ND3D0BWP30P140
       20     12.6   ND4D0BWP30P140
      203   76.734   NR2D0BWP30P140
       58   29.232   NR3D0BWP30P140
       19    11.97   NR4D0BWP30P140
       10     7.56   OA211D0BWP30P140
       34    21.42   OA21D0BWP30P140
        4    3.528   OA22D0BWP30P140
       40     25.2   OAI211D0BWP30P140
      110    55.44   OAI21D0BWP30P140
        8    7.056   OAI221D0BWP30P140
       32    20.16   OAI22D0BWP30P140
       25    15.75   OAI31D0BWP30P140
        3    2.268   OAI32D0BWP30P140
        1    0.882   OAI33D0BWP30P140
       39   19.656   OR2D0BWP30P140
        3     1.89   OR3D0BWP30P140
        6    4.536   OR4D0BWP30P140
      283  249.606   XNR2UD0BWP30P140
       81  142.884   XNR3UD0BWP30P140
        2    5.292   XNR4D0BWP30P140
      191  168.462   XOR2UD0BWP30P140
       39   68.796   XOR3UD0BWP30P140
        8  1.9E+03 submodules
        4   317.52   CustomOperator_INT8_to_E4M3
        1  285.516   FPNAdder
        1  942.228   FixedFPTree_exp6_mant11_out11_vec4_range13
        1  235.494   ScaleAddition_INT8_to_E4M3_scale_UE6M2
        1  118.566   ScaleToFP9b_INT8_x_E4M3_UE6M2

   Chip area for top module '\BFP_PE': 1956.906000
     of which used for sequential elements: 43.092000 (2.20%)

