
6. Printing statistics.

=== BFP_PE ===

        +----------Local Count, excluding submodules.
        |        +-Local Area, excluding submodules.
        |        | 
       88        - wires
      719        - wire bits
       68        - public wires
      699        - public wire bits
       10        - ports
      309        - port bits
       39   57.582 cells
       18   13.608   AO22D0BWP30P140
       19   43.092   DFCNQD1BWP30P140
        1    0.504   INR2D0BWP30P140
        1    0.378   NR2D0BWP30P140
       20        - submodules
       16        -   CustomOperator_INT8_to_E4M3
        1        -   FPNAdder
        1        -   FixedFPTree_exp6_mant11_out11_vec16_range13
        1        -   ScaleAddition_INT8_to_E4M3_scale_UE4M4
        1        -   ScaleToFP9b_INT8_x_E4M3_UE4M4

   Chip area for module '\BFP_PE': 57.582000
     of which used for sequential elements: 43.092000 (74.84%)

=== FPNAdder ===

        +----------Local Count, excluding submodules.
        |        +-Local Area, excluding submodules.
        |        | 
      448        - wires
      529        - wire bits
        6        - public wires
       87        - public wire bits
        3        - ports
       54        - port bits
      460  285.516 cells
       21   10.584   AN2D0BWP30P140
        6     3.78   AN3D0BWP30P140
        8     5.04   AO21D0BWP30P140
        3    2.268   AO22D0BWP30P140
       12     7.56   AOI211D0BWP30P140
       19    9.576   AOI21D0BWP30P140
        5     3.78   AOI221D0BWP30P140
        1    1.008   AOI222D0BWP30P140
        6     3.78   AOI22D0BWP30P140
        5     3.15   AOI31D0BWP30P140
        1    0.756   AOI32D0BWP30P140
        1    0.882   AOI33D0BWP30P140
        8    7.056   CKMUX2D0BWP30P140
       27    6.804   CKND0BWP30P140
       28   10.584   CKND2D0BWP30P140
        5     3.15   IAO21D0BWP30P140
       16    8.064   IND2D0BWP30P140
        1     0.63   IND3D0BWP30P140
        2    1.512   IND4D0BWP30P140
       16    8.064   INR2D0BWP30P140
        2     1.26   INR3D0BWP30P140
        4    3.024   INR4D0BWP30P140
        1     0.63   IOA21D0BWP30P140
        6    4.536   MAOI222D0BWP30P140
        3    2.268   MAOI22D0BWP30P140
        3    2.268   MOAI22D0BWP30P140
       35    26.46   MUX2ND0BWP30P140
        3    5.292   MUX3D0BWP30P140
        1    1.638   MUX3ND0BWP30P140
        1    2.394   MUX4D0BWP30P140
        5    11.34   MUX4ND0BWP30P140
       11    5.544   ND3D0BWP30P140
        9     5.67   ND4D0BWP30P140
       43   16.254   NR2D0BWP30P140
       19    9.576   NR3D0BWP30P140
        7     4.41   NR4D0BWP30P140
        3    2.268   OA211D0BWP30P140
       11     6.93   OA21D0BWP30P140
        1    0.882   OA22D0BWP30P140
       12     7.56   OAI211D0BWP30P140
       12    6.048   OAI21D0BWP30P140
        3    2.646   OAI221D0BWP30P140
        7     4.41   OAI22D0BWP30P140
        6     3.78   OAI31D0BWP30P140
        1    0.756   OAI32D0BWP30P140
        1    0.882   OAI33D0BWP30P140
        9    4.536   OR2D0BWP30P140
        2     1.26   OR3D0BWP30P140
        2    1.512   OR4D0BWP30P140
       30    26.46   XNR2UD0BWP30P140
       15    13.23   XOR2UD0BWP30P140
        1    1.764   XOR3UD0BWP30P140

   Chip area for module '\FPNAdder': 285.516000
     of which used for sequential elements: 0.000000 (0.00%)

=== ScaleToFP9b_INT8_x_E4M3_UE4M4 ===

        +----------Local Count, excluding submodules.
        |        +-Local Area, excluding submodules.
        |        | 
      164        - wires
      207        - wire bits
        4        - public wires
       47        - public wire bits
        4        - ports
       47        - port bits
      178  122.094 cells
        5     2.52   AN2D0BWP30P140
        2     1.26   AO21D0BWP30P140
        5     3.15   AOI211D0BWP30P140
       12    6.048   AOI21D0BWP30P140
        4    3.024   AOI221D0BWP30P140
        7    6.174   CKMUX2D0BWP30P140
       13    3.276   CKND0BWP30P140
        6    2.268   CKND2D0BWP30P140
        7     4.41   IAO21D0BWP30P140
        2    1.008   IND2D0BWP30P140
        1     0.63   IND3D0BWP30P140
        9    4.536   INR2D0BWP30P140
        2     1.26   INR3D0BWP30P140
        1    0.756   INR4D0BWP30P140
        1     0.63   IOA21D0BWP30P140
        4    3.024   MAOI222D0BWP30P140
       23   17.388   MUX2ND0BWP30P140
        1    1.764   MUX3D0BWP30P140
        8   18.144   MUX4ND0BWP30P140
        4    2.016   ND3D0BWP30P140
        1     0.63   ND4D0BWP30P140
       12    4.536   NR2D0BWP30P140
        4    2.016   NR3D0BWP30P140
        5     3.15   NR4D0BWP30P140
        1     0.63   OAI211D0BWP30P140
        8    4.032   OAI21D0BWP30P140
        1     0.63   OAI22D0BWP30P140
        3     1.89   OAI31D0BWP30P140
        3    1.512   OR2D0BWP30P140
        1     0.63   OR3D0BWP30P140
        2    1.512   OR4D0BWP30P140
       18   15.876   XNR2UD0BWP30P140
        2    1.764   XOR2UD0BWP30P140

   Chip area for module '\ScaleToFP9b_INT8_x_E4M3_UE4M4': 122.094000
     of which used for sequential elements: 0.000000 (0.00%)

=== ScaleAddition_INT8_to_E4M3_scale_UE4M4 ===

        +----------Local Count, excluding submodules.
        |        +-Local Area, excluding submodules.
        |        | 
      545        - wires
      600        - wire bits
        8        - public wires
       63        - public wire bits
        8        - ports
       63        - port bits
      565  419.076 cells
       10     5.04   AN2D0BWP30P140
        3     1.89   AN3D0BWP30P140
        2    1.512   AN4D0BWP30P140
        3     1.89   AO21D0BWP30P140
        1    0.756   AO22D0BWP30P140
       10     5.04   AOI21D0BWP30P140
        3     1.89   AOI22D0BWP30P140
        4     2.52   AOI31D0BWP30P140
        1    0.756   AOI32D0BWP30P140
       20     5.04   CKND0BWP30P140
      144   54.432   CKND2D0BWP30P140
        1     0.63   IAO21D0BWP30P140
       13    6.552   IND2D0BWP30P140
        1    0.756   IND4D0BWP30P140
       15     7.56   INR2D0BWP30P140
        5     3.15   IOA21D0BWP30P140
       78   58.968   MAOI222D0BWP30P140
        2    1.008   ND3D0BWP30P140
        1     0.63   ND4D0BWP30P140
       30    11.34   NR2D0BWP30P140
        5     2.52   NR3D0BWP30P140
        1     0.63   NR4D0BWP30P140
        1    0.756   OA211D0BWP30P140
        1     0.63   OA21D0BWP30P140
        1     0.63   OAI211D0BWP30P140
       10     5.04   OAI21D0BWP30P140
        2    1.764   OAI221D0BWP30P140
        2     1.26   OAI22D0BWP30P140
        1    0.756   OAI32D0BWP30P140
        8    4.032   OR2D0BWP30P140
        1     0.63   OR3D0BWP30P140
        2    1.512   OR4D0BWP30P140
       56   49.392   XNR2UD0BWP30P140
       54   95.256   XNR3UD0BWP30P140
        2    5.292   XNR4D0BWP30P140
       54   47.628   XOR2UD0BWP30P140
       17   29.988   XOR3UD0BWP30P140

   Chip area for module '\ScaleAddition_INT8_to_E4M3_scale_UE4M4': 419.076000
     of which used for sequential elements: 0.000000 (0.00%)

=== FixedFPTree_exp6_mant11_out11_vec16_range13 ===

        +----------Local Count, excluding submodules.
        |        +-Local Area, excluding submodules.
        |        | 
     5092        - wires
     5827        - wire bits
       67        - public wires
      802        - public wire bits
       51        - ports
      306        - port bits
     5043  3449.25 cells
      132   66.528   AN2D0BWP30P140
       21    13.23   AN3D0BWP30P140
       15    11.34   AN4D0BWP30P140
       19   14.364   AO211D0BWP30P140
      147    92.61   AO21D0BWP30P140
       21   15.876   AO22D0BWP30P140
       41    25.83   AOI211D0BWP30P140
      287  144.648   AOI21D0BWP30P140
       11    8.316   AOI221D0BWP30P140
       52    32.76   AOI22D0BWP30P140
       54    34.02   AOI31D0BWP30P140
       30    22.68   AOI32D0BWP30P140
        6    5.292   AOI33D0BWP30P140
       58   51.156   CKMUX2D0BWP30P140
      249   62.748   CKND0BWP30P140
      376  142.128   CKND2D0BWP30P140
       51    32.13   IAO21D0BWP30P140
      109   54.936   IND2D0BWP30P140
        5     3.15   IND3D0BWP30P140
        4    3.024   IND4D0BWP30P140
      107   53.928   INR2D0BWP30P140
        7     4.41   INR3D0BWP30P140
        9    6.804   INR4D0BWP30P140
      106    66.78   IOA21D0BWP30P140
        3    2.646   IOA22D0BWP30P140
      227  171.612   MAOI222D0BWP30P140
       51   38.556   MAOI22D0BWP30P140
       48   36.288   MOAI22D0BWP30P140
      493  372.708   MUX2ND0BWP30P140
        1    1.764   MUX3D0BWP30P140
        2    3.276   MUX3ND0BWP30P140
       12   28.728   MUX4D0BWP30P140
       22   49.896   MUX4ND0BWP30P140
       67   33.768   ND3D0BWP30P140
       25    15.75   ND4D0BWP30P140
      431  162.918   NR2D0BWP30P140
       69   34.776   NR3D0BWP30P140
       18    11.34   NR4D0BWP30P140
       22   16.632   OA211D0BWP30P140
       37    23.31   OA21D0BWP30P140
       13   11.466   OA22D0BWP30P140
       16    10.08   OAI211D0BWP30P140
      176   88.704   OAI21D0BWP30P140
       16   14.112   OAI221D0BWP30P140
        2    2.016   OAI222D0BWP30P140
       39    24.57   OAI22D0BWP30P140
       27    17.01   OAI31D0BWP30P140
        8    6.048   OAI32D0BWP30P140
       23   20.286   OAI33D0BWP30P140
       61   30.744   OR2D0BWP30P140
       10      6.3   OR3D0BWP30P140
        8    6.048   OR4D0BWP30P140
      486  428.652   XNR2UD0BWP30P140
      107  188.748   XNR3UD0BWP30P140
        7   18.522   XNR4D0BWP30P140
      516  455.112   XOR2UD0BWP30P140
       81  142.884   XOR3UD0BWP30P140
        2    5.292   XOR4D0BWP30P140

   Chip area for module '\FixedFPTree_exp6_mant11_out11_vec16_range13': 3449.250000
     of which used for sequential elements: 0.000000 (0.00%)

=== CustomOperator_INT8_to_E4M3 ===

        +----------Local Count, excluding submodules.
        |        +-Local Area, excluding submodules.
        |        | 
      104        - wires
      137        - wire bits
        6        - public wires
       39        - public wire bits
        5        - ports
       34        - port bits
      115    79.38 cells
        7    3.528   AN2D0BWP30P140
        2    1.512   AN4D0BWP30P140
        1     0.63   AO21D0BWP30P140
        1    0.756   AO22D0BWP30P140
        2    1.008   AOI21D0BWP30P140
        5     1.26   CKND0BWP30P140
       25     9.45   CKND2D0BWP30P140
        3    1.512   IND2D0BWP30P140
        2    1.008   INR2D0BWP30P140
        2     1.26   IOA21D0BWP30P140
       12    9.072   MAOI222D0BWP30P140
        2    1.008   ND3D0BWP30P140
        3    1.134   NR2D0BWP30P140
        1    0.504   NR3D0BWP30P140
        1     0.63   OAI211D0BWP30P140
        6    3.024   OAI21D0BWP30P140
        1     0.63   OAI22D0BWP30P140
        2     1.26   OAI31D0BWP30P140
        1    0.504   OR2D0BWP30P140
       18   15.876   XNR2UD0BWP30P140
        6   10.584   XNR3UD0BWP30P140
        9    7.938   XOR2UD0BWP30P140
        3    5.292   XOR3UD0BWP30P140

   Chip area for module '\CustomOperator_INT8_to_E4M3': 79.380000
     of which used for sequential elements: 0.000000 (0.00%)

=== design hierarchy ===

        +----------Count including submodules.
        |        +-Area including submodules.
        |        | 
     8125  5.6E+03 BFP_PE
      115    79.38 CustomOperator_INT8_to_E4M3
      460  285.516 FPNAdder
     5043  3449.25 FixedFPTree_exp6_mant11_out11_vec16_range13
      565  419.076 ScaleAddition_INT8_to_E4M3_scale_UE4M4
      178  122.094 ScaleToFP9b_INT8_x_E4M3_UE4M4

        +----------Count including submodules.
        |        +-Area including submodules.
        |        | 
     8001        - wires
    10074        - wire bits
      249        - public wires
     2322        - public wire bits
      156        - ports
     1323        - port bits
        -        - memories
        -        - memory bits
        -        - processes
     8125  5.6E+03 cells
      280   141.12   AN2D0BWP30P140
       30     18.9   AN3D0BWP30P140
       49   37.044   AN4D0BWP30P140
       19   14.364   AO211D0BWP30P140
      176   110.88   AO21D0BWP30P140
       59   44.604   AO22D0BWP30P140
       58    36.54   AOI211D0BWP30P140
      360   181.44   AOI21D0BWP30P140
       20    15.12   AOI221D0BWP30P140
        1    1.008   AOI222D0BWP30P140
       61    38.43   AOI22D0BWP30P140
       63    39.69   AOI31D0BWP30P140
       32   24.192   AOI32D0BWP30P140
        7    6.174   AOI33D0BWP30P140
       73   64.386   CKMUX2D0BWP30P140
      389   98.028   CKND0BWP30P140
      954  360.612   CKND2D0BWP30P140
       19   43.092   DFCNQD1BWP30P140
       64    40.32   IAO21D0BWP30P140
      188   94.752   IND2D0BWP30P140
        7     4.41   IND3D0BWP30P140
        7    5.292   IND4D0BWP30P140
      180    90.72   INR2D0BWP30P140
       11     6.93   INR3D0BWP30P140
       14   10.584   INR4D0BWP30P140
      145    91.35   IOA21D0BWP30P140
        3    2.646   IOA22D0BWP30P140
      507  383.292   MAOI222D0BWP30P140
       54   40.824   MAOI22D0BWP30P140
       51   38.556   MOAI22D0BWP30P140
      551  416.556   MUX2ND0BWP30P140
        5     8.82   MUX3D0BWP30P140
        3    4.914   MUX3ND0BWP30P140
       13   31.122   MUX4D0BWP30P140
       35    79.38   MUX4ND0BWP30P140
      116   58.464   ND3D0BWP30P140
       36    22.68   ND4D0BWP30P140
      565   213.57   NR2D0BWP30P140
      113   56.952   NR3D0BWP30P140
       31    19.53   NR4D0BWP30P140
       26   19.656   OA211D0BWP30P140
       49    30.87   OA21D0BWP30P140
       14   12.348   OA22D0BWP30P140
       46    28.98   OAI211D0BWP30P140
      302  152.208   OAI21D0BWP30P140
       21   18.522   OAI221D0BWP30P140
        2    2.016   OAI222D0BWP30P140
       65    40.95   OAI22D0BWP30P140
       68    42.84   OAI31D0BWP30P140
       10     7.56   OAI32D0BWP30P140
       24   21.168   OAI33D0BWP30P140
       97   48.888   OR2D0BWP30P140
       14     8.82   OR3D0BWP30P140
       14   10.584   OR4D0BWP30P140
      878  774.396   XNR2UD0BWP30P140
      257  453.348   XNR3UD0BWP30P140
        9   23.814   XNR4D0BWP30P140
      731  644.742   XOR2UD0BWP30P140
      147  259.308   XOR3UD0BWP30P140
        2    5.292   XOR4D0BWP30P140
       20 5.55E+03 submodules
       16  1270.08   CustomOperator_INT8_to_E4M3
        1  285.516   FPNAdder
        1  3449.25   FixedFPTree_exp6_mant11_out11_vec16_range13
        1  419.076   ScaleAddition_INT8_to_E4M3_scale_UE4M4
        1  122.094   ScaleToFP9b_INT8_x_E4M3_UE4M4

   Chip area for top module '\BFP_PE': 5603.598000
     of which used for sequential elements: 43.092000 (0.77%)

