
6. Printing statistics.

=== BFP_PE ===

        +----------Local Count, excluding submodules.
        |        +-Local Area, excluding submodules.
        |        | 
      333        - wires
     2561        - wire bits
      299        - public wires
     2527        - public wire bits
       10        - ports
      501        - port bits
       67   99.918 cells
       32   24.192   AO22D0BWP30P140
       33   74.844   DFCNQD1BWP30P140
        1    0.504   INR2D0BWP30P140
        1    0.378   NR2D0BWP30P140
       97        - submodules
       31        -   CustomFPAdder_exp9_mant13
       32        -   CustomOperator_E5M2_to_E2M3
        1        -   FP32Adder
       32        -   ScaleAddition_E5M2_to_E2M3_scale_UE6M2
        1        -   ScaleToFP32_E5M2_x_E2M3_UE6M2

   Chip area for module '\BFP_PE': 99.918000
     of which used for sequential elements: 74.844000 (74.91%)

=== FP32Adder ===

        +----------Local Count, excluding submodules.
        |        +-Local Area, excluding submodules.
        |        | 
      872        - wires
     1037        - wire bits
        6        - public wires
      171        - public wire bits
        3        - ports
       96        - port bits
      898  554.904 cells
       18    9.072   AN2D0BWP30P140
        5     3.15   AN3D0BWP30P140
        4    3.024   AN4D0BWP30P140
        2    1.512   AO211D0BWP30P140
       13     8.19   AO21D0BWP30P140
        4    3.024   AO22D0BWP30P140
       10      6.3   AOI211D0BWP30P140
       52   26.208   AOI21D0BWP30P140
       10     7.56   AOI221D0BWP30P140
        2    2.016   AOI222D0BWP30P140
       32    20.16   AOI22D0BWP30P140
        2     1.26   AOI31D0BWP30P140
       19   16.758   CKMUX2D0BWP30P140
       65    16.38   CKND0BWP30P140
       72   27.216   CKND2D0BWP30P140
        6     3.78   IAO21D0BWP30P140
       20    10.08   IND2D0BWP30P140
        1     0.63   IND3D0BWP30P140
        2    1.512   IND4D0BWP30P140
       21   10.584   INR2D0BWP30P140
        8     5.04   INR3D0BWP30P140
        3    2.268   INR4D0BWP30P140
        7     4.41   IOA21D0BWP30P140
       30    22.68   MAOI222D0BWP30P140
       15    11.34   MAOI22D0BWP30P140
        4    3.024   MOAI22D0BWP30P140
      114   86.184   MUX2ND0BWP30P140
        1    1.764   MUX3D0BWP30P140
        1    1.638   MUX3ND0BWP30P140
        2    4.788   MUX4D0BWP30P140
       16   36.288   MUX4ND0BWP30P140
       14    7.056   ND3D0BWP30P140
        5     3.15   ND4D0BWP30P140
       99   37.422   NR2D0BWP30P140
       35    17.64   NR3D0BWP30P140
        8     5.04   NR4D0BWP30P140
        2    1.512   OA211D0BWP30P140
        6     3.78   OA21D0BWP30P140
        1    0.882   OA22D0BWP30P140
       13     8.19   OAI211D0BWP30P140
       41   20.664   OAI21D0BWP30P140
        1    0.882   OAI221D0BWP30P140
        1    1.008   OAI222D0BWP30P140
       10      6.3   OAI22D0BWP30P140
        6     3.78   OAI31D0BWP30P140
        3    2.268   OAI32D0BWP30P140
        1    0.882   OAI33D0BWP30P140
        6    3.024   OR2D0BWP30P140
        8     5.04   OR3D0BWP30P140
        2    1.512   OR4D0BWP30P140
       51   44.982   XNR2UD0BWP30P140
        1    1.764   XNR3UD0BWP30P140
       23   20.286   XOR2UD0BWP30P140

   Chip area for module '\FP32Adder': 554.904000
     of which used for sequential elements: 0.000000 (0.00%)

=== ScaleToFP32_E5M2_x_E2M3_UE6M2 ===

        +----------Local Count, excluding submodules.
        |        +-Local Area, excluding submodules.
        |        | 
      107        - wires
      158        - wire bits
        4        - public wires
       55        - public wire bits
        4        - ports
       55        - port bits
      124   73.584 cells
        1    0.504   AN2D0BWP30P140
        2     1.26   AN3D0BWP30P140
        3     1.89   AO21D0BWP30P140
        4     2.52   AOI211D0BWP30P140
        8    4.032   AOI21D0BWP30P140
        1     0.63   AOI22D0BWP30P140
        8    7.056   CKMUX2D0BWP30P140
        4    1.008   CKND0BWP30P140
        6    2.268   CKND2D0BWP30P140
        7     4.41   IAO21D0BWP30P140
        2    1.008   IND2D0BWP30P140
        7    3.528   INR2D0BWP30P140
        2     1.26   INR3D0BWP30P140
        1    0.756   INR4D0BWP30P140
        1     0.63   IOA21D0BWP30P140
        1    0.756   MAOI222D0BWP30P140
       11    8.316   MUX2ND0BWP30P140
        1    0.504   ND3D0BWP30P140
       20     7.56   NR2D0BWP30P140
        6    3.024   NR3D0BWP30P140
        3     1.89   NR4D0BWP30P140
        5     2.52   OAI21D0BWP30P140
        2    1.764   OAI221D0BWP30P140
        2     1.26   OAI31D0BWP30P140
        1    0.756   OAI32D0BWP30P140
        1    0.504   OR2D0BWP30P140
        1     0.63   OR3D0BWP30P140
        1    0.756   OR4D0BWP30P140
        5     4.41   XNR2UD0BWP30P140
        7    6.174   XOR2UD0BWP30P140

   Chip area for module '\ScaleToFP32_E5M2_x_E2M3_UE6M2': 73.584000
     of which used for sequential elements: 0.000000 (0.00%)

=== CustomFPAdder_exp9_mant13 ===

        +----------Local Count, excluding submodules.
        |        +-Local Area, excluding submodules.
        |        | 
      465        - wires
      540        - wire bits
       10        - public wires
       85        - public wire bits
        9        - ports
       69        - port bits
      478  284.004 cells
       16    8.064   AN2D0BWP30P140
        3     1.89   AN3D0BWP30P140
        2    1.512   AO211D0BWP30P140
       12     7.56   AO21D0BWP30P140
       26    16.38   AOI211D0BWP30P140
       35    17.64   AOI21D0BWP30P140
        3    2.268   AOI221D0BWP30P140
        6     3.78   AOI22D0BWP30P140
        4     2.52   AOI31D0BWP30P140
        6    4.536   AOI32D0BWP30P140
        1    0.882   AOI33D0BWP30P140
        9    7.938   CKMUX2D0BWP30P140
       27    6.804   CKND0BWP30P140
       35    13.23   CKND2D0BWP30P140
        7     4.41   IAO21D0BWP30P140
       15     7.56   IND2D0BWP30P140
        1    0.756   IND4D0BWP30P140
       21   10.584   INR2D0BWP30P140
        2     1.26   INR3D0BWP30P140
        2    1.512   INR4D0BWP30P140
        2     1.26   IOA21D0BWP30P140
        7    5.292   MAOI222D0BWP30P140
        3    2.268   MAOI22D0BWP30P140
        2    1.512   MOAI22D0BWP30P140
       42   31.752   MUX2ND0BWP30P140
        1    1.638   MUX3ND0BWP30P140
        5     2.52   ND3D0BWP30P140
        3     1.89   ND4D0BWP30P140
       38   14.364   NR2D0BWP30P140
        8    4.032   NR3D0BWP30P140
        4     2.52   NR4D0BWP30P140
        2    1.512   OA211D0BWP30P140
        3     1.89   OA21D0BWP30P140
       14     8.82   OAI211D0BWP30P140
       25     12.6   OAI21D0BWP30P140
        1    0.882   OAI221D0BWP30P140
        5     3.15   OAI22D0BWP30P140
        7     4.41   OAI31D0BWP30P140
        2    1.512   OAI32D0BWP30P140
        2    1.764   OAI33D0BWP30P140
        8    4.032   OR2D0BWP30P140
        1     0.63   OR3D0BWP30P140
        2    1.512   OR4D0BWP30P140
       38   33.516   XNR2UD0BWP30P140
       20    17.64   XOR2UD0BWP30P140

   Chip area for module '\CustomFPAdder_exp9_mant13': 284.004000
     of which used for sequential elements: 0.000000 (0.00%)

=== ScaleAddition_E5M2_to_E2M3_scale_UE6M2 ===

        +----------Local Count, excluding submodules.
        |        +-Local Area, excluding submodules.
        |        | 
      240        - wires
      286        - wire bits
        8        - public wires
       54        - public wire bits
        8        - ports
       54        - port bits
      253  174.132 cells
        5     2.52   AN2D0BWP30P140
        6     3.78   AN3D0BWP30P140
        1    0.756   AO211D0BWP30P140
        3     1.89   AO21D0BWP30P140
       12    6.048   AOI21D0BWP30P140
        1    0.756   AOI221D0BWP30P140
        3     1.89   AOI22D0BWP30P140
        8    2.016   CKND0BWP30P140
       50     18.9   CKND2D0BWP30P140
        1     0.63   IAO21D0BWP30P140
        7    3.528   IND2D0BWP30P140
        9    4.536   INR2D0BWP30P140
        1     0.63   INR3D0BWP30P140
        1     0.63   IOA21D0BWP30P140
       25     18.9   MAOI222D0BWP30P140
        8    4.032   ND3D0BWP30P140
       14    5.292   NR2D0BWP30P140
        2    1.008   NR3D0BWP30P140
        2     1.26   OAI211D0BWP30P140
        7    3.528   OAI21D0BWP30P140
        4     2.52   OAI22D0BWP30P140
        1    0.756   OAI32D0BWP30P140
        6    3.024   OR2D0BWP30P140
        2    1.512   OR4D0BWP30P140
       37   32.634   XNR2UD0BWP30P140
       15    26.46   XNR3UD0BWP30P140
        1    2.646   XNR4D0BWP30P140
       17   14.994   XOR2UD0BWP30P140
        4    7.056   XOR3UD0BWP30P140

   Chip area for module '\ScaleAddition_E5M2_to_E2M3_scale_UE6M2': 174.132000
     of which used for sequential elements: 0.000000 (0.00%)

=== CustomOperator_E5M2_to_E2M3 ===

        +----------Local Count, excluding submodules.
        |        +-Local Area, excluding submodules.
        |        | 
       42        - wires
       66        - wire bits
        5        - public wires
       29        - public wire bits
        5        - ports
       29        - port bits
       51   32.634 cells
        2    1.008   AN2D0BWP30P140
        1     0.63   AN3D0BWP30P140
        4    2.016   AOI21D0BWP30P140
        1     0.63   AOI22D0BWP30P140
        1     0.63   AOI31D0BWP30P140
        3    0.756   CKND0BWP30P140
        7    2.646   CKND2D0BWP30P140
        1     0.63   IAO21D0BWP30P140
        2    1.008   IND2D0BWP30P140
        1    0.504   INR2D0BWP30P140
        1     0.63   IOA21D0BWP30P140
        4    3.024   MAOI222D0BWP30P140
        1    0.504   ND3D0BWP30P140
        2    0.756   NR2D0BWP30P140
        1    0.504   NR3D0BWP30P140
        6    3.024   OAI21D0BWP30P140
        1    0.504   OR2D0BWP30P140
        3    2.646   XNR2UD0BWP30P140
        2    3.528   XNR3UD0BWP30P140
        6    5.292   XOR2UD0BWP30P140
        1    1.764   XOR3UD0BWP30P140

   Chip area for module '\CustomOperator_E5M2_to_E2M3': 32.634000
     of which used for sequential elements: 0.000000 (0.00%)

=== design hierarchy ===

        +----------Count including submodules.
        |        +-Area including submodules.
        |        | 
    25635 1.61E+04 BFP_PE
      478  284.004 CustomFPAdder_exp9_mant13
       51   32.634 CustomOperator_E5M2_to_E2M3
      898  554.904 FP32Adder
      253  174.132 ScaleAddition_E5M2_to_E2M3_scale_UE6M2
      124   73.584 ScaleToFP32_E5M2_x_E2M3_UE6M2

        +----------Count including submodules.
        |        +-Area including submodules.
        |        | 
    24751        - wires
    31760        - wire bits
     1035        - public wires
     8044        - public wire bits
      712        - ports
     5447        - port bits
        -        - memories
        -        - memory bits
        -        - processes
    25635 1.61E+04 cells
      739  372.456   AN2D0BWP30P140
      324   204.12   AN3D0BWP30P140
        4    3.024   AN4D0BWP30P140
       96   72.576   AO211D0BWP30P140
      484   304.92   AO21D0BWP30P140
       36   27.216   AO22D0BWP30P140
      820    516.6   AOI211D0BWP30P140
     1657  835.128   AOI21D0BWP30P140
      135   102.06   AOI221D0BWP30P140
        2    2.016   AOI222D0BWP30P140
      347   218.61   AOI22D0BWP30P140
      158    99.54   AOI31D0BWP30P140
      186  140.616   AOI32D0BWP30P140
       31   27.342   AOI33D0BWP30P140
      306  269.892   CKMUX2D0BWP30P140
     1258  317.016   CKND0BWP30P140
     2987 1.13E+03   CKND2D0BWP30P140
       33   74.844   DFCNQD1BWP30P140
      294   185.22   IAO21D0BWP30P140
      775    390.6   IND2D0BWP30P140
        1     0.63   IND3D0BWP30P140
       33   24.948   IND4D0BWP30P140
     1000      504   INR2D0BWP30P140
      104    65.52   INR3D0BWP30P140
       66   49.896   INR4D0BWP30P140
      134    84.42   IOA21D0BWP30P140
     1176  889.056   MAOI222D0BWP30P140
      108   81.648   MAOI22D0BWP30P140
       66   49.896   MOAI22D0BWP30P140
     1427 1.08E+03   MUX2ND0BWP30P140
        1    1.764   MUX3D0BWP30P140
       32   52.416   MUX3ND0BWP30P140
        2    4.788   MUX4D0BWP30P140
       16   36.288   MUX4ND0BWP30P140
      458  230.832   ND3D0BWP30P140
       98    61.74   ND4D0BWP30P140
     1810   684.18   NR2D0BWP30P140
      385   194.04   NR3D0BWP30P140
      135    85.05   NR4D0BWP30P140
       64   48.384   OA211D0BWP30P140
       99    62.37   OA21D0BWP30P140
        1    0.882   OA22D0BWP30P140
      511   321.93   OAI211D0BWP30P140
     1237  623.448   OAI21D0BWP30P140
       34   29.988   OAI221D0BWP30P140
        1    1.008   OAI222D0BWP30P140
      293   184.59   OAI22D0BWP30P140
      225   141.75   OAI31D0BWP30P140
       98   74.088   OAI32D0BWP30P140
       63   55.566   OAI33D0BWP30P140
      479  241.416   OR2D0BWP30P140
       40     25.2   OR3D0BWP30P140
      129   97.524   OR4D0BWP30P140
     2514 2.22E+03   XNR2UD0BWP30P140
      545   961.38   XNR3UD0BWP30P140
       32   84.672   XNR4D0BWP30P140
     1386 1.22E+03   XOR2UD0BWP30P140
      160   282.24   XOR3UD0BWP30P140
       97  1.6E+04 submodules
       31  8.8E+03   CustomFPAdder_exp9_mant13
       32 1.04E+03   CustomOperator_E5M2_to_E2M3
        1  554.904   FP32Adder
       32 5.57E+03   ScaleAddition_E5M2_to_E2M3_scale_UE6M2
        1   73.584   ScaleToFP32_E5M2_x_E2M3_UE6M2

   Chip area for top module '\BFP_PE': 16149.042000
     of which used for sequential elements: 74.844000 (0.46%)

