Startpoint: reset (input port clocked by CORE_CLK)
Endpoint: _068_ (recovery check against rising-edge clock CORE_CLK)
Path Group: asynchronous
Path Type: max

    Delay      Time   Description
-------------------------------------------------------------
   0.0000    0.0000   clock CORE_CLK (rise edge)
   0.0000    0.0000   clock network delay (ideal)
   0.0000    0.0000 ^ input external delay
   0.0000    0.0000 ^ reset (in)
   0.0000    0.0000 ^ _068_/CDN (DFCNQD1BWP30P140)
             0.0000   data arrival time

  20.0000   20.0000   clock CORE_CLK (rise edge)
   0.0000   20.0000   clock network delay (ideal)
  -0.0500   19.9500   clock uncertainty
   0.0000   19.9500   clock reconvergence pessimism
            19.9500 ^ _068_/CP (DFCNQD1BWP30P140)
   0.0258   19.9758   library recovery time
            19.9758   data required time
-------------------------------------------------------------
            19.9758   data required time
            -0.0000   data arrival time
-------------------------------------------------------------
            19.9758   slack (MET)


Startpoint: io_share_exp_A_i[4] (input port clocked by CORE_CLK)
Endpoint: _070_ (rising edge-triggered flip-flop clocked by CORE_CLK)
Path Group: CORE_CLK
Path Type: max

    Delay      Time   Description
-------------------------------------------------------------
   0.0000    0.0000   clock CORE_CLK (rise edge)
   0.0000    0.0000   clock network delay (ideal)
   0.0000    0.0000 v input external delay
   0.0000    0.0000 v io_share_exp_A_i[4] (in)
   0.0356    0.0356 v reducedSum_sa/_222_/Z (OR4D0BWP30P140)
   0.0247    0.0603 ^ reducedSum_sa/_270_/ZN (OAI21D0BWP30P140)
   0.0432    0.1035 v reducedSum_sa/_273_/Z (XOR3UD0BWP30P140)
   0.0393    0.1428 v reducedSum_sa/_275_/ZN (XNR2UD0BWP30P140)
   0.0222    0.1650 ^ reducedSum_sa/_310_/ZN (CKND2D0BWP30P140)
   0.0281    0.1931 ^ reducedSum_sa/_311_/ZN (XNR2UD0BWP30P140)
   0.0333    0.2264 ^ reducedSum_sa/_312_/Z (XOR2UD0BWP30P140)
   0.0322    0.2586 v reducedSum_sa/_317_/ZN (MAOI222D0BWP30P140)
   0.0599    0.3185 v reducedSum_sa/_353_/ZN (XNR4D0BWP30P140)
   0.0249    0.3433 ^ reducedSum_sa/_355_/ZN (AOI22D0BWP30P140)
   0.0257    0.3690 v reducedSum_sa/_365_/ZN (AOI221D0BWP30P140)
   0.0297    0.3987 v reducedSum_sa/_376_/Z (OA21D0BWP30P140)
   0.0171    0.4158 ^ reducedSum_sa/_388_/ZN (OAI22D0BWP30P140)
   0.0262    0.4420 ^ reducedSum_sa/_392_/ZN (INR2D0BWP30P140)
   0.0113    0.4532 v reducedSum_reduced_nextLevel_adder/_391_/ZN (CKND0BWP30P140)
   0.0247    0.4779 v reducedSum_reduced_nextLevel_adder/_491_/Z (AO22D0BWP30P140)
   0.0168    0.4947 ^ reducedSum_reduced_nextLevel_adder/_492_/ZN (OAI22D0BWP30P140)
   0.1927    0.6874 ^ reducedSum_reduced_nextLevel_adder/_493_/ZN (IAO21D0BWP30P140)
   0.0326    0.7199 ^ reducedSum_reduced_nextLevel_adder/_496_/ZN (MUX2ND0BWP30P140)
   0.0323    0.7523 v reducedSum_reduced_nextLevel_adder/_499_/ZN (ND4D0BWP30P140)
   0.0325    0.7848 ^ reducedSum_reduced_nextLevel_adder/_548_/ZN (AOI22D0BWP30P140)
   0.0201    0.8050 v reducedSum_reduced_nextLevel_adder/_553_/ZN (OAI32D0BWP30P140)
   0.0423    0.8472 ^ reducedSum_reduced_nextLevel_adder/_555_/ZN (AOI222D0BWP30P140)
   0.0424    0.8897 ^ reducedSum_reduced_nextLevel_adder/_563_/Z (OA211D0BWP30P140)
   0.0248    0.9144 v reducedSum_reduced_nextLevel_adder/_603_/ZN (AOI31D0BWP30P140)
   0.0247    0.9391 ^ reducedSum_reduced_nextLevel_adder/_604_/ZN (OAI211D0BWP30P140)
   0.0235    0.9627 v reducedSum_reduced_nextLevel_adder/_605_/ZN (AOI31D0BWP30P140)
   0.0313    0.9940 ^ reducedSum_reduced_nextLevel_adder/_609_/ZN (MAOI222D0BWP30P140)
   0.0272    1.0212 v reducedSum_reduced_nextLevel_adder/_614_/ZN (MAOI222D0BWP30P140)
   0.0313    1.0526 ^ reducedSum_reduced_nextLevel_adder/_618_/ZN (MAOI222D0BWP30P140)
   0.0253    1.0778 ^ reducedSum_reduced_nextLevel_adder/_623_/Z (AO21D0BWP30P140)
   0.0243    1.1022 ^ reducedSum_reduced_nextLevel_adder/_627_/Z (AO21D0BWP30P140)
   0.0280    1.1302 ^ reducedSum_reduced_nextLevel_adder/_636_/Z (AO211D0BWP30P140)
   0.0190    1.1491 v reducedSum_reduced_nextLevel_adder/_664_/ZN (ND3D0BWP30P140)
   0.0381    1.1872 ^ reducedSum_reduced_nextLevel_adder/_666_/ZN (AOI22D0BWP30P140)
   0.0426    1.2298 v reducedSum_reduced_nextLevel_adder/_678_/ZN (ND4D0BWP30P140)
   0.0367    1.2665 ^ reducedSum_reduced_nextLevel_adder/_689_/ZN (NR4D0BWP30P140)
   0.0408    1.3073 v reducedSum_reduced_nextLevel_adder/_705_/ZN (IND4D0BWP30P140)
   0.0457    1.3529 v reducedSum_reduced_nextLevel_adder/_714_/Z (OR3D0BWP30P140)
   0.0317    1.3846 ^ reducedSum_reduced_nextLevel_adder/_768_/ZN (INR4D0BWP30P140)
   0.0292    1.4139 v reducedSum_reduced_nextLevel_adder/_770_/ZN (ND3D0BWP30P140)
   0.0247    1.4385 v reducedSum_reduced_nextLevel_adder/_783_/ZN (INR2D0BWP30P140)
   0.0281    1.4667 v reducedSum_reduced_nextLevel_adder_16/_403_/ZN (XNR2UD0BWP30P140)
   0.0302    1.4969 ^ reducedSum_reduced_nextLevel_adder_16/_417_/ZN (AOI211D0BWP30P140)
   0.0254    1.5223 v reducedSum_reduced_nextLevel_adder_16/_420_/ZN (OAI31D0BWP30P140)
   0.0284    1.5507 ^ reducedSum_reduced_nextLevel_adder_16/_429_/ZN (OAI211D0BWP30P140)
   0.0330    1.5838 v reducedSum_reduced_nextLevel_adder_16/_438_/ZN (AOI31D0BWP30P140)
   0.0282    1.6120 v reducedSum_reduced_nextLevel_adder_16/_440_/ZN (XNR2UD0BWP30P140)
   0.1922    1.8042 ^ reducedSum_reduced_nextLevel_adder_16/_493_/ZN (IAO21D0BWP30P140)
   0.0326    1.8367 ^ reducedSum_reduced_nextLevel_adder_16/_496_/ZN (MUX2ND0BWP30P140)
   0.0323    1.8691 v reducedSum_reduced_nextLevel_adder_16/_499_/ZN (ND4D0BWP30P140)
   0.0326    1.9016 ^ reducedSum_reduced_nextLevel_adder_16/_548_/ZN (AOI22D0BWP30P140)
   0.0201    1.9218 v reducedSum_reduced_nextLevel_adder_16/_553_/ZN (OAI32D0BWP30P140)
   0.0423    1.9640 ^ reducedSum_reduced_nextLevel_adder_16/_555_/ZN (AOI222D0BWP30P140)
   0.0424    2.0065 ^ reducedSum_reduced_nextLevel_adder_16/_563_/Z (OA211D0BWP30P140)
   0.0248    2.0313 v reducedSum_reduced_nextLevel_adder_16/_603_/ZN (AOI31D0BWP30P140)
   0.0247    2.0559 ^ reducedSum_reduced_nextLevel_adder_16/_604_/ZN (OAI211D0BWP30P140)
   0.0235    2.0795 v reducedSum_reduced_nextLevel_adder_16/_605_/ZN (AOI31D0BWP30P140)
   0.0313    2.1108 ^ reducedSum_reduced_nextLevel_adder_16/_609_/ZN (MAOI222D0BWP30P140)
   0.0272    2.1380 v reducedSum_reduced_nextLevel_adder_16/_614_/ZN (MAOI222D0BWP30P140)
   0.0313    2.1694 ^ reducedSum_reduced_nextLevel_adder_16/_618_/ZN (MAOI222D0BWP30P140)
   0.0253    2.1947 ^ reducedSum_reduced_nextLevel_adder_16/_623_/Z (AO21D0BWP30P140)
   0.0243    2.2190 ^ reducedSum_reduced_nextLevel_adder_16/_627_/Z (AO21D0BWP30P140)
   0.0280    2.2470 ^ reducedSum_reduced_nextLevel_adder_16/_636_/Z (AO211D0BWP30P140)
   0.0190    2.2659 v reducedSum_reduced_nextLevel_adder_16/_664_/ZN (ND3D0BWP30P140)
   0.0381    2.3040 ^ reducedSum_reduced_nextLevel_adder_16/_666_/ZN (AOI22D0BWP30P140)
   0.0426    2.3466 v reducedSum_reduced_nextLevel_adder_16/_678_/ZN (ND4D0BWP30P140)
   0.0367    2.3833 ^ reducedSum_reduced_nextLevel_adder_16/_689_/ZN (NR4D0BWP30P140)
   0.0408    2.4241 v reducedSum_reduced_nextLevel_adder_16/_705_/ZN (IND4D0BWP30P140)
   0.0457    2.4698 v reducedSum_reduced_nextLevel_adder_16/_714_/Z (OR3D0BWP30P140)
   0.0317    2.5015 ^ reducedSum_reduced_nextLevel_adder_16/_768_/ZN (INR4D0BWP30P140)
   0.0292    2.5307 v reducedSum_reduced_nextLevel_adder_16/_770_/ZN (ND3D0BWP30P140)
   0.0247    2.5554 v reducedSum_reduced_nextLevel_adder_16/_783_/ZN (INR2D0BWP30P140)
   0.0281    2.5835 v reducedSum_reduced_nextLevel_adder_24/_403_/ZN (XNR2UD0BWP30P140)
   0.0302    2.6137 ^ reducedSum_reduced_nextLevel_adder_24/_417_/ZN (AOI211D0BWP30P140)
   0.0254    2.6391 v reducedSum_reduced_nextLevel_adder_24/_420_/ZN (OAI31D0BWP30P140)
   0.0284    2.6675 ^ reducedSum_reduced_nextLevel_adder_24/_429_/ZN (OAI211D0BWP30P140)
   0.0330    2.7006 v reducedSum_reduced_nextLevel_adder_24/_438_/ZN (AOI31D0BWP30P140)
   0.0282    2.7288 v reducedSum_reduced_nextLevel_adder_24/_440_/ZN (XNR2UD0BWP30P140)
   0.1922    2.9210 ^ reducedSum_reduced_nextLevel_adder_24/_493_/ZN (IAO21D0BWP30P140)
   0.0326    2.9535 ^ reducedSum_reduced_nextLevel_adder_24/_496_/ZN (MUX2ND0BWP30P140)
   0.0323    2.9859 v reducedSum_reduced_nextLevel_adder_24/_499_/ZN (ND4D0BWP30P140)
   0.0326    3.0184 ^ reducedSum_reduced_nextLevel_adder_24/_548_/ZN (AOI22D0BWP30P140)
   0.0201    3.0386 v reducedSum_reduced_nextLevel_adder_24/_553_/ZN (OAI32D0BWP30P140)
   0.0423    3.0809 ^ reducedSum_reduced_nextLevel_adder_24/_555_/ZN (AOI222D0BWP30P140)
   0.0424    3.1233 ^ reducedSum_reduced_nextLevel_adder_24/_563_/Z (OA211D0BWP30P140)
   0.0248    3.1481 v reducedSum_reduced_nextLevel_adder_24/_603_/ZN (AOI31D0BWP30P140)
   0.0247    3.1727 ^ reducedSum_reduced_nextLevel_adder_24/_604_/ZN (OAI211D0BWP30P140)
   0.0235    3.1963 v reducedSum_reduced_nextLevel_adder_24/_605_/ZN (AOI31D0BWP30P140)
   0.0313    3.2276 ^ reducedSum_reduced_nextLevel_adder_24/_609_/ZN (MAOI222D0BWP30P140)
   0.0272    3.2548 v reducedSum_reduced_nextLevel_adder_24/_614_/ZN (MAOI222D0BWP30P140)
   0.0313    3.2862 ^ reducedSum_reduced_nextLevel_adder_24/_618_/ZN (MAOI222D0BWP30P140)
   0.0253    3.3115 ^ reducedSum_reduced_nextLevel_adder_24/_623_/Z (AO21D0BWP30P140)
   0.0243    3.3358 ^ reducedSum_reduced_nextLevel_adder_24/_627_/Z (AO21D0BWP30P140)
   0.0280    3.3638 ^ reducedSum_reduced_nextLevel_adder_24/_636_/Z (AO211D0BWP30P140)
   0.0190    3.3827 v reducedSum_reduced_nextLevel_adder_24/_664_/ZN (ND3D0BWP30P140)
   0.0381    3.4208 ^ reducedSum_reduced_nextLevel_adder_24/_666_/ZN (AOI22D0BWP30P140)
   0.0426    3.4635 v reducedSum_reduced_nextLevel_adder_24/_678_/ZN (ND4D0BWP30P140)
   0.0367    3.5002 ^ reducedSum_reduced_nextLevel_adder_24/_689_/ZN (NR4D0BWP30P140)
   0.0408    3.5409 v reducedSum_reduced_nextLevel_adder_24/_705_/ZN (IND4D0BWP30P140)
   0.0457    3.5866 v reducedSum_reduced_nextLevel_adder_24/_714_/Z (OR3D0BWP30P140)
   0.0317    3.6183 ^ reducedSum_reduced_nextLevel_adder_24/_768_/ZN (INR4D0BWP30P140)
   0.0292    3.6475 v reducedSum_reduced_nextLevel_adder_24/_770_/ZN (ND3D0BWP30P140)
   0.0247    3.6722 v reducedSum_reduced_nextLevel_adder_24/_783_/ZN (INR2D0BWP30P140)
   0.0281    3.7003 v reducedSum_reduced_nextLevel_adder_28/_403_/ZN (XNR2UD0BWP30P140)
   0.0302    3.7305 ^ reducedSum_reduced_nextLevel_adder_28/_417_/ZN (AOI211D0BWP30P140)
   0.0254    3.7559 v reducedSum_reduced_nextLevel_adder_28/_420_/ZN (OAI31D0BWP30P140)
   0.0284    3.7843 ^ reducedSum_reduced_nextLevel_adder_28/_429_/ZN (OAI211D0BWP30P140)
   0.0330    3.8174 v reducedSum_reduced_nextLevel_adder_28/_438_/ZN (AOI31D0BWP30P140)
   0.0282    3.8456 v reducedSum_reduced_nextLevel_adder_28/_440_/ZN (XNR2UD0BWP30P140)
   0.1922    4.0378 ^ reducedSum_reduced_nextLevel_adder_28/_493_/ZN (IAO21D0BWP30P140)
   0.0326    4.0703 ^ reducedSum_reduced_nextLevel_adder_28/_496_/ZN (MUX2ND0BWP30P140)
   0.0323    4.1027 v reducedSum_reduced_nextLevel_adder_28/_499_/ZN (ND4D0BWP30P140)
   0.0326    4.1352 ^ reducedSum_reduced_nextLevel_adder_28/_548_/ZN (AOI22D0BWP30P140)
   0.0201    4.1554 v reducedSum_reduced_nextLevel_adder_28/_553_/ZN (OAI32D0BWP30P140)
   0.0423    4.1977 ^ reducedSum_reduced_nextLevel_adder_28/_555_/ZN (AOI222D0BWP30P140)
   0.0424    4.2401 ^ reducedSum_reduced_nextLevel_adder_28/_563_/Z (OA211D0BWP30P140)
   0.0248    4.2649 v reducedSum_reduced_nextLevel_adder_28/_603_/ZN (AOI31D0BWP30P140)
   0.0247    4.2895 ^ reducedSum_reduced_nextLevel_adder_28/_604_/ZN (OAI211D0BWP30P140)
   0.0235    4.3131 v reducedSum_reduced_nextLevel_adder_28/_605_/ZN (AOI31D0BWP30P140)
   0.0313    4.3444 ^ reducedSum_reduced_nextLevel_adder_28/_609_/ZN (MAOI222D0BWP30P140)
   0.0272    4.3716 v reducedSum_reduced_nextLevel_adder_28/_614_/ZN (MAOI222D0BWP30P140)
   0.0313    4.4030 ^ reducedSum_reduced_nextLevel_adder_28/_618_/ZN (MAOI222D0BWP30P140)
   0.0253    4.4283 ^ reducedSum_reduced_nextLevel_adder_28/_623_/Z (AO21D0BWP30P140)
   0.0243    4.4526 ^ reducedSum_reduced_nextLevel_adder_28/_627_/Z (AO21D0BWP30P140)
   0.0280    4.4806 ^ reducedSum_reduced_nextLevel_adder_28/_636_/Z (AO211D0BWP30P140)
   0.0190    4.4995 v reducedSum_reduced_nextLevel_adder_28/_664_/ZN (ND3D0BWP30P140)
   0.0381    4.5376 ^ reducedSum_reduced_nextLevel_adder_28/_666_/ZN (AOI22D0BWP30P140)
   0.0426    4.5803 v reducedSum_reduced_nextLevel_adder_28/_678_/ZN (ND4D0BWP30P140)
   0.0367    4.6170 ^ reducedSum_reduced_nextLevel_adder_28/_689_/ZN (NR4D0BWP30P140)
   0.0408    4.6577 v reducedSum_reduced_nextLevel_adder_28/_705_/ZN (IND4D0BWP30P140)
   0.0457    4.7034 v reducedSum_reduced_nextLevel_adder_28/_714_/Z (OR3D0BWP30P140)
   0.0317    4.7351 ^ reducedSum_reduced_nextLevel_adder_28/_768_/ZN (INR4D0BWP30P140)
   0.0292    4.7643 v reducedSum_reduced_nextLevel_adder_28/_770_/ZN (ND3D0BWP30P140)
   0.0247    4.7890 v reducedSum_reduced_nextLevel_adder_28/_783_/ZN (INR2D0BWP30P140)
   0.0281    4.8171 v reducedSum_reduced_nextLevel_adder_30/_403_/ZN (XNR2UD0BWP30P140)
   0.0302    4.8473 ^ reducedSum_reduced_nextLevel_adder_30/_417_/ZN (AOI211D0BWP30P140)
   0.0254    4.8727 v reducedSum_reduced_nextLevel_adder_30/_420_/ZN (OAI31D0BWP30P140)
   0.0284    4.9012 ^ reducedSum_reduced_nextLevel_adder_30/_429_/ZN (OAI211D0BWP30P140)
   0.0330    4.9342 v reducedSum_reduced_nextLevel_adder_30/_438_/ZN (AOI31D0BWP30P140)
   0.0282    4.9624 v reducedSum_reduced_nextLevel_adder_30/_440_/ZN (XNR2UD0BWP30P140)
   0.1922    5.1546 ^ reducedSum_reduced_nextLevel_adder_30/_493_/ZN (IAO21D0BWP30P140)
   0.0326    5.1872 ^ reducedSum_reduced_nextLevel_adder_30/_496_/ZN (MUX2ND0BWP30P140)
   0.0323    5.2195 v reducedSum_reduced_nextLevel_adder_30/_499_/ZN (ND4D0BWP30P140)
   0.0326    5.2520 ^ reducedSum_reduced_nextLevel_adder_30/_548_/ZN (AOI22D0BWP30P140)
   0.0201    5.2722 v reducedSum_reduced_nextLevel_adder_30/_553_/ZN (OAI32D0BWP30P140)
   0.0423    5.3145 ^ reducedSum_reduced_nextLevel_adder_30/_555_/ZN (AOI222D0BWP30P140)
   0.0424    5.3569 ^ reducedSum_reduced_nextLevel_adder_30/_563_/Z (OA211D0BWP30P140)
   0.0248    5.3817 v reducedSum_reduced_nextLevel_adder_30/_603_/ZN (AOI31D0BWP30P140)
   0.0247    5.4063 ^ reducedSum_reduced_nextLevel_adder_30/_604_/ZN (OAI211D0BWP30P140)
   0.0235    5.4299 v reducedSum_reduced_nextLevel_adder_30/_605_/ZN (AOI31D0BWP30P140)
   0.0313    5.4612 ^ reducedSum_reduced_nextLevel_adder_30/_609_/ZN (MAOI222D0BWP30P140)
   0.0272    5.4885 v reducedSum_reduced_nextLevel_adder_30/_614_/ZN (MAOI222D0BWP30P140)
   0.0313    5.5198 ^ reducedSum_reduced_nextLevel_adder_30/_618_/ZN (MAOI222D0BWP30P140)
   0.0253    5.5451 ^ reducedSum_reduced_nextLevel_adder_30/_623_/Z (AO21D0BWP30P140)
   0.0243    5.5694 ^ reducedSum_reduced_nextLevel_adder_30/_627_/Z (AO21D0BWP30P140)
   0.0280    5.5974 ^ reducedSum_reduced_nextLevel_adder_30/_636_/Z (AO211D0BWP30P140)
   0.0190    5.6163 v reducedSum_reduced_nextLevel_adder_30/_664_/ZN (ND3D0BWP30P140)
   0.0381    5.6544 ^ reducedSum_reduced_nextLevel_adder_30/_666_/ZN (AOI22D0BWP30P140)
   0.0426    5.6971 v reducedSum_reduced_nextLevel_adder_30/_678_/ZN (ND4D0BWP30P140)
   0.0367    5.7338 ^ reducedSum_reduced_nextLevel_adder_30/_689_/ZN (NR4D0BWP30P140)
   0.0408    5.7745 v reducedSum_reduced_nextLevel_adder_30/_705_/ZN (IND4D0BWP30P140)
   0.0457    5.8202 v reducedSum_reduced_nextLevel_adder_30/_714_/Z (OR3D0BWP30P140)
   0.0214    5.8416 v reducedSum_reduced_nextLevel_adder_30/_716_/Z (AN2D0BWP30P140)
   0.1052    5.9468 ^ reducedSum_conv/_105_/ZN (AOI211D0BWP30P140)
   0.0372    5.9840 v reducedSum_conv/_117_/ZN (XNR2UD0BWP30P140)
   0.0431    6.0271 ^ reducedSum_conv/_122_/ZN (OAI31D0BWP30P140)
   0.0298    6.0569 v reducedSum_conv/_125_/ZN (AOI21D0BWP30P140)
   0.0337    6.0906 ^ reducedSum_conv/_136_/ZN (OAI32D0BWP30P140)
   0.0236    6.1142 v reducedSum_conv/_137_/ZN (MAOI222D0BWP30P140)
   0.0323    6.1465 v reducedSum_conv/_138_/ZN (XNR2UD0BWP30P140)
   0.0489    6.1953 v reducedSum_conv/_148_/Z (AO21D0BWP30P140)
   0.0375    6.2328 ^ reducedSum_conv/_156_/ZN (NR2D0BWP30P140)
   0.0247    6.2575 v accAdder/_0897_/ZN (XNR2UD0BWP30P140)
   0.0314    6.2888 ^ accAdder/_0899_/ZN (AOI21D0BWP30P140)
   0.0301    6.3190 v accAdder/_0901_/ZN (MAOI222D0BWP30P140)
   0.0356    6.3545 ^ accAdder/_0902_/ZN (MAOI222D0BWP30P140)
   0.0302    6.3847 v accAdder/_0903_/ZN (MAOI222D0BWP30P140)
   0.0361    6.4209 ^ accAdder/_0966_/ZN (MAOI222D0BWP30P140)
   0.0302    6.4511 v accAdder/_0968_/ZN (MAOI222D0BWP30P140)
   0.0260    6.4771 v accAdder/_0970_/ZN (XNR2UD0BWP30P140)
   0.0212    6.4983 ^ accAdder/_0971_/ZN (NR2D0BWP30P140)
   0.0257    6.5240 ^ accAdder/_0972_/Z (AN2D0BWP30P140)
   0.4170    6.9410 v accAdder/_0975_/ZN (AOI31D0BWP30P140)
   0.4192    7.3602 ^ accAdder/_0991_/ZN (AOI22D0BWP30P140)
   0.0318    7.3921 v accAdder/_1063_/ZN (CKND2D0BWP30P140)
   0.0370    7.4290 ^ accAdder/_1188_/ZN (OAI32D0BWP30P140)
   0.0151    7.4441 v accAdder/_1189_/ZN (AOI21D0BWP30P140)
   0.0396    7.4837 ^ accAdder/_1191_/ZN (OAI221D0BWP30P140)
   0.0211    7.5048 v accAdder/_1196_/ZN (OAI31D0BWP30P140)
   0.0222    7.5271 ^ accAdder/_1198_/ZN (AOI21D0BWP30P140)
   0.0256    7.5526 v accAdder/_1200_/ZN (MAOI222D0BWP30P140)
   0.0396    7.5923 ^ accAdder/_1202_/ZN (MAOI222D0BWP30P140)
   0.0257    7.6180 v accAdder/_1204_/ZN (MAOI222D0BWP30P140)
   0.0277    7.6457 ^ accAdder/_1206_/ZN (AOI21D0BWP30P140)
   0.0253    7.6710 ^ accAdder/_1209_/ZN (IAO21D0BWP30P140)
   0.0247    7.6956 v accAdder/_1211_/ZN (MAOI222D0BWP30P140)
   0.0395    7.7352 ^ accAdder/_1213_/ZN (MAOI222D0BWP30P140)
   0.0265    7.7617 v accAdder/_1221_/ZN (MAOI222D0BWP30P140)
   0.0354    7.7970 v accAdder/_1232_/Z (AO21D0BWP30P140)
   0.0261    7.8231 ^ accAdder/_1242_/ZN (MAOI222D0BWP30P140)
   0.0265    7.8496 v accAdder/_1255_/ZN (MAOI222D0BWP30P140)
   0.0315    7.8811 v accAdder/_1259_/Z (AO21D0BWP30P140)
   0.0182    7.8993 ^ accAdder/_1276_/ZN (AOI21D0BWP30P140)
   0.0258    7.9251 v accAdder/_1280_/ZN (MAOI222D0BWP30P140)
   0.0391    7.9642 ^ accAdder/_1296_/ZN (MAOI222D0BWP30P140)
   0.0262    7.9904 v accAdder/_1300_/ZN (MAOI222D0BWP30P140)
   0.0304    8.0208 ^ accAdder/_1318_/ZN (AOI21D0BWP30P140)
   0.0249    8.0457 v accAdder/_1322_/ZN (MAOI222D0BWP30P140)
   0.0364    8.0822 v accAdder/_1345_/Z (AO21D0BWP30P140)
   0.0156    8.0978 ^ accAdder/_1353_/ZN (MUX2ND0BWP30P140)
   0.0347    8.1325 ^ accAdder/_1354_/ZN (XNR2UD0BWP30P140)
   0.0288    8.1613 ^ accAdder/_1453_/ZN (MAOI22D0BWP30P140)
   0.1281    8.2894 v accAdder/_1456_/ZN (OAI211D0BWP30P140)
   0.0886    8.3780 ^ accAdder/_1531_/Z (MUX4D0BWP30P140)
   0.0194    8.3974 v accAdder/_1534_/ZN (MUX3ND0BWP30P140)
   0.0405    8.4379 ^ accAdder/_1568_/ZN (NR2D0BWP30P140)
   0.0507    8.4886 ^ accAdder/_1577_/ZN (INR4D0BWP30P140)
   0.0510    8.5397 ^ accAdder/_1582_/Z (AN4D0BWP30P140)
   0.0395    8.5791 ^ accAdder/_1590_/Z (AN4D0BWP30P140)
   0.0406    8.6197 ^ accAdder/_1601_/Z (AN4D0BWP30P140)
   0.0349    8.6546 ^ accAdder/_1603_/Z (AN3D0BWP30P140)
   0.0271    8.6817 v accAdder/_1605_/ZN (IND3D0BWP30P140)
   0.0379    8.7197 v accAdder/_1606_/Z (OR3D0BWP30P140)
   0.0368    8.7565 ^ accAdder/_1608_/ZN (INR3D0BWP30P140)
   0.0364    8.7929 v accAdder/_1611_/ZN (MAOI222D0BWP30P140)
   0.0357    8.8286 ^ accAdder/_1616_/ZN (NR4D0BWP30P140)
   0.0219    8.8505 v accAdder/_1619_/ZN (OAI31D0BWP30P140)
   0.0327    8.8831 v accAdder/_1621_/Z (AO21D0BWP30P140)
   0.0312    8.9144 ^ accAdder/_1623_/ZN (AOI21D0BWP30P140)
   0.0237    8.9380 v accAdder/_1626_/ZN (OAI21D0BWP30P140)
   0.0215    8.9595 v accAdder/_1658_/Z (AN3D0BWP30P140)
   0.0613    9.0208 v accAdder/_1659_/Z (OR3D0BWP30P140)
   0.0420    9.0628 ^ accAdder/_1703_/ZN (AOI211D0BWP30P140)
   0.0261    9.0888 ^ _060_/Z (AO22D0BWP30P140)
   0.0000    9.0888 ^ _070_/D (DFCNQD1BWP30P140)
             9.0888   data arrival time

  20.0000   20.0000   clock CORE_CLK (rise edge)
   0.0000   20.0000   clock network delay (ideal)
  -0.0500   19.9500   clock uncertainty
   0.0000   19.9500   clock reconvergence pessimism
            19.9500 ^ _070_/CP (DFCNQD1BWP30P140)
  -0.0174   19.9326   library setup time
            19.9326   data required time
-------------------------------------------------------------
            19.9326   data required time
            -9.0888   data arrival time
-------------------------------------------------------------
            10.8438   slack (MET)


