
6. Printing statistics.

=== BFP_PE ===

        +----------Local Count, excluding submodules.
        |        +-Local Area, excluding submodules.
        |        | 
       85        - wires
      641        - wire bits
       65        - public wires
      621        - public wire bits
       10        - ports
      277        - port bits
       39   57.582 cells
       18   13.608   AO22D0BWP30P140
       19   43.092   DFCNQD1BWP30P140
        1    0.504   INR2D0BWP30P140
        1    0.378   NR2D0BWP30P140
       19        - submodules
       16        -   CustomOperator_INT8_to_E3M2
        1        -   DirectToFP9b_INT8_x_E3M2_UE8M0
        1        -   FPNAdder
        1        -   FixedFPTree_exp6_mant10_out10_vec16_range5

   Chip area for module '\BFP_PE': 57.582000
     of which used for sequential elements: 43.092000 (74.84%)

=== FPNAdder ===

        +----------Local Count, excluding submodules.
        |        +-Local Area, excluding submodules.
        |        | 
      448        - wires
      529        - wire bits
        6        - public wires
       87        - public wire bits
        3        - ports
       54        - port bits
      460  285.516 cells
       21   10.584   AN2D0BWP30P140
        6     3.78   AN3D0BWP30P140
        8     5.04   AO21D0BWP30P140
        3    2.268   AO22D0BWP30P140
       12     7.56   AOI211D0BWP30P140
       19    9.576   AOI21D0BWP30P140
        5     3.78   AOI221D0BWP30P140
        1    1.008   AOI222D0BWP30P140
        6     3.78   AOI22D0BWP30P140
        5     3.15   AOI31D0BWP30P140
        1    0.756   AOI32D0BWP30P140
        1    0.882   AOI33D0BWP30P140
        8    7.056   CKMUX2D0BWP30P140
       27    6.804   CKND0BWP30P140
       28   10.584   CKND2D0BWP30P140
        5     3.15   IAO21D0BWP30P140
       16    8.064   IND2D0BWP30P140
        1     0.63   IND3D0BWP30P140
        2    1.512   IND4D0BWP30P140
       16    8.064   INR2D0BWP30P140
        2     1.26   INR3D0BWP30P140
        4    3.024   INR4D0BWP30P140
        1     0.63   IOA21D0BWP30P140
        6    4.536   MAOI222D0BWP30P140
        3    2.268   MAOI22D0BWP30P140
        3    2.268   MOAI22D0BWP30P140
       35    26.46   MUX2ND0BWP30P140
        3    5.292   MUX3D0BWP30P140
        1    1.638   MUX3ND0BWP30P140
        1    2.394   MUX4D0BWP30P140
        5    11.34   MUX4ND0BWP30P140
       11    5.544   ND3D0BWP30P140
        9     5.67   ND4D0BWP30P140
       43   16.254   NR2D0BWP30P140
       19    9.576   NR3D0BWP30P140
        7     4.41   NR4D0BWP30P140
        3    2.268   OA211D0BWP30P140
       11     6.93   OA21D0BWP30P140
        1    0.882   OA22D0BWP30P140
       12     7.56   OAI211D0BWP30P140
       12    6.048   OAI21D0BWP30P140
        3    2.646   OAI221D0BWP30P140
        7     4.41   OAI22D0BWP30P140
        6     3.78   OAI31D0BWP30P140
        1    0.756   OAI32D0BWP30P140
        1    0.882   OAI33D0BWP30P140
        9    4.536   OR2D0BWP30P140
        2     1.26   OR3D0BWP30P140
        2    1.512   OR4D0BWP30P140
       30    26.46   XNR2UD0BWP30P140
       15    13.23   XOR2UD0BWP30P140
        1    1.764   XOR3UD0BWP30P140

   Chip area for module '\FPNAdder': 285.516000
     of which used for sequential elements: 0.000000 (0.00%)

=== DirectToFP9b_INT8_x_E3M2_UE8M0 ===

        +----------Local Count, excluding submodules.
        |        +-Local Area, excluding submodules.
        |        | 
       69        - wires
      114        - wire bits
        6        - public wires
       51        - public wire bits
        6        - ports
       51        - port bits
       81    60.48 cells
        1     0.63   AN3D0BWP30P140
        2    1.512   AN4D0BWP30P140
        1    0.756   AOI32D0BWP30P140
        1    0.252   CKND0BWP30P140
        6    2.268   CKND2D0BWP30P140
        5     2.52   IND2D0BWP30P140
        1    0.504   INR2D0BWP30P140
        9     5.67   INR3D0BWP30P140
       10     7.56   MAOI222D0BWP30P140
        1    0.756   MUX2ND0BWP30P140
        1    0.504   ND3D0BWP30P140
        1     0.63   ND4D0BWP30P140
       10     3.78   NR2D0BWP30P140
        1    0.504   NR3D0BWP30P140
        3     1.89   NR4D0BWP30P140
        1     0.63   OAI211D0BWP30P140
        1    0.504   OAI21D0BWP30P140
        1    0.504   OR2D0BWP30P140
       12   10.584   XNR2UD0BWP30P140
        5     8.82   XNR3UD0BWP30P140
        5     4.41   XOR2UD0BWP30P140
        3    5.292   XOR3UD0BWP30P140

   Chip area for module '\DirectToFP9b_INT8_x_E3M2_UE8M0': 60.480000
     of which used for sequential elements: 0.000000 (0.00%)

=== FixedFPTree_exp6_mant10_out10_vec16_range5 ===

        +----------Local Count, excluding submodules.
        |        +-Local Area, excluding submodules.
        |        | 
     3673        - wires
     4247        - wire bits
       67        - public wires
      641        - public wire bits
       51        - ports
      289        - port bits
     3623 2.48E+03 cells
       98   49.392   AN2D0BWP30P140
       13     8.19   AN3D0BWP30P140
        9    6.804   AN4D0BWP30P140
       13    9.828   AO211D0BWP30P140
      101    63.63   AO21D0BWP30P140
       32   24.192   AO22D0BWP30P140
       39    24.57   AOI211D0BWP30P140
      217  109.368   AOI21D0BWP30P140
       36   27.216   AOI221D0BWP30P140
        4    4.032   AOI222D0BWP30P140
       70     44.1   AOI22D0BWP30P140
       36    22.68   AOI31D0BWP30P140
        6    4.536   AOI32D0BWP30P140
        9    7.938   AOI33D0BWP30P140
       60    52.92   CKMUX2D0BWP30P140
      194   48.888   CKND0BWP30P140
      241   91.098   CKND2D0BWP30P140
       51    32.13   IAO21D0BWP30P140
       81   40.824   IND2D0BWP30P140
        9     5.67   IND3D0BWP30P140
        8    6.048   IND4D0BWP30P140
       65    32.76   INR2D0BWP30P140
        8     5.04   INR3D0BWP30P140
        4    3.024   INR4D0BWP30P140
       64    40.32   IOA21D0BWP30P140
        3    2.646   IOA22D0BWP30P140
      180   136.08   MAOI222D0BWP30P140
       33   24.948   MAOI22D0BWP30P140
       19   14.364   MOAI22D0BWP30P140
      262  198.072   MUX2ND0BWP30P140
        1    1.638   MUX3ND0BWP30P140
        4    9.576   MUX4D0BWP30P140
       20    45.36   MUX4ND0BWP30P140
       72   36.288   ND3D0BWP30P140
       13     8.19   ND4D0BWP30P140
      305   115.29   NR2D0BWP30P140
       65    32.76   NR3D0BWP30P140
       12     7.56   NR4D0BWP30P140
       26   19.656   OA211D0BWP30P140
       27    17.01   OA21D0BWP30P140
        7    6.174   OA22D0BWP30P140
       19    11.97   OAI211D0BWP30P140
      117   58.968   OAI21D0BWP30P140
        7    6.174   OAI221D0BWP30P140
        2    2.016   OAI222D0BWP30P140
       23    14.49   OAI22D0BWP30P140
       27    17.01   OAI31D0BWP30P140
       10     7.56   OAI32D0BWP30P140
       25    22.05   OAI33D0BWP30P140
       49   24.696   OR2D0BWP30P140
        6     3.78   OR3D0BWP30P140
        4    3.024   OR4D0BWP30P140
      367  323.694   XNR2UD0BWP30P140
       88  155.232   XNR3UD0BWP30P140
        7   18.522   XNR4D0BWP30P140
      291  256.662   XOR2UD0BWP30P140
       63  111.132   XOR3UD0BWP30P140
        1    2.646   XOR4D0BWP30P140

   Chip area for module '\FixedFPTree_exp6_mant10_out10_vec16_range5': 2480.436000
     of which used for sequential elements: 0.000000 (0.00%)

=== CustomOperator_INT8_to_E3M2 ===

        +----------Local Count, excluding submodules.
        |        +-Local Area, excluding submodules.
        |        | 
       78        - wires
      111        - wire bits
        7        - public wires
       40        - public wire bits
        5        - ports
       31        - port bits
       85    52.92 cells
        3    1.512   AN2D0BWP30P140
        1     0.63   AN3D0BWP30P140
        3    1.512   AOI21D0BWP30P140
        2     1.26   AOI22D0BWP30P140
        7    1.764   CKND0BWP30P140
       20     7.56   CKND2D0BWP30P140
        2     1.26   IAO21D0BWP30P140
        3    1.512   IND2D0BWP30P140
        1    0.504   INR2D0BWP30P140
        1     0.63   IOA21D0BWP30P140
        9    6.804   MAOI222D0BWP30P140
        4    1.512   NR2D0BWP30P140
        1     0.63   NR4D0BWP30P140
        1     0.63   OA21D0BWP30P140
        2    1.008   OAI21D0BWP30P140
        1     0.63   OAI22D0BWP30P140
        1     0.63   OAI31D0BWP30P140
       16   14.112   XNR2UD0BWP30P140
        3    5.292   XNR3UD0BWP30P140
        4    3.528   XOR2UD0BWP30P140

   Chip area for module '\CustomOperator_INT8_to_E3M2': 52.920000
     of which used for sequential elements: 0.000000 (0.00%)

=== design hierarchy ===

        +----------Count including submodules.
        |        +-Area including submodules.
        |        | 
     5563 3.73E+03 BFP_PE
       85    52.92 CustomOperator_INT8_to_E3M2
       81    60.48 DirectToFP9b_INT8_x_E3M2_UE8M0
      460  285.516 FPNAdder
     3623 2.48E+03 FixedFPTree_exp6_mant10_out10_vec16_range5

        +----------Count including submodules.
        |        +-Area including submodules.
        |        | 
     5523        - wires
     7307        - wire bits
      256        - public wires
     2040        - public wire bits
      150        - ports
     1167        - port bits
        -        - memories
        -        - memory bits
        -        - processes
     5563 3.73E+03 cells
      167   84.168   AN2D0BWP30P140
       36    22.68   AN3D0BWP30P140
       11    8.316   AN4D0BWP30P140
       13    9.828   AO211D0BWP30P140
      109    68.67   AO21D0BWP30P140
       53   40.068   AO22D0BWP30P140
       51    32.13   AOI211D0BWP30P140
      284  143.136   AOI21D0BWP30P140
       41   30.996   AOI221D0BWP30P140
        5     5.04   AOI222D0BWP30P140
      108    68.04   AOI22D0BWP30P140
       41    25.83   AOI31D0BWP30P140
        8    6.048   AOI32D0BWP30P140
       10     8.82   AOI33D0BWP30P140
       68   59.976   CKMUX2D0BWP30P140
      334   84.168   CKND0BWP30P140
      595   224.91   CKND2D0BWP30P140
       19   43.092   DFCNQD1BWP30P140
       88    55.44   IAO21D0BWP30P140
      150     75.6   IND2D0BWP30P140
       10      6.3   IND3D0BWP30P140
       10     7.56   IND4D0BWP30P140
       99   49.896   INR2D0BWP30P140
       19    11.97   INR3D0BWP30P140
        8    6.048   INR4D0BWP30P140
       81    51.03   IOA21D0BWP30P140
        3    2.646   IOA22D0BWP30P140
      340   257.04   MAOI222D0BWP30P140
       36   27.216   MAOI22D0BWP30P140
       22   16.632   MOAI22D0BWP30P140
      298  225.288   MUX2ND0BWP30P140
        3    5.292   MUX3D0BWP30P140
        2    3.276   MUX3ND0BWP30P140
        5    11.97   MUX4D0BWP30P140
       25     56.7   MUX4ND0BWP30P140
       84   42.336   ND3D0BWP30P140
       23    14.49   ND4D0BWP30P140
      423  159.894   NR2D0BWP30P140
       85    42.84   NR3D0BWP30P140
       38    23.94   NR4D0BWP30P140
       29   21.924   OA211D0BWP30P140
       54    34.02   OA21D0BWP30P140
        8    7.056   OA22D0BWP30P140
       32    20.16   OAI211D0BWP30P140
      162   81.648   OAI21D0BWP30P140
       10     8.82   OAI221D0BWP30P140
        2    2.016   OAI222D0BWP30P140
       46    28.98   OAI22D0BWP30P140
       49    30.87   OAI31D0BWP30P140
       11    8.316   OAI32D0BWP30P140
       26   22.932   OAI33D0BWP30P140
       59   29.736   OR2D0BWP30P140
        8     5.04   OR3D0BWP30P140
        6    4.536   OR4D0BWP30P140
      665   586.53   XNR2UD0BWP30P140
      141  248.724   XNR3UD0BWP30P140
        7   18.522   XNR4D0BWP30P140
      375   330.75   XOR2UD0BWP30P140
       67  118.188   XOR3UD0BWP30P140
        1    2.646   XOR4D0BWP30P140
       19 3.67E+03 submodules
       16   846.72   CustomOperator_INT8_to_E3M2
        1    60.48   DirectToFP9b_INT8_x_E3M2_UE8M0
        1  285.516   FPNAdder
        1 2.48E+03   FixedFPTree_exp6_mant10_out10_vec16_range5

   Chip area for top module '\BFP_PE': 3730.734000
     of which used for sequential elements: 43.092000 (1.16%)

