Startpoint: reset (input port clocked by CORE_CLK)
Endpoint: _068_ (recovery check against rising-edge clock CORE_CLK)
Path Group: asynchronous
Path Type: max

    Delay      Time   Description
-------------------------------------------------------------
   0.0000    0.0000   clock CORE_CLK (rise edge)
   0.0000    0.0000   clock network delay (ideal)
   0.0000    0.0000 ^ input external delay
   0.0000    0.0000 ^ reset (in)
   0.0000    0.0000 ^ _068_/CDN (DFCNQD1BWP30P140)
             0.0000   data arrival time

  20.0000   20.0000   clock CORE_CLK (rise edge)
   0.0000   20.0000   clock network delay (ideal)
  -0.0500   19.9500   clock uncertainty
   0.0000   19.9500   clock reconvergence pessimism
            19.9500 ^ _068_/CP (DFCNQD1BWP30P140)
   0.0258   19.9758   library recovery time
            19.9758   data required time
-------------------------------------------------------------
            19.9758   data required time
            -0.0000   data arrival time
-------------------------------------------------------------
            19.9758   slack (MET)


Startpoint: io_op_a_i[14] (input port clocked by CORE_CLK)
Endpoint: _070_ (rising edge-triggered flip-flop clocked by CORE_CLK)
Path Group: CORE_CLK
Path Type: max

    Delay      Time   Description
-------------------------------------------------------------
   0.0000    0.0000   clock CORE_CLK (rise edge)
   0.0000    0.0000   clock network delay (ideal)
   0.0000    0.0000 v input external delay
   0.0000    0.0000 v io_op_a_i[14] (in)
   0.0170    0.0170 ^ reducedSum_op_1/_40_/ZN (NR3D0BWP30P140)
   0.0239    0.0410 ^ reducedSum_op_1/_60_/ZN (IOA21D0BWP30P140)
   0.0291    0.0700 ^ reducedSum_op_1/_61_/ZN (XNR3UD0BWP30P140)
   0.0356    0.1056 ^ reducedSum_op_1/_62_/Z (AN3D0BWP30P140)
   0.0313    0.1369 v reducedSum_op_1/_71_/ZN (MAOI222D0BWP30P140)
   0.0340    0.1709 ^ reducedSum_op_1/_82_/ZN (MAOI222D0BWP30P140)
   0.0630    0.2338 ^ reducedSum_op_1/_83_/ZN (IAO21D0BWP30P140)
   0.0151    0.2489 v reducedSum_sa_1/_0945_/ZN (CKND2D0BWP30P140)
   0.0307    0.2795 v reducedSum_sa_1/_0948_/Z (XOR2UD0BWP30P140)
   0.0297    0.3092 v reducedSum_sa_1/_0973_/ZN (XNR2UD0BWP30P140)
   0.0359    0.3452 v reducedSum_sa_1/_0982_/Z (XOR2UD0BWP30P140)
   0.0619    0.4071 v reducedSum_sa_1/_1007_/ZN (XNR4D0BWP30P140)
   0.0571    0.4641 v reducedSum_sa_1/_1029_/Z (XOR3UD0BWP30P140)
   0.0350    0.4992 v reducedSum_sa_1/_1043_/Z (XOR2UD0BWP30P140)
   0.0317    0.5308 ^ reducedSum_sa_1/_1069_/ZN (MAOI222D0BWP30P140)
   0.0266    0.5574 v reducedSum_sa_1/_1070_/ZN (MAOI222D0BWP30P140)
   0.0331    0.5905 ^ reducedSum_sa_1/_1071_/ZN (MAOI222D0BWP30P140)
   0.0267    0.6172 v reducedSum_sa_1/_1072_/ZN (MAOI222D0BWP30P140)
   0.0340    0.6512 ^ reducedSum_sa_1/_1073_/ZN (MAOI222D0BWP30P140)
   0.0266    0.6778 v reducedSum_sa_1/_1074_/ZN (MAOI222D0BWP30P140)
   0.0340    0.7118 ^ reducedSum_sa_1/_1075_/ZN (MAOI222D0BWP30P140)
   0.0267    0.7384 v reducedSum_sa_1/_1076_/ZN (MAOI222D0BWP30P140)
   0.0405    0.7789 ^ reducedSum_sa_1/_1077_/ZN (MAOI222D0BWP30P140)
   0.0298    0.8087 v reducedSum_sa_1/_1118_/ZN (MAOI222D0BWP30P140)
   0.0404    0.8491 ^ reducedSum_sa_1/_1119_/ZN (MAOI222D0BWP30P140)
   0.0337    0.8828 v reducedSum_sa_1/_1159_/ZN (MAOI222D0BWP30P140)
   0.0388    0.9216 ^ reducedSum_sa_1/_1161_/ZN (MAOI222D0BWP30P140)
   0.0241    0.9457 v reducedSum_sa_1/_1165_/Z (XOR2UD0BWP30P140)
   0.0175    0.9632 ^ reducedSum_reduced_nextLevel_adder/_0602_/ZN (CKND0BWP30P140)
   0.0098    0.9730 v reducedSum_reduced_nextLevel_adder/_0704_/ZN (NR2D0BWP30P140)
   0.0197    0.9928 ^ reducedSum_reduced_nextLevel_adder/_0705_/ZN (AOI21D0BWP30P140)
   0.0269    1.0196 v reducedSum_reduced_nextLevel_adder/_0706_/ZN (OAI211D0BWP30P140)
   0.0311    1.0507 ^ reducedSum_reduced_nextLevel_adder/_0710_/ZN (OAI222D0BWP30P140)
   0.0130    1.0638 v reducedSum_reduced_nextLevel_adder/_0711_/ZN (AOI21D0BWP30P140)
   0.6841    1.7479 ^ reducedSum_reduced_nextLevel_adder/_0713_/ZN (OAI31D0BWP30P140)
   0.0453    1.7932 ^ reducedSum_reduced_nextLevel_adder/_0806_/ZN (MUX4ND0BWP30P140)
   0.0465    1.8397 v reducedSum_reduced_nextLevel_adder/_0817_/ZN (MUX4ND0BWP30P140)
   0.0305    1.8702 ^ reducedSum_reduced_nextLevel_adder/_0889_/ZN (AOI22D0BWP30P140)
   0.0364    1.9066 v reducedSum_reduced_nextLevel_adder/_0890_/ZN (OAI211D0BWP30P140)
   0.0420    1.9486 v reducedSum_reduced_nextLevel_adder/_0896_/Z (OR3D0BWP30P140)
   0.0298    1.9784 ^ reducedSum_reduced_nextLevel_adder/_0900_/ZN (MAOI222D0BWP30P140)
   0.0212    1.9995 v reducedSum_reduced_nextLevel_adder/_0901_/ZN (AOI211D0BWP30P140)
   0.0265    2.0260 ^ reducedSum_reduced_nextLevel_adder/_0902_/ZN (OAI32D0BWP30P140)
   0.0273    2.0533 ^ reducedSum_reduced_nextLevel_adder/_0908_/Z (AO21D0BWP30P140)
   0.0229    2.0762 v reducedSum_reduced_nextLevel_adder/_0912_/ZN (MAOI222D0BWP30P140)
   0.0358    2.1120 ^ reducedSum_reduced_nextLevel_adder/_0916_/ZN (MAOI222D0BWP30P140)
   0.0200    2.1320 v reducedSum_reduced_nextLevel_adder/_0928_/ZN (AOI21D0BWP30P140)
   0.0272    2.1592 ^ reducedSum_reduced_nextLevel_adder/_0939_/ZN (OAI31D0BWP30P140)
   0.0221    2.1814 v reducedSum_reduced_nextLevel_adder/_0944_/ZN (AOI31D0BWP30P140)
   0.0260    2.2074 ^ reducedSum_reduced_nextLevel_adder/_0945_/ZN (OAI21D0BWP30P140)
   0.0190    2.2264 v reducedSum_reduced_nextLevel_adder/_0949_/ZN (AOI211D0BWP30P140)
   0.0241    2.2505 ^ reducedSum_reduced_nextLevel_adder/_0950_/ZN (OAI32D0BWP30P140)
   0.0218    2.2723 v reducedSum_reduced_nextLevel_adder/_0951_/ZN (AOI21D0BWP30P140)
   0.0202    2.2925 ^ reducedSum_reduced_nextLevel_adder/_0963_/ZN (OAI21D0BWP30P140)
   0.0265    2.3190 v reducedSum_reduced_nextLevel_adder/_0968_/ZN (AOI31D0BWP30P140)
   0.0969    2.4159 v reducedSum_reduced_nextLevel_adder/_0997_/Z (AO22D0BWP30P140)
   0.0720    2.4879 ^ reducedSum_reduced_nextLevel_adder/_1009_/ZN (AOI211D0BWP30P140)
   0.0474    2.5353 v reducedSum_reduced_nextLevel_adder/_1024_/ZN (ND4D0BWP30P140)
   0.0427    2.5780 ^ reducedSum_reduced_nextLevel_adder/_1039_/ZN (NR4D0BWP30P140)
   0.0490    2.6270 ^ reducedSum_reduced_nextLevel_adder/_1054_/Z (AN4D0BWP30P140)
   0.0559    2.6829 ^ reducedSum_reduced_nextLevel_adder/_1069_/ZN (INR4D0BWP30P140)
   0.0515    2.7344 v reducedSum_reduced_nextLevel_adder/_1083_/ZN (ND4D0BWP30P140)
   0.0412    2.7756 ^ reducedSum_reduced_nextLevel_adder/_1097_/ZN (NR4D0BWP30P140)
   0.0477    2.8232 ^ reducedSum_reduced_nextLevel_adder/_1179_/Z (AN4D0BWP30P140)
   0.0297    2.8529 ^ reducedSum_reduced_nextLevel_adder/_1180_/Z (AN2D0BWP30P140)
   0.0216    2.8745 v reducedSum_reduced_nextLevel_adder/_1186_/ZN (MAOI222D0BWP30P140)
   0.0347    2.9092 v reducedSum_reduced_nextLevel_adder/_1187_/Z (XOR2UD0BWP30P140)
   0.0404    2.9496 v reducedSum_reduced_nextLevel_adder_2/_0608_/Z (XOR2UD0BWP30P140)
   0.0413    2.9909 ^ reducedSum_reduced_nextLevel_adder_2/_0633_/ZN (OAI31D0BWP30P140)
   0.0256    3.0166 v reducedSum_reduced_nextLevel_adder_2/_0635_/ZN (OAI211D0BWP30P140)
   0.0320    3.0486 ^ reducedSum_reduced_nextLevel_adder_2/_0638_/ZN (AOI21D0BWP30P140)
   0.0186    3.0672 v reducedSum_reduced_nextLevel_adder_2/_0639_/ZN (NR2D0BWP30P140)
   0.6867    3.7539 ^ reducedSum_reduced_nextLevel_adder_2/_0713_/ZN (OAI31D0BWP30P140)
   0.0453    3.7992 ^ reducedSum_reduced_nextLevel_adder_2/_0806_/ZN (MUX4ND0BWP30P140)
   0.0465    3.8457 v reducedSum_reduced_nextLevel_adder_2/_0817_/ZN (MUX4ND0BWP30P140)
   0.0305    3.8762 ^ reducedSum_reduced_nextLevel_adder_2/_0889_/ZN (AOI22D0BWP30P140)
   0.0364    3.9126 v reducedSum_reduced_nextLevel_adder_2/_0890_/ZN (OAI211D0BWP30P140)
   0.0420    3.9546 v reducedSum_reduced_nextLevel_adder_2/_0896_/Z (OR3D0BWP30P140)
   0.0298    3.9844 ^ reducedSum_reduced_nextLevel_adder_2/_0900_/ZN (MAOI222D0BWP30P140)
   0.0212    4.0056 v reducedSum_reduced_nextLevel_adder_2/_0901_/ZN (AOI211D0BWP30P140)
   0.0265    4.0320 ^ reducedSum_reduced_nextLevel_adder_2/_0902_/ZN (OAI32D0BWP30P140)
   0.0273    4.0593 ^ reducedSum_reduced_nextLevel_adder_2/_0908_/Z (AO21D0BWP30P140)
   0.0229    4.0822 v reducedSum_reduced_nextLevel_adder_2/_0912_/ZN (MAOI222D0BWP30P140)
   0.0358    4.1180 ^ reducedSum_reduced_nextLevel_adder_2/_0916_/ZN (MAOI222D0BWP30P140)
   0.0200    4.1381 v reducedSum_reduced_nextLevel_adder_2/_0928_/ZN (AOI21D0BWP30P140)
   0.0272    4.1653 ^ reducedSum_reduced_nextLevel_adder_2/_0939_/ZN (OAI31D0BWP30P140)
   0.0221    4.1874 v reducedSum_reduced_nextLevel_adder_2/_0944_/ZN (AOI31D0BWP30P140)
   0.0260    4.2135 ^ reducedSum_reduced_nextLevel_adder_2/_0945_/ZN (OAI21D0BWP30P140)
   0.0190    4.2324 v reducedSum_reduced_nextLevel_adder_2/_0949_/ZN (AOI211D0BWP30P140)
   0.0241    4.2565 ^ reducedSum_reduced_nextLevel_adder_2/_0950_/ZN (OAI32D0BWP30P140)
   0.0218    4.2783 v reducedSum_reduced_nextLevel_adder_2/_0951_/ZN (AOI21D0BWP30P140)
   0.0202    4.2985 ^ reducedSum_reduced_nextLevel_adder_2/_0963_/ZN (OAI21D0BWP30P140)
   0.0265    4.3250 v reducedSum_reduced_nextLevel_adder_2/_0968_/ZN (AOI31D0BWP30P140)
   0.0969    4.4219 v reducedSum_reduced_nextLevel_adder_2/_0997_/Z (AO22D0BWP30P140)
   0.0720    4.4939 ^ reducedSum_reduced_nextLevel_adder_2/_1009_/ZN (AOI211D0BWP30P140)
   0.0474    4.5413 v reducedSum_reduced_nextLevel_adder_2/_1024_/ZN (ND4D0BWP30P140)
   0.0427    4.5840 ^ reducedSum_reduced_nextLevel_adder_2/_1039_/ZN (NR4D0BWP30P140)
   0.0490    4.6330 ^ reducedSum_reduced_nextLevel_adder_2/_1054_/Z (AN4D0BWP30P140)
   0.0559    4.6889 ^ reducedSum_reduced_nextLevel_adder_2/_1069_/ZN (INR4D0BWP30P140)
   0.0515    4.7404 v reducedSum_reduced_nextLevel_adder_2/_1083_/ZN (ND4D0BWP30P140)
   0.0306    4.7711 ^ reducedSum_reduced_nextLevel_adder_2/_1092_/ZN (NR3D0BWP30P140)
   0.0164    4.7874 v reducedSum_reduced_nextLevel_adder_2/_1105_/ZN (NR2D0BWP30P140)
   0.0188    4.8062 ^ reducedSum_conv/_169_/ZN (NR2D0BWP30P140)
   0.0178    4.8240 v reducedSum_conv/_170_/ZN (OAI31D0BWP30P140)
   0.0246    4.8487 v reducedSum_conv/_171_/Z (OA211D0BWP30P140)
   0.0759    4.9246 ^ reducedSum_conv/_172_/ZN (NR3D0BWP30P140)
   0.0454    4.9700 v reducedSum_conv/_187_/ZN (MAOI222D0BWP30P140)
   0.0386    5.0086 ^ reducedSum_conv/_217_/ZN (AOI211D0BWP30P140)
   0.0221    5.0307 ^ reducedSum_conv/_218_/Z (OR3D0BWP30P140)
   0.0438    5.0745 v reducedSum_conv/_220_/ZN (ND4D0BWP30P140)
   0.0492    5.1237 ^ reducedSum_conv/_225_/ZN (AOI211D0BWP30P140)
   0.0685    5.1922 ^ reducedSum_conv/_229_/Z (AO21D0BWP30P140)
   0.0255    5.2177 v reducedSum_conv/_241_/ZN (NR2D0BWP30P140)
   0.0298    5.2475 v accAdder/_0897_/ZN (XNR2UD0BWP30P140)
   0.0314    5.2789 ^ accAdder/_0899_/ZN (AOI21D0BWP30P140)
   0.0301    5.3090 v accAdder/_0901_/ZN (MAOI222D0BWP30P140)
   0.0358    5.3448 ^ accAdder/_0902_/ZN (MAOI222D0BWP30P140)
   0.0302    5.3751 v accAdder/_0903_/ZN (MAOI222D0BWP30P140)
   0.0374    5.4125 ^ accAdder/_0966_/ZN (MAOI222D0BWP30P140)
   0.0303    5.4428 v accAdder/_0968_/ZN (MAOI222D0BWP30P140)
   0.0250    5.4678 v accAdder/_0970_/ZN (XNR2UD0BWP30P140)
   0.0212    5.4890 ^ accAdder/_0971_/ZN (NR2D0BWP30P140)
   0.0257    5.5148 ^ accAdder/_0972_/Z (AN2D0BWP30P140)
   0.4170    5.9317 v accAdder/_0975_/ZN (AOI31D0BWP30P140)
   0.4192    6.3510 ^ accAdder/_0991_/ZN (AOI22D0BWP30P140)
   0.0318    6.3828 v accAdder/_1063_/ZN (CKND2D0BWP30P140)
   0.0370    6.4198 ^ accAdder/_1188_/ZN (OAI32D0BWP30P140)
   0.0151    6.4348 v accAdder/_1189_/ZN (AOI21D0BWP30P140)
   0.0396    6.4745 ^ accAdder/_1191_/ZN (OAI221D0BWP30P140)
   0.0211    6.4956 v accAdder/_1196_/ZN (OAI31D0BWP30P140)
   0.0222    6.5178 ^ accAdder/_1198_/ZN (AOI21D0BWP30P140)
   0.0256    6.5434 v accAdder/_1200_/ZN (MAOI222D0BWP30P140)
   0.0396    6.5830 ^ accAdder/_1202_/ZN (MAOI222D0BWP30P140)
   0.0257    6.6087 v accAdder/_1204_/ZN (MAOI222D0BWP30P140)
   0.0277    6.6364 ^ accAdder/_1206_/ZN (AOI21D0BWP30P140)
   0.0253    6.6617 ^ accAdder/_1209_/ZN (IAO21D0BWP30P140)
   0.0247    6.6864 v accAdder/_1211_/ZN (MAOI222D0BWP30P140)
   0.0395    6.7259 ^ accAdder/_1213_/ZN (MAOI222D0BWP30P140)
   0.0265    6.7524 v accAdder/_1221_/ZN (MAOI222D0BWP30P140)
   0.0354    6.7878 v accAdder/_1232_/Z (AO21D0BWP30P140)
   0.0261    6.8138 ^ accAdder/_1242_/ZN (MAOI222D0BWP30P140)
   0.0265    6.8404 v accAdder/_1255_/ZN (MAOI222D0BWP30P140)
   0.0315    6.8719 v accAdder/_1259_/Z (AO21D0BWP30P140)
   0.0182    6.8900 ^ accAdder/_1276_/ZN (AOI21D0BWP30P140)
   0.0258    6.9159 v accAdder/_1280_/ZN (MAOI222D0BWP30P140)
   0.0391    6.9550 ^ accAdder/_1296_/ZN (MAOI222D0BWP30P140)
   0.0262    6.9811 v accAdder/_1300_/ZN (MAOI222D0BWP30P140)
   0.0304    7.0115 ^ accAdder/_1318_/ZN (AOI21D0BWP30P140)
   0.0249    7.0365 v accAdder/_1322_/ZN (MAOI222D0BWP30P140)
   0.0364    7.0729 v accAdder/_1345_/Z (AO21D0BWP30P140)
   0.0156    7.0885 ^ accAdder/_1353_/ZN (MUX2ND0BWP30P140)
   0.0347    7.1233 ^ accAdder/_1354_/ZN (XNR2UD0BWP30P140)
   0.0288    7.1520 ^ accAdder/_1453_/ZN (MAOI22D0BWP30P140)
   0.1281    7.2801 v accAdder/_1456_/ZN (OAI211D0BWP30P140)
   0.0886    7.3687 ^ accAdder/_1531_/Z (MUX4D0BWP30P140)
   0.0194    7.3882 v accAdder/_1534_/ZN (MUX3ND0BWP30P140)
   0.0405    7.4287 ^ accAdder/_1568_/ZN (NR2D0BWP30P140)
   0.0507    7.4794 ^ accAdder/_1577_/ZN (INR4D0BWP30P140)
   0.0510    7.5304 ^ accAdder/_1582_/Z (AN4D0BWP30P140)
   0.0395    7.5699 ^ accAdder/_1590_/Z (AN4D0BWP30P140)
   0.0406    7.6104 ^ accAdder/_1601_/Z (AN4D0BWP30P140)
   0.0349    7.6453 ^ accAdder/_1603_/Z (AN3D0BWP30P140)
   0.0271    7.6725 v accAdder/_1605_/ZN (IND3D0BWP30P140)
   0.0379    7.7104 v accAdder/_1606_/Z (OR3D0BWP30P140)
   0.0368    7.7472 ^ accAdder/_1608_/ZN (INR3D0BWP30P140)
   0.0364    7.7836 v accAdder/_1611_/ZN (MAOI222D0BWP30P140)
   0.0357    7.8193 ^ accAdder/_1616_/ZN (NR4D0BWP30P140)
   0.0219    7.8412 v accAdder/_1619_/ZN (OAI31D0BWP30P140)
   0.0327    7.8739 v accAdder/_1621_/Z (AO21D0BWP30P140)
   0.0312    7.9051 ^ accAdder/_1623_/ZN (AOI21D0BWP30P140)
   0.0237    7.9288 v accAdder/_1626_/ZN (OAI21D0BWP30P140)
   0.0215    7.9503 v accAdder/_1658_/Z (AN3D0BWP30P140)
   0.0613    8.0115 v accAdder/_1659_/Z (OR3D0BWP30P140)
   0.0420    8.0535 ^ accAdder/_1703_/ZN (AOI211D0BWP30P140)
   0.0261    8.0796 ^ _060_/Z (AO22D0BWP30P140)
   0.0000    8.0796 ^ _070_/D (DFCNQD1BWP30P140)
             8.0796   data arrival time

  20.0000   20.0000   clock CORE_CLK (rise edge)
   0.0000   20.0000   clock network delay (ideal)
  -0.0500   19.9500   clock uncertainty
   0.0000   19.9500   clock reconvergence pessimism
            19.9500 ^ _070_/CP (DFCNQD1BWP30P140)
  -0.0174   19.9326   library setup time
            19.9326   data required time
-------------------------------------------------------------
            19.9326   data required time
            -8.0796   data arrival time
-------------------------------------------------------------
            11.8531   slack (MET)


