Startpoint: reset (input port clocked by CORE_CLK)
Endpoint: _068_ (recovery check against rising-edge clock CORE_CLK)
Path Group: asynchronous
Path Type: max

    Delay      Time   Description
-------------------------------------------------------------
   0.0000    0.0000   clock CORE_CLK (rise edge)
   0.0000    0.0000   clock network delay (ideal)
   0.0000    0.0000 ^ input external delay
   0.0000    0.0000 ^ reset (in)
   0.0000    0.0000 ^ _068_/CDN (DFCNQD1BWP30P140)
             0.0000   data arrival time

  20.0000   20.0000   clock CORE_CLK (rise edge)
   0.0000   20.0000   clock network delay (ideal)
  -0.0500   19.9500   clock uncertainty
   0.0000   19.9500   clock reconvergence pessimism
            19.9500 ^ _068_/CP (DFCNQD1BWP30P140)
   0.0258   19.9758   library recovery time
            19.9758   data required time
-------------------------------------------------------------
            19.9758   data required time
            -0.0000   data arrival time
-------------------------------------------------------------
            19.9758   slack (MET)


Startpoint: io_share_exp_B_i[5] (input port clocked by CORE_CLK)
Endpoint: _070_ (rising edge-triggered flip-flop clocked by CORE_CLK)
Path Group: CORE_CLK
Path Type: max

    Delay      Time   Description
-------------------------------------------------------------
   0.0000    0.0000   clock CORE_CLK (rise edge)
   0.0000    0.0000   clock network delay (ideal)
   0.0000    0.0000 ^ input external delay
   0.0000    0.0000 ^ io_share_exp_B_i[5] (in)
   0.0135    0.0135 v reducedSum_sa_1/_0812_/ZN (CKND2D0BWP30P140)
   0.0625    0.0760 v reducedSum_sa_1/_0834_/ZN (XNR3UD0BWP30P140)
   0.0611    0.1371 v reducedSum_sa_1/_0839_/Z (XOR3UD0BWP30P140)
   0.0287    0.1658 v reducedSum_sa_1/_0840_/Z (XOR2UD0BWP30P140)
   0.0290    0.1948 v reducedSum_sa_1/_0841_/ZN (XNR2UD0BWP30P140)
   0.0317    0.2265 v reducedSum_sa_1/_0842_/ZN (XNR3UD0BWP30P140)
   0.0377    0.2643 ^ reducedSum_sa_1/_0848_/ZN (MAOI222D0BWP30P140)
   0.0368    0.3010 v reducedSum_sa_1/_0887_/ZN (MAOI222D0BWP30P140)
   0.0425    0.3436 ^ reducedSum_sa_1/_0941_/ZN (MAOI222D0BWP30P140)
   0.0329    0.3764 v reducedSum_sa_1/_1053_/ZN (MAOI222D0BWP30P140)
   0.0340    0.4105 ^ reducedSum_sa_1/_1083_/ZN (AOI21D0BWP30P140)
   0.0313    0.4418 v reducedSum_sa_1/_1097_/ZN (MAOI222D0BWP30P140)
   0.0418    0.4836 v reducedSum_sa_1/_1102_/Z (XOR2UD0BWP30P140)
   0.0343    0.5179 ^ reducedSum_sa_1/_1222_/ZN (CKND2D0BWP30P140)
   0.0523    0.5702 v reducedSum_sa_1/_1284_/ZN (XNR3UD0BWP30P140)
   0.0338    0.6040 v reducedSum_sa_1/_1286_/ZN (XNR2UD0BWP30P140)
   0.0586    0.6626 v reducedSum_sa_1/_1320_/ZN (XNR3UD0BWP30P140)
   0.0522    0.7148 v reducedSum_sa_1/_1341_/ZN (XNR3UD0BWP30P140)
   0.0139    0.7287 ^ reducedSum_sa_1/_1342_/ZN (CKND0BWP30P140)
   0.0258    0.7545 v reducedSum_sa_1/_1355_/ZN (MAOI222D0BWP30P140)
   0.0311    0.7856 ^ reducedSum_sa_1/_1358_/ZN (AOI21D0BWP30P140)
   0.0229    0.8085 v reducedSum_sa_1/_1361_/ZN (OAI21D0BWP30P140)
   0.0272    0.8357 ^ reducedSum_sa_1/_1364_/ZN (AOI21D0BWP30P140)
   0.0252    0.8609 v reducedSum_sa_1/_1366_/ZN (OAI21D0BWP30P140)
   0.0280    0.8890 ^ reducedSum_sa_1/_1370_/ZN (AOI211D0BWP30P140)
   0.0220    0.9110 v reducedSum_sa_1/_1393_/ZN (OAI31D0BWP30P140)
   0.0294    0.9404 v reducedSum_sa_1/_1399_/ZN (XNR2UD0BWP30P140)
   0.0179    0.9583 ^ reducedSum_reduced_nextLevel_adder/_0659_/ZN (CKND0BWP30P140)
   0.0152    0.9735 v reducedSum_reduced_nextLevel_adder/_0735_/ZN (AOI22D0BWP30P140)
   0.0166    0.9900 ^ reducedSum_reduced_nextLevel_adder/_0737_/ZN (OAI21D0BWP30P140)
   0.0164    1.0064 ^ reducedSum_reduced_nextLevel_adder/_0738_/Z (OR2D0BWP30P140)
   0.0245    1.0309 ^ reducedSum_reduced_nextLevel_adder/_0740_/ZN (IAO21D0BWP30P140)
   0.4518    1.4827 v reducedSum_reduced_nextLevel_adder/_0742_/ZN (OAI21D0BWP30P140)
   0.1733    1.6559 v reducedSum_reduced_nextLevel_adder/_0971_/Z (MUX4D0BWP30P140)
   0.0258    1.6817 v reducedSum_reduced_nextLevel_adder/_0972_/Z (AN3D0BWP30P140)
   0.0258    1.7075 ^ reducedSum_reduced_nextLevel_adder/_0973_/ZN (AOI211D0BWP30P140)
   0.0368    1.7443 v reducedSum_reduced_nextLevel_adder/_0974_/ZN (OAI211D0BWP30P140)
   0.0270    1.7713 v reducedSum_reduced_nextLevel_adder/_0994_/Z (AN2D0BWP30P140)
   0.0170    1.7883 ^ reducedSum_reduced_nextLevel_adder/_1077_/ZN (OAI211D0BWP30P140)
   0.0228    1.8111 v reducedSum_reduced_nextLevel_adder/_1078_/ZN (AOI31D0BWP30P140)
   0.0251    1.8362 ^ reducedSum_reduced_nextLevel_adder/_1079_/ZN (AOI21D0BWP30P140)
   0.0230    1.8592 v reducedSum_reduced_nextLevel_adder/_1080_/ZN (OAI211D0BWP30P140)
   0.0295    1.8887 ^ reducedSum_reduced_nextLevel_adder/_1081_/ZN (AOI31D0BWP30P140)
   0.0240    1.9127 v reducedSum_reduced_nextLevel_adder/_1083_/ZN (OAI211D0BWP30P140)
   0.0272    1.9398 ^ reducedSum_reduced_nextLevel_adder/_1084_/ZN (AOI31D0BWP30P140)
   0.0253    1.9651 v reducedSum_reduced_nextLevel_adder/_1085_/ZN (MAOI222D0BWP30P140)
   0.0326    1.9977 v reducedSum_reduced_nextLevel_adder/_1086_/ZN (IOA21D0BWP30P140)
   0.0194    2.0170 ^ reducedSum_reduced_nextLevel_adder/_1087_/ZN (AOI21D0BWP30P140)
   0.0108    2.0279 v reducedSum_reduced_nextLevel_adder/_1088_/ZN (INR2D0BWP30P140)
   0.0248    2.0527 ^ reducedSum_reduced_nextLevel_adder/_1090_/ZN (OAI31D0BWP30P140)
   0.0252    2.0779 v reducedSum_reduced_nextLevel_adder/_1091_/ZN (MAOI222D0BWP30P140)
   0.0305    2.1084 ^ reducedSum_reduced_nextLevel_adder/_1092_/ZN (AOI21D0BWP30P140)
   0.0191    2.1275 ^ reducedSum_reduced_nextLevel_adder/_1093_/ZN (IND2D0BWP30P140)
   0.0178    2.1453 v reducedSum_reduced_nextLevel_adder/_1096_/ZN (AOI22D0BWP30P140)
   0.0308    2.1761 v reducedSum_reduced_nextLevel_adder/_1097_/Z (OA21D0BWP30P140)
   0.0174    2.1934 v reducedSum_reduced_nextLevel_adder/_1098_/ZN (IND2D0BWP30P140)
   0.0128    2.2062 ^ reducedSum_reduced_nextLevel_adder/_1099_/ZN (ND3D0BWP30P140)
   0.0266    2.2328 v reducedSum_reduced_nextLevel_adder/_1101_/ZN (OAI21D0BWP30P140)
   0.0981    2.3309 v reducedSum_reduced_nextLevel_adder/_1103_/Z (AO21D0BWP30P140)
   0.0584    2.3894 ^ reducedSum_reduced_nextLevel_adder/_1115_/ZN (AOI211D0BWP30P140)
   0.0560    2.4453 v reducedSum_reduced_nextLevel_adder/_1129_/ZN (ND4D0BWP30P140)
   0.0459    2.4912 ^ reducedSum_reduced_nextLevel_adder/_1144_/ZN (NR4D0BWP30P140)
   0.0440    2.5352 v reducedSum_reduced_nextLevel_adder/_1158_/ZN (ND4D0BWP30P140)
   0.0418    2.5770 ^ reducedSum_reduced_nextLevel_adder/_1174_/ZN (NR4D0BWP30P140)
   0.0486    2.6256 ^ reducedSum_reduced_nextLevel_adder/_1188_/Z (AN4D0BWP30P140)
   0.0435    2.6691 ^ reducedSum_reduced_nextLevel_adder/_1205_/ZN (INR4D0BWP30P140)
   0.0351    2.7041 v reducedSum_reduced_nextLevel_adder/_1220_/ZN (IND4D0BWP30P140)
   0.0268    2.7310 ^ reducedSum_reduced_nextLevel_adder/_1291_/ZN (NR3D0BWP30P140)
   0.0093    2.7403 v reducedSum_reduced_nextLevel_adder/_1305_/ZN (IAO21D0BWP30P140)
   0.0286    2.7689 v reducedSum_reduced_nextLevel_adder/_1306_/Z (XOR2UD0BWP30P140)
   0.0421    2.8110 ^ reducedSum_reduced_nextLevel_adder_8/_0664_/Z (XOR2UD0BWP30P140)
   0.0280    2.8389 v reducedSum_reduced_nextLevel_adder_8/_0665_/ZN (OAI21D0BWP30P140)
   0.0345    2.8735 ^ reducedSum_reduced_nextLevel_adder_8/_0681_/ZN (AOI211D0BWP30P140)
   0.0281    2.9015 v reducedSum_reduced_nextLevel_adder_8/_0687_/ZN (OAI31D0BWP30P140)
   0.0317    2.9332 v reducedSum_reduced_nextLevel_adder_8/_0689_/Z (XOR2UD0BWP30P140)
   0.0212    2.9544 ^ reducedSum_reduced_nextLevel_adder_8/_0691_/ZN (CKND2D0BWP30P140)
   0.4513    3.4057 v reducedSum_reduced_nextLevel_adder_8/_0742_/ZN (OAI21D0BWP30P140)
   0.1733    3.5790 v reducedSum_reduced_nextLevel_adder_8/_0971_/Z (MUX4D0BWP30P140)
   0.0258    3.6048 v reducedSum_reduced_nextLevel_adder_8/_0972_/Z (AN3D0BWP30P140)
   0.0258    3.6306 ^ reducedSum_reduced_nextLevel_adder_8/_0973_/ZN (AOI211D0BWP30P140)
   0.0368    3.6674 v reducedSum_reduced_nextLevel_adder_8/_0974_/ZN (OAI211D0BWP30P140)
   0.0270    3.6944 v reducedSum_reduced_nextLevel_adder_8/_0994_/Z (AN2D0BWP30P140)
   0.0170    3.7114 ^ reducedSum_reduced_nextLevel_adder_8/_1077_/ZN (OAI211D0BWP30P140)
   0.0228    3.7342 v reducedSum_reduced_nextLevel_adder_8/_1078_/ZN (AOI31D0BWP30P140)
   0.0251    3.7592 ^ reducedSum_reduced_nextLevel_adder_8/_1079_/ZN (AOI21D0BWP30P140)
   0.0230    3.7822 v reducedSum_reduced_nextLevel_adder_8/_1080_/ZN (OAI211D0BWP30P140)
   0.0295    3.8118 ^ reducedSum_reduced_nextLevel_adder_8/_1081_/ZN (AOI31D0BWP30P140)
   0.0240    3.8357 v reducedSum_reduced_nextLevel_adder_8/_1083_/ZN (OAI211D0BWP30P140)
   0.0272    3.8629 ^ reducedSum_reduced_nextLevel_adder_8/_1084_/ZN (AOI31D0BWP30P140)
   0.0253    3.8881 v reducedSum_reduced_nextLevel_adder_8/_1085_/ZN (MAOI222D0BWP30P140)
   0.0326    3.9207 v reducedSum_reduced_nextLevel_adder_8/_1086_/ZN (IOA21D0BWP30P140)
   0.0194    3.9401 ^ reducedSum_reduced_nextLevel_adder_8/_1087_/ZN (AOI21D0BWP30P140)
   0.0108    3.9510 v reducedSum_reduced_nextLevel_adder_8/_1088_/ZN (INR2D0BWP30P140)
   0.0248    3.9757 ^ reducedSum_reduced_nextLevel_adder_8/_1090_/ZN (OAI31D0BWP30P140)
   0.0252    4.0009 v reducedSum_reduced_nextLevel_adder_8/_1091_/ZN (MAOI222D0BWP30P140)
   0.0305    4.0315 ^ reducedSum_reduced_nextLevel_adder_8/_1092_/ZN (AOI21D0BWP30P140)
   0.0191    4.0506 ^ reducedSum_reduced_nextLevel_adder_8/_1093_/ZN (IND2D0BWP30P140)
   0.0178    4.0683 v reducedSum_reduced_nextLevel_adder_8/_1096_/ZN (AOI22D0BWP30P140)
   0.0308    4.0991 v reducedSum_reduced_nextLevel_adder_8/_1097_/Z (OA21D0BWP30P140)
   0.0174    4.1165 v reducedSum_reduced_nextLevel_adder_8/_1098_/ZN (IND2D0BWP30P140)
   0.0128    4.1293 ^ reducedSum_reduced_nextLevel_adder_8/_1099_/ZN (ND3D0BWP30P140)
   0.0266    4.1559 v reducedSum_reduced_nextLevel_adder_8/_1101_/ZN (OAI21D0BWP30P140)
   0.0981    4.2540 v reducedSum_reduced_nextLevel_adder_8/_1103_/Z (AO21D0BWP30P140)
   0.0584    4.3124 ^ reducedSum_reduced_nextLevel_adder_8/_1115_/ZN (AOI211D0BWP30P140)
   0.0560    4.3684 v reducedSum_reduced_nextLevel_adder_8/_1129_/ZN (ND4D0BWP30P140)
   0.0459    4.4143 ^ reducedSum_reduced_nextLevel_adder_8/_1144_/ZN (NR4D0BWP30P140)
   0.0440    4.4583 v reducedSum_reduced_nextLevel_adder_8/_1158_/ZN (ND4D0BWP30P140)
   0.0418    4.5001 ^ reducedSum_reduced_nextLevel_adder_8/_1174_/ZN (NR4D0BWP30P140)
   0.0486    4.5487 ^ reducedSum_reduced_nextLevel_adder_8/_1188_/Z (AN4D0BWP30P140)
   0.0435    4.5922 ^ reducedSum_reduced_nextLevel_adder_8/_1205_/ZN (INR4D0BWP30P140)
   0.0351    4.6272 v reducedSum_reduced_nextLevel_adder_8/_1220_/ZN (IND4D0BWP30P140)
   0.0268    4.6541 ^ reducedSum_reduced_nextLevel_adder_8/_1291_/ZN (NR3D0BWP30P140)
   0.0093    4.6633 v reducedSum_reduced_nextLevel_adder_8/_1305_/ZN (IAO21D0BWP30P140)
   0.0286    4.6920 v reducedSum_reduced_nextLevel_adder_8/_1306_/Z (XOR2UD0BWP30P140)
   0.0421    4.7341 ^ reducedSum_reduced_nextLevel_adder_12/_0664_/Z (XOR2UD0BWP30P140)
   0.0280    4.7620 v reducedSum_reduced_nextLevel_adder_12/_0665_/ZN (OAI21D0BWP30P140)
   0.0345    4.7965 ^ reducedSum_reduced_nextLevel_adder_12/_0681_/ZN (AOI211D0BWP30P140)
   0.0281    4.8246 v reducedSum_reduced_nextLevel_adder_12/_0687_/ZN (OAI31D0BWP30P140)
   0.0317    4.8563 v reducedSum_reduced_nextLevel_adder_12/_0689_/Z (XOR2UD0BWP30P140)
   0.0212    4.8775 ^ reducedSum_reduced_nextLevel_adder_12/_0691_/ZN (CKND2D0BWP30P140)
   0.4513    5.3288 v reducedSum_reduced_nextLevel_adder_12/_0742_/ZN (OAI21D0BWP30P140)
   0.1733    5.5021 v reducedSum_reduced_nextLevel_adder_12/_0971_/Z (MUX4D0BWP30P140)
   0.0258    5.5279 v reducedSum_reduced_nextLevel_adder_12/_0972_/Z (AN3D0BWP30P140)
   0.0258    5.5537 ^ reducedSum_reduced_nextLevel_adder_12/_0973_/ZN (AOI211D0BWP30P140)
   0.0368    5.5905 v reducedSum_reduced_nextLevel_adder_12/_0974_/ZN (OAI211D0BWP30P140)
   0.0270    5.6174 v reducedSum_reduced_nextLevel_adder_12/_0994_/Z (AN2D0BWP30P140)
   0.0170    5.6344 ^ reducedSum_reduced_nextLevel_adder_12/_1077_/ZN (OAI211D0BWP30P140)
   0.0228    5.6573 v reducedSum_reduced_nextLevel_adder_12/_1078_/ZN (AOI31D0BWP30P140)
   0.0251    5.6823 ^ reducedSum_reduced_nextLevel_adder_12/_1079_/ZN (AOI21D0BWP30P140)
   0.0230    5.7053 v reducedSum_reduced_nextLevel_adder_12/_1080_/ZN (OAI211D0BWP30P140)
   0.0295    5.7348 ^ reducedSum_reduced_nextLevel_adder_12/_1081_/ZN (AOI31D0BWP30P140)
   0.0240    5.7588 v reducedSum_reduced_nextLevel_adder_12/_1083_/ZN (OAI211D0BWP30P140)
   0.0272    5.7860 ^ reducedSum_reduced_nextLevel_adder_12/_1084_/ZN (AOI31D0BWP30P140)
   0.0253    5.8112 v reducedSum_reduced_nextLevel_adder_12/_1085_/ZN (MAOI222D0BWP30P140)
   0.0326    5.8438 v reducedSum_reduced_nextLevel_adder_12/_1086_/ZN (IOA21D0BWP30P140)
   0.0194    5.8632 ^ reducedSum_reduced_nextLevel_adder_12/_1087_/ZN (AOI21D0BWP30P140)
   0.0108    5.8740 v reducedSum_reduced_nextLevel_adder_12/_1088_/ZN (INR2D0BWP30P140)
   0.0248    5.8988 ^ reducedSum_reduced_nextLevel_adder_12/_1090_/ZN (OAI31D0BWP30P140)
   0.0252    5.9240 v reducedSum_reduced_nextLevel_adder_12/_1091_/ZN (MAOI222D0BWP30P140)
   0.0305    5.9546 ^ reducedSum_reduced_nextLevel_adder_12/_1092_/ZN (AOI21D0BWP30P140)
   0.0191    5.9737 ^ reducedSum_reduced_nextLevel_adder_12/_1093_/ZN (IND2D0BWP30P140)
   0.0178    5.9914 v reducedSum_reduced_nextLevel_adder_12/_1096_/ZN (AOI22D0BWP30P140)
   0.0308    6.0222 v reducedSum_reduced_nextLevel_adder_12/_1097_/Z (OA21D0BWP30P140)
   0.0174    6.0396 v reducedSum_reduced_nextLevel_adder_12/_1098_/ZN (IND2D0BWP30P140)
   0.0128    6.0524 ^ reducedSum_reduced_nextLevel_adder_12/_1099_/ZN (ND3D0BWP30P140)
   0.0266    6.0790 v reducedSum_reduced_nextLevel_adder_12/_1101_/ZN (OAI21D0BWP30P140)
   0.0981    6.1771 v reducedSum_reduced_nextLevel_adder_12/_1103_/Z (AO21D0BWP30P140)
   0.0584    6.2355 ^ reducedSum_reduced_nextLevel_adder_12/_1115_/ZN (AOI211D0BWP30P140)
   0.0560    6.2915 v reducedSum_reduced_nextLevel_adder_12/_1129_/ZN (ND4D0BWP30P140)
   0.0459    6.3373 ^ reducedSum_reduced_nextLevel_adder_12/_1144_/ZN (NR4D0BWP30P140)
   0.0440    6.3814 v reducedSum_reduced_nextLevel_adder_12/_1158_/ZN (ND4D0BWP30P140)
   0.0418    6.4231 ^ reducedSum_reduced_nextLevel_adder_12/_1174_/ZN (NR4D0BWP30P140)
   0.0486    6.4718 ^ reducedSum_reduced_nextLevel_adder_12/_1188_/Z (AN4D0BWP30P140)
   0.0435    6.5152 ^ reducedSum_reduced_nextLevel_adder_12/_1205_/ZN (INR4D0BWP30P140)
   0.0351    6.5503 v reducedSum_reduced_nextLevel_adder_12/_1220_/ZN (IND4D0BWP30P140)
   0.0268    6.5772 ^ reducedSum_reduced_nextLevel_adder_12/_1291_/ZN (NR3D0BWP30P140)
   0.0093    6.5864 v reducedSum_reduced_nextLevel_adder_12/_1305_/ZN (IAO21D0BWP30P140)
   0.0286    6.6151 v reducedSum_reduced_nextLevel_adder_12/_1306_/Z (XOR2UD0BWP30P140)
   0.0421    6.6572 ^ reducedSum_reduced_nextLevel_adder_14/_0664_/Z (XOR2UD0BWP30P140)
   0.0280    6.6851 v reducedSum_reduced_nextLevel_adder_14/_0665_/ZN (OAI21D0BWP30P140)
   0.0345    6.7196 ^ reducedSum_reduced_nextLevel_adder_14/_0681_/ZN (AOI211D0BWP30P140)
   0.0281    6.7477 v reducedSum_reduced_nextLevel_adder_14/_0687_/ZN (OAI31D0BWP30P140)
   0.0317    6.7794 v reducedSum_reduced_nextLevel_adder_14/_0689_/Z (XOR2UD0BWP30P140)
   0.0212    6.8006 ^ reducedSum_reduced_nextLevel_adder_14/_0691_/ZN (CKND2D0BWP30P140)
   0.4513    7.2519 v reducedSum_reduced_nextLevel_adder_14/_0742_/ZN (OAI21D0BWP30P140)
   0.1733    7.4252 v reducedSum_reduced_nextLevel_adder_14/_0971_/Z (MUX4D0BWP30P140)
   0.0258    7.4509 v reducedSum_reduced_nextLevel_adder_14/_0972_/Z (AN3D0BWP30P140)
   0.0258    7.4768 ^ reducedSum_reduced_nextLevel_adder_14/_0973_/ZN (AOI211D0BWP30P140)
   0.0368    7.5135 v reducedSum_reduced_nextLevel_adder_14/_0974_/ZN (OAI211D0BWP30P140)
   0.0270    7.5405 v reducedSum_reduced_nextLevel_adder_14/_0994_/Z (AN2D0BWP30P140)
   0.0170    7.5575 ^ reducedSum_reduced_nextLevel_adder_14/_1077_/ZN (OAI211D0BWP30P140)
   0.0228    7.5803 v reducedSum_reduced_nextLevel_adder_14/_1078_/ZN (AOI31D0BWP30P140)
   0.0251    7.6054 ^ reducedSum_reduced_nextLevel_adder_14/_1079_/ZN (AOI21D0BWP30P140)
   0.0230    7.6284 v reducedSum_reduced_nextLevel_adder_14/_1080_/ZN (OAI211D0BWP30P140)
   0.0295    7.6579 ^ reducedSum_reduced_nextLevel_adder_14/_1081_/ZN (AOI31D0BWP30P140)
   0.0240    7.6819 v reducedSum_reduced_nextLevel_adder_14/_1083_/ZN (OAI211D0BWP30P140)
   0.0272    7.7090 ^ reducedSum_reduced_nextLevel_adder_14/_1084_/ZN (AOI31D0BWP30P140)
   0.0253    7.7343 v reducedSum_reduced_nextLevel_adder_14/_1085_/ZN (MAOI222D0BWP30P140)
   0.0326    7.7669 v reducedSum_reduced_nextLevel_adder_14/_1086_/ZN (IOA21D0BWP30P140)
   0.0194    7.7863 ^ reducedSum_reduced_nextLevel_adder_14/_1087_/ZN (AOI21D0BWP30P140)
   0.0108    7.7971 v reducedSum_reduced_nextLevel_adder_14/_1088_/ZN (INR2D0BWP30P140)
   0.0248    7.8219 ^ reducedSum_reduced_nextLevel_adder_14/_1090_/ZN (OAI31D0BWP30P140)
   0.0252    7.8471 v reducedSum_reduced_nextLevel_adder_14/_1091_/ZN (MAOI222D0BWP30P140)
   0.0305    7.8776 ^ reducedSum_reduced_nextLevel_adder_14/_1092_/ZN (AOI21D0BWP30P140)
   0.0191    7.8967 ^ reducedSum_reduced_nextLevel_adder_14/_1093_/ZN (IND2D0BWP30P140)
   0.0178    7.9145 v reducedSum_reduced_nextLevel_adder_14/_1096_/ZN (AOI22D0BWP30P140)
   0.0308    7.9453 v reducedSum_reduced_nextLevel_adder_14/_1097_/Z (OA21D0BWP30P140)
   0.0174    7.9627 v reducedSum_reduced_nextLevel_adder_14/_1098_/ZN (IND2D0BWP30P140)
   0.0128    7.9754 ^ reducedSum_reduced_nextLevel_adder_14/_1099_/ZN (ND3D0BWP30P140)
   0.0266    8.0021 v reducedSum_reduced_nextLevel_adder_14/_1101_/ZN (OAI21D0BWP30P140)
   0.0981    8.1002 v reducedSum_reduced_nextLevel_adder_14/_1103_/Z (AO21D0BWP30P140)
   0.0584    8.1586 ^ reducedSum_reduced_nextLevel_adder_14/_1115_/ZN (AOI211D0BWP30P140)
   0.0560    8.2146 v reducedSum_reduced_nextLevel_adder_14/_1129_/ZN (ND4D0BWP30P140)
   0.0459    8.2604 ^ reducedSum_reduced_nextLevel_adder_14/_1144_/ZN (NR4D0BWP30P140)
   0.0440    8.3045 v reducedSum_reduced_nextLevel_adder_14/_1158_/ZN (ND4D0BWP30P140)
   0.0418    8.3462 ^ reducedSum_reduced_nextLevel_adder_14/_1174_/ZN (NR4D0BWP30P140)
   0.0486    8.3948 ^ reducedSum_reduced_nextLevel_adder_14/_1188_/Z (AN4D0BWP30P140)
   0.0435    8.4383 ^ reducedSum_reduced_nextLevel_adder_14/_1205_/ZN (INR4D0BWP30P140)
   0.0301    8.4684 ^ reducedSum_reduced_nextLevel_adder_14/_1211_/Z (AN2D0BWP30P140)
   0.0121    8.4805 v reducedSum_reduced_nextLevel_adder_14/_1216_/ZN (CKND2D0BWP30P140)
   0.0223    8.5029 v reducedSum_reduced_nextLevel_adder_14/_1221_/Z (XOR2UD0BWP30P140)
   0.0402    8.5431 ^ reducedSum_conv/_146_/ZN (NR4D0BWP30P140)
   0.0206    8.5636 v reducedSum_conv/_149_/ZN (CKND2D0BWP30P140)
   0.0423    8.6059 ^ reducedSum_conv/_150_/ZN (NR2D0BWP30P140)
   0.0333    8.6393 ^ reducedSum_conv/_204_/Z (AN2D0BWP30P140)
   0.0133    8.6525 v reducedSum_conv/_205_/ZN (CKND0BWP30P140)
   0.0127    8.6653 ^ reducedSum_conv/_216_/ZN (OAI21D0BWP30P140)
   0.0186    8.6839 v reducedSum_conv/_217_/ZN (AOI21D0BWP30P140)
   0.0304    8.7143 v accAdder/_0897_/ZN (XNR2UD0BWP30P140)
   0.0314    8.7456 ^ accAdder/_0899_/ZN (AOI21D0BWP30P140)
   0.0301    8.7758 v accAdder/_0901_/ZN (MAOI222D0BWP30P140)
   0.0349    8.8107 ^ accAdder/_0902_/ZN (MAOI222D0BWP30P140)
   0.0302    8.8408 v accAdder/_0903_/ZN (MAOI222D0BWP30P140)
   0.0360    8.8769 ^ accAdder/_0966_/ZN (MAOI222D0BWP30P140)
   0.0302    8.9071 v accAdder/_0968_/ZN (MAOI222D0BWP30P140)
   0.0261    8.9332 v accAdder/_0970_/ZN (XNR2UD0BWP30P140)
   0.0212    8.9544 ^ accAdder/_0971_/ZN (NR2D0BWP30P140)
   0.0257    8.9801 ^ accAdder/_0972_/Z (AN2D0BWP30P140)
   0.4170    9.3971 v accAdder/_0975_/ZN (AOI31D0BWP30P140)
   0.4192    9.8163 ^ accAdder/_0991_/ZN (AOI22D0BWP30P140)
   0.0318    9.8482 v accAdder/_1063_/ZN (CKND2D0BWP30P140)
   0.0370    9.8851 ^ accAdder/_1188_/ZN (OAI32D0BWP30P140)
   0.0151    9.9002 v accAdder/_1189_/ZN (AOI21D0BWP30P140)
   0.0396    9.9398 ^ accAdder/_1191_/ZN (OAI221D0BWP30P140)
   0.0211    9.9609 v accAdder/_1196_/ZN (OAI31D0BWP30P140)
   0.0222    9.9832 ^ accAdder/_1198_/ZN (AOI21D0BWP30P140)
   0.0256   10.0087 v accAdder/_1200_/ZN (MAOI222D0BWP30P140)
   0.0396   10.0484 ^ accAdder/_1202_/ZN (MAOI222D0BWP30P140)
   0.0257   10.0741 v accAdder/_1204_/ZN (MAOI222D0BWP30P140)
   0.0277   10.1018 ^ accAdder/_1206_/ZN (AOI21D0BWP30P140)
   0.0253   10.1271 ^ accAdder/_1209_/ZN (IAO21D0BWP30P140)
   0.0247   10.1517 v accAdder/_1211_/ZN (MAOI222D0BWP30P140)
   0.0395   10.1913 ^ accAdder/_1213_/ZN (MAOI222D0BWP30P140)
   0.0265   10.2177 v accAdder/_1221_/ZN (MAOI222D0BWP30P140)
   0.0354   10.2531 v accAdder/_1232_/Z (AO21D0BWP30P140)
   0.0261   10.2792 ^ accAdder/_1242_/ZN (MAOI222D0BWP30P140)
   0.0265   10.3057 v accAdder/_1255_/ZN (MAOI222D0BWP30P140)
   0.0315   10.3372 v accAdder/_1259_/Z (AO21D0BWP30P140)
   0.0182   10.3554 ^ accAdder/_1276_/ZN (AOI21D0BWP30P140)
   0.0258   10.3812 v accAdder/_1280_/ZN (MAOI222D0BWP30P140)
   0.0391   10.4203 ^ accAdder/_1296_/ZN (MAOI222D0BWP30P140)
   0.0262   10.4465 v accAdder/_1300_/ZN (MAOI222D0BWP30P140)
   0.0304   10.4769 ^ accAdder/_1318_/ZN (AOI21D0BWP30P140)
   0.0249   10.5018 v accAdder/_1322_/ZN (MAOI222D0BWP30P140)
   0.0364   10.5383 v accAdder/_1345_/Z (AO21D0BWP30P140)
   0.0156   10.5539 ^ accAdder/_1353_/ZN (MUX2ND0BWP30P140)
   0.0347   10.5886 ^ accAdder/_1354_/ZN (XNR2UD0BWP30P140)
   0.0288   10.6174 ^ accAdder/_1453_/ZN (MAOI22D0BWP30P140)
   0.1281   10.7455 v accAdder/_1456_/ZN (OAI211D0BWP30P140)
   0.0886   10.8341 ^ accAdder/_1531_/Z (MUX4D0BWP30P140)
   0.0194   10.8535 v accAdder/_1534_/ZN (MUX3ND0BWP30P140)
   0.0405   10.8940 ^ accAdder/_1568_/ZN (NR2D0BWP30P140)
   0.0507   10.9447 ^ accAdder/_1577_/ZN (INR4D0BWP30P140)
   0.0510   10.9958 ^ accAdder/_1582_/Z (AN4D0BWP30P140)
   0.0395   11.0352 ^ accAdder/_1590_/Z (AN4D0BWP30P140)
   0.0406   11.0758 ^ accAdder/_1601_/Z (AN4D0BWP30P140)
   0.0349   11.1107 ^ accAdder/_1603_/Z (AN3D0BWP30P140)
   0.0271   11.1378 v accAdder/_1605_/ZN (IND3D0BWP30P140)
   0.0379   11.1757 v accAdder/_1606_/Z (OR3D0BWP30P140)
   0.0368   11.2126 ^ accAdder/_1608_/ZN (INR3D0BWP30P140)
   0.0364   11.2490 v accAdder/_1611_/ZN (MAOI222D0BWP30P140)
   0.0357   11.2847 ^ accAdder/_1616_/ZN (NR4D0BWP30P140)
   0.0219   11.3065 v accAdder/_1619_/ZN (OAI31D0BWP30P140)
   0.0327   11.3392 v accAdder/_1621_/Z (AO21D0BWP30P140)
   0.0312   11.3705 ^ accAdder/_1623_/ZN (AOI21D0BWP30P140)
   0.0237   11.3941 v accAdder/_1626_/ZN (OAI21D0BWP30P140)
   0.0215   11.4156 v accAdder/_1658_/Z (AN3D0BWP30P140)
   0.0613   11.4769 v accAdder/_1659_/Z (OR3D0BWP30P140)
   0.0420   11.5189 ^ accAdder/_1703_/ZN (AOI211D0BWP30P140)
   0.0261   11.5449 ^ _060_/Z (AO22D0BWP30P140)
   0.0000   11.5449 ^ _070_/D (DFCNQD1BWP30P140)
            11.5449   data arrival time

  20.0000   20.0000   clock CORE_CLK (rise edge)
   0.0000   20.0000   clock network delay (ideal)
  -0.0500   19.9500   clock uncertainty
   0.0000   19.9500   clock reconvergence pessimism
            19.9500 ^ _070_/CP (DFCNQD1BWP30P140)
  -0.0174   19.9326   library setup time
            19.9326   data required time
-------------------------------------------------------------
            19.9326   data required time
           -11.5449   data arrival time
-------------------------------------------------------------
             8.3877   slack (MET)


