Startpoint: reset (input port clocked by CORE_CLK)
Endpoint: _068_ (recovery check against rising-edge clock CORE_CLK)
Path Group: asynchronous
Path Type: max

    Delay      Time   Description
-------------------------------------------------------------
   0.0000    0.0000   clock CORE_CLK (rise edge)
   0.0000    0.0000   clock network delay (ideal)
   0.0000    0.0000 ^ input external delay
   0.0000    0.0000 ^ reset (in)
   0.0000    0.0000 ^ _068_/CDN (DFCNQD1BWP30P140)
             0.0000   data arrival time

  20.0000   20.0000   clock CORE_CLK (rise edge)
   0.0000   20.0000   clock network delay (ideal)
  -0.0500   19.9500   clock uncertainty
   0.0000   19.9500   clock reconvergence pessimism
            19.9500 ^ _068_/CP (DFCNQD1BWP30P140)
   0.0258   19.9758   library recovery time
            19.9758   data required time
-------------------------------------------------------------
            19.9758   data required time
            -0.0000   data arrival time
-------------------------------------------------------------
            19.9758   slack (MET)


Startpoint: io_op_a_i[6] (input port clocked by CORE_CLK)
Endpoint: _070_ (rising edge-triggered flip-flop clocked by CORE_CLK)
Path Group: CORE_CLK
Path Type: max

    Delay      Time   Description
-------------------------------------------------------------
   0.0000    0.0000   clock CORE_CLK (rise edge)
   0.0000    0.0000   clock network delay (ideal)
   0.0000    0.0000 v input external delay
   0.0000    0.0000 v io_op_a_i[6] (in)
   0.0170    0.0170 ^ reducedSum_op/_40_/ZN (NR3D0BWP30P140)
   0.0192    0.0362 v reducedSum_op/_43_/ZN (AOI21D0BWP30P140)
   0.0217    0.0579 ^ reducedSum_op/_44_/ZN (OAI21D0BWP30P140)
   0.0227    0.0806 v reducedSum_op/_45_/ZN (OAI21D0BWP30P140)
   0.0336    0.1141 v reducedSum_op/_87_/Z (XOR2UD0BWP30P140)
   0.0659    0.1800 v reducedSum_sa/_123_/Z (XOR3UD0BWP30P140)
   0.0611    0.2411 v reducedSum_sa/_137_/Z (XOR3UD0BWP30P140)
   0.0211    0.2622 ^ reducedSum_sa/_138_/ZN (NR2D0BWP30P140)
   0.0197    0.2819 v reducedSum_sa/_140_/ZN (OAI21D0BWP30P140)
   0.0253    0.3072 ^ reducedSum_sa/_142_/ZN (AOI21D0BWP30P140)
   0.0216    0.3287 v reducedSum_sa/_144_/ZN (OAI21D0BWP30P140)
   0.0255    0.3542 ^ reducedSum_sa/_146_/ZN (AOI21D0BWP30P140)
   0.0216    0.3758 v reducedSum_sa/_159_/ZN (OAI21D0BWP30P140)
   0.0218    0.3976 ^ reducedSum_sa/_172_/ZN (AOI21D0BWP30P140)
   0.0322    0.4297 v reducedSum_sa/_176_/ZN (OAI22D0BWP30P140)
   0.0245    0.4542 v reducedSum_reduced_nextLevel_adder/_387_/ZN (INR2D0BWP30P140)
   0.0393    0.4936 ^ reducedSum_reduced_nextLevel_adder/_412_/ZN (AOI211D0BWP30P140)
   0.0295    0.5230 ^ reducedSum_reduced_nextLevel_adder/_414_/Z (OA21D0BWP30P140)
   0.0134    0.5364 v reducedSum_reduced_nextLevel_adder/_418_/ZN (NR2D0BWP30P140)
   0.2666    0.8029 ^ reducedSum_reduced_nextLevel_adder/_488_/ZN (OAI31D0BWP30P140)
   0.0263    0.8292 v reducedSum_reduced_nextLevel_adder/_489_/ZN (MUX2ND0BWP30P140)
   0.0558    0.8850 ^ reducedSum_reduced_nextLevel_adder/_491_/ZN (AOI211D0BWP30P140)
   0.0177    0.9027 v reducedSum_reduced_nextLevel_adder/_541_/ZN (AOI211D0BWP30P140)
   0.0249    0.9277 v reducedSum_reduced_nextLevel_adder/_543_/Z (OR2D0BWP30P140)
   0.0325    0.9601 ^ reducedSum_reduced_nextLevel_adder/_578_/ZN (OAI32D0BWP30P140)
   0.0224    0.9825 v reducedSum_reduced_nextLevel_adder/_590_/ZN (XNR2UD0BWP30P140)
   0.0296    1.0121 ^ reducedSum_reduced_nextLevel_adder/_591_/ZN (AOI21D0BWP30P140)
   0.0182    1.0303 v reducedSum_reduced_nextLevel_adder/_595_/ZN (OAI21D0BWP30P140)
   0.0202    1.0505 ^ reducedSum_reduced_nextLevel_adder/_600_/ZN (AOI21D0BWP30P140)
   0.0174    1.0680 v reducedSum_reduced_nextLevel_adder/_604_/ZN (OAI21D0BWP30P140)
   0.0256    1.0936 ^ reducedSum_reduced_nextLevel_adder/_609_/ZN (AOI21D0BWP30P140)
   0.0251    1.1188 v reducedSum_reduced_nextLevel_adder/_613_/ZN (OAI211D0BWP30P140)
   0.0717    1.1904 ^ reducedSum_reduced_nextLevel_adder/_626_/ZN (AOI31D0BWP30P140)
   0.0334    1.2238 ^ reducedSum_reduced_nextLevel_adder/_630_/ZN (MUX2ND0BWP30P140)
   0.0466    1.2704 ^ reducedSum_reduced_nextLevel_adder/_642_/Z (AN4D0BWP30P140)
   0.0338    1.3042 v reducedSum_reduced_nextLevel_adder/_652_/ZN (ND3D0BWP30P140)
   0.0414    1.3456 ^ reducedSum_reduced_nextLevel_adder/_664_/ZN (INR3D0BWP30P140)
   0.0395    1.3851 v reducedSum_reduced_nextLevel_adder/_676_/ZN (ND4D0BWP30P140)
   0.0541    1.4391 v reducedSum_reduced_nextLevel_adder/_727_/Z (OR4D0BWP30P140)
   0.0300    1.4691 v reducedSum_reduced_nextLevel_adder/_729_/Z (OR3D0BWP30P140)
   0.0190    1.4881 v reducedSum_reduced_nextLevel_adder/_746_/Z (AN2D0BWP30P140)
   0.0163    1.5044 v reducedSum_reduced_nextLevel_adder_16/_400_/ZN (INR2D0BWP30P140)
   0.0079    1.5123 ^ reducedSum_reduced_nextLevel_adder_16/_401_/ZN (CKND0BWP30P140)
   0.0364    1.5487 ^ reducedSum_reduced_nextLevel_adder_16/_404_/Z (OA211D0BWP30P140)
   0.0215    1.5703 v reducedSum_reduced_nextLevel_adder_16/_406_/ZN (OAI31D0BWP30P140)
   0.0244    1.5946 ^ reducedSum_reduced_nextLevel_adder_16/_408_/ZN (OAI211D0BWP30P140)
   0.0312    1.6258 v reducedSum_reduced_nextLevel_adder_16/_410_/ZN (AOI31D0BWP30P140)
   0.0416    1.6675 ^ reducedSum_reduced_nextLevel_adder_16/_412_/ZN (AOI211D0BWP30P140)
   0.0295    1.6969 ^ reducedSum_reduced_nextLevel_adder_16/_414_/Z (OA21D0BWP30P140)
   0.0134    1.7103 v reducedSum_reduced_nextLevel_adder_16/_418_/ZN (NR2D0BWP30P140)
   0.2666    1.9768 ^ reducedSum_reduced_nextLevel_adder_16/_488_/ZN (OAI31D0BWP30P140)
   0.0247    2.0015 ^ reducedSum_reduced_nextLevel_adder_16/_508_/ZN (MUX2ND0BWP30P140)
   0.0189    2.0205 v reducedSum_reduced_nextLevel_adder_16/_509_/ZN (CKND0BWP30P140)
   0.0237    2.0441 ^ reducedSum_reduced_nextLevel_adder_16/_529_/ZN (MUX2ND0BWP30P140)
   0.0406    2.0847 v reducedSum_reduced_nextLevel_adder_16/_584_/ZN (OAI222D0BWP30P140)
   0.0351    2.1198 v reducedSum_reduced_nextLevel_adder_16/_587_/ZN (IAO21D0BWP30P140)
   0.0345    2.1542 ^ reducedSum_reduced_nextLevel_adder_16/_618_/ZN (MAOI222D0BWP30P140)
   0.0332    2.1874 v reducedSum_reduced_nextLevel_adder_16/_619_/ZN (OAI221D0BWP30P140)
   0.0326    2.2200 v reducedSum_reduced_nextLevel_adder_16/_620_/Z (AO21D0BWP30P140)
   0.0250    2.2450 v reducedSum_reduced_nextLevel_adder_16/_621_/ZN (MOAI22D0BWP30P140)
   0.0273    2.2723 ^ reducedSum_reduced_nextLevel_adder_16/_623_/ZN (AOI31D0BWP30P140)
   0.0285    2.3008 ^ reducedSum_reduced_nextLevel_adder_16/_624_/Z (AO211D0BWP30P140)
   0.0184    2.3192 v reducedSum_reduced_nextLevel_adder_16/_625_/ZN (OAI32D0BWP30P140)
   0.0758    2.3950 ^ reducedSum_reduced_nextLevel_adder_16/_626_/ZN (AOI31D0BWP30P140)
   0.0334    2.4284 ^ reducedSum_reduced_nextLevel_adder_16/_630_/ZN (MUX2ND0BWP30P140)
   0.0466    2.4750 ^ reducedSum_reduced_nextLevel_adder_16/_642_/Z (AN4D0BWP30P140)
   0.0338    2.5088 v reducedSum_reduced_nextLevel_adder_16/_652_/ZN (ND3D0BWP30P140)
   0.0414    2.5502 ^ reducedSum_reduced_nextLevel_adder_16/_664_/ZN (INR3D0BWP30P140)
   0.0395    2.5897 v reducedSum_reduced_nextLevel_adder_16/_676_/ZN (ND4D0BWP30P140)
   0.0541    2.6437 v reducedSum_reduced_nextLevel_adder_16/_727_/Z (OR4D0BWP30P140)
   0.0300    2.6737 v reducedSum_reduced_nextLevel_adder_16/_729_/Z (OR3D0BWP30P140)
   0.0190    2.6927 v reducedSum_reduced_nextLevel_adder_16/_746_/Z (AN2D0BWP30P140)
   0.0163    2.7090 v reducedSum_reduced_nextLevel_adder_24/_400_/ZN (INR2D0BWP30P140)
   0.0079    2.7169 ^ reducedSum_reduced_nextLevel_adder_24/_401_/ZN (CKND0BWP30P140)
   0.0364    2.7534 ^ reducedSum_reduced_nextLevel_adder_24/_404_/Z (OA211D0BWP30P140)
   0.0215    2.7749 v reducedSum_reduced_nextLevel_adder_24/_406_/ZN (OAI31D0BWP30P140)
   0.0244    2.7992 ^ reducedSum_reduced_nextLevel_adder_24/_408_/ZN (OAI211D0BWP30P140)
   0.0312    2.8305 v reducedSum_reduced_nextLevel_adder_24/_410_/ZN (AOI31D0BWP30P140)
   0.0416    2.8721 ^ reducedSum_reduced_nextLevel_adder_24/_412_/ZN (AOI211D0BWP30P140)
   0.0295    2.9016 ^ reducedSum_reduced_nextLevel_adder_24/_414_/Z (OA21D0BWP30P140)
   0.0134    2.9149 v reducedSum_reduced_nextLevel_adder_24/_418_/ZN (NR2D0BWP30P140)
   0.2666    3.1815 ^ reducedSum_reduced_nextLevel_adder_24/_488_/ZN (OAI31D0BWP30P140)
   0.0247    3.2062 ^ reducedSum_reduced_nextLevel_adder_24/_508_/ZN (MUX2ND0BWP30P140)
   0.0189    3.2251 v reducedSum_reduced_nextLevel_adder_24/_509_/ZN (CKND0BWP30P140)
   0.0237    3.2487 ^ reducedSum_reduced_nextLevel_adder_24/_529_/ZN (MUX2ND0BWP30P140)
   0.0406    3.2893 v reducedSum_reduced_nextLevel_adder_24/_584_/ZN (OAI222D0BWP30P140)
   0.0351    3.3244 v reducedSum_reduced_nextLevel_adder_24/_587_/ZN (IAO21D0BWP30P140)
   0.0345    3.3589 ^ reducedSum_reduced_nextLevel_adder_24/_618_/ZN (MAOI222D0BWP30P140)
   0.0332    3.3920 v reducedSum_reduced_nextLevel_adder_24/_619_/ZN (OAI221D0BWP30P140)
   0.0326    3.4246 v reducedSum_reduced_nextLevel_adder_24/_620_/Z (AO21D0BWP30P140)
   0.0250    3.4496 v reducedSum_reduced_nextLevel_adder_24/_621_/ZN (MOAI22D0BWP30P140)
   0.0273    3.4770 ^ reducedSum_reduced_nextLevel_adder_24/_623_/ZN (AOI31D0BWP30P140)
   0.0285    3.5054 ^ reducedSum_reduced_nextLevel_adder_24/_624_/Z (AO211D0BWP30P140)
   0.0184    3.5239 v reducedSum_reduced_nextLevel_adder_24/_625_/ZN (OAI32D0BWP30P140)
   0.0758    3.5997 ^ reducedSum_reduced_nextLevel_adder_24/_626_/ZN (AOI31D0BWP30P140)
   0.0334    3.6331 ^ reducedSum_reduced_nextLevel_adder_24/_630_/ZN (MUX2ND0BWP30P140)
   0.0466    3.6797 ^ reducedSum_reduced_nextLevel_adder_24/_642_/Z (AN4D0BWP30P140)
   0.0338    3.7134 v reducedSum_reduced_nextLevel_adder_24/_652_/ZN (ND3D0BWP30P140)
   0.0414    3.7549 ^ reducedSum_reduced_nextLevel_adder_24/_664_/ZN (INR3D0BWP30P140)
   0.0395    3.7943 v reducedSum_reduced_nextLevel_adder_24/_676_/ZN (ND4D0BWP30P140)
   0.0541    3.8484 v reducedSum_reduced_nextLevel_adder_24/_727_/Z (OR4D0BWP30P140)
   0.0300    3.8784 v reducedSum_reduced_nextLevel_adder_24/_729_/Z (OR3D0BWP30P140)
   0.0190    3.8974 v reducedSum_reduced_nextLevel_adder_24/_746_/Z (AN2D0BWP30P140)
   0.0163    3.9136 v reducedSum_reduced_nextLevel_adder_28/_400_/ZN (INR2D0BWP30P140)
   0.0079    3.9215 ^ reducedSum_reduced_nextLevel_adder_28/_401_/ZN (CKND0BWP30P140)
   0.0364    3.9580 ^ reducedSum_reduced_nextLevel_adder_28/_404_/Z (OA211D0BWP30P140)
   0.0215    3.9795 v reducedSum_reduced_nextLevel_adder_28/_406_/ZN (OAI31D0BWP30P140)
   0.0244    4.0039 ^ reducedSum_reduced_nextLevel_adder_28/_408_/ZN (OAI211D0BWP30P140)
   0.0312    4.0351 v reducedSum_reduced_nextLevel_adder_28/_410_/ZN (AOI31D0BWP30P140)
   0.0416    4.0767 ^ reducedSum_reduced_nextLevel_adder_28/_412_/ZN (AOI211D0BWP30P140)
   0.0295    4.1062 ^ reducedSum_reduced_nextLevel_adder_28/_414_/Z (OA21D0BWP30P140)
   0.0134    4.1195 v reducedSum_reduced_nextLevel_adder_28/_418_/ZN (NR2D0BWP30P140)
   0.2666    4.3861 ^ reducedSum_reduced_nextLevel_adder_28/_488_/ZN (OAI31D0BWP30P140)
   0.0247    4.4108 ^ reducedSum_reduced_nextLevel_adder_28/_508_/ZN (MUX2ND0BWP30P140)
   0.0189    4.4297 v reducedSum_reduced_nextLevel_adder_28/_509_/ZN (CKND0BWP30P140)
   0.0237    4.4534 ^ reducedSum_reduced_nextLevel_adder_28/_529_/ZN (MUX2ND0BWP30P140)
   0.0406    4.4940 v reducedSum_reduced_nextLevel_adder_28/_584_/ZN (OAI222D0BWP30P140)
   0.0351    4.5290 v reducedSum_reduced_nextLevel_adder_28/_587_/ZN (IAO21D0BWP30P140)
   0.0345    4.5635 ^ reducedSum_reduced_nextLevel_adder_28/_618_/ZN (MAOI222D0BWP30P140)
   0.0332    4.5967 v reducedSum_reduced_nextLevel_adder_28/_619_/ZN (OAI221D0BWP30P140)
   0.0326    4.6292 v reducedSum_reduced_nextLevel_adder_28/_620_/Z (AO21D0BWP30P140)
   0.0250    4.6542 v reducedSum_reduced_nextLevel_adder_28/_621_/ZN (MOAI22D0BWP30P140)
   0.0273    4.6816 ^ reducedSum_reduced_nextLevel_adder_28/_623_/ZN (AOI31D0BWP30P140)
   0.0285    4.7100 ^ reducedSum_reduced_nextLevel_adder_28/_624_/Z (AO211D0BWP30P140)
   0.0184    4.7285 v reducedSum_reduced_nextLevel_adder_28/_625_/ZN (OAI32D0BWP30P140)
   0.0758    4.8043 ^ reducedSum_reduced_nextLevel_adder_28/_626_/ZN (AOI31D0BWP30P140)
   0.0334    4.8377 ^ reducedSum_reduced_nextLevel_adder_28/_630_/ZN (MUX2ND0BWP30P140)
   0.0466    4.8843 ^ reducedSum_reduced_nextLevel_adder_28/_642_/Z (AN4D0BWP30P140)
   0.0338    4.9181 v reducedSum_reduced_nextLevel_adder_28/_652_/ZN (ND3D0BWP30P140)
   0.0414    4.9595 ^ reducedSum_reduced_nextLevel_adder_28/_664_/ZN (INR3D0BWP30P140)
   0.0395    4.9990 v reducedSum_reduced_nextLevel_adder_28/_676_/ZN (ND4D0BWP30P140)
   0.0541    5.0530 v reducedSum_reduced_nextLevel_adder_28/_727_/Z (OR4D0BWP30P140)
   0.0300    5.0830 v reducedSum_reduced_nextLevel_adder_28/_729_/Z (OR3D0BWP30P140)
   0.0190    5.1020 v reducedSum_reduced_nextLevel_adder_28/_746_/Z (AN2D0BWP30P140)
   0.0163    5.1183 v reducedSum_reduced_nextLevel_adder_30/_400_/ZN (INR2D0BWP30P140)
   0.0079    5.1262 ^ reducedSum_reduced_nextLevel_adder_30/_401_/ZN (CKND0BWP30P140)
   0.0364    5.1626 ^ reducedSum_reduced_nextLevel_adder_30/_404_/Z (OA211D0BWP30P140)
   0.0215    5.1841 v reducedSum_reduced_nextLevel_adder_30/_406_/ZN (OAI31D0BWP30P140)
   0.0244    5.2085 ^ reducedSum_reduced_nextLevel_adder_30/_408_/ZN (OAI211D0BWP30P140)
   0.0312    5.2397 v reducedSum_reduced_nextLevel_adder_30/_410_/ZN (AOI31D0BWP30P140)
   0.0416    5.2813 ^ reducedSum_reduced_nextLevel_adder_30/_412_/ZN (AOI211D0BWP30P140)
   0.0295    5.3108 ^ reducedSum_reduced_nextLevel_adder_30/_414_/Z (OA21D0BWP30P140)
   0.0134    5.3242 v reducedSum_reduced_nextLevel_adder_30/_418_/ZN (NR2D0BWP30P140)
   0.2666    5.5907 ^ reducedSum_reduced_nextLevel_adder_30/_488_/ZN (OAI31D0BWP30P140)
   0.0247    5.6154 ^ reducedSum_reduced_nextLevel_adder_30/_508_/ZN (MUX2ND0BWP30P140)
   0.0189    5.6343 v reducedSum_reduced_nextLevel_adder_30/_509_/ZN (CKND0BWP30P140)
   0.0237    5.6580 ^ reducedSum_reduced_nextLevel_adder_30/_529_/ZN (MUX2ND0BWP30P140)
   0.0406    5.6986 v reducedSum_reduced_nextLevel_adder_30/_584_/ZN (OAI222D0BWP30P140)
   0.0351    5.7336 v reducedSum_reduced_nextLevel_adder_30/_587_/ZN (IAO21D0BWP30P140)
   0.0345    5.7681 ^ reducedSum_reduced_nextLevel_adder_30/_618_/ZN (MAOI222D0BWP30P140)
   0.0332    5.8013 v reducedSum_reduced_nextLevel_adder_30/_619_/ZN (OAI221D0BWP30P140)
   0.0326    5.8339 v reducedSum_reduced_nextLevel_adder_30/_620_/Z (AO21D0BWP30P140)
   0.0250    5.8589 v reducedSum_reduced_nextLevel_adder_30/_621_/ZN (MOAI22D0BWP30P140)
   0.0273    5.8862 ^ reducedSum_reduced_nextLevel_adder_30/_623_/ZN (AOI31D0BWP30P140)
   0.0285    5.9147 ^ reducedSum_reduced_nextLevel_adder_30/_624_/Z (AO211D0BWP30P140)
   0.0184    5.9331 v reducedSum_reduced_nextLevel_adder_30/_625_/ZN (OAI32D0BWP30P140)
   0.0758    6.0089 ^ reducedSum_reduced_nextLevel_adder_30/_626_/ZN (AOI31D0BWP30P140)
   0.0334    6.0423 ^ reducedSum_reduced_nextLevel_adder_30/_630_/ZN (MUX2ND0BWP30P140)
   0.0466    6.0889 ^ reducedSum_reduced_nextLevel_adder_30/_642_/Z (AN4D0BWP30P140)
   0.0338    6.1227 v reducedSum_reduced_nextLevel_adder_30/_652_/ZN (ND3D0BWP30P140)
   0.0414    6.1641 ^ reducedSum_reduced_nextLevel_adder_30/_664_/ZN (INR3D0BWP30P140)
   0.0314    6.1956 v reducedSum_reduced_nextLevel_adder_30/_670_/ZN (OAI211D0BWP30P140)
   0.0326    6.2282 v reducedSum_reduced_nextLevel_adder_30/_677_/Z (XOR2UD0BWP30P140)
   0.0329    6.2611 ^ reducedSum_conv/_100_/ZN (NR4D0BWP30P140)
   0.0298    6.2908 ^ reducedSum_conv/_101_/ZN (INR2D0BWP30P140)
   0.0300    6.3208 ^ reducedSum_conv/_111_/ZN (XNR2UD0BWP30P140)
   0.0164    6.3372 v reducedSum_conv/_123_/ZN (NR3D0BWP30P140)
   0.0306    6.3678 ^ reducedSum_conv/_126_/ZN (OAI31D0BWP30P140)
   0.0367    6.4045 v reducedSum_conv/_128_/ZN (MAOI222D0BWP30P140)
   0.0258    6.4303 ^ reducedSum_conv/_139_/ZN (NR4D0BWP30P140)
   0.0354    6.4657 ^ reducedSum_conv/_140_/Z (OA211D0BWP30P140)
   0.0275    6.4931 ^ reducedSum_conv/_152_/ZN (XNR2UD0BWP30P140)
   0.0686    6.5617 v reducedSum_conv/_153_/ZN (OAI31D0BWP30P140)
   0.0706    6.6323 ^ reducedSum_conv/_167_/ZN (AOI211D0BWP30P140)
   0.0276    6.6599 v accAdder/_0897_/ZN (XNR2UD0BWP30P140)
   0.0320    6.6919 ^ accAdder/_0899_/ZN (AOI21D0BWP30P140)
   0.0302    6.7221 v accAdder/_0901_/ZN (MAOI222D0BWP30P140)
   0.0382    6.7603 ^ accAdder/_0902_/ZN (MAOI222D0BWP30P140)
   0.0303    6.7906 v accAdder/_0903_/ZN (MAOI222D0BWP30P140)
   0.0383    6.8289 ^ accAdder/_0966_/ZN (MAOI222D0BWP30P140)
   0.0303    6.8592 v accAdder/_0968_/ZN (MAOI222D0BWP30P140)
   0.0279    6.8871 v accAdder/_0970_/ZN (XNR2UD0BWP30P140)
   0.0212    6.9083 ^ accAdder/_0971_/ZN (NR2D0BWP30P140)
   0.0257    6.9340 ^ accAdder/_0972_/Z (AN2D0BWP30P140)
   0.4170    7.3510 v accAdder/_0975_/ZN (AOI31D0BWP30P140)
   0.4192    7.7702 ^ accAdder/_0991_/ZN (AOI22D0BWP30P140)
   0.0318    7.8021 v accAdder/_1063_/ZN (CKND2D0BWP30P140)
   0.0370    7.8390 ^ accAdder/_1188_/ZN (OAI32D0BWP30P140)
   0.0151    7.8541 v accAdder/_1189_/ZN (AOI21D0BWP30P140)
   0.0396    7.8937 ^ accAdder/_1191_/ZN (OAI221D0BWP30P140)
   0.0211    7.9148 v accAdder/_1196_/ZN (OAI31D0BWP30P140)
   0.0222    7.9371 ^ accAdder/_1198_/ZN (AOI21D0BWP30P140)
   0.0256    7.9626 v accAdder/_1200_/ZN (MAOI222D0BWP30P140)
   0.0396    8.0023 ^ accAdder/_1202_/ZN (MAOI222D0BWP30P140)
   0.0257    8.0280 v accAdder/_1204_/ZN (MAOI222D0BWP30P140)
   0.0277    8.0557 ^ accAdder/_1206_/ZN (AOI21D0BWP30P140)
   0.0253    8.0810 ^ accAdder/_1209_/ZN (IAO21D0BWP30P140)
   0.0247    8.1056 v accAdder/_1211_/ZN (MAOI222D0BWP30P140)
   0.0395    8.1452 ^ accAdder/_1213_/ZN (MAOI222D0BWP30P140)
   0.0265    8.1716 v accAdder/_1221_/ZN (MAOI222D0BWP30P140)
   0.0354    8.2070 v accAdder/_1232_/Z (AO21D0BWP30P140)
   0.0261    8.2331 ^ accAdder/_1242_/ZN (MAOI222D0BWP30P140)
   0.0265    8.2596 v accAdder/_1255_/ZN (MAOI222D0BWP30P140)
   0.0315    8.2911 v accAdder/_1259_/Z (AO21D0BWP30P140)
   0.0182    8.3093 ^ accAdder/_1276_/ZN (AOI21D0BWP30P140)
   0.0258    8.3351 v accAdder/_1280_/ZN (MAOI222D0BWP30P140)
   0.0391    8.3742 ^ accAdder/_1296_/ZN (MAOI222D0BWP30P140)
   0.0262    8.4004 v accAdder/_1300_/ZN (MAOI222D0BWP30P140)
   0.0304    8.4308 ^ accAdder/_1318_/ZN (AOI21D0BWP30P140)
   0.0249    8.4557 v accAdder/_1322_/ZN (MAOI222D0BWP30P140)
   0.0364    8.4922 v accAdder/_1345_/Z (AO21D0BWP30P140)
   0.0156    8.5078 ^ accAdder/_1353_/ZN (MUX2ND0BWP30P140)
   0.0348    8.5426 ^ accAdder/_1354_/ZN (XNR2UD0BWP30P140)
   0.0288    8.5714 ^ accAdder/_1453_/ZN (MAOI22D0BWP30P140)
   0.1281    8.6994 v accAdder/_1456_/ZN (OAI211D0BWP30P140)
   0.0886    8.7881 ^ accAdder/_1531_/Z (MUX4D0BWP30P140)
   0.0194    8.8075 v accAdder/_1534_/ZN (MUX3ND0BWP30P140)
   0.0405    8.8480 ^ accAdder/_1568_/ZN (NR2D0BWP30P140)
   0.0507    8.8987 ^ accAdder/_1577_/ZN (INR4D0BWP30P140)
   0.0510    8.9497 ^ accAdder/_1582_/Z (AN4D0BWP30P140)
   0.0395    8.9892 ^ accAdder/_1590_/Z (AN4D0BWP30P140)
   0.0406    9.0298 ^ accAdder/_1601_/Z (AN4D0BWP30P140)
   0.0349    9.0647 ^ accAdder/_1603_/Z (AN3D0BWP30P140)
   0.0271    9.0918 v accAdder/_1605_/ZN (IND3D0BWP30P140)
   0.0379    9.1297 v accAdder/_1606_/Z (OR3D0BWP30P140)
   0.0368    9.1666 ^ accAdder/_1608_/ZN (INR3D0BWP30P140)
   0.0364    9.2030 v accAdder/_1611_/ZN (MAOI222D0BWP30P140)
   0.0357    9.2386 ^ accAdder/_1616_/ZN (NR4D0BWP30P140)
   0.0219    9.2605 v accAdder/_1619_/ZN (OAI31D0BWP30P140)
   0.0327    9.2932 v accAdder/_1621_/Z (AO21D0BWP30P140)
   0.0312    9.3245 ^ accAdder/_1623_/ZN (AOI21D0BWP30P140)
   0.0237    9.3481 v accAdder/_1626_/ZN (OAI21D0BWP30P140)
   0.0215    9.3696 v accAdder/_1658_/Z (AN3D0BWP30P140)
   0.0613    9.4309 v accAdder/_1659_/Z (OR3D0BWP30P140)
   0.0420    9.4729 ^ accAdder/_1703_/ZN (AOI211D0BWP30P140)
   0.0261    9.4989 ^ _060_/Z (AO22D0BWP30P140)
   0.0000    9.4989 ^ _070_/D (DFCNQD1BWP30P140)
             9.4989   data arrival time

  20.0000   20.0000   clock CORE_CLK (rise edge)
   0.0000   20.0000   clock network delay (ideal)
  -0.0500   19.9500   clock uncertainty
   0.0000   19.9500   clock reconvergence pessimism
            19.9500 ^ _070_/CP (DFCNQD1BWP30P140)
  -0.0174   19.9326   library setup time
            19.9326   data required time
-------------------------------------------------------------
            19.9326   data required time
            -9.4989   data arrival time
-------------------------------------------------------------
            10.4337   slack (MET)


