Startpoint: reset (input port clocked by CORE_CLK)
Endpoint: _40_ (recovery check against rising-edge clock CORE_CLK)
Path Group: asynchronous
Path Type: max

    Delay      Time   Description
-------------------------------------------------------------
   0.0000    0.0000   clock CORE_CLK (rise edge)
   0.0000    0.0000   clock network delay (ideal)
   0.0000    0.0000 ^ input external delay
   0.0000    0.0000 ^ reset (in)
   0.0000    0.0000 ^ _40_/CDN (DFCNQD1BWP30P140)
             0.0000   data arrival time

   2.0000    2.0000   clock CORE_CLK (rise edge)
   0.0000    2.0000   clock network delay (ideal)
  -0.0500    1.9500   clock uncertainty
   0.0000    1.9500   clock reconvergence pessimism
             1.9500 ^ _40_/CP (DFCNQD1BWP30P140)
   0.0258    1.9758   library recovery time
             1.9758   data required time
-------------------------------------------------------------
             1.9758   data required time
            -0.0000   data arrival time
-------------------------------------------------------------
             1.9758   slack (MET)


Startpoint: io_op_a_i[11] (input port clocked by CORE_CLK)
Endpoint: _42_ (rising edge-triggered flip-flop clocked by CORE_CLK)
Path Group: CORE_CLK
Path Type: max

    Delay      Time   Description
-------------------------------------------------------------
   0.0000    0.0000   clock CORE_CLK (rise edge)
   0.0000    0.0000   clock network delay (ideal)
   0.0000    0.0000 ^ input external delay
   0.0000    0.0000 ^ io_op_a_i[11] (in)
   0.0141    0.0141 ^ op_1/_055_/Z (OR2D0BWP30P140)
   0.0123    0.0264 v op_1/_056_/ZN (NR3D0BWP30P140)
   0.0213    0.0477 ^ op_1/_060_/ZN (NR2D0BWP30P140)
   0.0183    0.0660 v op_1/_061_/ZN (OAI21D0BWP30P140)
   0.0276    0.0935 v op_1/_062_/Z (OR2D0BWP30P140)
   0.0260    0.1195 ^ op_1/_110_/ZN (MAOI222D0BWP30P140)
   0.0339    0.1534 ^ op_1/_120_/ZN (XNR2UD0BWP30P140)
   0.0127    0.1660 v tree/_4633_/ZN (CKND0BWP30P140)
   0.0243    0.1904 v tree/_4702_/ZN (MOAI22D0BWP30P140)
   0.0270    0.2174 ^ tree/_4703_/ZN (OAI222D0BWP30P140)
   0.0442    0.2615 v tree/_4705_/ZN (MAOI22D0BWP30P140)
   0.0334    0.2950 v tree/_4712_/ZN (MUX2ND0BWP30P140)
   0.0270    0.3220 v tree/_4713_/ZN (MOAI22D0BWP30P140)
   0.0199    0.3419 ^ tree/_4718_/ZN (AOI21D0BWP30P140)
   0.0327    0.3746 ^ tree/_4721_/Z (OA21D0BWP30P140)
   0.0219    0.3966 v tree/_4737_/ZN (OAI21D0BWP30P140)
   0.0291    0.4257 ^ tree/_4738_/ZN (AOI33D0BWP30P140)
   0.0185    0.4441 v tree/_4742_/ZN (AOI221D0BWP30P140)
   0.0398    0.4840 ^ tree/_4746_/ZN (OAI21D0BWP30P140)
   0.0446    0.5286 ^ tree/_4759_/Z (AN4D0BWP30P140)
   0.0183    0.5469 v tree/_4766_/ZN (OAI33D0BWP30P140)
   0.0279    0.5748 ^ tree/_4767_/ZN (AOI31D0BWP30P140)
   0.0344    0.6092 v tree/_4771_/ZN (OAI21D0BWP30P140)
   0.0302    0.6394 v tree/_4781_/Z (OA211D0BWP30P140)
   0.0263    0.6657 ^ tree/_4782_/ZN (OAI33D0BWP30P140)
   0.0186    0.6843 v tree/_4790_/ZN (AOI31D0BWP30P140)
   0.0400    0.7243 ^ tree/_4794_/ZN (OAI21D0BWP30P140)
   0.0428    0.7671 ^ tree/_4812_/Z (OA211D0BWP30P140)
   0.0211    0.7882 v tree/_4813_/ZN (OAI33D0BWP30P140)
   0.0281    0.8163 ^ tree/_4814_/ZN (AOI31D0BWP30P140)
   0.0370    0.8533 v tree/_4819_/ZN (OAI21D0BWP30P140)
   0.0336    0.8869 v tree/_4842_/Z (OA211D0BWP30P140)
   0.0275    0.9143 ^ tree/_4844_/ZN (OAI33D0BWP30P140)
   0.0154    0.9298 v tree/_4845_/ZN (AOI21D0BWP30P140)
   0.0310    0.9607 ^ tree/_4850_/ZN (OAI21D0BWP30P140)
   0.0310    0.9917 v tree/_4862_/ZN (OAI211D0BWP30P140)
   0.0305    1.0222 ^ tree/_4863_/ZN (AOI33D0BWP30P140)
   0.0267    1.0488 v tree/_4871_/ZN (OAI221D0BWP30P140)
   0.0344    1.0832 v tree/_4875_/Z (AO21D0BWP30P140)
   0.0201    1.1033 ^ tree/_4894_/ZN (AOI21D0BWP30P140)
   0.0240    1.1273 v tree/_4897_/ZN (OAI33D0BWP30P140)
   0.0281    1.1555 ^ tree/_4898_/ZN (AOI31D0BWP30P140)
   0.0341    1.1895 v tree/_4902_/ZN (OAI21D0BWP30P140)
   0.0301    1.2196 v tree/_4914_/Z (OA211D0BWP30P140)
   0.0274    1.2470 ^ tree/_4915_/ZN (OAI33D0BWP30P140)
   0.0206    1.2676 v tree/_4924_/ZN (AOI221D0BWP30P140)
   0.0394    1.3070 ^ tree/_4928_/ZN (OAI21D0BWP30P140)
   0.0426    1.3497 ^ tree/_4942_/Z (OA211D0BWP30P140)
   0.0168    1.3665 v tree/_4948_/ZN (OAI33D0BWP30P140)
   0.0279    1.3944 ^ tree/_4949_/ZN (AOI31D0BWP30P140)
   0.0344    1.4288 v tree/_4953_/ZN (OAI21D0BWP30P140)
   0.0302    1.4590 v tree/_4962_/Z (OA211D0BWP30P140)
   0.0263    1.4853 ^ tree/_4963_/ZN (OAI33D0BWP30P140)
   0.0186    1.5040 v tree/_4971_/ZN (AOI31D0BWP30P140)
   0.0400    1.5439 ^ tree/_4975_/ZN (OAI21D0BWP30P140)
   0.0406    1.5845 ^ tree/_4993_/Z (OA211D0BWP30P140)
   0.0206    1.6052 v tree/_4995_/ZN (OAI33D0BWP30P140)
   0.0279    1.6331 ^ tree/_4996_/ZN (AOI31D0BWP30P140)
   0.0264    1.6595 v tree/_5000_/ZN (OAI21D0BWP30P140)
   0.0270    1.6865 v tree/_5013_/Z (OA211D0BWP30P140)
   0.0274    1.7139 ^ tree/_5015_/ZN (OAI33D0BWP30P140)
   0.0176    1.7315 v tree/_5022_/ZN (AOI221D0BWP30P140)
   0.0267    1.7582 v tree/_5025_/Z (OA21D0BWP30P140)
   0.0400    1.7982 ^ tree/_5026_/ZN (NR2D0BWP30P140)
   0.0301    1.8282 ^ tree/_5047_/ZN (MUX2ND0BWP30P140)
   0.0258    1.8540 v tree/_5050_/ZN (XNR2UD0BWP30P140)
   0.0320    1.8860 ^ tree/_5052_/ZN (NR4D0BWP30P140)
   0.0257    1.9117 v tree/_5055_/ZN (OAI31D0BWP30P140)
   0.0637    1.9755 ^ tree/_5061_/ZN (AOI21D0BWP30P140)
   0.1757    2.1512 v tree/_5072_/ZN (MUX2ND0BWP30P140)
   0.0909    2.2421 ^ tree/_5360_/ZN (MAOI222D0BWP30P140)
   0.0272    2.2694 v tree/_5363_/ZN (AOI211D0BWP30P140)
   0.0366    2.3060 v tree/_5365_/Z (OR3D0BWP30P140)
   0.0570    2.3630 ^ tree/_5368_/ZN (AOI32D0BWP30P140)
   0.1030    2.4660 ^ tree/_5378_/ZN (INR2D0BWP30P140)
   0.0497    2.5157 ^ tree/_5406_/ZN (MUX4ND0BWP30P140)
   0.0284    2.5441 v tree/_5407_/ZN (OAI22D0BWP30P140)
   0.0434    2.5875 ^ tree/_5408_/ZN (AOI211D0BWP30P140)
   0.0112    2.5987 v tree/_5453_/ZN (NR2D0BWP30P140)
   0.0267    2.6254 v tree/_8561_/ZN (XNR2UD0BWP30P140)
   0.0369    2.6623 v tree/_8620_/ZN (XNR3UD0BWP30P140)
   0.0570    2.7192 v tree/_8685_/ZN (XNR3UD0BWP30P140)
   0.0652    2.7844 v tree/_8758_/Z (XOR3UD0BWP30P140)
   0.0652    2.8497 v tree/_8820_/Z (XOR3UD0BWP30P140)
   0.0577    2.9074 v tree/_8853_/Z (XOR3UD0BWP30P140)
   0.0183    2.9257 ^ tree/_8854_/ZN (CKND0BWP30P140)
   0.0500    2.9757 v tree/_8875_/ZN (XNR3UD0BWP30P140)
   0.0356    3.0113 ^ tree/_8883_/ZN (MAOI222D0BWP30P140)
   0.0256    3.0368 v tree/_8885_/ZN (OAI21D0BWP30P140)
   0.0361    3.0730 ^ tree/_8887_/ZN (MAOI222D0BWP30P140)
   0.0250    3.0980 v tree/_8890_/ZN (OAI21D0BWP30P140)
   0.0359    3.1339 ^ tree/_8892_/ZN (MAOI222D0BWP30P140)
   0.0250    3.1590 v tree/_8895_/ZN (OAI21D0BWP30P140)
   0.0359    3.1949 ^ tree/_8897_/ZN (MAOI222D0BWP30P140)
   0.0250    3.2199 v tree/_8899_/ZN (OAI21D0BWP30P140)
   0.0359    3.2558 ^ tree/_8901_/ZN (MAOI222D0BWP30P140)
   0.0253    3.2811 v tree/_8903_/ZN (OAI21D0BWP30P140)
   0.0360    3.3171 ^ tree/_8905_/ZN (MAOI222D0BWP30P140)
   0.0253    3.3424 v tree/_8907_/ZN (OAI21D0BWP30P140)
   0.0360    3.3784 ^ tree/_8909_/ZN (MAOI222D0BWP30P140)
   0.0250    3.4034 v tree/_8911_/ZN (OAI21D0BWP30P140)
   0.0392    3.4426 ^ tree/_8913_/ZN (MAOI222D0BWP30P140)
   0.0320    3.4746 v tree/_8916_/ZN (OAI211D0BWP30P140)
   0.0374    3.5121 ^ tree/_8918_/ZN (AOI31D0BWP30P140)
   0.0193    3.5314 v tree/_8920_/ZN (AOI211D0BWP30P140)
   0.0242    3.5555 ^ tree/_8922_/ZN (OAI31D0BWP30P140)
   0.0294    3.5850 ^ tree/_8923_/Z (OA21D0BWP30P140)
   0.0221    3.6071 v tree/_8925_/ZN (OAI21D0BWP30P140)
   0.0337    3.6408 ^ tree/_8928_/ZN (AOI211D0BWP30P140)
   0.0205    3.6613 v tree/_8930_/ZN (OAI31D0BWP30P140)
   0.0485    3.7098 ^ tree/_8939_/Z (XOR2UD0BWP30P140)
   0.0510    3.7608 v tree/_8940_/ZN (CKND0BWP30P140)
   0.0234    3.7843 ^ tree/_8990_/ZN (CKND2D0BWP30P140)
   0.0336    3.8178 v tree/_8995_/ZN (IND4D0BWP30P140)
   0.0502    3.8680 v tree/_9000_/Z (OR4D0BWP30P140)
   0.0269    3.8949 ^ tree/_9005_/ZN (NR4D0BWP30P140)
   0.0218    3.9167 v tree/_9008_/ZN (ND3D0BWP30P140)
   0.0256    3.9422 ^ tree/_9010_/ZN (OAI21D0BWP30P140)
   0.0231    3.9653 v tree/_9013_/ZN (AOI31D0BWP30P140)
   0.0281    3.9933 v tree/_9014_/Z (OR2D0BWP30P140)
   0.0134    4.0067 ^ tree/_9018_/ZN (OAI21D0BWP30P140)
   0.0338    4.0405 ^ tree/_9019_/ZN (XNR2UD0BWP30P140)
   0.0096    4.0501 v tree/_9020_/ZN (CKND0BWP30P140)
   0.0206    4.0707 v tree/_9022_/Z (OR2D0BWP30P140)
   0.2213    4.2920 ^ tree/_9101_/ZN (AOI21D0BWP30P140)
   0.0506    4.3426 v tree/_9102_/ZN (CKND0BWP30P140)
   0.0541    4.3967 ^ tree/_9124_/ZN (MUX4ND0BWP30P140)
   0.0298    4.4265 ^ tree/_9188_/Z (CKMUX2D0BWP30P140)
   0.0247    4.4512 v tree/_9190_/ZN (AOI221D0BWP30P140)
   0.0487    4.4999 v tree/_9220_/Z (OR4D0BWP30P140)
   0.0289    4.5289 ^ tree/_9223_/ZN (NR4D0BWP30P140)
   0.0422    4.5711 v tree/_9245_/ZN (IND4D0BWP30P140)
   0.0387    4.6098 ^ tree/_9260_/ZN (MAOI222D0BWP30P140)
   0.0272    4.6369 v tree/_9261_/ZN (XNR2UD0BWP30P140)
   0.0616    4.6985 v d2fpn/_096_/ZN (XNR3UD0BWP30P140)
   0.0290    4.7276 ^ d2fpn/_103_/Z (XOR2UD0BWP30P140)
   0.0340    4.7615 v d2fpn/_111_/ZN (IND4D0BWP30P140)
   0.0310    4.7926 ^ d2fpn/_113_/ZN (AOI21D0BWP30P140)
   0.0219    4.8145 v d2fpn/_116_/ZN (OAI21D0BWP30P140)
   0.0257    4.8402 ^ d2fpn/_118_/ZN (AOI21D0BWP30P140)
   0.0203    4.8604 ^ d2fpn/_133_/ZN (IND2D0BWP30P140)
   0.0194    4.8799 v d2fpn/_144_/ZN (ND4D0BWP30P140)
   0.0743    4.9542 ^ d2fpn/_146_/ZN (INR3D0BWP30P140)
   0.0342    4.9884 v d2fpn/_151_/ZN (NR3D0BWP30P140)
   0.0293    5.0176 v accAdder/_461_/ZN (XNR2UD0BWP30P140)
   0.0335    5.0511 v accAdder/_462_/Z (AO21D0BWP30P140)
   0.0238    5.0749 ^ accAdder/_465_/ZN (AOI211D0BWP30P140)
   0.0245    5.0994 v accAdder/_467_/ZN (OAI31D0BWP30P140)
   0.0264    5.1258 ^ accAdder/_470_/ZN (OAI211D0BWP30P140)
   0.0335    5.1593 ^ accAdder/_491_/Z (AN3D0BWP30P140)
   0.0447    5.2040 v accAdder/_494_/ZN (OAI211D0BWP30P140)
   0.0876    5.2916 v accAdder/_518_/ZN (MUX2ND0BWP30P140)
   0.0860    5.3775 ^ accAdder/_543_/ZN (AOI31D0BWP30P140)
   0.0611    5.4386 v accAdder/_549_/ZN (ND3D0BWP30P140)
   0.0399    5.4785 v accAdder/_566_/Z (OA21D0BWP30P140)
   0.0311    5.5096 ^ accAdder/_589_/ZN (MUX3ND0BWP30P140)
   0.0331    5.5427 v accAdder/_677_/ZN (AOI221D0BWP30P140)
   0.0251    5.5679 ^ accAdder/_678_/ZN (ND3D0BWP30P140)
   0.0175    5.5853 v accAdder/_680_/ZN (OAI21D0BWP30P140)
   0.0236    5.6089 ^ accAdder/_681_/ZN (AOI21D0BWP30P140)
   0.0255    5.6344 v accAdder/_682_/ZN (MAOI222D0BWP30P140)
   0.0329    5.6673 ^ accAdder/_684_/ZN (MAOI222D0BWP30P140)
   0.0301    5.6974 v accAdder/_686_/ZN (MAOI222D0BWP30P140)
   0.0324    5.7298 ^ accAdder/_687_/ZN (AOI211D0BWP30P140)
   0.0238    5.7536 v accAdder/_688_/ZN (OAI32D0BWP30P140)
   0.0302    5.7838 ^ accAdder/_698_/ZN (AOI211D0BWP30P140)
   0.0230    5.8068 ^ accAdder/_700_/Z (OR2D0BWP30P140)
   0.1489    5.9557 v accAdder/_751_/ZN (AOI31D0BWP30P140)
   0.0882    6.0439 v accAdder/_791_/ZN (MUX4ND0BWP30P140)
   0.0430    6.0869 ^ accAdder/_792_/ZN (NR4D0BWP30P140)
   0.0345    6.1215 v accAdder/_798_/ZN (IND4D0BWP30P140)
   0.0296    6.1510 ^ accAdder/_801_/ZN (NR3D0BWP30P140)
   0.0291    6.1801 v accAdder/_803_/ZN (IND3D0BWP30P140)
   0.0406    6.2208 ^ accAdder/_805_/ZN (MAOI222D0BWP30P140)
   0.0426    6.2634 v accAdder/_810_/ZN (IND4D0BWP30P140)
   0.0444    6.3078 ^ accAdder/_820_/ZN (AOI211D0BWP30P140)
   0.0333    6.3411 ^ accAdder/_821_/Z (AN3D0BWP30P140)
   0.0241    6.3653 ^ accAdder/_828_/ZN (MAOI22D0BWP30P140)
   0.0569    6.4222 v accAdder/_855_/ZN (OAI31D0BWP30P140)
   0.0427    6.4649 ^ accAdder/_877_/ZN (INR4D0BWP30P140)
   0.0262    6.4911 ^ _32_/Z (AO22D0BWP30P140)
   0.0000    6.4911 ^ _42_/D (DFCNQD1BWP30P140)
             6.4911   data arrival time

   2.0000    2.0000   clock CORE_CLK (rise edge)
   0.0000    2.0000   clock network delay (ideal)
  -0.0500    1.9500   clock uncertainty
   0.0000    1.9500   clock reconvergence pessimism
             1.9500 ^ _42_/CP (DFCNQD1BWP30P140)
  -0.0170    1.9330   library setup time
             1.9330   data required time
-------------------------------------------------------------
             1.9330   data required time
            -6.4911   data arrival time
-------------------------------------------------------------
            -4.5581   slack (VIOLATED)


