Startpoint: reset (input port clocked by CORE_CLK)
Endpoint: _068_ (recovery check against rising-edge clock CORE_CLK)
Path Group: asynchronous
Path Type: max

    Delay      Time   Description
-------------------------------------------------------------
   0.0000    0.0000   clock CORE_CLK (rise edge)
   0.0000    0.0000   clock network delay (ideal)
   0.0000    0.0000 ^ input external delay
   0.0000    0.0000 ^ reset (in)
   0.0000    0.0000 ^ _068_/CDN (DFCNQD1BWP30P140)
             0.0000   data arrival time

  20.0000   20.0000   clock CORE_CLK (rise edge)
   0.0000   20.0000   clock network delay (ideal)
  -0.0500   19.9500   clock uncertainty
   0.0000   19.9500   clock reconvergence pessimism
            19.9500 ^ _068_/CP (DFCNQD1BWP30P140)
   0.0258   19.9758   library recovery time
            19.9758   data required time
-------------------------------------------------------------
            19.9758   data required time
            -0.0000   data arrival time
-------------------------------------------------------------
            19.9758   slack (MET)


Startpoint: io_op_b_i[3] (input port clocked by CORE_CLK)
Endpoint: _070_ (rising edge-triggered flip-flop clocked by CORE_CLK)
Path Group: CORE_CLK
Path Type: max

    Delay      Time   Description
-------------------------------------------------------------
   0.0000    0.0000   clock CORE_CLK (rise edge)
   0.0000    0.0000   clock network delay (ideal)
   0.0000    0.0000 v input external delay
   0.0000    0.0000 v io_op_b_i[3] (in)
   0.0224    0.0224 ^ reducedSum_op/_55_/ZN (OAI31D0BWP30P140)
   0.0259    0.0483 ^ reducedSum_op/_56_/Z (XOR2UD0BWP30P140)
   0.0295    0.0777 ^ reducedSum_op/_57_/ZN (XNR2UD0BWP30P140)
   0.0446    0.1223 ^ reducedSum_op/_58_/Z (AN4D0BWP30P140)
   0.0243    0.1466 v reducedSum_op/_85_/ZN (MAOI222D0BWP30P140)
   0.0500    0.1967 v reducedSum_op/_89_/Z (XOR2UD0BWP30P140)
   0.0321    0.2287 ^ reducedSum_sa/_569_/ZN (CKND2D0BWP30P140)
   0.0227    0.2515 ^ reducedSum_sa/_572_/ZN (IAO21D0BWP30P140)
   0.0277    0.2791 ^ reducedSum_sa/_596_/ZN (XNR2UD0BWP30P140)
   0.0320    0.3112 ^ reducedSum_sa/_606_/Z (XOR2UD0BWP30P140)
   0.0356    0.3468 v reducedSum_sa/_608_/ZN (AOI32D0BWP30P140)
   0.0614    0.4082 ^ reducedSum_sa/_611_/ZN (XNR4D0BWP30P140)
   0.0329    0.4410 ^ reducedSum_sa/_627_/ZN (XNR2UD0BWP30P140)
   0.0280    0.4690 v reducedSum_sa/_653_/ZN (MAOI222D0BWP30P140)
   0.0339    0.5029 ^ reducedSum_sa/_654_/ZN (MAOI222D0BWP30P140)
   0.0267    0.5296 v reducedSum_sa/_655_/ZN (MAOI222D0BWP30P140)
   0.0338    0.5634 ^ reducedSum_sa/_656_/ZN (MAOI222D0BWP30P140)
   0.0294    0.5928 v reducedSum_sa/_657_/ZN (MAOI222D0BWP30P140)
   0.0301    0.6229 ^ reducedSum_sa/_659_/ZN (AOI21D0BWP30P140)
   0.0238    0.6467 v reducedSum_sa/_662_/ZN (OAI21D0BWP30P140)
   0.0354    0.6821 ^ reducedSum_sa/_664_/ZN (MAOI222D0BWP30P140)
   0.0224    0.7045 ^ reducedSum_sa/_668_/Z (XOR2UD0BWP30P140)
   0.0128    0.7173 v reducedSum_reduced_nextLevel_adder/_0524_/ZN (CKND0BWP30P140)
   0.0224    0.7397 ^ reducedSum_reduced_nextLevel_adder/_0585_/ZN (OAI22D0BWP30P140)
   0.0162    0.7559 v reducedSum_reduced_nextLevel_adder/_0588_/ZN (AOI211D0BWP30P140)
   0.0170    0.7729 ^ reducedSum_reduced_nextLevel_adder/_0591_/ZN (OAI211D0BWP30P140)
   0.0125    0.7854 v reducedSum_reduced_nextLevel_adder/_0592_/ZN (AOI211D0BWP30P140)
   0.3577    1.1430 ^ reducedSum_reduced_nextLevel_adder/_0594_/ZN (OAI31D0BWP30P140)
   0.0261    1.1691 ^ reducedSum_reduced_nextLevel_adder/_0634_/ZN (MUX2ND0BWP30P140)
   0.0356    1.2048 v reducedSum_reduced_nextLevel_adder/_0649_/ZN (OAI211D0BWP30P140)
   0.0318    1.2365 ^ reducedSum_reduced_nextLevel_adder/_0660_/ZN (OAI211D0BWP30P140)
   0.0284    1.2649 ^ reducedSum_reduced_nextLevel_adder/_0778_/ZN (MAOI22D0BWP30P140)
   0.0438    1.3088 v reducedSum_reduced_nextLevel_adder/_0779_/ZN (OAI221D0BWP30P140)
   0.0310    1.3398 ^ reducedSum_reduced_nextLevel_adder/_0783_/ZN (NR3D0BWP30P140)
   0.0251    1.3649 v reducedSum_reduced_nextLevel_adder/_0786_/ZN (MAOI222D0BWP30P140)
   0.0326    1.3975 ^ reducedSum_reduced_nextLevel_adder/_0789_/ZN (MAOI222D0BWP30P140)
   0.0287    1.4262 v reducedSum_reduced_nextLevel_adder/_0792_/ZN (MAOI222D0BWP30P140)
   0.0318    1.4580 ^ reducedSum_reduced_nextLevel_adder/_0797_/ZN (MAOI222D0BWP30P140)
   0.0269    1.4849 ^ reducedSum_reduced_nextLevel_adder/_0802_/Z (AO21D0BWP30P140)
   0.0219    1.5067 v reducedSum_reduced_nextLevel_adder/_0806_/ZN (MAOI222D0BWP30P140)
   0.0283    1.5350 v reducedSum_reduced_nextLevel_adder/_0811_/ZN (IAO21D0BWP30P140)
   0.0172    1.5522 ^ reducedSum_reduced_nextLevel_adder/_0824_/ZN (OAI21D0BWP30P140)
   0.0224    1.5746 v reducedSum_reduced_nextLevel_adder/_0832_/ZN (AOI31D0BWP30P140)
   0.0336    1.6082 ^ reducedSum_reduced_nextLevel_adder/_0833_/ZN (MAOI222D0BWP30P140)
   0.0315    1.6397 ^ reducedSum_reduced_nextLevel_adder/_0839_/Z (AO211D0BWP30P140)
   0.0280    1.6677 v reducedSum_reduced_nextLevel_adder/_0840_/ZN (AOI31D0BWP30P140)
   0.0322    1.6999 ^ reducedSum_reduced_nextLevel_adder/_0850_/ZN (OAI211D0BWP30P140)
   0.0419    1.7417 v reducedSum_reduced_nextLevel_adder/_0883_/ZN (CKND2D0BWP30P140)
   0.0228    1.7645 ^ reducedSum_reduced_nextLevel_adder/_0908_/ZN (CKND2D0BWP30P140)
   0.0405    1.8051 v reducedSum_reduced_nextLevel_adder/_0910_/ZN (ND4D0BWP30P140)
   0.0529    1.8580 v reducedSum_reduced_nextLevel_adder/_0922_/Z (OR4D0BWP30P140)
   0.0386    1.8966 v reducedSum_reduced_nextLevel_adder/_0930_/Z (OR3D0BWP30P140)
   0.0447    1.9413 v reducedSum_reduced_nextLevel_adder/_0942_/Z (OR4D0BWP30P140)
   0.0234    1.9647 ^ reducedSum_reduced_nextLevel_adder/_0952_/ZN (NR3D0BWP30P140)
   0.0349    1.9997 v reducedSum_reduced_nextLevel_adder/_0961_/ZN (ND3D0BWP30P140)
   0.0394    2.0391 ^ reducedSum_reduced_nextLevel_adder/_1020_/ZN (INR4D0BWP30P140)
   0.0192    2.0582 v reducedSum_reduced_nextLevel_adder/_1030_/ZN (NR2D0BWP30P140)
   0.0319    2.0901 v reducedSum_reduced_nextLevel_adder/_1037_/Z (XOR2UD0BWP30P140)
   0.0184    2.1086 ^ reducedSum_reduced_nextLevel_adder_16/_0512_/ZN (CKND0BWP30P140)
   0.0295    2.1381 v reducedSum_reduced_nextLevel_adder_16/_0540_/ZN (MAOI222D0BWP30P140)
   0.0327    2.1708 ^ reducedSum_reduced_nextLevel_adder_16/_0543_/ZN (AOI211D0BWP30P140)
   0.0247    2.1955 v reducedSum_reduced_nextLevel_adder_16/_0545_/ZN (OAI31D0BWP30P140)
   0.0293    2.2248 v reducedSum_reduced_nextLevel_adder_16/_0547_/Z (OA211D0BWP30P140)
   0.0217    2.2464 v reducedSum_reduced_nextLevel_adder_16/_0550_/Z (OA21D0BWP30P140)
   0.0275    2.2740 ^ reducedSum_reduced_nextLevel_adder_16/_0551_/ZN (NR2D0BWP30P140)
   0.0178    2.2918 v reducedSum_reduced_nextLevel_adder_16/_0568_/ZN (ND3D0BWP30P140)
   0.3604    2.6523 ^ reducedSum_reduced_nextLevel_adder_16/_0594_/ZN (OAI31D0BWP30P140)
   0.0261    2.6784 ^ reducedSum_reduced_nextLevel_adder_16/_0634_/ZN (MUX2ND0BWP30P140)
   0.0356    2.7140 v reducedSum_reduced_nextLevel_adder_16/_0649_/ZN (OAI211D0BWP30P140)
   0.0318    2.7457 ^ reducedSum_reduced_nextLevel_adder_16/_0660_/ZN (OAI211D0BWP30P140)
   0.0284    2.7742 ^ reducedSum_reduced_nextLevel_adder_16/_0778_/ZN (MAOI22D0BWP30P140)
   0.0438    2.8180 v reducedSum_reduced_nextLevel_adder_16/_0779_/ZN (OAI221D0BWP30P140)
   0.0310    2.8490 ^ reducedSum_reduced_nextLevel_adder_16/_0783_/ZN (NR3D0BWP30P140)
   0.0251    2.8741 v reducedSum_reduced_nextLevel_adder_16/_0786_/ZN (MAOI222D0BWP30P140)
   0.0326    2.9067 ^ reducedSum_reduced_nextLevel_adder_16/_0789_/ZN (MAOI222D0BWP30P140)
   0.0287    2.9354 v reducedSum_reduced_nextLevel_adder_16/_0792_/ZN (MAOI222D0BWP30P140)
   0.0318    2.9672 ^ reducedSum_reduced_nextLevel_adder_16/_0797_/ZN (MAOI222D0BWP30P140)
   0.0269    2.9941 ^ reducedSum_reduced_nextLevel_adder_16/_0802_/Z (AO21D0BWP30P140)
   0.0219    3.0160 v reducedSum_reduced_nextLevel_adder_16/_0806_/ZN (MAOI222D0BWP30P140)
   0.0283    3.0442 v reducedSum_reduced_nextLevel_adder_16/_0811_/ZN (IAO21D0BWP30P140)
   0.0172    3.0614 ^ reducedSum_reduced_nextLevel_adder_16/_0824_/ZN (OAI21D0BWP30P140)
   0.0224    3.0838 v reducedSum_reduced_nextLevel_adder_16/_0832_/ZN (AOI31D0BWP30P140)
   0.0336    3.1174 ^ reducedSum_reduced_nextLevel_adder_16/_0833_/ZN (MAOI222D0BWP30P140)
   0.0315    3.1489 ^ reducedSum_reduced_nextLevel_adder_16/_0839_/Z (AO211D0BWP30P140)
   0.0280    3.1769 v reducedSum_reduced_nextLevel_adder_16/_0840_/ZN (AOI31D0BWP30P140)
   0.0322    3.2091 ^ reducedSum_reduced_nextLevel_adder_16/_0850_/ZN (OAI211D0BWP30P140)
   0.0419    3.2510 v reducedSum_reduced_nextLevel_adder_16/_0883_/ZN (CKND2D0BWP30P140)
   0.0228    3.2737 ^ reducedSum_reduced_nextLevel_adder_16/_0908_/ZN (CKND2D0BWP30P140)
   0.0405    3.3143 v reducedSum_reduced_nextLevel_adder_16/_0910_/ZN (ND4D0BWP30P140)
   0.0529    3.3672 v reducedSum_reduced_nextLevel_adder_16/_0922_/Z (OR4D0BWP30P140)
   0.0386    3.4058 v reducedSum_reduced_nextLevel_adder_16/_0930_/Z (OR3D0BWP30P140)
   0.0447    3.4505 v reducedSum_reduced_nextLevel_adder_16/_0942_/Z (OR4D0BWP30P140)
   0.0234    3.4740 ^ reducedSum_reduced_nextLevel_adder_16/_0952_/ZN (NR3D0BWP30P140)
   0.0349    3.5089 v reducedSum_reduced_nextLevel_adder_16/_0961_/ZN (ND3D0BWP30P140)
   0.0394    3.5483 ^ reducedSum_reduced_nextLevel_adder_16/_1020_/ZN (INR4D0BWP30P140)
   0.0192    3.5674 v reducedSum_reduced_nextLevel_adder_16/_1030_/ZN (NR2D0BWP30P140)
   0.0319    3.5993 v reducedSum_reduced_nextLevel_adder_16/_1037_/Z (XOR2UD0BWP30P140)
   0.0184    3.6178 ^ reducedSum_reduced_nextLevel_adder_24/_0512_/ZN (CKND0BWP30P140)
   0.0295    3.6473 v reducedSum_reduced_nextLevel_adder_24/_0540_/ZN (MAOI222D0BWP30P140)
   0.0327    3.6800 ^ reducedSum_reduced_nextLevel_adder_24/_0543_/ZN (AOI211D0BWP30P140)
   0.0247    3.7047 v reducedSum_reduced_nextLevel_adder_24/_0545_/ZN (OAI31D0BWP30P140)
   0.0293    3.7340 v reducedSum_reduced_nextLevel_adder_24/_0547_/Z (OA211D0BWP30P140)
   0.0217    3.7557 v reducedSum_reduced_nextLevel_adder_24/_0550_/Z (OA21D0BWP30P140)
   0.0275    3.7832 ^ reducedSum_reduced_nextLevel_adder_24/_0551_/ZN (NR2D0BWP30P140)
   0.0178    3.8010 v reducedSum_reduced_nextLevel_adder_24/_0568_/ZN (ND3D0BWP30P140)
   0.3604    4.1615 ^ reducedSum_reduced_nextLevel_adder_24/_0594_/ZN (OAI31D0BWP30P140)
   0.0261    4.1876 ^ reducedSum_reduced_nextLevel_adder_24/_0634_/ZN (MUX2ND0BWP30P140)
   0.0356    4.2232 v reducedSum_reduced_nextLevel_adder_24/_0649_/ZN (OAI211D0BWP30P140)
   0.0318    4.2550 ^ reducedSum_reduced_nextLevel_adder_24/_0660_/ZN (OAI211D0BWP30P140)
   0.0284    4.2834 ^ reducedSum_reduced_nextLevel_adder_24/_0778_/ZN (MAOI22D0BWP30P140)
   0.0438    4.3272 v reducedSum_reduced_nextLevel_adder_24/_0779_/ZN (OAI221D0BWP30P140)
   0.0310    4.3582 ^ reducedSum_reduced_nextLevel_adder_24/_0783_/ZN (NR3D0BWP30P140)
   0.0251    4.3833 v reducedSum_reduced_nextLevel_adder_24/_0786_/ZN (MAOI222D0BWP30P140)
   0.0326    4.4160 ^ reducedSum_reduced_nextLevel_adder_24/_0789_/ZN (MAOI222D0BWP30P140)
   0.0287    4.4447 v reducedSum_reduced_nextLevel_adder_24/_0792_/ZN (MAOI222D0BWP30P140)
   0.0318    4.4764 ^ reducedSum_reduced_nextLevel_adder_24/_0797_/ZN (MAOI222D0BWP30P140)
   0.0269    4.5033 ^ reducedSum_reduced_nextLevel_adder_24/_0802_/Z (AO21D0BWP30P140)
   0.0219    4.5252 v reducedSum_reduced_nextLevel_adder_24/_0806_/ZN (MAOI222D0BWP30P140)
   0.0283    4.5534 v reducedSum_reduced_nextLevel_adder_24/_0811_/ZN (IAO21D0BWP30P140)
   0.0172    4.5707 ^ reducedSum_reduced_nextLevel_adder_24/_0824_/ZN (OAI21D0BWP30P140)
   0.0224    4.5931 v reducedSum_reduced_nextLevel_adder_24/_0832_/ZN (AOI31D0BWP30P140)
   0.0336    4.6267 ^ reducedSum_reduced_nextLevel_adder_24/_0833_/ZN (MAOI222D0BWP30P140)
   0.0315    4.6581 ^ reducedSum_reduced_nextLevel_adder_24/_0839_/Z (AO211D0BWP30P140)
   0.0280    4.6861 v reducedSum_reduced_nextLevel_adder_24/_0840_/ZN (AOI31D0BWP30P140)
   0.0322    4.7183 ^ reducedSum_reduced_nextLevel_adder_24/_0850_/ZN (OAI211D0BWP30P140)
   0.0419    4.7602 v reducedSum_reduced_nextLevel_adder_24/_0883_/ZN (CKND2D0BWP30P140)
   0.0228    4.7830 ^ reducedSum_reduced_nextLevel_adder_24/_0908_/ZN (CKND2D0BWP30P140)
   0.0405    4.8235 v reducedSum_reduced_nextLevel_adder_24/_0910_/ZN (ND4D0BWP30P140)
   0.0529    4.8764 v reducedSum_reduced_nextLevel_adder_24/_0922_/Z (OR4D0BWP30P140)
   0.0386    4.9150 v reducedSum_reduced_nextLevel_adder_24/_0930_/Z (OR3D0BWP30P140)
   0.0447    4.9597 v reducedSum_reduced_nextLevel_adder_24/_0942_/Z (OR4D0BWP30P140)
   0.0234    4.9832 ^ reducedSum_reduced_nextLevel_adder_24/_0952_/ZN (NR3D0BWP30P140)
   0.0349    5.0181 v reducedSum_reduced_nextLevel_adder_24/_0961_/ZN (ND3D0BWP30P140)
   0.0394    5.0575 ^ reducedSum_reduced_nextLevel_adder_24/_1020_/ZN (INR4D0BWP30P140)
   0.0192    5.0767 v reducedSum_reduced_nextLevel_adder_24/_1030_/ZN (NR2D0BWP30P140)
   0.0319    5.1086 v reducedSum_reduced_nextLevel_adder_24/_1037_/Z (XOR2UD0BWP30P140)
   0.0184    5.1270 ^ reducedSum_reduced_nextLevel_adder_28/_0512_/ZN (CKND0BWP30P140)
   0.0295    5.1565 v reducedSum_reduced_nextLevel_adder_28/_0540_/ZN (MAOI222D0BWP30P140)
   0.0327    5.1892 ^ reducedSum_reduced_nextLevel_adder_28/_0543_/ZN (AOI211D0BWP30P140)
   0.0247    5.2139 v reducedSum_reduced_nextLevel_adder_28/_0545_/ZN (OAI31D0BWP30P140)
   0.0293    5.2432 v reducedSum_reduced_nextLevel_adder_28/_0547_/Z (OA211D0BWP30P140)
   0.0217    5.2649 v reducedSum_reduced_nextLevel_adder_28/_0550_/Z (OA21D0BWP30P140)
   0.0275    5.2924 ^ reducedSum_reduced_nextLevel_adder_28/_0551_/ZN (NR2D0BWP30P140)
   0.0178    5.3103 v reducedSum_reduced_nextLevel_adder_28/_0568_/ZN (ND3D0BWP30P140)
   0.3604    5.6707 ^ reducedSum_reduced_nextLevel_adder_28/_0594_/ZN (OAI31D0BWP30P140)
   0.0261    5.6968 ^ reducedSum_reduced_nextLevel_adder_28/_0634_/ZN (MUX2ND0BWP30P140)
   0.0356    5.7324 v reducedSum_reduced_nextLevel_adder_28/_0649_/ZN (OAI211D0BWP30P140)
   0.0318    5.7642 ^ reducedSum_reduced_nextLevel_adder_28/_0660_/ZN (OAI211D0BWP30P140)
   0.0284    5.7926 ^ reducedSum_reduced_nextLevel_adder_28/_0778_/ZN (MAOI22D0BWP30P140)
   0.0438    5.8364 v reducedSum_reduced_nextLevel_adder_28/_0779_/ZN (OAI221D0BWP30P140)
   0.0310    5.8674 ^ reducedSum_reduced_nextLevel_adder_28/_0783_/ZN (NR3D0BWP30P140)
   0.0251    5.8925 v reducedSum_reduced_nextLevel_adder_28/_0786_/ZN (MAOI222D0BWP30P140)
   0.0326    5.9252 ^ reducedSum_reduced_nextLevel_adder_28/_0789_/ZN (MAOI222D0BWP30P140)
   0.0287    5.9539 v reducedSum_reduced_nextLevel_adder_28/_0792_/ZN (MAOI222D0BWP30P140)
   0.0318    5.9856 ^ reducedSum_reduced_nextLevel_adder_28/_0797_/ZN (MAOI222D0BWP30P140)
   0.0269    6.0125 ^ reducedSum_reduced_nextLevel_adder_28/_0802_/Z (AO21D0BWP30P140)
   0.0219    6.0344 v reducedSum_reduced_nextLevel_adder_28/_0806_/ZN (MAOI222D0BWP30P140)
   0.0283    6.0627 v reducedSum_reduced_nextLevel_adder_28/_0811_/ZN (IAO21D0BWP30P140)
   0.0172    6.0799 ^ reducedSum_reduced_nextLevel_adder_28/_0824_/ZN (OAI21D0BWP30P140)
   0.0224    6.1023 v reducedSum_reduced_nextLevel_adder_28/_0832_/ZN (AOI31D0BWP30P140)
   0.0336    6.1359 ^ reducedSum_reduced_nextLevel_adder_28/_0833_/ZN (MAOI222D0BWP30P140)
   0.0315    6.1673 ^ reducedSum_reduced_nextLevel_adder_28/_0839_/Z (AO211D0BWP30P140)
   0.0280    6.1953 v reducedSum_reduced_nextLevel_adder_28/_0840_/ZN (AOI31D0BWP30P140)
   0.0322    6.2275 ^ reducedSum_reduced_nextLevel_adder_28/_0850_/ZN (OAI211D0BWP30P140)
   0.0419    6.2694 v reducedSum_reduced_nextLevel_adder_28/_0883_/ZN (CKND2D0BWP30P140)
   0.0228    6.2922 ^ reducedSum_reduced_nextLevel_adder_28/_0908_/ZN (CKND2D0BWP30P140)
   0.0405    6.3327 v reducedSum_reduced_nextLevel_adder_28/_0910_/ZN (ND4D0BWP30P140)
   0.0529    6.3857 v reducedSum_reduced_nextLevel_adder_28/_0922_/Z (OR4D0BWP30P140)
   0.0386    6.4242 v reducedSum_reduced_nextLevel_adder_28/_0930_/Z (OR3D0BWP30P140)
   0.0447    6.4690 v reducedSum_reduced_nextLevel_adder_28/_0942_/Z (OR4D0BWP30P140)
   0.0234    6.4924 ^ reducedSum_reduced_nextLevel_adder_28/_0952_/ZN (NR3D0BWP30P140)
   0.0349    6.5273 v reducedSum_reduced_nextLevel_adder_28/_0961_/ZN (ND3D0BWP30P140)
   0.0394    6.5667 ^ reducedSum_reduced_nextLevel_adder_28/_1020_/ZN (INR4D0BWP30P140)
   0.0192    6.5859 v reducedSum_reduced_nextLevel_adder_28/_1030_/ZN (NR2D0BWP30P140)
   0.0319    6.6178 v reducedSum_reduced_nextLevel_adder_28/_1037_/Z (XOR2UD0BWP30P140)
   0.0184    6.6362 ^ reducedSum_reduced_nextLevel_adder_30/_0512_/ZN (CKND0BWP30P140)
   0.0295    6.6657 v reducedSum_reduced_nextLevel_adder_30/_0540_/ZN (MAOI222D0BWP30P140)
   0.0327    6.6985 ^ reducedSum_reduced_nextLevel_adder_30/_0543_/ZN (AOI211D0BWP30P140)
   0.0247    6.7232 v reducedSum_reduced_nextLevel_adder_30/_0545_/ZN (OAI31D0BWP30P140)
   0.0293    6.7524 v reducedSum_reduced_nextLevel_adder_30/_0547_/Z (OA211D0BWP30P140)
   0.0217    6.7741 v reducedSum_reduced_nextLevel_adder_30/_0550_/Z (OA21D0BWP30P140)
   0.0275    6.8016 ^ reducedSum_reduced_nextLevel_adder_30/_0551_/ZN (NR2D0BWP30P140)
   0.0178    6.8195 v reducedSum_reduced_nextLevel_adder_30/_0568_/ZN (ND3D0BWP30P140)
   0.3604    7.1799 ^ reducedSum_reduced_nextLevel_adder_30/_0594_/ZN (OAI31D0BWP30P140)
   0.0261    7.2060 ^ reducedSum_reduced_nextLevel_adder_30/_0634_/ZN (MUX2ND0BWP30P140)
   0.0356    7.2416 v reducedSum_reduced_nextLevel_adder_30/_0649_/ZN (OAI211D0BWP30P140)
   0.0318    7.2734 ^ reducedSum_reduced_nextLevel_adder_30/_0660_/ZN (OAI211D0BWP30P140)
   0.0284    7.3018 ^ reducedSum_reduced_nextLevel_adder_30/_0778_/ZN (MAOI22D0BWP30P140)
   0.0438    7.3456 v reducedSum_reduced_nextLevel_adder_30/_0779_/ZN (OAI221D0BWP30P140)
   0.0310    7.3766 ^ reducedSum_reduced_nextLevel_adder_30/_0783_/ZN (NR3D0BWP30P140)
   0.0251    7.4018 v reducedSum_reduced_nextLevel_adder_30/_0786_/ZN (MAOI222D0BWP30P140)
   0.0326    7.4344 ^ reducedSum_reduced_nextLevel_adder_30/_0789_/ZN (MAOI222D0BWP30P140)
   0.0287    7.4631 v reducedSum_reduced_nextLevel_adder_30/_0792_/ZN (MAOI222D0BWP30P140)
   0.0318    7.4949 ^ reducedSum_reduced_nextLevel_adder_30/_0797_/ZN (MAOI222D0BWP30P140)
   0.0269    7.5217 ^ reducedSum_reduced_nextLevel_adder_30/_0802_/Z (AO21D0BWP30P140)
   0.0219    7.5436 v reducedSum_reduced_nextLevel_adder_30/_0806_/ZN (MAOI222D0BWP30P140)
   0.0283    7.5719 v reducedSum_reduced_nextLevel_adder_30/_0811_/ZN (IAO21D0BWP30P140)
   0.0172    7.5891 ^ reducedSum_reduced_nextLevel_adder_30/_0824_/ZN (OAI21D0BWP30P140)
   0.0224    7.6115 v reducedSum_reduced_nextLevel_adder_30/_0832_/ZN (AOI31D0BWP30P140)
   0.0336    7.6451 ^ reducedSum_reduced_nextLevel_adder_30/_0833_/ZN (MAOI222D0BWP30P140)
   0.0315    7.6766 ^ reducedSum_reduced_nextLevel_adder_30/_0839_/Z (AO211D0BWP30P140)
   0.0280    7.7045 v reducedSum_reduced_nextLevel_adder_30/_0840_/ZN (AOI31D0BWP30P140)
   0.0322    7.7368 ^ reducedSum_reduced_nextLevel_adder_30/_0850_/ZN (OAI211D0BWP30P140)
   0.0419    7.7786 v reducedSum_reduced_nextLevel_adder_30/_0883_/ZN (CKND2D0BWP30P140)
   0.0228    7.8014 ^ reducedSum_reduced_nextLevel_adder_30/_0908_/ZN (CKND2D0BWP30P140)
   0.0405    7.8419 v reducedSum_reduced_nextLevel_adder_30/_0910_/ZN (ND4D0BWP30P140)
   0.0529    7.8949 v reducedSum_reduced_nextLevel_adder_30/_0922_/Z (OR4D0BWP30P140)
   0.0386    7.9335 v reducedSum_reduced_nextLevel_adder_30/_0930_/Z (OR3D0BWP30P140)
   0.0447    7.9782 v reducedSum_reduced_nextLevel_adder_30/_0942_/Z (OR4D0BWP30P140)
   0.0234    8.0016 ^ reducedSum_reduced_nextLevel_adder_30/_0952_/ZN (NR3D0BWP30P140)
   0.0349    8.0365 v reducedSum_reduced_nextLevel_adder_30/_0961_/ZN (ND3D0BWP30P140)
   0.0318    8.0683 v reducedSum_reduced_nextLevel_adder_30/_0967_/ZN (XNR2UD0BWP30P140)
   0.0428    8.1111 ^ reducedSum_conv/_140_/ZN (NR4D0BWP30P140)
   0.0286    8.1398 v reducedSum_conv/_142_/ZN (ND3D0BWP30P140)
   0.0398    8.1796 v reducedSum_conv/_143_/Z (AN2D0BWP30P140)
   0.0342    8.2137 v reducedSum_conv/_147_/ZN (XNR2UD0BWP30P140)
   0.0358    8.2496 v reducedSum_conv/_149_/Z (AO21D0BWP30P140)
   0.0236    8.2731 v reducedSum_conv/_160_/Z (AO21D0BWP30P140)
   0.0311    8.3042 ^ reducedSum_conv/_162_/ZN (AOI21D0BWP30P140)
   0.0304    8.3346 v reducedSum_conv/_168_/ZN (OAI211D0BWP30P140)
   0.0828    8.4174 ^ reducedSum_conv/_178_/ZN (OAI31D0BWP30P140)
   0.0277    8.4451 v reducedSum_conv/_191_/ZN (NR2D0BWP30P140)
   0.0316    8.4767 v accAdder/_0897_/ZN (XNR2UD0BWP30P140)
   0.0314    8.5081 ^ accAdder/_0899_/ZN (AOI21D0BWP30P140)
   0.0301    8.5382 v accAdder/_0901_/ZN (MAOI222D0BWP30P140)
   0.0374    8.5756 ^ accAdder/_0902_/ZN (MAOI222D0BWP30P140)
   0.0303    8.6059 v accAdder/_0903_/ZN (MAOI222D0BWP30P140)
   0.0367    8.6426 ^ accAdder/_0966_/ZN (MAOI222D0BWP30P140)
   0.0303    8.6729 v accAdder/_0968_/ZN (MAOI222D0BWP30P140)
   0.0255    8.6984 v accAdder/_0970_/ZN (XNR2UD0BWP30P140)
   0.0212    8.7197 ^ accAdder/_0971_/ZN (NR2D0BWP30P140)
   0.0257    8.7454 ^ accAdder/_0972_/Z (AN2D0BWP30P140)
   0.4170    9.1623 v accAdder/_0975_/ZN (AOI31D0BWP30P140)
   0.4192    9.5816 ^ accAdder/_0991_/ZN (AOI22D0BWP30P140)
   0.0318    9.6134 v accAdder/_1063_/ZN (CKND2D0BWP30P140)
   0.0370    9.6504 ^ accAdder/_1188_/ZN (OAI32D0BWP30P140)
   0.0151    9.6655 v accAdder/_1189_/ZN (AOI21D0BWP30P140)
   0.0396    9.7051 ^ accAdder/_1191_/ZN (OAI221D0BWP30P140)
   0.0211    9.7262 v accAdder/_1196_/ZN (OAI31D0BWP30P140)
   0.0222    9.7484 ^ accAdder/_1198_/ZN (AOI21D0BWP30P140)
   0.0256    9.7740 v accAdder/_1200_/ZN (MAOI222D0BWP30P140)
   0.0396    9.8136 ^ accAdder/_1202_/ZN (MAOI222D0BWP30P140)
   0.0257    9.8393 v accAdder/_1204_/ZN (MAOI222D0BWP30P140)
   0.0277    9.8671 ^ accAdder/_1206_/ZN (AOI21D0BWP30P140)
   0.0253    9.8924 ^ accAdder/_1209_/ZN (IAO21D0BWP30P140)
   0.0247    9.9170 v accAdder/_1211_/ZN (MAOI222D0BWP30P140)
   0.0395    9.9565 ^ accAdder/_1213_/ZN (MAOI222D0BWP30P140)
   0.0265    9.9830 v accAdder/_1221_/ZN (MAOI222D0BWP30P140)
   0.0354   10.0184 v accAdder/_1232_/Z (AO21D0BWP30P140)
   0.0261   10.0445 ^ accAdder/_1242_/ZN (MAOI222D0BWP30P140)
   0.0265   10.0710 v accAdder/_1255_/ZN (MAOI222D0BWP30P140)
   0.0315   10.1025 v accAdder/_1259_/Z (AO21D0BWP30P140)
   0.0182   10.1207 ^ accAdder/_1276_/ZN (AOI21D0BWP30P140)
   0.0258   10.1465 v accAdder/_1280_/ZN (MAOI222D0BWP30P140)
   0.0391   10.1856 ^ accAdder/_1296_/ZN (MAOI222D0BWP30P140)
   0.0262   10.2118 v accAdder/_1300_/ZN (MAOI222D0BWP30P140)
   0.0304   10.2422 ^ accAdder/_1318_/ZN (AOI21D0BWP30P140)
   0.0249   10.2671 v accAdder/_1322_/ZN (MAOI222D0BWP30P140)
   0.0364   10.3035 v accAdder/_1345_/Z (AO21D0BWP30P140)
   0.0156   10.3192 ^ accAdder/_1353_/ZN (MUX2ND0BWP30P140)
   0.0347   10.3539 ^ accAdder/_1354_/ZN (XNR2UD0BWP30P140)
   0.0288   10.3827 ^ accAdder/_1453_/ZN (MAOI22D0BWP30P140)
   0.1281   10.5107 v accAdder/_1456_/ZN (OAI211D0BWP30P140)
   0.0886   10.5994 ^ accAdder/_1531_/Z (MUX4D0BWP30P140)
   0.0194   10.6188 v accAdder/_1534_/ZN (MUX3ND0BWP30P140)
   0.0405   10.6593 ^ accAdder/_1568_/ZN (NR2D0BWP30P140)
   0.0507   10.7100 ^ accAdder/_1577_/ZN (INR4D0BWP30P140)
   0.0510   10.7610 ^ accAdder/_1582_/Z (AN4D0BWP30P140)
   0.0395   10.8005 ^ accAdder/_1590_/Z (AN4D0BWP30P140)
   0.0406   10.8411 ^ accAdder/_1601_/Z (AN4D0BWP30P140)
   0.0349   10.8760 ^ accAdder/_1603_/Z (AN3D0BWP30P140)
   0.0271   10.9031 v accAdder/_1605_/ZN (IND3D0BWP30P140)
   0.0379   10.9410 v accAdder/_1606_/Z (OR3D0BWP30P140)
   0.0368   10.9779 ^ accAdder/_1608_/ZN (INR3D0BWP30P140)
   0.0364   11.0143 v accAdder/_1611_/ZN (MAOI222D0BWP30P140)
   0.0357   11.0499 ^ accAdder/_1616_/ZN (NR4D0BWP30P140)
   0.0219   11.0718 v accAdder/_1619_/ZN (OAI31D0BWP30P140)
   0.0327   11.1045 v accAdder/_1621_/Z (AO21D0BWP30P140)
   0.0312   11.1358 ^ accAdder/_1623_/ZN (AOI21D0BWP30P140)
   0.0237   11.1594 v accAdder/_1626_/ZN (OAI21D0BWP30P140)
   0.0215   11.1809 v accAdder/_1658_/Z (AN3D0BWP30P140)
   0.0613   11.2421 v accAdder/_1659_/Z (OR3D0BWP30P140)
   0.0420   11.2842 ^ accAdder/_1703_/ZN (AOI211D0BWP30P140)
   0.0261   11.3102 ^ _060_/Z (AO22D0BWP30P140)
   0.0000   11.3102 ^ _070_/D (DFCNQD1BWP30P140)
            11.3102   data arrival time

  20.0000   20.0000   clock CORE_CLK (rise edge)
   0.0000   20.0000   clock network delay (ideal)
  -0.0500   19.9500   clock uncertainty
   0.0000   19.9500   clock reconvergence pessimism
            19.9500 ^ _070_/CP (DFCNQD1BWP30P140)
  -0.0174   19.9326   library setup time
            19.9326   data required time
-------------------------------------------------------------
            19.9326   data required time
           -11.3102   data arrival time
-------------------------------------------------------------
             8.6224   slack (MET)


