
===========================================================================
report_checks -unconstrained
===========================================================================
======================= Typical Corner ===================================

Startpoint: io_inB[3] (input port clocked by clock)
Endpoint: accumulator._2317_ (rising edge-triggered flip-flop clocked by clock)
Path Group: clock
Path Type: max

Fanout     Cap    Slew   Delay    Time   Description
-----------------------------------------------------------------------------
                          0.00    0.00   clock clock (rise edge)
                          0.00    0.00   clock network delay (propagated)
                          5.00    5.00 v input external delay
     1    0.00    0.01    0.01    5.01 v io_inB[3] (in)
                                         io_inB[3] (net)
                  0.01    0.00    5.01 v input10/A (sky130_fd_sc_hd__buf_4)
     6    0.02    0.05    0.15    5.15 v input10/X (sky130_fd_sc_hd__buf_4)
                                         net10 (net)
                  0.05    0.00    5.15 v operator._085_/A2 (sky130_fd_sc_hd__o31ai_4)
     4    0.02    0.30    0.34    5.49 ^ operator._085_/Y (sky130_fd_sc_hd__o31ai_4)
                                         operator._023_ (net)
                  0.30    0.00    5.49 ^ operator._096_/B (sky130_fd_sc_hd__xnor2_2)
     2    0.01    0.16    0.17    5.66 ^ operator._096_/Y (sky130_fd_sc_hd__xnor2_2)
                                         operator._033_ (net)
                  0.16    0.00    5.66 ^ operator._097_/A (sky130_fd_sc_hd__xor2_1)
     2    0.01    0.16    0.20    5.86 ^ operator._097_/X (sky130_fd_sc_hd__xor2_1)
                                         operator._034_ (net)
                  0.16    0.00    5.86 ^ operator._101_/B_N (sky130_fd_sc_hd__or2b_4)
     2    0.01    0.06    0.32    6.18 v operator._101_/X (sky130_fd_sc_hd__or2b_4)
                                         operator._038_ (net)
                  0.06    0.00    6.18 v operator._102_/B (sky130_fd_sc_hd__and2b_1)
     1    0.02    0.09    0.22    6.40 v operator._102_/X (sky130_fd_sc_hd__and2b_1)
                                         operator._039_ (net)
                  0.09    0.00    6.40 v operator._103_/B (sky130_fd_sc_hd__xnor2_4)
     9    0.03    0.26    0.27    6.67 ^ operator._103_/Y (sky130_fd_sc_hd__xnor2_4)
                                         operator.io_outMant[3] (net)
                  0.26    0.00    6.67 ^ scaleAdd._276_/B (sky130_fd_sc_hd__and2_1)
     2    0.01    0.07    0.19    6.87 ^ scaleAdd._276_/X (sky130_fd_sc_hd__and2_1)
                                         scaleAdd._228_ (net)
                  0.07    0.00    6.87 ^ scaleAdd._315_/A (sky130_fd_sc_hd__and2_1)
     2    0.01    0.14    0.20    7.07 ^ scaleAdd._315_/X (sky130_fd_sc_hd__and2_1)
                                         scaleAdd._264_ (net)
                  0.14    0.00    7.07 ^ scaleAdd._318_/A (sky130_fd_sc_hd__xnor2_2)
     2    0.01    0.16    0.15    7.22 ^ scaleAdd._318_/Y (sky130_fd_sc_hd__xnor2_2)
                                         scaleAdd._001_ (net)
                  0.16    0.00    7.22 ^ scaleAdd._320_/A (sky130_fd_sc_hd__xor2_1)
     2    0.01    0.20    0.23    7.46 ^ scaleAdd._320_/X (sky130_fd_sc_hd__xor2_1)
                                         scaleAdd._003_ (net)
                  0.20    0.00    7.46 ^ scaleAdd._321_/B (sky130_fd_sc_hd__xor2_1)
     2    0.01    0.19    0.23    7.69 ^ scaleAdd._321_/X (sky130_fd_sc_hd__xor2_1)
                                         scaleAdd._004_ (net)
                  0.19    0.00    7.69 ^ scaleAdd._322_/B1 (sky130_fd_sc_hd__o21a_1)
     3    0.01    0.12    0.22    7.91 ^ scaleAdd._322_/X (sky130_fd_sc_hd__o21a_1)
                                         scaleAdd._005_ (net)
                  0.12    0.00    7.91 ^ scaleAdd._324_/A (sky130_fd_sc_hd__or2_1)
     2    0.01    0.09    0.16    8.07 ^ scaleAdd._324_/X (sky130_fd_sc_hd__or2_1)
                                         scaleAdd._007_ (net)
                  0.09    0.00    8.07 ^ scaleAdd._325_/B (sky130_fd_sc_hd__xor2_1)
     2    0.01    0.22    0.24    8.31 ^ scaleAdd._325_/X (sky130_fd_sc_hd__xor2_1)
                                         scaleAdd._008_ (net)
                  0.22    0.00    8.31 ^ scaleAdd._328_/A (sky130_fd_sc_hd__xnor2_1)
     3    0.01    0.29    0.22    8.53 ^ scaleAdd._328_/Y (sky130_fd_sc_hd__xnor2_1)
                                         scaleAdd._011_ (net)
                  0.29    0.00    8.53 ^ scaleAdd._356_/B1 (sky130_fd_sc_hd__o21a_1)
     2    0.01    0.13    0.25    8.77 ^ scaleAdd._356_/X (sky130_fd_sc_hd__o21a_1)
                                         scaleAdd._038_ (net)
                  0.13    0.00    8.77 ^ scaleAdd._377_/A2 (sky130_fd_sc_hd__a21o_1)
     3    0.01    0.11    0.19    8.97 ^ scaleAdd._377_/X (sky130_fd_sc_hd__a21o_1)
                                         scaleAdd._058_ (net)
                  0.11    0.00    8.97 ^ rebuffer35/A (sky130_fd_sc_hd__dlygate4sd1_1)
     1    0.01    0.10    0.26    9.23 ^ rebuffer35/X (sky130_fd_sc_hd__dlygate4sd1_1)
                                         net98 (net)
                  0.10    0.00    9.23 ^ scaleAdd._378_/B (sky130_fd_sc_hd__xor2_2)
     5    0.02    0.22    0.24    9.47 ^ scaleAdd._378_/X (sky130_fd_sc_hd__xor2_2)
                                         accumulator.io_inMant[8] (net)
                  0.22    0.00    9.47 ^ accumulator._1159_/A (sky130_fd_sc_hd__nor2_1)
     1    0.00    0.06    0.08    9.55 v accumulator._1159_/Y (sky130_fd_sc_hd__nor2_1)
                                         accumulator._0142_ (net)
                  0.06    0.00    9.55 v accumulator._1160_/B1 (sky130_fd_sc_hd__o31a_1)
     1    0.00    0.05    0.11    9.66 v accumulator._1160_/X (sky130_fd_sc_hd__o31a_1)
                                         accumulator._0152_ (net)
                  0.05    0.00    9.66 v accumulator._1161_/C (sky130_fd_sc_hd__or3_4)
     1    0.01    0.07    0.34   10.01 v accumulator._1161_/X (sky130_fd_sc_hd__or3_4)
                                         accumulator._0161_ (net)
                  0.07    0.00   10.01 v accumulator._1162_/A1 (sky130_fd_sc_hd__a311o_4)
     4    0.02    0.08    0.37   10.38 v accumulator._1162_/X (sky130_fd_sc_hd__a311o_4)
                                         accumulator._0171_ (net)
                  0.08    0.00   10.38 v accumulator._1163_/A (sky130_fd_sc_hd__xor2_2)
     2    0.01    0.12    0.18   10.56 ^ accumulator._1163_/X (sky130_fd_sc_hd__xor2_2)
                                         accumulator._0181_ (net)
                  0.12    0.00   10.56 ^ accumulator._1172_/A1 (sky130_fd_sc_hd__a41o_1)
     3    0.02    0.18    0.28   10.83 ^ accumulator._1172_/X (sky130_fd_sc_hd__a41o_1)
                                         accumulator._0269_ (net)
                  0.18    0.00   10.83 ^ accumulator._1175_/A2 (sky130_fd_sc_hd__a21oi_1)
     1    0.00    0.06    0.10   10.94 v accumulator._1175_/Y (sky130_fd_sc_hd__a21oi_1)
                                         accumulator._0275_ (net)
                  0.06    0.00   10.94 v accumulator._1188_/A1 (sky130_fd_sc_hd__o41a_1)
     2    0.00    0.07    0.45   11.39 v accumulator._1188_/X (sky130_fd_sc_hd__o41a_1)
                                         accumulator._0288_ (net)
                  0.07    0.00   11.39 v rebuffer5/A (sky130_fd_sc_hd__clkbuf_2)
     2    0.01    0.04    0.13   11.52 v rebuffer5/X (sky130_fd_sc_hd__clkbuf_2)
                                         net68 (net)
                  0.04    0.00   11.52 v accumulator._1194_/A3 (sky130_fd_sc_hd__o32a_4)
     1    0.02    0.07    0.35   11.88 v accumulator._1194_/X (sky130_fd_sc_hd__o32a_4)
                                         accumulator._0294_ (net)
                  0.07    0.00   11.88 v accumulator._1197_/B (sky130_fd_sc_hd__xnor2_4)
     4    0.02    0.09    0.16   12.03 v accumulator._1197_/Y (sky130_fd_sc_hd__xnor2_4)
                                         accumulator._0297_ (net)
                  0.09    0.00   12.04 v accumulator._1221_/B1 (sky130_fd_sc_hd__a31o_1)
     5    0.01    0.08    0.26   12.29 v accumulator._1221_/X (sky130_fd_sc_hd__a31o_1)
                                         accumulator._0321_ (net)
                  0.08    0.00   12.29 v accumulator._1227_/B (sky130_fd_sc_hd__or3_4)
     2    0.01    0.07    0.40   12.70 v accumulator._1227_/X (sky130_fd_sc_hd__or3_4)
                                         accumulator._0327_ (net)
                  0.07    0.00   12.70 v accumulator._1230_/A2 (sky130_fd_sc_hd__a21bo_4)
     2    0.01    0.04    0.23   12.93 v accumulator._1230_/X (sky130_fd_sc_hd__a21bo_4)
                                         accumulator._0330_ (net)
                  0.04    0.00   12.93 v accumulator._1232_/A1 (sky130_fd_sc_hd__a21o_4)
     2    0.02    0.05    0.23   13.16 v accumulator._1232_/X (sky130_fd_sc_hd__a21o_4)
                                         accumulator._0332_ (net)
                  0.05    0.00   13.16 v accumulator._1235_/A2 (sky130_fd_sc_hd__a21o_1)
     2    0.01    0.04    0.20   13.36 v accumulator._1235_/X (sky130_fd_sc_hd__a21o_1)
                                         accumulator._0335_ (net)
                  0.04    0.00   13.36 v accumulator._1237_/A1 (sky130_fd_sc_hd__a21o_1)
     2    0.01    0.07    0.20   13.56 v accumulator._1237_/X (sky130_fd_sc_hd__a21o_1)
                                         accumulator._0337_ (net)
                  0.07    0.00   13.56 v accumulator._1241_/A2 (sky130_fd_sc_hd__a21o_1)
     2    0.01    0.06    0.22   13.77 v accumulator._1241_/X (sky130_fd_sc_hd__a21o_1)
                                         accumulator._0341_ (net)
                  0.06    0.00   13.77 v accumulator._1243_/A1 (sky130_fd_sc_hd__a21o_4)
     4    0.04    0.08    0.27   14.05 v accumulator._1243_/X (sky130_fd_sc_hd__a21o_4)
                                         accumulator._0343_ (net)
                  0.08    0.00   14.05 v accumulator._1253_/A (sky130_fd_sc_hd__xor2_4)
     7    0.03    0.27    0.31   14.35 ^ accumulator._1253_/X (sky130_fd_sc_hd__xor2_4)
                                         accumulator._0353_ (net)
                  0.27    0.00   14.35 ^ accumulator._1299_/A (sky130_fd_sc_hd__buf_6)
     5    0.02    0.06    0.18   14.53 ^ accumulator._1299_/X (sky130_fd_sc_hd__buf_6)
                                         accumulator._0397_ (net)
                  0.06    0.00   14.53 ^ accumulator._1339_/A1 (sky130_fd_sc_hd__a21oi_1)
     3    0.01    0.09    0.10   14.64 v accumulator._1339_/Y (sky130_fd_sc_hd__a21oi_1)
                                         accumulator._0437_ (net)
                  0.09    0.00   14.64 v accumulator._1374_/B (sky130_fd_sc_hd__nor2_2)
     8    0.03    0.35    0.31   14.95 ^ accumulator._1374_/Y (sky130_fd_sc_hd__nor2_2)
                                         accumulator._0472_ (net)
                  0.35    0.00   14.95 ^ accumulator._1375_/A (sky130_fd_sc_hd__clkbuf_4)
    10    0.04    0.14    0.31   15.26 ^ accumulator._1375_/X (sky130_fd_sc_hd__clkbuf_4)
                                         accumulator._0473_ (net)
                  0.14    0.00   15.26 ^ accumulator._1556_/S (sky130_fd_sc_hd__mux2_4)
     4    0.01    0.06    0.34   15.61 v accumulator._1556_/X (sky130_fd_sc_hd__mux2_4)
                                         accumulator._0654_ (net)
                  0.06    0.00   15.61 v accumulator._1599_/A1 (sky130_fd_sc_hd__a2111o_1)
     3    0.01    0.09    0.42   16.03 v accumulator._1599_/X (sky130_fd_sc_hd__a2111o_1)
                                         accumulator._0697_ (net)
                  0.09    0.00   16.03 v accumulator._1601_/A1 (sky130_fd_sc_hd__a21o_1)
     4    0.01    0.08    0.23   16.26 v accumulator._1601_/X (sky130_fd_sc_hd__a21o_1)
                                         accumulator._0699_ (net)
                  0.08    0.00   16.26 v accumulator._1753_/A2 (sky130_fd_sc_hd__a2111o_4)
     6    0.02    0.09    0.57   16.83 v accumulator._1753_/X (sky130_fd_sc_hd__a2111o_4)
                                         accumulator._0851_ (net)
                  0.09    0.00   16.83 v accumulator._1755_/A1 (sky130_fd_sc_hd__a211o_4)
     3    0.01    0.06    0.37   17.20 v accumulator._1755_/X (sky130_fd_sc_hd__a211o_4)
                                         accumulator._0853_ (net)
                  0.06    0.00   17.20 v accumulator._1758_/A1 (sky130_fd_sc_hd__a31o_4)
     5    0.02    0.05    0.26   17.46 v accumulator._1758_/X (sky130_fd_sc_hd__a31o_4)
                                         accumulator._0856_ (net)
                  0.05    0.00   17.46 v accumulator._1769_/A3 (sky130_fd_sc_hd__o311a_4)
     2    0.01    0.06    0.33   17.79 v accumulator._1769_/X (sky130_fd_sc_hd__o311a_4)
                                         accumulator._0867_ (net)
                  0.06    0.00   17.79 v accumulator._1777_/A4 (sky130_fd_sc_hd__o41a_1)
     3    0.01    0.08    0.35   18.13 v accumulator._1777_/X (sky130_fd_sc_hd__o41a_1)
                                         accumulator._0875_ (net)
                  0.08    0.00   18.13 v accumulator._1778_/B (sky130_fd_sc_hd__or3_4)
     3    0.01    0.07    0.40   18.53 v accumulator._1778_/X (sky130_fd_sc_hd__or3_4)
                                         accumulator._0876_ (net)
                  0.07    0.00   18.53 v accumulator._1786_/A2 (sky130_fd_sc_hd__a311o_1)
     3    0.01    0.08    0.37   18.90 v accumulator._1786_/X (sky130_fd_sc_hd__a311o_1)
                                         accumulator._0884_ (net)
                  0.08    0.00   18.90 v accumulator._1792_/A1 (sky130_fd_sc_hd__a311o_1)
     1    0.00    0.06    0.29   19.19 v accumulator._1792_/X (sky130_fd_sc_hd__a311o_1)
                                         accumulator._0890_ (net)
                  0.06    0.00   19.19 v accumulator._1793_/A (sky130_fd_sc_hd__and3_4)
     5    0.02    0.05    0.19   19.38 v accumulator._1793_/X (sky130_fd_sc_hd__and3_4)
                                         accumulator._0891_ (net)
                  0.05    0.00   19.38 v accumulator._1803_/A (sky130_fd_sc_hd__or2_4)
     1    0.01    0.05    0.26   19.64 v accumulator._1803_/X (sky130_fd_sc_hd__or2_4)
                                         accumulator._0901_ (net)
                  0.05    0.00   19.64 v accumulator._1804_/A (sky130_fd_sc_hd__buf_6)
     8    0.03    0.04    0.14   19.78 v accumulator._1804_/X (sky130_fd_sc_hd__buf_6)
                                         accumulator._0902_ (net)
                  0.04    0.00   19.78 v accumulator._1971_/S (sky130_fd_sc_hd__mux2_4)
     4    0.01    0.06    0.33   20.11 v accumulator._1971_/X (sky130_fd_sc_hd__mux2_4)
                                         accumulator._1069_ (net)
                  0.06    0.00   20.11 v accumulator._2006_/A2 (sky130_fd_sc_hd__a21bo_1)
     1    0.00    0.04    0.21   20.31 v accumulator._2006_/X (sky130_fd_sc_hd__a21bo_1)
                                         accumulator._1104_ (net)
                  0.04    0.00   20.31 v accumulator._2007_/A2 (sky130_fd_sc_hd__a21bo_1)
     1    0.00    0.03    0.19   20.50 v accumulator._2007_/X (sky130_fd_sc_hd__a21bo_1)
                                         accumulator._1105_ (net)
                  0.03    0.00   20.50 v accumulator._2008_/A2 (sky130_fd_sc_hd__a21bo_1)
     1    0.00    0.04    0.20   20.70 v accumulator._2008_/X (sky130_fd_sc_hd__a21bo_1)
                                         accumulator._1106_ (net)
                  0.04    0.00   20.70 v accumulator._2009_/A2 (sky130_fd_sc_hd__a21o_1)
     1    0.00    0.04    0.18   20.88 v accumulator._2009_/X (sky130_fd_sc_hd__a21o_1)
                                         accumulator._1107_ (net)
                  0.04    0.00   20.88 v accumulator._2010_/A2 (sky130_fd_sc_hd__a21bo_1)
     1    0.00    0.04    0.20   21.09 v accumulator._2010_/X (sky130_fd_sc_hd__a21bo_1)
                                         accumulator._1108_ (net)
                  0.04    0.00   21.09 v accumulator._2011_/A1 (sky130_fd_sc_hd__a21oi_1)
     1    0.00    0.11    0.13   21.21 ^ accumulator._2011_/Y (sky130_fd_sc_hd__a21oi_1)
                                         accumulator._1109_ (net)
                  0.11    0.00   21.21 ^ accumulator._2012_/A1 (sky130_fd_sc_hd__o21ba_1)
     1    0.00    0.06    0.16   21.37 ^ accumulator._2012_/X (sky130_fd_sc_hd__o21ba_1)
                                         accumulator._1110_ (net)
                  0.06    0.00   21.37 ^ accumulator._2014_/A2 (sky130_fd_sc_hd__o21ai_1)
     1    0.00    0.06    0.06   21.43 v accumulator._2014_/Y (sky130_fd_sc_hd__o21ai_1)
                                         accumulator._1112_ (net)
                  0.06    0.00   21.43 v accumulator._2015_/A1 (sky130_fd_sc_hd__a21bo_1)
     1    0.00    0.04    0.19   21.62 v accumulator._2015_/X (sky130_fd_sc_hd__a21bo_1)
                                         accumulator._1113_ (net)
                  0.04    0.00   21.62 v accumulator._2016_/A1 (sky130_fd_sc_hd__a21oi_1)
     1    0.00    0.12    0.13   21.75 ^ accumulator._2016_/Y (sky130_fd_sc_hd__a21oi_1)
                                         accumulator._1114_ (net)
                  0.12    0.00   21.75 ^ accumulator._2017_/A1 (sky130_fd_sc_hd__o21ai_1)
     1    0.00    0.06    0.09   21.84 v accumulator._2017_/Y (sky130_fd_sc_hd__o21ai_1)
                                         accumulator._1115_ (net)
                  0.06    0.00   21.84 v accumulator._2020_/A2 (sky130_fd_sc_hd__a21o_1)
     4    0.02    0.11    0.26   22.11 v accumulator._2020_/X (sky130_fd_sc_hd__a21o_1)
                                         accumulator._1118_ (net)
                  0.11    0.00   22.11 v accumulator._2021_/A (sky130_fd_sc_hd__buf_6)
     6    0.03    0.04    0.17   22.28 v accumulator._2021_/X (sky130_fd_sc_hd__buf_6)
                                         accumulator._1119_ (net)
                  0.04    0.00   22.28 v accumulator._2055_/S (sky130_fd_sc_hd__mux2_4)
     2    0.00    0.05    0.31   22.59 v accumulator._2055_/X (sky130_fd_sc_hd__mux2_4)
                                         accumulator._0041_ (net)
                  0.05    0.00   22.59 v accumulator._2056_/A0 (sky130_fd_sc_hd__mux2_4)
     2    0.01    0.05    0.29   22.87 v accumulator._2056_/X (sky130_fd_sc_hd__mux2_4)
                                         accumulator._0042_ (net)
                  0.05    0.00   22.87 v accumulator._2094_/A0 (sky130_fd_sc_hd__mux2_4)
     2    0.00    0.05    0.28   23.16 v accumulator._2094_/X (sky130_fd_sc_hd__mux2_4)
                                         accumulator._0080_ (net)
                  0.05    0.00   23.16 v accumulator._2095_/A1 (sky130_fd_sc_hd__mux2_4)
     2    0.01    0.06    0.28   23.44 v accumulator._2095_/X (sky130_fd_sc_hd__mux2_4)
                                         accumulator._0081_ (net)
                  0.06    0.00   23.44 v accumulator._2220_/B1 (sky130_fd_sc_hd__o221a_1)
     1    0.00    0.05    0.24   23.68 v accumulator._2220_/X (sky130_fd_sc_hd__o221a_1)
                                         accumulator._0203_ (net)
                  0.05    0.00   23.68 v accumulator._2221_/A2 (sky130_fd_sc_hd__a21oi_1)
     1    0.00    0.10    0.14   23.82 ^ accumulator._2221_/Y (sky130_fd_sc_hd__a21oi_1)
                                         accumulator._0024_ (net)
                  0.10    0.00   23.82 ^ accumulator._2317_/D (sky130_fd_sc_hd__dfxtp_1)
                                 23.82   data arrival time

                         25.00   25.00   clock clock (rise edge)
                          0.00   25.00   clock source latency
     1    0.01    0.04    0.03   25.03 ^ clock (in)
                                         clock (net)
                  0.04    0.00   25.03 ^ clkbuf_0_clock/A (sky130_fd_sc_hd__clkbuf_16)
     4    0.03    0.05    0.13   25.15 ^ clkbuf_0_clock/X (sky130_fd_sc_hd__clkbuf_16)
                                         clknet_0_clock (net)
                  0.05    0.00   25.15 ^ clkbuf_2_0__f_clock/A (sky130_fd_sc_hd__clkbuf_16)
     8    0.03    0.05    0.13   25.29 ^ clkbuf_2_0__f_clock/X (sky130_fd_sc_hd__clkbuf_16)
                                         clknet_2_0__leaf_clock (net)
                  0.05    0.00   25.29 ^ accumulator._2317_/CLK (sky130_fd_sc_hd__dfxtp_1)
                         -0.25   25.04   clock uncertainty
                          0.00   25.04   clock reconvergence pessimism
                         -0.07   24.97   library setup time
                                 24.97   data required time
-----------------------------------------------------------------------------
                                 24.97   data required time
                                -23.82   data arrival time
-----------------------------------------------------------------------------
                                  1.15   slack (MET)




===========================================================================
report_checks --slack_max -0.01
============================================================================
======================= Typical Corner ===================================

No paths found.


===========================================================================
 report_check_types -max_slew -max_cap -max_fanout -violators
============================================================================
======================= Typical Corner ===================================

max fanout

Pin                                   Limit Fanout  Slack
---------------------------------------------------------
clkbuf_2_2__f_clock/X                    10     12     -2 (VIOLATED)


max slew violations count Typical: 0
max fanout violations count Typical: 1
max cap violations count Typical: 0

===========================================================================
report_parasitic_annotation -report_unannotated
============================================================================
Found 7 unannotated drivers.
 io_inScaleB[0]
 io_inScaleB[1]
 io_inScaleB[2]
 clkload0/Y
 clkload1/Y
 clkload2/Y
 max_cap1/X
Found 202 partially unannotated drivers.
 clock
 io_inB[2]
 io_inB[4]
 io_inScaleA[2]
 io_inScaleA[4]
 io_inScaleA[6]
 io_inScaleB[4]
 io_inScaleB[7]
 _04_/X
 _12_/X
 _14_/X
 _20_/X
 _21_/X
 _29_/X
 accumulator._1148_/X
 accumulator._1169_/X
 accumulator._1173_/X
 accumulator._1185_/X
 accumulator._1186_/Y
 accumulator._1187_/Y
 accumulator._1189_/Y
 accumulator._1199_/X
 accumulator._1243_/X
 accumulator._1245_/Y
 accumulator._1246_/Y
 accumulator._1249_/X
 accumulator._1251_/X
 accumulator._1252_/Y
 accumulator._1256_/X
 accumulator._1257_/Y
 accumulator._1258_/X
 accumulator._1266_/X
 accumulator._1267_/Y
 accumulator._1269_/X
 accumulator._1272_/Y
 accumulator._1275_/Y
 accumulator._1276_/X
 accumulator._1288_/Y
 accumulator._1290_/X
 accumulator._1297_/X
 accumulator._1304_/Y
 accumulator._1313_/X
 accumulator._1319_/X
 accumulator._1332_/X
 accumulator._1334_/X
 accumulator._1349_/X
 accumulator._1353_/Y
 accumulator._1354_/X
 accumulator._1355_/X
 accumulator._1369_/X
 accumulator._1371_/X
 accumulator._1383_/X
 accumulator._1388_/X
 accumulator._1391_/X
 accumulator._1394_/X
 accumulator._1399_/X
 accumulator._1402_/X
 accumulator._1404_/X
 accumulator._1405_/X
 accumulator._1410_/X
 accumulator._1414_/X
 accumulator._1431_/X
 accumulator._1437_/X
 accumulator._1459_/Y
 accumulator._1460_/X
 accumulator._1466_/X
 accumulator._1474_/X
 accumulator._1507_/X
 accumulator._1508_/X
 accumulator._1533_/X
 accumulator._1534_/X
 accumulator._1535_/X
 accumulator._1553_/X
 accumulator._1556_/X
 accumulator._1557_/X
 accumulator._1572_/X
 accumulator._1589_/Y
 accumulator._1590_/X
 accumulator._1623_/X
 accumulator._1637_/Y
 accumulator._1642_/X
 accumulator._1649_/X
 accumulator._1686_/X
 accumulator._1691_/X
 accumulator._1698_/X
 accumulator._1705_/X
 accumulator._1716_/X
 accumulator._1717_/X
 accumulator._1718_/X
 accumulator._1721_/Y
 accumulator._1741_/X
 accumulator._1746_/X
 accumulator._1747_/X
 accumulator._1777_/X
 accumulator._1778_/X
 accumulator._1782_/Y
 accumulator._1798_/X
 accumulator._1805_/X
 accumulator._1851_/X
 accumulator._1881_/X
 accumulator._1886_/X
 accumulator._1932_/X
 accumulator._1935_/Y
 accumulator._1987_/Y
 accumulator._1995_/Y
 accumulator._2021_/X
 accumulator._2023_/X
 accumulator._2024_/X
 accumulator._2026_/X
 accumulator._2027_/X
 accumulator._2035_/X
 accumulator._2043_/X
 accumulator._2044_/X
 accumulator._2046_/X
 accumulator._2047_/X
 accumulator._2049_/X
 accumulator._2055_/X
 accumulator._2063_/Y
 accumulator._2064_/X
 accumulator._2065_/X
 accumulator._2067_/Y
 accumulator._2070_/Y
 accumulator._2073_/X
 accumulator._2074_/Y
 accumulator._2076_/X
 accumulator._2078_/X
 accumulator._2079_/X
 accumulator._2084_/X
 accumulator._2085_/X
 accumulator._2086_/X
 accumulator._2087_/X
 accumulator._2088_/X
 accumulator._2091_/Y
 accumulator._2092_/X
 accumulator._2093_/X
 accumulator._2094_/X
 accumulator._2098_/X
 accumulator._2099_/X
 accumulator._2100_/X
 accumulator._2106_/X
 accumulator._2109_/X
 accumulator._2115_/X
 accumulator._2117_/X
 accumulator._2121_/X
 accumulator._2123_/X
 accumulator._2128_/X
 accumulator._2130_/Y
 accumulator._2132_/X
 accumulator._2141_/X
 accumulator._2142_/X
 accumulator._2143_/X
 accumulator._2149_/X
 accumulator._2152_/Y
 accumulator._2155_/X
 accumulator._2158_/X
 accumulator._2165_/X
 accumulator._2166_/X
 accumulator._2173_/X
 accumulator._2180_/X
 accumulator._2181_/X
 accumulator._2182_/X
 accumulator._2196_/X
 accumulator._2205_/X
 accumulator._2206_/X
 accumulator._2212_/X
 accumulator._2219_/X
 accumulator._2252_/X
 accumulator._2295_/Q
 accumulator._2296_/Q
 accumulator._2297_/Q
 accumulator._2298_/Q
 accumulator._2299_/Q
 accumulator._2300_/Q
 accumulator._2301_/Q
 accumulator._2302_/Q
 accumulator._2303_/Q
 accumulator._2308_/Q
 accumulator._2315_/Q
 clkbuf_0_clock/X
 clone29/X
 fanout63/X
 input13/X
 input16/X
 input22/X
 input26/X
 input6/X
 operator._114_/Y
 operator._115_/X
 rebuffer25/X
 rebuffer8/X
 scaleAdd._281_/X
 scaleAdd._284_/X
 scaleAdd._285_/X
 scaleAdd._288_/Y
 scaleAdd._297_/X
 scaleAdd._326_/X
 scaleAdd._389_/X
 scaleAdd._514_/X
 scaleAdd._527_/X
 scaleAdd._543_/X
 scaleAdd._553_/X
 scaleAdd._554_/X

===========================================================================
max slew violation count 0
max fanout violation count 1
max cap violation count 0
============================================================================

===========================================================================
check_setup -verbose -unconstrained_endpoints -multiple_clock -no_clock -no_input_delay -loops -generated_clocks
===========================================================================
