Startpoint: reset (input port clocked by CORE_CLK)
Endpoint: _068_ (recovery check against rising-edge clock CORE_CLK)
Path Group: asynchronous
Path Type: max

    Delay      Time   Description
-------------------------------------------------------------
   0.0000    0.0000   clock CORE_CLK (rise edge)
   0.0000    0.0000   clock network delay (ideal)
   0.0000    0.0000 ^ input external delay
   0.0000    0.0000 ^ reset (in)
   0.0000    0.0000 ^ _068_/CDN (DFCNQD1BWP30P140)
             0.0000   data arrival time

  20.0000   20.0000   clock CORE_CLK (rise edge)
   0.0000   20.0000   clock network delay (ideal)
  -0.0500   19.9500   clock uncertainty
   0.0000   19.9500   clock reconvergence pessimism
            19.9500 ^ _068_/CP (DFCNQD1BWP30P140)
   0.0258   19.9758   library recovery time
            19.9758   data required time
-------------------------------------------------------------
            19.9758   data required time
            -0.0000   data arrival time
-------------------------------------------------------------
            19.9758   slack (MET)


Startpoint: io_op_b_i[9] (input port clocked by CORE_CLK)
Endpoint: _070_ (rising edge-triggered flip-flop clocked by CORE_CLK)
Path Group: CORE_CLK
Path Type: max

    Delay      Time   Description
-------------------------------------------------------------
   0.0000    0.0000   clock CORE_CLK (rise edge)
   0.0000    0.0000   clock network delay (ideal)
   0.0000    0.0000 v input external delay
   0.0000    0.0000 v io_op_b_i[9] (in)
   0.0147    0.0147 ^ reducedSum_op_1/_056_/ZN (NR2D0BWP30P140)
   0.0278    0.0425 v reducedSum_op_1/_061_/ZN (IND2D0BWP30P140)
   0.0229    0.0654 ^ reducedSum_op_1/_067_/ZN (CKND2D0BWP30P140)
   0.0523    0.1177 ^ reducedSum_op_1/_079_/ZN (XNR3UD0BWP30P140)
   0.0364    0.1540 ^ reducedSum_op_1/_080_/Z (AN3D0BWP30P140)
   0.0305    0.1845 v reducedSum_op_1/_082_/ZN (MAOI222D0BWP30P140)
   0.0405    0.2250 ^ reducedSum_op_1/_107_/ZN (MAOI222D0BWP30P140)
   0.0317    0.2568 v reducedSum_op_1/_109_/ZN (MAOI222D0BWP30P140)
   0.0394    0.2962 ^ reducedSum_op_1/_111_/ZN (MAOI222D0BWP30P140)
   0.0513    0.3475 ^ reducedSum_op_1/_112_/Z (OA211D0BWP30P140)
   0.0217    0.3692 v reducedSum_sa_1/_0769_/ZN (CKND2D0BWP30P140)
   0.0162    0.3854 ^ reducedSum_sa_1/_0932_/Z (XOR2UD0BWP30P140)
   0.0252    0.4106 v reducedSum_sa_1/_0963_/ZN (XNR2UD0BWP30P140)
   0.0289    0.4395 v reducedSum_sa_1/_0969_/ZN (XNR2UD0BWP30P140)
   0.0293    0.4687 v reducedSum_sa_1/_0992_/ZN (XNR2UD0BWP30P140)
   0.0176    0.4864 ^ reducedSum_sa_1/_0993_/ZN (CKND2D0BWP30P140)
   0.0187    0.5051 ^ reducedSum_sa_1/_1004_/ZN (INR2D0BWP30P140)
   0.0368    0.5419 ^ reducedSum_sa_1/_1015_/ZN (XNR3UD0BWP30P140)
   0.0535    0.5953 v reducedSum_sa_1/_1025_/ZN (XNR3UD0BWP30P140)
   0.0582    0.6535 v reducedSum_sa_1/_1033_/ZN (XNR3UD0BWP30P140)
   0.0350    0.6885 ^ reducedSum_sa_1/_1035_/ZN (MAOI222D0BWP30P140)
   0.0242    0.7127 v reducedSum_sa_1/_1037_/ZN (OAI21D0BWP30P140)
   0.0277    0.7404 ^ reducedSum_sa_1/_1039_/ZN (AOI21D0BWP30P140)
   0.0227    0.7631 v reducedSum_sa_1/_1041_/ZN (OAI21D0BWP30P140)
   0.0273    0.7905 ^ reducedSum_sa_1/_1043_/ZN (AOI21D0BWP30P140)
   0.0228    0.8132 v reducedSum_sa_1/_1045_/ZN (OAI21D0BWP30P140)
   0.0272    0.8404 ^ reducedSum_sa_1/_1047_/ZN (AOI21D0BWP30P140)
   0.0237    0.8641 v reducedSum_sa_1/_1049_/ZN (OAI21D0BWP30P140)
   0.0354    0.8995 ^ reducedSum_sa_1/_1051_/ZN (MAOI222D0BWP30P140)
   0.0324    0.9318 v reducedSum_sa_1/_1075_/ZN (OAI21D0BWP30P140)
   0.0293    0.9611 ^ reducedSum_reduced_nextLevel_adder/_0664_/ZN (OAI22D0BWP30P140)
   0.0156    0.9768 v reducedSum_reduced_nextLevel_adder/_0666_/ZN (AOI221D0BWP30P140)
   0.0225    0.9992 v reducedSum_reduced_nextLevel_adder/_0667_/Z (AN2D0BWP30P140)
   0.0121    1.0113 ^ reducedSum_reduced_nextLevel_adder/_0670_/ZN (OAI211D0BWP30P140)
   0.0195    1.0308 ^ reducedSum_reduced_nextLevel_adder/_0671_/Z (AO21D0BWP30P140)
   0.5325    1.5633 v reducedSum_reduced_nextLevel_adder/_0673_/ZN (AOI31D0BWP30P140)
   0.1689    1.7323 v reducedSum_reduced_nextLevel_adder/_0764_/ZN (MUX4ND0BWP30P140)
   0.0536    1.7859 ^ reducedSum_reduced_nextLevel_adder/_0780_/ZN (MUX2ND0BWP30P140)
   0.0203    1.8062 v reducedSum_reduced_nextLevel_adder/_0781_/ZN (MUX2ND0BWP30P140)
   0.0445    1.8507 ^ reducedSum_reduced_nextLevel_adder/_0840_/ZN (AOI221D0BWP30P140)
   0.0214    1.8720 v reducedSum_reduced_nextLevel_adder/_0847_/ZN (AOI211D0BWP30P140)
   0.0309    1.9029 ^ reducedSum_reduced_nextLevel_adder/_0849_/ZN (MAOI222D0BWP30P140)
   0.0252    1.9281 v reducedSum_reduced_nextLevel_adder/_0852_/ZN (MAOI222D0BWP30P140)
   0.0308    1.9589 ^ reducedSum_reduced_nextLevel_adder/_0856_/ZN (AOI21D0BWP30P140)
   0.0259    1.9848 v reducedSum_reduced_nextLevel_adder/_0860_/ZN (MAOI222D0BWP30P140)
   0.0403    2.0252 ^ reducedSum_reduced_nextLevel_adder/_0864_/ZN (MAOI222D0BWP30P140)
   0.0253    2.0504 v reducedSum_reduced_nextLevel_adder/_0868_/ZN (MAOI222D0BWP30P140)
   0.0297    2.0802 ^ reducedSum_reduced_nextLevel_adder/_0872_/ZN (AOI21D0BWP30P140)
   0.0245    2.1046 v reducedSum_reduced_nextLevel_adder/_0876_/ZN (MAOI222D0BWP30P140)
   0.0308    2.1354 ^ reducedSum_reduced_nextLevel_adder/_0880_/ZN (AOI21D0BWP30P140)
   0.0248    2.1602 v reducedSum_reduced_nextLevel_adder/_0885_/ZN (MAOI222D0BWP30P140)
   0.0350    2.1953 ^ reducedSum_reduced_nextLevel_adder/_0887_/ZN (AOI21D0BWP30P140)
   0.0264    2.2216 v reducedSum_reduced_nextLevel_adder/_0892_/ZN (OAI211D0BWP30P140)
   0.0273    2.2489 ^ reducedSum_reduced_nextLevel_adder/_0893_/ZN (AOI31D0BWP30P140)
   0.0282    2.2771 v reducedSum_reduced_nextLevel_adder/_0894_/ZN (MAOI222D0BWP30P140)
   0.0453    2.3224 v reducedSum_reduced_nextLevel_adder/_0896_/Z (AO211D0BWP30P140)
   0.0243    2.3467 ^ reducedSum_reduced_nextLevel_adder/_0897_/ZN (AOI31D0BWP30P140)
   0.0305    2.3771 v reducedSum_reduced_nextLevel_adder/_0907_/ZN (OAI211D0BWP30P140)
   0.0841    2.4612 ^ reducedSum_reduced_nextLevel_adder/_0932_/ZN (CKND2D0BWP30P140)
   0.0318    2.4930 ^ reducedSum_reduced_nextLevel_adder/_0960_/ZN (MUX2ND0BWP30P140)
   0.0527    2.5457 v reducedSum_reduced_nextLevel_adder/_0965_/ZN (ND4D0BWP30P140)
   0.0419    2.5876 ^ reducedSum_reduced_nextLevel_adder/_0983_/ZN (NR4D0BWP30P140)
   0.0485    2.6361 ^ reducedSum_reduced_nextLevel_adder/_0996_/Z (AN4D0BWP30P140)
   0.0606    2.6967 ^ reducedSum_reduced_nextLevel_adder/_1012_/ZN (INR4D0BWP30P140)
   0.0473    2.7440 v reducedSum_reduced_nextLevel_adder/_1026_/ZN (ND4D0BWP30P140)
   0.0397    2.7837 ^ reducedSum_reduced_nextLevel_adder/_1106_/ZN (NR4D0BWP30P140)
   0.0412    2.8248 v reducedSum_reduced_nextLevel_adder/_1109_/ZN (ND4D0BWP30P140)
   0.0217    2.8465 ^ reducedSum_reduced_nextLevel_adder/_1118_/ZN (CKND2D0BWP30P140)
   0.0235    2.8700 v reducedSum_reduced_nextLevel_adder/_1119_/ZN (XNR2UD0BWP30P140)
   0.0278    2.8977 v reducedSum_reduced_nextLevel_adder_16/_0577_/ZN (INR2D0BWP30P140)
   0.0318    2.9295 ^ reducedSum_reduced_nextLevel_adder_16/_0585_/ZN (AOI211D0BWP30P140)
   0.0235    2.9530 v reducedSum_reduced_nextLevel_adder_16/_0587_/ZN (OAI31D0BWP30P140)
   0.0244    2.9773 ^ reducedSum_reduced_nextLevel_adder_16/_0593_/ZN (XNR2UD0BWP30P140)
   0.0356    3.0130 ^ reducedSum_reduced_nextLevel_adder_16/_0616_/Z (AN3D0BWP30P140)
   0.5337    3.5466 v reducedSum_reduced_nextLevel_adder_16/_0673_/ZN (AOI31D0BWP30P140)
   0.1689    3.7156 v reducedSum_reduced_nextLevel_adder_16/_0764_/ZN (MUX4ND0BWP30P140)
   0.0536    3.7692 ^ reducedSum_reduced_nextLevel_adder_16/_0780_/ZN (MUX2ND0BWP30P140)
   0.0203    3.7895 v reducedSum_reduced_nextLevel_adder_16/_0781_/ZN (MUX2ND0BWP30P140)
   0.0445    3.8340 ^ reducedSum_reduced_nextLevel_adder_16/_0840_/ZN (AOI221D0BWP30P140)
   0.0214    3.8553 v reducedSum_reduced_nextLevel_adder_16/_0847_/ZN (AOI211D0BWP30P140)
   0.0309    3.8862 ^ reducedSum_reduced_nextLevel_adder_16/_0849_/ZN (MAOI222D0BWP30P140)
   0.0252    3.9114 v reducedSum_reduced_nextLevel_adder_16/_0852_/ZN (MAOI222D0BWP30P140)
   0.0308    3.9422 ^ reducedSum_reduced_nextLevel_adder_16/_0856_/ZN (AOI21D0BWP30P140)
   0.0259    3.9681 v reducedSum_reduced_nextLevel_adder_16/_0860_/ZN (MAOI222D0BWP30P140)
   0.0403    4.0085 ^ reducedSum_reduced_nextLevel_adder_16/_0864_/ZN (MAOI222D0BWP30P140)
   0.0253    4.0338 v reducedSum_reduced_nextLevel_adder_16/_0868_/ZN (MAOI222D0BWP30P140)
   0.0297    4.0635 ^ reducedSum_reduced_nextLevel_adder_16/_0872_/ZN (AOI21D0BWP30P140)
   0.0245    4.0880 v reducedSum_reduced_nextLevel_adder_16/_0876_/ZN (MAOI222D0BWP30P140)
   0.0308    4.1187 ^ reducedSum_reduced_nextLevel_adder_16/_0880_/ZN (AOI21D0BWP30P140)
   0.0248    4.1435 v reducedSum_reduced_nextLevel_adder_16/_0885_/ZN (MAOI222D0BWP30P140)
   0.0350    4.1786 ^ reducedSum_reduced_nextLevel_adder_16/_0887_/ZN (AOI21D0BWP30P140)
   0.0264    4.2049 v reducedSum_reduced_nextLevel_adder_16/_0892_/ZN (OAI211D0BWP30P140)
   0.0273    4.2322 ^ reducedSum_reduced_nextLevel_adder_16/_0893_/ZN (AOI31D0BWP30P140)
   0.0282    4.2604 v reducedSum_reduced_nextLevel_adder_16/_0894_/ZN (MAOI222D0BWP30P140)
   0.0453    4.3057 v reducedSum_reduced_nextLevel_adder_16/_0896_/Z (AO211D0BWP30P140)
   0.0243    4.3300 ^ reducedSum_reduced_nextLevel_adder_16/_0897_/ZN (AOI31D0BWP30P140)
   0.0305    4.3604 v reducedSum_reduced_nextLevel_adder_16/_0907_/ZN (OAI211D0BWP30P140)
   0.0841    4.4445 ^ reducedSum_reduced_nextLevel_adder_16/_0932_/ZN (CKND2D0BWP30P140)
   0.0318    4.4764 ^ reducedSum_reduced_nextLevel_adder_16/_0960_/ZN (MUX2ND0BWP30P140)
   0.0527    4.5290 v reducedSum_reduced_nextLevel_adder_16/_0965_/ZN (ND4D0BWP30P140)
   0.0419    4.5710 ^ reducedSum_reduced_nextLevel_adder_16/_0983_/ZN (NR4D0BWP30P140)
   0.0485    4.6194 ^ reducedSum_reduced_nextLevel_adder_16/_0996_/Z (AN4D0BWP30P140)
   0.0606    4.6800 ^ reducedSum_reduced_nextLevel_adder_16/_1012_/ZN (INR4D0BWP30P140)
   0.0473    4.7273 v reducedSum_reduced_nextLevel_adder_16/_1026_/ZN (ND4D0BWP30P140)
   0.0397    4.7670 ^ reducedSum_reduced_nextLevel_adder_16/_1106_/ZN (NR4D0BWP30P140)
   0.0412    4.8081 v reducedSum_reduced_nextLevel_adder_16/_1109_/ZN (ND4D0BWP30P140)
   0.0217    4.8298 ^ reducedSum_reduced_nextLevel_adder_16/_1118_/ZN (CKND2D0BWP30P140)
   0.0235    4.8533 v reducedSum_reduced_nextLevel_adder_16/_1119_/ZN (XNR2UD0BWP30P140)
   0.0278    4.8811 v reducedSum_reduced_nextLevel_adder_24/_0577_/ZN (INR2D0BWP30P140)
   0.0318    4.9128 ^ reducedSum_reduced_nextLevel_adder_24/_0585_/ZN (AOI211D0BWP30P140)
   0.0235    4.9363 v reducedSum_reduced_nextLevel_adder_24/_0587_/ZN (OAI31D0BWP30P140)
   0.0244    4.9607 ^ reducedSum_reduced_nextLevel_adder_24/_0593_/ZN (XNR2UD0BWP30P140)
   0.0356    4.9963 ^ reducedSum_reduced_nextLevel_adder_24/_0616_/Z (AN3D0BWP30P140)
   0.5337    5.5300 v reducedSum_reduced_nextLevel_adder_24/_0673_/ZN (AOI31D0BWP30P140)
   0.1689    5.6989 v reducedSum_reduced_nextLevel_adder_24/_0764_/ZN (MUX4ND0BWP30P140)
   0.0536    5.7525 ^ reducedSum_reduced_nextLevel_adder_24/_0780_/ZN (MUX2ND0BWP30P140)
   0.0203    5.7728 v reducedSum_reduced_nextLevel_adder_24/_0781_/ZN (MUX2ND0BWP30P140)
   0.0445    5.8173 ^ reducedSum_reduced_nextLevel_adder_24/_0840_/ZN (AOI221D0BWP30P140)
   0.0214    5.8386 v reducedSum_reduced_nextLevel_adder_24/_0847_/ZN (AOI211D0BWP30P140)
   0.0309    5.8695 ^ reducedSum_reduced_nextLevel_adder_24/_0849_/ZN (MAOI222D0BWP30P140)
   0.0252    5.8947 v reducedSum_reduced_nextLevel_adder_24/_0852_/ZN (MAOI222D0BWP30P140)
   0.0308    5.9255 ^ reducedSum_reduced_nextLevel_adder_24/_0856_/ZN (AOI21D0BWP30P140)
   0.0259    5.9514 v reducedSum_reduced_nextLevel_adder_24/_0860_/ZN (MAOI222D0BWP30P140)
   0.0403    5.9918 ^ reducedSum_reduced_nextLevel_adder_24/_0864_/ZN (MAOI222D0BWP30P140)
   0.0253    6.0171 v reducedSum_reduced_nextLevel_adder_24/_0868_/ZN (MAOI222D0BWP30P140)
   0.0297    6.0468 ^ reducedSum_reduced_nextLevel_adder_24/_0872_/ZN (AOI21D0BWP30P140)
   0.0245    6.0713 v reducedSum_reduced_nextLevel_adder_24/_0876_/ZN (MAOI222D0BWP30P140)
   0.0308    6.1021 ^ reducedSum_reduced_nextLevel_adder_24/_0880_/ZN (AOI21D0BWP30P140)
   0.0248    6.1268 v reducedSum_reduced_nextLevel_adder_24/_0885_/ZN (MAOI222D0BWP30P140)
   0.0350    6.1619 ^ reducedSum_reduced_nextLevel_adder_24/_0887_/ZN (AOI21D0BWP30P140)
   0.0264    6.1882 v reducedSum_reduced_nextLevel_adder_24/_0892_/ZN (OAI211D0BWP30P140)
   0.0273    6.2155 ^ reducedSum_reduced_nextLevel_adder_24/_0893_/ZN (AOI31D0BWP30P140)
   0.0282    6.2437 v reducedSum_reduced_nextLevel_adder_24/_0894_/ZN (MAOI222D0BWP30P140)
   0.0453    6.2890 v reducedSum_reduced_nextLevel_adder_24/_0896_/Z (AO211D0BWP30P140)
   0.0243    6.3133 ^ reducedSum_reduced_nextLevel_adder_24/_0897_/ZN (AOI31D0BWP30P140)
   0.0305    6.3438 v reducedSum_reduced_nextLevel_adder_24/_0907_/ZN (OAI211D0BWP30P140)
   0.0841    6.4279 ^ reducedSum_reduced_nextLevel_adder_24/_0932_/ZN (CKND2D0BWP30P140)
   0.0318    6.4597 ^ reducedSum_reduced_nextLevel_adder_24/_0960_/ZN (MUX2ND0BWP30P140)
   0.0527    6.5123 v reducedSum_reduced_nextLevel_adder_24/_0965_/ZN (ND4D0BWP30P140)
   0.0419    6.5543 ^ reducedSum_reduced_nextLevel_adder_24/_0983_/ZN (NR4D0BWP30P140)
   0.0485    6.6027 ^ reducedSum_reduced_nextLevel_adder_24/_0996_/Z (AN4D0BWP30P140)
   0.0606    6.6633 ^ reducedSum_reduced_nextLevel_adder_24/_1012_/ZN (INR4D0BWP30P140)
   0.0473    6.7106 v reducedSum_reduced_nextLevel_adder_24/_1026_/ZN (ND4D0BWP30P140)
   0.0397    6.7503 ^ reducedSum_reduced_nextLevel_adder_24/_1106_/ZN (NR4D0BWP30P140)
   0.0412    6.7915 v reducedSum_reduced_nextLevel_adder_24/_1109_/ZN (ND4D0BWP30P140)
   0.0217    6.8131 ^ reducedSum_reduced_nextLevel_adder_24/_1118_/ZN (CKND2D0BWP30P140)
   0.0235    6.8366 v reducedSum_reduced_nextLevel_adder_24/_1119_/ZN (XNR2UD0BWP30P140)
   0.0278    6.8644 v reducedSum_reduced_nextLevel_adder_28/_0577_/ZN (INR2D0BWP30P140)
   0.0318    6.8961 ^ reducedSum_reduced_nextLevel_adder_28/_0585_/ZN (AOI211D0BWP30P140)
   0.0235    6.9196 v reducedSum_reduced_nextLevel_adder_28/_0587_/ZN (OAI31D0BWP30P140)
   0.0244    6.9440 ^ reducedSum_reduced_nextLevel_adder_28/_0593_/ZN (XNR2UD0BWP30P140)
   0.0356    6.9796 ^ reducedSum_reduced_nextLevel_adder_28/_0616_/Z (AN3D0BWP30P140)
   0.5337    7.5133 v reducedSum_reduced_nextLevel_adder_28/_0673_/ZN (AOI31D0BWP30P140)
   0.1689    7.6822 v reducedSum_reduced_nextLevel_adder_28/_0764_/ZN (MUX4ND0BWP30P140)
   0.0536    7.7358 ^ reducedSum_reduced_nextLevel_adder_28/_0780_/ZN (MUX2ND0BWP30P140)
   0.0203    7.7561 v reducedSum_reduced_nextLevel_adder_28/_0781_/ZN (MUX2ND0BWP30P140)
   0.0445    7.8006 ^ reducedSum_reduced_nextLevel_adder_28/_0840_/ZN (AOI221D0BWP30P140)
   0.0214    7.8220 v reducedSum_reduced_nextLevel_adder_28/_0847_/ZN (AOI211D0BWP30P140)
   0.0309    7.8528 ^ reducedSum_reduced_nextLevel_adder_28/_0849_/ZN (MAOI222D0BWP30P140)
   0.0252    7.8780 v reducedSum_reduced_nextLevel_adder_28/_0852_/ZN (MAOI222D0BWP30P140)
   0.0308    7.9088 ^ reducedSum_reduced_nextLevel_adder_28/_0856_/ZN (AOI21D0BWP30P140)
   0.0259    7.9347 v reducedSum_reduced_nextLevel_adder_28/_0860_/ZN (MAOI222D0BWP30P140)
   0.0403    7.9751 ^ reducedSum_reduced_nextLevel_adder_28/_0864_/ZN (MAOI222D0BWP30P140)
   0.0253    8.0004 v reducedSum_reduced_nextLevel_adder_28/_0868_/ZN (MAOI222D0BWP30P140)
   0.0297    8.0301 ^ reducedSum_reduced_nextLevel_adder_28/_0872_/ZN (AOI21D0BWP30P140)
   0.0245    8.0546 v reducedSum_reduced_nextLevel_adder_28/_0876_/ZN (MAOI222D0BWP30P140)
   0.0308    8.0854 ^ reducedSum_reduced_nextLevel_adder_28/_0880_/ZN (AOI21D0BWP30P140)
   0.0248    8.1102 v reducedSum_reduced_nextLevel_adder_28/_0885_/ZN (MAOI222D0BWP30P140)
   0.0350    8.1452 ^ reducedSum_reduced_nextLevel_adder_28/_0887_/ZN (AOI21D0BWP30P140)
   0.0264    8.1715 v reducedSum_reduced_nextLevel_adder_28/_0892_/ZN (OAI211D0BWP30P140)
   0.0273    8.1988 ^ reducedSum_reduced_nextLevel_adder_28/_0893_/ZN (AOI31D0BWP30P140)
   0.0282    8.2270 v reducedSum_reduced_nextLevel_adder_28/_0894_/ZN (MAOI222D0BWP30P140)
   0.0453    8.2723 v reducedSum_reduced_nextLevel_adder_28/_0896_/Z (AO211D0BWP30P140)
   0.0243    8.2966 ^ reducedSum_reduced_nextLevel_adder_28/_0897_/ZN (AOI31D0BWP30P140)
   0.0305    8.3271 v reducedSum_reduced_nextLevel_adder_28/_0907_/ZN (OAI211D0BWP30P140)
   0.0841    8.4112 ^ reducedSum_reduced_nextLevel_adder_28/_0932_/ZN (CKND2D0BWP30P140)
   0.0318    8.4430 ^ reducedSum_reduced_nextLevel_adder_28/_0960_/ZN (MUX2ND0BWP30P140)
   0.0527    8.4957 v reducedSum_reduced_nextLevel_adder_28/_0965_/ZN (ND4D0BWP30P140)
   0.0419    8.5376 ^ reducedSum_reduced_nextLevel_adder_28/_0983_/ZN (NR4D0BWP30P140)
   0.0485    8.5860 ^ reducedSum_reduced_nextLevel_adder_28/_0996_/Z (AN4D0BWP30P140)
   0.0606    8.6466 ^ reducedSum_reduced_nextLevel_adder_28/_1012_/ZN (INR4D0BWP30P140)
   0.0473    8.6939 v reducedSum_reduced_nextLevel_adder_28/_1026_/ZN (ND4D0BWP30P140)
   0.0397    8.7336 ^ reducedSum_reduced_nextLevel_adder_28/_1106_/ZN (NR4D0BWP30P140)
   0.0412    8.7748 v reducedSum_reduced_nextLevel_adder_28/_1109_/ZN (ND4D0BWP30P140)
   0.0217    8.7964 ^ reducedSum_reduced_nextLevel_adder_28/_1118_/ZN (CKND2D0BWP30P140)
   0.0235    8.8199 v reducedSum_reduced_nextLevel_adder_28/_1119_/ZN (XNR2UD0BWP30P140)
   0.0278    8.8477 v reducedSum_reduced_nextLevel_adder_30/_0577_/ZN (INR2D0BWP30P140)
   0.0318    8.8794 ^ reducedSum_reduced_nextLevel_adder_30/_0585_/ZN (AOI211D0BWP30P140)
   0.0235    8.9029 v reducedSum_reduced_nextLevel_adder_30/_0587_/ZN (OAI31D0BWP30P140)
   0.0244    8.9273 ^ reducedSum_reduced_nextLevel_adder_30/_0593_/ZN (XNR2UD0BWP30P140)
   0.0356    8.9629 ^ reducedSum_reduced_nextLevel_adder_30/_0616_/Z (AN3D0BWP30P140)
   0.5337    9.4966 v reducedSum_reduced_nextLevel_adder_30/_0673_/ZN (AOI31D0BWP30P140)
   0.1689    9.6655 v reducedSum_reduced_nextLevel_adder_30/_0764_/ZN (MUX4ND0BWP30P140)
   0.0536    9.7191 ^ reducedSum_reduced_nextLevel_adder_30/_0780_/ZN (MUX2ND0BWP30P140)
   0.0203    9.7394 v reducedSum_reduced_nextLevel_adder_30/_0781_/ZN (MUX2ND0BWP30P140)
   0.0445    9.7839 ^ reducedSum_reduced_nextLevel_adder_30/_0840_/ZN (AOI221D0BWP30P140)
   0.0214    9.8053 v reducedSum_reduced_nextLevel_adder_30/_0847_/ZN (AOI211D0BWP30P140)
   0.0309    9.8361 ^ reducedSum_reduced_nextLevel_adder_30/_0849_/ZN (MAOI222D0BWP30P140)
   0.0252    9.8613 v reducedSum_reduced_nextLevel_adder_30/_0852_/ZN (MAOI222D0BWP30P140)
   0.0308    9.8921 ^ reducedSum_reduced_nextLevel_adder_30/_0856_/ZN (AOI21D0BWP30P140)
   0.0259    9.9181 v reducedSum_reduced_nextLevel_adder_30/_0860_/ZN (MAOI222D0BWP30P140)
   0.0403    9.9584 ^ reducedSum_reduced_nextLevel_adder_30/_0864_/ZN (MAOI222D0BWP30P140)
   0.0253    9.9837 v reducedSum_reduced_nextLevel_adder_30/_0868_/ZN (MAOI222D0BWP30P140)
   0.0297   10.0134 ^ reducedSum_reduced_nextLevel_adder_30/_0872_/ZN (AOI21D0BWP30P140)
   0.0245   10.0379 v reducedSum_reduced_nextLevel_adder_30/_0876_/ZN (MAOI222D0BWP30P140)
   0.0308   10.0687 ^ reducedSum_reduced_nextLevel_adder_30/_0880_/ZN (AOI21D0BWP30P140)
   0.0248   10.0935 v reducedSum_reduced_nextLevel_adder_30/_0885_/ZN (MAOI222D0BWP30P140)
   0.0350   10.1285 ^ reducedSum_reduced_nextLevel_adder_30/_0887_/ZN (AOI21D0BWP30P140)
   0.0264   10.1548 v reducedSum_reduced_nextLevel_adder_30/_0892_/ZN (OAI211D0BWP30P140)
   0.0273   10.1821 ^ reducedSum_reduced_nextLevel_adder_30/_0893_/ZN (AOI31D0BWP30P140)
   0.0282   10.2103 v reducedSum_reduced_nextLevel_adder_30/_0894_/ZN (MAOI222D0BWP30P140)
   0.0453   10.2556 v reducedSum_reduced_nextLevel_adder_30/_0896_/Z (AO211D0BWP30P140)
   0.0243   10.2799 ^ reducedSum_reduced_nextLevel_adder_30/_0897_/ZN (AOI31D0BWP30P140)
   0.0305   10.3104 v reducedSum_reduced_nextLevel_adder_30/_0907_/ZN (OAI211D0BWP30P140)
   0.0841   10.3945 ^ reducedSum_reduced_nextLevel_adder_30/_0932_/ZN (CKND2D0BWP30P140)
   0.0318   10.4263 ^ reducedSum_reduced_nextLevel_adder_30/_0960_/ZN (MUX2ND0BWP30P140)
   0.0527   10.4790 v reducedSum_reduced_nextLevel_adder_30/_0965_/ZN (ND4D0BWP30P140)
   0.0419   10.5209 ^ reducedSum_reduced_nextLevel_adder_30/_0983_/ZN (NR4D0BWP30P140)
   0.0485   10.5693 ^ reducedSum_reduced_nextLevel_adder_30/_0996_/Z (AN4D0BWP30P140)
   0.0606   10.6299 ^ reducedSum_reduced_nextLevel_adder_30/_1012_/ZN (INR4D0BWP30P140)
   0.0473   10.6772 v reducedSum_reduced_nextLevel_adder_30/_1026_/ZN (ND4D0BWP30P140)
   0.0351   10.7122 v reducedSum_reduced_nextLevel_adder_30/_1031_/ZN (IND2D0BWP30P140)
   0.0257   10.7379 v reducedSum_reduced_nextLevel_adder_30/_1037_/Z (XOR2UD0BWP30P140)
   0.0976   10.8355 ^ reducedSum_conv/_149_/ZN (NR3D0BWP30P140)
   0.0337   10.8692 v reducedSum_conv/_163_/ZN (XNR2UD0BWP30P140)
   0.0286   10.8978 ^ reducedSum_conv/_164_/ZN (OAI21D0BWP30P140)
   0.0455   10.9433 ^ reducedSum_conv/_192_/ZN (INR3D0BWP30P140)
   0.0262   10.9696 v accAdder/_0897_/ZN (XNR2UD0BWP30P140)
   0.0314   11.0009 ^ accAdder/_0899_/ZN (AOI21D0BWP30P140)
   0.0301   11.0310 v accAdder/_0901_/ZN (MAOI222D0BWP30P140)
   0.0370   11.0681 ^ accAdder/_0902_/ZN (MAOI222D0BWP30P140)
   0.0303   11.0984 v accAdder/_0903_/ZN (MAOI222D0BWP30P140)
   0.0355   11.1339 ^ accAdder/_0966_/ZN (MAOI222D0BWP30P140)
   0.0302   11.1641 v accAdder/_0968_/ZN (MAOI222D0BWP30P140)
   0.0262   11.1903 v accAdder/_0970_/ZN (XNR2UD0BWP30P140)
   0.0212   11.2115 ^ accAdder/_0971_/ZN (NR2D0BWP30P140)
   0.0257   11.2372 ^ accAdder/_0972_/Z (AN2D0BWP30P140)
   0.4170   11.6542 v accAdder/_0975_/ZN (AOI31D0BWP30P140)
   0.4192   12.0734 ^ accAdder/_0991_/ZN (AOI22D0BWP30P140)
   0.0318   12.1053 v accAdder/_1063_/ZN (CKND2D0BWP30P140)
   0.0370   12.1423 ^ accAdder/_1188_/ZN (OAI32D0BWP30P140)
   0.0151   12.1573 v accAdder/_1189_/ZN (AOI21D0BWP30P140)
   0.0396   12.1970 ^ accAdder/_1191_/ZN (OAI221D0BWP30P140)
   0.0211   12.2180 v accAdder/_1196_/ZN (OAI31D0BWP30P140)
   0.0222   12.2403 ^ accAdder/_1198_/ZN (AOI21D0BWP30P140)
   0.0256   12.2659 v accAdder/_1200_/ZN (MAOI222D0BWP30P140)
   0.0396   12.3055 ^ accAdder/_1202_/ZN (MAOI222D0BWP30P140)
   0.0257   12.3312 v accAdder/_1204_/ZN (MAOI222D0BWP30P140)
   0.0277   12.3589 ^ accAdder/_1206_/ZN (AOI21D0BWP30P140)
   0.0253   12.3842 ^ accAdder/_1209_/ZN (IAO21D0BWP30P140)
   0.0247   12.4089 v accAdder/_1211_/ZN (MAOI222D0BWP30P140)
   0.0395   12.4484 ^ accAdder/_1213_/ZN (MAOI222D0BWP30P140)
   0.0265   12.4749 v accAdder/_1221_/ZN (MAOI222D0BWP30P140)
   0.0354   12.5103 v accAdder/_1232_/Z (AO21D0BWP30P140)
   0.0261   12.5363 ^ accAdder/_1242_/ZN (MAOI222D0BWP30P140)
   0.0265   12.5628 v accAdder/_1255_/ZN (MAOI222D0BWP30P140)
   0.0315   12.5943 v accAdder/_1259_/Z (AO21D0BWP30P140)
   0.0182   12.6125 ^ accAdder/_1276_/ZN (AOI21D0BWP30P140)
   0.0258   12.6384 v accAdder/_1280_/ZN (MAOI222D0BWP30P140)
   0.0391   12.6775 ^ accAdder/_1296_/ZN (MAOI222D0BWP30P140)
   0.0262   12.7036 v accAdder/_1300_/ZN (MAOI222D0BWP30P140)
   0.0304   12.7340 ^ accAdder/_1318_/ZN (AOI21D0BWP30P140)
   0.0249   12.7589 v accAdder/_1322_/ZN (MAOI222D0BWP30P140)
   0.0364   12.7954 v accAdder/_1345_/Z (AO21D0BWP30P140)
   0.0156   12.8110 ^ accAdder/_1353_/ZN (MUX2ND0BWP30P140)
   0.0347   12.8458 ^ accAdder/_1354_/ZN (XNR2UD0BWP30P140)
   0.0288   12.8745 ^ accAdder/_1453_/ZN (MAOI22D0BWP30P140)
   0.1281   13.0026 v accAdder/_1456_/ZN (OAI211D0BWP30P140)
   0.0886   13.0912 ^ accAdder/_1531_/Z (MUX4D0BWP30P140)
   0.0194   13.1107 v accAdder/_1534_/ZN (MUX3ND0BWP30P140)
   0.0405   13.1512 ^ accAdder/_1568_/ZN (NR2D0BWP30P140)
   0.0507   13.2018 ^ accAdder/_1577_/ZN (INR4D0BWP30P140)
   0.0510   13.2529 ^ accAdder/_1582_/Z (AN4D0BWP30P140)
   0.0395   13.2924 ^ accAdder/_1590_/Z (AN4D0BWP30P140)
   0.0406   13.3329 ^ accAdder/_1601_/Z (AN4D0BWP30P140)
   0.0349   13.3678 ^ accAdder/_1603_/Z (AN3D0BWP30P140)
   0.0271   13.3949 v accAdder/_1605_/ZN (IND3D0BWP30P140)
   0.0379   13.4329 v accAdder/_1606_/Z (OR3D0BWP30P140)
   0.0368   13.4697 ^ accAdder/_1608_/ZN (INR3D0BWP30P140)
   0.0364   13.5061 v accAdder/_1611_/ZN (MAOI222D0BWP30P140)
   0.0357   13.5418 ^ accAdder/_1616_/ZN (NR4D0BWP30P140)
   0.0219   13.5637 v accAdder/_1619_/ZN (OAI31D0BWP30P140)
   0.0327   13.5964 v accAdder/_1621_/Z (AO21D0BWP30P140)
   0.0312   13.6276 ^ accAdder/_1623_/ZN (AOI21D0BWP30P140)
   0.0237   13.6513 v accAdder/_1626_/ZN (OAI21D0BWP30P140)
   0.0215   13.6727 v accAdder/_1658_/Z (AN3D0BWP30P140)
   0.0613   13.7340 v accAdder/_1659_/Z (OR3D0BWP30P140)
   0.0420   13.7760 ^ accAdder/_1703_/ZN (AOI211D0BWP30P140)
   0.0261   13.8021 ^ _060_/Z (AO22D0BWP30P140)
   0.0000   13.8021 ^ _070_/D (DFCNQD1BWP30P140)
            13.8021   data arrival time

  20.0000   20.0000   clock CORE_CLK (rise edge)
   0.0000   20.0000   clock network delay (ideal)
  -0.0500   19.9500   clock uncertainty
   0.0000   19.9500   clock reconvergence pessimism
            19.9500 ^ _070_/CP (DFCNQD1BWP30P140)
  -0.0174   19.9326   library setup time
            19.9326   data required time
-------------------------------------------------------------
            19.9326   data required time
           -13.8021   data arrival time
-------------------------------------------------------------
             6.1306   slack (MET)


