
6. Printing statistics.

=== BFP_PE ===

        +----------Local Count, excluding submodules.
        |        +-Local Area, excluding submodules.
        |        | 
      174        - wires
     2120        - wire bits
      140        - public wires
     2086        - public wire bits
       10        - ports
      309        - port bits
       67   99.918 cells
       32   24.192   AO22D0BWP30P140
       33   74.844   DFCNQD1BWP30P140
        1    0.504   INR2D0BWP30P140
        1    0.378   NR2D0BWP30P140
       64        - submodules
       16        -   CustomOperator_INT8_to_E4M3
       16        -   FP32Adder
       16        -   ScaleAddition_INT8_to_E4M3_scale_UE6M2
       16        -   ScaleToFP32_INT8_x_E4M3_UE6M2

   Chip area for module '\BFP_PE': 99.918000
     of which used for sequential elements: 74.844000 (74.91%)

=== FP32Adder ===

        +----------Local Count, excluding submodules.
        |        +-Local Area, excluding submodules.
        |        | 
      872        - wires
     1037        - wire bits
        6        - public wires
      171        - public wire bits
        3        - ports
       96        - port bits
      898  554.904 cells
       18    9.072   AN2D0BWP30P140
        5     3.15   AN3D0BWP30P140
        4    3.024   AN4D0BWP30P140
        2    1.512   AO211D0BWP30P140
       13     8.19   AO21D0BWP30P140
        4    3.024   AO22D0BWP30P140
       10      6.3   AOI211D0BWP30P140
       52   26.208   AOI21D0BWP30P140
       10     7.56   AOI221D0BWP30P140
        2    2.016   AOI222D0BWP30P140
       32    20.16   AOI22D0BWP30P140
        2     1.26   AOI31D0BWP30P140
       19   16.758   CKMUX2D0BWP30P140
       65    16.38   CKND0BWP30P140
       72   27.216   CKND2D0BWP30P140
        6     3.78   IAO21D0BWP30P140
       20    10.08   IND2D0BWP30P140
        1     0.63   IND3D0BWP30P140
        2    1.512   IND4D0BWP30P140
       21   10.584   INR2D0BWP30P140
        8     5.04   INR3D0BWP30P140
        3    2.268   INR4D0BWP30P140
        7     4.41   IOA21D0BWP30P140
       30    22.68   MAOI222D0BWP30P140
       15    11.34   MAOI22D0BWP30P140
        4    3.024   MOAI22D0BWP30P140
      114   86.184   MUX2ND0BWP30P140
        1    1.764   MUX3D0BWP30P140
        1    1.638   MUX3ND0BWP30P140
        2    4.788   MUX4D0BWP30P140
       16   36.288   MUX4ND0BWP30P140
       14    7.056   ND3D0BWP30P140
        5     3.15   ND4D0BWP30P140
       99   37.422   NR2D0BWP30P140
       35    17.64   NR3D0BWP30P140
        8     5.04   NR4D0BWP30P140
        2    1.512   OA211D0BWP30P140
        6     3.78   OA21D0BWP30P140
        1    0.882   OA22D0BWP30P140
       13     8.19   OAI211D0BWP30P140
       41   20.664   OAI21D0BWP30P140
        1    0.882   OAI221D0BWP30P140
        1    1.008   OAI222D0BWP30P140
       10      6.3   OAI22D0BWP30P140
        6     3.78   OAI31D0BWP30P140
        3    2.268   OAI32D0BWP30P140
        1    0.882   OAI33D0BWP30P140
        6    3.024   OR2D0BWP30P140
        8     5.04   OR3D0BWP30P140
        2    1.512   OR4D0BWP30P140
       51   44.982   XNR2UD0BWP30P140
        1    1.764   XNR3UD0BWP30P140
       23   20.286   XOR2UD0BWP30P140

   Chip area for module '\FP32Adder': 554.904000
     of which used for sequential elements: 0.000000 (0.00%)

=== ScaleToFP32_INT8_x_E4M3_UE6M2 ===

        +----------Local Count, excluding submodules.
        |        +-Local Area, excluding submodules.
        |        | 
      134        - wires
      189        - wire bits
        4        - public wires
       59        - public wire bits
        4        - ports
       59        - port bits
      155   91.224 cells
        9    4.536   AN2D0BWP30P140
        5     3.15   AN3D0BWP30P140
        1    0.756   AN4D0BWP30P140
        2     1.26   AO21D0BWP30P140
        6     3.78   AOI211D0BWP30P140
       10     5.04   AOI21D0BWP30P140
        1    0.756   AOI221D0BWP30P140
        2     1.26   AOI31D0BWP30P140
        8    7.056   CKMUX2D0BWP30P140
        7    1.764   CKND0BWP30P140
        8    3.024   CKND2D0BWP30P140
        7     4.41   IAO21D0BWP30P140
        2    1.008   IND2D0BWP30P140
        1     0.63   IND3D0BWP30P140
        3    1.512   INR2D0BWP30P140
        3     1.89   INR3D0BWP30P140
        1     0.63   IOA21D0BWP30P140
        1    0.756   MAOI22D0BWP30P140
       22   16.632   MUX2ND0BWP30P140
        2    1.008   ND3D0BWP30P140
       22    8.316   NR2D0BWP30P140
        2    1.008   NR3D0BWP30P140
        8     5.04   NR4D0BWP30P140
        2    1.512   OA211D0BWP30P140
        3    1.512   OAI21D0BWP30P140
        3     1.89   OAI22D0BWP30P140
        5     3.15   OAI31D0BWP30P140
        7    6.174   XNR2UD0BWP30P140
        2    1.764   XOR2UD0BWP30P140

   Chip area for module '\ScaleToFP32_INT8_x_E4M3_UE6M2': 91.224000
     of which used for sequential elements: 0.000000 (0.00%)

=== ScaleAddition_INT8_to_E4M3_scale_UE6M2 ===

        +----------Local Count, excluding submodules.
        |        +-Local Area, excluding submodules.
        |        | 
      316        - wires
      369        - wire bits
        8        - public wires
       61        - public wire bits
        8        - ports
       61        - port bits
      333  235.494 cells
        7    3.528   AN2D0BWP30P140
        3     1.89   AN3D0BWP30P140
        1    0.756   AO211D0BWP30P140
        2     1.26   AO21D0BWP30P140
       14    7.056   AOI21D0BWP30P140
        3     1.89   AOI22D0BWP30P140
        2     1.26   AOI31D0BWP30P140
       12    3.024   CKND0BWP30P140
       83   31.374   CKND2D0BWP30P140
        1     0.63   IAO21D0BWP30P140
        5     2.52   IND2D0BWP30P140
        7    3.528   INR2D0BWP30P140
        2     1.26   IOA21D0BWP30P140
       39   29.484   MAOI222D0BWP30P140
        1    0.756   MUX2ND0BWP30P140
        7    3.528   ND3D0BWP30P140
       17    6.426   NR2D0BWP30P140
        2    1.008   NR3D0BWP30P140
        1    0.756   OA211D0BWP30P140
        1     0.63   OAI211D0BWP30P140
       10     5.04   OAI21D0BWP30P140
        4     2.52   OAI22D0BWP30P140
        6    3.024   OR2D0BWP30P140
        2    1.512   OR4D0BWP30P140
       43   37.926   XNR2UD0BWP30P140
       23   40.572   XNR3UD0BWP30P140
        2    5.292   XNR4D0BWP30P140
       24   21.168   XOR2UD0BWP30P140
        9   15.876   XOR3UD0BWP30P140

   Chip area for module '\ScaleAddition_INT8_to_E4M3_scale_UE6M2': 235.494000
     of which used for sequential elements: 0.000000 (0.00%)

=== CustomOperator_INT8_to_E4M3 ===

        +----------Local Count, excluding submodules.
        |        +-Local Area, excluding submodules.
        |        | 
      104        - wires
      137        - wire bits
        6        - public wires
       39        - public wire bits
        5        - ports
       34        - port bits
      115    79.38 cells
        7    3.528   AN2D0BWP30P140
        2    1.512   AN4D0BWP30P140
        1     0.63   AO21D0BWP30P140
        1    0.756   AO22D0BWP30P140
        2    1.008   AOI21D0BWP30P140
        5     1.26   CKND0BWP30P140
       25     9.45   CKND2D0BWP30P140
        3    1.512   IND2D0BWP30P140
        2    1.008   INR2D0BWP30P140
        2     1.26   IOA21D0BWP30P140
       12    9.072   MAOI222D0BWP30P140
        2    1.008   ND3D0BWP30P140
        3    1.134   NR2D0BWP30P140
        1    0.504   NR3D0BWP30P140
        1     0.63   OAI211D0BWP30P140
        6    3.024   OAI21D0BWP30P140
        1     0.63   OAI22D0BWP30P140
        2     1.26   OAI31D0BWP30P140
        1    0.504   OR2D0BWP30P140
       18   15.876   XNR2UD0BWP30P140
        6   10.584   XNR3UD0BWP30P140
        9    7.938   XOR2UD0BWP30P140
        3    5.292   XOR3UD0BWP30P140

   Chip area for module '\CustomOperator_INT8_to_E4M3': 79.380000
     of which used for sequential elements: 0.000000 (0.00%)

=== design hierarchy ===

        +----------Count including submodules.
        |        +-Area including submodules.
        |        | 
    24083 1.55E+04 BFP_PE
      115    79.38 CustomOperator_INT8_to_E4M3
      898  554.904 FP32Adder
      333  235.494 ScaleAddition_INT8_to_E4M3_scale_UE6M2
      155   91.224 ScaleToFP32_INT8_x_E4M3_UE6M2

        +----------Count including submodules.
        |        +-Area including submodules.
        |        | 
    22990        - wires
    29832        - wire bits
      524        - public wires
     7366        - public wire bits
      330        - ports
     4309        - port bits
        -        - memories
        -        - memory bits
        -        - processes
    24083 1.55E+04 cells
      656  330.624   AN2D0BWP30P140
      208   131.04   AN3D0BWP30P140
      112   84.672   AN4D0BWP30P140
       48   36.288   AO211D0BWP30P140
      288   181.44   AO21D0BWP30P140
      112   84.672   AO22D0BWP30P140
      256   161.28   AOI211D0BWP30P140
     1248  628.992   AOI21D0BWP30P140
      176  133.056   AOI221D0BWP30P140
       32   32.256   AOI222D0BWP30P140
      560    352.8   AOI22D0BWP30P140
       96    60.48   AOI31D0BWP30P140
      432  381.024   CKMUX2D0BWP30P140
     1424  358.848   CKND0BWP30P140
     3008 1.14E+03   CKND2D0BWP30P140
       33   74.844   DFCNQD1BWP30P140
      224   141.12   IAO21D0BWP30P140
      480   241.92   IND2D0BWP30P140
       32    20.16   IND3D0BWP30P140
       32   24.192   IND4D0BWP30P140
      529  266.616   INR2D0BWP30P140
      176   110.88   INR3D0BWP30P140
       48   36.288   INR4D0BWP30P140
      192   120.96   IOA21D0BWP30P140
     1296  979.776   MAOI222D0BWP30P140
      256  193.536   MAOI22D0BWP30P140
       64   48.384   MOAI22D0BWP30P140
     2192 1.66E+03   MUX2ND0BWP30P140
       16   28.224   MUX3D0BWP30P140
       16   26.208   MUX3ND0BWP30P140
       32   76.608   MUX4D0BWP30P140
      256  580.608   MUX4ND0BWP30P140
      400    201.6   ND3D0BWP30P140
       80     50.4   ND4D0BWP30P140
     2257  853.146   NR2D0BWP30P140
      640   322.56   NR3D0BWP30P140
      256   161.28   NR4D0BWP30P140
       80    60.48   OA211D0BWP30P140
       96    60.48   OA21D0BWP30P140
       16   14.112   OA22D0BWP30P140
      240    151.2   OAI211D0BWP30P140
      960   483.84   OAI21D0BWP30P140
       16   14.112   OAI221D0BWP30P140
       16   16.128   OAI222D0BWP30P140
      288   181.44   OAI22D0BWP30P140
      208   131.04   OAI31D0BWP30P140
       48   36.288   OAI32D0BWP30P140
       16   14.112   OAI33D0BWP30P140
      208  104.832   OR2D0BWP30P140
      128    80.64   OR3D0BWP30P140
       64   48.384   OR4D0BWP30P140
     1904 1.68E+03   XNR2UD0BWP30P140
      480   846.72   XNR3UD0BWP30P140
       32   84.672   XNR4D0BWP30P140
      928  818.496   XOR2UD0BWP30P140
      192  338.688   XOR3UD0BWP30P140
       64 1.54E+04 submodules
       16  1270.08   CustomOperator_INT8_to_E4M3
       16 8.88E+03   FP32Adder
       16 3.77E+03   ScaleAddition_INT8_to_E4M3_scale_UE6M2
       16 1.46E+03   ScaleToFP32_INT8_x_E4M3_UE6M2

   Chip area for top module '\BFP_PE': 15475.950000
     of which used for sequential elements: 74.844000 (0.48%)

