
===========================================================================
 report_power
============================================================================
======================= Fastest Corner ===================================

Group                  Internal  Switching    Leakage      Total
                          Power      Power      Power      Power (Watts)
----------------------------------------------------------------
Sequential             2.51e-04   1.96e-04   5.56e-10   4.46e-04   1.0%
Combinational          2.05e-02   2.35e-02   1.32e-08   4.40e-02  98.6%
Clock                  1.03e-04   6.81e-05   4.06e-09   1.71e-04   0.4%
Macro                  0.00e+00   0.00e+00   0.00e+00   0.00e+00   0.0%
Pad                    0.00e+00   0.00e+00   0.00e+00   0.00e+00   0.0%
----------------------------------------------------------------
Total                  2.08e-02   2.38e-02   1.78e-08   4.46e-02 100.0%
                          46.7%      53.3%       0.0%

======================= Slowest Corner ===================================

Group                  Internal  Switching    Leakage      Total
                          Power      Power      Power      Power (Watts)
----------------------------------------------------------------
Sequential             1.72e-04   1.30e-04   4.81e-07   3.03e-04   1.0%
Combinational          1.49e-02   1.56e-02   8.21e-06   3.06e-02  98.6%
Clock                  7.39e-05   4.36e-05   1.04e-07   1.18e-04   0.4%
Macro                  0.00e+00   0.00e+00   0.00e+00   0.00e+00   0.0%
Pad                    0.00e+00   0.00e+00   0.00e+00   0.00e+00   0.0%
----------------------------------------------------------------
Total                  1.52e-02   1.58e-02   8.79e-06   3.10e-02 100.0%
                          49.0%      51.0%       0.0%

======================= Typical Corner ===================================

Group                  Internal  Switching    Leakage      Total
                          Power      Power      Power      Power (Watts)
----------------------------------------------------------------
Sequential             2.18e-04   1.65e-04   2.81e-10   3.84e-04   1.0%
Combinational          1.83e-02   1.99e-02   6.44e-09   3.82e-02  98.6%
Clock                  9.03e-05   5.70e-05   3.78e-09   1.47e-04   0.4%
Macro                  0.00e+00   0.00e+00   0.00e+00   0.00e+00   0.0%
Pad                    0.00e+00   0.00e+00   0.00e+00   0.00e+00   0.0%
----------------------------------------------------------------
Total                  1.86e-02   2.01e-02   1.05e-08   3.87e-02 100.0%
                          48.1%      51.9%       0.0%

