Startpoint: reset (input port clocked by CORE_CLK)
Endpoint: _068_ (recovery check against rising-edge clock CORE_CLK)
Path Group: asynchronous
Path Type: max

    Delay      Time   Description
-------------------------------------------------------------
   0.0000    0.0000   clock CORE_CLK (rise edge)
   0.0000    0.0000   clock network delay (ideal)
   0.0000    0.0000 ^ input external delay
   0.0000    0.0000 ^ reset (in)
   0.0000    0.0000 ^ _068_/CDN (DFCNQD1BWP30P140)
             0.0000   data arrival time

  20.0000   20.0000   clock CORE_CLK (rise edge)
   0.0000   20.0000   clock network delay (ideal)
  -0.0500   19.9500   clock uncertainty
   0.0000   19.9500   clock reconvergence pessimism
            19.9500 ^ _068_/CP (DFCNQD1BWP30P140)
   0.0258   19.9758   library recovery time
            19.9758   data required time
-------------------------------------------------------------
            19.9758   data required time
            -0.0000   data arrival time
-------------------------------------------------------------
            19.9758   slack (MET)


Startpoint: io_share_exp_B_i[5] (input port clocked by CORE_CLK)
Endpoint: _070_ (rising edge-triggered flip-flop clocked by CORE_CLK)
Path Group: CORE_CLK
Path Type: max

    Delay      Time   Description
-------------------------------------------------------------
   0.0000    0.0000   clock CORE_CLK (rise edge)
   0.0000    0.0000   clock network delay (ideal)
   0.0000    0.0000 v input external delay
   0.0000    0.0000 v io_share_exp_B_i[5] (in)
   0.0356    0.0356 v reducedSum_sa_30/_236_/Z (OR4D0BWP30P140)
   0.0247    0.0603 ^ reducedSum_sa_30/_245_/ZN (OAI21D0BWP30P140)
   0.0434    0.1037 v reducedSum_sa_30/_251_/Z (XOR3UD0BWP30P140)
   0.0259    0.1296 ^ reducedSum_sa_30/_252_/ZN (NR2D0BWP30P140)
   0.0251    0.1547 v reducedSum_sa_30/_254_/ZN (MAOI222D0BWP30P140)
   0.0495    0.2042 v reducedSum_sa_30/_257_/Z (XOR2UD0BWP30P140)
   0.0311    0.2353 ^ reducedSum_sa_30/_260_/ZN (CKND2D0BWP30P140)
   0.0550    0.2903 v reducedSum_sa_30/_307_/ZN (XNR3UD0BWP30P140)
   0.0632    0.3536 v reducedSum_sa_30/_339_/ZN (XNR4D0BWP30P140)
   0.0285    0.3821 v reducedSum_sa_30/_340_/ZN (XNR2UD0BWP30P140)
   0.0339    0.4160 v reducedSum_sa_30/_341_/Z (AO21D0BWP30P140)
   0.0199    0.4358 ^ reducedSum_sa_30/_354_/ZN (AOI221D0BWP30P140)
   0.0252    0.4610 v reducedSum_sa_30/_359_/ZN (OAI211D0BWP30P140)
   0.0304    0.4914 v reducedSum_sa_30/_372_/Z (AO21D0BWP30P140)
   0.0211    0.5125 ^ reducedSum_sa_30/_458_/ZN (AOI21D0BWP30P140)
   0.0190    0.5315 v reducedSum_sa_30/_470_/ZN (OAI21D0BWP30P140)
   0.0225    0.5540 v reducedSum_sa_30/_482_/ZN (INR2D0BWP30P140)
   0.0246    0.5786 ^ reducedSum_reduced_nextLevel_adder_15/_546_/ZN (AOI22D0BWP30P140)
   0.0171    0.5957 v reducedSum_reduced_nextLevel_adder_15/_562_/ZN (OAI21D0BWP30P140)
   0.0275    0.6232 ^ reducedSum_reduced_nextLevel_adder_15/_563_/ZN (AOI211D0BWP30P140)
   0.0133    0.6364 v reducedSum_reduced_nextLevel_adder_15/_565_/ZN (AOI21D0BWP30P140)
   0.0183    0.6547 ^ reducedSum_reduced_nextLevel_adder_15/_566_/ZN (AOI21D0BWP30P140)
   0.1378    0.7926 ^ reducedSum_reduced_nextLevel_adder_15/_567_/Z (AO21D0BWP30P140)
   0.0303    0.8229 v reducedSum_reduced_nextLevel_adder_15/_568_/ZN (MUX2ND0BWP30P140)
   0.0463    0.8692 ^ reducedSum_reduced_nextLevel_adder_15/_569_/ZN (AOI211D0BWP30P140)
   0.0191    0.8883 v reducedSum_reduced_nextLevel_adder_15/_593_/ZN (AOI211D0BWP30P140)
   0.0294    0.9177 ^ reducedSum_reduced_nextLevel_adder_15/_594_/ZN (AOI21D0BWP30P140)
   0.0309    0.9487 ^ reducedSum_reduced_nextLevel_adder_15/_709_/Z (CKMUX2D0BWP30P140)
   0.0196    0.9682 v reducedSum_reduced_nextLevel_adder_15/_712_/ZN (AOI211D0BWP30P140)
   0.0262    0.9944 ^ reducedSum_reduced_nextLevel_adder_15/_717_/ZN (AOI31D0BWP30P140)
   0.0243    1.0187 v reducedSum_reduced_nextLevel_adder_15/_720_/ZN (MAOI222D0BWP30P140)
   0.0255    1.0442 ^ reducedSum_reduced_nextLevel_adder_15/_723_/ZN (AOI21D0BWP30P140)
   0.0249    1.0691 v reducedSum_reduced_nextLevel_adder_15/_728_/ZN (MAOI222D0BWP30P140)
   0.0362    1.1053 ^ reducedSum_reduced_nextLevel_adder_15/_732_/ZN (MAOI222D0BWP30P140)
   0.0186    1.1239 v reducedSum_reduced_nextLevel_adder_15/_741_/ZN (OAI21D0BWP30P140)
   0.0233    1.1472 ^ reducedSum_reduced_nextLevel_adder_15/_745_/ZN (AOI31D0BWP30P140)
   0.0260    1.1732 ^ reducedSum_reduced_nextLevel_adder_15/_746_/ZN (IAO21D0BWP30P140)
   0.0267    1.1998 v reducedSum_reduced_nextLevel_adder_15/_747_/ZN (MAOI222D0BWP30P140)
   0.0438    1.2437 v reducedSum_reduced_nextLevel_adder_15/_748_/Z (AO211D0BWP30P140)
   0.0936    1.3373 ^ reducedSum_reduced_nextLevel_adder_15/_775_/ZN (AOI21D0BWP30P140)
   0.0301    1.3674 ^ reducedSum_reduced_nextLevel_adder_15/_796_/Z (CKMUX2D0BWP30P140)
   0.0450    1.4124 v reducedSum_reduced_nextLevel_adder_15/_801_/ZN (ND4D0BWP30P140)
   0.0385    1.4509 ^ reducedSum_reduced_nextLevel_adder_15/_821_/ZN (NR4D0BWP30P140)
   0.0543    1.5052 ^ reducedSum_reduced_nextLevel_adder_15/_836_/ZN (INR4D0BWP30P140)
   0.0585    1.5637 ^ reducedSum_reduced_nextLevel_adder_15/_902_/ZN (INR4D0BWP30P140)
   0.0149    1.5786 v reducedSum_reduced_nextLevel_adder_15/_904_/ZN (CKND2D0BWP30P140)
   0.0139    1.5926 ^ reducedSum_reduced_nextLevel_adder_15/_919_/ZN (CKND2D0BWP30P140)
   0.0350    1.6276 ^ reducedSum_reduced_nextLevel_adder_15/_922_/ZN (XNR2UD0BWP30P140)
   0.0354    1.6629 v reducedSum_reduced_nextLevel_adder_23/_480_/ZN (MAOI222D0BWP30P140)
   0.0319    1.6949 ^ reducedSum_reduced_nextLevel_adder_23/_483_/ZN (AOI211D0BWP30P140)
   0.0224    1.7173 v reducedSum_reduced_nextLevel_adder_23/_485_/ZN (OAI31D0BWP30P140)
   0.0310    1.7483 ^ reducedSum_reduced_nextLevel_adder_23/_487_/ZN (AOI21D0BWP30P140)
   0.0410    1.7893 v reducedSum_reduced_nextLevel_adder_23/_490_/ZN (OAI211D0BWP30P140)
   0.0270    1.8163 ^ reducedSum_reduced_nextLevel_adder_23/_496_/ZN (ND3D0BWP30P140)
   0.0347    1.8511 v reducedSum_reduced_nextLevel_adder_23/_522_/ZN (AOI32D0BWP30P140)
   0.1349    1.9859 v reducedSum_reduced_nextLevel_adder_23/_567_/Z (AO21D0BWP30P140)
   0.0570    2.0429 v reducedSum_reduced_nextLevel_adder_23/_568_/ZN (MUX2ND0BWP30P140)
   0.0463    2.0892 ^ reducedSum_reduced_nextLevel_adder_23/_569_/ZN (AOI211D0BWP30P140)
   0.0191    2.1083 v reducedSum_reduced_nextLevel_adder_23/_593_/ZN (AOI211D0BWP30P140)
   0.0294    2.1377 ^ reducedSum_reduced_nextLevel_adder_23/_594_/ZN (AOI21D0BWP30P140)
   0.0309    2.1687 ^ reducedSum_reduced_nextLevel_adder_23/_709_/Z (CKMUX2D0BWP30P140)
   0.0196    2.1882 v reducedSum_reduced_nextLevel_adder_23/_712_/ZN (AOI211D0BWP30P140)
   0.0262    2.2144 ^ reducedSum_reduced_nextLevel_adder_23/_717_/ZN (AOI31D0BWP30P140)
   0.0243    2.2387 v reducedSum_reduced_nextLevel_adder_23/_720_/ZN (MAOI222D0BWP30P140)
   0.0255    2.2642 ^ reducedSum_reduced_nextLevel_adder_23/_723_/ZN (AOI21D0BWP30P140)
   0.0249    2.2891 v reducedSum_reduced_nextLevel_adder_23/_728_/ZN (MAOI222D0BWP30P140)
   0.0362    2.3253 ^ reducedSum_reduced_nextLevel_adder_23/_732_/ZN (MAOI222D0BWP30P140)
   0.0186    2.3439 v reducedSum_reduced_nextLevel_adder_23/_741_/ZN (OAI21D0BWP30P140)
   0.0233    2.3672 ^ reducedSum_reduced_nextLevel_adder_23/_745_/ZN (AOI31D0BWP30P140)
   0.0260    2.3932 ^ reducedSum_reduced_nextLevel_adder_23/_746_/ZN (IAO21D0BWP30P140)
   0.0267    2.4199 v reducedSum_reduced_nextLevel_adder_23/_747_/ZN (MAOI222D0BWP30P140)
   0.0438    2.4637 v reducedSum_reduced_nextLevel_adder_23/_748_/Z (AO211D0BWP30P140)
   0.0936    2.5573 ^ reducedSum_reduced_nextLevel_adder_23/_775_/ZN (AOI21D0BWP30P140)
   0.0301    2.5874 ^ reducedSum_reduced_nextLevel_adder_23/_796_/Z (CKMUX2D0BWP30P140)
   0.0450    2.6324 v reducedSum_reduced_nextLevel_adder_23/_801_/ZN (ND4D0BWP30P140)
   0.0385    2.6709 ^ reducedSum_reduced_nextLevel_adder_23/_821_/ZN (NR4D0BWP30P140)
   0.0543    2.7252 ^ reducedSum_reduced_nextLevel_adder_23/_836_/ZN (INR4D0BWP30P140)
   0.0585    2.7837 ^ reducedSum_reduced_nextLevel_adder_23/_902_/ZN (INR4D0BWP30P140)
   0.0149    2.7987 v reducedSum_reduced_nextLevel_adder_23/_904_/ZN (CKND2D0BWP30P140)
   0.0139    2.8126 ^ reducedSum_reduced_nextLevel_adder_23/_919_/ZN (CKND2D0BWP30P140)
   0.0350    2.8476 ^ reducedSum_reduced_nextLevel_adder_23/_922_/ZN (XNR2UD0BWP30P140)
   0.0354    2.8830 v reducedSum_reduced_nextLevel_adder_27/_480_/ZN (MAOI222D0BWP30P140)
   0.0319    2.9149 ^ reducedSum_reduced_nextLevel_adder_27/_483_/ZN (AOI211D0BWP30P140)
   0.0224    2.9373 v reducedSum_reduced_nextLevel_adder_27/_485_/ZN (OAI31D0BWP30P140)
   0.0310    2.9683 ^ reducedSum_reduced_nextLevel_adder_27/_487_/ZN (AOI21D0BWP30P140)
   0.0410    3.0093 v reducedSum_reduced_nextLevel_adder_27/_490_/ZN (OAI211D0BWP30P140)
   0.0270    3.0363 ^ reducedSum_reduced_nextLevel_adder_27/_496_/ZN (ND3D0BWP30P140)
   0.0347    3.0711 v reducedSum_reduced_nextLevel_adder_27/_522_/ZN (AOI32D0BWP30P140)
   0.1349    3.2060 v reducedSum_reduced_nextLevel_adder_27/_567_/Z (AO21D0BWP30P140)
   0.0570    3.2629 v reducedSum_reduced_nextLevel_adder_27/_568_/ZN (MUX2ND0BWP30P140)
   0.0463    3.3092 ^ reducedSum_reduced_nextLevel_adder_27/_569_/ZN (AOI211D0BWP30P140)
   0.0191    3.3283 v reducedSum_reduced_nextLevel_adder_27/_593_/ZN (AOI211D0BWP30P140)
   0.0294    3.3578 ^ reducedSum_reduced_nextLevel_adder_27/_594_/ZN (AOI21D0BWP30P140)
   0.0309    3.3887 ^ reducedSum_reduced_nextLevel_adder_27/_709_/Z (CKMUX2D0BWP30P140)
   0.0196    3.4082 v reducedSum_reduced_nextLevel_adder_27/_712_/ZN (AOI211D0BWP30P140)
   0.0262    3.4344 ^ reducedSum_reduced_nextLevel_adder_27/_717_/ZN (AOI31D0BWP30P140)
   0.0243    3.4587 v reducedSum_reduced_nextLevel_adder_27/_720_/ZN (MAOI222D0BWP30P140)
   0.0255    3.4842 ^ reducedSum_reduced_nextLevel_adder_27/_723_/ZN (AOI21D0BWP30P140)
   0.0249    3.5092 v reducedSum_reduced_nextLevel_adder_27/_728_/ZN (MAOI222D0BWP30P140)
   0.0362    3.5454 ^ reducedSum_reduced_nextLevel_adder_27/_732_/ZN (MAOI222D0BWP30P140)
   0.0186    3.5640 v reducedSum_reduced_nextLevel_adder_27/_741_/ZN (OAI21D0BWP30P140)
   0.0233    3.5872 ^ reducedSum_reduced_nextLevel_adder_27/_745_/ZN (AOI31D0BWP30P140)
   0.0260    3.6132 ^ reducedSum_reduced_nextLevel_adder_27/_746_/ZN (IAO21D0BWP30P140)
   0.0267    3.6399 v reducedSum_reduced_nextLevel_adder_27/_747_/ZN (MAOI222D0BWP30P140)
   0.0438    3.6837 v reducedSum_reduced_nextLevel_adder_27/_748_/Z (AO211D0BWP30P140)
   0.0936    3.7773 ^ reducedSum_reduced_nextLevel_adder_27/_775_/ZN (AOI21D0BWP30P140)
   0.0301    3.8074 ^ reducedSum_reduced_nextLevel_adder_27/_796_/Z (CKMUX2D0BWP30P140)
   0.0450    3.8524 v reducedSum_reduced_nextLevel_adder_27/_801_/ZN (ND4D0BWP30P140)
   0.0385    3.8909 ^ reducedSum_reduced_nextLevel_adder_27/_821_/ZN (NR4D0BWP30P140)
   0.0543    3.9452 ^ reducedSum_reduced_nextLevel_adder_27/_836_/ZN (INR4D0BWP30P140)
   0.0585    4.0037 ^ reducedSum_reduced_nextLevel_adder_27/_902_/ZN (INR4D0BWP30P140)
   0.0149    4.0187 v reducedSum_reduced_nextLevel_adder_27/_904_/ZN (CKND2D0BWP30P140)
   0.0139    4.0326 ^ reducedSum_reduced_nextLevel_adder_27/_919_/ZN (CKND2D0BWP30P140)
   0.0350    4.0676 ^ reducedSum_reduced_nextLevel_adder_27/_922_/ZN (XNR2UD0BWP30P140)
   0.0354    4.1030 v reducedSum_reduced_nextLevel_adder_29/_480_/ZN (MAOI222D0BWP30P140)
   0.0319    4.1349 ^ reducedSum_reduced_nextLevel_adder_29/_483_/ZN (AOI211D0BWP30P140)
   0.0224    4.1573 v reducedSum_reduced_nextLevel_adder_29/_485_/ZN (OAI31D0BWP30P140)
   0.0310    4.1883 ^ reducedSum_reduced_nextLevel_adder_29/_487_/ZN (AOI21D0BWP30P140)
   0.0410    4.2293 v reducedSum_reduced_nextLevel_adder_29/_490_/ZN (OAI211D0BWP30P140)
   0.0270    4.2564 ^ reducedSum_reduced_nextLevel_adder_29/_496_/ZN (ND3D0BWP30P140)
   0.0347    4.2911 v reducedSum_reduced_nextLevel_adder_29/_522_/ZN (AOI32D0BWP30P140)
   0.1349    4.4260 v reducedSum_reduced_nextLevel_adder_29/_567_/Z (AO21D0BWP30P140)
   0.0570    4.4829 v reducedSum_reduced_nextLevel_adder_29/_568_/ZN (MUX2ND0BWP30P140)
   0.0463    4.5292 ^ reducedSum_reduced_nextLevel_adder_29/_569_/ZN (AOI211D0BWP30P140)
   0.0191    4.5483 v reducedSum_reduced_nextLevel_adder_29/_593_/ZN (AOI211D0BWP30P140)
   0.0294    4.5778 ^ reducedSum_reduced_nextLevel_adder_29/_594_/ZN (AOI21D0BWP30P140)
   0.0309    4.6087 ^ reducedSum_reduced_nextLevel_adder_29/_709_/Z (CKMUX2D0BWP30P140)
   0.0196    4.6283 v reducedSum_reduced_nextLevel_adder_29/_712_/ZN (AOI211D0BWP30P140)
   0.0262    4.6545 ^ reducedSum_reduced_nextLevel_adder_29/_717_/ZN (AOI31D0BWP30P140)
   0.0243    4.6788 v reducedSum_reduced_nextLevel_adder_29/_720_/ZN (MAOI222D0BWP30P140)
   0.0255    4.7042 ^ reducedSum_reduced_nextLevel_adder_29/_723_/ZN (AOI21D0BWP30P140)
   0.0249    4.7292 v reducedSum_reduced_nextLevel_adder_29/_728_/ZN (MAOI222D0BWP30P140)
   0.0362    4.7654 ^ reducedSum_reduced_nextLevel_adder_29/_732_/ZN (MAOI222D0BWP30P140)
   0.0186    4.7840 v reducedSum_reduced_nextLevel_adder_29/_741_/ZN (OAI21D0BWP30P140)
   0.0233    4.8072 ^ reducedSum_reduced_nextLevel_adder_29/_745_/ZN (AOI31D0BWP30P140)
   0.0260    4.8332 ^ reducedSum_reduced_nextLevel_adder_29/_746_/ZN (IAO21D0BWP30P140)
   0.0267    4.8599 v reducedSum_reduced_nextLevel_adder_29/_747_/ZN (MAOI222D0BWP30P140)
   0.0438    4.9037 v reducedSum_reduced_nextLevel_adder_29/_748_/Z (AO211D0BWP30P140)
   0.0936    4.9973 ^ reducedSum_reduced_nextLevel_adder_29/_775_/ZN (AOI21D0BWP30P140)
   0.0301    5.0275 ^ reducedSum_reduced_nextLevel_adder_29/_796_/Z (CKMUX2D0BWP30P140)
   0.0450    5.0724 v reducedSum_reduced_nextLevel_adder_29/_801_/ZN (ND4D0BWP30P140)
   0.0385    5.1109 ^ reducedSum_reduced_nextLevel_adder_29/_821_/ZN (NR4D0BWP30P140)
   0.0543    5.1652 ^ reducedSum_reduced_nextLevel_adder_29/_836_/ZN (INR4D0BWP30P140)
   0.0585    5.2238 ^ reducedSum_reduced_nextLevel_adder_29/_902_/ZN (INR4D0BWP30P140)
   0.0149    5.2387 v reducedSum_reduced_nextLevel_adder_29/_904_/ZN (CKND2D0BWP30P140)
   0.0139    5.2526 ^ reducedSum_reduced_nextLevel_adder_29/_919_/ZN (CKND2D0BWP30P140)
   0.0350    5.2876 ^ reducedSum_reduced_nextLevel_adder_29/_922_/ZN (XNR2UD0BWP30P140)
   0.0354    5.3230 v reducedSum_reduced_nextLevel_adder_30/_480_/ZN (MAOI222D0BWP30P140)
   0.0319    5.3549 ^ reducedSum_reduced_nextLevel_adder_30/_483_/ZN (AOI211D0BWP30P140)
   0.0224    5.3773 v reducedSum_reduced_nextLevel_adder_30/_485_/ZN (OAI31D0BWP30P140)
   0.0310    5.4083 ^ reducedSum_reduced_nextLevel_adder_30/_487_/ZN (AOI21D0BWP30P140)
   0.0410    5.4493 v reducedSum_reduced_nextLevel_adder_30/_490_/ZN (OAI211D0BWP30P140)
   0.0270    5.4764 ^ reducedSum_reduced_nextLevel_adder_30/_496_/ZN (ND3D0BWP30P140)
   0.0347    5.5111 v reducedSum_reduced_nextLevel_adder_30/_522_/ZN (AOI32D0BWP30P140)
   0.1349    5.6460 v reducedSum_reduced_nextLevel_adder_30/_567_/Z (AO21D0BWP30P140)
   0.0570    5.7030 v reducedSum_reduced_nextLevel_adder_30/_568_/ZN (MUX2ND0BWP30P140)
   0.0463    5.7493 ^ reducedSum_reduced_nextLevel_adder_30/_569_/ZN (AOI211D0BWP30P140)
   0.0191    5.7683 v reducedSum_reduced_nextLevel_adder_30/_593_/ZN (AOI211D0BWP30P140)
   0.0294    5.7978 ^ reducedSum_reduced_nextLevel_adder_30/_594_/ZN (AOI21D0BWP30P140)
   0.0309    5.8287 ^ reducedSum_reduced_nextLevel_adder_30/_709_/Z (CKMUX2D0BWP30P140)
   0.0196    5.8483 v reducedSum_reduced_nextLevel_adder_30/_712_/ZN (AOI211D0BWP30P140)
   0.0262    5.8745 ^ reducedSum_reduced_nextLevel_adder_30/_717_/ZN (AOI31D0BWP30P140)
   0.0243    5.8988 v reducedSum_reduced_nextLevel_adder_30/_720_/ZN (MAOI222D0BWP30P140)
   0.0255    5.9243 ^ reducedSum_reduced_nextLevel_adder_30/_723_/ZN (AOI21D0BWP30P140)
   0.0249    5.9492 v reducedSum_reduced_nextLevel_adder_30/_728_/ZN (MAOI222D0BWP30P140)
   0.0362    5.9854 ^ reducedSum_reduced_nextLevel_adder_30/_732_/ZN (MAOI222D0BWP30P140)
   0.0186    6.0040 v reducedSum_reduced_nextLevel_adder_30/_741_/ZN (OAI21D0BWP30P140)
   0.0233    6.0273 ^ reducedSum_reduced_nextLevel_adder_30/_745_/ZN (AOI31D0BWP30P140)
   0.0260    6.0532 ^ reducedSum_reduced_nextLevel_adder_30/_746_/ZN (IAO21D0BWP30P140)
   0.0267    6.0799 v reducedSum_reduced_nextLevel_adder_30/_747_/ZN (MAOI222D0BWP30P140)
   0.0438    6.1237 v reducedSum_reduced_nextLevel_adder_30/_748_/Z (AO211D0BWP30P140)
   0.0936    6.2173 ^ reducedSum_reduced_nextLevel_adder_30/_775_/ZN (AOI21D0BWP30P140)
   0.0301    6.2475 ^ reducedSum_reduced_nextLevel_adder_30/_796_/Z (CKMUX2D0BWP30P140)
   0.0450    6.2925 v reducedSum_reduced_nextLevel_adder_30/_801_/ZN (ND4D0BWP30P140)
   0.0385    6.3310 ^ reducedSum_reduced_nextLevel_adder_30/_821_/ZN (NR4D0BWP30P140)
   0.0543    6.3853 ^ reducedSum_reduced_nextLevel_adder_30/_836_/ZN (INR4D0BWP30P140)
   0.0301    6.4154 ^ reducedSum_reduced_nextLevel_adder_30/_842_/ZN (INR2D0BWP30P140)
   0.0200    6.4354 v reducedSum_reduced_nextLevel_adder_30/_847_/ZN (XNR2UD0BWP30P140)
   0.0243    6.4597 ^ reducedSum_conv/_105_/ZN (NR2D0BWP30P140)
   0.0778    6.5374 v reducedSum_conv/_121_/ZN (OAI31D0BWP30P140)
   0.0546    6.5920 v reducedSum_conv/_134_/Z (XOR2UD0BWP30P140)
   0.0436    6.6356 ^ reducedSum_conv/_139_/ZN (OAI31D0BWP30P140)
   0.0303    6.6658 v reducedSum_conv/_143_/ZN (AOI21D0BWP30P140)
   0.0319    6.6978 ^ reducedSum_conv/_155_/ZN (OAI32D0BWP30P140)
   0.0300    6.7278 ^ reducedSum_conv/_159_/ZN (XNR2UD0BWP30P140)
   0.0283    6.7561 ^ reducedSum_conv/_166_/Z (AN3D0BWP30P140)
   0.0470    6.8031 ^ reducedSum_conv/_167_/Z (AO21D0BWP30P140)
   0.0254    6.8286 v reducedSum_conv/_175_/ZN (NR3D0BWP30P140)
   0.0285    6.8570 v accAdder/_0897_/ZN (XNR2UD0BWP30P140)
   0.0314    6.8884 ^ accAdder/_0899_/ZN (AOI21D0BWP30P140)
   0.0301    6.9185 v accAdder/_0901_/ZN (MAOI222D0BWP30P140)
   0.0371    6.9556 ^ accAdder/_0902_/ZN (MAOI222D0BWP30P140)
   0.0303    6.9859 v accAdder/_0903_/ZN (MAOI222D0BWP30P140)
   0.0360    7.0219 ^ accAdder/_0966_/ZN (MAOI222D0BWP30P140)
   0.0302    7.0521 v accAdder/_0968_/ZN (MAOI222D0BWP30P140)
   0.0260    7.0781 v accAdder/_0970_/ZN (XNR2UD0BWP30P140)
   0.0212    7.0993 ^ accAdder/_0971_/ZN (NR2D0BWP30P140)
   0.0257    7.1250 ^ accAdder/_0972_/Z (AN2D0BWP30P140)
   0.4170    7.5420 v accAdder/_0975_/ZN (AOI31D0BWP30P140)
   0.4192    7.9612 ^ accAdder/_0991_/ZN (AOI22D0BWP30P140)
   0.0318    7.9930 v accAdder/_1063_/ZN (CKND2D0BWP30P140)
   0.0370    8.0300 ^ accAdder/_1188_/ZN (OAI32D0BWP30P140)
   0.0151    8.0451 v accAdder/_1189_/ZN (AOI21D0BWP30P140)
   0.0396    8.0847 ^ accAdder/_1191_/ZN (OAI221D0BWP30P140)
   0.0211    8.1058 v accAdder/_1196_/ZN (OAI31D0BWP30P140)
   0.0222    8.1281 ^ accAdder/_1198_/ZN (AOI21D0BWP30P140)
   0.0256    8.1536 v accAdder/_1200_/ZN (MAOI222D0BWP30P140)
   0.0396    8.1932 ^ accAdder/_1202_/ZN (MAOI222D0BWP30P140)
   0.0257    8.2189 v accAdder/_1204_/ZN (MAOI222D0BWP30P140)
   0.0277    8.2467 ^ accAdder/_1206_/ZN (AOI21D0BWP30P140)
   0.0253    8.2720 ^ accAdder/_1209_/ZN (IAO21D0BWP30P140)
   0.0247    8.2966 v accAdder/_1211_/ZN (MAOI222D0BWP30P140)
   0.0395    8.3361 ^ accAdder/_1213_/ZN (MAOI222D0BWP30P140)
   0.0265    8.3626 v accAdder/_1221_/ZN (MAOI222D0BWP30P140)
   0.0354    8.3980 v accAdder/_1232_/Z (AO21D0BWP30P140)
   0.0261    8.4241 ^ accAdder/_1242_/ZN (MAOI222D0BWP30P140)
   0.0265    8.4506 v accAdder/_1255_/ZN (MAOI222D0BWP30P140)
   0.0315    8.4821 v accAdder/_1259_/Z (AO21D0BWP30P140)
   0.0182    8.5003 ^ accAdder/_1276_/ZN (AOI21D0BWP30P140)
   0.0258    8.5261 v accAdder/_1280_/ZN (MAOI222D0BWP30P140)
   0.0391    8.5652 ^ accAdder/_1296_/ZN (MAOI222D0BWP30P140)
   0.0262    8.5914 v accAdder/_1300_/ZN (MAOI222D0BWP30P140)
   0.0304    8.6218 ^ accAdder/_1318_/ZN (AOI21D0BWP30P140)
   0.0249    8.6467 v accAdder/_1322_/ZN (MAOI222D0BWP30P140)
   0.0364    8.6832 v accAdder/_1345_/Z (AO21D0BWP30P140)
   0.0156    8.6988 ^ accAdder/_1353_/ZN (MUX2ND0BWP30P140)
   0.0347    8.7335 ^ accAdder/_1354_/ZN (XNR2UD0BWP30P140)
   0.0288    8.7623 ^ accAdder/_1453_/ZN (MAOI22D0BWP30P140)
   0.1281    8.8904 v accAdder/_1456_/ZN (OAI211D0BWP30P140)
   0.0886    8.9790 ^ accAdder/_1531_/Z (MUX4D0BWP30P140)
   0.0194    8.9984 v accAdder/_1534_/ZN (MUX3ND0BWP30P140)
   0.0405    9.0389 ^ accAdder/_1568_/ZN (NR2D0BWP30P140)
   0.0507    9.0896 ^ accAdder/_1577_/ZN (INR4D0BWP30P140)
   0.0510    9.1406 ^ accAdder/_1582_/Z (AN4D0BWP30P140)
   0.0395    9.1801 ^ accAdder/_1590_/Z (AN4D0BWP30P140)
   0.0406    9.2207 ^ accAdder/_1601_/Z (AN4D0BWP30P140)
   0.0349    9.2556 ^ accAdder/_1603_/Z (AN3D0BWP30P140)
   0.0271    9.2827 v accAdder/_1605_/ZN (IND3D0BWP30P140)
   0.0379    9.3206 v accAdder/_1606_/Z (OR3D0BWP30P140)
   0.0368    9.3575 ^ accAdder/_1608_/ZN (INR3D0BWP30P140)
   0.0364    9.3939 v accAdder/_1611_/ZN (MAOI222D0BWP30P140)
   0.0357    9.4295 ^ accAdder/_1616_/ZN (NR4D0BWP30P140)
   0.0219    9.4514 v accAdder/_1619_/ZN (OAI31D0BWP30P140)
   0.0327    9.4841 v accAdder/_1621_/Z (AO21D0BWP30P140)
   0.0312    9.5154 ^ accAdder/_1623_/ZN (AOI21D0BWP30P140)
   0.0237    9.5390 v accAdder/_1626_/ZN (OAI21D0BWP30P140)
   0.0215    9.5605 v accAdder/_1658_/Z (AN3D0BWP30P140)
   0.0613    9.6218 v accAdder/_1659_/Z (OR3D0BWP30P140)
   0.0420    9.6638 ^ accAdder/_1703_/ZN (AOI211D0BWP30P140)
   0.0261    9.6898 ^ _060_/Z (AO22D0BWP30P140)
   0.0000    9.6898 ^ _070_/D (DFCNQD1BWP30P140)
             9.6898   data arrival time

  20.0000   20.0000   clock CORE_CLK (rise edge)
   0.0000   20.0000   clock network delay (ideal)
  -0.0500   19.9500   clock uncertainty
   0.0000   19.9500   clock reconvergence pessimism
            19.9500 ^ _070_/CP (DFCNQD1BWP30P140)
  -0.0174   19.9326   library setup time
            19.9326   data required time
-------------------------------------------------------------
            19.9326   data required time
            -9.6898   data arrival time
-------------------------------------------------------------
            10.2428   slack (MET)


