Startpoint: reset (input port clocked by CORE_CLK)
Endpoint: _068_ (recovery check against rising-edge clock CORE_CLK)
Path Group: asynchronous
Path Type: max

    Delay      Time   Description
-------------------------------------------------------------
   0.0000    0.0000   clock CORE_CLK (rise edge)
   0.0000    0.0000   clock network delay (ideal)
   0.0000    0.0000 ^ input external delay
   0.0000    0.0000 ^ reset (in)
   0.0000    0.0000 ^ _068_/CDN (DFCNQD1BWP30P140)
             0.0000   data arrival time

  20.0000   20.0000   clock CORE_CLK (rise edge)
   0.0000   20.0000   clock network delay (ideal)
  -0.0500   19.9500   clock uncertainty
   0.0000   19.9500   clock reconvergence pessimism
            19.9500 ^ _068_/CP (DFCNQD1BWP30P140)
   0.0258   19.9758   library recovery time
            19.9758   data required time
-------------------------------------------------------------
            19.9758   data required time
            -0.0000   data arrival time
-------------------------------------------------------------
            19.9758   slack (MET)


Startpoint: io_op_b_i[8] (input port clocked by CORE_CLK)
Endpoint: _070_ (rising edge-triggered flip-flop clocked by CORE_CLK)
Path Group: CORE_CLK
Path Type: max

    Delay      Time   Description
-------------------------------------------------------------
   0.0000    0.0000   clock CORE_CLK (rise edge)
   0.0000    0.0000   clock network delay (ideal)
   0.0000    0.0000 ^ input external delay
   0.0000    0.0000 ^ io_op_b_i[8] (in)
   0.0102    0.0102 v reducedSum_op_1/_070_/ZN (CKND2D0BWP30P140)
   0.0617    0.0719 v reducedSum_op_1/_077_/ZN (XNR3UD0BWP30P140)
   0.0554    0.1273 v reducedSum_op_1/_087_/ZN (XNR3UD0BWP30P140)
   0.0167    0.1441 ^ reducedSum_op_1/_093_/ZN (CKND2D0BWP30P140)
   0.0265    0.1706 v reducedSum_op_1/_094_/ZN (MAOI222D0BWP30P140)
   0.0252    0.1957 ^ reducedSum_op_1/_113_/ZN (AOI21D0BWP30P140)
   0.0546    0.2503 v reducedSum_op_1/_114_/ZN (OAI211D0BWP30P140)
   0.0355    0.2858 ^ reducedSum_sa_1/_607_/ZN (CKND2D0BWP30P140)
   0.0499    0.3357 v reducedSum_sa_1/_634_/ZN (XNR3UD0BWP30P140)
   0.0293    0.3650 v reducedSum_sa_1/_640_/Z (XOR2UD0BWP30P140)
   0.0329    0.3979 v reducedSum_sa_1/_665_/ZN (XNR3UD0BWP30P140)
   0.0294    0.4273 v reducedSum_sa_1/_672_/Z (XOR2UD0BWP30P140)
   0.0348    0.4622 v reducedSum_sa_1/_695_/ZN (XNR3UD0BWP30P140)
   0.0653    0.5274 v reducedSum_sa_1/_718_/Z (XOR3UD0BWP30P140)
   0.0310    0.5584 ^ reducedSum_sa_1/_760_/ZN (MAOI222D0BWP30P140)
   0.0263    0.5847 v reducedSum_sa_1/_761_/ZN (MAOI222D0BWP30P140)
   0.0340    0.6187 ^ reducedSum_sa_1/_762_/ZN (MAOI222D0BWP30P140)
   0.0267    0.6453 v reducedSum_sa_1/_763_/ZN (MAOI222D0BWP30P140)
   0.0375    0.6828 ^ reducedSum_sa_1/_764_/ZN (MAOI222D0BWP30P140)
   0.0275    0.7103 v reducedSum_sa_1/_767_/ZN (OAI21D0BWP30P140)
   0.0364    0.7467 ^ reducedSum_sa_1/_820_/ZN (MAOI222D0BWP30P140)
   0.0311    0.7779 v reducedSum_sa_1/_822_/ZN (MAOI222D0BWP30P140)
   0.0340    0.8119 v reducedSum_sa_1/_880_/ZN (XNR2UD0BWP30P140)
   0.0283    0.8402 v reducedSum_reduced_nextLevel_adder/_0624_/ZN (IND2D0BWP30P140)
   0.0214    0.8616 v reducedSum_reduced_nextLevel_adder/_0628_/ZN (INR4D0BWP30P140)
   0.0161    0.8777 v reducedSum_reduced_nextLevel_adder/_0631_/Z (AN2D0BWP30P140)
   0.0221    0.8999 ^ reducedSum_reduced_nextLevel_adder/_0633_/ZN (AOI221D0BWP30P140)
   0.0095    0.9093 v reducedSum_reduced_nextLevel_adder/_0637_/ZN (INR3D0BWP30P140)
   0.5769    1.4862 ^ reducedSum_reduced_nextLevel_adder/_0639_/ZN (OAI31D0BWP30P140)
   0.0378    1.5240 ^ reducedSum_reduced_nextLevel_adder/_0735_/ZN (MUX4ND0BWP30P140)
   0.0215    1.5454 v reducedSum_reduced_nextLevel_adder/_0736_/ZN (MUX2ND0BWP30P140)
   0.0284    1.5739 ^ reducedSum_reduced_nextLevel_adder/_0782_/ZN (AOI221D0BWP30P140)
   0.0469    1.6208 v reducedSum_reduced_nextLevel_adder/_0783_/ZN (OAI221D0BWP30P140)
   0.0333    1.6541 v reducedSum_reduced_nextLevel_adder/_0804_/ZN (XNR2UD0BWP30P140)
   0.0364    1.6905 ^ reducedSum_reduced_nextLevel_adder/_0805_/ZN (NR4D0BWP30P140)
   0.0183    1.7088 v reducedSum_reduced_nextLevel_adder/_0808_/ZN (OAI21D0BWP30P140)
   0.0207    1.7295 ^ reducedSum_reduced_nextLevel_adder/_0812_/ZN (AOI21D0BWP30P140)
   0.0174    1.7469 v reducedSum_reduced_nextLevel_adder/_0817_/ZN (OAI21D0BWP30P140)
   0.0201    1.7670 ^ reducedSum_reduced_nextLevel_adder/_0821_/ZN (AOI21D0BWP30P140)
   0.0215    1.7885 v reducedSum_reduced_nextLevel_adder/_0829_/ZN (OAI22D0BWP30P140)
   0.0269    1.8153 ^ reducedSum_reduced_nextLevel_adder/_0838_/ZN (AOI211D0BWP30P140)
   0.0226    1.8379 v reducedSum_reduced_nextLevel_adder/_0841_/ZN (OAI21D0BWP30P140)
   0.0306    1.8686 ^ reducedSum_reduced_nextLevel_adder/_0851_/ZN (AOI211D0BWP30P140)
   0.0271    1.8956 ^ reducedSum_reduced_nextLevel_adder/_0854_/Z (AO211D0BWP30P140)
   0.0200    1.9156 v reducedSum_reduced_nextLevel_adder/_0859_/ZN (AOI32D0BWP30P140)
   0.0295    1.9451 v reducedSum_reduced_nextLevel_adder/_0860_/ZN (IAO21D0BWP30P140)
   0.0221    1.9672 v reducedSum_reduced_nextLevel_adder/_0864_/ZN (IAO21D0BWP30P140)
   0.0320    1.9992 ^ reducedSum_reduced_nextLevel_adder/_0866_/ZN (MAOI222D0BWP30P140)
   0.0218    2.0210 v reducedSum_reduced_nextLevel_adder/_0869_/ZN (AOI211D0BWP30P140)
   0.1036    2.1246 ^ reducedSum_reduced_nextLevel_adder/_0896_/ZN (NR3D0BWP30P140)
   0.0341    2.1587 ^ reducedSum_reduced_nextLevel_adder/_0925_/ZN (MUX2ND0BWP30P140)
   0.0484    2.2071 v reducedSum_reduced_nextLevel_adder/_0935_/ZN (ND4D0BWP30P140)
   0.0442    2.2513 ^ reducedSum_reduced_nextLevel_adder/_0949_/ZN (NR4D0BWP30P140)
   0.0488    2.3001 v reducedSum_reduced_nextLevel_adder/_0964_/ZN (ND4D0BWP30P140)
   0.0408    2.3409 ^ reducedSum_reduced_nextLevel_adder/_0979_/ZN (NR4D0BWP30P140)
   0.0413    2.3821 v reducedSum_reduced_nextLevel_adder/_0987_/ZN (ND4D0BWP30P140)
   0.0231    2.4053 ^ reducedSum_reduced_nextLevel_adder/_1046_/ZN (NR3D0BWP30P140)
   0.0090    2.4143 v reducedSum_reduced_nextLevel_adder/_1061_/ZN (IAO21D0BWP30P140)
   0.0286    2.4429 v reducedSum_reduced_nextLevel_adder/_1062_/Z (XOR2UD0BWP30P140)
   0.0395    2.4824 v reducedSum_reduced_nextLevel_adder_16/_0544_/ZN (XNR2UD0BWP30P140)
   0.0342    2.5166 ^ reducedSum_reduced_nextLevel_adder_16/_0545_/ZN (AOI21D0BWP30P140)
   0.0357    2.5523 ^ reducedSum_reduced_nextLevel_adder_16/_0560_/Z (OA211D0BWP30P140)
   0.0158    2.5681 ^ reducedSum_reduced_nextLevel_adder_16/_0561_/Z (OR2D0BWP30P140)
   0.0302    2.5983 ^ reducedSum_reduced_nextLevel_adder_16/_0568_/ZN (XNR2UD0BWP30P140)
   0.0334    2.6316 v reducedSum_reduced_nextLevel_adder_16/_0570_/ZN (ND3D0BWP30P140)
   0.5886    3.2203 ^ reducedSum_reduced_nextLevel_adder_16/_0639_/ZN (OAI31D0BWP30P140)
   0.0378    3.2580 ^ reducedSum_reduced_nextLevel_adder_16/_0735_/ZN (MUX4ND0BWP30P140)
   0.0215    3.2795 v reducedSum_reduced_nextLevel_adder_16/_0736_/ZN (MUX2ND0BWP30P140)
   0.0284    3.3079 ^ reducedSum_reduced_nextLevel_adder_16/_0782_/ZN (AOI221D0BWP30P140)
   0.0469    3.3548 v reducedSum_reduced_nextLevel_adder_16/_0783_/ZN (OAI221D0BWP30P140)
   0.0333    3.3882 v reducedSum_reduced_nextLevel_adder_16/_0804_/ZN (XNR2UD0BWP30P140)
   0.0364    3.4245 ^ reducedSum_reduced_nextLevel_adder_16/_0805_/ZN (NR4D0BWP30P140)
   0.0183    3.4428 v reducedSum_reduced_nextLevel_adder_16/_0808_/ZN (OAI21D0BWP30P140)
   0.0207    3.4636 ^ reducedSum_reduced_nextLevel_adder_16/_0812_/ZN (AOI21D0BWP30P140)
   0.0174    3.4810 v reducedSum_reduced_nextLevel_adder_16/_0817_/ZN (OAI21D0BWP30P140)
   0.0201    3.5011 ^ reducedSum_reduced_nextLevel_adder_16/_0821_/ZN (AOI21D0BWP30P140)
   0.0215    3.5225 v reducedSum_reduced_nextLevel_adder_16/_0829_/ZN (OAI22D0BWP30P140)
   0.0269    3.5494 ^ reducedSum_reduced_nextLevel_adder_16/_0838_/ZN (AOI211D0BWP30P140)
   0.0226    3.5720 v reducedSum_reduced_nextLevel_adder_16/_0841_/ZN (OAI21D0BWP30P140)
   0.0306    3.6026 ^ reducedSum_reduced_nextLevel_adder_16/_0851_/ZN (AOI211D0BWP30P140)
   0.0271    3.6297 ^ reducedSum_reduced_nextLevel_adder_16/_0854_/Z (AO211D0BWP30P140)
   0.0200    3.6497 v reducedSum_reduced_nextLevel_adder_16/_0859_/ZN (AOI32D0BWP30P140)
   0.0295    3.6791 v reducedSum_reduced_nextLevel_adder_16/_0860_/ZN (IAO21D0BWP30P140)
   0.0221    3.7012 v reducedSum_reduced_nextLevel_adder_16/_0864_/ZN (IAO21D0BWP30P140)
   0.0320    3.7332 ^ reducedSum_reduced_nextLevel_adder_16/_0866_/ZN (MAOI222D0BWP30P140)
   0.0218    3.7551 v reducedSum_reduced_nextLevel_adder_16/_0869_/ZN (AOI211D0BWP30P140)
   0.1036    3.8587 ^ reducedSum_reduced_nextLevel_adder_16/_0896_/ZN (NR3D0BWP30P140)
   0.0341    3.8928 ^ reducedSum_reduced_nextLevel_adder_16/_0925_/ZN (MUX2ND0BWP30P140)
   0.0484    3.9412 v reducedSum_reduced_nextLevel_adder_16/_0935_/ZN (ND4D0BWP30P140)
   0.0442    3.9853 ^ reducedSum_reduced_nextLevel_adder_16/_0949_/ZN (NR4D0BWP30P140)
   0.0488    4.0341 v reducedSum_reduced_nextLevel_adder_16/_0964_/ZN (ND4D0BWP30P140)
   0.0408    4.0749 ^ reducedSum_reduced_nextLevel_adder_16/_0979_/ZN (NR4D0BWP30P140)
   0.0413    4.1162 v reducedSum_reduced_nextLevel_adder_16/_0987_/ZN (ND4D0BWP30P140)
   0.0231    4.1393 ^ reducedSum_reduced_nextLevel_adder_16/_1046_/ZN (NR3D0BWP30P140)
   0.0090    4.1483 v reducedSum_reduced_nextLevel_adder_16/_1061_/ZN (IAO21D0BWP30P140)
   0.0286    4.1769 v reducedSum_reduced_nextLevel_adder_16/_1062_/Z (XOR2UD0BWP30P140)
   0.0395    4.2165 v reducedSum_reduced_nextLevel_adder_24/_0544_/ZN (XNR2UD0BWP30P140)
   0.0342    4.2507 ^ reducedSum_reduced_nextLevel_adder_24/_0545_/ZN (AOI21D0BWP30P140)
   0.0357    4.2863 ^ reducedSum_reduced_nextLevel_adder_24/_0560_/Z (OA211D0BWP30P140)
   0.0158    4.3021 ^ reducedSum_reduced_nextLevel_adder_24/_0561_/Z (OR2D0BWP30P140)
   0.0302    4.3323 ^ reducedSum_reduced_nextLevel_adder_24/_0568_/ZN (XNR2UD0BWP30P140)
   0.0334    4.3657 v reducedSum_reduced_nextLevel_adder_24/_0570_/ZN (ND3D0BWP30P140)
   0.5886    4.9543 ^ reducedSum_reduced_nextLevel_adder_24/_0639_/ZN (OAI31D0BWP30P140)
   0.0378    4.9921 ^ reducedSum_reduced_nextLevel_adder_24/_0735_/ZN (MUX4ND0BWP30P140)
   0.0215    5.0136 v reducedSum_reduced_nextLevel_adder_24/_0736_/ZN (MUX2ND0BWP30P140)
   0.0284    5.0420 ^ reducedSum_reduced_nextLevel_adder_24/_0782_/ZN (AOI221D0BWP30P140)
   0.0469    5.0889 v reducedSum_reduced_nextLevel_adder_24/_0783_/ZN (OAI221D0BWP30P140)
   0.0333    5.1223 v reducedSum_reduced_nextLevel_adder_24/_0804_/ZN (XNR2UD0BWP30P140)
   0.0364    5.1586 ^ reducedSum_reduced_nextLevel_adder_24/_0805_/ZN (NR4D0BWP30P140)
   0.0183    5.1769 v reducedSum_reduced_nextLevel_adder_24/_0808_/ZN (OAI21D0BWP30P140)
   0.0207    5.1976 ^ reducedSum_reduced_nextLevel_adder_24/_0812_/ZN (AOI21D0BWP30P140)
   0.0174    5.2150 v reducedSum_reduced_nextLevel_adder_24/_0817_/ZN (OAI21D0BWP30P140)
   0.0201    5.2351 ^ reducedSum_reduced_nextLevel_adder_24/_0821_/ZN (AOI21D0BWP30P140)
   0.0215    5.2566 v reducedSum_reduced_nextLevel_adder_24/_0829_/ZN (OAI22D0BWP30P140)
   0.0269    5.2834 ^ reducedSum_reduced_nextLevel_adder_24/_0838_/ZN (AOI211D0BWP30P140)
   0.0226    5.3061 v reducedSum_reduced_nextLevel_adder_24/_0841_/ZN (OAI21D0BWP30P140)
   0.0306    5.3367 ^ reducedSum_reduced_nextLevel_adder_24/_0851_/ZN (AOI211D0BWP30P140)
   0.0271    5.3637 ^ reducedSum_reduced_nextLevel_adder_24/_0854_/Z (AO211D0BWP30P140)
   0.0200    5.3837 v reducedSum_reduced_nextLevel_adder_24/_0859_/ZN (AOI32D0BWP30P140)
   0.0295    5.4132 v reducedSum_reduced_nextLevel_adder_24/_0860_/ZN (IAO21D0BWP30P140)
   0.0221    5.4353 v reducedSum_reduced_nextLevel_adder_24/_0864_/ZN (IAO21D0BWP30P140)
   0.0320    5.4673 ^ reducedSum_reduced_nextLevel_adder_24/_0866_/ZN (MAOI222D0BWP30P140)
   0.0218    5.4891 v reducedSum_reduced_nextLevel_adder_24/_0869_/ZN (AOI211D0BWP30P140)
   0.1036    5.5927 ^ reducedSum_reduced_nextLevel_adder_24/_0896_/ZN (NR3D0BWP30P140)
   0.0341    5.6269 ^ reducedSum_reduced_nextLevel_adder_24/_0925_/ZN (MUX2ND0BWP30P140)
   0.0484    5.6752 v reducedSum_reduced_nextLevel_adder_24/_0935_/ZN (ND4D0BWP30P140)
   0.0442    5.7194 ^ reducedSum_reduced_nextLevel_adder_24/_0949_/ZN (NR4D0BWP30P140)
   0.0488    5.7682 v reducedSum_reduced_nextLevel_adder_24/_0964_/ZN (ND4D0BWP30P140)
   0.0408    5.8090 ^ reducedSum_reduced_nextLevel_adder_24/_0979_/ZN (NR4D0BWP30P140)
   0.0413    5.8502 v reducedSum_reduced_nextLevel_adder_24/_0987_/ZN (ND4D0BWP30P140)
   0.0231    5.8734 ^ reducedSum_reduced_nextLevel_adder_24/_1046_/ZN (NR3D0BWP30P140)
   0.0090    5.8824 v reducedSum_reduced_nextLevel_adder_24/_1061_/ZN (IAO21D0BWP30P140)
   0.0286    5.9110 v reducedSum_reduced_nextLevel_adder_24/_1062_/Z (XOR2UD0BWP30P140)
   0.0395    5.9505 v reducedSum_reduced_nextLevel_adder_28/_0544_/ZN (XNR2UD0BWP30P140)
   0.0342    5.9847 ^ reducedSum_reduced_nextLevel_adder_28/_0545_/ZN (AOI21D0BWP30P140)
   0.0357    6.0204 ^ reducedSum_reduced_nextLevel_adder_28/_0560_/Z (OA211D0BWP30P140)
   0.0158    6.0362 ^ reducedSum_reduced_nextLevel_adder_28/_0561_/Z (OR2D0BWP30P140)
   0.0302    6.0664 ^ reducedSum_reduced_nextLevel_adder_28/_0568_/ZN (XNR2UD0BWP30P140)
   0.0334    6.0998 v reducedSum_reduced_nextLevel_adder_28/_0570_/ZN (ND3D0BWP30P140)
   0.5886    6.6884 ^ reducedSum_reduced_nextLevel_adder_28/_0639_/ZN (OAI31D0BWP30P140)
   0.0378    6.7262 ^ reducedSum_reduced_nextLevel_adder_28/_0735_/ZN (MUX4ND0BWP30P140)
   0.0215    6.7476 v reducedSum_reduced_nextLevel_adder_28/_0736_/ZN (MUX2ND0BWP30P140)
   0.0284    6.7761 ^ reducedSum_reduced_nextLevel_adder_28/_0782_/ZN (AOI221D0BWP30P140)
   0.0469    6.8230 v reducedSum_reduced_nextLevel_adder_28/_0783_/ZN (OAI221D0BWP30P140)
   0.0333    6.8563 v reducedSum_reduced_nextLevel_adder_28/_0804_/ZN (XNR2UD0BWP30P140)
   0.0364    6.8927 ^ reducedSum_reduced_nextLevel_adder_28/_0805_/ZN (NR4D0BWP30P140)
   0.0183    6.9110 v reducedSum_reduced_nextLevel_adder_28/_0808_/ZN (OAI21D0BWP30P140)
   0.0207    6.9317 ^ reducedSum_reduced_nextLevel_adder_28/_0812_/ZN (AOI21D0BWP30P140)
   0.0174    6.9491 v reducedSum_reduced_nextLevel_adder_28/_0817_/ZN (OAI21D0BWP30P140)
   0.0201    6.9692 ^ reducedSum_reduced_nextLevel_adder_28/_0821_/ZN (AOI21D0BWP30P140)
   0.0215    6.9906 v reducedSum_reduced_nextLevel_adder_28/_0829_/ZN (OAI22D0BWP30P140)
   0.0269    7.0175 ^ reducedSum_reduced_nextLevel_adder_28/_0838_/ZN (AOI211D0BWP30P140)
   0.0226    7.0401 v reducedSum_reduced_nextLevel_adder_28/_0841_/ZN (OAI21D0BWP30P140)
   0.0306    7.0707 ^ reducedSum_reduced_nextLevel_adder_28/_0851_/ZN (AOI211D0BWP30P140)
   0.0271    7.0978 ^ reducedSum_reduced_nextLevel_adder_28/_0854_/Z (AO211D0BWP30P140)
   0.0200    7.1178 v reducedSum_reduced_nextLevel_adder_28/_0859_/ZN (AOI32D0BWP30P140)
   0.0295    7.1473 v reducedSum_reduced_nextLevel_adder_28/_0860_/ZN (IAO21D0BWP30P140)
   0.0221    7.1693 v reducedSum_reduced_nextLevel_adder_28/_0864_/ZN (IAO21D0BWP30P140)
   0.0320    7.2013 ^ reducedSum_reduced_nextLevel_adder_28/_0866_/ZN (MAOI222D0BWP30P140)
   0.0218    7.2232 v reducedSum_reduced_nextLevel_adder_28/_0869_/ZN (AOI211D0BWP30P140)
   0.1036    7.3268 ^ reducedSum_reduced_nextLevel_adder_28/_0896_/ZN (NR3D0BWP30P140)
   0.0341    7.3609 ^ reducedSum_reduced_nextLevel_adder_28/_0925_/ZN (MUX2ND0BWP30P140)
   0.0484    7.4093 v reducedSum_reduced_nextLevel_adder_28/_0935_/ZN (ND4D0BWP30P140)
   0.0442    7.4535 ^ reducedSum_reduced_nextLevel_adder_28/_0949_/ZN (NR4D0BWP30P140)
   0.0488    7.5023 v reducedSum_reduced_nextLevel_adder_28/_0964_/ZN (ND4D0BWP30P140)
   0.0408    7.5430 ^ reducedSum_reduced_nextLevel_adder_28/_0979_/ZN (NR4D0BWP30P140)
   0.0413    7.5843 v reducedSum_reduced_nextLevel_adder_28/_0987_/ZN (ND4D0BWP30P140)
   0.0231    7.6074 ^ reducedSum_reduced_nextLevel_adder_28/_1046_/ZN (NR3D0BWP30P140)
   0.0090    7.6165 v reducedSum_reduced_nextLevel_adder_28/_1061_/ZN (IAO21D0BWP30P140)
   0.0286    7.6451 v reducedSum_reduced_nextLevel_adder_28/_1062_/Z (XOR2UD0BWP30P140)
   0.0395    7.6846 v reducedSum_reduced_nextLevel_adder_30/_0544_/ZN (XNR2UD0BWP30P140)
   0.0342    7.7188 ^ reducedSum_reduced_nextLevel_adder_30/_0545_/ZN (AOI21D0BWP30P140)
   0.0357    7.7544 ^ reducedSum_reduced_nextLevel_adder_30/_0560_/Z (OA211D0BWP30P140)
   0.0158    7.7703 ^ reducedSum_reduced_nextLevel_adder_30/_0561_/Z (OR2D0BWP30P140)
   0.0302    7.8005 ^ reducedSum_reduced_nextLevel_adder_30/_0568_/ZN (XNR2UD0BWP30P140)
   0.0334    7.8338 v reducedSum_reduced_nextLevel_adder_30/_0570_/ZN (ND3D0BWP30P140)
   0.5886    8.4225 ^ reducedSum_reduced_nextLevel_adder_30/_0639_/ZN (OAI31D0BWP30P140)
   0.0378    8.4602 ^ reducedSum_reduced_nextLevel_adder_30/_0735_/ZN (MUX4ND0BWP30P140)
   0.0215    8.4817 v reducedSum_reduced_nextLevel_adder_30/_0736_/ZN (MUX2ND0BWP30P140)
   0.0284    8.5101 ^ reducedSum_reduced_nextLevel_adder_30/_0782_/ZN (AOI221D0BWP30P140)
   0.0469    8.5570 v reducedSum_reduced_nextLevel_adder_30/_0783_/ZN (OAI221D0BWP30P140)
   0.0333    8.5904 v reducedSum_reduced_nextLevel_adder_30/_0804_/ZN (XNR2UD0BWP30P140)
   0.0364    8.6267 ^ reducedSum_reduced_nextLevel_adder_30/_0805_/ZN (NR4D0BWP30P140)
   0.0183    8.6450 v reducedSum_reduced_nextLevel_adder_30/_0808_/ZN (OAI21D0BWP30P140)
   0.0207    8.6657 ^ reducedSum_reduced_nextLevel_adder_30/_0812_/ZN (AOI21D0BWP30P140)
   0.0174    8.6832 v reducedSum_reduced_nextLevel_adder_30/_0817_/ZN (OAI21D0BWP30P140)
   0.0201    8.7032 ^ reducedSum_reduced_nextLevel_adder_30/_0821_/ZN (AOI21D0BWP30P140)
   0.0215    8.7247 v reducedSum_reduced_nextLevel_adder_30/_0829_/ZN (OAI22D0BWP30P140)
   0.0269    8.7516 ^ reducedSum_reduced_nextLevel_adder_30/_0838_/ZN (AOI211D0BWP30P140)
   0.0226    8.7742 v reducedSum_reduced_nextLevel_adder_30/_0841_/ZN (OAI21D0BWP30P140)
   0.0306    8.8048 ^ reducedSum_reduced_nextLevel_adder_30/_0851_/ZN (AOI211D0BWP30P140)
   0.0271    8.8319 ^ reducedSum_reduced_nextLevel_adder_30/_0854_/Z (AO211D0BWP30P140)
   0.0200    8.8518 v reducedSum_reduced_nextLevel_adder_30/_0859_/ZN (AOI32D0BWP30P140)
   0.0295    8.8813 v reducedSum_reduced_nextLevel_adder_30/_0860_/ZN (IAO21D0BWP30P140)
   0.0221    8.9034 v reducedSum_reduced_nextLevel_adder_30/_0864_/ZN (IAO21D0BWP30P140)
   0.0320    8.9354 ^ reducedSum_reduced_nextLevel_adder_30/_0866_/ZN (MAOI222D0BWP30P140)
   0.0218    8.9573 v reducedSum_reduced_nextLevel_adder_30/_0869_/ZN (AOI211D0BWP30P140)
   0.1036    9.0608 ^ reducedSum_reduced_nextLevel_adder_30/_0896_/ZN (NR3D0BWP30P140)
   0.0341    9.0950 ^ reducedSum_reduced_nextLevel_adder_30/_0925_/ZN (MUX2ND0BWP30P140)
   0.0484    9.1434 v reducedSum_reduced_nextLevel_adder_30/_0935_/ZN (ND4D0BWP30P140)
   0.0442    9.1875 ^ reducedSum_reduced_nextLevel_adder_30/_0949_/ZN (NR4D0BWP30P140)
   0.0488    9.2363 v reducedSum_reduced_nextLevel_adder_30/_0964_/ZN (ND4D0BWP30P140)
   0.0408    9.2771 ^ reducedSum_reduced_nextLevel_adder_30/_0979_/ZN (NR4D0BWP30P140)
   0.0244    9.3015 v reducedSum_reduced_nextLevel_adder_30/_0986_/ZN (ND3D0BWP30P140)
   0.0352    9.3366 v reducedSum_reduced_nextLevel_adder_30/_0988_/ZN (XNR2UD0BWP30P140)
   0.0178    9.3545 ^ reducedSum_conv/_119_/ZN (NR2D0BWP30P140)
   0.1014    9.4558 v reducedSum_conv/_126_/ZN (OAI31D0BWP30P140)
   0.0632    9.5190 ^ reducedSum_conv/_139_/Z (XOR2UD0BWP30P140)
   0.0270    9.5461 v reducedSum_conv/_140_/ZN (OAI21D0BWP30P140)
   0.0253    9.5713 v reducedSum_conv/_154_/ZN (INR2D0BWP30P140)
   0.0266    9.5979 ^ reducedSum_conv/_191_/ZN (NR2D0BWP30P140)
   0.0241    9.6220 v accAdder/_0897_/ZN (XNR2UD0BWP30P140)
   0.0314    9.6534 ^ accAdder/_0899_/ZN (AOI21D0BWP30P140)
   0.0301    9.6835 v accAdder/_0901_/ZN (MAOI222D0BWP30P140)
   0.0370    9.7205 ^ accAdder/_0902_/ZN (MAOI222D0BWP30P140)
   0.0303    9.7508 v accAdder/_0903_/ZN (MAOI222D0BWP30P140)
   0.0355    9.7863 ^ accAdder/_0966_/ZN (MAOI222D0BWP30P140)
   0.0302    9.8165 v accAdder/_0968_/ZN (MAOI222D0BWP30P140)
   0.0262    9.8427 v accAdder/_0970_/ZN (XNR2UD0BWP30P140)
   0.0212    9.8639 ^ accAdder/_0971_/ZN (NR2D0BWP30P140)
   0.0257    9.8897 ^ accAdder/_0972_/Z (AN2D0BWP30P140)
   0.4170   10.3066 v accAdder/_0975_/ZN (AOI31D0BWP30P140)
   0.4192   10.7259 ^ accAdder/_0991_/ZN (AOI22D0BWP30P140)
   0.0318   10.7577 v accAdder/_1063_/ZN (CKND2D0BWP30P140)
   0.0370   10.7947 ^ accAdder/_1188_/ZN (OAI32D0BWP30P140)
   0.0151   10.8097 v accAdder/_1189_/ZN (AOI21D0BWP30P140)
   0.0396   10.8494 ^ accAdder/_1191_/ZN (OAI221D0BWP30P140)
   0.0211   10.8705 v accAdder/_1196_/ZN (OAI31D0BWP30P140)
   0.0222   10.8927 ^ accAdder/_1198_/ZN (AOI21D0BWP30P140)
   0.0256   10.9183 v accAdder/_1200_/ZN (MAOI222D0BWP30P140)
   0.0396   10.9579 ^ accAdder/_1202_/ZN (MAOI222D0BWP30P140)
   0.0257   10.9836 v accAdder/_1204_/ZN (MAOI222D0BWP30P140)
   0.0277   11.0113 ^ accAdder/_1206_/ZN (AOI21D0BWP30P140)
   0.0253   11.0366 ^ accAdder/_1209_/ZN (IAO21D0BWP30P140)
   0.0247   11.0613 v accAdder/_1211_/ZN (MAOI222D0BWP30P140)
   0.0395   11.1008 ^ accAdder/_1213_/ZN (MAOI222D0BWP30P140)
   0.0265   11.1273 v accAdder/_1221_/ZN (MAOI222D0BWP30P140)
   0.0354   11.1627 v accAdder/_1232_/Z (AO21D0BWP30P140)
   0.0261   11.1887 ^ accAdder/_1242_/ZN (MAOI222D0BWP30P140)
   0.0265   11.2153 v accAdder/_1255_/ZN (MAOI222D0BWP30P140)
   0.0315   11.2468 v accAdder/_1259_/Z (AO21D0BWP30P140)
   0.0182   11.2649 ^ accAdder/_1276_/ZN (AOI21D0BWP30P140)
   0.0258   11.2908 v accAdder/_1280_/ZN (MAOI222D0BWP30P140)
   0.0391   11.3299 ^ accAdder/_1296_/ZN (MAOI222D0BWP30P140)
   0.0262   11.3560 v accAdder/_1300_/ZN (MAOI222D0BWP30P140)
   0.0304   11.3864 ^ accAdder/_1318_/ZN (AOI21D0BWP30P140)
   0.0249   11.4114 v accAdder/_1322_/ZN (MAOI222D0BWP30P140)
   0.0364   11.4478 v accAdder/_1345_/Z (AO21D0BWP30P140)
   0.0156   11.4634 ^ accAdder/_1353_/ZN (MUX2ND0BWP30P140)
   0.0347   11.4982 ^ accAdder/_1354_/ZN (XNR2UD0BWP30P140)
   0.0288   11.5269 ^ accAdder/_1453_/ZN (MAOI22D0BWP30P140)
   0.1281   11.6550 v accAdder/_1456_/ZN (OAI211D0BWP30P140)
   0.0886   11.7436 ^ accAdder/_1531_/Z (MUX4D0BWP30P140)
   0.0194   11.7631 v accAdder/_1534_/ZN (MUX3ND0BWP30P140)
   0.0405   11.8036 ^ accAdder/_1568_/ZN (NR2D0BWP30P140)
   0.0507   11.8542 ^ accAdder/_1577_/ZN (INR4D0BWP30P140)
   0.0510   11.9053 ^ accAdder/_1582_/Z (AN4D0BWP30P140)
   0.0395   11.9448 ^ accAdder/_1590_/Z (AN4D0BWP30P140)
   0.0406   11.9853 ^ accAdder/_1601_/Z (AN4D0BWP30P140)
   0.0349   12.0202 ^ accAdder/_1603_/Z (AN3D0BWP30P140)
   0.0271   12.0474 v accAdder/_1605_/ZN (IND3D0BWP30P140)
   0.0379   12.0853 v accAdder/_1606_/Z (OR3D0BWP30P140)
   0.0368   12.1221 ^ accAdder/_1608_/ZN (INR3D0BWP30P140)
   0.0364   12.1585 v accAdder/_1611_/ZN (MAOI222D0BWP30P140)
   0.0357   12.1942 ^ accAdder/_1616_/ZN (NR4D0BWP30P140)
   0.0219   12.2161 v accAdder/_1619_/ZN (OAI31D0BWP30P140)
   0.0327   12.2488 v accAdder/_1621_/Z (AO21D0BWP30P140)
   0.0312   12.2800 ^ accAdder/_1623_/ZN (AOI21D0BWP30P140)
   0.0237   12.3037 v accAdder/_1626_/ZN (OAI21D0BWP30P140)
   0.0215   12.3252 v accAdder/_1658_/Z (AN3D0BWP30P140)
   0.0613   12.3864 v accAdder/_1659_/Z (OR3D0BWP30P140)
   0.0420   12.4284 ^ accAdder/_1703_/ZN (AOI211D0BWP30P140)
   0.0261   12.4545 ^ _060_/Z (AO22D0BWP30P140)
   0.0000   12.4545 ^ _070_/D (DFCNQD1BWP30P140)
            12.4545   data arrival time

  20.0000   20.0000   clock CORE_CLK (rise edge)
   0.0000   20.0000   clock network delay (ideal)
  -0.0500   19.9500   clock uncertainty
   0.0000   19.9500   clock reconvergence pessimism
            19.9500 ^ _070_/CP (DFCNQD1BWP30P140)
  -0.0174   19.9326   library setup time
            19.9326   data required time
-------------------------------------------------------------
            19.9326   data required time
           -12.4545   data arrival time
-------------------------------------------------------------
             7.4782   slack (MET)


