Startpoint: reset (input port clocked by CORE_CLK)
Endpoint: _40_ (recovery check against rising-edge clock CORE_CLK)
Path Group: asynchronous
Path Type: max

    Delay      Time   Description
-------------------------------------------------------------
   0.0000    0.0000   clock CORE_CLK (rise edge)
   0.0000    0.0000   clock network delay (ideal)
   0.0000    0.0000 ^ input external delay
   0.0000    0.0000 ^ reset (in)
   0.0000    0.0000 ^ _40_/CDN (DFCNQD1BWP30P140)
             0.0000   data arrival time

   2.0000    2.0000   clock CORE_CLK (rise edge)
   0.0000    2.0000   clock network delay (ideal)
  -0.0500    1.9500   clock uncertainty
   0.0000    1.9500   clock reconvergence pessimism
             1.9500 ^ _40_/CP (DFCNQD1BWP30P140)
   0.0258    1.9758   library recovery time
             1.9758   data required time
-------------------------------------------------------------
             1.9758   data required time
            -0.0000   data arrival time
-------------------------------------------------------------
             1.9758   slack (MET)


Startpoint: io_op_b_i[2] (input port clocked by CORE_CLK)
Endpoint: _42_ (rising edge-triggered flip-flop clocked by CORE_CLK)
Path Group: CORE_CLK
Path Type: max

    Delay      Time   Description
-------------------------------------------------------------
   0.0000    0.0000   clock CORE_CLK (rise edge)
   0.0000    0.0000   clock network delay (ideal)
   0.0000    0.0000 ^ input external delay
   0.0000    0.0000 ^ io_op_b_i[2] (in)
   0.0239    0.0239 ^ op/_060_/Z (AN2D0BWP30P140)
   0.0218    0.0458 v op/_061_/ZN (CKND0BWP30P140)
   0.0222    0.0679 v tree/_2809_/ZN (IND2D0BWP30P140)
   0.0275    0.0954 ^ tree/_2812_/ZN (AOI221D0BWP30P140)
   0.0361    0.1315 v tree/_2816_/ZN (OAI222D0BWP30P140)
   0.0276    0.1591 ^ tree/_2826_/ZN (AOI21D0BWP30P140)
   0.0245    0.1836 v tree/_2829_/ZN (OAI33D0BWP30P140)
   0.0270    0.2106 ^ tree/_2830_/ZN (AOI31D0BWP30P140)
   0.0297    0.2403 ^ tree/_2833_/Z (OA21D0BWP30P140)
   0.0147    0.2550 v tree/_2846_/ZN (NR3D0BWP30P140)
   0.0285    0.2835 ^ tree/_2847_/ZN (OAI33D0BWP30P140)
   0.0221    0.3055 v tree/_2849_/ZN (AOI22D0BWP30P140)
   0.0257    0.3312 ^ tree/_2852_/ZN (OAI21D0BWP30P140)
   0.0437    0.3749 ^ tree/_2854_/Z (AN4D0BWP30P140)
   0.0118    0.3867 v tree/_2863_/ZN (NR3D0BWP30P140)
   0.0264    0.4131 ^ tree/_2864_/ZN (AOI221D0BWP30P140)
   0.0239    0.4370 ^ tree/_2868_/Z (OA21D0BWP30P140)
   0.0124    0.4494 v tree/_2877_/ZN (AOI211D0BWP30P140)
   0.0303    0.4796 ^ tree/_2880_/ZN (OAI33D0BWP30P140)
   0.0222    0.5018 v tree/_2881_/ZN (AOI22D0BWP30P140)
   0.0238    0.5256 ^ tree/_2886_/ZN (OAI21D0BWP30P140)
   0.0398    0.5654 ^ tree/_2889_/Z (OA211D0BWP30P140)
   0.0168    0.5822 v tree/_2896_/ZN (OAI33D0BWP30P140)
   0.0240    0.6061 ^ tree/_2897_/ZN (AOI31D0BWP30P140)
   0.0254    0.6315 v tree/_2901_/ZN (OAI21D0BWP30P140)
   0.0255    0.6570 v tree/_2910_/Z (AN3D0BWP30P140)
   0.0265    0.6835 ^ tree/_2912_/ZN (OAI33D0BWP30P140)
   0.0166    0.7000 v tree/_2913_/ZN (AOI31D0BWP30P140)
   0.0248    0.7248 v tree/_2917_/Z (OA21D0BWP30P140)
   0.0220    0.7468 ^ tree/_2919_/ZN (NR2D0BWP30P140)
   0.0328    0.7796 v tree/_2929_/Z (CKMUX2D0BWP30P140)
   0.0207    0.8002 ^ tree/_2931_/ZN (OAI221D0BWP30P140)
   0.0293    0.8295 ^ tree/_2935_/Z (AO21D0BWP30P140)
   0.0258    0.8553 ^ tree/_2936_/Z (AN2D0BWP30P140)
   0.0252    0.8805 ^ tree/_2946_/ZN (MUX2ND0BWP30P140)
   0.0257    0.9062 v tree/_2948_/ZN (AOI221D0BWP30P140)
   0.0305    0.9367 ^ tree/_2953_/ZN (OAI21D0BWP30P140)
   0.0382    0.9749 ^ tree/_2961_/Z (OA211D0BWP30P140)
   0.0211    0.9960 v tree/_2963_/ZN (OAI33D0BWP30P140)
   0.0324    1.0284 ^ tree/_2971_/ZN (AOI221D0BWP30P140)
   0.0306    1.0590 ^ tree/_2973_/Z (OA21D0BWP30P140)
   0.0290    1.0880 ^ tree/_2980_/Z (OA211D0BWP30P140)
   0.0265    1.1145 v tree/_2985_/ZN (OAI221D0BWP30P140)
   0.0309    1.1454 v tree/_2989_/Z (AO21D0BWP30P140)
   0.0222    1.1676 ^ tree/_2995_/ZN (AOI21D0BWP30P140)
   0.0244    1.1920 v tree/_2999_/ZN (OAI33D0BWP30P140)
   0.0237    1.2157 ^ tree/_3000_/ZN (AOI31D0BWP30P140)
   0.0252    1.2408 v tree/_3004_/ZN (OAI21D0BWP30P140)
   0.0232    1.2640 ^ tree/_3005_/ZN (CKND2D0BWP30P140)
   0.0318    1.2959 v tree/_3016_/Z (CKMUX2D0BWP30P140)
   0.0247    1.3206 v tree/_3017_/Z (AO22D0BWP30P140)
   0.0295    1.3501 ^ tree/_3019_/ZN (OAI21D0BWP30P140)
   0.0416    1.3917 ^ tree/_3027_/Z (OA211D0BWP30P140)
   0.0210    1.4127 v tree/_3033_/ZN (OAI33D0BWP30P140)
   0.0237    1.4364 ^ tree/_3034_/ZN (AOI21D0BWP30P140)
   0.0229    1.4593 ^ tree/_3038_/Z (OA21D0BWP30P140)
   0.0217    1.4809 ^ tree/_3057_/Z (AO211D0BWP30P140)
   0.0523    1.5332 v tree/_3058_/ZN (OAI21D0BWP30P140)
   0.0444    1.5776 v tree/_3063_/Z (XOR2UD0BWP30P140)
   0.0277    1.6053 ^ tree/_3064_/ZN (OAI32D0BWP30P140)
   0.0895    1.6948 v tree/_3065_/ZN (OAI21D0BWP30P140)
   0.2169    1.9118 ^ tree/_3068_/ZN (MUX2ND0BWP30P140)
   0.0471    1.9588 v tree/_3912_/ZN (MAOI222D0BWP30P140)
   0.0491    2.0080 ^ tree/_3915_/ZN (MAOI222D0BWP30P140)
   0.1179    2.1259 v tree/_3920_/ZN (OAI211D0BWP30P140)
   0.0630    2.1889 ^ tree/_3926_/ZN (OAI22D0BWP30P140)
   0.0262    2.2151 v tree/_3939_/ZN (OAI211D0BWP30P140)
   0.0345    2.2496 ^ tree/_3941_/ZN (AOI33D0BWP30P140)
   0.0369    2.2865 v tree/_3976_/ZN (AOI31D0BWP30P140)
   0.0411    2.3276 v tree/_4890_/Z (XOR2UD0BWP30P140)
   0.0649    2.3925 v tree/_4957_/Z (XOR3UD0BWP30P140)
   0.0521    2.4446 v tree/_5038_/ZN (XNR3UD0BWP30P140)
   0.0287    2.4733 v tree/_5039_/Z (XOR2UD0BWP30P140)
   0.0290    2.5023 v tree/_5040_/ZN (XNR2UD0BWP30P140)
   0.0363    2.5386 v tree/_5096_/Z (XOR3UD0BWP30P140)
   0.0627    2.6012 v tree/_5127_/Z (XOR3UD0BWP30P140)
   0.0590    2.6602 v tree/_5147_/Z (XOR3UD0BWP30P140)
   0.0181    2.6783 ^ tree/_5155_/ZN (INR2D0BWP30P140)
   0.0175    2.6958 v tree/_5157_/ZN (OAI21D0BWP30P140)
   0.0293    2.7251 ^ tree/_5158_/ZN (MAOI222D0BWP30P140)
   0.0296    2.7547 v tree/_5159_/ZN (MAOI222D0BWP30P140)
   0.0302    2.7849 ^ tree/_5161_/ZN (AOI21D0BWP30P140)
   0.0238    2.8087 v tree/_5163_/ZN (OAI21D0BWP30P140)
   0.0354    2.8441 ^ tree/_5165_/ZN (MAOI222D0BWP30P140)
   0.0253    2.8694 v tree/_5167_/ZN (OAI21D0BWP30P140)
   0.0359    2.9053 ^ tree/_5169_/ZN (MAOI222D0BWP30P140)
   0.0250    2.9303 v tree/_5171_/ZN (OAI21D0BWP30P140)
   0.0359    2.9662 ^ tree/_5173_/ZN (MAOI222D0BWP30P140)
   0.0270    2.9932 v tree/_5175_/ZN (OAI21D0BWP30P140)
   0.0343    3.0275 ^ tree/_5178_/ZN (AOI211D0BWP30P140)
   0.0204    3.0479 v tree/_5180_/ZN (OAI31D0BWP30P140)
   0.0474    3.0953 ^ tree/_5188_/ZN (XNR2UD0BWP30P140)
   0.0249    3.1201 v tree/_5189_/ZN (CKND0BWP30P140)
   0.0275    3.1476 ^ tree/_5242_/ZN (AOI21D0BWP30P140)
   0.0328    3.1804 v tree/_5252_/ZN (AOI31D0BWP30P140)
   0.0237    3.2041 ^ tree/_5256_/ZN (NR3D0BWP30P140)
   0.0134    3.2175 v tree/_5265_/ZN (AOI21D0BWP30P140)
   0.0330    3.2505 v tree/_5266_/Z (XOR2UD0BWP30P140)
   0.0327    3.2832 ^ tree/_5291_/ZN (CKND2D0BWP30P140)
   0.0135    3.2967 v tree/_5292_/ZN (CKND0BWP30P140)
   0.0684    3.3651 ^ tree/_5293_/ZN (NR2D0BWP30P140)
   0.0365    3.4016 ^ tree/_5297_/ZN (MUX2ND0BWP30P140)
   0.0302    3.4319 ^ tree/_5304_/Z (AO211D0BWP30P140)
   0.0362    3.4680 v tree/_5362_/ZN (OAI211D0BWP30P140)
   0.0381    3.5061 ^ tree/_5368_/ZN (NR4D0BWP30P140)
   0.0089    3.5150 v tree/_5380_/ZN (NR2D0BWP30P140)
   0.0289    3.5439 ^ tree/_5381_/ZN (NR2D0BWP30P140)
   0.0184    3.5623 v sa/_294_/ZN (CKND2D0BWP30P140)
   0.0579    3.6203 v sa/_297_/Z (XOR3UD0BWP30P140)
   0.0287    3.6490 ^ sa/_298_/ZN (NR2D0BWP30P140)
   0.0452    3.6942 v sa/_435_/Z (XOR4D0BWP30P140)
   0.0268    3.7210 v sa/_438_/ZN (XNR2UD0BWP30P140)
   0.0310    3.7520 ^ sa/_439_/ZN (MAOI222D0BWP30P140)
   0.0262    3.7781 v sa/_440_/ZN (MAOI222D0BWP30P140)
   0.0376    3.8157 ^ sa/_441_/ZN (MAOI222D0BWP30P140)
   0.0242    3.8399 v sa/_443_/ZN (OAI21D0BWP30P140)
   0.0277    3.8676 ^ sa/_445_/ZN (AOI21D0BWP30P140)
   0.0226    3.8902 v sa/_447_/ZN (OAI21D0BWP30P140)
   0.0286    3.9188 v sa/_450_/ZN (IOA21D0BWP30P140)
   0.0278    3.9467 v sa/_453_/ZN (IOA21D0BWP30P140)
   0.0339    3.9805 ^ sa/_455_/ZN (MAOI222D0BWP30P140)
   0.0361    4.0167 v sa/_462_/ZN (OAI211D0BWP30P140)
   0.0262    4.0429 ^ conv/_175_/ZN (NR2D0BWP30P140)
   0.0310    4.0739 ^ conv/_181_/Z (OA21D0BWP30P140)
   0.0722    4.1462 ^ conv/_183_/Z (OR2D0BWP30P140)
   0.0400    4.1862 v conv/_198_/ZN (MUX4ND0BWP30P140)
   0.0396    4.2258 ^ conv/_199_/ZN (MUX2ND0BWP30P140)
   0.0477    4.2735 v conv/_222_/ZN (ND4D0BWP30P140)
   0.0372    4.3108 ^ conv/_231_/ZN (NR4D0BWP30P140)
   0.0510    4.3617 ^ conv/_233_/ZN (INR4D0BWP30P140)
   0.0386    4.4003 v conv/_236_/ZN (AOI32D0BWP30P140)
   0.0495    4.4498 ^ conv/_238_/ZN (OAI31D0BWP30P140)
   0.0295    4.4793 v conv/_251_/ZN (AOI32D0BWP30P140)
   0.0318    4.5111 ^ conv/_252_/ZN (MAOI222D0BWP30P140)
   0.0254    4.5365 v conv/_253_/ZN (XNR2UD0BWP30P140)
   0.0578    4.5943 v conv/_269_/Z (AO211D0BWP30P140)
   0.0381    4.6323 ^ conv/_273_/ZN (NR2D0BWP30P140)
   0.0243    4.6566 ^ accAdder/_461_/ZN (XNR2UD0BWP30P140)
   0.0293    4.6859 ^ accAdder/_462_/Z (AO21D0BWP30P140)
   0.0165    4.7024 v accAdder/_465_/ZN (AOI211D0BWP30P140)
   0.0332    4.7356 ^ accAdder/_467_/ZN (OAI31D0BWP30P140)
   0.0299    4.7655 v accAdder/_470_/ZN (OAI211D0BWP30P140)
   0.0294    4.7949 ^ accAdder/_492_/ZN (AOI21D0BWP30P140)
   0.0467    4.8416 v accAdder/_494_/ZN (OAI211D0BWP30P140)
   0.0876    4.9291 v accAdder/_518_/ZN (MUX2ND0BWP30P140)
   0.0860    5.0151 ^ accAdder/_543_/ZN (AOI31D0BWP30P140)
   0.0611    5.0762 v accAdder/_549_/ZN (ND3D0BWP30P140)
   0.0399    5.1161 v accAdder/_566_/Z (OA21D0BWP30P140)
   0.0311    5.1472 ^ accAdder/_589_/ZN (MUX3ND0BWP30P140)
   0.0331    5.1803 v accAdder/_677_/ZN (AOI221D0BWP30P140)
   0.0251    5.2054 ^ accAdder/_678_/ZN (ND3D0BWP30P140)
   0.0175    5.2229 v accAdder/_680_/ZN (OAI21D0BWP30P140)
   0.0236    5.2465 ^ accAdder/_681_/ZN (AOI21D0BWP30P140)
   0.0255    5.2720 v accAdder/_682_/ZN (MAOI222D0BWP30P140)
   0.0329    5.3049 ^ accAdder/_684_/ZN (MAOI222D0BWP30P140)
   0.0301    5.3350 v accAdder/_686_/ZN (MAOI222D0BWP30P140)
   0.0324    5.3673 ^ accAdder/_687_/ZN (AOI211D0BWP30P140)
   0.0238    5.3912 v accAdder/_688_/ZN (OAI32D0BWP30P140)
   0.0302    5.4214 ^ accAdder/_698_/ZN (AOI211D0BWP30P140)
   0.0230    5.4444 ^ accAdder/_700_/Z (OR2D0BWP30P140)
   0.1489    5.5933 v accAdder/_751_/ZN (AOI31D0BWP30P140)
   0.0882    5.6814 v accAdder/_791_/ZN (MUX4ND0BWP30P140)
   0.0430    5.7245 ^ accAdder/_792_/ZN (NR4D0BWP30P140)
   0.0345    5.7590 v accAdder/_798_/ZN (IND4D0BWP30P140)
   0.0296    5.7885 ^ accAdder/_801_/ZN (NR3D0BWP30P140)
   0.0291    5.8177 v accAdder/_803_/ZN (IND3D0BWP30P140)
   0.0406    5.8583 ^ accAdder/_805_/ZN (MAOI222D0BWP30P140)
   0.0426    5.9009 v accAdder/_810_/ZN (IND4D0BWP30P140)
   0.0444    5.9454 ^ accAdder/_820_/ZN (AOI211D0BWP30P140)
   0.0333    5.9787 ^ accAdder/_821_/Z (AN3D0BWP30P140)
   0.0241    6.0028 ^ accAdder/_828_/ZN (MAOI22D0BWP30P140)
   0.0569    6.0597 v accAdder/_855_/ZN (OAI31D0BWP30P140)
   0.0427    6.1024 ^ accAdder/_877_/ZN (INR4D0BWP30P140)
   0.0262    6.1286 ^ _32_/Z (AO22D0BWP30P140)
   0.0000    6.1286 ^ _42_/D (DFCNQD1BWP30P140)
             6.1286   data arrival time

   2.0000    2.0000   clock CORE_CLK (rise edge)
   0.0000    2.0000   clock network delay (ideal)
  -0.0500    1.9500   clock uncertainty
   0.0000    1.9500   clock reconvergence pessimism
             1.9500 ^ _42_/CP (DFCNQD1BWP30P140)
  -0.0170    1.9330   library setup time
             1.9330   data required time
-------------------------------------------------------------
             1.9330   data required time
            -6.1286   data arrival time
-------------------------------------------------------------
            -4.1956   slack (VIOLATED)


