
===========================================================================
 report_power
============================================================================
======================= Fastest Corner ===================================

Group                  Internal  Switching    Leakage      Total
                          Power      Power      Power      Power (Watts)
----------------------------------------------------------------
Sequential             9.51e-05   5.44e-05   5.15e-10   1.50e-04   1.7%
Combinational          3.61e-03   4.84e-03   1.21e-08   8.45e-03  97.5%
Clock                  4.25e-05   2.45e-05   4.06e-09   6.71e-05   0.8%
Macro                  0.00e+00   0.00e+00   0.00e+00   0.00e+00   0.0%
Pad                    0.00e+00   0.00e+00   0.00e+00   0.00e+00   0.0%
----------------------------------------------------------------
Total                  3.75e-03   4.92e-03   1.67e-08   8.66e-03 100.0%
                          43.2%      56.8%       0.0%

======================= Slowest Corner ===================================

Group                  Internal  Switching    Leakage      Total
                          Power      Power      Power      Power (Watts)
----------------------------------------------------------------
Sequential             6.53e-05   3.58e-05   4.74e-07   1.02e-04   1.7%
Combinational          2.65e-03   3.21e-03   8.40e-06   5.86e-03  97.5%
Clock                  3.03e-05   1.57e-05   1.10e-07   4.62e-05   0.8%
Macro                  0.00e+00   0.00e+00   0.00e+00   0.00e+00   0.0%
Pad                    0.00e+00   0.00e+00   0.00e+00   0.00e+00   0.0%
----------------------------------------------------------------
Total                  2.74e-03   3.26e-03   8.98e-06   6.01e-03 100.0%
                          45.6%      54.2%       0.1%

======================= Typical Corner ===================================

Group                  Internal  Switching    Leakage      Total
                          Power      Power      Power      Power (Watts)
----------------------------------------------------------------
Sequential             8.27e-05   4.58e-05   2.78e-10   1.28e-04   1.7%
Combinational          3.27e-03   4.09e-03   6.71e-09   7.35e-03  97.5%
Clock                  3.72e-05   2.06e-05   3.78e-09   5.78e-05   0.8%
Macro                  0.00e+00   0.00e+00   0.00e+00   0.00e+00   0.0%
Pad                    0.00e+00   0.00e+00   0.00e+00   0.00e+00   0.0%
----------------------------------------------------------------
Total                  3.39e-03   4.15e-03   1.08e-08   7.54e-03 100.0%
                          44.9%      55.1%       0.0%

