Startpoint: reset (input port clocked by CORE_CLK)
Endpoint: _42_ (recovery check against rising-edge clock CORE_CLK)
Path Group: asynchronous
Path Type: max

    Delay      Time   Description
-------------------------------------------------------------
   0.0000    0.0000   clock CORE_CLK (rise edge)
   0.0000    0.0000   clock network delay (ideal)
   0.0000    0.0000 ^ input external delay
   0.0000    0.0000 ^ reset (in)
   0.0000    0.0000 ^ _42_/CDN (DFCNQD1BWP30P140)
             0.0000   data arrival time

   2.0000    2.0000   clock CORE_CLK (rise edge)
   0.0000    2.0000   clock network delay (ideal)
  -0.0500    1.9500   clock uncertainty
   0.0000    1.9500   clock reconvergence pessimism
             1.9500 ^ _42_/CP (DFCNQD1BWP30P140)
   0.0258    1.9758   library recovery time
             1.9758   data required time
-------------------------------------------------------------
             1.9758   data required time
            -0.0000   data arrival time
-------------------------------------------------------------
             1.9758   slack (MET)


Startpoint: io_op_a_i[12] (input port clocked by CORE_CLK)
Endpoint: _57_ (rising edge-triggered flip-flop clocked by CORE_CLK)
Path Group: CORE_CLK
Path Type: max

    Delay      Time   Description
-------------------------------------------------------------
   0.0000    0.0000   clock CORE_CLK (rise edge)
   0.0000    0.0000   clock network delay (ideal)
   0.0000    0.0000 ^ input external delay
   0.0000    0.0000 ^ io_op_a_i[12] (in)
   0.0174    0.0174 ^ op_1/_37_/Z (OR3D0BWP30P140)
   0.0264    0.0439 ^ op_1/_40_/ZN (IAO21D0BWP30P140)
   0.0178    0.0617 v op_1/_41_/ZN (OAI21D0BWP30P140)
   0.0261    0.0877 ^ op_1/_42_/ZN (OAI21D0BWP30P140)
   0.0554    0.1432 v op_1/_44_/ZN (AOI31D0BWP30P140)
   0.0334    0.1766 ^ tree/_06876_/ZN (CKND0BWP30P140)
   0.0202    0.1967 v tree/_06976_/ZN (OAI22D0BWP30P140)
   0.0339    0.2306 v tree/_06977_/Z (AO21D0BWP30P140)
   0.0347    0.2653 v tree/_06980_/Z (AO21D0BWP30P140)
   0.0287    0.2941 v tree/_06994_/ZN (MUX2ND0BWP30P140)
   0.0264    0.3204 v tree/_06995_/ZN (MOAI22D0BWP30P140)
   0.0237    0.3441 v tree/_06998_/ZN (IAO21D0BWP30P140)
   0.0243    0.3685 ^ tree/_07002_/ZN (OAI21D0BWP30P140)
   0.0406    0.4090 ^ tree/_07008_/Z (OA211D0BWP30P140)
   0.0181    0.4271 v tree/_07015_/ZN (OAI33D0BWP30P140)
   0.0252    0.4522 ^ tree/_07016_/ZN (AOI31D0BWP30P140)
   0.0165    0.4688 v tree/_07023_/ZN (OAI21D0BWP30P140)
   0.0286    0.4973 ^ tree/_07026_/ZN (AOI21D0BWP30P140)
   0.0172    0.5146 v tree/_07028_/ZN (NR2D0BWP30P140)
   0.0324    0.5470 ^ tree/_07041_/Z (CKMUX2D0BWP30P140)
   0.0264    0.5734 v tree/_07043_/ZN (OAI221D0BWP30P140)
   0.0258    0.5992 v tree/_07050_/Z (AO21D0BWP30P140)
   0.0282    0.6273 v tree/_07054_/Z (AO21D0BWP30P140)
   0.0237    0.6510 v tree/_07065_/Z (OA211D0BWP30P140)
   0.0274    0.6784 ^ tree/_07068_/ZN (OAI33D0BWP30P140)
   0.0196    0.6980 v tree/_07078_/ZN (AOI31D0BWP30P140)
   0.0243    0.7223 ^ tree/_07080_/ZN (OAI221D0BWP30P140)
   0.0583    0.7806 v tree/_07081_/ZN (AOI31D0BWP30P140)
   0.0404    0.8210 v tree/_07087_/ZN (MUX2ND0BWP30P140)
   0.0269    0.8480 ^ tree/_07088_/ZN (AOI22D0BWP30P140)
   0.0160    0.8640 v tree/_07089_/ZN (OAI21D0BWP30P140)
   0.0152    0.8792 ^ tree/_07094_/ZN (AOI21D0BWP30P140)
   0.0445    0.9238 v tree/_07096_/ZN (MOAI22D0BWP30P140)
   0.0340    0.9578 v tree/_07099_/Z (CKMUX2D0BWP30P140)
   0.0248    0.9825 v tree/_07101_/Z (AO22D0BWP30P140)
   0.0132    0.9958 ^ tree/_07107_/ZN (AOI21D0BWP30P140)
   0.0392    1.0350 v tree/_07115_/ZN (OAI222D0BWP30P140)
   0.0486    1.0836 v tree/_07117_/Z (AO21D0BWP30P140)
   0.0304    1.1140 v tree/_07130_/ZN (MUX2ND0BWP30P140)
   0.0267    1.1407 v tree/_07131_/ZN (MOAI22D0BWP30P140)
   0.0189    1.1596 ^ tree/_07134_/ZN (OAI21D0BWP30P140)
   0.0347    1.1943 ^ tree/_07140_/Z (AO21D0BWP30P140)
   0.0311    1.2254 ^ tree/_07157_/Z (AN3D0BWP30P140)
   0.0203    1.2456 v tree/_07159_/ZN (OAI33D0BWP30P140)
   0.0251    1.2707 ^ tree/_07160_/ZN (AOI21D0BWP30P140)
   0.0259    1.2966 ^ tree/_07168_/Z (OA21D0BWP30P140)
   0.0293    1.3260 v tree/_07173_/ZN (OAI21D0BWP30P140)
   0.0321    1.3580 v tree/_07187_/ZN (MUX2ND0BWP30P140)
   0.0270    1.3850 v tree/_07188_/ZN (MOAI22D0BWP30P140)
   0.0243    1.4093 v tree/_07191_/ZN (IAO21D0BWP30P140)
   0.0297    1.4390 ^ tree/_07197_/ZN (OAI21D0BWP30P140)
   0.0320    1.4710 ^ tree/_07210_/Z (AN3D0BWP30P140)
   0.0218    1.4928 v tree/_07213_/ZN (OAI33D0BWP30P140)
   0.0288    1.5216 ^ tree/_07214_/ZN (AOI31D0BWP30P140)
   0.0369    1.5585 v tree/_07223_/ZN (OAI222D0BWP30P140)
   0.0359    1.5944 ^ tree/_07226_/ZN (AOI21D0BWP30P140)
   0.0216    1.6160 v tree/_07238_/ZN (OAI31D0BWP30P140)
   0.0283    1.6442 ^ tree/_07240_/ZN (AOI221D0BWP30P140)
   0.0231    1.6673 ^ tree/_07245_/ZN (IAO21D0BWP30P140)
   0.0243    1.6915 v tree/_07251_/ZN (OAI21D0BWP30P140)
   0.0217    1.7132 ^ tree/_07262_/ZN (ND3D0BWP30P140)
   0.0251    1.7383 v tree/_07265_/ZN (AOI33D0BWP30P140)
   0.0254    1.7637 ^ tree/_07269_/ZN (AOI221D0BWP30P140)
   0.0303    1.7941 v tree/_07275_/ZN (OAI222D0BWP30P140)
   0.0483    1.8424 v tree/_07277_/Z (AO22D0BWP30P140)
   0.0301    1.8725 v tree/_07283_/ZN (MUX2ND0BWP30P140)
   0.0266    1.8990 v tree/_07285_/ZN (MAOI22D0BWP30P140)
   0.0128    1.9119 ^ tree/_07286_/ZN (OAI21D0BWP30P140)
   0.0226    1.9344 ^ tree/_07295_/Z (AO21D0BWP30P140)
   0.0439    1.9784 ^ tree/_07297_/Z (AO22D0BWP30P140)
   0.0464    2.0247 ^ tree/_07301_/Z (AO21D0BWP30P140)
   0.0312    2.0560 ^ tree/_07325_/ZN (XNR2UD0BWP30P140)
   0.0251    2.0810 v tree/_07327_/ZN (ND4D0BWP30P140)
   0.0330    2.1141 v tree/_07328_/Z (OA22D0BWP30P140)
   0.0736    2.1877 v tree/_07329_/Z (AO21D0BWP30P140)
   0.1445    2.3322 ^ tree/_07339_/Z (CKMUX2D0BWP30P140)
   0.0476    2.3798 v tree/_07343_/ZN (MAOI222D0BWP30P140)
   0.0431    2.4230 ^ tree/_07346_/ZN (AOI211D0BWP30P140)
   0.0309    2.4539 ^ tree/_07365_/Z (OA21D0BWP30P140)
   0.0354    2.4894 v tree/_07370_/ZN (OAI211D0BWP30P140)
   0.1383    2.6276 ^ tree/_07377_/ZN (AOI211D0BWP30P140)
   0.0477    2.6753 ^ tree/_07405_/ZN (MUX4ND0BWP30P140)
   0.0248    2.7001 v tree/_07407_/ZN (MUX2ND0BWP30P140)
   0.0436    2.7437 v tree/_07410_/ZN (MOAI22D0BWP30P140)
   0.0510    2.7947 v tree/_07411_/ZN (IND4D0BWP30P140)
   0.0299    2.8246 v tree/_07491_/Z (AN2D0BWP30P140)
   0.0597    2.8843 v tree/_12771_/Z (XOR3UD0BWP30P140)
   0.0647    2.9490 v tree/_12836_/ZN (XNR3UD0BWP30P140)
   0.0633    3.0123 v tree/_12908_/ZN (XNR3UD0BWP30P140)
   0.0634    3.0757 v tree/_12991_/Z (XOR3UD0BWP30P140)
   0.0512    3.1269 v tree/_13062_/ZN (XNR3UD0BWP30P140)
   0.0346    3.1614 v tree/_13102_/ZN (XNR2UD0BWP30P140)
   0.0532    3.2146 v tree/_13128_/ZN (XNR3UD0BWP30P140)
   0.0254    3.2400 ^ tree/_13151_/ZN (XNR2UD0BWP30P140)
   0.0237    3.2637 v tree/_13152_/ZN (OAI21D0BWP30P140)
   0.0361    3.2998 ^ tree/_13154_/ZN (MAOI222D0BWP30P140)
   0.0247    3.3246 v tree/_13156_/ZN (OAI21D0BWP30P140)
   0.0280    3.3525 ^ tree/_13158_/ZN (AOI21D0BWP30P140)
   0.0192    3.3718 v tree/_13160_/ZN (OAI21D0BWP30P140)
   0.0334    3.4052 ^ tree/_13161_/ZN (MAOI222D0BWP30P140)
   0.0249    3.4301 v tree/_13163_/ZN (OAI21D0BWP30P140)
   0.0358    3.4659 ^ tree/_13165_/ZN (MAOI222D0BWP30P140)
   0.0256    3.4915 v tree/_13167_/ZN (OAI21D0BWP30P140)
   0.0361    3.5276 ^ tree/_13169_/ZN (MAOI222D0BWP30P140)
   0.0251    3.5528 v tree/_13171_/ZN (OAI21D0BWP30P140)
   0.0323    3.5851 ^ tree/_13173_/ZN (MAOI222D0BWP30P140)
   0.0262    3.6113 v tree/_13174_/ZN (MAOI222D0BWP30P140)
   0.0367    3.6480 ^ tree/_13175_/ZN (MAOI222D0BWP30P140)
   0.0251    3.6731 v tree/_13177_/ZN (OAI21D0BWP30P140)
   0.0323    3.7055 ^ tree/_13179_/ZN (MAOI222D0BWP30P140)
   0.0295    3.7350 v tree/_13180_/ZN (MAOI222D0BWP30P140)
   0.0305    3.7655 v tree/_13182_/Z (AO21D0BWP30P140)
   0.0257    3.7912 v tree/_13184_/ZN (IOA21D0BWP30P140)
   0.0334    3.8246 ^ tree/_13186_/ZN (MAOI222D0BWP30P140)
   0.0249    3.8495 v tree/_13188_/ZN (OAI21D0BWP30P140)
   0.0359    3.8854 ^ tree/_13190_/ZN (MAOI222D0BWP30P140)
   0.0253    3.9107 v tree/_13192_/ZN (OAI21D0BWP30P140)
   0.0324    3.9431 ^ tree/_13194_/ZN (MAOI222D0BWP30P140)
   0.0303    3.9733 v tree/_13195_/ZN (MAOI222D0BWP30P140)
   0.0385    4.0119 ^ tree/_13197_/ZN (MAOI222D0BWP30P140)
   0.0253    4.0371 v tree/_13199_/ZN (OAI21D0BWP30P140)
   0.0360    4.0732 ^ tree/_13201_/ZN (MAOI222D0BWP30P140)
   0.0250    4.0982 v tree/_13203_/ZN (OAI21D0BWP30P140)
   0.0358    4.1340 ^ tree/_13205_/ZN (MAOI222D0BWP30P140)
   0.0279    4.1619 ^ tree/_13207_/Z (OA21D0BWP30P140)
   0.0246    4.1865 ^ tree/_13210_/Z (OA21D0BWP30P140)
   0.0205    4.2070 v tree/_13212_/ZN (OAI21D0BWP30P140)
   0.0384    4.2454 ^ tree/_13214_/ZN (MAOI222D0BWP30P140)
   0.0289    4.2743 v tree/_13218_/ZN (OAI211D0BWP30P140)
   0.0328    4.3071 ^ tree/_13220_/ZN (AOI31D0BWP30P140)
   0.0246    4.3317 v tree/_13222_/ZN (OAI21D0BWP30P140)
   0.0356    4.3673 ^ tree/_13224_/ZN (MAOI222D0BWP30P140)
   0.0213    4.3886 v tree/_13226_/ZN (OAI21D0BWP30P140)
   0.0373    4.4259 ^ tree/_13234_/ZN (XNR2UD0BWP30P140)
   0.0824    4.5083 v tree/_13235_/ZN (CKND0BWP30P140)
   0.0419    4.5502 ^ tree/_13294_/ZN (OAI31D0BWP30P140)
   0.0455    4.5957 ^ tree/_13297_/Z (AN4D0BWP30P140)
   0.0436    4.6393 ^ tree/_13300_/Z (AN4D0BWP30P140)
   0.0436    4.6828 ^ tree/_13303_/Z (AN4D0BWP30P140)
   0.0436    4.7264 ^ tree/_13306_/Z (AN4D0BWP30P140)
   0.0438    4.7701 ^ tree/_13309_/Z (AN4D0BWP30P140)
   0.0460    4.8162 ^ tree/_13312_/Z (AN4D0BWP30P140)
   0.0415    4.8577 ^ tree/_13379_/Z (AN4D0BWP30P140)
   0.0222    4.8799 v tree/_13381_/ZN (ND3D0BWP30P140)
   0.0333    4.9132 v tree/_13382_/Z (AO21D0BWP30P140)
   0.0325    4.9456 ^ tree/_13384_/ZN (AOI211D0BWP30P140)
   0.0306    4.9762 ^ tree/_13385_/Z (OA21D0BWP30P140)
   0.0258    5.0020 ^ tree/_13386_/Z (OA21D0BWP30P140)
   0.0211    5.0231 ^ tree/_13387_/Z (AN2D0BWP30P140)
   0.0248    5.0480 ^ tree/_13388_/Z (AO21D0BWP30P140)
   0.0265    5.0745 ^ tree/_13391_/Z (OA21D0BWP30P140)
   0.0217    5.0962 ^ tree/_13392_/ZN (INR2D0BWP30P140)
   0.0213    5.1175 ^ tree/_13393_/ZN (INR2D0BWP30P140)
   0.0241    5.1416 ^ tree/_13396_/Z (AO21D0BWP30P140)
   0.0249    5.1665 ^ tree/_13398_/ZN (XNR2UD0BWP30P140)
   0.0108    5.1774 v tree/_13399_/ZN (CKND2D0BWP30P140)
   0.2962    5.4736 ^ tree/_13478_/ZN (AOI21D0BWP30P140)
   0.1048    5.5784 v tree/_13479_/ZN (CKND0BWP30P140)
   0.0542    5.6325 ^ tree/_13543_/ZN (MUX4ND0BWP30P140)
   0.0425    5.6751 v tree/_13619_/ZN (MUX4ND0BWP30P140)
   0.0458    5.7208 ^ tree/_13623_/ZN (AOI221D0BWP30P140)
   0.0282    5.7490 v tree/_13647_/ZN (OAI211D0BWP30P140)
   0.0280    5.7770 ^ tree/_13648_/ZN (AOI221D0BWP30P140)
   0.0312    5.8081 v tree/_13668_/ZN (ND4D0BWP30P140)
   0.0238    5.8319 ^ tree/_13674_/ZN (IND4D0BWP30P140)
   0.0194    5.8513 ^ tree/_13675_/Z (OR2D0BWP30P140)
   0.0334    5.8846 ^ tree/_13681_/Z (XOR2UD0BWP30P140)
   0.0177    5.9023 v sa/_310_/ZN (CKND2D0BWP30P140)
   0.0582    5.9606 v sa/_329_/ZN (XNR3UD0BWP30P140)
   0.0257    5.9863 v sa/_331_/Z (AN3D0BWP30P140)
   0.0520    6.0383 ^ sa/_339_/ZN (XNR4D0BWP30P140)
   0.0297    6.0680 ^ sa/_340_/ZN (XNR2UD0BWP30P140)
   0.0298    6.0978 ^ sa/_352_/Z (AN3D0BWP30P140)
   0.0133    6.1111 v sa/_354_/ZN (AOI221D0BWP30P140)
   0.0255    6.1367 ^ sa/_359_/ZN (OAI211D0BWP30P140)
   0.0253    6.1620 ^ sa/_372_/Z (AO21D0BWP30P140)
   0.0173    6.1792 v sa/_458_/ZN (AOI21D0BWP30P140)
   0.0219    6.2011 ^ sa/_470_/ZN (OAI21D0BWP30P140)
   0.0396    6.2407 v sa/_473_/ZN (OAI211D0BWP30P140)
   0.0347    6.2754 ^ conv/_140_/ZN (NR2D0BWP30P140)
   0.0750    6.3504 ^ conv/_159_/ZN (INR2D0BWP30P140)
   0.0419    6.3923 v conv/_160_/ZN (CKND0BWP30P140)
   0.0321    6.4244 v conv/_189_/ZN (MUX4ND0BWP30P140)
   0.0276    6.4519 ^ conv/_213_/ZN (MUX2ND0BWP30P140)
   0.0409    6.4929 v conv/_214_/ZN (ND4D0BWP30P140)
   0.0360    6.5288 ^ conv/_216_/ZN (NR3D0BWP30P140)
   0.0348    6.5636 v conv/_218_/ZN (ND4D0BWP30P140)
   0.0426    6.6063 ^ conv/_221_/ZN (OAI32D0BWP30P140)
   0.0283    6.6345 v conv/_224_/ZN (AOI211D0BWP30P140)
   0.0296    6.6641 ^ conv/_228_/ZN (NR4D0BWP30P140)
   0.0207    6.6848 v conv/_231_/ZN (AOI32D0BWP30P140)
   0.0257    6.7105 ^ conv/_232_/Z (XOR2UD0BWP30P140)
   0.0258    6.7363 v conv/_233_/ZN (OAI31D0BWP30P140)
   0.0407    6.7770 v conv/_255_/Z (AO21D0BWP30P140)
   0.0353    6.8123 ^ conv/_262_/ZN (NR2D0BWP30P140)
   0.0132    6.8255 v accAdder/_0518_/ZN (IND2D0BWP30P140)
   0.0268    6.8523 v accAdder/_0519_/ZN (IOA21D0BWP30P140)
   0.0413    6.8936 v accAdder/_0533_/Z (XOR2UD0BWP30P140)
   0.0304    6.9240 ^ accAdder/_0534_/ZN (NR2D0BWP30P140)
   0.0166    6.9406 v accAdder/_0540_/ZN (CKND2D0BWP30P140)
   0.0205    6.9611 ^ accAdder/_0549_/ZN (NR3D0BWP30P140)
   0.0533    7.0143 ^ accAdder/_0561_/ZN (INR4D0BWP30P140)
   0.0946    7.1089 v accAdder/_0588_/Z (CKMUX2D0BWP30P140)
   0.1083    7.2172 ^ accAdder/_0616_/ZN (OAI31D0BWP30P140)
   0.0321    7.2492 v accAdder/_0618_/ZN (NR3D0BWP30P140)
   0.0487    7.2979 ^ accAdder/_0697_/ZN (AOI222D0BWP30P140)
   0.0161    7.3140 v accAdder/_0768_/ZN (AOI211D0BWP30P140)
   0.0485    7.3625 ^ accAdder/_0772_/ZN (AOI211D0BWP30P140)
   0.0239    7.3864 v accAdder/_0774_/ZN (ND3D0BWP30P140)
   0.0228    7.4092 ^ accAdder/_0776_/ZN (OAI21D0BWP30P140)
   0.0237    7.4330 v accAdder/_0778_/ZN (MAOI222D0BWP30P140)
   0.0231    7.4561 ^ accAdder/_0779_/ZN (OAI21D0BWP30P140)
   0.0235    7.4797 ^ accAdder/_0780_/Z (AO21D0BWP30P140)
   0.0230    7.5026 v accAdder/_0781_/ZN (MAOI222D0BWP30P140)
   0.0336    7.5362 ^ accAdder/_0783_/ZN (MAOI222D0BWP30P140)
   0.0263    7.5625 ^ accAdder/_0785_/Z (AO21D0BWP30P140)
   0.0132    7.5757 v accAdder/_0795_/ZN (AOI211D0BWP30P140)
   0.0342    7.6100 ^ accAdder/_0796_/ZN (AOI21D0BWP30P140)
   0.0211    7.6310 ^ accAdder/_0799_/Z (XOR2UD0BWP30P140)
   0.0189    7.6500 v accAdder/_0869_/ZN (AOI211D0BWP30P140)
   0.1133    7.7633 ^ accAdder/_0870_/ZN (NR2D0BWP30P140)
   0.0524    7.8156 v accAdder/_0893_/ZN (MUX3ND0BWP30P140)
   0.0383    7.8539 ^ accAdder/_0903_/ZN (NR3D0BWP30P140)
   0.0411    7.8950 v accAdder/_0907_/ZN (ND4D0BWP30P140)
   0.0482    7.9433 ^ accAdder/_0917_/ZN (INR4D0BWP30P140)
   0.0337    7.9770 ^ accAdder/_0919_/ZN (INR3D0BWP30P140)
   0.0242    8.0012 ^ accAdder/_0920_/ZN (INR2D0BWP30P140)
   0.0341    8.0353 v accAdder/_0921_/ZN (MAOI222D0BWP30P140)
   0.0498    8.0851 v accAdder/_0927_/Z (OR4D0BWP30P140)
   0.0333    8.1184 v accAdder/_0937_/Z (AO211D0BWP30P140)
   0.0247    8.1431 ^ accAdder/_0941_/ZN (OAI31D0BWP30P140)
   0.1007    8.2438 v accAdder/_0944_/ZN (OAI211D0BWP30P140)
   0.0461    8.2899 ^ accAdder/_0957_/ZN (INR3D0BWP30P140)
   0.0279    8.3179 ^ _39_/Z (AO22D0BWP30P140)
   0.0000    8.3179 ^ _57_/D (DFCNQD1BWP30P140)
             8.3179   data arrival time

   2.0000    2.0000   clock CORE_CLK (rise edge)
   0.0000    2.0000   clock network delay (ideal)
  -0.0500    1.9500   clock uncertainty
   0.0000    1.9500   clock reconvergence pessimism
             1.9500 ^ _57_/CP (DFCNQD1BWP30P140)
  -0.0171    1.9329   library setup time
             1.9329   data required time
-------------------------------------------------------------
             1.9329   data required time
            -8.3179   data arrival time
-------------------------------------------------------------
            -6.3849   slack (VIOLATED)


