Startpoint: reset (input port clocked by CORE_CLK)
Endpoint: _068_ (recovery check against rising-edge clock CORE_CLK)
Path Group: asynchronous
Path Type: max

    Delay      Time   Description
-------------------------------------------------------------
   0.0000    0.0000   clock CORE_CLK (rise edge)
   0.0000    0.0000   clock network delay (ideal)
   0.0000    0.0000 ^ input external delay
   0.0000    0.0000 ^ reset (in)
   0.0000    0.0000 ^ _068_/CDN (DFCNQD1BWP30P140)
             0.0000   data arrival time

  20.0000   20.0000   clock CORE_CLK (rise edge)
   0.0000   20.0000   clock network delay (ideal)
  -0.0500   19.9500   clock uncertainty
   0.0000   19.9500   clock reconvergence pessimism
            19.9500 ^ _068_/CP (DFCNQD1BWP30P140)
   0.0258   19.9758   library recovery time
            19.9758   data required time
-------------------------------------------------------------
            19.9758   data required time
            -0.0000   data arrival time
-------------------------------------------------------------
            19.9758   slack (MET)


Startpoint: io_op_b_i[2] (input port clocked by CORE_CLK)
Endpoint: _070_ (rising edge-triggered flip-flop clocked by CORE_CLK)
Path Group: CORE_CLK
Path Type: max

    Delay      Time   Description
-------------------------------------------------------------
   0.0000    0.0000   clock CORE_CLK (rise edge)
   0.0000    0.0000   clock network delay (ideal)
   0.0000    0.0000 ^ input external delay
   0.0000    0.0000 ^ io_op_b_i[2] (in)
   0.0102    0.0102 v reducedSum_op/_070_/ZN (CKND2D0BWP30P140)
   0.0617    0.0719 v reducedSum_op/_077_/ZN (XNR3UD0BWP30P140)
   0.0554    0.1273 v reducedSum_op/_087_/ZN (XNR3UD0BWP30P140)
   0.0167    0.1441 ^ reducedSum_op/_093_/ZN (CKND2D0BWP30P140)
   0.0265    0.1706 v reducedSum_op/_094_/ZN (MAOI222D0BWP30P140)
   0.0252    0.1958 ^ reducedSum_op/_113_/ZN (AOI21D0BWP30P140)
   0.0698    0.2655 v reducedSum_op/_114_/ZN (OAI211D0BWP30P140)
   0.0364    0.3019 ^ reducedSum_sa/_1031_/ZN (CKND2D0BWP30P140)
   0.0266    0.3286 ^ reducedSum_sa/_1033_/Z (XOR2UD0BWP30P140)
   0.0258    0.3544 v reducedSum_sa/_1063_/ZN (XNR2UD0BWP30P140)
   0.0303    0.3847 v reducedSum_sa/_1069_/Z (XOR2UD0BWP30P140)
   0.0306    0.4153 v reducedSum_sa/_1097_/ZN (XNR3UD0BWP30P140)
   0.0307    0.4460 v reducedSum_sa/_1106_/Z (XOR2UD0BWP30P140)
   0.0355    0.4815 v reducedSum_sa/_1128_/ZN (XNR3UD0BWP30P140)
   0.0664    0.5479 v reducedSum_sa/_1150_/Z (XOR3UD0BWP30P140)
   0.0315    0.5794 ^ reducedSum_sa/_1192_/ZN (MAOI222D0BWP30P140)
   0.0263    0.6057 v reducedSum_sa/_1193_/ZN (MAOI222D0BWP30P140)
   0.0341    0.6398 ^ reducedSum_sa/_1194_/ZN (MAOI222D0BWP30P140)
   0.0267    0.6664 v reducedSum_sa/_1195_/ZN (MAOI222D0BWP30P140)
   0.0340    0.7005 ^ reducedSum_sa/_1196_/ZN (MAOI222D0BWP30P140)
   0.0264    0.7269 v reducedSum_sa/_1197_/ZN (MAOI222D0BWP30P140)
   0.0333    0.7602 ^ reducedSum_sa/_1198_/ZN (MAOI222D0BWP30P140)
   0.0293    0.7895 v reducedSum_sa/_1199_/ZN (MAOI222D0BWP30P140)
   0.0319    0.8213 ^ reducedSum_sa/_1201_/ZN (AOI21D0BWP30P140)
   0.0302    0.8515 v reducedSum_sa/_1203_/ZN (MAOI222D0BWP30P140)
   0.0414    0.8929 ^ reducedSum_sa/_1205_/ZN (MAOI222D0BWP30P140)
   0.0331    0.9260 v reducedSum_sa/_1238_/ZN (MAOI222D0BWP30P140)
   0.0334    0.9594 v reducedSum_sa/_1251_/Z (XOR2UD0BWP30P140)
   0.0279    0.9873 v reducedSum_reduced_nextLevel_adder/_0694_/ZN (IND2D0BWP30P140)
   0.0209    1.0082 v reducedSum_reduced_nextLevel_adder/_0698_/ZN (INR3D0BWP30P140)
   0.0111    1.0193 ^ reducedSum_reduced_nextLevel_adder/_0699_/ZN (CKND2D0BWP30P140)
   0.0106    1.0299 v reducedSum_reduced_nextLevel_adder/_0701_/ZN (AOI211D0BWP30P140)
   0.0153    1.0452 ^ reducedSum_reduced_nextLevel_adder/_0702_/ZN (OAI21D0BWP30P140)
   0.0214    1.0667 v reducedSum_reduced_nextLevel_adder/_0707_/ZN (AOI221D0BWP30P140)
   0.7148    1.7815 ^ reducedSum_reduced_nextLevel_adder/_0709_/ZN (OAI31D0BWP30P140)
   0.0428    1.8243 v reducedSum_reduced_nextLevel_adder/_0777_/ZN (MUX4ND0BWP30P140)
   0.0637    1.8879 ^ reducedSum_reduced_nextLevel_adder/_0778_/ZN (MUX2ND0BWP30P140)
   0.0203    1.9082 v reducedSum_reduced_nextLevel_adder/_0812_/ZN (MUX2ND0BWP30P140)
   0.0333    1.9416 ^ reducedSum_reduced_nextLevel_adder/_0886_/ZN (OAI221D0BWP30P140)
   0.0248    1.9663 v reducedSum_reduced_nextLevel_adder/_0907_/ZN (XNR2UD0BWP30P140)
   0.0358    2.0021 ^ reducedSum_reduced_nextLevel_adder/_0908_/ZN (OAI31D0BWP30P140)
   0.0266    2.0287 v reducedSum_reduced_nextLevel_adder/_0909_/ZN (MAOI222D0BWP30P140)
   0.0333    2.0620 ^ reducedSum_reduced_nextLevel_adder/_0913_/ZN (MAOI222D0BWP30P140)
   0.0300    2.0920 v reducedSum_reduced_nextLevel_adder/_0918_/ZN (MAOI222D0BWP30P140)
   0.0340    2.1260 ^ reducedSum_reduced_nextLevel_adder/_0922_/ZN (MAOI222D0BWP30P140)
   0.0298    2.1558 v reducedSum_reduced_nextLevel_adder/_0926_/ZN (MAOI222D0BWP30P140)
   0.0335    2.1893 ^ reducedSum_reduced_nextLevel_adder/_0930_/ZN (MAOI222D0BWP30P140)
   0.0267    2.2160 v reducedSum_reduced_nextLevel_adder/_0934_/ZN (MAOI222D0BWP30P140)
   0.0321    2.2481 ^ reducedSum_reduced_nextLevel_adder/_0938_/ZN (MAOI222D0BWP30P140)
   0.0219    2.2700 v reducedSum_reduced_nextLevel_adder/_0942_/ZN (AOI21D0BWP30P140)
   0.0318    2.3018 ^ reducedSum_reduced_nextLevel_adder/_0944_/ZN (MAOI222D0BWP30P140)
   0.0287    2.3305 v reducedSum_reduced_nextLevel_adder/_0948_/ZN (MAOI222D0BWP30P140)
   0.0286    2.3592 v reducedSum_reduced_nextLevel_adder/_0949_/ZN (IAO21D0BWP30P140)
   0.0228    2.3820 v reducedSum_reduced_nextLevel_adder/_0951_/ZN (IAO21D0BWP30P140)
   0.0287    2.4107 ^ reducedSum_reduced_nextLevel_adder/_0953_/ZN (MAOI222D0BWP30P140)
   0.0213    2.4320 v reducedSum_reduced_nextLevel_adder/_0962_/ZN (AOI21D0BWP30P140)
   0.0256    2.4576 ^ reducedSum_reduced_nextLevel_adder/_0964_/ZN (OAI32D0BWP30P140)
   0.0241    2.4817 v reducedSum_reduced_nextLevel_adder/_0968_/ZN (AOI21D0BWP30P140)
   0.0376    2.5193 ^ reducedSum_reduced_nextLevel_adder/_0985_/ZN (OAI31D0BWP30P140)
   0.1231    2.6424 v reducedSum_reduced_nextLevel_adder/_1011_/ZN (OAI21D0BWP30P140)
   0.0598    2.7022 v reducedSum_reduced_nextLevel_adder/_1028_/ZN (MUX2ND0BWP30P140)
   0.0477    2.7499 ^ reducedSum_reduced_nextLevel_adder/_1037_/ZN (NR4D0BWP30P140)
   0.0484    2.7983 v reducedSum_reduced_nextLevel_adder/_1051_/ZN (ND4D0BWP30P140)
   0.0410    2.8393 ^ reducedSum_reduced_nextLevel_adder/_1064_/ZN (NR4D0BWP30P140)
   0.0480    2.8873 v reducedSum_reduced_nextLevel_adder/_1079_/ZN (ND4D0BWP30P140)
   0.0410    2.9282 ^ reducedSum_reduced_nextLevel_adder/_1095_/ZN (NR4D0BWP30P140)
   0.0422    2.9704 v reducedSum_reduced_nextLevel_adder/_1108_/ZN (ND4D0BWP30P140)
   0.0437    3.0141 ^ reducedSum_reduced_nextLevel_adder/_1190_/ZN (INR4D0BWP30P140)
   0.0469    3.0611 ^ reducedSum_reduced_nextLevel_adder/_1194_/Z (AN4D0BWP30P140)
   0.0098    3.0709 v reducedSum_reduced_nextLevel_adder/_1202_/ZN (NR2D0BWP30P140)
   0.0288    3.0997 v reducedSum_reduced_nextLevel_adder/_1203_/Z (XOR2UD0BWP30P140)
   0.0267    3.1263 v reducedSum_reduced_nextLevel_adder_2/_0625_/ZN (INR2D0BWP30P140)
   0.0373    3.1637 ^ reducedSum_reduced_nextLevel_adder_2/_0635_/ZN (AOI211D0BWP30P140)
   0.0246    3.1882 v reducedSum_reduced_nextLevel_adder_2/_0637_/ZN (OAI31D0BWP30P140)
   0.0219    3.2102 ^ reducedSum_reduced_nextLevel_adder_2/_0645_/ZN (XNR2UD0BWP30P140)
   0.0289    3.2391 v reducedSum_reduced_nextLevel_adder_2/_0646_/ZN (ND3D0BWP30P140)
   0.7185    3.9576 ^ reducedSum_reduced_nextLevel_adder_2/_0709_/ZN (OAI31D0BWP30P140)
   0.0428    4.0003 v reducedSum_reduced_nextLevel_adder_2/_0777_/ZN (MUX4ND0BWP30P140)
   0.0637    4.0640 ^ reducedSum_reduced_nextLevel_adder_2/_0778_/ZN (MUX2ND0BWP30P140)
   0.0203    4.0843 v reducedSum_reduced_nextLevel_adder_2/_0812_/ZN (MUX2ND0BWP30P140)
   0.0333    4.1177 ^ reducedSum_reduced_nextLevel_adder_2/_0886_/ZN (OAI221D0BWP30P140)
   0.0248    4.1424 v reducedSum_reduced_nextLevel_adder_2/_0907_/ZN (XNR2UD0BWP30P140)
   0.0358    4.1782 ^ reducedSum_reduced_nextLevel_adder_2/_0908_/ZN (OAI31D0BWP30P140)
   0.0266    4.2048 v reducedSum_reduced_nextLevel_adder_2/_0909_/ZN (MAOI222D0BWP30P140)
   0.0333    4.2381 ^ reducedSum_reduced_nextLevel_adder_2/_0913_/ZN (MAOI222D0BWP30P140)
   0.0300    4.2681 v reducedSum_reduced_nextLevel_adder_2/_0918_/ZN (MAOI222D0BWP30P140)
   0.0340    4.3021 ^ reducedSum_reduced_nextLevel_adder_2/_0922_/ZN (MAOI222D0BWP30P140)
   0.0298    4.3319 v reducedSum_reduced_nextLevel_adder_2/_0926_/ZN (MAOI222D0BWP30P140)
   0.0335    4.3654 ^ reducedSum_reduced_nextLevel_adder_2/_0930_/ZN (MAOI222D0BWP30P140)
   0.0267    4.3921 v reducedSum_reduced_nextLevel_adder_2/_0934_/ZN (MAOI222D0BWP30P140)
   0.0321    4.4242 ^ reducedSum_reduced_nextLevel_adder_2/_0938_/ZN (MAOI222D0BWP30P140)
   0.0219    4.4461 v reducedSum_reduced_nextLevel_adder_2/_0942_/ZN (AOI21D0BWP30P140)
   0.0318    4.4779 ^ reducedSum_reduced_nextLevel_adder_2/_0944_/ZN (MAOI222D0BWP30P140)
   0.0287    4.5066 v reducedSum_reduced_nextLevel_adder_2/_0948_/ZN (MAOI222D0BWP30P140)
   0.0286    4.5353 v reducedSum_reduced_nextLevel_adder_2/_0949_/ZN (IAO21D0BWP30P140)
   0.0228    4.5581 v reducedSum_reduced_nextLevel_adder_2/_0951_/ZN (IAO21D0BWP30P140)
   0.0287    4.5868 ^ reducedSum_reduced_nextLevel_adder_2/_0953_/ZN (MAOI222D0BWP30P140)
   0.0213    4.6081 v reducedSum_reduced_nextLevel_adder_2/_0962_/ZN (AOI21D0BWP30P140)
   0.0256    4.6337 ^ reducedSum_reduced_nextLevel_adder_2/_0964_/ZN (OAI32D0BWP30P140)
   0.0241    4.6578 v reducedSum_reduced_nextLevel_adder_2/_0968_/ZN (AOI21D0BWP30P140)
   0.0376    4.6954 ^ reducedSum_reduced_nextLevel_adder_2/_0985_/ZN (OAI31D0BWP30P140)
   0.1231    4.8185 v reducedSum_reduced_nextLevel_adder_2/_1011_/ZN (OAI21D0BWP30P140)
   0.0598    4.8783 v reducedSum_reduced_nextLevel_adder_2/_1028_/ZN (MUX2ND0BWP30P140)
   0.0477    4.9260 ^ reducedSum_reduced_nextLevel_adder_2/_1037_/ZN (NR4D0BWP30P140)
   0.0484    4.9744 v reducedSum_reduced_nextLevel_adder_2/_1051_/ZN (ND4D0BWP30P140)
   0.0410    5.0154 ^ reducedSum_reduced_nextLevel_adder_2/_1064_/ZN (NR4D0BWP30P140)
   0.0480    5.0634 v reducedSum_reduced_nextLevel_adder_2/_1079_/ZN (ND4D0BWP30P140)
   0.0410    5.1043 ^ reducedSum_reduced_nextLevel_adder_2/_1095_/ZN (NR4D0BWP30P140)
   0.0422    5.1465 v reducedSum_reduced_nextLevel_adder_2/_1108_/ZN (ND4D0BWP30P140)
   0.0342    5.1807 ^ reducedSum_reduced_nextLevel_adder_2/_1112_/ZN (NR2D0BWP30P140)
   0.0219    5.2026 v reducedSum_reduced_nextLevel_adder_2/_1116_/ZN (XNR2UD0BWP30P140)
   0.0356    5.2383 ^ reducedSum_conv/_167_/ZN (NR4D0BWP30P140)
   0.0130    5.2512 v reducedSum_conv/_168_/ZN (CKND0BWP30P140)
   0.0932    5.3444 ^ reducedSum_conv/_174_/ZN (AOI21D0BWP30P140)
   0.0337    5.3781 ^ reducedSum_conv/_177_/ZN (XNR2UD0BWP30P140)
   0.0140    5.3921 v reducedSum_conv/_178_/ZN (CKND0BWP30P140)
   0.0327    5.4248 v reducedSum_conv/_179_/Z (AO21D0BWP30P140)
   0.0153    5.4401 ^ reducedSum_conv/_183_/ZN (ND3D0BWP30P140)
   0.0481    5.4882 ^ reducedSum_conv/_219_/ZN (INR3D0BWP30P140)
   0.0365    5.5247 v accAdder/_0901_/ZN (MAOI222D0BWP30P140)
   0.0370    5.5617 ^ accAdder/_0902_/ZN (MAOI222D0BWP30P140)
   0.0303    5.5920 v accAdder/_0903_/ZN (MAOI222D0BWP30P140)
   0.0355    5.6275 ^ accAdder/_0966_/ZN (MAOI222D0BWP30P140)
   0.0302    5.6578 v accAdder/_0968_/ZN (MAOI222D0BWP30P140)
   0.0262    5.6840 v accAdder/_0970_/ZN (XNR2UD0BWP30P140)
   0.0212    5.7052 ^ accAdder/_0971_/ZN (NR2D0BWP30P140)
   0.0257    5.7309 ^ accAdder/_0972_/Z (AN2D0BWP30P140)
   0.4170    6.1479 v accAdder/_0975_/ZN (AOI31D0BWP30P140)
   0.4192    6.5671 ^ accAdder/_0991_/ZN (AOI22D0BWP30P140)
   0.0318    6.5990 v accAdder/_1063_/ZN (CKND2D0BWP30P140)
   0.0370    6.6359 ^ accAdder/_1188_/ZN (OAI32D0BWP30P140)
   0.0151    6.6510 v accAdder/_1189_/ZN (AOI21D0BWP30P140)
   0.0396    6.6906 ^ accAdder/_1191_/ZN (OAI221D0BWP30P140)
   0.0211    6.7117 v accAdder/_1196_/ZN (OAI31D0BWP30P140)
   0.0222    6.7340 ^ accAdder/_1198_/ZN (AOI21D0BWP30P140)
   0.0256    6.7595 v accAdder/_1200_/ZN (MAOI222D0BWP30P140)
   0.0396    6.7992 ^ accAdder/_1202_/ZN (MAOI222D0BWP30P140)
   0.0257    6.8249 v accAdder/_1204_/ZN (MAOI222D0BWP30P140)
   0.0277    6.8526 ^ accAdder/_1206_/ZN (AOI21D0BWP30P140)
   0.0253    6.8779 ^ accAdder/_1209_/ZN (IAO21D0BWP30P140)
   0.0247    6.9025 v accAdder/_1211_/ZN (MAOI222D0BWP30P140)
   0.0395    6.9421 ^ accAdder/_1213_/ZN (MAOI222D0BWP30P140)
   0.0265    6.9685 v accAdder/_1221_/ZN (MAOI222D0BWP30P140)
   0.0354    7.0039 v accAdder/_1232_/Z (AO21D0BWP30P140)
   0.0261    7.0300 ^ accAdder/_1242_/ZN (MAOI222D0BWP30P140)
   0.0265    7.0565 v accAdder/_1255_/ZN (MAOI222D0BWP30P140)
   0.0315    7.0880 v accAdder/_1259_/Z (AO21D0BWP30P140)
   0.0182    7.1062 ^ accAdder/_1276_/ZN (AOI21D0BWP30P140)
   0.0258    7.1320 v accAdder/_1280_/ZN (MAOI222D0BWP30P140)
   0.0391    7.1711 ^ accAdder/_1296_/ZN (MAOI222D0BWP30P140)
   0.0262    7.1973 v accAdder/_1300_/ZN (MAOI222D0BWP30P140)
   0.0304    7.2277 ^ accAdder/_1318_/ZN (AOI21D0BWP30P140)
   0.0249    7.2526 v accAdder/_1322_/ZN (MAOI222D0BWP30P140)
   0.0364    7.2891 v accAdder/_1345_/Z (AO21D0BWP30P140)
   0.0156    7.3047 ^ accAdder/_1353_/ZN (MUX2ND0BWP30P140)
   0.0347    7.3394 ^ accAdder/_1354_/ZN (XNR2UD0BWP30P140)
   0.0288    7.3682 ^ accAdder/_1453_/ZN (MAOI22D0BWP30P140)
   0.1281    7.4963 v accAdder/_1456_/ZN (OAI211D0BWP30P140)
   0.0886    7.5849 ^ accAdder/_1531_/Z (MUX4D0BWP30P140)
   0.0194    7.6043 v accAdder/_1534_/ZN (MUX3ND0BWP30P140)
   0.0405    7.6448 ^ accAdder/_1568_/ZN (NR2D0BWP30P140)
   0.0507    7.6955 ^ accAdder/_1577_/ZN (INR4D0BWP30P140)
   0.0510    7.7466 ^ accAdder/_1582_/Z (AN4D0BWP30P140)
   0.0395    7.7860 ^ accAdder/_1590_/Z (AN4D0BWP30P140)
   0.0406    7.8266 ^ accAdder/_1601_/Z (AN4D0BWP30P140)
   0.0349    7.8615 ^ accAdder/_1603_/Z (AN3D0BWP30P140)
   0.0271    7.8886 v accAdder/_1605_/ZN (IND3D0BWP30P140)
   0.0379    7.9265 v accAdder/_1606_/Z (OR3D0BWP30P140)
   0.0368    7.9634 ^ accAdder/_1608_/ZN (INR3D0BWP30P140)
   0.0364    7.9998 v accAdder/_1611_/ZN (MAOI222D0BWP30P140)
   0.0357    8.0355 ^ accAdder/_1616_/ZN (NR4D0BWP30P140)
   0.0219    8.0574 v accAdder/_1619_/ZN (OAI31D0BWP30P140)
   0.0327    8.0900 v accAdder/_1621_/Z (AO21D0BWP30P140)
   0.0312    8.1213 ^ accAdder/_1623_/ZN (AOI21D0BWP30P140)
   0.0237    8.1449 v accAdder/_1626_/ZN (OAI21D0BWP30P140)
   0.0215    8.1664 v accAdder/_1658_/Z (AN3D0BWP30P140)
   0.0613    8.2277 v accAdder/_1659_/Z (OR3D0BWP30P140)
   0.0420    8.2697 ^ accAdder/_1703_/ZN (AOI211D0BWP30P140)
   0.0261    8.2957 ^ _060_/Z (AO22D0BWP30P140)
   0.0000    8.2957 ^ _070_/D (DFCNQD1BWP30P140)
             8.2957   data arrival time

  20.0000   20.0000   clock CORE_CLK (rise edge)
   0.0000   20.0000   clock network delay (ideal)
  -0.0500   19.9500   clock uncertainty
   0.0000   19.9500   clock reconvergence pessimism
            19.9500 ^ _070_/CP (DFCNQD1BWP30P140)
  -0.0174   19.9326   library setup time
            19.9326   data required time
-------------------------------------------------------------
            19.9326   data required time
            -8.2957   data arrival time
-------------------------------------------------------------
            11.6369   slack (MET)


