Startpoint: reset (input port clocked by CORE_CLK)
Endpoint: _068_ (recovery check against rising-edge clock CORE_CLK)
Path Group: asynchronous
Path Type: max

    Delay      Time   Description
-------------------------------------------------------------
   0.0000    0.0000   clock CORE_CLK (rise edge)
   0.0000    0.0000   clock network delay (ideal)
   0.0000    0.0000 ^ input external delay
   0.0000    0.0000 ^ reset (in)
   0.0000    0.0000 ^ _068_/CDN (DFCNQD1BWP30P140)
             0.0000   data arrival time

  20.0000   20.0000   clock CORE_CLK (rise edge)
   0.0000   20.0000   clock network delay (ideal)
  -0.0500   19.9500   clock uncertainty
   0.0000   19.9500   clock reconvergence pessimism
            19.9500 ^ _068_/CP (DFCNQD1BWP30P140)
   0.0258   19.9758   library recovery time
            19.9758   data required time
-------------------------------------------------------------
            19.9758   data required time
            -0.0000   data arrival time
-------------------------------------------------------------
            19.9758   slack (MET)


Startpoint: io_share_exp_A_i[4] (input port clocked by CORE_CLK)
Endpoint: _070_ (rising edge-triggered flip-flop clocked by CORE_CLK)
Path Group: CORE_CLK
Path Type: max

    Delay      Time   Description
-------------------------------------------------------------
   0.0000    0.0000   clock CORE_CLK (rise edge)
   0.0000    0.0000   clock network delay (ideal)
   0.0000    0.0000 v input external delay
   0.0000    0.0000 v io_share_exp_A_i[4] (in)
   0.0356    0.0356 v reducedSum_sa_1/_238_/Z (OR4D0BWP30P140)
   0.0260    0.0616 ^ reducedSum_sa_1/_278_/ZN (OAI21D0BWP30P140)
   0.0458    0.1075 ^ reducedSum_sa_1/_281_/ZN (XNR3UD0BWP30P140)
   0.0471    0.1545 ^ reducedSum_sa_1/_282_/Z (AN4D0BWP30P140)
   0.0286    0.1831 v reducedSum_sa_1/_294_/ZN (MAOI222D0BWP30P140)
   0.0511    0.2342 ^ reducedSum_sa_1/_300_/ZN (AOI211D0BWP30P140)
   0.0212    0.2555 v reducedSum_sa_1/_344_/ZN (CKND2D0BWP30P140)
   0.0571    0.3125 v reducedSum_sa_1/_346_/ZN (XNR3UD0BWP30P140)
   0.0616    0.3742 v reducedSum_sa_1/_379_/ZN (XNR3UD0BWP30P140)
   0.0310    0.4052 v reducedSum_sa_1/_381_/ZN (XNR2UD0BWP30P140)
   0.0341    0.4394 v reducedSum_sa_1/_394_/Z (AO21D0BWP30P140)
   0.0159    0.4553 ^ reducedSum_sa_1/_395_/ZN (OAI221D0BWP30P140)
   0.0272    0.4824 v reducedSum_sa_1/_398_/ZN (AOI31D0BWP30P140)
   0.0288    0.5112 ^ reducedSum_sa_1/_400_/ZN (OAI21D0BWP30P140)
   0.0177    0.5289 v reducedSum_sa_1/_403_/ZN (MAOI22D0BWP30P140)
   0.0340    0.5629 v reducedSum_sa_1/_425_/Z (XOR2UD0BWP30P140)
   0.0269    0.5898 ^ reducedSum_reduced_nextLevel_adder/_489_/Z (XOR2UD0BWP30P140)
   0.0144    0.6042 v reducedSum_reduced_nextLevel_adder/_490_/ZN (AOI211D0BWP30P140)
   0.2800    0.8842 ^ reducedSum_reduced_nextLevel_adder/_493_/ZN (OAI31D0BWP30P140)
   0.0366    0.9208 v reducedSum_reduced_nextLevel_adder/_494_/ZN (MUX2ND0BWP30P140)
   0.0462    0.9670 v reducedSum_reduced_nextLevel_adder/_496_/Z (CKMUX2D0BWP30P140)
   0.0231    0.9902 ^ reducedSum_reduced_nextLevel_adder/_502_/ZN (MUX2ND0BWP30P140)
   0.0346    1.0247 ^ reducedSum_reduced_nextLevel_adder/_512_/Z (AN3D0BWP30P140)
   0.0105    1.0352 v reducedSum_reduced_nextLevel_adder/_542_/ZN (NR4D0BWP30P140)
   0.0298    1.0650 ^ reducedSum_reduced_nextLevel_adder/_621_/ZN (AOI31D0BWP30P140)
   0.0251    1.0901 v reducedSum_reduced_nextLevel_adder/_622_/ZN (MAOI222D0BWP30P140)
   0.0290    1.1191 v reducedSum_reduced_nextLevel_adder/_626_/Z (AO21D0BWP30P140)
   0.0204    1.1395 v reducedSum_reduced_nextLevel_adder/_631_/Z (AO21D0BWP30P140)
   0.0207    1.1602 v reducedSum_reduced_nextLevel_adder/_636_/Z (AO21D0BWP30P140)
   0.0256    1.1857 ^ reducedSum_reduced_nextLevel_adder/_640_/ZN (MAOI222D0BWP30P140)
   0.0252    1.2110 v reducedSum_reduced_nextLevel_adder/_642_/ZN (MAOI222D0BWP30P140)
   0.0289    1.2399 v reducedSum_reduced_nextLevel_adder/_647_/Z (AO21D0BWP30P140)
   0.0201    1.2600 v reducedSum_reduced_nextLevel_adder/_649_/Z (AO21D0BWP30P140)
   0.0231    1.2831 ^ reducedSum_reduced_nextLevel_adder/_653_/ZN (AOI21D0BWP30P140)
   0.0333    1.3165 v reducedSum_reduced_nextLevel_adder/_662_/ZN (OAI211D0BWP30P140)
   0.0295    1.3459 ^ reducedSum_reduced_nextLevel_adder/_684_/ZN (AOI21D0BWP30P140)
   0.0250    1.3710 v reducedSum_reduced_nextLevel_adder/_695_/ZN (OAI22D0BWP30P140)
   0.0309    1.4019 ^ reducedSum_reduced_nextLevel_adder/_706_/ZN (NR4D0BWP30P140)
   0.0460    1.4479 v reducedSum_reduced_nextLevel_adder/_717_/ZN (ND4D0BWP30P140)
   0.0479    1.4958 v reducedSum_reduced_nextLevel_adder/_726_/ZN (IND3D0BWP30P140)
   0.0274    1.5232 ^ reducedSum_reduced_nextLevel_adder/_737_/ZN (NR3D0BWP30P140)
   0.0426    1.5658 v reducedSum_reduced_nextLevel_adder/_748_/ZN (IND4D0BWP30P140)
   0.0427    1.6085 v reducedSum_reduced_nextLevel_adder/_804_/Z (OR3D0BWP30P140)
   0.0177    1.6262 v reducedSum_reduced_nextLevel_adder/_823_/Z (AN3D0BWP30P140)
   0.0193    1.6456 ^ reducedSum_reduced_nextLevel_adder/_824_/ZN (NR3D0BWP30P140)
   0.0323    1.6778 ^ reducedSum_reduced_nextLevel_adder_16/_423_/Z (XOR2UD0BWP30P140)
   0.0271    1.7049 v reducedSum_reduced_nextLevel_adder_16/_425_/ZN (OAI21D0BWP30P140)
   0.0288    1.7337 ^ reducedSum_reduced_nextLevel_adder_16/_428_/ZN (AOI211D0BWP30P140)
   0.0254    1.7591 v reducedSum_reduced_nextLevel_adder_16/_431_/ZN (OAI31D0BWP30P140)
   0.0283    1.7874 ^ reducedSum_reduced_nextLevel_adder_16/_441_/ZN (OAI211D0BWP30P140)
   0.0261    1.8135 ^ reducedSum_reduced_nextLevel_adder_16/_459_/Z (AO21D0BWP30P140)
   0.0356    1.8491 v reducedSum_reduced_nextLevel_adder_16/_467_/ZN (ND4D0BWP30P140)
   0.2923    2.1415 ^ reducedSum_reduced_nextLevel_adder_16/_493_/ZN (OAI31D0BWP30P140)
   0.0366    2.1780 v reducedSum_reduced_nextLevel_adder_16/_494_/ZN (MUX2ND0BWP30P140)
   0.0462    2.2242 v reducedSum_reduced_nextLevel_adder_16/_496_/Z (CKMUX2D0BWP30P140)
   0.0231    2.2474 ^ reducedSum_reduced_nextLevel_adder_16/_502_/ZN (MUX2ND0BWP30P140)
   0.0346    2.2819 ^ reducedSum_reduced_nextLevel_adder_16/_512_/Z (AN3D0BWP30P140)
   0.0105    2.2924 v reducedSum_reduced_nextLevel_adder_16/_542_/ZN (NR4D0BWP30P140)
   0.0298    2.3222 ^ reducedSum_reduced_nextLevel_adder_16/_621_/ZN (AOI31D0BWP30P140)
   0.0251    2.3473 v reducedSum_reduced_nextLevel_adder_16/_622_/ZN (MAOI222D0BWP30P140)
   0.0290    2.3763 v reducedSum_reduced_nextLevel_adder_16/_626_/Z (AO21D0BWP30P140)
   0.0204    2.3967 v reducedSum_reduced_nextLevel_adder_16/_631_/Z (AO21D0BWP30P140)
   0.0207    2.4174 v reducedSum_reduced_nextLevel_adder_16/_636_/Z (AO21D0BWP30P140)
   0.0256    2.4430 ^ reducedSum_reduced_nextLevel_adder_16/_640_/ZN (MAOI222D0BWP30P140)
   0.0252    2.4682 v reducedSum_reduced_nextLevel_adder_16/_642_/ZN (MAOI222D0BWP30P140)
   0.0289    2.4972 v reducedSum_reduced_nextLevel_adder_16/_647_/Z (AO21D0BWP30P140)
   0.0201    2.5173 v reducedSum_reduced_nextLevel_adder_16/_649_/Z (AO21D0BWP30P140)
   0.0231    2.5404 ^ reducedSum_reduced_nextLevel_adder_16/_653_/ZN (AOI21D0BWP30P140)
   0.0333    2.5737 v reducedSum_reduced_nextLevel_adder_16/_662_/ZN (OAI211D0BWP30P140)
   0.0295    2.6032 ^ reducedSum_reduced_nextLevel_adder_16/_684_/ZN (AOI21D0BWP30P140)
   0.0250    2.6282 v reducedSum_reduced_nextLevel_adder_16/_695_/ZN (OAI22D0BWP30P140)
   0.0309    2.6591 ^ reducedSum_reduced_nextLevel_adder_16/_706_/ZN (NR4D0BWP30P140)
   0.0460    2.7052 v reducedSum_reduced_nextLevel_adder_16/_717_/ZN (ND4D0BWP30P140)
   0.0479    2.7530 v reducedSum_reduced_nextLevel_adder_16/_726_/ZN (IND3D0BWP30P140)
   0.0274    2.7805 ^ reducedSum_reduced_nextLevel_adder_16/_737_/ZN (NR3D0BWP30P140)
   0.0426    2.8231 v reducedSum_reduced_nextLevel_adder_16/_748_/ZN (IND4D0BWP30P140)
   0.0427    2.8658 v reducedSum_reduced_nextLevel_adder_16/_804_/Z (OR3D0BWP30P140)
   0.0177    2.8835 v reducedSum_reduced_nextLevel_adder_16/_823_/Z (AN3D0BWP30P140)
   0.0193    2.9028 ^ reducedSum_reduced_nextLevel_adder_16/_824_/ZN (NR3D0BWP30P140)
   0.0323    2.9351 ^ reducedSum_reduced_nextLevel_adder_24/_423_/Z (XOR2UD0BWP30P140)
   0.0271    2.9621 v reducedSum_reduced_nextLevel_adder_24/_425_/ZN (OAI21D0BWP30P140)
   0.0288    2.9910 ^ reducedSum_reduced_nextLevel_adder_24/_428_/ZN (AOI211D0BWP30P140)
   0.0254    3.0163 v reducedSum_reduced_nextLevel_adder_24/_431_/ZN (OAI31D0BWP30P140)
   0.0283    3.0446 ^ reducedSum_reduced_nextLevel_adder_24/_441_/ZN (OAI211D0BWP30P140)
   0.0261    3.0708 ^ reducedSum_reduced_nextLevel_adder_24/_459_/Z (AO21D0BWP30P140)
   0.0356    3.1064 v reducedSum_reduced_nextLevel_adder_24/_467_/ZN (ND4D0BWP30P140)
   0.2923    3.3987 ^ reducedSum_reduced_nextLevel_adder_24/_493_/ZN (OAI31D0BWP30P140)
   0.0366    3.4353 v reducedSum_reduced_nextLevel_adder_24/_494_/ZN (MUX2ND0BWP30P140)
   0.0462    3.4815 v reducedSum_reduced_nextLevel_adder_24/_496_/Z (CKMUX2D0BWP30P140)
   0.0231    3.5046 ^ reducedSum_reduced_nextLevel_adder_24/_502_/ZN (MUX2ND0BWP30P140)
   0.0346    3.5392 ^ reducedSum_reduced_nextLevel_adder_24/_512_/Z (AN3D0BWP30P140)
   0.0105    3.5497 v reducedSum_reduced_nextLevel_adder_24/_542_/ZN (NR4D0BWP30P140)
   0.0298    3.5794 ^ reducedSum_reduced_nextLevel_adder_24/_621_/ZN (AOI31D0BWP30P140)
   0.0251    3.6046 v reducedSum_reduced_nextLevel_adder_24/_622_/ZN (MAOI222D0BWP30P140)
   0.0290    3.6335 v reducedSum_reduced_nextLevel_adder_24/_626_/Z (AO21D0BWP30P140)
   0.0204    3.6539 v reducedSum_reduced_nextLevel_adder_24/_631_/Z (AO21D0BWP30P140)
   0.0207    3.6746 v reducedSum_reduced_nextLevel_adder_24/_636_/Z (AO21D0BWP30P140)
   0.0256    3.7002 ^ reducedSum_reduced_nextLevel_adder_24/_640_/ZN (MAOI222D0BWP30P140)
   0.0252    3.7254 v reducedSum_reduced_nextLevel_adder_24/_642_/ZN (MAOI222D0BWP30P140)
   0.0289    3.7544 v reducedSum_reduced_nextLevel_adder_24/_647_/Z (AO21D0BWP30P140)
   0.0201    3.7745 v reducedSum_reduced_nextLevel_adder_24/_649_/Z (AO21D0BWP30P140)
   0.0231    3.7976 ^ reducedSum_reduced_nextLevel_adder_24/_653_/ZN (AOI21D0BWP30P140)
   0.0333    3.8309 v reducedSum_reduced_nextLevel_adder_24/_662_/ZN (OAI211D0BWP30P140)
   0.0295    3.8604 ^ reducedSum_reduced_nextLevel_adder_24/_684_/ZN (AOI21D0BWP30P140)
   0.0250    3.8854 v reducedSum_reduced_nextLevel_adder_24/_695_/ZN (OAI22D0BWP30P140)
   0.0309    3.9164 ^ reducedSum_reduced_nextLevel_adder_24/_706_/ZN (NR4D0BWP30P140)
   0.0460    3.9624 v reducedSum_reduced_nextLevel_adder_24/_717_/ZN (ND4D0BWP30P140)
   0.0479    4.0103 v reducedSum_reduced_nextLevel_adder_24/_726_/ZN (IND3D0BWP30P140)
   0.0274    4.0377 ^ reducedSum_reduced_nextLevel_adder_24/_737_/ZN (NR3D0BWP30P140)
   0.0426    4.0803 v reducedSum_reduced_nextLevel_adder_24/_748_/ZN (IND4D0BWP30P140)
   0.0427    4.1230 v reducedSum_reduced_nextLevel_adder_24/_804_/Z (OR3D0BWP30P140)
   0.0177    4.1407 v reducedSum_reduced_nextLevel_adder_24/_823_/Z (AN3D0BWP30P140)
   0.0193    4.1600 ^ reducedSum_reduced_nextLevel_adder_24/_824_/ZN (NR3D0BWP30P140)
   0.0323    4.1923 ^ reducedSum_reduced_nextLevel_adder_28/_423_/Z (XOR2UD0BWP30P140)
   0.0271    4.2194 v reducedSum_reduced_nextLevel_adder_28/_425_/ZN (OAI21D0BWP30P140)
   0.0288    4.2482 ^ reducedSum_reduced_nextLevel_adder_28/_428_/ZN (AOI211D0BWP30P140)
   0.0254    4.2736 v reducedSum_reduced_nextLevel_adder_28/_431_/ZN (OAI31D0BWP30P140)
   0.0283    4.3019 ^ reducedSum_reduced_nextLevel_adder_28/_441_/ZN (OAI211D0BWP30P140)
   0.0261    4.3280 ^ reducedSum_reduced_nextLevel_adder_28/_459_/Z (AO21D0BWP30P140)
   0.0356    4.3636 v reducedSum_reduced_nextLevel_adder_28/_467_/ZN (ND4D0BWP30P140)
   0.2923    4.6559 ^ reducedSum_reduced_nextLevel_adder_28/_493_/ZN (OAI31D0BWP30P140)
   0.0366    4.6925 v reducedSum_reduced_nextLevel_adder_28/_494_/ZN (MUX2ND0BWP30P140)
   0.0462    4.7387 v reducedSum_reduced_nextLevel_adder_28/_496_/Z (CKMUX2D0BWP30P140)
   0.0231    4.7618 ^ reducedSum_reduced_nextLevel_adder_28/_502_/ZN (MUX2ND0BWP30P140)
   0.0346    4.7964 ^ reducedSum_reduced_nextLevel_adder_28/_512_/Z (AN3D0BWP30P140)
   0.0105    4.8069 v reducedSum_reduced_nextLevel_adder_28/_542_/ZN (NR4D0BWP30P140)
   0.0298    4.8367 ^ reducedSum_reduced_nextLevel_adder_28/_621_/ZN (AOI31D0BWP30P140)
   0.0251    4.8618 v reducedSum_reduced_nextLevel_adder_28/_622_/ZN (MAOI222D0BWP30P140)
   0.0290    4.8907 v reducedSum_reduced_nextLevel_adder_28/_626_/Z (AO21D0BWP30P140)
   0.0204    4.9112 v reducedSum_reduced_nextLevel_adder_28/_631_/Z (AO21D0BWP30P140)
   0.0207    4.9319 v reducedSum_reduced_nextLevel_adder_28/_636_/Z (AO21D0BWP30P140)
   0.0256    4.9574 ^ reducedSum_reduced_nextLevel_adder_28/_640_/ZN (MAOI222D0BWP30P140)
   0.0252    4.9827 v reducedSum_reduced_nextLevel_adder_28/_642_/ZN (MAOI222D0BWP30P140)
   0.0289    5.0116 v reducedSum_reduced_nextLevel_adder_28/_647_/Z (AO21D0BWP30P140)
   0.0201    5.0317 v reducedSum_reduced_nextLevel_adder_28/_649_/Z (AO21D0BWP30P140)
   0.0231    5.0548 ^ reducedSum_reduced_nextLevel_adder_28/_653_/ZN (AOI21D0BWP30P140)
   0.0333    5.0882 v reducedSum_reduced_nextLevel_adder_28/_662_/ZN (OAI211D0BWP30P140)
   0.0295    5.1176 ^ reducedSum_reduced_nextLevel_adder_28/_684_/ZN (AOI21D0BWP30P140)
   0.0250    5.1426 v reducedSum_reduced_nextLevel_adder_28/_695_/ZN (OAI22D0BWP30P140)
   0.0309    5.1736 ^ reducedSum_reduced_nextLevel_adder_28/_706_/ZN (NR4D0BWP30P140)
   0.0460    5.2196 v reducedSum_reduced_nextLevel_adder_28/_717_/ZN (ND4D0BWP30P140)
   0.0479    5.2675 v reducedSum_reduced_nextLevel_adder_28/_726_/ZN (IND3D0BWP30P140)
   0.0274    5.2949 ^ reducedSum_reduced_nextLevel_adder_28/_737_/ZN (NR3D0BWP30P140)
   0.0426    5.3375 v reducedSum_reduced_nextLevel_adder_28/_748_/ZN (IND4D0BWP30P140)
   0.0427    5.3802 v reducedSum_reduced_nextLevel_adder_28/_804_/Z (OR3D0BWP30P140)
   0.0177    5.3979 v reducedSum_reduced_nextLevel_adder_28/_823_/Z (AN3D0BWP30P140)
   0.0193    5.4172 ^ reducedSum_reduced_nextLevel_adder_28/_824_/ZN (NR3D0BWP30P140)
   0.0323    5.4495 ^ reducedSum_reduced_nextLevel_adder_30/_423_/Z (XOR2UD0BWP30P140)
   0.0271    5.4766 v reducedSum_reduced_nextLevel_adder_30/_425_/ZN (OAI21D0BWP30P140)
   0.0288    5.5054 ^ reducedSum_reduced_nextLevel_adder_30/_428_/ZN (AOI211D0BWP30P140)
   0.0254    5.5308 v reducedSum_reduced_nextLevel_adder_30/_431_/ZN (OAI31D0BWP30P140)
   0.0283    5.5591 ^ reducedSum_reduced_nextLevel_adder_30/_441_/ZN (OAI211D0BWP30P140)
   0.0261    5.5852 ^ reducedSum_reduced_nextLevel_adder_30/_459_/Z (AO21D0BWP30P140)
   0.0356    5.6208 v reducedSum_reduced_nextLevel_adder_30/_467_/ZN (ND4D0BWP30P140)
   0.2923    5.9132 ^ reducedSum_reduced_nextLevel_adder_30/_493_/ZN (OAI31D0BWP30P140)
   0.0366    5.9497 v reducedSum_reduced_nextLevel_adder_30/_494_/ZN (MUX2ND0BWP30P140)
   0.0462    5.9959 v reducedSum_reduced_nextLevel_adder_30/_496_/Z (CKMUX2D0BWP30P140)
   0.0231    6.0191 ^ reducedSum_reduced_nextLevel_adder_30/_502_/ZN (MUX2ND0BWP30P140)
   0.0346    6.0536 ^ reducedSum_reduced_nextLevel_adder_30/_512_/Z (AN3D0BWP30P140)
   0.0105    6.0641 v reducedSum_reduced_nextLevel_adder_30/_542_/ZN (NR4D0BWP30P140)
   0.0298    6.0939 ^ reducedSum_reduced_nextLevel_adder_30/_621_/ZN (AOI31D0BWP30P140)
   0.0251    6.1190 v reducedSum_reduced_nextLevel_adder_30/_622_/ZN (MAOI222D0BWP30P140)
   0.0290    6.1480 v reducedSum_reduced_nextLevel_adder_30/_626_/Z (AO21D0BWP30P140)
   0.0204    6.1684 v reducedSum_reduced_nextLevel_adder_30/_631_/Z (AO21D0BWP30P140)
   0.0207    6.1891 v reducedSum_reduced_nextLevel_adder_30/_636_/Z (AO21D0BWP30P140)
   0.0256    6.2147 ^ reducedSum_reduced_nextLevel_adder_30/_640_/ZN (MAOI222D0BWP30P140)
   0.0252    6.2399 v reducedSum_reduced_nextLevel_adder_30/_642_/ZN (MAOI222D0BWP30P140)
   0.0289    6.2688 v reducedSum_reduced_nextLevel_adder_30/_647_/Z (AO21D0BWP30P140)
   0.0201    6.2890 v reducedSum_reduced_nextLevel_adder_30/_649_/Z (AO21D0BWP30P140)
   0.0231    6.3121 ^ reducedSum_reduced_nextLevel_adder_30/_653_/ZN (AOI21D0BWP30P140)
   0.0333    6.3454 v reducedSum_reduced_nextLevel_adder_30/_662_/ZN (OAI211D0BWP30P140)
   0.0295    6.3749 ^ reducedSum_reduced_nextLevel_adder_30/_684_/ZN (AOI21D0BWP30P140)
   0.0250    6.3999 v reducedSum_reduced_nextLevel_adder_30/_695_/ZN (OAI22D0BWP30P140)
   0.0309    6.4308 ^ reducedSum_reduced_nextLevel_adder_30/_706_/ZN (NR4D0BWP30P140)
   0.0460    6.4769 v reducedSum_reduced_nextLevel_adder_30/_717_/ZN (ND4D0BWP30P140)
   0.0479    6.5247 v reducedSum_reduced_nextLevel_adder_30/_726_/ZN (IND3D0BWP30P140)
   0.0274    6.5522 ^ reducedSum_reduced_nextLevel_adder_30/_737_/ZN (NR3D0BWP30P140)
   0.0426    6.5948 v reducedSum_reduced_nextLevel_adder_30/_748_/ZN (IND4D0BWP30P140)
   0.0313    6.6261 v reducedSum_reduced_nextLevel_adder_30/_750_/ZN (INR2D0BWP30P140)
   0.1079    6.7340 ^ reducedSum_conv/_116_/ZN (AOI211D0BWP30P140)
   0.0330    6.7670 v reducedSum_conv/_127_/ZN (XNR2UD0BWP30P140)
   0.0222    6.7892 ^ reducedSum_conv/_128_/ZN (CKND0BWP30P140)
   0.0317    6.8209 v reducedSum_conv/_131_/ZN (OAI211D0BWP30P140)
   0.0336    6.8545 ^ reducedSum_conv/_133_/ZN (AOI21D0BWP30P140)
   0.0275    6.8820 v reducedSum_conv/_139_/ZN (OAI211D0BWP30P140)
   0.0327    6.9147 ^ reducedSum_conv/_149_/ZN (AOI21D0BWP30P140)
   0.0253    6.9400 v reducedSum_conv/_160_/ZN (OAI221D0BWP30P140)
   0.0635    7.0035 ^ reducedSum_conv/_161_/ZN (NR3D0BWP30P140)
   0.0318    7.0353 v reducedSum_conv/_170_/ZN (NR4D0BWP30P140)
   0.0307    7.0661 v accAdder/_0897_/ZN (XNR2UD0BWP30P140)
   0.0314    7.0974 ^ accAdder/_0899_/ZN (AOI21D0BWP30P140)
   0.0301    7.1275 v accAdder/_0901_/ZN (MAOI222D0BWP30P140)
   0.0359    7.1634 ^ accAdder/_0902_/ZN (MAOI222D0BWP30P140)
   0.0302    7.1937 v accAdder/_0903_/ZN (MAOI222D0BWP30P140)
   0.0359    7.2296 ^ accAdder/_0966_/ZN (MAOI222D0BWP30P140)
   0.0302    7.2598 v accAdder/_0968_/ZN (MAOI222D0BWP30P140)
   0.0264    7.2863 v accAdder/_0970_/ZN (XNR2UD0BWP30P140)
   0.0212    7.3075 ^ accAdder/_0971_/ZN (NR2D0BWP30P140)
   0.0257    7.3332 ^ accAdder/_0972_/Z (AN2D0BWP30P140)
   0.4170    7.7502 v accAdder/_0975_/ZN (AOI31D0BWP30P140)
   0.4192    8.1694 ^ accAdder/_0991_/ZN (AOI22D0BWP30P140)
   0.0318    8.2013 v accAdder/_1063_/ZN (CKND2D0BWP30P140)
   0.0370    8.2382 ^ accAdder/_1188_/ZN (OAI32D0BWP30P140)
   0.0151    8.2533 v accAdder/_1189_/ZN (AOI21D0BWP30P140)
   0.0396    8.2929 ^ accAdder/_1191_/ZN (OAI221D0BWP30P140)
   0.0211    8.3140 v accAdder/_1196_/ZN (OAI31D0BWP30P140)
   0.0222    8.3363 ^ accAdder/_1198_/ZN (AOI21D0BWP30P140)
   0.0256    8.3618 v accAdder/_1200_/ZN (MAOI222D0BWP30P140)
   0.0396    8.4015 ^ accAdder/_1202_/ZN (MAOI222D0BWP30P140)
   0.0257    8.4272 v accAdder/_1204_/ZN (MAOI222D0BWP30P140)
   0.0277    8.4549 ^ accAdder/_1206_/ZN (AOI21D0BWP30P140)
   0.0253    8.4802 ^ accAdder/_1209_/ZN (IAO21D0BWP30P140)
   0.0247    8.5048 v accAdder/_1211_/ZN (MAOI222D0BWP30P140)
   0.0395    8.5443 ^ accAdder/_1213_/ZN (MAOI222D0BWP30P140)
   0.0265    8.5708 v accAdder/_1221_/ZN (MAOI222D0BWP30P140)
   0.0354    8.6062 v accAdder/_1232_/Z (AO21D0BWP30P140)
   0.0261    8.6323 ^ accAdder/_1242_/ZN (MAOI222D0BWP30P140)
   0.0265    8.6588 v accAdder/_1255_/ZN (MAOI222D0BWP30P140)
   0.0315    8.6903 v accAdder/_1259_/Z (AO21D0BWP30P140)
   0.0182    8.7085 ^ accAdder/_1276_/ZN (AOI21D0BWP30P140)
   0.0258    8.7343 v accAdder/_1280_/ZN (MAOI222D0BWP30P140)
   0.0391    8.7734 ^ accAdder/_1296_/ZN (MAOI222D0BWP30P140)
   0.0262    8.7996 v accAdder/_1300_/ZN (MAOI222D0BWP30P140)
   0.0304    8.8300 ^ accAdder/_1318_/ZN (AOI21D0BWP30P140)
   0.0249    8.8549 v accAdder/_1322_/ZN (MAOI222D0BWP30P140)
   0.0364    8.8914 v accAdder/_1345_/Z (AO21D0BWP30P140)
   0.0156    8.9070 ^ accAdder/_1353_/ZN (MUX2ND0BWP30P140)
   0.0348    8.9418 ^ accAdder/_1354_/ZN (XNR2UD0BWP30P140)
   0.0288    8.9705 ^ accAdder/_1453_/ZN (MAOI22D0BWP30P140)
   0.1281    9.0986 v accAdder/_1456_/ZN (OAI211D0BWP30P140)
   0.0886    9.1872 ^ accAdder/_1531_/Z (MUX4D0BWP30P140)
   0.0194    9.2067 v accAdder/_1534_/ZN (MUX3ND0BWP30P140)
   0.0405    9.2472 ^ accAdder/_1568_/ZN (NR2D0BWP30P140)
   0.0507    9.2978 ^ accAdder/_1577_/ZN (INR4D0BWP30P140)
   0.0510    9.3489 ^ accAdder/_1582_/Z (AN4D0BWP30P140)
   0.0395    9.3884 ^ accAdder/_1590_/Z (AN4D0BWP30P140)
   0.0406    9.4289 ^ accAdder/_1601_/Z (AN4D0BWP30P140)
   0.0349    9.4638 ^ accAdder/_1603_/Z (AN3D0BWP30P140)
   0.0271    9.4909 v accAdder/_1605_/ZN (IND3D0BWP30P140)
   0.0379    9.5289 v accAdder/_1606_/Z (OR3D0BWP30P140)
   0.0368    9.5657 ^ accAdder/_1608_/ZN (INR3D0BWP30P140)
   0.0364    9.6021 v accAdder/_1611_/ZN (MAOI222D0BWP30P140)
   0.0357    9.6378 ^ accAdder/_1616_/ZN (NR4D0BWP30P140)
   0.0219    9.6597 v accAdder/_1619_/ZN (OAI31D0BWP30P140)
   0.0327    9.6924 v accAdder/_1621_/Z (AO21D0BWP30P140)
   0.0312    9.7236 ^ accAdder/_1623_/ZN (AOI21D0BWP30P140)
   0.0237    9.7473 v accAdder/_1626_/ZN (OAI21D0BWP30P140)
   0.0215    9.7687 v accAdder/_1658_/Z (AN3D0BWP30P140)
   0.0613    9.8300 v accAdder/_1659_/Z (OR3D0BWP30P140)
   0.0420    9.8720 ^ accAdder/_1703_/ZN (AOI211D0BWP30P140)
   0.0261    9.8981 ^ _060_/Z (AO22D0BWP30P140)
   0.0000    9.8981 ^ _070_/D (DFCNQD1BWP30P140)
             9.8981   data arrival time

  20.0000   20.0000   clock CORE_CLK (rise edge)
   0.0000   20.0000   clock network delay (ideal)
  -0.0500   19.9500   clock uncertainty
   0.0000   19.9500   clock reconvergence pessimism
            19.9500 ^ _070_/CP (DFCNQD1BWP30P140)
  -0.0174   19.9326   library setup time
            19.9326   data required time
-------------------------------------------------------------
            19.9326   data required time
            -9.8981   data arrival time
-------------------------------------------------------------
            10.0346   slack (MET)


