
6. Printing statistics.

=== BFP_PE ===

        +----------Local Count, excluding submodules.
        |        +-Local Area, excluding submodules.
        |        | 
       53        - wires
      294        - wire bits
       32        - public wires
      273        - public wire bits
       10        - ports
      117        - port bits
       41   60.606 cells
       19   14.364   AO22D0BWP30P140
       20    45.36   DFCNQD1BWP30P140
        1    0.504   INR2D0BWP30P140
        1    0.378   NR2D0BWP30P140
        8        - submodules
        4        -   CustomOperator_E5M2_to_E4M3
        1        -   FPNAdder
        1        -   FixedFPTree_exp7_mant7_out7_vec4_range42
        1        -   ScaleAddition_E5M2_to_E4M3_scale_UE6M2
        1        -   ScaleToFP10b_E5M2_x_E4M3_UE6M2

   Chip area for module '\BFP_PE': 60.606000
     of which used for sequential elements: 45.360000 (74.84%)

=== FPNAdder ===

        +----------Local Count, excluding submodules.
        |        +-Local Area, excluding submodules.
        |        | 
      508        - wires
      595        - wire bits
        6        - public wires
       93        - public wire bits
        3        - ports
       57        - port bits
      521  319.662 cells
        6    3.024   AN2D0BWP30P140
        6     3.78   AN3D0BWP30P140
        1    0.756   AN4D0BWP30P140
        1    0.756   AO211D0BWP30P140
        9     5.67   AO21D0BWP30P140
       16    10.08   AOI211D0BWP30P140
       25     12.6   AOI21D0BWP30P140
        5     3.78   AOI221D0BWP30P140
        2    2.016   AOI222D0BWP30P140
        5     3.15   AOI22D0BWP30P140
        4     2.52   AOI31D0BWP30P140
        5     3.78   AOI32D0BWP30P140
       12   10.584   CKMUX2D0BWP30P140
       24    6.048   CKND0BWP30P140
       27   10.206   CKND2D0BWP30P140
        7     4.41   IAO21D0BWP30P140
       29   14.616   IND2D0BWP30P140
        2     1.26   IND3D0BWP30P140
        1    0.756   IND4D0BWP30P140
       15     7.56   INR2D0BWP30P140
        4     2.52   INR3D0BWP30P140
        2    1.512   INR4D0BWP30P140
        2     1.26   IOA21D0BWP30P140
        7    5.292   MAOI222D0BWP30P140
        1    0.756   MAOI22D0BWP30P140
        3    2.268   MOAI22D0BWP30P140
       47   35.532   MUX2ND0BWP30P140
        3    4.914   MUX3ND0BWP30P140
        1    2.394   MUX4D0BWP30P140
        3    6.804   MUX4ND0BWP30P140
       14    7.056   ND3D0BWP30P140
        4     2.52   ND4D0BWP30P140
       48   18.144   NR2D0BWP30P140
       26   13.104   NR3D0BWP30P140
       29    18.27   NR4D0BWP30P140
        3    2.268   OA211D0BWP30P140
        3     1.89   OA21D0BWP30P140
        1    0.882   OA22D0BWP30P140
        6     3.78   OAI211D0BWP30P140
       22   11.088   OAI21D0BWP30P140
        2    1.764   OAI221D0BWP30P140
        1    1.008   OAI222D0BWP30P140
        7     4.41   OAI22D0BWP30P140
        9     5.67   OAI31D0BWP30P140
        3    2.268   OAI32D0BWP30P140
       14    7.056   OR2D0BWP30P140
        1     0.63   OR3D0BWP30P140
        3    2.268   OR4D0BWP30P140
       32   28.224   XNR2UD0BWP30P140
        1    1.764   XNR3UD0BWP30P140
       17   14.994   XOR2UD0BWP30P140

   Chip area for module '\FPNAdder': 319.662000
     of which used for sequential elements: 0.000000 (0.00%)

=== ScaleToFP10b_E5M2_x_E4M3_UE6M2 ===

        +----------Local Count, excluding submodules.
        |        +-Local Area, excluding submodules.
        |        | 
      139        - wires
      177        - wire bits
        4        - public wires
       42        - public wire bits
        4        - ports
       42        - port bits
      154    98.28 cells
        2    1.008   AN2D0BWP30P140
        1     0.63   AN3D0BWP30P140
        2    1.512   AN4D0BWP30P140
        1    0.756   AO211D0BWP30P140
        3     1.89   AO21D0BWP30P140
        5     3.15   AOI211D0BWP30P140
        8    4.032   AOI21D0BWP30P140
        1     0.63   AOI31D0BWP30P140
        1    0.756   AOI32D0BWP30P140
        3    2.646   CKMUX2D0BWP30P140
        8    2.016   CKND0BWP30P140
        6    2.268   CKND2D0BWP30P140
        2     1.26   IAO21D0BWP30P140
        2    1.008   IND2D0BWP30P140
        3     1.89   IND3D0BWP30P140
       10     5.04   INR2D0BWP30P140
        2     1.26   INR3D0BWP30P140
        1     0.63   IOA21D0BWP30P140
        1    0.756   MAOI22D0BWP30P140
        7    5.292   MUX2ND0BWP30P140
        1    1.638   MUX3ND0BWP30P140
        4    9.072   MUX4ND0BWP30P140
        4    2.016   ND3D0BWP30P140
        2     1.26   ND4D0BWP30P140
       22    8.316   NR2D0BWP30P140
        6    3.024   NR3D0BWP30P140
        5     3.15   NR4D0BWP30P140
        2     1.26   OA21D0BWP30P140
        1     0.63   OAI211D0BWP30P140
        5     2.52   OAI21D0BWP30P140
        1    0.882   OAI221D0BWP30P140
        2     1.26   OAI31D0BWP30P140
        4    3.024   OAI32D0BWP30P140
        1    0.504   OR2D0BWP30P140
        2     1.26   OR3D0BWP30P140
        2    1.512   OR4D0BWP30P140
       12   10.584   XNR2UD0BWP30P140
        9    7.938   XOR2UD0BWP30P140

   Chip area for module '\ScaleToFP10b_E5M2_x_E4M3_UE6M2': 98.280000
     of which used for sequential elements: 0.000000 (0.00%)

=== ScaleAddition_E5M2_to_E4M3_scale_UE6M2 ===

        +----------Local Count, excluding submodules.
        |        +-Local Area, excluding submodules.
        |        | 
      240        - wires
      286        - wire bits
        8        - public wires
       54        - public wire bits
        8        - ports
       54        - port bits
      253  174.132 cells
        5     2.52   AN2D0BWP30P140
        6     3.78   AN3D0BWP30P140
        1    0.756   AO211D0BWP30P140
        3     1.89   AO21D0BWP30P140
       12    6.048   AOI21D0BWP30P140
        1    0.756   AOI221D0BWP30P140
        3     1.89   AOI22D0BWP30P140
        8    2.016   CKND0BWP30P140
       50     18.9   CKND2D0BWP30P140
        1     0.63   IAO21D0BWP30P140
        7    3.528   IND2D0BWP30P140
        9    4.536   INR2D0BWP30P140
        1     0.63   INR3D0BWP30P140
        1     0.63   IOA21D0BWP30P140
       25     18.9   MAOI222D0BWP30P140
        8    4.032   ND3D0BWP30P140
       14    5.292   NR2D0BWP30P140
        2    1.008   NR3D0BWP30P140
        2     1.26   OAI211D0BWP30P140
        7    3.528   OAI21D0BWP30P140
        4     2.52   OAI22D0BWP30P140
        1    0.756   OAI32D0BWP30P140
        6    3.024   OR2D0BWP30P140
        2    1.512   OR4D0BWP30P140
       37   32.634   XNR2UD0BWP30P140
       15    26.46   XNR3UD0BWP30P140
        1    2.646   XNR4D0BWP30P140
       17   14.994   XOR2UD0BWP30P140
        4    7.056   XOR3UD0BWP30P140

   Chip area for module '\ScaleAddition_E5M2_to_E4M3_scale_UE6M2': 174.132000
     of which used for sequential elements: 0.000000 (0.00%)

=== FixedFPTree_exp7_mant7_out7_vec4_range42 ===

        +----------Local Count, excluding submodules.
        |        +-Local Area, excluding submodules.
        |        | 
     2295        - wires
     2651        - wire bits
       24        - public wires
      380        - public wire bits
       15        - ports
       75        - port bits
     2286   1581.3 cells
       52   26.208   AN2D0BWP30P140
        7     4.41   AN3D0BWP30P140
        2    1.512   AN4D0BWP30P140
        6    4.536   AO211D0BWP30P140
       17    10.71   AO21D0BWP30P140
        4    3.024   AO22D0BWP30P140
       23    14.49   AOI211D0BWP30P140
      108   54.432   AOI21D0BWP30P140
        6    4.536   AOI221D0BWP30P140
       10      6.3   AOI22D0BWP30P140
       13     8.19   AOI31D0BWP30P140
        4    3.024   AOI32D0BWP30P140
        2    1.764   AOI33D0BWP30P140
       30    26.46   CKMUX2D0BWP30P140
      156   39.312   CKND0BWP30P140
      210    79.38   CKND2D0BWP30P140
       34    21.42   IAO21D0BWP30P140
       55    27.72   IND2D0BWP30P140
       10      6.3   IND3D0BWP30P140
       10     7.56   IND4D0BWP30P140
       29   14.616   INR2D0BWP30P140
        5     3.15   INR3D0BWP30P140
        3    2.268   INR4D0BWP30P140
       32    20.16   IOA21D0BWP30P140
      113   85.428   MAOI222D0BWP30P140
        6    4.536   MAOI22D0BWP30P140
        3    2.268   MOAI22D0BWP30P140
      100     75.6   MUX2ND0BWP30P140
        3    5.292   MUX3D0BWP30P140
        3    4.914   MUX3ND0BWP30P140
       14   33.516   MUX4D0BWP30P140
       55   124.74   MUX4ND0BWP30P140
       36   18.144   ND3D0BWP30P140
       11     6.93   ND4D0BWP30P140
      260    98.28   NR2D0BWP30P140
       36   18.144   NR3D0BWP30P140
       31    19.53   NR4D0BWP30P140
        6    4.536   OA211D0BWP30P140
       12     7.56   OA21D0BWP30P140
        2    1.764   OA22D0BWP30P140
       22    13.86   OAI211D0BWP30P140
       85    42.84   OAI21D0BWP30P140
        2    2.016   OAI222D0BWP30P140
       25    15.75   OAI22D0BWP30P140
       33    20.79   OAI31D0BWP30P140
        3    2.268   OAI32D0BWP30P140
       50     25.2   OR2D0BWP30P140
       12     7.56   OR3D0BWP30P140
        9    6.804   OR4D0BWP30P140
      239  210.798   XNR2UD0BWP30P140
       59  104.076   XNR3UD0BWP30P140
      199  175.518   XOR2UD0BWP30P140
       29   51.156   XOR3UD0BWP30P140

   Chip area for module '\FixedFPTree_exp7_mant7_out7_vec4_range42': 1581.300000
     of which used for sequential elements: 0.000000 (0.00%)

=== CustomOperator_E5M2_to_E4M3 ===

        +----------Local Count, excluding submodules.
        |        +-Local Area, excluding submodules.
        |        | 
       61        - wires
       87        - wire bits
        5        - public wires
       31        - public wire bits
        5        - ports
       31        - port bits
       70   46.872 cells
        1    0.504   AN2D0BWP30P140
        2     1.26   AOI211D0BWP30P140
        2    1.008   AOI21D0BWP30P140
        1     0.63   AOI22D0BWP30P140
        1     0.63   AOI31D0BWP30P140
        1    0.756   AOI32D0BWP30P140
        3    0.756   CKND0BWP30P140
        8    3.024   CKND2D0BWP30P140
        7    3.528   IND2D0BWP30P140
        3    1.512   INR2D0BWP30P140
        1     0.63   IOA21D0BWP30P140
        5     3.78   MAOI222D0BWP30P140
        2    1.008   ND3D0BWP30P140
        2     1.26   ND4D0BWP30P140
        3    1.134   NR2D0BWP30P140
        1    0.504   NR3D0BWP30P140
        2     1.26   NR4D0BWP30P140
        1    0.882   OA22D0BWP30P140
        1    0.504   OAI21D0BWP30P140
        1    0.504   OR2D0BWP30P140
        1     0.63   OR3D0BWP30P140
       11    9.702   XNR2UD0BWP30P140
        3    5.292   XNR3UD0BWP30P140
        7    6.174   XOR2UD0BWP30P140

   Chip area for module '\CustomOperator_E5M2_to_E4M3': 46.872000
     of which used for sequential elements: 0.000000 (0.00%)

=== design hierarchy ===

        +----------Count including submodules.
        |        +-Area including submodules.
        |        | 
     3535 2.42E+03 BFP_PE
       70   46.872 CustomOperator_E5M2_to_E4M3
      521  319.662 FPNAdder
     2286   1581.3 FixedFPTree_exp7_mant7_out7_vec4_range42
      253  174.132 ScaleAddition_E5M2_to_E4M3_scale_UE6M2
      154    98.28 ScaleToFP10b_E5M2_x_E4M3_UE6M2

        +----------Count including submodules.
        |        +-Area including submodules.
        |        | 
     3479        - wires
     4351        - wire bits
       94        - public wires
      966        - public wire bits
       60        - ports
      469        - port bits
        -        - memories
        -        - memory bits
        -        - processes
     3535 2.42E+03 cells
       69   34.776   AN2D0BWP30P140
       20     12.6   AN3D0BWP30P140
        5     3.78   AN4D0BWP30P140
        9    6.804   AO211D0BWP30P140
       32    20.16   AO21D0BWP30P140
       23   17.388   AO22D0BWP30P140
       52    32.76   AOI211D0BWP30P140
      161   81.144   AOI21D0BWP30P140
       12    9.072   AOI221D0BWP30P140
        2    2.016   AOI222D0BWP30P140
       22    13.86   AOI22D0BWP30P140
       22    13.86   AOI31D0BWP30P140
       14   10.584   AOI32D0BWP30P140
        2    1.764   AOI33D0BWP30P140
       45    39.69   CKMUX2D0BWP30P140
      208   52.416   CKND0BWP30P140
      325   122.85   CKND2D0BWP30P140
       20    45.36   DFCNQD1BWP30P140
       44    27.72   IAO21D0BWP30P140
      121   60.984   IND2D0BWP30P140
       15     9.45   IND3D0BWP30P140
       11    8.316   IND4D0BWP30P140
       76   38.304   INR2D0BWP30P140
       12     7.56   INR3D0BWP30P140
        5     3.78   INR4D0BWP30P140
       40     25.2   IOA21D0BWP30P140
      165   124.74   MAOI222D0BWP30P140
        8    6.048   MAOI22D0BWP30P140
        6    4.536   MOAI22D0BWP30P140
      154  116.424   MUX2ND0BWP30P140
        3    5.292   MUX3D0BWP30P140
        7   11.466   MUX3ND0BWP30P140
       15    35.91   MUX4D0BWP30P140
       62  140.616   MUX4ND0BWP30P140
       70    35.28   ND3D0BWP30P140
       25    15.75   ND4D0BWP30P140
      357  134.946   NR2D0BWP30P140
       74   37.296   NR3D0BWP30P140
       73    45.99   NR4D0BWP30P140
        9    6.804   OA211D0BWP30P140
       17    10.71   OA21D0BWP30P140
        7    6.174   OA22D0BWP30P140
       31    19.53   OAI211D0BWP30P140
      123   61.992   OAI21D0BWP30P140
        3    2.646   OAI221D0BWP30P140
        3    3.024   OAI222D0BWP30P140
       36    22.68   OAI22D0BWP30P140
       44    27.72   OAI31D0BWP30P140
       11    8.316   OAI32D0BWP30P140
       75     37.8   OR2D0BWP30P140
       19    11.97   OR3D0BWP30P140
       16   12.096   OR4D0BWP30P140
      364  321.048   XNR2UD0BWP30P140
       87  153.468   XNR3UD0BWP30P140
        1    2.646   XNR4D0BWP30P140
      270   238.14   XOR2UD0BWP30P140
       33   58.212   XOR3UD0BWP30P140
        8 2.36E+03 submodules
        4  187.488   CustomOperator_E5M2_to_E4M3
        1  319.662   FPNAdder
        1   1581.3   FixedFPTree_exp7_mant7_out7_vec4_range42
        1  174.132   ScaleAddition_E5M2_to_E4M3_scale_UE6M2
        1    98.28   ScaleToFP10b_E5M2_x_E4M3_UE6M2

   Chip area for top module '\BFP_PE': 2421.468000
     of which used for sequential elements: 45.360000 (1.87%)

