Startpoint: reset (input port clocked by CORE_CLK)
Endpoint: _068_ (recovery check against rising-edge clock CORE_CLK)
Path Group: asynchronous
Path Type: max

    Delay      Time   Description
-------------------------------------------------------------
   0.0000    0.0000   clock CORE_CLK (rise edge)
   0.0000    0.0000   clock network delay (ideal)
   0.0000    0.0000 ^ input external delay
   0.0000    0.0000 ^ reset (in)
   0.0000    0.0000 ^ _068_/CDN (DFCNQD1BWP30P140)
             0.0000   data arrival time

  20.0000   20.0000   clock CORE_CLK (rise edge)
   0.0000   20.0000   clock network delay (ideal)
  -0.0500   19.9500   clock uncertainty
   0.0000   19.9500   clock reconvergence pessimism
            19.9500 ^ _068_/CP (DFCNQD1BWP30P140)
   0.0258   19.9758   library recovery time
            19.9758   data required time
-------------------------------------------------------------
            19.9758   data required time
            -0.0000   data arrival time
-------------------------------------------------------------
            19.9758   slack (MET)


Startpoint: io_op_a_i[6] (input port clocked by CORE_CLK)
Endpoint: _070_ (rising edge-triggered flip-flop clocked by CORE_CLK)
Path Group: CORE_CLK
Path Type: max

    Delay      Time   Description
-------------------------------------------------------------
   0.0000    0.0000   clock CORE_CLK (rise edge)
   0.0000    0.0000   clock network delay (ideal)
   0.0000    0.0000 v input external delay
   0.0000    0.0000 v io_op_a_i[6] (in)
   0.0130    0.0130 ^ reducedSum_op/_062_/ZN (NR3D0BWP30P140)
   0.0427    0.0557 ^ reducedSum_op/_063_/ZN (INR3D0BWP30P140)
   0.0244    0.0801 ^ reducedSum_op/_108_/ZN (IND2D0BWP30P140)
   0.0437    0.1238 ^ reducedSum_op/_111_/ZN (XNR3UD0BWP30P140)
   0.0197    0.1435 v reducedSum_op/_112_/ZN (IND2D0BWP30P140)
   0.0181    0.1616 ^ reducedSum_op/_123_/ZN (NR2D0BWP30P140)
   0.0091    0.1707 v reducedSum_op/_124_/ZN (NR2D0BWP30P140)
   0.0513    0.2219 ^ reducedSum_op/_125_/Z (XOR2UD0BWP30P140)
   0.0290    0.2509 v reducedSum_sa/_0900_/ZN (CKND2D0BWP30P140)
   0.0225    0.2734 v reducedSum_sa/_0926_/Z (XOR2UD0BWP30P140)
   0.0287    0.3021 v reducedSum_sa/_0949_/ZN (XNR2UD0BWP30P140)
   0.0357    0.3378 v reducedSum_sa/_0957_/Z (XOR2UD0BWP30P140)
   0.0702    0.4080 ^ reducedSum_sa/_0977_/ZN (XNR4D0BWP30P140)
   0.0325    0.4406 ^ reducedSum_sa/_0994_/ZN (XNR2UD0BWP30P140)
   0.0277    0.4683 v reducedSum_sa/_1008_/ZN (MAOI222D0BWP30P140)
   0.0329    0.5012 ^ reducedSum_sa/_1009_/ZN (MAOI222D0BWP30P140)
   0.0263    0.5276 v reducedSum_sa/_1010_/ZN (MAOI222D0BWP30P140)
   0.0342    0.5618 ^ reducedSum_sa/_1011_/ZN (MAOI222D0BWP30P140)
   0.0266    0.5883 v reducedSum_sa/_1012_/ZN (MAOI222D0BWP30P140)
   0.0341    0.6225 ^ reducedSum_sa/_1013_/ZN (MAOI222D0BWP30P140)
   0.0266    0.6490 v reducedSum_sa/_1014_/ZN (MAOI222D0BWP30P140)
   0.0342    0.6832 ^ reducedSum_sa/_1015_/ZN (MAOI222D0BWP30P140)
   0.0263    0.7095 v reducedSum_sa/_1016_/ZN (MAOI222D0BWP30P140)
   0.0376    0.7471 ^ reducedSum_sa/_1017_/ZN (MAOI222D0BWP30P140)
   0.0268    0.7739 v reducedSum_sa/_1019_/ZN (AOI21D0BWP30P140)
   0.0390    0.8129 ^ reducedSum_sa/_1036_/ZN (MAOI222D0BWP30P140)
   0.0333    0.8462 v reducedSum_sa/_1049_/ZN (MAOI222D0BWP30P140)
   0.0290    0.8752 v reducedSum_sa/_1055_/ZN (XNR2UD0BWP30P140)
   0.0163    0.8915 ^ reducedSum_reduced_nextLevel_adder/_0589_/ZN (CKND0BWP30P140)
   0.0206    0.9121 v reducedSum_reduced_nextLevel_adder/_0691_/ZN (OAI22D0BWP30P140)
   0.0337    0.9458 ^ reducedSum_reduced_nextLevel_adder/_0694_/ZN (AOI211D0BWP30P140)
   0.0228    0.9686 v reducedSum_reduced_nextLevel_adder/_0698_/ZN (AOI22D0BWP30P140)
   0.0310    0.9995 v reducedSum_reduced_nextLevel_adder/_0699_/Z (OA211D0BWP30P140)
   0.2778    1.2773 ^ reducedSum_reduced_nextLevel_adder/_0701_/ZN (NR2D0BWP30P140)
   0.0356    1.3129 v reducedSum_reduced_nextLevel_adder/_0702_/ZN (MUX2ND0BWP30P140)
   0.0300    1.3429 ^ reducedSum_reduced_nextLevel_adder/_0712_/ZN (ND3D0BWP30P140)
   0.0292    1.3721 v reducedSum_reduced_nextLevel_adder/_0713_/ZN (OAI21D0BWP30P140)
   0.0291    1.4012 ^ reducedSum_reduced_nextLevel_adder/_0754_/ZN (MUX2ND0BWP30P140)
   0.0380    1.4392 v reducedSum_reduced_nextLevel_adder/_0885_/ZN (OAI221D0BWP30P140)
   0.0294    1.4685 ^ reducedSum_reduced_nextLevel_adder/_0889_/ZN (NR3D0BWP30P140)
   0.0250    1.4935 v reducedSum_reduced_nextLevel_adder/_0893_/ZN (MAOI222D0BWP30P140)
   0.0325    1.5261 ^ reducedSum_reduced_nextLevel_adder/_0894_/ZN (MAOI222D0BWP30P140)
   0.0277    1.5537 v reducedSum_reduced_nextLevel_adder/_0898_/ZN (MAOI222D0BWP30P140)
   0.0314    1.5851 ^ reducedSum_reduced_nextLevel_adder/_0902_/ZN (MAOI222D0BWP30P140)
   0.0182    1.6034 v reducedSum_reduced_nextLevel_adder/_0906_/ZN (AOI21D0BWP30P140)
   0.0194    1.6227 ^ reducedSum_reduced_nextLevel_adder/_0908_/ZN (OAI21D0BWP30P140)
   0.0158    1.6386 v reducedSum_reduced_nextLevel_adder/_0912_/ZN (AOI21D0BWP30P140)
   0.0233    1.6619 v reducedSum_reduced_nextLevel_adder/_0914_/ZN (IAO21D0BWP30P140)
   0.0254    1.6873 ^ reducedSum_reduced_nextLevel_adder/_0918_/ZN (MAOI222D0BWP30P140)
   0.0200    1.7073 v reducedSum_reduced_nextLevel_adder/_0922_/ZN (AOI21D0BWP30P140)
   0.0291    1.7364 ^ reducedSum_reduced_nextLevel_adder/_0926_/ZN (MAOI222D0BWP30P140)
   0.0201    1.7565 v reducedSum_reduced_nextLevel_adder/_0930_/ZN (AOI21D0BWP30P140)
   0.0303    1.7868 ^ reducedSum_reduced_nextLevel_adder/_0931_/ZN (MAOI222D0BWP30P140)
   0.0281    1.8149 v reducedSum_reduced_nextLevel_adder/_0935_/ZN (MAOI222D0BWP30P140)
   0.0319    1.8468 ^ reducedSum_reduced_nextLevel_adder/_0939_/ZN (MAOI222D0BWP30P140)
   0.0201    1.8669 v reducedSum_reduced_nextLevel_adder/_0941_/ZN (AOI21D0BWP30P140)
   0.0293    1.8961 ^ reducedSum_reduced_nextLevel_adder/_0943_/ZN (MAOI222D0BWP30P140)
   0.0217    1.9178 v reducedSum_reduced_nextLevel_adder/_0945_/ZN (AOI21D0BWP30P140)
   0.0329    1.9507 v reducedSum_reduced_nextLevel_adder/_0956_/Z (OA211D0BWP30P140)
   0.1160    2.0667 v reducedSum_reduced_nextLevel_adder/_0978_/ZN (IND2D0BWP30P140)
   0.0551    2.1218 v reducedSum_reduced_nextLevel_adder/_1002_/ZN (MUX2ND0BWP30P140)
   0.0436    2.1653 ^ reducedSum_reduced_nextLevel_adder/_1007_/ZN (NR4D0BWP30P140)
   0.0491    2.2144 ^ reducedSum_reduced_nextLevel_adder/_1022_/Z (AN4D0BWP30P140)
   0.0430    2.2574 ^ reducedSum_reduced_nextLevel_adder/_1036_/ZN (INR4D0BWP30P140)
   0.0493    2.3067 ^ reducedSum_reduced_nextLevel_adder/_1051_/Z (AN4D0BWP30P140)
   0.0455    2.3522 ^ reducedSum_reduced_nextLevel_adder/_1064_/Z (AN4D0BWP30P140)
   0.0564    2.4086 ^ reducedSum_reduced_nextLevel_adder/_1142_/ZN (INR4D0BWP30P140)
   0.0367    2.4453 v reducedSum_reduced_nextLevel_adder/_1147_/ZN (IND4D0BWP30P140)
   0.0437    2.4890 ^ reducedSum_reduced_nextLevel_adder/_1151_/ZN (OAI31D0BWP30P140)
   0.0314    2.5204 v reducedSum_reduced_nextLevel_adder/_1154_/ZN (ND3D0BWP30P140)
   0.0252    2.5456 v reducedSum_reduced_nextLevel_adder/_1156_/ZN (INR2D0BWP30P140)
   0.0255    2.5711 ^ reducedSum_reduced_nextLevel_adder_16/_0608_/ZN (XNR2UD0BWP30P140)
   0.0321    2.6032 v reducedSum_reduced_nextLevel_adder_16/_0613_/ZN (OAI211D0BWP30P140)
   0.0203    2.6235 ^ reducedSum_reduced_nextLevel_adder_16/_0616_/ZN (ND3D0BWP30P140)
   0.0452    2.6687 ^ reducedSum_reduced_nextLevel_adder_16/_0619_/ZN (INR2D0BWP30P140)
   0.0161    2.6848 v reducedSum_reduced_nextLevel_adder_16/_0634_/ZN (NR3D0BWP30P140)
   0.0297    2.7145 v reducedSum_reduced_nextLevel_adder_16/_0699_/Z (OA211D0BWP30P140)
   0.2778    2.9923 ^ reducedSum_reduced_nextLevel_adder_16/_0701_/ZN (NR2D0BWP30P140)
   0.0356    3.0279 v reducedSum_reduced_nextLevel_adder_16/_0702_/ZN (MUX2ND0BWP30P140)
   0.0300    3.0578 ^ reducedSum_reduced_nextLevel_adder_16/_0712_/ZN (ND3D0BWP30P140)
   0.0292    3.0871 v reducedSum_reduced_nextLevel_adder_16/_0713_/ZN (OAI21D0BWP30P140)
   0.0291    3.1161 ^ reducedSum_reduced_nextLevel_adder_16/_0754_/ZN (MUX2ND0BWP30P140)
   0.0380    3.1541 v reducedSum_reduced_nextLevel_adder_16/_0885_/ZN (OAI221D0BWP30P140)
   0.0294    3.1835 ^ reducedSum_reduced_nextLevel_adder_16/_0889_/ZN (NR3D0BWP30P140)
   0.0250    3.2085 v reducedSum_reduced_nextLevel_adder_16/_0893_/ZN (MAOI222D0BWP30P140)
   0.0325    3.2410 ^ reducedSum_reduced_nextLevel_adder_16/_0894_/ZN (MAOI222D0BWP30P140)
   0.0277    3.2687 v reducedSum_reduced_nextLevel_adder_16/_0898_/ZN (MAOI222D0BWP30P140)
   0.0314    3.3001 ^ reducedSum_reduced_nextLevel_adder_16/_0902_/ZN (MAOI222D0BWP30P140)
   0.0182    3.3183 v reducedSum_reduced_nextLevel_adder_16/_0906_/ZN (AOI21D0BWP30P140)
   0.0194    3.3377 ^ reducedSum_reduced_nextLevel_adder_16/_0908_/ZN (OAI21D0BWP30P140)
   0.0158    3.3535 v reducedSum_reduced_nextLevel_adder_16/_0912_/ZN (AOI21D0BWP30P140)
   0.0233    3.3769 v reducedSum_reduced_nextLevel_adder_16/_0914_/ZN (IAO21D0BWP30P140)
   0.0254    3.4022 ^ reducedSum_reduced_nextLevel_adder_16/_0918_/ZN (MAOI222D0BWP30P140)
   0.0200    3.4223 v reducedSum_reduced_nextLevel_adder_16/_0922_/ZN (AOI21D0BWP30P140)
   0.0291    3.4514 ^ reducedSum_reduced_nextLevel_adder_16/_0926_/ZN (MAOI222D0BWP30P140)
   0.0201    3.4715 v reducedSum_reduced_nextLevel_adder_16/_0930_/ZN (AOI21D0BWP30P140)
   0.0303    3.5018 ^ reducedSum_reduced_nextLevel_adder_16/_0931_/ZN (MAOI222D0BWP30P140)
   0.0281    3.5299 v reducedSum_reduced_nextLevel_adder_16/_0935_/ZN (MAOI222D0BWP30P140)
   0.0319    3.5618 ^ reducedSum_reduced_nextLevel_adder_16/_0939_/ZN (MAOI222D0BWP30P140)
   0.0201    3.5818 v reducedSum_reduced_nextLevel_adder_16/_0941_/ZN (AOI21D0BWP30P140)
   0.0293    3.6111 ^ reducedSum_reduced_nextLevel_adder_16/_0943_/ZN (MAOI222D0BWP30P140)
   0.0217    3.6328 v reducedSum_reduced_nextLevel_adder_16/_0945_/ZN (AOI21D0BWP30P140)
   0.0329    3.6657 v reducedSum_reduced_nextLevel_adder_16/_0956_/Z (OA211D0BWP30P140)
   0.1160    3.7817 v reducedSum_reduced_nextLevel_adder_16/_0978_/ZN (IND2D0BWP30P140)
   0.0551    3.8367 v reducedSum_reduced_nextLevel_adder_16/_1002_/ZN (MUX2ND0BWP30P140)
   0.0436    3.8803 ^ reducedSum_reduced_nextLevel_adder_16/_1007_/ZN (NR4D0BWP30P140)
   0.0491    3.9294 ^ reducedSum_reduced_nextLevel_adder_16/_1022_/Z (AN4D0BWP30P140)
   0.0430    3.9724 ^ reducedSum_reduced_nextLevel_adder_16/_1036_/ZN (INR4D0BWP30P140)
   0.0493    4.0217 ^ reducedSum_reduced_nextLevel_adder_16/_1051_/Z (AN4D0BWP30P140)
   0.0455    4.0672 ^ reducedSum_reduced_nextLevel_adder_16/_1064_/Z (AN4D0BWP30P140)
   0.0564    4.1236 ^ reducedSum_reduced_nextLevel_adder_16/_1142_/ZN (INR4D0BWP30P140)
   0.0367    4.1603 v reducedSum_reduced_nextLevel_adder_16/_1147_/ZN (IND4D0BWP30P140)
   0.0437    4.2040 ^ reducedSum_reduced_nextLevel_adder_16/_1151_/ZN (OAI31D0BWP30P140)
   0.0314    4.2354 v reducedSum_reduced_nextLevel_adder_16/_1154_/ZN (ND3D0BWP30P140)
   0.0252    4.2606 v reducedSum_reduced_nextLevel_adder_16/_1156_/ZN (INR2D0BWP30P140)
   0.0255    4.2861 ^ reducedSum_reduced_nextLevel_adder_24/_0608_/ZN (XNR2UD0BWP30P140)
   0.0321    4.3182 v reducedSum_reduced_nextLevel_adder_24/_0613_/ZN (OAI211D0BWP30P140)
   0.0203    4.3385 ^ reducedSum_reduced_nextLevel_adder_24/_0616_/ZN (ND3D0BWP30P140)
   0.0452    4.3837 ^ reducedSum_reduced_nextLevel_adder_24/_0619_/ZN (INR2D0BWP30P140)
   0.0161    4.3997 v reducedSum_reduced_nextLevel_adder_24/_0634_/ZN (NR3D0BWP30P140)
   0.0297    4.4295 v reducedSum_reduced_nextLevel_adder_24/_0699_/Z (OA211D0BWP30P140)
   0.2778    4.7072 ^ reducedSum_reduced_nextLevel_adder_24/_0701_/ZN (NR2D0BWP30P140)
   0.0356    4.7428 v reducedSum_reduced_nextLevel_adder_24/_0702_/ZN (MUX2ND0BWP30P140)
   0.0300    4.7728 ^ reducedSum_reduced_nextLevel_adder_24/_0712_/ZN (ND3D0BWP30P140)
   0.0292    4.8020 v reducedSum_reduced_nextLevel_adder_24/_0713_/ZN (OAI21D0BWP30P140)
   0.0291    4.8311 ^ reducedSum_reduced_nextLevel_adder_24/_0754_/ZN (MUX2ND0BWP30P140)
   0.0380    4.8691 v reducedSum_reduced_nextLevel_adder_24/_0885_/ZN (OAI221D0BWP30P140)
   0.0294    4.8985 ^ reducedSum_reduced_nextLevel_adder_24/_0889_/ZN (NR3D0BWP30P140)
   0.0250    4.9235 v reducedSum_reduced_nextLevel_adder_24/_0893_/ZN (MAOI222D0BWP30P140)
   0.0325    4.9560 ^ reducedSum_reduced_nextLevel_adder_24/_0894_/ZN (MAOI222D0BWP30P140)
   0.0277    4.9837 v reducedSum_reduced_nextLevel_adder_24/_0898_/ZN (MAOI222D0BWP30P140)
   0.0314    5.0151 ^ reducedSum_reduced_nextLevel_adder_24/_0902_/ZN (MAOI222D0BWP30P140)
   0.0182    5.0333 v reducedSum_reduced_nextLevel_adder_24/_0906_/ZN (AOI21D0BWP30P140)
   0.0194    5.0527 ^ reducedSum_reduced_nextLevel_adder_24/_0908_/ZN (OAI21D0BWP30P140)
   0.0158    5.0685 v reducedSum_reduced_nextLevel_adder_24/_0912_/ZN (AOI21D0BWP30P140)
   0.0233    5.0918 v reducedSum_reduced_nextLevel_adder_24/_0914_/ZN (IAO21D0BWP30P140)
   0.0254    5.1172 ^ reducedSum_reduced_nextLevel_adder_24/_0918_/ZN (MAOI222D0BWP30P140)
   0.0200    5.1373 v reducedSum_reduced_nextLevel_adder_24/_0922_/ZN (AOI21D0BWP30P140)
   0.0291    5.1664 ^ reducedSum_reduced_nextLevel_adder_24/_0926_/ZN (MAOI222D0BWP30P140)
   0.0201    5.1865 v reducedSum_reduced_nextLevel_adder_24/_0930_/ZN (AOI21D0BWP30P140)
   0.0303    5.2167 ^ reducedSum_reduced_nextLevel_adder_24/_0931_/ZN (MAOI222D0BWP30P140)
   0.0281    5.2448 v reducedSum_reduced_nextLevel_adder_24/_0935_/ZN (MAOI222D0BWP30P140)
   0.0319    5.2768 ^ reducedSum_reduced_nextLevel_adder_24/_0939_/ZN (MAOI222D0BWP30P140)
   0.0201    5.2968 v reducedSum_reduced_nextLevel_adder_24/_0941_/ZN (AOI21D0BWP30P140)
   0.0293    5.3261 ^ reducedSum_reduced_nextLevel_adder_24/_0943_/ZN (MAOI222D0BWP30P140)
   0.0217    5.3478 v reducedSum_reduced_nextLevel_adder_24/_0945_/ZN (AOI21D0BWP30P140)
   0.0329    5.3807 v reducedSum_reduced_nextLevel_adder_24/_0956_/Z (OA211D0BWP30P140)
   0.1160    5.4967 v reducedSum_reduced_nextLevel_adder_24/_0978_/ZN (IND2D0BWP30P140)
   0.0551    5.5517 v reducedSum_reduced_nextLevel_adder_24/_1002_/ZN (MUX2ND0BWP30P140)
   0.0436    5.5953 ^ reducedSum_reduced_nextLevel_adder_24/_1007_/ZN (NR4D0BWP30P140)
   0.0491    5.6443 ^ reducedSum_reduced_nextLevel_adder_24/_1022_/Z (AN4D0BWP30P140)
   0.0430    5.6874 ^ reducedSum_reduced_nextLevel_adder_24/_1036_/ZN (INR4D0BWP30P140)
   0.0493    5.7367 ^ reducedSum_reduced_nextLevel_adder_24/_1051_/Z (AN4D0BWP30P140)
   0.0455    5.7822 ^ reducedSum_reduced_nextLevel_adder_24/_1064_/Z (AN4D0BWP30P140)
   0.0564    5.8386 ^ reducedSum_reduced_nextLevel_adder_24/_1142_/ZN (INR4D0BWP30P140)
   0.0367    5.8753 v reducedSum_reduced_nextLevel_adder_24/_1147_/ZN (IND4D0BWP30P140)
   0.0437    5.9190 ^ reducedSum_reduced_nextLevel_adder_24/_1151_/ZN (OAI31D0BWP30P140)
   0.0314    5.9504 v reducedSum_reduced_nextLevel_adder_24/_1154_/ZN (ND3D0BWP30P140)
   0.0252    5.9756 v reducedSum_reduced_nextLevel_adder_24/_1156_/ZN (INR2D0BWP30P140)
   0.0255    6.0011 ^ reducedSum_reduced_nextLevel_adder_28/_0608_/ZN (XNR2UD0BWP30P140)
   0.0321    6.0331 v reducedSum_reduced_nextLevel_adder_28/_0613_/ZN (OAI211D0BWP30P140)
   0.0203    6.0535 ^ reducedSum_reduced_nextLevel_adder_28/_0616_/ZN (ND3D0BWP30P140)
   0.0452    6.0986 ^ reducedSum_reduced_nextLevel_adder_28/_0619_/ZN (INR2D0BWP30P140)
   0.0161    6.1147 v reducedSum_reduced_nextLevel_adder_28/_0634_/ZN (NR3D0BWP30P140)
   0.0297    6.1444 v reducedSum_reduced_nextLevel_adder_28/_0699_/Z (OA211D0BWP30P140)
   0.2778    6.4222 ^ reducedSum_reduced_nextLevel_adder_28/_0701_/ZN (NR2D0BWP30P140)
   0.0356    6.4578 v reducedSum_reduced_nextLevel_adder_28/_0702_/ZN (MUX2ND0BWP30P140)
   0.0300    6.4878 ^ reducedSum_reduced_nextLevel_adder_28/_0712_/ZN (ND3D0BWP30P140)
   0.0292    6.5170 v reducedSum_reduced_nextLevel_adder_28/_0713_/ZN (OAI21D0BWP30P140)
   0.0291    6.5461 ^ reducedSum_reduced_nextLevel_adder_28/_0754_/ZN (MUX2ND0BWP30P140)
   0.0380    6.5841 v reducedSum_reduced_nextLevel_adder_28/_0885_/ZN (OAI221D0BWP30P140)
   0.0294    6.6135 ^ reducedSum_reduced_nextLevel_adder_28/_0889_/ZN (NR3D0BWP30P140)
   0.0250    6.6385 v reducedSum_reduced_nextLevel_adder_28/_0893_/ZN (MAOI222D0BWP30P140)
   0.0325    6.6710 ^ reducedSum_reduced_nextLevel_adder_28/_0894_/ZN (MAOI222D0BWP30P140)
   0.0277    6.6987 v reducedSum_reduced_nextLevel_adder_28/_0898_/ZN (MAOI222D0BWP30P140)
   0.0314    6.7301 ^ reducedSum_reduced_nextLevel_adder_28/_0902_/ZN (MAOI222D0BWP30P140)
   0.0182    6.7483 v reducedSum_reduced_nextLevel_adder_28/_0906_/ZN (AOI21D0BWP30P140)
   0.0194    6.7677 ^ reducedSum_reduced_nextLevel_adder_28/_0908_/ZN (OAI21D0BWP30P140)
   0.0158    6.7835 v reducedSum_reduced_nextLevel_adder_28/_0912_/ZN (AOI21D0BWP30P140)
   0.0233    6.8068 v reducedSum_reduced_nextLevel_adder_28/_0914_/ZN (IAO21D0BWP30P140)
   0.0254    6.8322 ^ reducedSum_reduced_nextLevel_adder_28/_0918_/ZN (MAOI222D0BWP30P140)
   0.0200    6.8522 v reducedSum_reduced_nextLevel_adder_28/_0922_/ZN (AOI21D0BWP30P140)
   0.0291    6.8813 ^ reducedSum_reduced_nextLevel_adder_28/_0926_/ZN (MAOI222D0BWP30P140)
   0.0201    6.9014 v reducedSum_reduced_nextLevel_adder_28/_0930_/ZN (AOI21D0BWP30P140)
   0.0303    6.9317 ^ reducedSum_reduced_nextLevel_adder_28/_0931_/ZN (MAOI222D0BWP30P140)
   0.0281    6.9598 v reducedSum_reduced_nextLevel_adder_28/_0935_/ZN (MAOI222D0BWP30P140)
   0.0319    6.9917 ^ reducedSum_reduced_nextLevel_adder_28/_0939_/ZN (MAOI222D0BWP30P140)
   0.0201    7.0118 v reducedSum_reduced_nextLevel_adder_28/_0941_/ZN (AOI21D0BWP30P140)
   0.0293    7.0411 ^ reducedSum_reduced_nextLevel_adder_28/_0943_/ZN (MAOI222D0BWP30P140)
   0.0217    7.0628 v reducedSum_reduced_nextLevel_adder_28/_0945_/ZN (AOI21D0BWP30P140)
   0.0329    7.0957 v reducedSum_reduced_nextLevel_adder_28/_0956_/Z (OA211D0BWP30P140)
   0.1160    7.2116 v reducedSum_reduced_nextLevel_adder_28/_0978_/ZN (IND2D0BWP30P140)
   0.0551    7.2667 v reducedSum_reduced_nextLevel_adder_28/_1002_/ZN (MUX2ND0BWP30P140)
   0.0436    7.3102 ^ reducedSum_reduced_nextLevel_adder_28/_1007_/ZN (NR4D0BWP30P140)
   0.0491    7.3593 ^ reducedSum_reduced_nextLevel_adder_28/_1022_/Z (AN4D0BWP30P140)
   0.0430    7.4024 ^ reducedSum_reduced_nextLevel_adder_28/_1036_/ZN (INR4D0BWP30P140)
   0.0493    7.4517 ^ reducedSum_reduced_nextLevel_adder_28/_1051_/Z (AN4D0BWP30P140)
   0.0455    7.4971 ^ reducedSum_reduced_nextLevel_adder_28/_1064_/Z (AN4D0BWP30P140)
   0.0564    7.5535 ^ reducedSum_reduced_nextLevel_adder_28/_1142_/ZN (INR4D0BWP30P140)
   0.0367    7.5903 v reducedSum_reduced_nextLevel_adder_28/_1147_/ZN (IND4D0BWP30P140)
   0.0437    7.6339 ^ reducedSum_reduced_nextLevel_adder_28/_1151_/ZN (OAI31D0BWP30P140)
   0.0314    7.6654 v reducedSum_reduced_nextLevel_adder_28/_1154_/ZN (ND3D0BWP30P140)
   0.0252    7.6906 v reducedSum_reduced_nextLevel_adder_28/_1156_/ZN (INR2D0BWP30P140)
   0.0255    7.7160 ^ reducedSum_reduced_nextLevel_adder_30/_0608_/ZN (XNR2UD0BWP30P140)
   0.0321    7.7481 v reducedSum_reduced_nextLevel_adder_30/_0613_/ZN (OAI211D0BWP30P140)
   0.0203    7.7684 ^ reducedSum_reduced_nextLevel_adder_30/_0616_/ZN (ND3D0BWP30P140)
   0.0452    7.8136 ^ reducedSum_reduced_nextLevel_adder_30/_0619_/ZN (INR2D0BWP30P140)
   0.0161    7.8297 v reducedSum_reduced_nextLevel_adder_30/_0634_/ZN (NR3D0BWP30P140)
   0.0297    7.8594 v reducedSum_reduced_nextLevel_adder_30/_0699_/Z (OA211D0BWP30P140)
   0.2778    8.1372 ^ reducedSum_reduced_nextLevel_adder_30/_0701_/ZN (NR2D0BWP30P140)
   0.0356    8.1728 v reducedSum_reduced_nextLevel_adder_30/_0702_/ZN (MUX2ND0BWP30P140)
   0.0300    8.2028 ^ reducedSum_reduced_nextLevel_adder_30/_0712_/ZN (ND3D0BWP30P140)
   0.0292    8.2320 v reducedSum_reduced_nextLevel_adder_30/_0713_/ZN (OAI21D0BWP30P140)
   0.0291    8.2611 ^ reducedSum_reduced_nextLevel_adder_30/_0754_/ZN (MUX2ND0BWP30P140)
   0.0380    8.2991 v reducedSum_reduced_nextLevel_adder_30/_0885_/ZN (OAI221D0BWP30P140)
   0.0294    8.3285 ^ reducedSum_reduced_nextLevel_adder_30/_0889_/ZN (NR3D0BWP30P140)
   0.0250    8.3534 v reducedSum_reduced_nextLevel_adder_30/_0893_/ZN (MAOI222D0BWP30P140)
   0.0325    8.3860 ^ reducedSum_reduced_nextLevel_adder_30/_0894_/ZN (MAOI222D0BWP30P140)
   0.0277    8.4136 v reducedSum_reduced_nextLevel_adder_30/_0898_/ZN (MAOI222D0BWP30P140)
   0.0314    8.4451 ^ reducedSum_reduced_nextLevel_adder_30/_0902_/ZN (MAOI222D0BWP30P140)
   0.0182    8.4633 v reducedSum_reduced_nextLevel_adder_30/_0906_/ZN (AOI21D0BWP30P140)
   0.0194    8.4826 ^ reducedSum_reduced_nextLevel_adder_30/_0908_/ZN (OAI21D0BWP30P140)
   0.0158    8.4985 v reducedSum_reduced_nextLevel_adder_30/_0912_/ZN (AOI21D0BWP30P140)
   0.0233    8.5218 v reducedSum_reduced_nextLevel_adder_30/_0914_/ZN (IAO21D0BWP30P140)
   0.0254    8.5472 ^ reducedSum_reduced_nextLevel_adder_30/_0918_/ZN (MAOI222D0BWP30P140)
   0.0200    8.5672 v reducedSum_reduced_nextLevel_adder_30/_0922_/ZN (AOI21D0BWP30P140)
   0.0291    8.5963 ^ reducedSum_reduced_nextLevel_adder_30/_0926_/ZN (MAOI222D0BWP30P140)
   0.0201    8.6164 v reducedSum_reduced_nextLevel_adder_30/_0930_/ZN (AOI21D0BWP30P140)
   0.0303    8.6467 ^ reducedSum_reduced_nextLevel_adder_30/_0931_/ZN (MAOI222D0BWP30P140)
   0.0281    8.6748 v reducedSum_reduced_nextLevel_adder_30/_0935_/ZN (MAOI222D0BWP30P140)
   0.0319    8.7067 ^ reducedSum_reduced_nextLevel_adder_30/_0939_/ZN (MAOI222D0BWP30P140)
   0.0201    8.7268 v reducedSum_reduced_nextLevel_adder_30/_0941_/ZN (AOI21D0BWP30P140)
   0.0293    8.7560 ^ reducedSum_reduced_nextLevel_adder_30/_0943_/ZN (MAOI222D0BWP30P140)
   0.0217    8.7777 v reducedSum_reduced_nextLevel_adder_30/_0945_/ZN (AOI21D0BWP30P140)
   0.0329    8.8107 v reducedSum_reduced_nextLevel_adder_30/_0956_/Z (OA211D0BWP30P140)
   0.1160    8.9266 v reducedSum_reduced_nextLevel_adder_30/_0978_/ZN (IND2D0BWP30P140)
   0.0551    8.9817 v reducedSum_reduced_nextLevel_adder_30/_1002_/ZN (MUX2ND0BWP30P140)
   0.0436    9.0252 ^ reducedSum_reduced_nextLevel_adder_30/_1007_/ZN (NR4D0BWP30P140)
   0.0491    9.0743 ^ reducedSum_reduced_nextLevel_adder_30/_1022_/Z (AN4D0BWP30P140)
   0.0430    9.1173 ^ reducedSum_reduced_nextLevel_adder_30/_1036_/ZN (INR4D0BWP30P140)
   0.0493    9.1666 ^ reducedSum_reduced_nextLevel_adder_30/_1051_/Z (AN4D0BWP30P140)
   0.0455    9.2121 ^ reducedSum_reduced_nextLevel_adder_30/_1064_/Z (AN4D0BWP30P140)
   0.0274    9.2395 ^ reducedSum_reduced_nextLevel_adder_30/_1069_/ZN (INR2D0BWP30P140)
   0.0207    9.2602 v reducedSum_reduced_nextLevel_adder_30/_1075_/ZN (XNR2UD0BWP30P140)
   0.1015    9.3617 ^ reducedSum_conv/_152_/ZN (NR3D0BWP30P140)
   0.0337    9.3955 v reducedSum_conv/_166_/ZN (XNR2UD0BWP30P140)
   0.0284    9.4238 ^ reducedSum_conv/_167_/ZN (OAI21D0BWP30P140)
   0.0297    9.4535 ^ reducedSum_conv/_177_/Z (AO21D0BWP30P140)
   0.0257    9.4792 v reducedSum_conv/_196_/ZN (AOI31D0BWP30P140)
   0.0357    9.5149 ^ reducedSum_conv/_200_/ZN (AOI211D0BWP30P140)
   0.0257    9.5406 ^ reducedSum_conv/_204_/Z (AO21D0BWP30P140)
   0.1081    9.6487 v reducedSum_conv/_208_/ZN (ND3D0BWP30P140)
   0.0724    9.7211 ^ reducedSum_conv/_221_/ZN (AOI21D0BWP30P140)
   0.0280    9.7491 v accAdder/_0897_/ZN (XNR2UD0BWP30P140)
   0.0324    9.7815 ^ accAdder/_0899_/ZN (AOI21D0BWP30P140)
   0.0302    9.8117 v accAdder/_0901_/ZN (MAOI222D0BWP30P140)
   0.0385    9.8502 ^ accAdder/_0902_/ZN (MAOI222D0BWP30P140)
   0.0303    9.8805 v accAdder/_0903_/ZN (MAOI222D0BWP30P140)
   0.0385    9.9190 ^ accAdder/_0966_/ZN (MAOI222D0BWP30P140)
   0.0303    9.9494 v accAdder/_0968_/ZN (MAOI222D0BWP30P140)
   0.0271    9.9765 v accAdder/_0970_/ZN (XNR2UD0BWP30P140)
   0.0213    9.9978 ^ accAdder/_0971_/ZN (NR2D0BWP30P140)
   0.0257   10.0235 ^ accAdder/_0972_/Z (AN2D0BWP30P140)
   0.4170   10.4405 v accAdder/_0975_/ZN (AOI31D0BWP30P140)
   0.4192   10.8597 ^ accAdder/_0991_/ZN (AOI22D0BWP30P140)
   0.0318   10.8916 v accAdder/_1063_/ZN (CKND2D0BWP30P140)
   0.0370   10.9286 ^ accAdder/_1188_/ZN (OAI32D0BWP30P140)
   0.0151   10.9436 v accAdder/_1189_/ZN (AOI21D0BWP30P140)
   0.0396   10.9833 ^ accAdder/_1191_/ZN (OAI221D0BWP30P140)
   0.0211   11.0043 v accAdder/_1196_/ZN (OAI31D0BWP30P140)
   0.0222   11.0266 ^ accAdder/_1198_/ZN (AOI21D0BWP30P140)
   0.0256   11.0522 v accAdder/_1200_/ZN (MAOI222D0BWP30P140)
   0.0396   11.0918 ^ accAdder/_1202_/ZN (MAOI222D0BWP30P140)
   0.0257   11.1175 v accAdder/_1204_/ZN (MAOI222D0BWP30P140)
   0.0277   11.1452 ^ accAdder/_1206_/ZN (AOI21D0BWP30P140)
   0.0253   11.1705 ^ accAdder/_1209_/ZN (IAO21D0BWP30P140)
   0.0247   11.1952 v accAdder/_1211_/ZN (MAOI222D0BWP30P140)
   0.0395   11.2347 ^ accAdder/_1213_/ZN (MAOI222D0BWP30P140)
   0.0265   11.2612 v accAdder/_1221_/ZN (MAOI222D0BWP30P140)
   0.0354   11.2966 v accAdder/_1232_/Z (AO21D0BWP30P140)
   0.0261   11.3226 ^ accAdder/_1242_/ZN (MAOI222D0BWP30P140)
   0.0265   11.3492 v accAdder/_1255_/ZN (MAOI222D0BWP30P140)
   0.0315   11.3806 v accAdder/_1259_/Z (AO21D0BWP30P140)
   0.0182   11.3988 ^ accAdder/_1276_/ZN (AOI21D0BWP30P140)
   0.0258   11.4247 v accAdder/_1280_/ZN (MAOI222D0BWP30P140)
   0.0391   11.4638 ^ accAdder/_1296_/ZN (MAOI222D0BWP30P140)
   0.0262   11.4899 v accAdder/_1300_/ZN (MAOI222D0BWP30P140)
   0.0304   11.5203 ^ accAdder/_1318_/ZN (AOI21D0BWP30P140)
   0.0249   11.5453 v accAdder/_1322_/ZN (MAOI222D0BWP30P140)
   0.0364   11.5817 v accAdder/_1345_/Z (AO21D0BWP30P140)
   0.0156   11.5973 ^ accAdder/_1353_/ZN (MUX2ND0BWP30P140)
   0.0348   11.6322 ^ accAdder/_1354_/ZN (XNR2UD0BWP30P140)
   0.0288   11.6609 ^ accAdder/_1453_/ZN (MAOI22D0BWP30P140)
   0.1281   11.7890 v accAdder/_1456_/ZN (OAI211D0BWP30P140)
   0.0886   11.8776 ^ accAdder/_1531_/Z (MUX4D0BWP30P140)
   0.0194   11.8971 v accAdder/_1534_/ZN (MUX3ND0BWP30P140)
   0.0405   11.9376 ^ accAdder/_1568_/ZN (NR2D0BWP30P140)
   0.0507   11.9882 ^ accAdder/_1577_/ZN (INR4D0BWP30P140)
   0.0510   12.0393 ^ accAdder/_1582_/Z (AN4D0BWP30P140)
   0.0395   12.0788 ^ accAdder/_1590_/Z (AN4D0BWP30P140)
   0.0406   12.1193 ^ accAdder/_1601_/Z (AN4D0BWP30P140)
   0.0349   12.1542 ^ accAdder/_1603_/Z (AN3D0BWP30P140)
   0.0271   12.1813 v accAdder/_1605_/ZN (IND3D0BWP30P140)
   0.0379   12.2193 v accAdder/_1606_/Z (OR3D0BWP30P140)
   0.0368   12.2561 ^ accAdder/_1608_/ZN (INR3D0BWP30P140)
   0.0364   12.2925 v accAdder/_1611_/ZN (MAOI222D0BWP30P140)
   0.0357   12.3282 ^ accAdder/_1616_/ZN (NR4D0BWP30P140)
   0.0219   12.3501 v accAdder/_1619_/ZN (OAI31D0BWP30P140)
   0.0327   12.3828 v accAdder/_1621_/Z (AO21D0BWP30P140)
   0.0312   12.4140 ^ accAdder/_1623_/ZN (AOI21D0BWP30P140)
   0.0237   12.4377 v accAdder/_1626_/ZN (OAI21D0BWP30P140)
   0.0215   12.4591 v accAdder/_1658_/Z (AN3D0BWP30P140)
   0.0613   12.5204 v accAdder/_1659_/Z (OR3D0BWP30P140)
   0.0420   12.5624 ^ accAdder/_1703_/ZN (AOI211D0BWP30P140)
   0.0261   12.5885 ^ _060_/Z (AO22D0BWP30P140)
   0.0000   12.5885 ^ _070_/D (DFCNQD1BWP30P140)
            12.5885   data arrival time

  20.0000   20.0000   clock CORE_CLK (rise edge)
   0.0000   20.0000   clock network delay (ideal)
  -0.0500   19.9500   clock uncertainty
   0.0000   19.9500   clock reconvergence pessimism
            19.9500 ^ _070_/CP (DFCNQD1BWP30P140)
  -0.0174   19.9326   library setup time
            19.9326   data required time
-------------------------------------------------------------
            19.9326   data required time
           -12.5885   data arrival time
-------------------------------------------------------------
             7.3442   slack (MET)


