
6. Printing statistics.

=== BFP_PE ===

        +----------Local Count, excluding submodules.
        |        +-Local Area, excluding submodules.
        |        | 
       74        - wires
      620        - wire bits
       40        - public wires
      586        - public wire bits
       10        - ports
      117        - port bits
       67   99.918 cells
       32   24.192   AO22D0BWP30P140
       33   74.844   DFCNQD1BWP30P140
        1    0.504   INR2D0BWP30P140
        1    0.378   NR2D0BWP30P140
       16        - submodules
        4        -   CustomOperator_INT8_to_INT8
        4        -   FP32Adder
        4        -   ScaleAddition_INT8_to_INT8_scale_UE6M2
        4        -   ScaleToFP32_INT8_x_INT8_UE6M2

   Chip area for module '\BFP_PE': 99.918000
     of which used for sequential elements: 74.844000 (74.91%)

=== FP32Adder ===

        +----------Local Count, excluding submodules.
        |        +-Local Area, excluding submodules.
        |        | 
      872        - wires
     1037        - wire bits
        6        - public wires
      171        - public wire bits
        3        - ports
       96        - port bits
      898  554.904 cells
       18    9.072   AN2D0BWP30P140
        5     3.15   AN3D0BWP30P140
        4    3.024   AN4D0BWP30P140
        2    1.512   AO211D0BWP30P140
       13     8.19   AO21D0BWP30P140
        4    3.024   AO22D0BWP30P140
       10      6.3   AOI211D0BWP30P140
       52   26.208   AOI21D0BWP30P140
       10     7.56   AOI221D0BWP30P140
        2    2.016   AOI222D0BWP30P140
       32    20.16   AOI22D0BWP30P140
        2     1.26   AOI31D0BWP30P140
       19   16.758   CKMUX2D0BWP30P140
       65    16.38   CKND0BWP30P140
       72   27.216   CKND2D0BWP30P140
        6     3.78   IAO21D0BWP30P140
       20    10.08   IND2D0BWP30P140
        1     0.63   IND3D0BWP30P140
        2    1.512   IND4D0BWP30P140
       21   10.584   INR2D0BWP30P140
        8     5.04   INR3D0BWP30P140
        3    2.268   INR4D0BWP30P140
        7     4.41   IOA21D0BWP30P140
       30    22.68   MAOI222D0BWP30P140
       15    11.34   MAOI22D0BWP30P140
        4    3.024   MOAI22D0BWP30P140
      114   86.184   MUX2ND0BWP30P140
        1    1.764   MUX3D0BWP30P140
        1    1.638   MUX3ND0BWP30P140
        2    4.788   MUX4D0BWP30P140
       16   36.288   MUX4ND0BWP30P140
       14    7.056   ND3D0BWP30P140
        5     3.15   ND4D0BWP30P140
       99   37.422   NR2D0BWP30P140
       35    17.64   NR3D0BWP30P140
        8     5.04   NR4D0BWP30P140
        2    1.512   OA211D0BWP30P140
        6     3.78   OA21D0BWP30P140
        1    0.882   OA22D0BWP30P140
       13     8.19   OAI211D0BWP30P140
       41   20.664   OAI21D0BWP30P140
        1    0.882   OAI221D0BWP30P140
        1    1.008   OAI222D0BWP30P140
       10      6.3   OAI22D0BWP30P140
        6     3.78   OAI31D0BWP30P140
        3    2.268   OAI32D0BWP30P140
        1    0.882   OAI33D0BWP30P140
        6    3.024   OR2D0BWP30P140
        8     5.04   OR3D0BWP30P140
        2    1.512   OR4D0BWP30P140
       51   44.982   XNR2UD0BWP30P140
        1    1.764   XNR3UD0BWP30P140
       23   20.286   XOR2UD0BWP30P140

   Chip area for module '\FP32Adder': 554.904000
     of which used for sequential elements: 0.000000 (0.00%)

=== ScaleToFP32_INT8_x_INT8_UE6M2 ===

        +----------Local Count, excluding submodules.
        |        +-Local Area, excluding submodules.
        |        | 
      159        - wires
      217        - wire bits
        4        - public wires
       62        - public wire bits
        4        - ports
       62        - port bits
      183  112.014 cells
        4    2.016   AN2D0BWP30P140
        1     0.63   AN3D0BWP30P140
        1    0.756   AN4D0BWP30P140
        3     1.89   AO21D0BWP30P140
        6     3.78   AOI211D0BWP30P140
        3    1.512   AOI21D0BWP30P140
        2     1.26   AOI31D0BWP30P140
       18   15.876   CKMUX2D0BWP30P140
        6    1.512   CKND0BWP30P140
       12    4.536   CKND2D0BWP30P140
       11     6.93   IAO21D0BWP30P140
        4    2.016   IND2D0BWP30P140
        3    1.512   INR2D0BWP30P140
        3     1.89   INR3D0BWP30P140
        1     0.63   IOA21D0BWP30P140
        1    0.756   MOAI22D0BWP30P140
       24   18.144   MUX2ND0BWP30P140
        2    1.008   ND3D0BWP30P140
        1     0.63   ND4D0BWP30P140
       13    4.914   NR2D0BWP30P140
       19    9.576   NR3D0BWP30P140
       13     8.19   NR4D0BWP30P140
        2     1.26   OA21D0BWP30P140
        2     1.26   OAI211D0BWP30P140
        9    4.536   OAI21D0BWP30P140
        1    1.008   OAI222D0BWP30P140
        2     1.26   OAI22D0BWP30P140
        1     0.63   OAI31D0BWP30P140
        2    1.008   OR2D0BWP30P140
        1     0.63   OR3D0BWP30P140
        1    0.756   OR4D0BWP30P140
        7    6.174   XNR2UD0BWP30P140
        4    3.528   XOR2UD0BWP30P140

   Chip area for module '\ScaleToFP32_INT8_x_INT8_UE6M2': 112.014000
     of which used for sequential elements: 0.000000 (0.00%)

=== ScaleAddition_INT8_to_INT8_scale_UE6M2 ===

        +----------Local Count, excluding submodules.
        |        +-Local Area, excluding submodules.
        |        | 
      374        - wires
      428        - wire bits
        7        - public wires
       61        - public wire bits
        7        - ports
       61        - port bits
      395  267.372 cells
        8    4.032   AN2D0BWP30P140
        4     2.52   AN3D0BWP30P140
        1    0.756   AO211D0BWP30P140
        5     3.15   AO21D0BWP30P140
        1    0.756   AO22D0BWP30P140
        1     0.63   AOI211D0BWP30P140
       14    7.056   AOI21D0BWP30P140
        3     1.89   AOI22D0BWP30P140
        2     1.26   AOI31D0BWP30P140
        1    0.756   AOI32D0BWP30P140
        8    2.016   CKND0BWP30P140
      110    41.58   CKND2D0BWP30P140
        1     0.63   IAO21D0BWP30P140
        9    4.536   IND2D0BWP30P140
       10     5.04   INR2D0BWP30P140
        1     0.63   IOA21D0BWP30P140
       34   25.704   MAOI222D0BWP30P140
        7    3.528   ND3D0BWP30P140
        1     0.63   ND4D0BWP30P140
       19    7.182   NR2D0BWP30P140
        2    1.008   NR3D0BWP30P140
        1    0.756   OA211D0BWP30P140
        1     0.63   OAI211D0BWP30P140
       17    8.568   OAI21D0BWP30P140
        7     4.41   OAI22D0BWP30P140
        6    3.024   OR2D0BWP30P140
        2    1.512   OR4D0BWP30P140
       61   53.802   XNR2UD0BWP30P140
       23   40.572   XNR3UD0BWP30P140
        2    5.292   XNR4D0BWP30P140
       28   24.696   XOR2UD0BWP30P140
        5     8.82   XOR3UD0BWP30P140

   Chip area for module '\ScaleAddition_INT8_to_INT8_scale_UE6M2': 267.372000
     of which used for sequential elements: 0.000000 (0.00%)

=== CustomOperator_INT8_to_INT8 ===

        +----------Local Count, excluding submodules.
        |        +-Local Area, excluding submodules.
        |        | 
      225        - wires
      252        - wire bits
        4        - public wires
       31        - public wire bits
        4        - ports
       31        - port bits
      236  166.446 cells
        3    1.512   AN2D0BWP30P140
        4     2.52   AN3D0BWP30P140
        1    0.756   AO211D0BWP30P140
        1     0.63   AO21D0BWP30P140
        1    0.756   AO22D0BWP30P140
        6    3.024   AOI21D0BWP30P140
        3     1.89   AOI22D0BWP30P140
        1     0.63   AOI31D0BWP30P140
       11    2.772   CKND0BWP30P140
       21    7.938   CKND2D0BWP30P140
        1     0.63   IAO21D0BWP30P140
       11    5.544   IND2D0BWP30P140
        5     2.52   INR2D0BWP30P140
        1     0.63   INR3D0BWP30P140
       21   15.876   MAOI222D0BWP30P140
        1    0.756   MOAI22D0BWP30P140
        3    1.512   ND3D0BWP30P140
       33   12.474   NR2D0BWP30P140
        5     2.52   NR3D0BWP30P140
        1     0.63   NR4D0BWP30P140
        1     0.63   OA21D0BWP30P140
        2    1.764   OA22D0BWP30P140
        1     0.63   OAI211D0BWP30P140
        5     2.52   OAI21D0BWP30P140
        4     2.52   OAI22D0BWP30P140
        4     2.52   OAI31D0BWP30P140
        5     2.52   OR2D0BWP30P140
        1     0.63   OR3D0BWP30P140
        1    0.756   OR4D0BWP30P140
       28   24.696   XNR2UD0BWP30P140
        9   15.876   XNR3UD0BWP30P140
        1    2.646   XNR4D0BWP30P140
       31   27.342   XOR2UD0BWP30P140
        9   15.876   XOR3UD0BWP30P140

   Chip area for module '\CustomOperator_INT8_to_INT8': 166.446000
     of which used for sequential elements: 0.000000 (0.00%)

=== design hierarchy ===

        +----------Count including submodules.
        |        +-Area including submodules.
        |        | 
     6915  4.5E+03 BFP_PE
      236  166.446 CustomOperator_INT8_to_INT8
      898  554.904 FP32Adder
      395  267.372 ScaleAddition_INT8_to_INT8_scale_UE6M2
      183  112.014 ScaleToFP32_INT8_x_INT8_UE6M2

        +----------Count including submodules.
        |        +-Area including submodules.
        |        | 
     6594        - wires
     8356        - wire bits
      124        - public wires
     1886        - public wire bits
       82        - ports
     1117        - port bits
        -        - memories
        -        - memory bits
        -        - processes
     6915  4.5E+03 cells
      132   66.528   AN2D0BWP30P140
       56    35.28   AN3D0BWP30P140
       20    15.12   AN4D0BWP30P140
       16   12.096   AO211D0BWP30P140
       88    55.44   AO21D0BWP30P140
       56   42.336   AO22D0BWP30P140
       68    42.84   AOI211D0BWP30P140
      300    151.2   AOI21D0BWP30P140
       40    30.24   AOI221D0BWP30P140
        8    8.064   AOI222D0BWP30P140
      152    95.76   AOI22D0BWP30P140
       28    17.64   AOI31D0BWP30P140
        4    3.024   AOI32D0BWP30P140
      148  130.536   CKMUX2D0BWP30P140
      360    90.72   CKND0BWP30P140
      860   325.08   CKND2D0BWP30P140
       33   74.844   DFCNQD1BWP30P140
       76    47.88   IAO21D0BWP30P140
      176   88.704   IND2D0BWP30P140
        4     2.52   IND3D0BWP30P140
        8    6.048   IND4D0BWP30P140
      157   79.128   INR2D0BWP30P140
       48    30.24   INR3D0BWP30P140
       12    9.072   INR4D0BWP30P140
       36    22.68   IOA21D0BWP30P140
      340   257.04   MAOI222D0BWP30P140
       60    45.36   MAOI22D0BWP30P140
       24   18.144   MOAI22D0BWP30P140
      552  417.312   MUX2ND0BWP30P140
        4    7.056   MUX3D0BWP30P140
        4    6.552   MUX3ND0BWP30P140
        8   19.152   MUX4D0BWP30P140
       64  145.152   MUX4ND0BWP30P140
      104   52.416   ND3D0BWP30P140
       28    17.64   ND4D0BWP30P140
      657  248.346   NR2D0BWP30P140
      244  122.976   NR3D0BWP30P140
       88    55.44   NR4D0BWP30P140
       12    9.072   OA211D0BWP30P140
       36    22.68   OA21D0BWP30P140
       12   10.584   OA22D0BWP30P140
       68    42.84   OAI211D0BWP30P140
      288  145.152   OAI21D0BWP30P140
        4    3.528   OAI221D0BWP30P140
        8    8.064   OAI222D0BWP30P140
       92    57.96   OAI22D0BWP30P140
       44    27.72   OAI31D0BWP30P140
       12    9.072   OAI32D0BWP30P140
        4    3.528   OAI33D0BWP30P140
       76   38.304   OR2D0BWP30P140
       40     25.2   OR3D0BWP30P140
       24   18.144   OR4D0BWP30P140
      588  518.616   XNR2UD0BWP30P140
      132  232.848   XNR3UD0BWP30P140
       12   31.752   XNR4D0BWP30P140
      344  303.408   XOR2UD0BWP30P140
       56   98.784   XOR3UD0BWP30P140
       16  4.4E+03 submodules
        4  665.784   CustomOperator_INT8_to_INT8
        4 2.22E+03   FP32Adder
        4 1.07E+03   ScaleAddition_INT8_to_INT8_scale_UE6M2
        4  448.056   ScaleToFP32_INT8_x_INT8_UE6M2

   Chip area for top module '\BFP_PE': 4502.862000
     of which used for sequential elements: 74.844000 (1.66%)

