Startpoint: reset (input port clocked by CORE_CLK)
Endpoint: _40_ (recovery check against rising-edge clock CORE_CLK)
Path Group: asynchronous
Path Type: max

    Delay      Time   Description
-------------------------------------------------------------
   0.0000    0.0000   clock CORE_CLK (rise edge)
   0.0000    0.0000   clock network delay (ideal)
   0.0000    0.0000 ^ input external delay
   0.0000    0.0000 ^ reset (in)
   0.0000    0.0000 ^ _40_/CDN (DFCNQD1BWP30P140)
             0.0000   data arrival time

   2.0000    2.0000   clock CORE_CLK (rise edge)
   0.0000    2.0000   clock network delay (ideal)
  -0.0500    1.9500   clock uncertainty
   0.0000    1.9500   clock reconvergence pessimism
             1.9500 ^ _40_/CP (DFCNQD1BWP30P140)
   0.0258    1.9758   library recovery time
             1.9758   data required time
-------------------------------------------------------------
             1.9758   data required time
            -0.0000   data arrival time
-------------------------------------------------------------
             1.9758   slack (MET)


Startpoint: io_op_b_i[9] (input port clocked by CORE_CLK)
Endpoint: _42_ (rising edge-triggered flip-flop clocked by CORE_CLK)
Path Group: CORE_CLK
Path Type: max

    Delay      Time   Description
-------------------------------------------------------------
   0.0000    0.0000   clock CORE_CLK (rise edge)
   0.0000    0.0000   clock network delay (ideal)
   0.0000    0.0000 ^ input external delay
   0.0000    0.0000 ^ io_op_b_i[9] (in)
   0.0239    0.0239 ^ op_1/_167_/Z (AN2D0BWP30P140)
   0.0196    0.0436 v op_1/_168_/ZN (CKND0BWP30P140)
   0.0214    0.0650 v tree/_0817_/ZN (IND2D0BWP30P140)
   0.0277    0.0927 ^ tree/_0820_/ZN (AOI221D0BWP30P140)
   0.0461    0.1388 v tree/_0824_/ZN (OAI222D0BWP30P140)
   0.0345    0.1733 ^ tree/_0830_/ZN (AOI21D0BWP30P140)
   0.0253    0.1986 v tree/_0837_/ZN (OAI33D0BWP30P140)
   0.0210    0.2195 ^ tree/_0838_/ZN (AOI21D0BWP30P140)
   0.0294    0.2489 v tree/_0843_/ZN (OAI21D0BWP30P140)
   0.0330    0.2819 ^ tree/_0845_/ZN (AOI21D0BWP30P140)
   0.0203    0.3023 ^ tree/_0850_/Z (OR3D0BWP30P140)
   0.0378    0.3400 v tree/_0858_/ZN (ND4D0BWP30P140)
   0.0475    0.3875 ^ tree/_0868_/ZN (INR4D0BWP30P140)
   0.0291    0.4167 v tree/_0876_/ZN (NR3D0BWP30P140)
   0.0563    0.4730 ^ tree/_0879_/ZN (MUX2ND0BWP30P140)
   0.0387    0.5117 v tree/_0885_/ZN (MAOI222D0BWP30P140)
   0.0364    0.5481 ^ tree/_0887_/ZN (MAOI222D0BWP30P140)
   0.0755    0.6236 v tree/_0895_/ZN (OAI211D0BWP30P140)
   0.0473    0.6708 ^ tree/_0902_/ZN (CKND2D0BWP30P140)
   0.0292    0.7000 v tree/_0944_/ZN (AOI31D0BWP30P140)
   0.0296    0.7295 ^ tree/_0945_/ZN (AOI21D0BWP30P140)
   0.0175    0.7471 v tree/_0946_/ZN (OAI21D0BWP30P140)
   0.0322    0.7793 v tree/_1294_/ZN (XNR2UD0BWP30P140)
   0.0619    0.8412 v tree/_1311_/ZN (XNR3UD0BWP30P140)
   0.0326    0.8737 v tree/_1313_/ZN (XNR2UD0BWP30P140)
   0.0231    0.8968 v tree/_1328_/Z (XOR2UD0BWP30P140)
   0.0315    0.9284 v tree/_1361_/ZN (XNR2UD0BWP30P140)
   0.0233    0.9517 ^ tree/_1363_/ZN (OAI211D0BWP30P140)
   0.0238    0.9755 v tree/_1365_/ZN (AOI31D0BWP30P140)
   0.0357    1.0112 ^ tree/_1366_/ZN (MAOI222D0BWP30P140)
   0.0271    1.0383 v tree/_1368_/ZN (AOI21D0BWP30P140)
   0.0315    1.0698 ^ tree/_1370_/ZN (AOI211D0BWP30P140)
   0.0275    1.0973 v tree/_1372_/ZN (OAI33D0BWP30P140)
   0.0232    1.1205 ^ tree/_1374_/ZN (OAI211D0BWP30P140)
   0.0291    1.1496 v tree/_1376_/ZN (AOI31D0BWP30P140)
   0.0382    1.1878 ^ tree/_1378_/ZN (MAOI222D0BWP30P140)
   0.0352    1.2231 v tree/_1385_/ZN (AOI221D0BWP30P140)
   0.0466    1.2696 ^ tree/_1386_/ZN (NR2D0BWP30P140)
   0.0299    1.2995 v tree/_1387_/ZN (CKND0BWP30P140)
   0.0235    1.3230 ^ tree/_1438_/ZN (OAI31D0BWP30P140)
   0.0385    1.3616 ^ tree/_1442_/Z (OA211D0BWP30P140)
   0.0247    1.3863 ^ tree/_1447_/Z (AO21D0BWP30P140)
   0.0265    1.4128 v tree/_1449_/ZN (OAI211D0BWP30P140)
   0.0175    1.4303 ^ tree/_1450_/ZN (CKND2D0BWP30P140)
   0.0295    1.4598 ^ tree/_1451_/Z (XOR2UD0BWP30P140)
   0.0321    1.4919 ^ tree/_1455_/ZN (INR2D0BWP30P140)
   0.0824    1.5743 v tree/_1477_/ZN (OAI21D0BWP30P140)
   0.0645    1.6388 v tree/_1516_/ZN (MUX4ND0BWP30P140)
   0.0331    1.6719 ^ tree/_1517_/ZN (MUX2ND0BWP30P140)
   0.0271    1.6990 v tree/_1534_/ZN (NR4D0BWP30P140)
   0.0250    1.7240 v tree/_1538_/Z (AN2D0BWP30P140)
   0.0460    1.7700 ^ tree/_1563_/ZN (NR2D0BWP30P140)
   0.0193    1.7893 v sa/_0904_/ZN (CKND2D0BWP30P140)
   0.0597    1.8490 v sa/_0946_/ZN (XNR3UD0BWP30P140)
   0.0293    1.8783 v sa/_0947_/ZN (XNR2UD0BWP30P140)
   0.0299    1.9082 v sa/_0958_/ZN (XNR2UD0BWP30P140)
   0.0316    1.9398 v sa/_0965_/Z (XOR2UD0BWP30P140)
   0.0353    1.9751 v sa/_0971_/Z (XOR2UD0BWP30P140)
   0.0310    2.0062 ^ sa/_0981_/ZN (MAOI222D0BWP30P140)
   0.0104    2.0166 v sa/_0982_/ZN (CKND0BWP30P140)
   0.0263    2.0428 ^ sa/_0983_/ZN (MAOI222D0BWP30P140)
   0.0262    2.0690 v sa/_0984_/ZN (MAOI222D0BWP30P140)
   0.0339    2.1029 ^ sa/_0985_/ZN (MAOI222D0BWP30P140)
   0.0266    2.1295 v sa/_0986_/ZN (MAOI222D0BWP30P140)
   0.0383    2.1678 ^ sa/_0987_/ZN (MAOI222D0BWP30P140)
   0.0303    2.1981 v sa/_0989_/ZN (MAOI222D0BWP30P140)
   0.0353    2.2334 ^ sa/_0992_/ZN (AOI21D0BWP30P140)
   0.0352    2.2686 v sa/_0996_/ZN (OAI221D0BWP30P140)
   0.0335    2.3021 ^ sa/_0998_/ZN (AOI31D0BWP30P140)
   0.0246    2.3267 v sa/_1000_/ZN (OAI21D0BWP30P140)
   0.0358    2.3625 ^ sa/_1002_/ZN (MAOI222D0BWP30P140)
   0.0287    2.3913 v sa/_1006_/ZN (OAI22D0BWP30P140)
   0.0364    2.4276 ^ sa/_1021_/ZN (MAOI222D0BWP30P140)
   0.0370    2.4646 v sa/_1033_/ZN (OAI211D0BWP30P140)
   0.1638    2.6284 ^ conv/_191_/ZN (AOI211D0BWP30P140)
   0.0862    2.7146 v conv/_192_/ZN (CKND0BWP30P140)
   0.0613    2.7759 v conv/_211_/ZN (MUX4ND0BWP30P140)
   0.0297    2.8055 ^ conv/_255_/ZN (MUX2ND0BWP30P140)
   0.0214    2.8269 ^ conv/_270_/Z (OR4D0BWP30P140)
   0.0139    2.8409 v conv/_271_/ZN (OAI31D0BWP30P140)
   0.0400    2.8808 ^ conv/_275_/ZN (AOI211D0BWP30P140)
   0.0477    2.9286 ^ conv/_280_/ZN (INR4D0BWP30P140)
   0.0378    2.9664 ^ conv/_282_/ZN (INR3D0BWP30P140)
   0.0396    3.0060 ^ conv/_284_/ZN (INR3D0BWP30P140)
   0.0384    3.0443 v conv/_291_/ZN (ND4D0BWP30P140)
   0.0319    3.0762 v conv/_324_/Z (AN2D0BWP30P140)
   0.0226    3.0988 v accAdder/_461_/ZN (XNR2UD0BWP30P140)
   0.0335    3.1323 v accAdder/_462_/Z (AO21D0BWP30P140)
   0.0238    3.1560 ^ accAdder/_465_/ZN (AOI211D0BWP30P140)
   0.0245    3.1806 v accAdder/_467_/ZN (OAI31D0BWP30P140)
   0.0264    3.2069 ^ accAdder/_470_/ZN (OAI211D0BWP30P140)
   0.0335    3.2405 ^ accAdder/_491_/Z (AN3D0BWP30P140)
   0.0447    3.2852 v accAdder/_494_/ZN (OAI211D0BWP30P140)
   0.0876    3.3727 v accAdder/_518_/ZN (MUX2ND0BWP30P140)
   0.0860    3.4587 ^ accAdder/_543_/ZN (AOI31D0BWP30P140)
   0.0611    3.5198 v accAdder/_549_/ZN (ND3D0BWP30P140)
   0.0399    3.5597 v accAdder/_566_/Z (OA21D0BWP30P140)
   0.0311    3.5908 ^ accAdder/_589_/ZN (MUX3ND0BWP30P140)
   0.0331    3.6239 v accAdder/_677_/ZN (AOI221D0BWP30P140)
   0.0251    3.6490 ^ accAdder/_678_/ZN (ND3D0BWP30P140)
   0.0175    3.6665 v accAdder/_680_/ZN (OAI21D0BWP30P140)
   0.0236    3.6901 ^ accAdder/_681_/ZN (AOI21D0BWP30P140)
   0.0255    3.7156 v accAdder/_682_/ZN (MAOI222D0BWP30P140)
   0.0329    3.7485 ^ accAdder/_684_/ZN (MAOI222D0BWP30P140)
   0.0301    3.7786 v accAdder/_686_/ZN (MAOI222D0BWP30P140)
   0.0324    3.8109 ^ accAdder/_687_/ZN (AOI211D0BWP30P140)
   0.0238    3.8348 v accAdder/_688_/ZN (OAI32D0BWP30P140)
   0.0302    3.8650 ^ accAdder/_698_/ZN (AOI211D0BWP30P140)
   0.0230    3.8880 ^ accAdder/_700_/Z (OR2D0BWP30P140)
   0.1489    4.0369 v accAdder/_751_/ZN (AOI31D0BWP30P140)
   0.0882    4.1250 v accAdder/_791_/ZN (MUX4ND0BWP30P140)
   0.0430    4.1681 ^ accAdder/_792_/ZN (NR4D0BWP30P140)
   0.0345    4.2026 v accAdder/_798_/ZN (IND4D0BWP30P140)
   0.0296    4.2321 ^ accAdder/_801_/ZN (NR3D0BWP30P140)
   0.0291    4.2613 v accAdder/_803_/ZN (IND3D0BWP30P140)
   0.0406    4.3019 ^ accAdder/_805_/ZN (MAOI222D0BWP30P140)
   0.0426    4.3445 v accAdder/_810_/ZN (IND4D0BWP30P140)
   0.0444    4.3890 ^ accAdder/_820_/ZN (AOI211D0BWP30P140)
   0.0333    4.4223 ^ accAdder/_821_/Z (AN3D0BWP30P140)
   0.0241    4.4464 ^ accAdder/_828_/ZN (MAOI22D0BWP30P140)
   0.0569    4.5033 v accAdder/_855_/ZN (OAI31D0BWP30P140)
   0.0427    4.5460 ^ accAdder/_877_/ZN (INR4D0BWP30P140)
   0.0262    4.5722 ^ _32_/Z (AO22D0BWP30P140)
   0.0000    4.5722 ^ _42_/D (DFCNQD1BWP30P140)
             4.5722   data arrival time

   2.0000    2.0000   clock CORE_CLK (rise edge)
   0.0000    2.0000   clock network delay (ideal)
  -0.0500    1.9500   clock uncertainty
   0.0000    1.9500   clock reconvergence pessimism
             1.9500 ^ _42_/CP (DFCNQD1BWP30P140)
  -0.0170    1.9330   library setup time
             1.9330   data required time
-------------------------------------------------------------
             1.9330   data required time
            -4.5722   data arrival time
-------------------------------------------------------------
            -2.6392   slack (VIOLATED)


