Startpoint: reset (input port clocked by CORE_CLK)
Endpoint: _42_ (recovery check against rising-edge clock CORE_CLK)
Path Group: asynchronous
Path Type: max

    Delay      Time   Description
-------------------------------------------------------------
   0.0000    0.0000   clock CORE_CLK (rise edge)
   0.0000    0.0000   clock network delay (ideal)
   0.0000    0.0000 ^ input external delay
   0.0000    0.0000 ^ reset (in)
   0.0000    0.0000 ^ _42_/CDN (DFCNQD1BWP30P140)
             0.0000   data arrival time

   2.0000    2.0000   clock CORE_CLK (rise edge)
   0.0000    2.0000   clock network delay (ideal)
  -0.0500    1.9500   clock uncertainty
   0.0000    1.9500   clock reconvergence pessimism
             1.9500 ^ _42_/CP (DFCNQD1BWP30P140)
   0.0258    1.9758   library recovery time
             1.9758   data required time
-------------------------------------------------------------
             1.9758   data required time
            -0.0000   data arrival time
-------------------------------------------------------------
             1.9758   slack (MET)


Startpoint: io_op_a_i[4] (input port clocked by CORE_CLK)
Endpoint: _57_ (rising edge-triggered flip-flop clocked by CORE_CLK)
Path Group: CORE_CLK
Path Type: max

    Delay      Time   Description
-------------------------------------------------------------
   0.0000    0.0000   clock CORE_CLK (rise edge)
   0.0000    0.0000   clock network delay (ideal)
   0.0000    0.0000 v input external delay
   0.0000    0.0000 v io_op_a_i[4] (in)
   0.0302    0.0302 v op/_068_/Z (OR3D0BWP30P140)
   0.0245    0.0547 ^ op/_071_/ZN (INR2D0BWP30P140)
   0.0255    0.0803 ^ op/_072_/Z (OR4D0BWP30P140)
   0.0276    0.1078 ^ op/_075_/ZN (IAO21D0BWP30P140)
   0.0252    0.1330 v op/_077_/ZN (MAOI222D0BWP30P140)
   0.0374    0.1704 ^ op/_078_/ZN (MAOI222D0BWP30P140)
   0.0360    0.2065 ^ op/_081_/Z (OA21D0BWP30P140)
   0.0179    0.2244 v tree/_08510_/ZN (CKND0BWP30P140)
   0.0217    0.2461 ^ tree/_08602_/ZN (AOI22D0BWP30P140)
   0.0219    0.2680 v tree/_08603_/ZN (IOA21D0BWP30P140)
   0.0381    0.3060 v tree/_08606_/Z (AO21D0BWP30P140)
   0.0319    0.3379 v tree/_08616_/ZN (MUX2ND0BWP30P140)
   0.0290    0.3669 ^ tree/_08618_/ZN (AOI221D0BWP30P140)
   0.0227    0.3896 ^ tree/_08623_/Z (OA21D0BWP30P140)
   0.0327    0.4223 v tree/_08628_/ZN (OAI21D0BWP30P140)
   0.0285    0.4509 ^ tree/_08646_/ZN (AOI21D0BWP30P140)
   0.0231    0.4740 v tree/_08648_/ZN (OAI33D0BWP30P140)
   0.0287    0.5027 v tree/_08649_/Z (AO21D0BWP30P140)
   0.0131    0.5158 ^ tree/_08656_/ZN (AOI21D0BWP30P140)
   0.0401    0.5560 v tree/_08658_/ZN (MOAI22D0BWP30P140)
   0.0364    0.5924 v tree/_08665_/ZN (MUX2ND0BWP30P140)
   0.0281    0.6205 v tree/_08667_/ZN (MAOI22D0BWP30P140)
   0.0216    0.6421 ^ tree/_08672_/ZN (AOI221D0BWP30P140)
   0.0203    0.6624 v tree/_08681_/ZN (OAI21D0BWP30P140)
   0.0370    0.6993 ^ tree/_08684_/ZN (AOI21D0BWP30P140)
   0.0295    0.7288 ^ tree/_08695_/ZN (MUX2ND0BWP30P140)
   0.0295    0.7583 v tree/_08697_/ZN (OAI221D0BWP30P140)
   0.0257    0.7840 v tree/_08702_/Z (AO21D0BWP30P140)
   0.0270    0.8110 ^ tree/_08707_/ZN (AOI21D0BWP30P140)
   0.0153    0.8263 v tree/_08709_/ZN (NR2D0BWP30P140)
   0.0355    0.8618 ^ tree/_08718_/Z (CKMUX2D0BWP30P140)
   0.0273    0.8891 v tree/_08720_/ZN (OAI221D0BWP30P140)
   0.0240    0.9131 v tree/_08727_/Z (AO21D0BWP30P140)
   0.0464    0.9595 ^ tree/_08732_/ZN (AOI221D0BWP30P140)
   0.0199    0.9794 v tree/_08733_/ZN (NR2D0BWP30P140)
   0.0338    1.0131 ^ tree/_08746_/Z (CKMUX2D0BWP30P140)
   0.0265    1.0396 v tree/_08748_/ZN (OAI221D0BWP30P140)
   0.0238    1.0634 v tree/_08755_/Z (AO21D0BWP30P140)
   0.0380    1.1014 ^ tree/_08760_/ZN (AOI21D0BWP30P140)
   0.0350    1.1364 ^ tree/_08761_/Z (OR2D0BWP30P140)
   0.0165    1.1528 v tree/_08774_/ZN (AOI211D0BWP30P140)
   0.0373    1.1902 v tree/_08775_/Z (AO211D0BWP30P140)
   0.0164    1.2065 ^ tree/_08782_/ZN (AOI21D0BWP30P140)
   0.0420    1.2485 ^ tree/_08788_/ZN (IAO21D0BWP30P140)
   0.0232    1.2717 ^ tree/_08800_/Z (OR3D0BWP30P140)
   0.0236    1.2953 v tree/_08803_/ZN (AOI33D0BWP30P140)
   0.0431    1.3384 ^ tree/_08806_/ZN (AOI222D0BWP30P140)
   0.0288    1.3673 ^ tree/_08815_/ZN (IAO21D0BWP30P140)
   0.0387    1.4060 v tree/_08820_/ZN (OAI21D0BWP30P140)
   0.0419    1.4478 ^ tree/_08829_/Z (CKMUX2D0BWP30P140)
   0.0211    1.4689 v tree/_08831_/ZN (AOI221D0BWP30P140)
   0.0232    1.4920 v tree/_08836_/ZN (IAO21D0BWP30P140)
   0.0295    1.5215 ^ tree/_08841_/ZN (OAI21D0BWP30P140)
   0.0410    1.5625 ^ tree/_08843_/Z (OA211D0BWP30P140)
   0.0181    1.5806 v tree/_08852_/ZN (OAI33D0BWP30P140)
   0.0243    1.6049 ^ tree/_08853_/ZN (AOI22D0BWP30P140)
   0.0251    1.6300 v tree/_08861_/ZN (OAI221D0BWP30P140)
   0.0396    1.6696 ^ tree/_08866_/ZN (AOI21D0BWP30P140)
   0.0160    1.6856 v tree/_08868_/ZN (NR2D0BWP30P140)
   0.0289    1.7144 v tree/_08889_/ZN (MUX2ND0BWP30P140)
   0.0322    1.7466 v tree/_08891_/Z (AO22D0BWP30P140)
   0.0255    1.7721 ^ tree/_08896_/ZN (OAI222D0BWP30P140)
   0.0332    1.8054 v tree/_08899_/ZN (AOI21D0BWP30P140)
   0.0348    1.8402 ^ tree/_08909_/ZN (OAI31D0BWP30P140)
   0.0304    1.8706 v tree/_08911_/ZN (OAI221D0BWP30P140)
   0.0259    1.8965 v tree/_08916_/ZN (IOA21D0BWP30P140)
   0.0346    1.9311 v tree/_08922_/ZN (IOA21D0BWP30P140)
   0.0342    1.9653 ^ tree/_08928_/ZN (AOI221D0BWP30P140)
   0.0258    1.9910 v tree/_08932_/ZN (OAI33D0BWP30P140)
   0.0384    2.0295 ^ tree/_08939_/ZN (AOI222D0BWP30P140)
   0.0306    2.0601 ^ tree/_08948_/ZN (IAO21D0BWP30P140)
   0.0252    2.0853 ^ tree/_08950_/Z (OA21D0BWP30P140)
   0.0502    2.1355 v tree/_08960_/ZN (OAI21D0BWP30P140)
   0.0333    2.1688 v tree/_08983_/Z (AN2D0BWP30P140)
   0.0144    2.1832 ^ tree/_08985_/ZN (NR3D0BWP30P140)
   0.0258    2.2090 v tree/_08986_/ZN (AOI31D0BWP30P140)
   0.0778    2.2868 v tree/_08988_/Z (AO21D0BWP30P140)
   0.1993    2.4861 ^ tree/_08998_/ZN (MUX2ND0BWP30P140)
   0.0628    2.5489 v tree/_09221_/ZN (MAOI222D0BWP30P140)
   0.0510    2.5999 ^ tree/_09224_/ZN (AOI211D0BWP30P140)
   0.0320    2.6319 ^ tree/_09226_/Z (OA21D0BWP30P140)
   0.0300    2.6619 v tree/_09245_/ZN (OAI32D0BWP30P140)
   0.1295    2.7914 ^ tree/_09252_/ZN (AOI211D0BWP30P140)
   0.0311    2.8225 v tree/_09259_/ZN (MUX2ND0BWP30P140)
   0.0473    2.8697 ^ tree/_09272_/ZN (MUX3ND0BWP30P140)
   0.0339    2.9036 v tree/_09274_/ZN (ND3D0BWP30P140)
   0.0358    2.9394 v tree/_09393_/Z (AO21D0BWP30P140)
   0.0316    2.9710 v tree/_15922_/ZN (XNR2UD0BWP30P140)
   0.0607    3.0317 ^ tree/_15981_/ZN (XNR4D0BWP30P140)
   0.0276    3.0594 ^ tree/_15987_/ZN (XNR2UD0BWP30P140)
   0.0349    3.0943 ^ tree/_16050_/ZN (XNR2UD0BWP30P140)
   0.0526    3.1469 v tree/_16122_/ZN (XNR3UD0BWP30P140)
   0.0652    3.2121 v tree/_16180_/Z (XOR3UD0BWP30P140)
   0.0577    3.2698 v tree/_16212_/Z (XOR3UD0BWP30P140)
   0.0183    3.2881 ^ tree/_16213_/ZN (CKND0BWP30P140)
   0.0500    3.3382 v tree/_16231_/ZN (XNR3UD0BWP30P140)
   0.0355    3.3737 ^ tree/_16239_/ZN (MAOI222D0BWP30P140)
   0.0206    3.3943 v tree/_16241_/ZN (OAI21D0BWP30P140)
   0.0342    3.4285 ^ tree/_16242_/ZN (MAOI222D0BWP30P140)
   0.0251    3.4537 v tree/_16245_/ZN (OAI21D0BWP30P140)
   0.0360    3.4896 ^ tree/_16247_/ZN (MAOI222D0BWP30P140)
   0.0253    3.5149 v tree/_16250_/ZN (OAI21D0BWP30P140)
   0.0359    3.5508 ^ tree/_16252_/ZN (MAOI222D0BWP30P140)
   0.0203    3.5711 v tree/_16254_/ZN (OAI21D0BWP30P140)
   0.0340    3.6051 ^ tree/_16255_/ZN (MAOI222D0BWP30P140)
   0.0255    3.6306 v tree/_16257_/ZN (OAI21D0BWP30P140)
   0.0360    3.6666 ^ tree/_16259_/ZN (MAOI222D0BWP30P140)
   0.0251    3.6917 v tree/_16261_/ZN (OAI21D0BWP30P140)
   0.0360    3.7277 ^ tree/_16263_/ZN (MAOI222D0BWP30P140)
   0.0256    3.7533 v tree/_16265_/ZN (OAI21D0BWP30P140)
   0.0361    3.7894 ^ tree/_16267_/ZN (MAOI222D0BWP30P140)
   0.0250    3.8144 v tree/_16269_/ZN (OAI21D0BWP30P140)
   0.0358    3.8502 ^ tree/_16271_/ZN (MAOI222D0BWP30P140)
   0.0250    3.8752 v tree/_16274_/ZN (OAI21D0BWP30P140)
   0.0383    3.9135 ^ tree/_16276_/ZN (MAOI222D0BWP30P140)
   0.0258    3.9393 v tree/_16284_/ZN (OAI31D0BWP30P140)
   0.0300    3.9693 ^ tree/_16286_/ZN (AOI211D0BWP30P140)
   0.0246    3.9939 v tree/_16288_/ZN (OAI31D0BWP30P140)
   0.0242    4.0181 ^ tree/_16290_/ZN (OAI211D0BWP30P140)
   0.0271    4.0452 v tree/_16292_/ZN (AOI31D0BWP30P140)
   0.0310    4.0762 ^ tree/_16295_/ZN (AOI211D0BWP30P140)
   0.0235    4.0997 v tree/_16297_/ZN (OAI31D0BWP30P140)
   0.0365    4.1362 ^ tree/_16299_/ZN (MAOI222D0BWP30P140)
   0.0252    4.1613 v tree/_16302_/ZN (OAI21D0BWP30P140)
   0.0391    4.2004 ^ tree/_16304_/ZN (MAOI222D0BWP30P140)
   0.0285    4.2289 v tree/_16308_/ZN (OAI211D0BWP30P140)
   0.0360    4.2649 ^ tree/_16310_/ZN (AOI31D0BWP30P140)
   0.0297    4.2946 ^ tree/_16312_/Z (AO211D0BWP30P140)
   0.0335    4.3281 v tree/_16314_/ZN (AOI33D0BWP30P140)
   0.0353    4.3634 ^ tree/_16316_/ZN (AOI211D0BWP30P140)
   0.0230    4.3864 v tree/_16318_/ZN (OAI31D0BWP30P140)
   0.0266    4.4131 ^ tree/_16319_/ZN (AOI21D0BWP30P140)
   0.0235    4.4366 v tree/_16321_/ZN (OAI211D0BWP30P140)
   0.0347    4.4713 ^ tree/_16323_/ZN (AOI31D0BWP30P140)
   0.0297    4.5010 ^ tree/_16325_/Z (AO211D0BWP30P140)
   0.0335    4.5345 v tree/_16327_/ZN (AOI33D0BWP30P140)
   0.0351    4.5695 ^ tree/_16329_/ZN (AOI211D0BWP30P140)
   0.0229    4.5924 v tree/_16331_/ZN (OAI31D0BWP30P140)
   0.0286    4.6210 v tree/_16332_/ZN (IAO21D0BWP30P140)
   0.0926    4.7136 ^ tree/_16340_/ZN (XNR2UD0BWP30P140)
   0.0792    4.7928 v tree/_16341_/ZN (CKND0BWP30P140)
   0.0393    4.8321 ^ tree/_16411_/ZN (OAI31D0BWP30P140)
   0.0454    4.8775 ^ tree/_16414_/ZN (INR4D0BWP30P140)
   0.0408    4.9182 v tree/_16417_/ZN (ND4D0BWP30P140)
   0.0373    4.9555 ^ tree/_16425_/ZN (NR4D0BWP30P140)
   0.0439    4.9994 ^ tree/_16429_/ZN (INR4D0BWP30P140)
   0.0270    5.0265 v tree/_16432_/ZN (IND3D0BWP30P140)
   0.0287    5.0552 v tree/_16435_/ZN (IND2D0BWP30P140)
   0.0384    5.0936 v tree/_16437_/Z (OR4D0BWP30P140)
   0.0266    5.1202 ^ tree/_16441_/ZN (NR4D0BWP30P140)
   0.0130    5.1332 v tree/_16442_/ZN (CKND2D0BWP30P140)
   0.0173    5.1505 ^ tree/_16445_/ZN (NR3D0BWP30P140)
   0.0237    5.1741 ^ tree/_16448_/Z (AN2D0BWP30P140)
   0.0259    5.2001 v tree/_16452_/ZN (AOI31D0BWP30P140)
   0.0415    5.2416 v tree/_16454_/Z (AO21D0BWP30P140)
   0.0164    5.2580 ^ tree/_16457_/ZN (NR2D0BWP30P140)
   0.0235    5.2815 ^ tree/_16459_/Z (AN2D0BWP30P140)
   0.0283    5.3098 ^ tree/_16462_/Z (AN3D0BWP30P140)
   0.0149    5.3247 v tree/_16465_/ZN (AOI21D0BWP30P140)
   0.0311    5.3558 v tree/_16466_/Z (OR2D0BWP30P140)
   0.0164    5.3722 ^ tree/_16470_/ZN (OAI21D0BWP30P140)
   0.0281    5.4003 ^ tree/_16471_/Z (AO21D0BWP30P140)
   0.0223    5.4227 ^ tree/_16475_/Z (AN2D0BWP30P140)
   0.0153    5.4380 v tree/_16477_/ZN (AOI21D0BWP30P140)
   0.0284    5.4664 v tree/_16480_/Z (XOR2UD0BWP30P140)
   0.0125    5.4789 ^ tree/_16481_/ZN (CKND0BWP30P140)
   0.0157    5.4946 ^ tree/_16664_/Z (OR2D0BWP30P140)
   0.5037    5.9983 v tree/_16694_/ZN (OAI21D0BWP30P140)
   0.1693    6.1676 v tree/_16705_/ZN (MUX4ND0BWP30P140)
   0.0872    6.2548 v tree/_16707_/Z (MUX4D0BWP30P140)
   0.0343    6.2891 v tree/_16890_/ZN (IND4D0BWP30P140)
   0.0338    6.3229 ^ tree/_16891_/ZN (AOI211D0BWP30P140)
   0.0206    6.3435 v tree/_16903_/ZN (AOI33D0BWP30P140)
   0.0295    6.3730 ^ tree/_16915_/ZN (NR4D0BWP30P140)
   0.0286    6.4016 v tree/_16917_/ZN (AOI221D0BWP30P140)
   0.0260    6.4277 v tree/_16920_/ZN (INR4D0BWP30P140)
   0.0264    6.4541 ^ tree/_16921_/ZN (ND3D0BWP30P140)
   0.0462    6.5003 ^ tree/_16923_/ZN (INR2D0BWP30P140)
   0.0238    6.5242 v sa/_598_/ZN (CKND2D0BWP30P140)
   0.0260    6.5502 v sa/_601_/ZN (IAO21D0BWP30P140)
   0.0254    6.5756 v sa/_627_/ZN (XNR2UD0BWP30P140)
   0.0333    6.6089 v sa/_636_/Z (XOR2UD0BWP30P140)
   0.0694    6.6783 ^ sa/_658_/ZN (XNR4D0BWP30P140)
   0.0651    6.7434 ^ sa/_691_/ZN (XNR4D0BWP30P140)
   0.0259    6.7692 v sa/_717_/ZN (MAOI222D0BWP30P140)
   0.0338    6.8030 ^ sa/_718_/ZN (MAOI222D0BWP30P140)
   0.0266    6.8296 v sa/_719_/ZN (MAOI222D0BWP30P140)
   0.0341    6.8637 ^ sa/_720_/ZN (MAOI222D0BWP30P140)
   0.0267    6.8904 v sa/_721_/ZN (MAOI222D0BWP30P140)
   0.0396    6.9300 ^ sa/_722_/ZN (MAOI222D0BWP30P140)
   0.0186    6.9486 v sa/_725_/ZN (AOI21D0BWP30P140)
   0.0157    6.9643 ^ sa/_740_/ZN (OAI21D0BWP30P140)
   0.0315    6.9957 ^ sa/_741_/Z (OA21D0BWP30P140)
   0.0128    7.0085 v conv/_187_/ZN (NR2D0BWP30P140)
   0.0174    7.0259 v conv/_188_/ZN (INR3D0BWP30P140)
   0.1329    7.1588 ^ conv/_189_/ZN (OAI31D0BWP30P140)
   0.0487    7.2075 v conv/_190_/ZN (CKND0BWP30P140)
   0.0411    7.2486 ^ conv/_212_/ZN (OAI32D0BWP30P140)
   0.0198    7.2684 ^ conv/_255_/ZN (IND4D0BWP30P140)
   0.0258    7.2942 ^ conv/_259_/Z (AO21D0BWP30P140)
   0.0320    7.3262 v conv/_263_/ZN (ND4D0BWP30P140)
   0.0394    7.3656 ^ conv/_270_/ZN (INR4D0BWP30P140)
   0.0360    7.4016 v conv/_275_/ZN (IND3D0BWP30P140)
   0.0498    7.4515 ^ conv/_277_/ZN (INR4D0BWP30P140)
   0.0236    7.4751 v conv/_284_/ZN (AOI21D0BWP30P140)
   0.0930    7.5681 ^ conv/_307_/ZN (OAI31D0BWP30P140)
   0.0369    7.6051 v conv/_323_/ZN (NR3D0BWP30P140)
   0.0335    7.6386 v accAdder/_0528_/Z (OR2D0BWP30P140)
   0.0287    7.6673 ^ accAdder/_0531_/ZN (CKND2D0BWP30P140)
   0.0235    7.6908 v accAdder/_0532_/ZN (CKND2D0BWP30P140)
   0.0235    7.7143 ^ accAdder/_0534_/ZN (NR2D0BWP30P140)
   0.0166    7.7309 v accAdder/_0540_/ZN (CKND2D0BWP30P140)
   0.0205    7.7513 ^ accAdder/_0549_/ZN (NR3D0BWP30P140)
   0.0533    7.8046 ^ accAdder/_0561_/ZN (INR4D0BWP30P140)
   0.0946    7.8992 v accAdder/_0588_/Z (CKMUX2D0BWP30P140)
   0.1083    8.0075 ^ accAdder/_0616_/ZN (OAI31D0BWP30P140)
   0.0321    8.0395 v accAdder/_0618_/ZN (NR3D0BWP30P140)
   0.0487    8.0882 ^ accAdder/_0697_/ZN (AOI222D0BWP30P140)
   0.0161    8.1043 v accAdder/_0768_/ZN (AOI211D0BWP30P140)
   0.0485    8.1528 ^ accAdder/_0772_/ZN (AOI211D0BWP30P140)
   0.0239    8.1767 v accAdder/_0774_/ZN (ND3D0BWP30P140)
   0.0228    8.1995 ^ accAdder/_0776_/ZN (OAI21D0BWP30P140)
   0.0237    8.2232 v accAdder/_0778_/ZN (MAOI222D0BWP30P140)
   0.0231    8.2464 ^ accAdder/_0779_/ZN (OAI21D0BWP30P140)
   0.0235    8.2699 ^ accAdder/_0780_/Z (AO21D0BWP30P140)
   0.0230    8.2929 v accAdder/_0781_/ZN (MAOI222D0BWP30P140)
   0.0336    8.3264 ^ accAdder/_0783_/ZN (MAOI222D0BWP30P140)
   0.0263    8.3528 ^ accAdder/_0785_/Z (AO21D0BWP30P140)
   0.0132    8.3660 v accAdder/_0795_/ZN (AOI211D0BWP30P140)
   0.0343    8.4003 ^ accAdder/_0796_/ZN (AOI21D0BWP30P140)
   0.0211    8.4214 ^ accAdder/_0799_/Z (XOR2UD0BWP30P140)
   0.0189    8.4403 v accAdder/_0869_/ZN (AOI211D0BWP30P140)
   0.1133    8.5536 ^ accAdder/_0870_/ZN (NR2D0BWP30P140)
   0.0524    8.6059 v accAdder/_0893_/ZN (MUX3ND0BWP30P140)
   0.0383    8.6442 ^ accAdder/_0903_/ZN (NR3D0BWP30P140)
   0.0411    8.6853 v accAdder/_0907_/ZN (ND4D0BWP30P140)
   0.0482    8.7336 ^ accAdder/_0917_/ZN (INR4D0BWP30P140)
   0.0337    8.7673 ^ accAdder/_0919_/ZN (INR3D0BWP30P140)
   0.0242    8.7915 ^ accAdder/_0920_/ZN (INR2D0BWP30P140)
   0.0341    8.8256 v accAdder/_0921_/ZN (MAOI222D0BWP30P140)
   0.0498    8.8754 v accAdder/_0927_/Z (OR4D0BWP30P140)
   0.0333    8.9087 v accAdder/_0937_/Z (AO211D0BWP30P140)
   0.0247    8.9334 ^ accAdder/_0941_/ZN (OAI31D0BWP30P140)
   0.1007    9.0341 v accAdder/_0944_/ZN (OAI211D0BWP30P140)
   0.0461    9.0802 ^ accAdder/_0957_/ZN (INR3D0BWP30P140)
   0.0279    9.1082 ^ _39_/Z (AO22D0BWP30P140)
   0.0000    9.1082 ^ _57_/D (DFCNQD1BWP30P140)
             9.1082   data arrival time

   2.0000    2.0000   clock CORE_CLK (rise edge)
   0.0000    2.0000   clock network delay (ideal)
  -0.0500    1.9500   clock uncertainty
   0.0000    1.9500   clock reconvergence pessimism
             1.9500 ^ _57_/CP (DFCNQD1BWP30P140)
  -0.0171    1.9329   library setup time
             1.9329   data required time
-------------------------------------------------------------
             1.9329   data required time
            -9.1082   data arrival time
-------------------------------------------------------------
            -7.1752   slack (VIOLATED)


