
6. Printing statistics.

=== BFP_PE ===

        +----------Local Count, excluding submodules.
        |        +-Local Area, excluding submodules.
        |        | 
       49        - wires
      254        - wire bits
       29        - public wires
      234        - public wire bits
       10        - ports
      109        - port bits
       39   57.582 cells
       18   13.608   AO22D0BWP30P140
       19   43.092   DFCNQD1BWP30P140
        1    0.504   INR2D0BWP30P140
        1    0.378   NR2D0BWP30P140
        7        - submodules
        4        -   CustomOperator_E4M3_to_E3M2
        1        -   DirectToFP9b_E4M3_x_E3M2_UE8M0
        1        -   FPNAdder
        1        -   FixedFPTree_exp6_mant7_out7_vec4_range18

   Chip area for module '\BFP_PE': 57.582000
     of which used for sequential elements: 43.092000 (74.84%)

=== FPNAdder ===

        +----------Local Count, excluding submodules.
        |        +-Local Area, excluding submodules.
        |        | 
      448        - wires
      529        - wire bits
        6        - public wires
       87        - public wire bits
        3        - ports
       54        - port bits
      460  285.516 cells
       21   10.584   AN2D0BWP30P140
        6     3.78   AN3D0BWP30P140
        8     5.04   AO21D0BWP30P140
        3    2.268   AO22D0BWP30P140
       12     7.56   AOI211D0BWP30P140
       19    9.576   AOI21D0BWP30P140
        5     3.78   AOI221D0BWP30P140
        1    1.008   AOI222D0BWP30P140
        6     3.78   AOI22D0BWP30P140
        5     3.15   AOI31D0BWP30P140
        1    0.756   AOI32D0BWP30P140
        1    0.882   AOI33D0BWP30P140
        8    7.056   CKMUX2D0BWP30P140
       27    6.804   CKND0BWP30P140
       28   10.584   CKND2D0BWP30P140
        5     3.15   IAO21D0BWP30P140
       16    8.064   IND2D0BWP30P140
        1     0.63   IND3D0BWP30P140
        2    1.512   IND4D0BWP30P140
       16    8.064   INR2D0BWP30P140
        2     1.26   INR3D0BWP30P140
        4    3.024   INR4D0BWP30P140
        1     0.63   IOA21D0BWP30P140
        6    4.536   MAOI222D0BWP30P140
        3    2.268   MAOI22D0BWP30P140
        3    2.268   MOAI22D0BWP30P140
       35    26.46   MUX2ND0BWP30P140
        3    5.292   MUX3D0BWP30P140
        1    1.638   MUX3ND0BWP30P140
        1    2.394   MUX4D0BWP30P140
        5    11.34   MUX4ND0BWP30P140
       11    5.544   ND3D0BWP30P140
        9     5.67   ND4D0BWP30P140
       43   16.254   NR2D0BWP30P140
       19    9.576   NR3D0BWP30P140
        7     4.41   NR4D0BWP30P140
        3    2.268   OA211D0BWP30P140
       11     6.93   OA21D0BWP30P140
        1    0.882   OA22D0BWP30P140
       12     7.56   OAI211D0BWP30P140
       12    6.048   OAI21D0BWP30P140
        3    2.646   OAI221D0BWP30P140
        7     4.41   OAI22D0BWP30P140
        6     3.78   OAI31D0BWP30P140
        1    0.756   OAI32D0BWP30P140
        1    0.882   OAI33D0BWP30P140
        9    4.536   OR2D0BWP30P140
        2     1.26   OR3D0BWP30P140
        2    1.512   OR4D0BWP30P140
       30    26.46   XNR2UD0BWP30P140
       15    13.23   XOR2UD0BWP30P140
        1    1.764   XOR3UD0BWP30P140

   Chip area for module '\FPNAdder': 285.516000
     of which used for sequential elements: 0.000000 (0.00%)

=== DirectToFP9b_E4M3_x_E3M2_UE8M0 ===

        +----------Local Count, excluding submodules.
        |        +-Local Area, excluding submodules.
        |        | 
       80        - wires
      122        - wire bits
        6        - public wires
       48        - public wire bits
        6        - ports
       48        - port bits
       89   61.488 cells
        2    1.008   AN2D0BWP30P140
        1     0.63   AOI211D0BWP30P140
        2    1.008   AOI21D0BWP30P140
        1     0.63   AOI22D0BWP30P140
        1    0.252   CKND0BWP30P140
        6    2.268   CKND2D0BWP30P140
        3    1.512   IND2D0BWP30P140
        1     0.63   IND3D0BWP30P140
        1    0.756   IND4D0BWP30P140
        5     2.52   INR2D0BWP30P140
        6     3.78   INR3D0BWP30P140
        7    5.292   MAOI222D0BWP30P140
        3    1.512   ND3D0BWP30P140
        1     0.63   ND4D0BWP30P140
       15     5.67   NR2D0BWP30P140
        2    1.008   NR3D0BWP30P140
        2     1.26   NR4D0BWP30P140
        1    0.756   OA211D0BWP30P140
        2    1.008   OAI21D0BWP30P140
        1    0.882   OAI221D0BWP30P140
        1    0.504   OR2D0BWP30P140
        1     0.63   OR3D0BWP30P140
        8    7.056   XNR2UD0BWP30P140
        6   10.584   XNR3UD0BWP30P140
        9    7.938   XOR2UD0BWP30P140
        1    1.764   XOR3UD0BWP30P140

   Chip area for module '\DirectToFP9b_E4M3_x_E3M2_UE8M0': 61.488000
     of which used for sequential elements: 0.000000 (0.00%)

=== FixedFPTree_exp6_mant7_out7_vec4_range18 ===

        +----------Local Count, excluding submodules.
        |        +-Local Area, excluding submodules.
        |        | 
     1352        - wires
     1523        - wire bits
       19        - public wires
      190        - public wire bits
       15        - ports
       70        - port bits
     1347  913.878 cells
       37   18.648   AN2D0BWP30P140
        7     4.41   AN3D0BWP30P140
        2    1.512   AN4D0BWP30P140
        3    2.268   AO211D0BWP30P140
       16    10.08   AO21D0BWP30P140
        6    4.536   AO22D0BWP30P140
       14     8.82   AOI211D0BWP30P140
       70    35.28   AOI21D0BWP30P140
        2    1.512   AOI221D0BWP30P140
        1    1.008   AOI222D0BWP30P140
       27    17.01   AOI22D0BWP30P140
       10      6.3   AOI31D0BWP30P140
        2    1.512   AOI32D0BWP30P140
        1    0.882   AOI33D0BWP30P140
       28   24.696   CKMUX2D0BWP30P140
       84   21.168   CKND0BWP30P140
      124   46.872   CKND2D0BWP30P140
       22    13.86   IAO21D0BWP30P140
       38   19.152   IND2D0BWP30P140
        5     3.15   IND3D0BWP30P140
        5     3.78   IND4D0BWP30P140
       25     12.6   INR2D0BWP30P140
        2     1.26   INR3D0BWP30P140
        3    2.268   INR4D0BWP30P140
       10      6.3   IOA21D0BWP30P140
        1    0.882   IOA22D0BWP30P140
       57   43.092   MAOI222D0BWP30P140
        6    4.536   MAOI22D0BWP30P140
        1    0.756   MOAI22D0BWP30P140
       83   62.748   MUX2ND0BWP30P140
        1    1.764   MUX3D0BWP30P140
        6    9.828   MUX3ND0BWP30P140
        4    9.576   MUX4D0BWP30P140
       20    45.36   MUX4ND0BWP30P140
       20    10.08   ND3D0BWP30P140
        4     2.52   ND4D0BWP30P140
      124   46.872   NR2D0BWP30P140
       25     12.6   NR3D0BWP30P140
        4     2.52   NR4D0BWP30P140
        6    4.536   OA211D0BWP30P140
       23    14.49   OA21D0BWP30P140
       15     9.45   OAI211D0BWP30P140
       50     25.2   OAI21D0BWP30P140
        1    0.882   OAI221D0BWP30P140
       14     8.82   OAI22D0BWP30P140
       10      6.3   OAI31D0BWP30P140
        2    1.512   OAI32D0BWP30P140
        1    0.882   OAI33D0BWP30P140
       20    10.08   OR2D0BWP30P140
        6     3.78   OR3D0BWP30P140
        1    0.756   OR4D0BWP30P140
      135   119.07   XNR2UD0BWP30P140
       30    52.92   XNR3UD0BWP30P140
      116  102.312   XOR2UD0BWP30P140
       16   28.224   XOR3UD0BWP30P140
        1    2.646   XOR4D0BWP30P140

   Chip area for module '\FixedFPTree_exp6_mant7_out7_vec4_range18': 913.878000
     of which used for sequential elements: 0.000000 (0.00%)

=== CustomOperator_E4M3_to_E3M2 ===

        +----------Local Count, excluding submodules.
        |        +-Local Area, excluding submodules.
        |        | 
       51        - wires
       74        - wire bits
        5        - public wires
       28        - public wire bits
        5        - ports
       28        - port bits
       59    40.95 cells
        2    1.008   AN2D0BWP30P140
        1     0.63   AN3D0BWP30P140
        1    0.756   AN4D0BWP30P140
        2    1.008   AOI21D0BWP30P140
        1     0.63   AOI22D0BWP30P140
        1     0.63   AOI31D0BWP30P140
        2    0.504   CKND0BWP30P140
        8    3.024   CKND2D0BWP30P140
        1    0.504   INR2D0BWP30P140
        6    4.536   MAOI222D0BWP30P140
        1    0.756   MOAI22D0BWP30P140
        1    0.504   ND3D0BWP30P140
        4    1.512   NR2D0BWP30P140
        1    0.504   NR3D0BWP30P140
        1     0.63   NR4D0BWP30P140
        1    0.504   OAI21D0BWP30P140
        2     1.26   OAI22D0BWP30P140
        2     1.26   OAI31D0BWP30P140
        2    1.008   OR2D0BWP30P140
        1     0.63   OR3D0BWP30P140
        2    1.512   OR4D0BWP30P140
        3    2.646   XNR2UD0BWP30P140
        1    1.764   XNR3UD0BWP30P140
        9    7.938   XOR2UD0BWP30P140
        3    5.292   XOR3UD0BWP30P140

   Chip area for module '\CustomOperator_E4M3_to_E3M2': 40.950000
     of which used for sequential elements: 0.000000 (0.00%)

=== design hierarchy ===

        +----------Count including submodules.
        |        +-Area including submodules.
        |        | 
     2171 1.48E+03 BFP_PE
       59    40.95 CustomOperator_E4M3_to_E3M2
       89   61.488 DirectToFP9b_E4M3_x_E3M2_UE8M0
      460  285.516 FPNAdder
     1347  913.878 FixedFPTree_exp6_mant7_out7_vec4_range18

        +----------Count including submodules.
        |        +-Area including submodules.
        |        | 
     2133        - wires
     2724        - wire bits
       80        - public wires
      671        - public wire bits
       54        - ports
      393        - port bits
        -        - memories
        -        - memory bits
        -        - processes
     2171 1.48E+03 cells
       68   34.272   AN2D0BWP30P140
       17    10.71   AN3D0BWP30P140
        6    4.536   AN4D0BWP30P140
        3    2.268   AO211D0BWP30P140
       24    15.12   AO21D0BWP30P140
       27   20.412   AO22D0BWP30P140
       27    17.01   AOI211D0BWP30P140
       99   49.896   AOI21D0BWP30P140
        7    5.292   AOI221D0BWP30P140
        2    2.016   AOI222D0BWP30P140
       38    23.94   AOI22D0BWP30P140
       19    11.97   AOI31D0BWP30P140
        3    2.268   AOI32D0BWP30P140
        2    1.764   AOI33D0BWP30P140
       36   31.752   CKMUX2D0BWP30P140
      120    30.24   CKND0BWP30P140
      190    71.82   CKND2D0BWP30P140
       19   43.092   DFCNQD1BWP30P140
       27    17.01   IAO21D0BWP30P140
       57   28.728   IND2D0BWP30P140
        7     4.41   IND3D0BWP30P140
        8    6.048   IND4D0BWP30P140
       51   25.704   INR2D0BWP30P140
       10      6.3   INR3D0BWP30P140
        7    5.292   INR4D0BWP30P140
       11     6.93   IOA21D0BWP30P140
        1    0.882   IOA22D0BWP30P140
       94   71.064   MAOI222D0BWP30P140
        9    6.804   MAOI22D0BWP30P140
        8    6.048   MOAI22D0BWP30P140
      118   89.208   MUX2ND0BWP30P140
        4    7.056   MUX3D0BWP30P140
        7   11.466   MUX3ND0BWP30P140
        5    11.97   MUX4D0BWP30P140
       25     56.7   MUX4ND0BWP30P140
       38   19.152   ND3D0BWP30P140
       14     8.82   ND4D0BWP30P140
      199   75.222   NR2D0BWP30P140
       50     25.2   NR3D0BWP30P140
       17    10.71   NR4D0BWP30P140
       10     7.56   OA211D0BWP30P140
       34    21.42   OA21D0BWP30P140
        1    0.882   OA22D0BWP30P140
       27    17.01   OAI211D0BWP30P140
       68   34.272   OAI21D0BWP30P140
        5     4.41   OAI221D0BWP30P140
       29    18.27   OAI22D0BWP30P140
       24    15.12   OAI31D0BWP30P140
        3    2.268   OAI32D0BWP30P140
        2    1.764   OAI33D0BWP30P140
       38   19.152   OR2D0BWP30P140
       13     8.19   OR3D0BWP30P140
       11    8.316   OR4D0BWP30P140
      185   163.17   XNR2UD0BWP30P140
       40    70.56   XNR3UD0BWP30P140
      176  155.232   XOR2UD0BWP30P140
       30    52.92   XOR3UD0BWP30P140
        1    2.646   XOR4D0BWP30P140
        7 1.42E+03 submodules
        4    163.8   CustomOperator_E4M3_to_E3M2
        1   61.488   DirectToFP9b_E4M3_x_E3M2_UE8M0
        1  285.516   FPNAdder
        1  913.878   FixedFPTree_exp6_mant7_out7_vec4_range18

   Chip area for top module '\BFP_PE': 1482.264000
     of which used for sequential elements: 43.092000 (2.91%)

