
6. Printing statistics.

=== BFP_PE ===

        +----------Local Count, excluding submodules.
        |        +-Local Area, excluding submodules.
        |        | 
      333        - wires
     2749        - wire bits
      299        - public wires
     2715        - public wire bits
       10        - ports
      437        - port bits
       67   99.918 cells
       32   24.192   AO22D0BWP30P140
       33   74.844   DFCNQD1BWP30P140
        1    0.504   INR2D0BWP30P140
        1    0.378   NR2D0BWP30P140
       97        - submodules
       31        -   CustomFPAdder_exp7_mant19
       32        -   CustomOperator_INT8_to_E2M1
        1        -   FP32Adder
       32        -   ScaleAddition_INT8_to_E2M1_scale_UE4M4
        1        -   ScaleToFP32_INT8_x_E2M1_UE4M4

   Chip area for module '\BFP_PE': 99.918000
     of which used for sequential elements: 74.844000 (74.91%)

=== FP32Adder ===

        +----------Local Count, excluding submodules.
        |        +-Local Area, excluding submodules.
        |        | 
      872        - wires
     1037        - wire bits
        6        - public wires
      171        - public wire bits
        3        - ports
       96        - port bits
      898  554.904 cells
       18    9.072   AN2D0BWP30P140
        5     3.15   AN3D0BWP30P140
        4    3.024   AN4D0BWP30P140
        2    1.512   AO211D0BWP30P140
       13     8.19   AO21D0BWP30P140
        4    3.024   AO22D0BWP30P140
       10      6.3   AOI211D0BWP30P140
       52   26.208   AOI21D0BWP30P140
       10     7.56   AOI221D0BWP30P140
        2    2.016   AOI222D0BWP30P140
       32    20.16   AOI22D0BWP30P140
        2     1.26   AOI31D0BWP30P140
       19   16.758   CKMUX2D0BWP30P140
       65    16.38   CKND0BWP30P140
       72   27.216   CKND2D0BWP30P140
        6     3.78   IAO21D0BWP30P140
       20    10.08   IND2D0BWP30P140
        1     0.63   IND3D0BWP30P140
        2    1.512   IND4D0BWP30P140
       21   10.584   INR2D0BWP30P140
        8     5.04   INR3D0BWP30P140
        3    2.268   INR4D0BWP30P140
        7     4.41   IOA21D0BWP30P140
       30    22.68   MAOI222D0BWP30P140
       15    11.34   MAOI22D0BWP30P140
        4    3.024   MOAI22D0BWP30P140
      114   86.184   MUX2ND0BWP30P140
        1    1.764   MUX3D0BWP30P140
        1    1.638   MUX3ND0BWP30P140
        2    4.788   MUX4D0BWP30P140
       16   36.288   MUX4ND0BWP30P140
       14    7.056   ND3D0BWP30P140
        5     3.15   ND4D0BWP30P140
       99   37.422   NR2D0BWP30P140
       35    17.64   NR3D0BWP30P140
        8     5.04   NR4D0BWP30P140
        2    1.512   OA211D0BWP30P140
        6     3.78   OA21D0BWP30P140
        1    0.882   OA22D0BWP30P140
       13     8.19   OAI211D0BWP30P140
       41   20.664   OAI21D0BWP30P140
        1    0.882   OAI221D0BWP30P140
        1    1.008   OAI222D0BWP30P140
       10      6.3   OAI22D0BWP30P140
        6     3.78   OAI31D0BWP30P140
        3    2.268   OAI32D0BWP30P140
        1    0.882   OAI33D0BWP30P140
        6    3.024   OR2D0BWP30P140
        8     5.04   OR3D0BWP30P140
        2    1.512   OR4D0BWP30P140
       51   44.982   XNR2UD0BWP30P140
        1    1.764   XNR3UD0BWP30P140
       23   20.286   XOR2UD0BWP30P140

   Chip area for module '\FP32Adder': 554.904000
     of which used for sequential elements: 0.000000 (0.00%)

=== ScaleToFP32_INT8_x_E2M1_UE4M4 ===

        +----------Local Count, excluding submodules.
        |        +-Local Area, excluding submodules.
        |        | 
      124        - wires
      179        - wire bits
        4        - public wires
       59        - public wire bits
        4        - ports
       59        - port bits
      147   89.586 cells
        6    3.024   AN2D0BWP30P140
        2     1.26   AN3D0BWP30P140
        1    0.756   AO211D0BWP30P140
        4     2.52   AO21D0BWP30P140
        2     1.26   AOI211D0BWP30P140
        6    3.024   AOI21D0BWP30P140
        3    2.268   AOI221D0BWP30P140
        1     0.63   AOI22D0BWP30P140
        1     0.63   AOI31D0BWP30P140
       12   10.584   CKMUX2D0BWP30P140
        6    1.512   CKND0BWP30P140
        7    2.646   CKND2D0BWP30P140
        6     3.78   IAO21D0BWP30P140
        3    1.512   IND2D0BWP30P140
        6    3.024   INR2D0BWP30P140
        1     0.63   INR3D0BWP30P140
        1     0.63   IOA21D0BWP30P140
       27   20.412   MUX2ND0BWP30P140
        2    1.008   ND3D0BWP30P140
       14    5.292   NR2D0BWP30P140
        7    3.528   NR3D0BWP30P140
        3     1.89   NR4D0BWP30P140
        3     1.89   OA21D0BWP30P140
        5     2.52   OAI21D0BWP30P140
        2     1.26   OAI22D0BWP30P140
        4     2.52   OAI31D0BWP30P140
        1    0.756   OAI32D0BWP30P140
        1    0.504   OR2D0BWP30P140
        1     0.63   OR3D0BWP30P140
        2    1.512   OR4D0BWP30P140
        6    5.292   XNR2UD0BWP30P140
        1    0.882   XOR2UD0BWP30P140

   Chip area for module '\ScaleToFP32_INT8_x_E2M1_UE4M4': 89.586000
     of which used for sequential elements: 0.000000 (0.00%)

=== CustomFPAdder_exp7_mant19 ===

        +----------Local Count, excluding submodules.
        |        +-Local Area, excluding submodules.
        |        | 
      552        - wires
      645        - wire bits
       10        - public wires
      103        - public wire bits
        9        - ports
       81        - port bits
      569  366.534 cells
       15     7.56   AN2D0BWP30P140
        1    0.756   AO211D0BWP30P140
       15     9.45   AO21D0BWP30P140
        2    1.512   AO22D0BWP30P140
        8     5.04   AOI211D0BWP30P140
       19    9.576   AOI21D0BWP30P140
        2    1.512   AOI221D0BWP30P140
       14     8.82   AOI22D0BWP30P140
        9     5.67   AOI31D0BWP30P140
        2    1.764   AOI33D0BWP30P140
       11    9.702   CKMUX2D0BWP30P140
       52   13.104   CKND0BWP30P140
       35    13.23   CKND2D0BWP30P140
        6     3.78   IAO21D0BWP30P140
       20    10.08   IND2D0BWP30P140
        1     0.63   IND3D0BWP30P140
        2    1.512   IND4D0BWP30P140
       21   10.584   INR2D0BWP30P140
        2     1.26   INR3D0BWP30P140
        3    2.268   INR4D0BWP30P140
       10     7.56   MAOI222D0BWP30P140
        3    2.268   MAOI22D0BWP30P140
        4    3.024   MOAI22D0BWP30P140
       81   61.236   MUX2ND0BWP30P140
       19   43.092   MUX4ND0BWP30P140
        4    2.016   ND3D0BWP30P140
        5     3.15   ND4D0BWP30P140
       57   21.546   NR2D0BWP30P140
       10     5.04   NR3D0BWP30P140
        4     2.52   NR4D0BWP30P140
        2    1.512   OA211D0BWP30P140
        4     2.52   OA21D0BWP30P140
        1    0.882   OA22D0BWP30P140
        7     4.41   OAI211D0BWP30P140
       27   13.608   OAI21D0BWP30P140
        4    3.528   OAI221D0BWP30P140
        8     5.04   OAI22D0BWP30P140
        7     4.41   OAI31D0BWP30P140
        4    3.024   OAI32D0BWP30P140
        1    0.882   OAI33D0BWP30P140
        4    2.016   OR2D0BWP30P140
        1    0.756   OR4D0BWP30P140
       41   36.162   XNR2UD0BWP30P140
       21   18.522   XOR2UD0BWP30P140

   Chip area for module '\CustomFPAdder_exp7_mant19': 366.534000
     of which used for sequential elements: 0.000000 (0.00%)

=== ScaleAddition_INT8_to_E2M1_scale_UE4M4 ===

        +----------Local Count, excluding submodules.
        |        +-Local Area, excluding submodules.
        |        | 
      509        - wires
      559        - wire bits
        8        - public wires
       58        - public wire bits
        8        - ports
       58        - port bits
      526  357.966 cells
       17    8.568   AN2D0BWP30P140
        4     2.52   AN3D0BWP30P140
        4    3.024   AN4D0BWP30P140
        1    0.756   AO211D0BWP30P140
        8     5.04   AO21D0BWP30P140
        3    2.268   AO22D0BWP30P140
       15     7.56   AOI21D0BWP30P140
        8     5.04   AOI22D0BWP30P140
        9     5.67   AOI31D0BWP30P140
        1    0.756   AOI32D0BWP30P140
       18    4.536   CKND0BWP30P140
      106   40.068   CKND2D0BWP30P140
        3     1.89   IAO21D0BWP30P140
        1    0.882   IAO22D0BWP30P140
       11    5.544   IND2D0BWP30P140
       21   10.584   INR2D0BWP30P140
        3     1.89   INR3D0BWP30P140
        3     1.89   IOA21D0BWP30P140
       45    34.02   MAOI222D0BWP30P140
        1    0.756   MOAI22D0BWP30P140
       11    5.544   ND3D0BWP30P140
        3     1.89   ND4D0BWP30P140
       39   14.742   NR2D0BWP30P140
        5     2.52   NR3D0BWP30P140
        2     1.26   OA21D0BWP30P140
        9    4.536   OAI21D0BWP30P140
        2     1.26   OAI22D0BWP30P140
        2     1.26   OAI31D0BWP30P140
        1    0.756   OAI32D0BWP30P140
        5     2.52   OR2D0BWP30P140
        2     1.26   OR3D0BWP30P140
        1    0.756   OR4D0BWP30P140
       78   68.796   XNR2UD0BWP30P140
       25     44.1   XNR3UD0BWP30P140
        2    5.292   XNR4D0BWP30P140
       49   43.218   XOR2UD0BWP30P140
        7   12.348   XOR3UD0BWP30P140
        1    2.646   XOR4D0BWP30P140

   Chip area for module '\ScaleAddition_INT8_to_E2M1_scale_UE4M4': 357.966000
     of which used for sequential elements: 0.000000 (0.00%)

=== CustomOperator_INT8_to_E2M1 ===

        +----------Local Count, excluding submodules.
        |        +-Local Area, excluding submodules.
        |        | 
       41        - wires
       65        - wire bits
        6        - public wires
       30        - public wire bits
        5        - ports
       27        - port bits
       47    27.72 cells
        5     2.52   AN2D0BWP30P140
        1    0.756   AN4D0BWP30P140
        2     1.26   AO21D0BWP30P140
        1     0.63   AOI211D0BWP30P140
        3     1.89   AOI22D0BWP30P140
        2    0.504   CKND0BWP30P140
        1    0.378   CKND2D0BWP30P140
        4    2.016   INR2D0BWP30P140
        2    1.512   MUX2ND0BWP30P140
        5     2.52   ND3D0BWP30P140
        1     0.63   ND4D0BWP30P140
        3    1.134   NR2D0BWP30P140
        1    0.756   OA211D0BWP30P140
        4    2.016   OAI21D0BWP30P140
        1     0.63   OAI22D0BWP30P140
        1     0.63   OAI31D0BWP30P140
        2    1.008   OR2D0BWP30P140
        1    0.756   OR4D0BWP30P140
        3    2.646   XNR2UD0BWP30P140
        4    3.528   XOR2UD0BWP30P140

   Chip area for module '\CustomOperator_INT8_to_E2M1': 27.720000
     of which used for sequential elements: 0.000000 (0.00%)

=== design hierarchy ===

        +----------Count including submodules.
        |        +-Area including submodules.
        |        | 
    37087 2.44E+04 BFP_PE
      569  366.534 CustomFPAdder_exp7_mant19
       47    27.72 CustomOperator_INT8_to_E2M1
      898  554.904 FP32Adder
      526  357.966 ScaleAddition_INT8_to_E2M1_scale_UE4M4
      147   89.586 ScaleToFP32_INT8_x_E2M1_UE4M4

        +----------Count including submodules.
        |        +-Area including submodules.
        |        | 
    36041        - wires
    43928        - wire bits
     1067        - public wires
     8954        - public wire bits
      712        - ports
     5823        - port bits
        -        - memories
        -        - memory bits
        -        - processes
    37087 2.44E+04 cells
     1193  601.272   AN2D0BWP30P140
      135    85.05   AN3D0BWP30P140
      164  123.984   AN4D0BWP30P140
       66   49.896   AO211D0BWP30P140
      802   505.26   AO21D0BWP30P140
      194  146.664   AO22D0BWP30P140
      292   183.96   AOI211D0BWP30P140
     1127  568.008   AOI21D0BWP30P140
       75     56.7   AOI221D0BWP30P140
        2    2.016   AOI222D0BWP30P140
      819   515.97   AOI22D0BWP30P140
      570    359.1   AOI31D0BWP30P140
       32   24.192   AOI32D0BWP30P140
       62   54.684   AOI33D0BWP30P140
      372  328.104   CKMUX2D0BWP30P140
     2323  585.396   CKND0BWP30P140
     4588 1.73E+03   CKND2D0BWP30P140
       33   74.844   DFCNQD1BWP30P140
      294   185.22   IAO21D0BWP30P140
       32   28.224   IAO22D0BWP30P140
      995   501.48   IND2D0BWP30P140
       32    20.16   IND3D0BWP30P140
       64   48.384   IND4D0BWP30P140
     1479  745.416   INR2D0BWP30P140
      167   105.21   INR3D0BWP30P140
       96   72.576   INR4D0BWP30P140
      104    65.52   IOA21D0BWP30P140
     1780  1345.68   MAOI222D0BWP30P140
      108   81.648   MAOI22D0BWP30P140
      160   120.96   MOAI22D0BWP30P140
     2716 2.05E+03   MUX2ND0BWP30P140
        1    1.764   MUX3D0BWP30P140
        1    1.638   MUX3ND0BWP30P140
        2    4.788   MUX4D0BWP30P140
      605  1372.14   MUX4ND0BWP30P140
      652  328.608   ND3D0BWP30P140
      288   181.44   ND4D0BWP30P140
     3225  1219.05   NR2D0BWP30P140
      512  258.048   NR3D0BWP30P140
      135    85.05   NR4D0BWP30P140
       96   72.576   OA211D0BWP30P140
      197   124.11   OA21D0BWP30P140
       32   28.224   OA22D0BWP30P140
      230    144.9   OAI211D0BWP30P140
     1299  654.696   OAI21D0BWP30P140
      125   110.25   OAI221D0BWP30P140
        1    1.008   OAI222D0BWP30P140
      356   224.28   OAI22D0BWP30P140
      323   203.49   OAI31D0BWP30P140
      160   120.96   OAI32D0BWP30P140
       32   28.224   OAI33D0BWP30P140
      355   178.92   OR2D0BWP30P140
       73    45.99   OR3D0BWP30P140
       99   74.844   OR4D0BWP30P140
     3920  3457.44   XNR2UD0BWP30P140
      801 1.41E+03   XNR3UD0BWP30P140
       64  169.344   XNR4D0BWP30P140
     2371 2.09E+03   XOR2UD0BWP30P140
      224  395.136   XOR3UD0BWP30P140
       32   84.672   XOR4D0BWP30P140
       97 2.43E+04 submodules
       31 1.14E+04   CustomFPAdder_exp7_mant19
       32   887.04   CustomOperator_INT8_to_E2M1
        1  554.904   FP32Adder
       32 1.15E+04   ScaleAddition_INT8_to_E2M1_scale_UE4M4
        1   89.586   ScaleToFP32_INT8_x_E2M1_UE4M4

   Chip area for top module '\BFP_PE': 24448.914000
     of which used for sequential elements: 74.844000 (0.31%)

