
6. Printing statistics.

=== BFP_PE ===

        +----------Local Count, excluding submodules.
        |        +-Local Area, excluding submodules.
        |        | 
       89        - wires
      616        - wire bits
       68        - public wires
      595        - public wire bits
       10        - ports
      277        - port bits
       41   60.606 cells
       19   14.364   AO22D0BWP30P140
       20    45.36   DFCNQD1BWP30P140
        1    0.504   INR2D0BWP30P140
        1    0.378   NR2D0BWP30P140
       20        - submodules
       16        -   CustomOperator_E5M2_to_E3M2
        1        -   FPNAdder
        1        -   FixedFPTree_exp7_mant6_out6_vec16_range34
        1        -   ScaleAddition_E5M2_to_E3M2_scale_UE6M2
        1        -   ScaleToFP10b_E5M2_x_E3M2_UE6M2

   Chip area for module '\BFP_PE': 60.606000
     of which used for sequential elements: 45.360000 (74.84%)

=== FPNAdder ===

        +----------Local Count, excluding submodules.
        |        +-Local Area, excluding submodules.
        |        | 
      508        - wires
      595        - wire bits
        6        - public wires
       93        - public wire bits
        3        - ports
       57        - port bits
      521  319.662 cells
        6    3.024   AN2D0BWP30P140
        6     3.78   AN3D0BWP30P140
        1    0.756   AN4D0BWP30P140
        1    0.756   AO211D0BWP30P140
        9     5.67   AO21D0BWP30P140
       16    10.08   AOI211D0BWP30P140
       25     12.6   AOI21D0BWP30P140
        5     3.78   AOI221D0BWP30P140
        2    2.016   AOI222D0BWP30P140
        5     3.15   AOI22D0BWP30P140
        4     2.52   AOI31D0BWP30P140
        5     3.78   AOI32D0BWP30P140
       12   10.584   CKMUX2D0BWP30P140
       24    6.048   CKND0BWP30P140
       27   10.206   CKND2D0BWP30P140
        7     4.41   IAO21D0BWP30P140
       29   14.616   IND2D0BWP30P140
        2     1.26   IND3D0BWP30P140
        1    0.756   IND4D0BWP30P140
       15     7.56   INR2D0BWP30P140
        4     2.52   INR3D0BWP30P140
        2    1.512   INR4D0BWP30P140
        2     1.26   IOA21D0BWP30P140
        7    5.292   MAOI222D0BWP30P140
        1    0.756   MAOI22D0BWP30P140
        3    2.268   MOAI22D0BWP30P140
       47   35.532   MUX2ND0BWP30P140
        3    4.914   MUX3ND0BWP30P140
        1    2.394   MUX4D0BWP30P140
        3    6.804   MUX4ND0BWP30P140
       14    7.056   ND3D0BWP30P140
        4     2.52   ND4D0BWP30P140
       48   18.144   NR2D0BWP30P140
       26   13.104   NR3D0BWP30P140
       29    18.27   NR4D0BWP30P140
        3    2.268   OA211D0BWP30P140
        3     1.89   OA21D0BWP30P140
        1    0.882   OA22D0BWP30P140
        6     3.78   OAI211D0BWP30P140
       22   11.088   OAI21D0BWP30P140
        2    1.764   OAI221D0BWP30P140
        1    1.008   OAI222D0BWP30P140
        7     4.41   OAI22D0BWP30P140
        9     5.67   OAI31D0BWP30P140
        3    2.268   OAI32D0BWP30P140
       14    7.056   OR2D0BWP30P140
        1     0.63   OR3D0BWP30P140
        3    2.268   OR4D0BWP30P140
       32   28.224   XNR2UD0BWP30P140
        1    1.764   XNR3UD0BWP30P140
       17   14.994   XOR2UD0BWP30P140

   Chip area for module '\FPNAdder': 319.662000
     of which used for sequential elements: 0.000000 (0.00%)

=== ScaleToFP10b_E5M2_x_E3M2_UE6M2 ===

        +----------Local Count, excluding submodules.
        |        +-Local Area, excluding submodules.
        |        | 
      141        - wires
      178        - wire bits
        4        - public wires
       41        - public wire bits
        4        - ports
       41        - port bits
      156  101.052 cells
        2    1.008   AN2D0BWP30P140
        1     0.63   AN3D0BWP30P140
        1    0.756   AN4D0BWP30P140
        2     1.26   AO21D0BWP30P140
        5     3.15   AOI211D0BWP30P140
       13    6.552   AOI21D0BWP30P140
       10     7.56   AOI221D0BWP30P140
        1    0.756   AOI32D0BWP30P140
        1    0.882   CKMUX2D0BWP30P140
        7    1.764   CKND0BWP30P140
        6    2.268   CKND2D0BWP30P140
        4     2.52   IAO21D0BWP30P140
        9    4.536   IND2D0BWP30P140
        1     0.63   IND3D0BWP30P140
        1    0.756   IND4D0BWP30P140
        6    3.024   INR2D0BWP30P140
        1     0.63   INR3D0BWP30P140
        3    2.268   INR4D0BWP30P140
        3     1.89   IOA21D0BWP30P140
        6    4.536   MUX2ND0BWP30P140
        1    1.638   MUX3ND0BWP30P140
        4    9.072   MUX4ND0BWP30P140
        5     2.52   ND3D0BWP30P140
        2     1.26   ND4D0BWP30P140
       11    4.158   NR2D0BWP30P140
        4    2.016   NR3D0BWP30P140
        2     1.26   NR4D0BWP30P140
        1    0.756   OA211D0BWP30P140
        1     0.63   OA21D0BWP30P140
        7     4.41   OAI211D0BWP30P140
        8    4.032   OAI21D0BWP30P140
        2    1.764   OAI221D0BWP30P140
        1     0.63   OAI22D0BWP30P140
        2    1.008   OR2D0BWP30P140
        3     1.89   OR3D0BWP30P140
        1    0.756   OR4D0BWP30P140
       10     8.82   XNR2UD0BWP30P140
        8    7.056   XOR2UD0BWP30P140

   Chip area for module '\ScaleToFP10b_E5M2_x_E3M2_UE6M2': 101.052000
     of which used for sequential elements: 0.000000 (0.00%)

=== ScaleAddition_E5M2_to_E3M2_scale_UE6M2 ===

        +----------Local Count, excluding submodules.
        |        +-Local Area, excluding submodules.
        |        | 
      225        - wires
      269        - wire bits
        8        - public wires
       52        - public wire bits
        8        - ports
       52        - port bits
      237  158.508 cells
        7    3.528   AN2D0BWP30P140
        2     1.26   AN3D0BWP30P140
        3    2.268   AN4D0BWP30P140
        1    0.756   AO211D0BWP30P140
        2     1.26   AO21D0BWP30P140
        1     0.63   AOI211D0BWP30P140
        8    4.032   AOI21D0BWP30P140
        5     3.15   AOI22D0BWP30P140
        1     0.63   AOI31D0BWP30P140
        7    1.764   CKND0BWP30P140
       41   15.498   CKND2D0BWP30P140
        3     1.89   IAO21D0BWP30P140
        8    4.032   IND2D0BWP30P140
        1     0.63   IND3D0BWP30P140
        8    4.032   INR2D0BWP30P140
        1    0.756   INR4D0BWP30P140
        3     1.89   IOA21D0BWP30P140
       20    15.12   MAOI222D0BWP30P140
        2    1.512   MAOI22D0BWP30P140
        8    4.032   ND3D0BWP30P140
       14    5.292   NR2D0BWP30P140
        3    1.512   NR3D0BWP30P140
        6    3.024   OAI21D0BWP30P140
        1    0.882   OAI221D0BWP30P140
        7    3.528   OR2D0BWP30P140
        2    1.512   OR4D0BWP30P140
       38   33.516   XNR2UD0BWP30P140
       10    17.64   XNR3UD0BWP30P140
       22   19.404   XOR2UD0BWP30P140
        2    3.528   XOR3UD0BWP30P140

   Chip area for module '\ScaleAddition_E5M2_to_E3M2_scale_UE6M2': 158.508000
     of which used for sequential elements: 0.000000 (0.00%)

=== FixedFPTree_exp7_mant6_out6_vec16_range34 ===

        +----------Local Count, excluding submodules.
        |        +-Local Area, excluding submodules.
        |        | 
     7231        - wires
     8231        - wire bits
       72        - public wires
     1072        - public wire bits
       51        - ports
      238        - port bits
     7173 4.79E+03 cells
      187   94.248   AN2D0BWP30P140
       27    17.01   AN3D0BWP30P140
       15    11.34   AN4D0BWP30P140
       30    22.68   AO211D0BWP30P140
      192   120.96   AO21D0BWP30P140
       19   14.364   AO22D0BWP30P140
       95    59.85   AOI211D0BWP30P140
      310   156.24   AOI21D0BWP30P140
       15    11.34   AOI221D0BWP30P140
       47    29.61   AOI22D0BWP30P140
       44    27.72   AOI31D0BWP30P140
       17   12.852   AOI32D0BWP30P140
        2    1.764   AOI33D0BWP30P140
       52   45.864   CKMUX2D0BWP30P140
      371   93.492   CKND0BWP30P140
      719  271.782   CKND2D0BWP30P140
      106    66.78   IAO21D0BWP30P140
      180    90.72   IND2D0BWP30P140
       33    20.79   IND3D0BWP30P140
       13    9.828   IND4D0BWP30P140
      121   60.984   INR2D0BWP30P140
        5     3.15   INR3D0BWP30P140
       11    8.316   INR4D0BWP30P140
      170    107.1   IOA21D0BWP30P140
      326  246.456   MAOI222D0BWP30P140
       22   16.632   MAOI22D0BWP30P140
       25     18.9   MOAI22D0BWP30P140
      219  165.564   MUX2ND0BWP30P140
        2    3.528   MUX3D0BWP30P140
       11   18.018   MUX3ND0BWP30P140
        2    4.788   MUX4D0BWP30P140
       65   147.42   MUX4ND0BWP30P140
      102   51.408   ND3D0BWP30P140
       28    17.64   ND4D0BWP30P140
      749  283.122   NR2D0BWP30P140
      159   80.136   NR3D0BWP30P140
       36    22.68   NR4D0BWP30P140
       25     18.9   OA211D0BWP30P140
       58    36.54   OA21D0BWP30P140
       13   11.466   OA22D0BWP30P140
       63    39.69   OAI211D0BWP30P140
      234  117.936   OAI21D0BWP30P140
       11    9.702   OAI221D0BWP30P140
        3    3.024   OAI222D0BWP30P140
       68    42.84   OAI22D0BWP30P140
       65    40.95   OAI31D0BWP30P140
       27   20.412   OAI32D0BWP30P140
        4    3.528   OAI33D0BWP30P140
      125       63   OR2D0BWP30P140
       26    16.38   OR3D0BWP30P140
       13    9.828   OR4D0BWP30P140
      839  739.998   XNR2UD0BWP30P140
      125    220.5   XNR3UD0BWP30P140
        9   23.814   XNR4D0BWP30P140
      815   718.83   XOR2UD0BWP30P140
      122  215.208   XOR3UD0BWP30P140
        1    2.646   XOR4D0BWP30P140

   Chip area for module '\FixedFPTree_exp7_mant6_out6_vec16_range34': 4790.268000
     of which used for sequential elements: 0.000000 (0.00%)

=== CustomOperator_E5M2_to_E3M2 ===

        +----------Local Count, excluding submodules.
        |        +-Local Area, excluding submodules.
        |        | 
       50        - wires
       73        - wire bits
        5        - public wires
       28        - public wire bits
        5        - ports
       28        - port bits
       58   39.312 cells
        1    0.504   AN2D0BWP30P140
        2    1.512   AN4D0BWP30P140
        1    0.756   AO211D0BWP30P140
        1     0.63   AO21D0BWP30P140
        2    1.008   AOI21D0BWP30P140
        1     0.63   AOI22D0BWP30P140
        1     0.63   AOI31D0BWP30P140
        1    0.252   CKND0BWP30P140
        7    2.646   CKND2D0BWP30P140
        1     0.63   IAO21D0BWP30P140
        1    0.504   IND2D0BWP30P140
        2    1.008   INR2D0BWP30P140
        5     3.78   MAOI222D0BWP30P140
        3    1.512   ND3D0BWP30P140
        4    1.512   NR2D0BWP30P140
        2    1.008   NR3D0BWP30P140
        1     0.63   OAI211D0BWP30P140
        2    1.008   OAI21D0BWP30P140
        1     0.63   OAI22D0BWP30P140
        2     1.26   OAI31D0BWP30P140
        2    1.008   OR2D0BWP30P140
        2     1.26   OR3D0BWP30P140
        4    3.528   XNR2UD0BWP30P140
        2    3.528   XNR3UD0BWP30P140
        5     4.41   XOR2UD0BWP30P140
        2    3.528   XOR3UD0BWP30P140

   Chip area for module '\CustomOperator_E5M2_to_E3M2': 39.312000
     of which used for sequential elements: 0.000000 (0.00%)

=== design hierarchy ===

        +----------Count including submodules.
        |        +-Area including submodules.
        |        | 
     9056 6.06E+03 BFP_PE
       58   39.312 CustomOperator_E5M2_to_E3M2
      521  319.662 FPNAdder
     7173 4.79E+03 FixedFPTree_exp7_mant6_out6_vec16_range34
      237  158.508 ScaleAddition_E5M2_to_E3M2_scale_UE6M2
      156  101.052 ScaleToFP10b_E5M2_x_E3M2_UE6M2

        +----------Count including submodules.
        |        +-Area including submodules.
        |        | 
     8994        - wires
    11057        - wire bits
      238        - public wires
     2301        - public wire bits
      156        - ports
     1113        - port bits
        -        - memories
        -        - memory bits
        -        - processes
     9056 6.06E+03 cells
      218  109.872   AN2D0BWP30P140
       36    22.68   AN3D0BWP30P140
       52   39.312   AN4D0BWP30P140
       48   36.288   AO211D0BWP30P140
      221   139.23   AO21D0BWP30P140
       38   28.728   AO22D0BWP30P140
      117    73.71   AOI211D0BWP30P140
      388  195.552   AOI21D0BWP30P140
       30    22.68   AOI221D0BWP30P140
        2    2.016   AOI222D0BWP30P140
       73    45.99   AOI22D0BWP30P140
       65    40.95   AOI31D0BWP30P140
       23   17.388   AOI32D0BWP30P140
        2    1.764   AOI33D0BWP30P140
       65    57.33   CKMUX2D0BWP30P140
      425    107.1   CKND0BWP30P140
      905   342.09   CKND2D0BWP30P140
       20    45.36   DFCNQD1BWP30P140
      136    85.68   IAO21D0BWP30P140
      242  121.968   IND2D0BWP30P140
       37    23.31   IND3D0BWP30P140
       15    11.34   IND4D0BWP30P140
      183   92.232   INR2D0BWP30P140
       10      6.3   INR3D0BWP30P140
       17   12.852   INR4D0BWP30P140
      178   112.14   IOA21D0BWP30P140
      433  327.348   MAOI222D0BWP30P140
       25     18.9   MAOI22D0BWP30P140
       28   21.168   MOAI22D0BWP30P140
      272  205.632   MUX2ND0BWP30P140
        2    3.528   MUX3D0BWP30P140
       15    24.57   MUX3ND0BWP30P140
        3    7.182   MUX4D0BWP30P140
       72  163.296   MUX4ND0BWP30P140
      177   89.208   ND3D0BWP30P140
       34    21.42   ND4D0BWP30P140
      887  335.286   NR2D0BWP30P140
      224  112.896   NR3D0BWP30P140
       67    42.21   NR4D0BWP30P140
       29   21.924   OA211D0BWP30P140
       62    39.06   OA21D0BWP30P140
       14   12.348   OA22D0BWP30P140
       92    57.96   OAI211D0BWP30P140
      302  152.208   OAI21D0BWP30P140
       16   14.112   OAI221D0BWP30P140
        4    4.032   OAI222D0BWP30P140
       92    57.96   OAI22D0BWP30P140
      106    66.78   OAI31D0BWP30P140
       30    22.68   OAI32D0BWP30P140
        4    3.528   OAI33D0BWP30P140
      180    90.72   OR2D0BWP30P140
       62    39.06   OR3D0BWP30P140
       19   14.364   OR4D0BWP30P140
      983  867.006   XNR2UD0BWP30P140
      168  296.352   XNR3UD0BWP30P140
        9   23.814   XNR4D0BWP30P140
      942  830.844   XOR2UD0BWP30P140
      156  275.184   XOR3UD0BWP30P140
        1    2.646   XOR4D0BWP30P140
       20    6E+03 submodules
       16  628.992   CustomOperator_E5M2_to_E3M2
        1  319.662   FPNAdder
        1 4.79E+03   FixedFPTree_exp7_mant6_out6_vec16_range34
        1  158.508   ScaleAddition_E5M2_to_E3M2_scale_UE6M2
        1  101.052   ScaleToFP10b_E5M2_x_E3M2_UE6M2

   Chip area for top module '\BFP_PE': 6059.088000
     of which used for sequential elements: 45.360000 (0.75%)

