Startpoint: reset (input port clocked by CORE_CLK)
Endpoint: _40_ (recovery check against rising-edge clock CORE_CLK)
Path Group: asynchronous
Path Type: max

    Delay      Time   Description
-------------------------------------------------------------
   0.0000    0.0000   clock CORE_CLK (rise edge)
   0.0000    0.0000   clock network delay (ideal)
   0.0000    0.0000 ^ input external delay
   0.0000    0.0000 ^ reset (in)
   0.0000    0.0000 ^ _40_/CDN (DFCNQD1BWP30P140)
             0.0000   data arrival time

   2.0000    2.0000   clock CORE_CLK (rise edge)
   0.0000    2.0000   clock network delay (ideal)
  -0.0500    1.9500   clock uncertainty
   0.0000    1.9500   clock reconvergence pessimism
             1.9500 ^ _40_/CP (DFCNQD1BWP30P140)
   0.0258    1.9758   library recovery time
             1.9758   data required time
-------------------------------------------------------------
             1.9758   data required time
            -0.0000   data arrival time
-------------------------------------------------------------
             1.9758   slack (MET)


Startpoint: io_op_b_i[2] (input port clocked by CORE_CLK)
Endpoint: _42_ (rising edge-triggered flip-flop clocked by CORE_CLK)
Path Group: CORE_CLK
Path Type: max

    Delay      Time   Description
-------------------------------------------------------------
   0.0000    0.0000   clock CORE_CLK (rise edge)
   0.0000    0.0000   clock network delay (ideal)
   0.0000    0.0000 ^ input external delay
   0.0000    0.0000 ^ io_op_b_i[2] (in)
   0.0173    0.0173 v op/_085_/ZN (AOI21D0BWP30P140)
   0.0264    0.0437 ^ op/_089_/ZN (AOI21D0BWP30P140)
   0.0286    0.0723 v op/_090_/ZN (MAOI222D0BWP30P140)
   0.0377    0.1100 ^ op/_092_/ZN (MAOI222D0BWP30P140)
   0.0235    0.1336 v op/_094_/ZN (MAOI222D0BWP30P140)
   0.0503    0.1838 ^ op/_095_/ZN (NR2D0BWP30P140)
   0.0149    0.1987 v tree/_05084_/ZN (CKND0BWP30P140)
   0.0225    0.2212 ^ tree/_05186_/ZN (AOI22D0BWP30P140)
   0.0261    0.2473 v tree/_05187_/ZN (OAI21D0BWP30P140)
   0.0365    0.2838 v tree/_05190_/Z (AO21D0BWP30P140)
   0.0260    0.3098 ^ tree/_05202_/ZN (AOI211D0BWP30P140)
   0.0236    0.3334 v tree/_05204_/ZN (AOI221D0BWP30P140)
   0.0248    0.3582 ^ tree/_05205_/ZN (OAI22D0BWP30P140)
   0.0326    0.3908 ^ tree/_05210_/Z (AO21D0BWP30P140)
   0.0366    0.4274 ^ tree/_05222_/Z (OA211D0BWP30P140)
   0.0202    0.4476 v tree/_05223_/ZN (OAI33D0BWP30P140)
   0.0269    0.4745 ^ tree/_05230_/ZN (AOI211D0BWP30P140)
   0.0337    0.5082 v tree/_05236_/ZN (OAI21D0BWP30P140)
   0.0295    0.5376 v tree/_05247_/Z (OA211D0BWP30P140)
   0.0272    0.5648 ^ tree/_05248_/ZN (OAI33D0BWP30P140)
   0.0281    0.5930 v tree/_05255_/ZN (AOI221D0BWP30P140)
   0.0311    0.6241 ^ tree/_05261_/ZN (OAI21D0BWP30P140)
   0.0429    0.6670 ^ tree/_05269_/Z (OA211D0BWP30P140)
   0.0170    0.6840 v tree/_05276_/ZN (OAI33D0BWP30P140)
   0.0177    0.7017 ^ tree/_05279_/ZN (AOI31D0BWP30P140)
   0.0243    0.7261 v tree/_05284_/ZN (OAI21D0BWP30P140)
   0.0392    0.7653 v tree/_05286_/Z (AO21D0BWP30P140)
   0.0304    0.7958 ^ tree/_05295_/ZN (AOI31D0BWP30P140)
   0.0299    0.8256 v tree/_05297_/ZN (OAI221D0BWP30P140)
   0.0231    0.8488 v tree/_05302_/ZN (IOA21D0BWP30P140)
   0.0372    0.8860 ^ tree/_05304_/ZN (MAOI22D0BWP30P140)
   0.0295    0.9156 ^ tree/_05310_/ZN (MUX2ND0BWP30P140)
   0.0254    0.9410 ^ tree/_05311_/ZN (MOAI22D0BWP30P140)
   0.0246    0.9656 v tree/_05315_/ZN (OAI221D0BWP30P140)
   0.0368    1.0023 ^ tree/_05320_/ZN (AOI21D0BWP30P140)
   0.0183    1.0207 v tree/_05328_/ZN (NR3D0BWP30P140)
   0.0288    1.0494 ^ tree/_05329_/ZN (OAI33D0BWP30P140)
   0.0221    1.0715 v tree/_05338_/ZN (AOI31D0BWP30P140)
   0.0302    1.1017 v tree/_05343_/Z (OA21D0BWP30P140)
   0.0340    1.1357 v tree/_05355_/Z (OR4D0BWP30P140)
   0.0226    1.1582 ^ tree/_05357_/ZN (AOI33D0BWP30P140)
   0.0184    1.1767 v tree/_05360_/ZN (AOI221D0BWP30P140)
   0.0391    1.2158 ^ tree/_05366_/ZN (OAI21D0BWP30P140)
   0.0447    1.2605 ^ tree/_05375_/Z (AN4D0BWP30P140)
   0.0183    1.2788 v tree/_05382_/ZN (OAI33D0BWP30P140)
   0.0281    1.3069 ^ tree/_05383_/ZN (AOI31D0BWP30P140)
   0.0283    1.3352 ^ tree/_05388_/Z (OA21D0BWP30P140)
   0.0201    1.3553 v tree/_05402_/ZN (OAI21D0BWP30P140)
   0.0317    1.3870 ^ tree/_05404_/ZN (AOI33D0BWP30P140)
   0.0225    1.4094 v tree/_05410_/ZN (ND4D0BWP30P140)
   0.0461    1.4556 ^ tree/_05415_/ZN (AOI31D0BWP30P140)
   0.0349    1.4904 v tree/_05423_/Z (CKMUX2D0BWP30P140)
   0.0237    1.5142 v tree/_05424_/ZN (MOAI22D0BWP30P140)
   0.0288    1.5430 v tree/_05425_/Z (AO21D0BWP30P140)
   0.0286    1.5716 ^ tree/_05429_/ZN (AOI21D0BWP30P140)
   0.0222    1.5938 ^ tree/_05440_/Z (OR3D0BWP30P140)
   0.0262    1.6200 v tree/_05443_/ZN (AOI33D0BWP30P140)
   0.0246    1.6446 v tree/_05445_/Z (AN3D0BWP30P140)
   0.0445    1.6890 ^ tree/_05456_/ZN (OAI31D0BWP30P140)
   0.0233    1.7124 v tree/_05468_/ZN (IAO22D0BWP30P140)
   0.0329    1.7453 ^ tree/_05470_/ZN (OAI33D0BWP30P140)
   0.0231    1.7684 ^ tree/_05481_/Z (AO21D0BWP30P140)
   0.0252    1.7936 v tree/_05484_/ZN (AOI221D0BWP30P140)
   0.0460    1.8396 ^ tree/_05485_/ZN (NR2D0BWP30P140)
   0.0282    1.8678 v tree/_05496_/ZN (MUX2ND0BWP30P140)
   0.0350    1.9028 v tree/_05497_/ZN (XNR2UD0BWP30P140)
   0.0402    1.9430 v tree/_05519_/Z (OR4D0BWP30P140)
   0.0224    1.9654 v tree/_05520_/ZN (IAO21D0BWP30P140)
   0.0584    2.0238 v tree/_05521_/Z (OA21D0BWP30P140)
   0.1246    2.1484 v tree/_05522_/ZN (MUX2ND0BWP30P140)
   0.0679    2.2163 ^ tree/_05977_/Z (XOR2UD0BWP30P140)
   0.0384    2.2547 ^ tree/_05988_/Z (AN3D0BWP30P140)
   0.0617    2.3164 v tree/_05994_/ZN (OAI22D0BWP30P140)
   0.1107    2.4271 ^ tree/_06011_/ZN (AOI21D0BWP30P140)
   0.0549    2.4820 ^ tree/_06026_/Z (MUX3D0BWP30P140)
   0.0212    2.5032 v tree/_06028_/ZN (NR3D0BWP30P140)
   0.0392    2.5423 ^ tree/_06031_/ZN (AOI21D0BWP30P140)
   0.0167    2.5590 v tree/_06086_/ZN (AOI21D0BWP30P140)
   0.0327    2.5917 v tree/_09469_/Z (XOR2UD0BWP30P140)
   0.0611    2.6527 v tree/_09472_/Z (XOR3UD0BWP30P140)
   0.0369    2.6896 v tree/_09534_/Z (XOR3UD0BWP30P140)
   0.0570    2.7466 v tree/_09607_/ZN (XNR3UD0BWP30P140)
   0.0577    2.8042 v tree/_09672_/Z (XOR3UD0BWP30P140)
   0.0183    2.8225 ^ tree/_09673_/ZN (CKND0BWP30P140)
   0.0500    2.8725 v tree/_09713_/ZN (XNR3UD0BWP30P140)
   0.0525    2.9250 v tree/_09733_/ZN (XNR3UD0BWP30P140)
   0.0249    2.9499 ^ tree/_09742_/ZN (XNR2UD0BWP30P140)
   0.0226    2.9725 v tree/_09743_/ZN (OAI21D0BWP30P140)
   0.0269    2.9994 ^ tree/_09745_/ZN (AOI21D0BWP30P140)
   0.0236    3.0231 v tree/_09747_/ZN (OAI21D0BWP30P140)
   0.0353    3.0584 ^ tree/_09749_/ZN (MAOI222D0BWP30P140)
   0.0253    3.0837 v tree/_09752_/ZN (OAI21D0BWP30P140)
   0.0324    3.1161 ^ tree/_09754_/ZN (MAOI222D0BWP30P140)
   0.0300    3.1461 v tree/_09755_/ZN (MAOI222D0BWP30P140)
   0.0355    3.1816 ^ tree/_09757_/ZN (MAOI222D0BWP30P140)
   0.0303    3.2119 v tree/_09758_/ZN (MAOI222D0BWP30P140)
   0.0391    3.2511 ^ tree/_09760_/ZN (MAOI222D0BWP30P140)
   0.0253    3.2763 v tree/_09762_/ZN (OAI21D0BWP30P140)
   0.0360    3.3123 ^ tree/_09764_/ZN (MAOI222D0BWP30P140)
   0.0257    3.3380 v tree/_09766_/ZN (OAI21D0BWP30P140)
   0.0362    3.3742 ^ tree/_09768_/ZN (MAOI222D0BWP30P140)
   0.0267    3.4008 v tree/_09770_/ZN (OAI21D0BWP30P140)
   0.0285    3.4293 ^ tree/_09773_/ZN (AOI211D0BWP30P140)
   0.0232    3.4525 v tree/_09775_/ZN (OAI31D0BWP30P140)
   0.0364    3.4889 ^ tree/_09777_/ZN (MAOI222D0BWP30P140)
   0.0250    3.5140 v tree/_09780_/ZN (OAI21D0BWP30P140)
   0.0358    3.5498 ^ tree/_09782_/ZN (MAOI222D0BWP30P140)
   0.0253    3.5751 v tree/_09785_/ZN (OAI21D0BWP30P140)
   0.0392    3.6142 ^ tree/_09787_/ZN (MAOI222D0BWP30P140)
   0.0321    3.6463 v tree/_09791_/ZN (OAI211D0BWP30P140)
   0.0374    3.6838 ^ tree/_09793_/ZN (AOI31D0BWP30P140)
   0.0202    3.7039 v tree/_09795_/ZN (AOI211D0BWP30P140)
   0.0348    3.7387 ^ tree/_09797_/ZN (OAI33D0BWP30P140)
   0.0594    3.7981 ^ tree/_09805_/ZN (XNR2UD0BWP30P140)
   0.0505    3.8486 v tree/_09806_/ZN (CKND0BWP30P140)
   0.0228    3.8714 ^ tree/_09859_/ZN (IND2D0BWP30P140)
   0.0254    3.8968 v tree/_09861_/ZN (ND3D0BWP30P140)
   0.0344    3.9313 ^ tree/_09862_/ZN (NR4D0BWP30P140)
   0.0343    3.9655 v tree/_09865_/ZN (IND4D0BWP30P140)
   0.0319    3.9974 ^ tree/_09866_/ZN (NR4D0BWP30P140)
   0.0327    4.0301 ^ tree/_09867_/Z (AN3D0BWP30P140)
   0.0261    4.0562 v tree/_09871_/ZN (AOI31D0BWP30P140)
   0.0305    4.0867 ^ tree/_09874_/ZN (AOI21D0BWP30P140)
   0.0280    4.1147 ^ tree/_09875_/Z (OA21D0BWP30P140)
   0.0157    4.1305 v tree/_09877_/ZN (AOI21D0BWP30P140)
   0.0218    4.1522 ^ tree/_09880_/Z (XOR2UD0BWP30P140)
   0.0153    4.1675 v tree/_09969_/ZN (NR2D0BWP30P140)
   0.1651    4.3326 v tree/_09989_/Z (AO21D0BWP30P140)
   0.0810    4.4136 v tree/_10010_/ZN (MUX4ND0BWP30P140)
   0.0421    4.4557 ^ tree/_10063_/ZN (MUX2ND0BWP30P140)
   0.0334    4.4891 ^ tree/_10067_/Z (OA211D0BWP30P140)
   0.0194    4.5085 v tree/_10071_/ZN (AOI211D0BWP30P140)
   0.0407    4.5491 ^ tree/_10104_/ZN (NR4D0BWP30P140)
   0.0164    4.5655 v tree/_10105_/ZN (IND2D0BWP30P140)
   0.0160    4.5815 ^ tree/_10106_/ZN (NR2D0BWP30P140)
   0.0357    4.6172 ^ tree/_10108_/ZN (XNR2UD0BWP30P140)
   0.0200    4.6372 v sa/_304_/ZN (CKND2D0BWP30P140)
   0.0530    4.6903 v sa/_307_/ZN (XNR3UD0BWP30P140)
   0.0658    4.7561 ^ sa/_335_/ZN (XNR4D0BWP30P140)
   0.0297    4.7858 ^ sa/_336_/ZN (XNR2UD0BWP30P140)
   0.0298    4.8156 ^ sa/_348_/Z (AN3D0BWP30P140)
   0.0133    4.8289 v sa/_350_/ZN (AOI221D0BWP30P140)
   0.0255    4.8544 ^ sa/_355_/ZN (OAI211D0BWP30P140)
   0.0253    4.8797 ^ sa/_368_/Z (AO21D0BWP30P140)
   0.0173    4.8970 v sa/_452_/ZN (AOI21D0BWP30P140)
   0.0217    4.9187 ^ sa/_464_/ZN (OAI21D0BWP30P140)
   0.0471    4.9658 v sa/_465_/ZN (OAI221D0BWP30P140)
   0.0273    4.9930 ^ conv/_177_/ZN (NR2D0BWP30P140)
   0.0230    5.0160 v conv/_178_/ZN (OAI21D0BWP30P140)
   0.0729    5.0889 ^ conv/_179_/ZN (CKND2D0BWP30P140)
   0.0481    5.1370 v conv/_187_/ZN (MUX4ND0BWP30P140)
   0.0368    5.1737 ^ conv/_219_/ZN (NR2D0BWP30P140)
   0.0482    5.2220 ^ conv/_222_/Z (AN4D0BWP30P140)
   0.0417    5.2637 v conv/_227_/ZN (ND4D0BWP30P140)
   0.0463    5.3100 v conv/_229_/Z (OR4D0BWP30P140)
   0.0343    5.3443 ^ conv/_232_/ZN (OAI32D0BWP30P140)
   0.0279    5.3722 v conv/_235_/ZN (AOI211D0BWP30P140)
   0.0442    5.4164 v conv/_241_/Z (OR4D0BWP30P140)
   0.0253    5.4416 v conv/_252_/ZN (MAOI22D0BWP30P140)
   0.0253    5.4669 ^ conv/_253_/Z (XOR2UD0BWP30P140)
   0.0314    5.4983 v conv/_254_/ZN (OAI31D0BWP30P140)
   0.0363    5.5346 v conv/_272_/ZN (IND2D0BWP30P140)
   0.0339    5.5686 ^ conv/_277_/ZN (NR2D0BWP30P140)
   0.0242    5.5928 ^ accAdder/_461_/ZN (XNR2UD0BWP30P140)
   0.0293    5.6221 ^ accAdder/_462_/Z (AO21D0BWP30P140)
   0.0165    5.6386 v accAdder/_465_/ZN (AOI211D0BWP30P140)
   0.0332    5.6718 ^ accAdder/_467_/ZN (OAI31D0BWP30P140)
   0.0299    5.7016 v accAdder/_470_/ZN (OAI211D0BWP30P140)
   0.0294    5.7310 ^ accAdder/_492_/ZN (AOI21D0BWP30P140)
   0.0467    5.7777 v accAdder/_494_/ZN (OAI211D0BWP30P140)
   0.0876    5.8653 v accAdder/_518_/ZN (MUX2ND0BWP30P140)
   0.0860    5.9513 ^ accAdder/_543_/ZN (AOI31D0BWP30P140)
   0.0611    6.0123 v accAdder/_549_/ZN (ND3D0BWP30P140)
   0.0399    6.0523 v accAdder/_566_/Z (OA21D0BWP30P140)
   0.0311    6.0833 ^ accAdder/_589_/ZN (MUX3ND0BWP30P140)
   0.0331    6.1165 v accAdder/_677_/ZN (AOI221D0BWP30P140)
   0.0251    6.1416 ^ accAdder/_678_/ZN (ND3D0BWP30P140)
   0.0175    6.1591 v accAdder/_680_/ZN (OAI21D0BWP30P140)
   0.0236    6.1827 ^ accAdder/_681_/ZN (AOI21D0BWP30P140)
   0.0255    6.2082 v accAdder/_682_/ZN (MAOI222D0BWP30P140)
   0.0329    6.2410 ^ accAdder/_684_/ZN (MAOI222D0BWP30P140)
   0.0301    6.2712 v accAdder/_686_/ZN (MAOI222D0BWP30P140)
   0.0324    6.3035 ^ accAdder/_687_/ZN (AOI211D0BWP30P140)
   0.0238    6.3273 v accAdder/_688_/ZN (OAI32D0BWP30P140)
   0.0302    6.3576 ^ accAdder/_698_/ZN (AOI211D0BWP30P140)
   0.0230    6.3805 ^ accAdder/_700_/Z (OR2D0BWP30P140)
   0.1489    6.5294 v accAdder/_751_/ZN (AOI31D0BWP30P140)
   0.0882    6.6176 v accAdder/_791_/ZN (MUX4ND0BWP30P140)
   0.0430    6.6606 ^ accAdder/_792_/ZN (NR4D0BWP30P140)
   0.0345    6.6952 v accAdder/_798_/ZN (IND4D0BWP30P140)
   0.0296    6.7247 ^ accAdder/_801_/ZN (NR3D0BWP30P140)
   0.0291    6.7538 v accAdder/_803_/ZN (IND3D0BWP30P140)
   0.0406    6.7945 ^ accAdder/_805_/ZN (MAOI222D0BWP30P140)
   0.0426    6.8371 v accAdder/_810_/ZN (IND4D0BWP30P140)
   0.0444    6.8815 ^ accAdder/_820_/ZN (AOI211D0BWP30P140)
   0.0333    6.9148 ^ accAdder/_821_/Z (AN3D0BWP30P140)
   0.0241    6.9390 ^ accAdder/_828_/ZN (MAOI22D0BWP30P140)
   0.0569    6.9959 v accAdder/_855_/ZN (OAI31D0BWP30P140)
   0.0427    7.0386 ^ accAdder/_877_/ZN (INR4D0BWP30P140)
   0.0262    7.0648 ^ _32_/Z (AO22D0BWP30P140)
   0.0000    7.0648 ^ _42_/D (DFCNQD1BWP30P140)
             7.0648   data arrival time

   2.0000    2.0000   clock CORE_CLK (rise edge)
   0.0000    2.0000   clock network delay (ideal)
  -0.0500    1.9500   clock uncertainty
   0.0000    1.9500   clock reconvergence pessimism
             1.9500 ^ _42_/CP (DFCNQD1BWP30P140)
  -0.0170    1.9330   library setup time
             1.9330   data required time
-------------------------------------------------------------
             1.9330   data required time
            -7.0648   data arrival time
-------------------------------------------------------------
            -5.1318   slack (VIOLATED)


