Startpoint: reset (input port clocked by CORE_CLK)
Endpoint: _068_ (recovery check against rising-edge clock CORE_CLK)
Path Group: asynchronous
Path Type: max

    Delay      Time   Description
-------------------------------------------------------------
   0.0000    0.0000   clock CORE_CLK (rise edge)
   0.0000    0.0000   clock network delay (ideal)
   0.0000    0.0000 ^ input external delay
   0.0000    0.0000 ^ reset (in)
   0.0000    0.0000 ^ _068_/CDN (DFCNQD1BWP30P140)
             0.0000   data arrival time

  20.0000   20.0000   clock CORE_CLK (rise edge)
   0.0000   20.0000   clock network delay (ideal)
  -0.0500   19.9500   clock uncertainty
   0.0000   19.9500   clock reconvergence pessimism
            19.9500 ^ _068_/CP (DFCNQD1BWP30P140)
   0.0258   19.9758   library recovery time
            19.9758   data required time
-------------------------------------------------------------
            19.9758   data required time
            -0.0000   data arrival time
-------------------------------------------------------------
            19.9758   slack (MET)


Startpoint: io_share_exp_B_i[5] (input port clocked by CORE_CLK)
Endpoint: _070_ (rising edge-triggered flip-flop clocked by CORE_CLK)
Path Group: CORE_CLK
Path Type: max

    Delay      Time   Description
-------------------------------------------------------------
   0.0000    0.0000   clock CORE_CLK (rise edge)
   0.0000    0.0000   clock network delay (ideal)
   0.0000    0.0000 v input external delay
   0.0000    0.0000 v io_share_exp_B_i[5] (in)
   0.0356    0.0356 v reducedSum_sa_30/_232_/Z (OR4D0BWP30P140)
   0.0247    0.0603 ^ reducedSum_sa_30/_241_/ZN (OAI21D0BWP30P140)
   0.0434    0.1037 v reducedSum_sa_30/_247_/Z (XOR3UD0BWP30P140)
   0.0259    0.1296 ^ reducedSum_sa_30/_248_/ZN (NR2D0BWP30P140)
   0.0251    0.1547 v reducedSum_sa_30/_250_/ZN (MAOI222D0BWP30P140)
   0.0496    0.2043 v reducedSum_sa_30/_253_/Z (XOR2UD0BWP30P140)
   0.0312    0.2355 ^ reducedSum_sa_30/_256_/ZN (CKND2D0BWP30P140)
   0.0550    0.2905 v reducedSum_sa_30/_303_/ZN (XNR3UD0BWP30P140)
   0.0632    0.3537 v reducedSum_sa_30/_335_/ZN (XNR4D0BWP30P140)
   0.0285    0.3822 v reducedSum_sa_30/_336_/ZN (XNR2UD0BWP30P140)
   0.0339    0.4161 v reducedSum_sa_30/_337_/Z (AO21D0BWP30P140)
   0.0199    0.4360 ^ reducedSum_sa_30/_350_/ZN (AOI221D0BWP30P140)
   0.0252    0.4611 v reducedSum_sa_30/_355_/ZN (OAI211D0BWP30P140)
   0.0304    0.4915 v reducedSum_sa_30/_368_/Z (AO21D0BWP30P140)
   0.0211    0.5126 ^ reducedSum_sa_30/_452_/ZN (AOI21D0BWP30P140)
   0.0189    0.5315 v reducedSum_sa_30/_464_/ZN (OAI21D0BWP30P140)
   0.0224    0.5539 v reducedSum_sa_30/_474_/ZN (INR2D0BWP30P140)
   0.0246    0.5786 ^ reducedSum_reduced_nextLevel_adder_15/_546_/ZN (AOI22D0BWP30P140)
   0.0171    0.5957 v reducedSum_reduced_nextLevel_adder_15/_562_/ZN (OAI21D0BWP30P140)
   0.0275    0.6232 ^ reducedSum_reduced_nextLevel_adder_15/_563_/ZN (AOI211D0BWP30P140)
   0.0133    0.6364 v reducedSum_reduced_nextLevel_adder_15/_565_/ZN (AOI21D0BWP30P140)
   0.0183    0.6547 ^ reducedSum_reduced_nextLevel_adder_15/_566_/ZN (AOI21D0BWP30P140)
   0.1380    0.7928 ^ reducedSum_reduced_nextLevel_adder_15/_567_/Z (AO21D0BWP30P140)
   0.0303    0.8231 v reducedSum_reduced_nextLevel_adder_15/_568_/ZN (MUX2ND0BWP30P140)
   0.0463    0.8694 ^ reducedSum_reduced_nextLevel_adder_15/_569_/ZN (AOI211D0BWP30P140)
   0.0191    0.8884 v reducedSum_reduced_nextLevel_adder_15/_593_/ZN (AOI211D0BWP30P140)
   0.0294    0.9179 ^ reducedSum_reduced_nextLevel_adder_15/_594_/ZN (AOI21D0BWP30P140)
   0.0309    0.9488 ^ reducedSum_reduced_nextLevel_adder_15/_709_/Z (CKMUX2D0BWP30P140)
   0.0196    0.9684 v reducedSum_reduced_nextLevel_adder_15/_712_/ZN (AOI211D0BWP30P140)
   0.0262    0.9946 ^ reducedSum_reduced_nextLevel_adder_15/_717_/ZN (AOI31D0BWP30P140)
   0.0243    1.0189 v reducedSum_reduced_nextLevel_adder_15/_720_/ZN (MAOI222D0BWP30P140)
   0.0255    1.0444 ^ reducedSum_reduced_nextLevel_adder_15/_723_/ZN (AOI21D0BWP30P140)
   0.0249    1.0693 v reducedSum_reduced_nextLevel_adder_15/_728_/ZN (MAOI222D0BWP30P140)
   0.0362    1.1055 ^ reducedSum_reduced_nextLevel_adder_15/_732_/ZN (MAOI222D0BWP30P140)
   0.0186    1.1241 v reducedSum_reduced_nextLevel_adder_15/_741_/ZN (OAI21D0BWP30P140)
   0.0233    1.1474 ^ reducedSum_reduced_nextLevel_adder_15/_745_/ZN (AOI31D0BWP30P140)
   0.0260    1.1733 ^ reducedSum_reduced_nextLevel_adder_15/_746_/ZN (IAO21D0BWP30P140)
   0.0267    1.2000 v reducedSum_reduced_nextLevel_adder_15/_747_/ZN (MAOI222D0BWP30P140)
   0.0438    1.2438 v reducedSum_reduced_nextLevel_adder_15/_748_/Z (AO211D0BWP30P140)
   0.0936    1.3374 ^ reducedSum_reduced_nextLevel_adder_15/_775_/ZN (AOI21D0BWP30P140)
   0.0301    1.3676 ^ reducedSum_reduced_nextLevel_adder_15/_796_/Z (CKMUX2D0BWP30P140)
   0.0450    1.4126 v reducedSum_reduced_nextLevel_adder_15/_801_/ZN (ND4D0BWP30P140)
   0.0385    1.4511 ^ reducedSum_reduced_nextLevel_adder_15/_821_/ZN (NR4D0BWP30P140)
   0.0543    1.5054 ^ reducedSum_reduced_nextLevel_adder_15/_836_/ZN (INR4D0BWP30P140)
   0.0585    1.5639 ^ reducedSum_reduced_nextLevel_adder_15/_902_/ZN (INR4D0BWP30P140)
   0.0149    1.5788 v reducedSum_reduced_nextLevel_adder_15/_904_/ZN (CKND2D0BWP30P140)
   0.0139    1.5927 ^ reducedSum_reduced_nextLevel_adder_15/_919_/ZN (CKND2D0BWP30P140)
   0.0350    1.6277 ^ reducedSum_reduced_nextLevel_adder_15/_922_/ZN (XNR2UD0BWP30P140)
   0.0354    1.6631 v reducedSum_reduced_nextLevel_adder_23/_480_/ZN (MAOI222D0BWP30P140)
   0.0319    1.6951 ^ reducedSum_reduced_nextLevel_adder_23/_483_/ZN (AOI211D0BWP30P140)
   0.0224    1.7175 v reducedSum_reduced_nextLevel_adder_23/_485_/ZN (OAI31D0BWP30P140)
   0.0310    1.7485 ^ reducedSum_reduced_nextLevel_adder_23/_487_/ZN (AOI21D0BWP30P140)
   0.0410    1.7895 v reducedSum_reduced_nextLevel_adder_23/_490_/ZN (OAI211D0BWP30P140)
   0.0270    1.8165 ^ reducedSum_reduced_nextLevel_adder_23/_496_/ZN (ND3D0BWP30P140)
   0.0347    1.8512 v reducedSum_reduced_nextLevel_adder_23/_522_/ZN (AOI32D0BWP30P140)
   0.1349    1.9861 v reducedSum_reduced_nextLevel_adder_23/_567_/Z (AO21D0BWP30P140)
   0.0570    2.0431 v reducedSum_reduced_nextLevel_adder_23/_568_/ZN (MUX2ND0BWP30P140)
   0.0463    2.0894 ^ reducedSum_reduced_nextLevel_adder_23/_569_/ZN (AOI211D0BWP30P140)
   0.0191    2.1085 v reducedSum_reduced_nextLevel_adder_23/_593_/ZN (AOI211D0BWP30P140)
   0.0294    2.1379 ^ reducedSum_reduced_nextLevel_adder_23/_594_/ZN (AOI21D0BWP30P140)
   0.0309    2.1688 ^ reducedSum_reduced_nextLevel_adder_23/_709_/Z (CKMUX2D0BWP30P140)
   0.0196    2.1884 v reducedSum_reduced_nextLevel_adder_23/_712_/ZN (AOI211D0BWP30P140)
   0.0262    2.2146 ^ reducedSum_reduced_nextLevel_adder_23/_717_/ZN (AOI31D0BWP30P140)
   0.0243    2.2389 v reducedSum_reduced_nextLevel_adder_23/_720_/ZN (MAOI222D0BWP30P140)
   0.0255    2.2644 ^ reducedSum_reduced_nextLevel_adder_23/_723_/ZN (AOI21D0BWP30P140)
   0.0249    2.2893 v reducedSum_reduced_nextLevel_adder_23/_728_/ZN (MAOI222D0BWP30P140)
   0.0362    2.3255 ^ reducedSum_reduced_nextLevel_adder_23/_732_/ZN (MAOI222D0BWP30P140)
   0.0186    2.3441 v reducedSum_reduced_nextLevel_adder_23/_741_/ZN (OAI21D0BWP30P140)
   0.0233    2.3674 ^ reducedSum_reduced_nextLevel_adder_23/_745_/ZN (AOI31D0BWP30P140)
   0.0260    2.3934 ^ reducedSum_reduced_nextLevel_adder_23/_746_/ZN (IAO21D0BWP30P140)
   0.0267    2.4200 v reducedSum_reduced_nextLevel_adder_23/_747_/ZN (MAOI222D0BWP30P140)
   0.0438    2.4639 v reducedSum_reduced_nextLevel_adder_23/_748_/Z (AO211D0BWP30P140)
   0.0936    2.5575 ^ reducedSum_reduced_nextLevel_adder_23/_775_/ZN (AOI21D0BWP30P140)
   0.0301    2.5876 ^ reducedSum_reduced_nextLevel_adder_23/_796_/Z (CKMUX2D0BWP30P140)
   0.0450    2.6326 v reducedSum_reduced_nextLevel_adder_23/_801_/ZN (ND4D0BWP30P140)
   0.0385    2.6711 ^ reducedSum_reduced_nextLevel_adder_23/_821_/ZN (NR4D0BWP30P140)
   0.0543    2.7254 ^ reducedSum_reduced_nextLevel_adder_23/_836_/ZN (INR4D0BWP30P140)
   0.0585    2.7839 ^ reducedSum_reduced_nextLevel_adder_23/_902_/ZN (INR4D0BWP30P140)
   0.0149    2.7988 v reducedSum_reduced_nextLevel_adder_23/_904_/ZN (CKND2D0BWP30P140)
   0.0139    2.8128 ^ reducedSum_reduced_nextLevel_adder_23/_919_/ZN (CKND2D0BWP30P140)
   0.0350    2.8478 ^ reducedSum_reduced_nextLevel_adder_23/_922_/ZN (XNR2UD0BWP30P140)
   0.0354    2.8831 v reducedSum_reduced_nextLevel_adder_27/_480_/ZN (MAOI222D0BWP30P140)
   0.0319    2.9151 ^ reducedSum_reduced_nextLevel_adder_27/_483_/ZN (AOI211D0BWP30P140)
   0.0224    2.9375 v reducedSum_reduced_nextLevel_adder_27/_485_/ZN (OAI31D0BWP30P140)
   0.0310    2.9685 ^ reducedSum_reduced_nextLevel_adder_27/_487_/ZN (AOI21D0BWP30P140)
   0.0410    3.0095 v reducedSum_reduced_nextLevel_adder_27/_490_/ZN (OAI211D0BWP30P140)
   0.0270    3.0365 ^ reducedSum_reduced_nextLevel_adder_27/_496_/ZN (ND3D0BWP30P140)
   0.0347    3.0712 v reducedSum_reduced_nextLevel_adder_27/_522_/ZN (AOI32D0BWP30P140)
   0.1349    3.2061 v reducedSum_reduced_nextLevel_adder_27/_567_/Z (AO21D0BWP30P140)
   0.0570    3.2631 v reducedSum_reduced_nextLevel_adder_27/_568_/ZN (MUX2ND0BWP30P140)
   0.0463    3.3094 ^ reducedSum_reduced_nextLevel_adder_27/_569_/ZN (AOI211D0BWP30P140)
   0.0191    3.3285 v reducedSum_reduced_nextLevel_adder_27/_593_/ZN (AOI211D0BWP30P140)
   0.0294    3.3579 ^ reducedSum_reduced_nextLevel_adder_27/_594_/ZN (AOI21D0BWP30P140)
   0.0309    3.3889 ^ reducedSum_reduced_nextLevel_adder_27/_709_/Z (CKMUX2D0BWP30P140)
   0.0196    3.4084 v reducedSum_reduced_nextLevel_adder_27/_712_/ZN (AOI211D0BWP30P140)
   0.0262    3.4346 ^ reducedSum_reduced_nextLevel_adder_27/_717_/ZN (AOI31D0BWP30P140)
   0.0243    3.4589 v reducedSum_reduced_nextLevel_adder_27/_720_/ZN (MAOI222D0BWP30P140)
   0.0255    3.4844 ^ reducedSum_reduced_nextLevel_adder_27/_723_/ZN (AOI21D0BWP30P140)
   0.0249    3.5093 v reducedSum_reduced_nextLevel_adder_27/_728_/ZN (MAOI222D0BWP30P140)
   0.0362    3.5455 ^ reducedSum_reduced_nextLevel_adder_27/_732_/ZN (MAOI222D0BWP30P140)
   0.0186    3.5641 v reducedSum_reduced_nextLevel_adder_27/_741_/ZN (OAI21D0BWP30P140)
   0.0233    3.5874 ^ reducedSum_reduced_nextLevel_adder_27/_745_/ZN (AOI31D0BWP30P140)
   0.0260    3.6134 ^ reducedSum_reduced_nextLevel_adder_27/_746_/ZN (IAO21D0BWP30P140)
   0.0267    3.6401 v reducedSum_reduced_nextLevel_adder_27/_747_/ZN (MAOI222D0BWP30P140)
   0.0438    3.6839 v reducedSum_reduced_nextLevel_adder_27/_748_/Z (AO211D0BWP30P140)
   0.0936    3.7775 ^ reducedSum_reduced_nextLevel_adder_27/_775_/ZN (AOI21D0BWP30P140)
   0.0301    3.8076 ^ reducedSum_reduced_nextLevel_adder_27/_796_/Z (CKMUX2D0BWP30P140)
   0.0450    3.8526 v reducedSum_reduced_nextLevel_adder_27/_801_/ZN (ND4D0BWP30P140)
   0.0385    3.8911 ^ reducedSum_reduced_nextLevel_adder_27/_821_/ZN (NR4D0BWP30P140)
   0.0543    3.9454 ^ reducedSum_reduced_nextLevel_adder_27/_836_/ZN (INR4D0BWP30P140)
   0.0585    4.0039 ^ reducedSum_reduced_nextLevel_adder_27/_902_/ZN (INR4D0BWP30P140)
   0.0149    4.0188 v reducedSum_reduced_nextLevel_adder_27/_904_/ZN (CKND2D0BWP30P140)
   0.0139    4.0328 ^ reducedSum_reduced_nextLevel_adder_27/_919_/ZN (CKND2D0BWP30P140)
   0.0350    4.0678 ^ reducedSum_reduced_nextLevel_adder_27/_922_/ZN (XNR2UD0BWP30P140)
   0.0354    4.1032 v reducedSum_reduced_nextLevel_adder_29/_480_/ZN (MAOI222D0BWP30P140)
   0.0319    4.1351 ^ reducedSum_reduced_nextLevel_adder_29/_483_/ZN (AOI211D0BWP30P140)
   0.0224    4.1575 v reducedSum_reduced_nextLevel_adder_29/_485_/ZN (OAI31D0BWP30P140)
   0.0310    4.1885 ^ reducedSum_reduced_nextLevel_adder_29/_487_/ZN (AOI21D0BWP30P140)
   0.0410    4.2295 v reducedSum_reduced_nextLevel_adder_29/_490_/ZN (OAI211D0BWP30P140)
   0.0270    4.2565 ^ reducedSum_reduced_nextLevel_adder_29/_496_/ZN (ND3D0BWP30P140)
   0.0347    4.2913 v reducedSum_reduced_nextLevel_adder_29/_522_/ZN (AOI32D0BWP30P140)
   0.1349    4.4262 v reducedSum_reduced_nextLevel_adder_29/_567_/Z (AO21D0BWP30P140)
   0.0570    4.4831 v reducedSum_reduced_nextLevel_adder_29/_568_/ZN (MUX2ND0BWP30P140)
   0.0463    4.5294 ^ reducedSum_reduced_nextLevel_adder_29/_569_/ZN (AOI211D0BWP30P140)
   0.0191    4.5485 v reducedSum_reduced_nextLevel_adder_29/_593_/ZN (AOI211D0BWP30P140)
   0.0294    4.5779 ^ reducedSum_reduced_nextLevel_adder_29/_594_/ZN (AOI21D0BWP30P140)
   0.0309    4.6089 ^ reducedSum_reduced_nextLevel_adder_29/_709_/Z (CKMUX2D0BWP30P140)
   0.0196    4.6284 v reducedSum_reduced_nextLevel_adder_29/_712_/ZN (AOI211D0BWP30P140)
   0.0262    4.6546 ^ reducedSum_reduced_nextLevel_adder_29/_717_/ZN (AOI31D0BWP30P140)
   0.0243    4.6789 v reducedSum_reduced_nextLevel_adder_29/_720_/ZN (MAOI222D0BWP30P140)
   0.0255    4.7044 ^ reducedSum_reduced_nextLevel_adder_29/_723_/ZN (AOI21D0BWP30P140)
   0.0249    4.7294 v reducedSum_reduced_nextLevel_adder_29/_728_/ZN (MAOI222D0BWP30P140)
   0.0362    4.7655 ^ reducedSum_reduced_nextLevel_adder_29/_732_/ZN (MAOI222D0BWP30P140)
   0.0186    4.7842 v reducedSum_reduced_nextLevel_adder_29/_741_/ZN (OAI21D0BWP30P140)
   0.0233    4.8074 ^ reducedSum_reduced_nextLevel_adder_29/_745_/ZN (AOI31D0BWP30P140)
   0.0260    4.8334 ^ reducedSum_reduced_nextLevel_adder_29/_746_/ZN (IAO21D0BWP30P140)
   0.0267    4.8601 v reducedSum_reduced_nextLevel_adder_29/_747_/ZN (MAOI222D0BWP30P140)
   0.0438    4.9039 v reducedSum_reduced_nextLevel_adder_29/_748_/Z (AO211D0BWP30P140)
   0.0936    4.9975 ^ reducedSum_reduced_nextLevel_adder_29/_775_/ZN (AOI21D0BWP30P140)
   0.0301    5.0276 ^ reducedSum_reduced_nextLevel_adder_29/_796_/Z (CKMUX2D0BWP30P140)
   0.0450    5.0726 v reducedSum_reduced_nextLevel_adder_29/_801_/ZN (ND4D0BWP30P140)
   0.0385    5.1111 ^ reducedSum_reduced_nextLevel_adder_29/_821_/ZN (NR4D0BWP30P140)
   0.0543    5.1654 ^ reducedSum_reduced_nextLevel_adder_29/_836_/ZN (INR4D0BWP30P140)
   0.0585    5.2239 ^ reducedSum_reduced_nextLevel_adder_29/_902_/ZN (INR4D0BWP30P140)
   0.0149    5.2389 v reducedSum_reduced_nextLevel_adder_29/_904_/ZN (CKND2D0BWP30P140)
   0.0139    5.2528 ^ reducedSum_reduced_nextLevel_adder_29/_919_/ZN (CKND2D0BWP30P140)
   0.0350    5.2878 ^ reducedSum_reduced_nextLevel_adder_29/_922_/ZN (XNR2UD0BWP30P140)
   0.0354    5.3232 v reducedSum_reduced_nextLevel_adder_30/_480_/ZN (MAOI222D0BWP30P140)
   0.0319    5.3551 ^ reducedSum_reduced_nextLevel_adder_30/_483_/ZN (AOI211D0BWP30P140)
   0.0224    5.3775 v reducedSum_reduced_nextLevel_adder_30/_485_/ZN (OAI31D0BWP30P140)
   0.0310    5.4085 ^ reducedSum_reduced_nextLevel_adder_30/_487_/ZN (AOI21D0BWP30P140)
   0.0410    5.4495 v reducedSum_reduced_nextLevel_adder_30/_490_/ZN (OAI211D0BWP30P140)
   0.0270    5.4766 ^ reducedSum_reduced_nextLevel_adder_30/_496_/ZN (ND3D0BWP30P140)
   0.0347    5.5113 v reducedSum_reduced_nextLevel_adder_30/_522_/ZN (AOI32D0BWP30P140)
   0.1349    5.6462 v reducedSum_reduced_nextLevel_adder_30/_567_/Z (AO21D0BWP30P140)
   0.0570    5.7031 v reducedSum_reduced_nextLevel_adder_30/_568_/ZN (MUX2ND0BWP30P140)
   0.0463    5.7494 ^ reducedSum_reduced_nextLevel_adder_30/_569_/ZN (AOI211D0BWP30P140)
   0.0191    5.7685 v reducedSum_reduced_nextLevel_adder_30/_593_/ZN (AOI211D0BWP30P140)
   0.0294    5.7980 ^ reducedSum_reduced_nextLevel_adder_30/_594_/ZN (AOI21D0BWP30P140)
   0.0309    5.8289 ^ reducedSum_reduced_nextLevel_adder_30/_709_/Z (CKMUX2D0BWP30P140)
   0.0196    5.8485 v reducedSum_reduced_nextLevel_adder_30/_712_/ZN (AOI211D0BWP30P140)
   0.0262    5.8746 ^ reducedSum_reduced_nextLevel_adder_30/_717_/ZN (AOI31D0BWP30P140)
   0.0243    5.8989 v reducedSum_reduced_nextLevel_adder_30/_720_/ZN (MAOI222D0BWP30P140)
   0.0255    5.9244 ^ reducedSum_reduced_nextLevel_adder_30/_723_/ZN (AOI21D0BWP30P140)
   0.0249    5.9494 v reducedSum_reduced_nextLevel_adder_30/_728_/ZN (MAOI222D0BWP30P140)
   0.0362    5.9856 ^ reducedSum_reduced_nextLevel_adder_30/_732_/ZN (MAOI222D0BWP30P140)
   0.0186    6.0042 v reducedSum_reduced_nextLevel_adder_30/_741_/ZN (OAI21D0BWP30P140)
   0.0233    6.0274 ^ reducedSum_reduced_nextLevel_adder_30/_745_/ZN (AOI31D0BWP30P140)
   0.0260    6.0534 ^ reducedSum_reduced_nextLevel_adder_30/_746_/ZN (IAO21D0BWP30P140)
   0.0267    6.0801 v reducedSum_reduced_nextLevel_adder_30/_747_/ZN (MAOI222D0BWP30P140)
   0.0438    6.1239 v reducedSum_reduced_nextLevel_adder_30/_748_/Z (AO211D0BWP30P140)
   0.0936    6.2175 ^ reducedSum_reduced_nextLevel_adder_30/_775_/ZN (AOI21D0BWP30P140)
   0.0301    6.2477 ^ reducedSum_reduced_nextLevel_adder_30/_796_/Z (CKMUX2D0BWP30P140)
   0.0450    6.2926 v reducedSum_reduced_nextLevel_adder_30/_801_/ZN (ND4D0BWP30P140)
   0.0385    6.3311 ^ reducedSum_reduced_nextLevel_adder_30/_821_/ZN (NR4D0BWP30P140)
   0.0543    6.3854 ^ reducedSum_reduced_nextLevel_adder_30/_836_/ZN (INR4D0BWP30P140)
   0.0301    6.4155 ^ reducedSum_reduced_nextLevel_adder_30/_842_/ZN (INR2D0BWP30P140)
   0.0200    6.4356 v reducedSum_reduced_nextLevel_adder_30/_847_/ZN (XNR2UD0BWP30P140)
   0.0243    6.4598 ^ reducedSum_conv/_105_/ZN (NR2D0BWP30P140)
   0.0778    6.5376 v reducedSum_conv/_121_/ZN (OAI31D0BWP30P140)
   0.0546    6.5922 v reducedSum_conv/_134_/Z (XOR2UD0BWP30P140)
   0.0436    6.6357 ^ reducedSum_conv/_139_/ZN (OAI31D0BWP30P140)
   0.0303    6.6660 v reducedSum_conv/_143_/ZN (AOI21D0BWP30P140)
   0.0319    6.6980 ^ reducedSum_conv/_155_/ZN (OAI32D0BWP30P140)
   0.0300    6.7280 ^ reducedSum_conv/_159_/ZN (XNR2UD0BWP30P140)
   0.0283    6.7563 ^ reducedSum_conv/_166_/Z (AN3D0BWP30P140)
   0.0470    6.8033 ^ reducedSum_conv/_167_/Z (AO21D0BWP30P140)
   0.0254    6.8287 v reducedSum_conv/_175_/ZN (NR3D0BWP30P140)
   0.0285    6.8572 v accAdder/_0897_/ZN (XNR2UD0BWP30P140)
   0.0314    6.8886 ^ accAdder/_0899_/ZN (AOI21D0BWP30P140)
   0.0301    6.9187 v accAdder/_0901_/ZN (MAOI222D0BWP30P140)
   0.0371    6.9558 ^ accAdder/_0902_/ZN (MAOI222D0BWP30P140)
   0.0303    6.9861 v accAdder/_0903_/ZN (MAOI222D0BWP30P140)
   0.0360    7.0221 ^ accAdder/_0966_/ZN (MAOI222D0BWP30P140)
   0.0302    7.0523 v accAdder/_0968_/ZN (MAOI222D0BWP30P140)
   0.0260    7.0782 v accAdder/_0970_/ZN (XNR2UD0BWP30P140)
   0.0212    7.0994 ^ accAdder/_0971_/ZN (NR2D0BWP30P140)
   0.0257    7.1252 ^ accAdder/_0972_/Z (AN2D0BWP30P140)
   0.4170    7.5421 v accAdder/_0975_/ZN (AOI31D0BWP30P140)
   0.4192    7.9614 ^ accAdder/_0991_/ZN (AOI22D0BWP30P140)
   0.0318    7.9932 v accAdder/_1063_/ZN (CKND2D0BWP30P140)
   0.0370    8.0302 ^ accAdder/_1188_/ZN (OAI32D0BWP30P140)
   0.0151    8.0453 v accAdder/_1189_/ZN (AOI21D0BWP30P140)
   0.0396    8.0849 ^ accAdder/_1191_/ZN (OAI221D0BWP30P140)
   0.0211    8.1060 v accAdder/_1196_/ZN (OAI31D0BWP30P140)
   0.0222    8.1282 ^ accAdder/_1198_/ZN (AOI21D0BWP30P140)
   0.0256    8.1538 v accAdder/_1200_/ZN (MAOI222D0BWP30P140)
   0.0396    8.1934 ^ accAdder/_1202_/ZN (MAOI222D0BWP30P140)
   0.0257    8.2191 v accAdder/_1204_/ZN (MAOI222D0BWP30P140)
   0.0277    8.2469 ^ accAdder/_1206_/ZN (AOI21D0BWP30P140)
   0.0253    8.2721 ^ accAdder/_1209_/ZN (IAO21D0BWP30P140)
   0.0247    8.2968 v accAdder/_1211_/ZN (MAOI222D0BWP30P140)
   0.0395    8.3363 ^ accAdder/_1213_/ZN (MAOI222D0BWP30P140)
   0.0265    8.3628 v accAdder/_1221_/ZN (MAOI222D0BWP30P140)
   0.0354    8.3982 v accAdder/_1232_/Z (AO21D0BWP30P140)
   0.0261    8.4242 ^ accAdder/_1242_/ZN (MAOI222D0BWP30P140)
   0.0265    8.4508 v accAdder/_1255_/ZN (MAOI222D0BWP30P140)
   0.0315    8.4823 v accAdder/_1259_/Z (AO21D0BWP30P140)
   0.0182    8.5005 ^ accAdder/_1276_/ZN (AOI21D0BWP30P140)
   0.0258    8.5263 v accAdder/_1280_/ZN (MAOI222D0BWP30P140)
   0.0391    8.5654 ^ accAdder/_1296_/ZN (MAOI222D0BWP30P140)
   0.0262    8.5916 v accAdder/_1300_/ZN (MAOI222D0BWP30P140)
   0.0304    8.6220 ^ accAdder/_1318_/ZN (AOI21D0BWP30P140)
   0.0249    8.6469 v accAdder/_1322_/ZN (MAOI222D0BWP30P140)
   0.0364    8.6833 v accAdder/_1345_/Z (AO21D0BWP30P140)
   0.0156    8.6990 ^ accAdder/_1353_/ZN (MUX2ND0BWP30P140)
   0.0347    8.7337 ^ accAdder/_1354_/ZN (XNR2UD0BWP30P140)
   0.0288    8.7624 ^ accAdder/_1453_/ZN (MAOI22D0BWP30P140)
   0.1281    8.8905 v accAdder/_1456_/ZN (OAI211D0BWP30P140)
   0.0886    8.9791 ^ accAdder/_1531_/Z (MUX4D0BWP30P140)
   0.0194    8.9986 v accAdder/_1534_/ZN (MUX3ND0BWP30P140)
   0.0405    9.0391 ^ accAdder/_1568_/ZN (NR2D0BWP30P140)
   0.0507    9.0898 ^ accAdder/_1577_/ZN (INR4D0BWP30P140)
   0.0510    9.1408 ^ accAdder/_1582_/Z (AN4D0BWP30P140)
   0.0395    9.1803 ^ accAdder/_1590_/Z (AN4D0BWP30P140)
   0.0406    9.2209 ^ accAdder/_1601_/Z (AN4D0BWP30P140)
   0.0349    9.2557 ^ accAdder/_1603_/Z (AN3D0BWP30P140)
   0.0271    9.2829 v accAdder/_1605_/ZN (IND3D0BWP30P140)
   0.0379    9.3208 v accAdder/_1606_/Z (OR3D0BWP30P140)
   0.0368    9.3576 ^ accAdder/_1608_/ZN (INR3D0BWP30P140)
   0.0364    9.3941 v accAdder/_1611_/ZN (MAOI222D0BWP30P140)
   0.0357    9.4297 ^ accAdder/_1616_/ZN (NR4D0BWP30P140)
   0.0219    9.4516 v accAdder/_1619_/ZN (OAI31D0BWP30P140)
   0.0327    9.4843 v accAdder/_1621_/Z (AO21D0BWP30P140)
   0.0312    9.5155 ^ accAdder/_1623_/ZN (AOI21D0BWP30P140)
   0.0237    9.5392 v accAdder/_1626_/ZN (OAI21D0BWP30P140)
   0.0215    9.5607 v accAdder/_1658_/Z (AN3D0BWP30P140)
   0.0613    9.6219 v accAdder/_1659_/Z (OR3D0BWP30P140)
   0.0420    9.6639 ^ accAdder/_1703_/ZN (AOI211D0BWP30P140)
   0.0261    9.6900 ^ _060_/Z (AO22D0BWP30P140)
   0.0000    9.6900 ^ _070_/D (DFCNQD1BWP30P140)
             9.6900   data arrival time

  20.0000   20.0000   clock CORE_CLK (rise edge)
   0.0000   20.0000   clock network delay (ideal)
  -0.0500   19.9500   clock uncertainty
   0.0000   19.9500   clock reconvergence pessimism
            19.9500 ^ _070_/CP (DFCNQD1BWP30P140)
  -0.0174   19.9326   library setup time
            19.9326   data required time
-------------------------------------------------------------
            19.9326   data required time
            -9.6900   data arrival time
-------------------------------------------------------------
            10.2426   slack (MET)


