
6. Printing statistics.

=== BFP_PE ===

        +----------Local Count, excluding submodules.
        |        +-Local Area, excluding submodules.
        |        | 
       78        - wires
      604        - wire bits
       44        - public wires
      570        - public wire bits
       10        - ports
      117        - port bits
       67   99.918 cells
       32   24.192   AO22D0BWP30P140
       33   74.844   DFCNQD1BWP30P140
        1    0.504   INR2D0BWP30P140
        1    0.378   NR2D0BWP30P140
       16        - submodules
        4        -   CustomOperator_E4M3_to_E4M3
        4        -   FP32Adder
        4        -   ScaleAddition_E4M3_to_E4M3_scale_UE4M4
        4        -   ScaleToFP32_E4M3_x_E4M3_UE4M4

   Chip area for module '\BFP_PE': 99.918000
     of which used for sequential elements: 74.844000 (74.91%)

=== FP32Adder ===

        +----------Local Count, excluding submodules.
        |        +-Local Area, excluding submodules.
        |        | 
      872        - wires
     1037        - wire bits
        6        - public wires
      171        - public wire bits
        3        - ports
       96        - port bits
      898  554.904 cells
       18    9.072   AN2D0BWP30P140
        5     3.15   AN3D0BWP30P140
        4    3.024   AN4D0BWP30P140
        2    1.512   AO211D0BWP30P140
       13     8.19   AO21D0BWP30P140
        4    3.024   AO22D0BWP30P140
       10      6.3   AOI211D0BWP30P140
       52   26.208   AOI21D0BWP30P140
       10     7.56   AOI221D0BWP30P140
        2    2.016   AOI222D0BWP30P140
       32    20.16   AOI22D0BWP30P140
        2     1.26   AOI31D0BWP30P140
       19   16.758   CKMUX2D0BWP30P140
       65    16.38   CKND0BWP30P140
       72   27.216   CKND2D0BWP30P140
        6     3.78   IAO21D0BWP30P140
       20    10.08   IND2D0BWP30P140
        1     0.63   IND3D0BWP30P140
        2    1.512   IND4D0BWP30P140
       21   10.584   INR2D0BWP30P140
        8     5.04   INR3D0BWP30P140
        3    2.268   INR4D0BWP30P140
        7     4.41   IOA21D0BWP30P140
       30    22.68   MAOI222D0BWP30P140
       15    11.34   MAOI22D0BWP30P140
        4    3.024   MOAI22D0BWP30P140
      114   86.184   MUX2ND0BWP30P140
        1    1.764   MUX3D0BWP30P140
        1    1.638   MUX3ND0BWP30P140
        2    4.788   MUX4D0BWP30P140
       16   36.288   MUX4ND0BWP30P140
       14    7.056   ND3D0BWP30P140
        5     3.15   ND4D0BWP30P140
       99   37.422   NR2D0BWP30P140
       35    17.64   NR3D0BWP30P140
        8     5.04   NR4D0BWP30P140
        2    1.512   OA211D0BWP30P140
        6     3.78   OA21D0BWP30P140
        1    0.882   OA22D0BWP30P140
       13     8.19   OAI211D0BWP30P140
       41   20.664   OAI21D0BWP30P140
        1    0.882   OAI221D0BWP30P140
        1    1.008   OAI222D0BWP30P140
       10      6.3   OAI22D0BWP30P140
        6     3.78   OAI31D0BWP30P140
        3    2.268   OAI32D0BWP30P140
        1    0.882   OAI33D0BWP30P140
        6    3.024   OR2D0BWP30P140
        8     5.04   OR3D0BWP30P140
        2    1.512   OR4D0BWP30P140
       51   44.982   XNR2UD0BWP30P140
        1    1.764   XNR3UD0BWP30P140
       23   20.286   XOR2UD0BWP30P140

   Chip area for module '\FP32Adder': 554.904000
     of which used for sequential elements: 0.000000 (0.00%)

=== ScaleToFP32_E4M3_x_E4M3_UE4M4 ===

        +----------Local Count, excluding submodules.
        |        +-Local Area, excluding submodules.
        |        | 
      123        - wires
      177        - wire bits
        4        - public wires
       58        - public wire bits
        4        - ports
       58        - port bits
      145    85.68 cells
        9    4.536   AN2D0BWP30P140
        6     3.78   AO21D0BWP30P140
        3     1.89   AOI211D0BWP30P140
        9    4.536   AOI21D0BWP30P140
        1    0.756   AOI221D0BWP30P140
        1     0.63   AOI22D0BWP30P140
        4     2.52   AOI31D0BWP30P140
       11    9.702   CKMUX2D0BWP30P140
        5     1.26   CKND0BWP30P140
        8    3.024   CKND2D0BWP30P140
        6     3.78   IAO21D0BWP30P140
        2    1.008   IND2D0BWP30P140
        7    3.528   INR2D0BWP30P140
        1     0.63   INR3D0BWP30P140
       23   17.388   MUX2ND0BWP30P140
        5     2.52   ND3D0BWP30P140
       15     5.67   NR2D0BWP30P140
        5     2.52   NR3D0BWP30P140
        2     1.26   NR4D0BWP30P140
        2    1.512   OA211D0BWP30P140
        1     0.63   OA21D0BWP30P140
        5     2.52   OAI21D0BWP30P140
        4     2.52   OAI31D0BWP30P140
        3    1.512   OR2D0BWP30P140
        1    0.756   OR4D0BWP30P140
        3    2.646   XNR2UD0BWP30P140
        3    2.646   XOR2UD0BWP30P140

   Chip area for module '\ScaleToFP32_E4M3_x_E4M3_UE4M4': 85.680000
     of which used for sequential elements: 0.000000 (0.00%)

=== ScaleAddition_E4M3_to_E4M3_scale_UE4M4 ===

        +----------Local Count, excluding submodules.
        |        +-Local Area, excluding submodules.
        |        | 
      436        - wires
      485        - wire bits
        8        - public wires
       57        - public wire bits
        8        - ports
       57        - port bits
      453  326.592 cells
       13    6.552   AN2D0BWP30P140
        2     1.26   AN3D0BWP30P140
        3    2.268   AN4D0BWP30P140
        6     3.78   AO21D0BWP30P140
        1    0.756   AO22D0BWP30P140
        8    4.032   AOI21D0BWP30P140
        7     4.41   AOI22D0BWP30P140
        8     5.04   AOI31D0BWP30P140
        1    0.756   AOI32D0BWP30P140
       15     3.78   CKND0BWP30P140
       99   37.422   CKND2D0BWP30P140
        4     2.52   IAO21D0BWP30P140
        5     2.52   IND2D0BWP30P140
        1     0.63   IND3D0BWP30P140
       17    8.568   INR2D0BWP30P140
        2     1.26   INR3D0BWP30P140
        1     0.63   IOA21D0BWP30P140
       50     37.8   MAOI222D0BWP30P140
        9    4.536   ND3D0BWP30P140
        3     1.89   ND4D0BWP30P140
       25     9.45   NR2D0BWP30P140
        3    1.512   NR3D0BWP30P140
        3     1.89   OA21D0BWP30P140
        1     0.63   OAI211D0BWP30P140
        9    4.536   OAI21D0BWP30P140
        2     1.26   OAI22D0BWP30P140
        5     2.52   OR2D0BWP30P140
        2    1.512   OR4D0BWP30P140
       59   52.038   XNR2UD0BWP30P140
       29   51.156   XNR3UD0BWP30P140
        2    5.292   XNR4D0BWP30P140
       43   37.926   XOR2UD0BWP30P140
       15    26.46   XOR3UD0BWP30P140

   Chip area for module '\ScaleAddition_E4M3_to_E4M3_scale_UE4M4': 326.592000
     of which used for sequential elements: 0.000000 (0.00%)

=== CustomOperator_E4M3_to_E4M3 ===

        +----------Local Count, excluding submodules.
        |        +-Local Area, excluding submodules.
        |        | 
       78        - wires
      104        - wire bits
        5        - public wires
       31        - public wire bits
        5        - ports
       31        - port bits
       88   58.338 cells
        5     2.52   AN2D0BWP30P140
        2    1.008   AOI21D0BWP30P140
        2     1.26   AOI22D0BWP30P140
        2     1.26   AOI31D0BWP30P140
        2    0.504   CKND0BWP30P140
       15     5.67   CKND2D0BWP30P140
        3    1.512   IND2D0BWP30P140
        4    2.016   INR2D0BWP30P140
        1     0.63   IOA21D0BWP30P140
        6    4.536   MAOI222D0BWP30P140
        2    1.008   ND3D0BWP30P140
        3     1.89   ND4D0BWP30P140
        4    1.512   NR2D0BWP30P140
        2    1.008   NR3D0BWP30P140
        3     1.89   NR4D0BWP30P140
        2     1.26   OAI211D0BWP30P140
        3    1.512   OAI21D0BWP30P140
        1     0.63   OAI22D0BWP30P140
        3    1.512   OR2D0BWP30P140
        1     0.63   OR3D0BWP30P140
        1    0.756   OR4D0BWP30P140
        9    7.938   XNR2UD0BWP30P140
        3    5.292   XNR3UD0BWP30P140
        6    5.292   XOR2UD0BWP30P140
        3    5.292   XOR3UD0BWP30P140

   Chip area for module '\CustomOperator_E4M3_to_E4M3': 58.338000
     of which used for sequential elements: 0.000000 (0.00%)

=== design hierarchy ===

        +----------Count including submodules.
        |        +-Area including submodules.
        |        | 
     6403  4.2E+03 BFP_PE
       88   58.338 CustomOperator_E4M3_to_E4M3
      898  554.904 FP32Adder
      453  326.592 ScaleAddition_E4M3_to_E4M3_scale_UE4M4
      145    85.68 ScaleToFP32_E4M3_x_E4M3_UE4M4

        +----------Count including submodules.
        |        +-Area including submodules.
        |        | 
     6114        - wires
     7816        - wire bits
      136        - public wires
     1838        - public wire bits
       90        - ports
     1085        - port bits
        -        - memories
        -        - memory bits
        -        - processes
     6403  4.2E+03 cells
      180    90.72   AN2D0BWP30P140
       28    17.64   AN3D0BWP30P140
       28   21.168   AN4D0BWP30P140
        8    6.048   AO211D0BWP30P140
      100       63   AO21D0BWP30P140
       52   39.312   AO22D0BWP30P140
       52    32.76   AOI211D0BWP30P140
      284  143.136   AOI21D0BWP30P140
       44   33.264   AOI221D0BWP30P140
        8    8.064   AOI222D0BWP30P140
      168   105.84   AOI22D0BWP30P140
       64    40.32   AOI31D0BWP30P140
        4    3.024   AOI32D0BWP30P140
      120   105.84   CKMUX2D0BWP30P140
      348   87.696   CKND0BWP30P140
      776  293.328   CKND2D0BWP30P140
       33   74.844   DFCNQD1BWP30P140
       64    40.32   IAO21D0BWP30P140
      120    60.48   IND2D0BWP30P140
        8     5.04   IND3D0BWP30P140
        8    6.048   IND4D0BWP30P140
      197   99.288   INR2D0BWP30P140
       44    27.72   INR3D0BWP30P140
       12    9.072   INR4D0BWP30P140
       36    22.68   IOA21D0BWP30P140
      344  260.064   MAOI222D0BWP30P140
       60    45.36   MAOI22D0BWP30P140
       16   12.096   MOAI22D0BWP30P140
      548  414.288   MUX2ND0BWP30P140
        4    7.056   MUX3D0BWP30P140
        4    6.552   MUX3ND0BWP30P140
        8   19.152   MUX4D0BWP30P140
       64  145.152   MUX4ND0BWP30P140
      120    60.48   ND3D0BWP30P140
       44    27.72   ND4D0BWP30P140
      573  216.594   NR2D0BWP30P140
      180    90.72   NR3D0BWP30P140
       52    32.76   NR4D0BWP30P140
       16   12.096   OA211D0BWP30P140
       40     25.2   OA21D0BWP30P140
        4    3.528   OA22D0BWP30P140
       64    40.32   OAI211D0BWP30P140
      232  116.928   OAI21D0BWP30P140
        4    3.528   OAI221D0BWP30P140
        4    4.032   OAI222D0BWP30P140
       52    32.76   OAI22D0BWP30P140
       40     25.2   OAI31D0BWP30P140
       12    9.072   OAI32D0BWP30P140
        4    3.528   OAI33D0BWP30P140
       68   34.272   OR2D0BWP30P140
       36    22.68   OR3D0BWP30P140
       24   18.144   OR4D0BWP30P140
      488  430.416   XNR2UD0BWP30P140
      132  232.848   XNR3UD0BWP30P140
        8   21.168   XNR4D0BWP30P140
      300    264.6   XOR2UD0BWP30P140
       72  127.008   XOR3UD0BWP30P140
       16  4.1E+03 submodules
        4  233.352   CustomOperator_E4M3_to_E4M3
        4 2.22E+03   FP32Adder
        4 1.31E+03   ScaleAddition_E4M3_to_E4M3_scale_UE4M4
        4   342.72   ScaleToFP32_E4M3_x_E4M3_UE4M4

   Chip area for top module '\BFP_PE': 4201.974000
     of which used for sequential elements: 74.844000 (1.78%)

