
6. Printing statistics.

=== BFP_PE ===

        +----------Local Count, excluding submodules.
        |        +-Local Area, excluding submodules.
        |        | 
       78        - wires
      576        - wire bits
       44        - public wires
      542        - public wire bits
       10        - ports
      109        - port bits
       67   99.918 cells
       32   24.192   AO22D0BWP30P140
       33   74.844   DFCNQD1BWP30P140
        1    0.504   INR2D0BWP30P140
        1    0.378   NR2D0BWP30P140
       16        - submodules
        4        -   CustomOperator_E5M2_to_E3M2
        4        -   FP32Adder
        4        -   ScaleAddition_E5M2_to_E3M2_scale_UE6M2
        4        -   ScaleToFP32_E5M2_x_E3M2_UE6M2

   Chip area for module '\BFP_PE': 99.918000
     of which used for sequential elements: 74.844000 (74.91%)

=== FP32Adder ===

        +----------Local Count, excluding submodules.
        |        +-Local Area, excluding submodules.
        |        | 
      872        - wires
     1037        - wire bits
        6        - public wires
      171        - public wire bits
        3        - ports
       96        - port bits
      898  554.904 cells
       18    9.072   AN2D0BWP30P140
        5     3.15   AN3D0BWP30P140
        4    3.024   AN4D0BWP30P140
        2    1.512   AO211D0BWP30P140
       13     8.19   AO21D0BWP30P140
        4    3.024   AO22D0BWP30P140
       10      6.3   AOI211D0BWP30P140
       52   26.208   AOI21D0BWP30P140
       10     7.56   AOI221D0BWP30P140
        2    2.016   AOI222D0BWP30P140
       32    20.16   AOI22D0BWP30P140
        2     1.26   AOI31D0BWP30P140
       19   16.758   CKMUX2D0BWP30P140
       65    16.38   CKND0BWP30P140
       72   27.216   CKND2D0BWP30P140
        6     3.78   IAO21D0BWP30P140
       20    10.08   IND2D0BWP30P140
        1     0.63   IND3D0BWP30P140
        2    1.512   IND4D0BWP30P140
       21   10.584   INR2D0BWP30P140
        8     5.04   INR3D0BWP30P140
        3    2.268   INR4D0BWP30P140
        7     4.41   IOA21D0BWP30P140
       30    22.68   MAOI222D0BWP30P140
       15    11.34   MAOI22D0BWP30P140
        4    3.024   MOAI22D0BWP30P140
      114   86.184   MUX2ND0BWP30P140
        1    1.764   MUX3D0BWP30P140
        1    1.638   MUX3ND0BWP30P140
        2    4.788   MUX4D0BWP30P140
       16   36.288   MUX4ND0BWP30P140
       14    7.056   ND3D0BWP30P140
        5     3.15   ND4D0BWP30P140
       99   37.422   NR2D0BWP30P140
       35    17.64   NR3D0BWP30P140
        8     5.04   NR4D0BWP30P140
        2    1.512   OA211D0BWP30P140
        6     3.78   OA21D0BWP30P140
        1    0.882   OA22D0BWP30P140
       13     8.19   OAI211D0BWP30P140
       41   20.664   OAI21D0BWP30P140
        1    0.882   OAI221D0BWP30P140
        1    1.008   OAI222D0BWP30P140
       10      6.3   OAI22D0BWP30P140
        6     3.78   OAI31D0BWP30P140
        3    2.268   OAI32D0BWP30P140
        1    0.882   OAI33D0BWP30P140
        6    3.024   OR2D0BWP30P140
        8     5.04   OR3D0BWP30P140
        2    1.512   OR4D0BWP30P140
       51   44.982   XNR2UD0BWP30P140
        1    1.764   XNR3UD0BWP30P140
       23   20.286   XOR2UD0BWP30P140

   Chip area for module '\FP32Adder': 554.904000
     of which used for sequential elements: 0.000000 (0.00%)

=== ScaleToFP32_E5M2_x_E3M2_UE6M2 ===

        +----------Local Count, excluding submodules.
        |        +-Local Area, excluding submodules.
        |        | 
      104        - wires
      154        - wire bits
        4        - public wires
       54        - public wire bits
        4        - ports
       54        - port bits
      120   72.828 cells
        1    0.504   AN2D0BWP30P140
        3     1.89   AN3D0BWP30P140
        1    0.756   AO211D0BWP30P140
        1     0.63   AO21D0BWP30P140
        4     2.52   AOI211D0BWP30P140
        7    3.528   AOI21D0BWP30P140
        4    3.528   CKMUX2D0BWP30P140
        3    0.756   CKND0BWP30P140
        6    2.268   CKND2D0BWP30P140
        6     3.78   IAO21D0BWP30P140
        3    1.512   IND2D0BWP30P140
        6    3.024   INR2D0BWP30P140
        1     0.63   INR3D0BWP30P140
        1     0.63   IOA21D0BWP30P140
       13    9.828   MUX2ND0BWP30P140
        7    2.646   NR2D0BWP30P140
       14    7.056   NR3D0BWP30P140
        8     5.04   NR4D0BWP30P140
        2     1.26   OA21D0BWP30P140
        2     1.26   OAI211D0BWP30P140
        4    2.016   OAI21D0BWP30P140
        1    0.882   OAI221D0BWP30P140
        3     1.89   OAI31D0BWP30P140
        4    2.016   OR2D0BWP30P140
        1     0.63   OR3D0BWP30P140
        8    7.056   XNR2UD0BWP30P140
        6    5.292   XOR2UD0BWP30P140

   Chip area for module '\ScaleToFP32_E5M2_x_E3M2_UE6M2': 72.828000
     of which used for sequential elements: 0.000000 (0.00%)

=== ScaleAddition_E5M2_to_E3M2_scale_UE6M2 ===

        +----------Local Count, excluding submodules.
        |        +-Local Area, excluding submodules.
        |        | 
      225        - wires
      269        - wire bits
        8        - public wires
       52        - public wire bits
        8        - ports
       52        - port bits
      237  158.508 cells
        7    3.528   AN2D0BWP30P140
        2     1.26   AN3D0BWP30P140
        3    2.268   AN4D0BWP30P140
        1    0.756   AO211D0BWP30P140
        2     1.26   AO21D0BWP30P140
        1     0.63   AOI211D0BWP30P140
        8    4.032   AOI21D0BWP30P140
        5     3.15   AOI22D0BWP30P140
        1     0.63   AOI31D0BWP30P140
        7    1.764   CKND0BWP30P140
       41   15.498   CKND2D0BWP30P140
        3     1.89   IAO21D0BWP30P140
        8    4.032   IND2D0BWP30P140
        1     0.63   IND3D0BWP30P140
        8    4.032   INR2D0BWP30P140
        1    0.756   INR4D0BWP30P140
        3     1.89   IOA21D0BWP30P140
       20    15.12   MAOI222D0BWP30P140
        2    1.512   MAOI22D0BWP30P140
        8    4.032   ND3D0BWP30P140
       14    5.292   NR2D0BWP30P140
        3    1.512   NR3D0BWP30P140
        6    3.024   OAI21D0BWP30P140
        1    0.882   OAI221D0BWP30P140
        7    3.528   OR2D0BWP30P140
        2    1.512   OR4D0BWP30P140
       38   33.516   XNR2UD0BWP30P140
       10    17.64   XNR3UD0BWP30P140
       22   19.404   XOR2UD0BWP30P140
        2    3.528   XOR3UD0BWP30P140

   Chip area for module '\ScaleAddition_E5M2_to_E3M2_scale_UE6M2': 158.508000
     of which used for sequential elements: 0.000000 (0.00%)

=== CustomOperator_E5M2_to_E3M2 ===

        +----------Local Count, excluding submodules.
        |        +-Local Area, excluding submodules.
        |        | 
       48        - wires
       71        - wire bits
        5        - public wires
       28        - public wire bits
        5        - ports
       28        - port bits
       56   38.178 cells
        1    0.504   AN2D0BWP30P140
        2    1.512   AN4D0BWP30P140
        1     0.63   AOI211D0BWP30P140
        3    1.512   AOI21D0BWP30P140
        1     0.63   AOI22D0BWP30P140
        1     0.63   AOI31D0BWP30P140
        2    0.504   CKND0BWP30P140
        5     1.89   CKND2D0BWP30P140
        1     0.63   IAO21D0BWP30P140
        2    1.008   IND2D0BWP30P140
        2    1.008   INR2D0BWP30P140
        4    3.024   MAOI222D0BWP30P140
        1    0.756   MAOI22D0BWP30P140
        1    0.756   MUX2ND0BWP30P140
        2    1.008   ND3D0BWP30P140
        1    0.378   NR2D0BWP30P140
        1    0.504   NR3D0BWP30P140
        1     0.63   OA21D0BWP30P140
        1     0.63   OAI211D0BWP30P140
        2    1.008   OAI21D0BWP30P140
        1     0.63   OAI22D0BWP30P140
        1     0.63   OAI31D0BWP30P140
        3    1.512   OR2D0BWP30P140
        2     1.26   OR3D0BWP30P140
        6    5.292   XNR2UD0BWP30P140
        1    1.764   XNR3UD0BWP30P140
        5     4.41   XOR2UD0BWP30P140
        2    3.528   XOR3UD0BWP30P140

   Chip area for module '\CustomOperator_E5M2_to_E3M2': 38.178000
     of which used for sequential elements: 0.000000 (0.00%)

=== design hierarchy ===

        +----------Count including submodules.
        |        +-Area including submodules.
        |        | 
     5311  3397.59 BFP_PE
       56   38.178 CustomOperator_E5M2_to_E3M2
      898  554.904 FP32Adder
      237  158.508 ScaleAddition_E5M2_to_E3M2_scale_UE6M2
      120   72.828 ScaleToFP32_E5M2_x_E3M2_UE6M2

        +----------Count including submodules.
        |        +-Area including submodules.
        |        | 
     5074        - wires
     6700        - wire bits
      136        - public wires
     1762        - public wire bits
       90        - ports
     1029        - port bits
        -        - memories
        -        - memory bits
        -        - processes
     5311  3397.59 cells
      108   54.432   AN2D0BWP30P140
       40     25.2   AN3D0BWP30P140
       36   27.216   AN4D0BWP30P140
       16   12.096   AO211D0BWP30P140
       64    40.32   AO21D0BWP30P140
       48   36.288   AO22D0BWP30P140
       64    40.32   AOI211D0BWP30P140
      280   141.12   AOI21D0BWP30P140
       40    30.24   AOI221D0BWP30P140
        8    8.064   AOI222D0BWP30P140
      152    95.76   AOI22D0BWP30P140
       16    10.08   AOI31D0BWP30P140
       92   81.144   CKMUX2D0BWP30P140
      308   77.616   CKND0BWP30P140
      496  187.488   CKND2D0BWP30P140
       33   74.844   DFCNQD1BWP30P140
       64    40.32   IAO21D0BWP30P140
      132   66.528   IND2D0BWP30P140
        8     5.04   IND3D0BWP30P140
        8    6.048   IND4D0BWP30P140
      149   75.096   INR2D0BWP30P140
       36    22.68   INR3D0BWP30P140
       16   12.096   INR4D0BWP30P140
       44    27.72   IOA21D0BWP30P140
      216  163.296   MAOI222D0BWP30P140
       72   54.432   MAOI22D0BWP30P140
       16   12.096   MOAI22D0BWP30P140
      512  387.072   MUX2ND0BWP30P140
        4    7.056   MUX3D0BWP30P140
        4    6.552   MUX3ND0BWP30P140
        8   19.152   MUX4D0BWP30P140
       64  145.152   MUX4ND0BWP30P140
       96   48.384   ND3D0BWP30P140
       20     12.6   ND4D0BWP30P140
      485   183.33   NR2D0BWP30P140
      212  106.848   NR3D0BWP30P140
       64    40.32   NR4D0BWP30P140
        8    6.048   OA211D0BWP30P140
       36    22.68   OA21D0BWP30P140
        4    3.528   OA22D0BWP30P140
       64    40.32   OAI211D0BWP30P140
      212  106.848   OAI21D0BWP30P140
       12   10.584   OAI221D0BWP30P140
        4    4.032   OAI222D0BWP30P140
       44    27.72   OAI22D0BWP30P140
       40     25.2   OAI31D0BWP30P140
       12    9.072   OAI32D0BWP30P140
        4    3.528   OAI33D0BWP30P140
       80    40.32   OR2D0BWP30P140
       44    27.72   OR3D0BWP30P140
       16   12.096   OR4D0BWP30P140
      412  363.384   XNR2UD0BWP30P140
       48   84.672   XNR3UD0BWP30P140
      224  197.568   XOR2UD0BWP30P140
       16   28.224   XOR3UD0BWP30P140
       16  3.3E+03 submodules
        4  152.712   CustomOperator_E5M2_to_E3M2
        4 2.22E+03   FP32Adder
        4  634.032   ScaleAddition_E5M2_to_E3M2_scale_UE6M2
        4  291.312   ScaleToFP32_E5M2_x_E3M2_UE6M2

   Chip area for top module '\BFP_PE': 3397.590000
     of which used for sequential elements: 74.844000 (2.20%)

