Startpoint: reset (input port clocked by CORE_CLK)
Endpoint: _068_ (recovery check against rising-edge clock CORE_CLK)
Path Group: asynchronous
Path Type: max

    Delay      Time   Description
-------------------------------------------------------------
   0.0000    0.0000   clock CORE_CLK (rise edge)
   0.0000    0.0000   clock network delay (ideal)
   0.0000    0.0000 ^ input external delay
   0.0000    0.0000 ^ reset (in)
   0.0000    0.0000 ^ _068_/CDN (DFCNQD1BWP30P140)
             0.0000   data arrival time

  20.0000   20.0000   clock CORE_CLK (rise edge)
   0.0000   20.0000   clock network delay (ideal)
  -0.0500   19.9500   clock uncertainty
   0.0000   19.9500   clock reconvergence pessimism
            19.9500 ^ _068_/CP (DFCNQD1BWP30P140)
   0.0258   19.9758   library recovery time
            19.9758   data required time
-------------------------------------------------------------
            19.9758   data required time
            -0.0000   data arrival time
-------------------------------------------------------------
            19.9758   slack (MET)


Startpoint: io_share_exp_B_i[5] (input port clocked by CORE_CLK)
Endpoint: _070_ (rising edge-triggered flip-flop clocked by CORE_CLK)
Path Group: CORE_CLK
Path Type: max

    Delay      Time   Description
-------------------------------------------------------------
   0.0000    0.0000   clock CORE_CLK (rise edge)
   0.0000    0.0000   clock network delay (ideal)
   0.0000    0.0000 v input external delay
   0.0000    0.0000 v io_share_exp_B_i[5] (in)
   0.0439    0.0439 v reducedSum_sa/_0578_/Z (OR4D0BWP30P140)
   0.0174    0.0613 ^ reducedSum_sa/_0579_/ZN (CKND2D0BWP30P140)
   0.0299    0.0913 ^ reducedSum_sa/_0581_/ZN (XNR3UD0BWP30P140)
   0.0259    0.1171 v reducedSum_sa/_0583_/ZN (XNR2UD0BWP30P140)
   0.0600    0.1771 ^ reducedSum_sa/_0585_/ZN (XNR4D0BWP30P140)
   0.0272    0.2043 v reducedSum_sa/_0603_/ZN (MAOI222D0BWP30P140)
   0.0412    0.2456 ^ reducedSum_sa/_0632_/ZN (MAOI222D0BWP30P140)
   0.0726    0.3182 v reducedSum_sa/_0642_/ZN (XNR3UD0BWP30P140)
   0.0298    0.3479 ^ reducedSum_sa/_0643_/ZN (CKND2D0BWP30P140)
   0.0257    0.3737 ^ reducedSum_sa/_0657_/Z (XOR2UD0BWP30P140)
   0.0291    0.4027 ^ reducedSum_sa/_0782_/ZN (XNR2UD0BWP30P140)
   0.0350    0.4378 ^ reducedSum_sa/_0783_/ZN (XNR2UD0BWP30P140)
   0.0536    0.4914 v reducedSum_sa/_0810_/ZN (XNR3UD0BWP30P140)
   0.0580    0.5494 v reducedSum_sa/_0837_/ZN (XNR3UD0BWP30P140)
   0.0574    0.6068 v reducedSum_sa/_0857_/ZN (XNR3UD0BWP30P140)
   0.0310    0.6378 ^ reducedSum_sa/_0908_/ZN (MAOI222D0BWP30P140)
   0.0263    0.6641 v reducedSum_sa/_0909_/ZN (MAOI222D0BWP30P140)
   0.0376    0.7017 ^ reducedSum_sa/_0910_/ZN (MAOI222D0BWP30P140)
   0.0299    0.7316 ^ reducedSum_sa/_0913_/Z (OA21D0BWP30P140)
   0.0240    0.7556 v reducedSum_sa/_0970_/ZN (OAI211D0BWP30P140)
   0.0318    0.7874 ^ reducedSum_sa/_0972_/ZN (AOI31D0BWP30P140)
   0.0245    0.8120 v reducedSum_sa/_1040_/ZN (OAI21D0BWP30P140)
   0.0365    0.8485 ^ reducedSum_sa/_1042_/ZN (MAOI222D0BWP30P140)
   0.0302    0.8787 v reducedSum_sa/_1044_/ZN (MAOI222D0BWP30P140)
   0.0281    0.9068 v reducedSum_sa/_1053_/ZN (XNR2UD0BWP30P140)
   0.0167    0.9235 ^ reducedSum_reduced_nextLevel_adder/_0589_/ZN (CKND0BWP30P140)
   0.0207    0.9442 v reducedSum_reduced_nextLevel_adder/_0691_/ZN (OAI22D0BWP30P140)
   0.0337    0.9779 ^ reducedSum_reduced_nextLevel_adder/_0694_/ZN (AOI211D0BWP30P140)
   0.0228    1.0007 v reducedSum_reduced_nextLevel_adder/_0698_/ZN (AOI22D0BWP30P140)
   0.0310    1.0316 v reducedSum_reduced_nextLevel_adder/_0699_/Z (OA211D0BWP30P140)
   0.2778    1.3094 ^ reducedSum_reduced_nextLevel_adder/_0701_/ZN (NR2D0BWP30P140)
   0.0356    1.3450 v reducedSum_reduced_nextLevel_adder/_0702_/ZN (MUX2ND0BWP30P140)
   0.0300    1.3750 ^ reducedSum_reduced_nextLevel_adder/_0712_/ZN (ND3D0BWP30P140)
   0.0292    1.4042 v reducedSum_reduced_nextLevel_adder/_0713_/ZN (OAI21D0BWP30P140)
   0.0291    1.4333 ^ reducedSum_reduced_nextLevel_adder/_0754_/ZN (MUX2ND0BWP30P140)
   0.0380    1.4713 v reducedSum_reduced_nextLevel_adder/_0885_/ZN (OAI221D0BWP30P140)
   0.0294    1.5007 ^ reducedSum_reduced_nextLevel_adder/_0889_/ZN (NR3D0BWP30P140)
   0.0250    1.5256 v reducedSum_reduced_nextLevel_adder/_0893_/ZN (MAOI222D0BWP30P140)
   0.0325    1.5582 ^ reducedSum_reduced_nextLevel_adder/_0894_/ZN (MAOI222D0BWP30P140)
   0.0277    1.5859 v reducedSum_reduced_nextLevel_adder/_0898_/ZN (MAOI222D0BWP30P140)
   0.0314    1.6173 ^ reducedSum_reduced_nextLevel_adder/_0902_/ZN (MAOI222D0BWP30P140)
   0.0182    1.6355 v reducedSum_reduced_nextLevel_adder/_0906_/ZN (AOI21D0BWP30P140)
   0.0194    1.6548 ^ reducedSum_reduced_nextLevel_adder/_0908_/ZN (OAI21D0BWP30P140)
   0.0158    1.6707 v reducedSum_reduced_nextLevel_adder/_0912_/ZN (AOI21D0BWP30P140)
   0.0233    1.6940 v reducedSum_reduced_nextLevel_adder/_0914_/ZN (IAO21D0BWP30P140)
   0.0254    1.7194 ^ reducedSum_reduced_nextLevel_adder/_0918_/ZN (MAOI222D0BWP30P140)
   0.0200    1.7394 v reducedSum_reduced_nextLevel_adder/_0922_/ZN (AOI21D0BWP30P140)
   0.0291    1.7685 ^ reducedSum_reduced_nextLevel_adder/_0926_/ZN (MAOI222D0BWP30P140)
   0.0201    1.7886 v reducedSum_reduced_nextLevel_adder/_0930_/ZN (AOI21D0BWP30P140)
   0.0303    1.8189 ^ reducedSum_reduced_nextLevel_adder/_0931_/ZN (MAOI222D0BWP30P140)
   0.0281    1.8470 v reducedSum_reduced_nextLevel_adder/_0935_/ZN (MAOI222D0BWP30P140)
   0.0319    1.8789 ^ reducedSum_reduced_nextLevel_adder/_0939_/ZN (MAOI222D0BWP30P140)
   0.0201    1.8990 v reducedSum_reduced_nextLevel_adder/_0941_/ZN (AOI21D0BWP30P140)
   0.0293    1.9282 ^ reducedSum_reduced_nextLevel_adder/_0943_/ZN (MAOI222D0BWP30P140)
   0.0217    1.9499 v reducedSum_reduced_nextLevel_adder/_0945_/ZN (AOI21D0BWP30P140)
   0.0329    1.9829 v reducedSum_reduced_nextLevel_adder/_0956_/Z (OA211D0BWP30P140)
   0.1160    2.0988 v reducedSum_reduced_nextLevel_adder/_0978_/ZN (IND2D0BWP30P140)
   0.0551    2.1539 v reducedSum_reduced_nextLevel_adder/_1002_/ZN (MUX2ND0BWP30P140)
   0.0436    2.1974 ^ reducedSum_reduced_nextLevel_adder/_1007_/ZN (NR4D0BWP30P140)
   0.0491    2.2465 ^ reducedSum_reduced_nextLevel_adder/_1022_/Z (AN4D0BWP30P140)
   0.0430    2.2895 ^ reducedSum_reduced_nextLevel_adder/_1036_/ZN (INR4D0BWP30P140)
   0.0493    2.3388 ^ reducedSum_reduced_nextLevel_adder/_1051_/Z (AN4D0BWP30P140)
   0.0455    2.3843 ^ reducedSum_reduced_nextLevel_adder/_1064_/Z (AN4D0BWP30P140)
   0.0564    2.4407 ^ reducedSum_reduced_nextLevel_adder/_1142_/ZN (INR4D0BWP30P140)
   0.0367    2.4774 v reducedSum_reduced_nextLevel_adder/_1147_/ZN (IND4D0BWP30P140)
   0.0437    2.5211 ^ reducedSum_reduced_nextLevel_adder/_1151_/ZN (OAI31D0BWP30P140)
   0.0314    2.5525 v reducedSum_reduced_nextLevel_adder/_1154_/ZN (ND3D0BWP30P140)
   0.0252    2.5777 v reducedSum_reduced_nextLevel_adder/_1156_/ZN (INR2D0BWP30P140)
   0.0255    2.6032 ^ reducedSum_reduced_nextLevel_adder_16/_0608_/ZN (XNR2UD0BWP30P140)
   0.0321    2.6353 v reducedSum_reduced_nextLevel_adder_16/_0613_/ZN (OAI211D0BWP30P140)
   0.0203    2.6556 ^ reducedSum_reduced_nextLevel_adder_16/_0616_/ZN (ND3D0BWP30P140)
   0.0452    2.7008 ^ reducedSum_reduced_nextLevel_adder_16/_0619_/ZN (INR2D0BWP30P140)
   0.0161    2.7169 v reducedSum_reduced_nextLevel_adder_16/_0634_/ZN (NR3D0BWP30P140)
   0.0297    2.7466 v reducedSum_reduced_nextLevel_adder_16/_0699_/Z (OA211D0BWP30P140)
   0.2778    3.0244 ^ reducedSum_reduced_nextLevel_adder_16/_0701_/ZN (NR2D0BWP30P140)
   0.0356    3.0600 v reducedSum_reduced_nextLevel_adder_16/_0702_/ZN (MUX2ND0BWP30P140)
   0.0300    3.0899 ^ reducedSum_reduced_nextLevel_adder_16/_0712_/ZN (ND3D0BWP30P140)
   0.0292    3.1192 v reducedSum_reduced_nextLevel_adder_16/_0713_/ZN (OAI21D0BWP30P140)
   0.0291    3.1483 ^ reducedSum_reduced_nextLevel_adder_16/_0754_/ZN (MUX2ND0BWP30P140)
   0.0380    3.1863 v reducedSum_reduced_nextLevel_adder_16/_0885_/ZN (OAI221D0BWP30P140)
   0.0294    3.2156 ^ reducedSum_reduced_nextLevel_adder_16/_0889_/ZN (NR3D0BWP30P140)
   0.0250    3.2406 v reducedSum_reduced_nextLevel_adder_16/_0893_/ZN (MAOI222D0BWP30P140)
   0.0325    3.2732 ^ reducedSum_reduced_nextLevel_adder_16/_0894_/ZN (MAOI222D0BWP30P140)
   0.0277    3.3008 v reducedSum_reduced_nextLevel_adder_16/_0898_/ZN (MAOI222D0BWP30P140)
   0.0314    3.3322 ^ reducedSum_reduced_nextLevel_adder_16/_0902_/ZN (MAOI222D0BWP30P140)
   0.0182    3.3505 v reducedSum_reduced_nextLevel_adder_16/_0906_/ZN (AOI21D0BWP30P140)
   0.0194    3.3698 ^ reducedSum_reduced_nextLevel_adder_16/_0908_/ZN (OAI21D0BWP30P140)
   0.0158    3.3857 v reducedSum_reduced_nextLevel_adder_16/_0912_/ZN (AOI21D0BWP30P140)
   0.0233    3.4090 v reducedSum_reduced_nextLevel_adder_16/_0914_/ZN (IAO21D0BWP30P140)
   0.0254    3.4344 ^ reducedSum_reduced_nextLevel_adder_16/_0918_/ZN (MAOI222D0BWP30P140)
   0.0200    3.4544 v reducedSum_reduced_nextLevel_adder_16/_0922_/ZN (AOI21D0BWP30P140)
   0.0291    3.4835 ^ reducedSum_reduced_nextLevel_adder_16/_0926_/ZN (MAOI222D0BWP30P140)
   0.0201    3.5036 v reducedSum_reduced_nextLevel_adder_16/_0930_/ZN (AOI21D0BWP30P140)
   0.0303    3.5339 ^ reducedSum_reduced_nextLevel_adder_16/_0931_/ZN (MAOI222D0BWP30P140)
   0.0281    3.5620 v reducedSum_reduced_nextLevel_adder_16/_0935_/ZN (MAOI222D0BWP30P140)
   0.0319    3.5939 ^ reducedSum_reduced_nextLevel_adder_16/_0939_/ZN (MAOI222D0BWP30P140)
   0.0201    3.6140 v reducedSum_reduced_nextLevel_adder_16/_0941_/ZN (AOI21D0BWP30P140)
   0.0293    3.6432 ^ reducedSum_reduced_nextLevel_adder_16/_0943_/ZN (MAOI222D0BWP30P140)
   0.0217    3.6649 v reducedSum_reduced_nextLevel_adder_16/_0945_/ZN (AOI21D0BWP30P140)
   0.0329    3.6978 v reducedSum_reduced_nextLevel_adder_16/_0956_/Z (OA211D0BWP30P140)
   0.1160    3.8138 v reducedSum_reduced_nextLevel_adder_16/_0978_/ZN (IND2D0BWP30P140)
   0.0551    3.8689 v reducedSum_reduced_nextLevel_adder_16/_1002_/ZN (MUX2ND0BWP30P140)
   0.0436    3.9124 ^ reducedSum_reduced_nextLevel_adder_16/_1007_/ZN (NR4D0BWP30P140)
   0.0491    3.9615 ^ reducedSum_reduced_nextLevel_adder_16/_1022_/Z (AN4D0BWP30P140)
   0.0430    4.0045 ^ reducedSum_reduced_nextLevel_adder_16/_1036_/ZN (INR4D0BWP30P140)
   0.0493    4.0538 ^ reducedSum_reduced_nextLevel_adder_16/_1051_/Z (AN4D0BWP30P140)
   0.0455    4.0993 ^ reducedSum_reduced_nextLevel_adder_16/_1064_/Z (AN4D0BWP30P140)
   0.0564    4.1557 ^ reducedSum_reduced_nextLevel_adder_16/_1142_/ZN (INR4D0BWP30P140)
   0.0367    4.1924 v reducedSum_reduced_nextLevel_adder_16/_1147_/ZN (IND4D0BWP30P140)
   0.0437    4.2361 ^ reducedSum_reduced_nextLevel_adder_16/_1151_/ZN (OAI31D0BWP30P140)
   0.0314    4.2675 v reducedSum_reduced_nextLevel_adder_16/_1154_/ZN (ND3D0BWP30P140)
   0.0252    4.2927 v reducedSum_reduced_nextLevel_adder_16/_1156_/ZN (INR2D0BWP30P140)
   0.0255    4.3182 ^ reducedSum_reduced_nextLevel_adder_24/_0608_/ZN (XNR2UD0BWP30P140)
   0.0321    4.3503 v reducedSum_reduced_nextLevel_adder_24/_0613_/ZN (OAI211D0BWP30P140)
   0.0203    4.3706 ^ reducedSum_reduced_nextLevel_adder_24/_0616_/ZN (ND3D0BWP30P140)
   0.0452    4.4158 ^ reducedSum_reduced_nextLevel_adder_24/_0619_/ZN (INR2D0BWP30P140)
   0.0161    4.4318 v reducedSum_reduced_nextLevel_adder_24/_0634_/ZN (NR3D0BWP30P140)
   0.0297    4.4616 v reducedSum_reduced_nextLevel_adder_24/_0699_/Z (OA211D0BWP30P140)
   0.2778    4.7394 ^ reducedSum_reduced_nextLevel_adder_24/_0701_/ZN (NR2D0BWP30P140)
   0.0356    4.7750 v reducedSum_reduced_nextLevel_adder_24/_0702_/ZN (MUX2ND0BWP30P140)
   0.0300    4.8049 ^ reducedSum_reduced_nextLevel_adder_24/_0712_/ZN (ND3D0BWP30P140)
   0.0292    4.8341 v reducedSum_reduced_nextLevel_adder_24/_0713_/ZN (OAI21D0BWP30P140)
   0.0291    4.8632 ^ reducedSum_reduced_nextLevel_adder_24/_0754_/ZN (MUX2ND0BWP30P140)
   0.0380    4.9012 v reducedSum_reduced_nextLevel_adder_24/_0885_/ZN (OAI221D0BWP30P140)
   0.0294    4.9306 ^ reducedSum_reduced_nextLevel_adder_24/_0889_/ZN (NR3D0BWP30P140)
   0.0250    4.9556 v reducedSum_reduced_nextLevel_adder_24/_0893_/ZN (MAOI222D0BWP30P140)
   0.0325    4.9881 ^ reducedSum_reduced_nextLevel_adder_24/_0894_/ZN (MAOI222D0BWP30P140)
   0.0277    5.0158 v reducedSum_reduced_nextLevel_adder_24/_0898_/ZN (MAOI222D0BWP30P140)
   0.0314    5.0472 ^ reducedSum_reduced_nextLevel_adder_24/_0902_/ZN (MAOI222D0BWP30P140)
   0.0182    5.0654 v reducedSum_reduced_nextLevel_adder_24/_0906_/ZN (AOI21D0BWP30P140)
   0.0194    5.0848 ^ reducedSum_reduced_nextLevel_adder_24/_0908_/ZN (OAI21D0BWP30P140)
   0.0158    5.1006 v reducedSum_reduced_nextLevel_adder_24/_0912_/ZN (AOI21D0BWP30P140)
   0.0233    5.1239 v reducedSum_reduced_nextLevel_adder_24/_0914_/ZN (IAO21D0BWP30P140)
   0.0254    5.1493 ^ reducedSum_reduced_nextLevel_adder_24/_0918_/ZN (MAOI222D0BWP30P140)
   0.0200    5.1694 v reducedSum_reduced_nextLevel_adder_24/_0922_/ZN (AOI21D0BWP30P140)
   0.0291    5.1985 ^ reducedSum_reduced_nextLevel_adder_24/_0926_/ZN (MAOI222D0BWP30P140)
   0.0201    5.2186 v reducedSum_reduced_nextLevel_adder_24/_0930_/ZN (AOI21D0BWP30P140)
   0.0303    5.2489 ^ reducedSum_reduced_nextLevel_adder_24/_0931_/ZN (MAOI222D0BWP30P140)
   0.0281    5.2770 v reducedSum_reduced_nextLevel_adder_24/_0935_/ZN (MAOI222D0BWP30P140)
   0.0319    5.3089 ^ reducedSum_reduced_nextLevel_adder_24/_0939_/ZN (MAOI222D0BWP30P140)
   0.0201    5.3289 v reducedSum_reduced_nextLevel_adder_24/_0941_/ZN (AOI21D0BWP30P140)
   0.0293    5.3582 ^ reducedSum_reduced_nextLevel_adder_24/_0943_/ZN (MAOI222D0BWP30P140)
   0.0217    5.3799 v reducedSum_reduced_nextLevel_adder_24/_0945_/ZN (AOI21D0BWP30P140)
   0.0329    5.4128 v reducedSum_reduced_nextLevel_adder_24/_0956_/Z (OA211D0BWP30P140)
   0.1160    5.5288 v reducedSum_reduced_nextLevel_adder_24/_0978_/ZN (IND2D0BWP30P140)
   0.0551    5.5838 v reducedSum_reduced_nextLevel_adder_24/_1002_/ZN (MUX2ND0BWP30P140)
   0.0436    5.6274 ^ reducedSum_reduced_nextLevel_adder_24/_1007_/ZN (NR4D0BWP30P140)
   0.0491    5.6764 ^ reducedSum_reduced_nextLevel_adder_24/_1022_/Z (AN4D0BWP30P140)
   0.0430    5.7195 ^ reducedSum_reduced_nextLevel_adder_24/_1036_/ZN (INR4D0BWP30P140)
   0.0493    5.7688 ^ reducedSum_reduced_nextLevel_adder_24/_1051_/Z (AN4D0BWP30P140)
   0.0455    5.8143 ^ reducedSum_reduced_nextLevel_adder_24/_1064_/Z (AN4D0BWP30P140)
   0.0564    5.8707 ^ reducedSum_reduced_nextLevel_adder_24/_1142_/ZN (INR4D0BWP30P140)
   0.0367    5.9074 v reducedSum_reduced_nextLevel_adder_24/_1147_/ZN (IND4D0BWP30P140)
   0.0437    5.9511 ^ reducedSum_reduced_nextLevel_adder_24/_1151_/ZN (OAI31D0BWP30P140)
   0.0314    5.9825 v reducedSum_reduced_nextLevel_adder_24/_1154_/ZN (ND3D0BWP30P140)
   0.0252    6.0077 v reducedSum_reduced_nextLevel_adder_24/_1156_/ZN (INR2D0BWP30P140)
   0.0255    6.0332 ^ reducedSum_reduced_nextLevel_adder_28/_0608_/ZN (XNR2UD0BWP30P140)
   0.0321    6.0653 v reducedSum_reduced_nextLevel_adder_28/_0613_/ZN (OAI211D0BWP30P140)
   0.0203    6.0856 ^ reducedSum_reduced_nextLevel_adder_28/_0616_/ZN (ND3D0BWP30P140)
   0.0452    6.1307 ^ reducedSum_reduced_nextLevel_adder_28/_0619_/ZN (INR2D0BWP30P140)
   0.0161    6.1468 v reducedSum_reduced_nextLevel_adder_28/_0634_/ZN (NR3D0BWP30P140)
   0.0297    6.1765 v reducedSum_reduced_nextLevel_adder_28/_0699_/Z (OA211D0BWP30P140)
   0.2778    6.4543 ^ reducedSum_reduced_nextLevel_adder_28/_0701_/ZN (NR2D0BWP30P140)
   0.0356    6.4899 v reducedSum_reduced_nextLevel_adder_28/_0702_/ZN (MUX2ND0BWP30P140)
   0.0300    6.5199 ^ reducedSum_reduced_nextLevel_adder_28/_0712_/ZN (ND3D0BWP30P140)
   0.0292    6.5491 v reducedSum_reduced_nextLevel_adder_28/_0713_/ZN (OAI21D0BWP30P140)
   0.0291    6.5782 ^ reducedSum_reduced_nextLevel_adder_28/_0754_/ZN (MUX2ND0BWP30P140)
   0.0380    6.6162 v reducedSum_reduced_nextLevel_adder_28/_0885_/ZN (OAI221D0BWP30P140)
   0.0294    6.6456 ^ reducedSum_reduced_nextLevel_adder_28/_0889_/ZN (NR3D0BWP30P140)
   0.0250    6.6706 v reducedSum_reduced_nextLevel_adder_28/_0893_/ZN (MAOI222D0BWP30P140)
   0.0325    6.7031 ^ reducedSum_reduced_nextLevel_adder_28/_0894_/ZN (MAOI222D0BWP30P140)
   0.0277    6.7308 v reducedSum_reduced_nextLevel_adder_28/_0898_/ZN (MAOI222D0BWP30P140)
   0.0314    6.7622 ^ reducedSum_reduced_nextLevel_adder_28/_0902_/ZN (MAOI222D0BWP30P140)
   0.0182    6.7804 v reducedSum_reduced_nextLevel_adder_28/_0906_/ZN (AOI21D0BWP30P140)
   0.0194    6.7998 ^ reducedSum_reduced_nextLevel_adder_28/_0908_/ZN (OAI21D0BWP30P140)
   0.0158    6.8156 v reducedSum_reduced_nextLevel_adder_28/_0912_/ZN (AOI21D0BWP30P140)
   0.0233    6.8389 v reducedSum_reduced_nextLevel_adder_28/_0914_/ZN (IAO21D0BWP30P140)
   0.0254    6.8643 ^ reducedSum_reduced_nextLevel_adder_28/_0918_/ZN (MAOI222D0BWP30P140)
   0.0200    6.8844 v reducedSum_reduced_nextLevel_adder_28/_0922_/ZN (AOI21D0BWP30P140)
   0.0291    6.9134 ^ reducedSum_reduced_nextLevel_adder_28/_0926_/ZN (MAOI222D0BWP30P140)
   0.0201    6.9335 v reducedSum_reduced_nextLevel_adder_28/_0930_/ZN (AOI21D0BWP30P140)
   0.0303    6.9638 ^ reducedSum_reduced_nextLevel_adder_28/_0931_/ZN (MAOI222D0BWP30P140)
   0.0281    6.9919 v reducedSum_reduced_nextLevel_adder_28/_0935_/ZN (MAOI222D0BWP30P140)
   0.0319    7.0238 ^ reducedSum_reduced_nextLevel_adder_28/_0939_/ZN (MAOI222D0BWP30P140)
   0.0201    7.0439 v reducedSum_reduced_nextLevel_adder_28/_0941_/ZN (AOI21D0BWP30P140)
   0.0293    7.0732 ^ reducedSum_reduced_nextLevel_adder_28/_0943_/ZN (MAOI222D0BWP30P140)
   0.0217    7.0949 v reducedSum_reduced_nextLevel_adder_28/_0945_/ZN (AOI21D0BWP30P140)
   0.0329    7.1278 v reducedSum_reduced_nextLevel_adder_28/_0956_/Z (OA211D0BWP30P140)
   0.1160    7.2438 v reducedSum_reduced_nextLevel_adder_28/_0978_/ZN (IND2D0BWP30P140)
   0.0551    7.2988 v reducedSum_reduced_nextLevel_adder_28/_1002_/ZN (MUX2ND0BWP30P140)
   0.0436    7.3424 ^ reducedSum_reduced_nextLevel_adder_28/_1007_/ZN (NR4D0BWP30P140)
   0.0491    7.3914 ^ reducedSum_reduced_nextLevel_adder_28/_1022_/Z (AN4D0BWP30P140)
   0.0430    7.4345 ^ reducedSum_reduced_nextLevel_adder_28/_1036_/ZN (INR4D0BWP30P140)
   0.0493    7.4838 ^ reducedSum_reduced_nextLevel_adder_28/_1051_/Z (AN4D0BWP30P140)
   0.0455    7.5293 ^ reducedSum_reduced_nextLevel_adder_28/_1064_/Z (AN4D0BWP30P140)
   0.0564    7.5856 ^ reducedSum_reduced_nextLevel_adder_28/_1142_/ZN (INR4D0BWP30P140)
   0.0367    7.6224 v reducedSum_reduced_nextLevel_adder_28/_1147_/ZN (IND4D0BWP30P140)
   0.0437    7.6660 ^ reducedSum_reduced_nextLevel_adder_28/_1151_/ZN (OAI31D0BWP30P140)
   0.0314    7.6975 v reducedSum_reduced_nextLevel_adder_28/_1154_/ZN (ND3D0BWP30P140)
   0.0252    7.7227 v reducedSum_reduced_nextLevel_adder_28/_1156_/ZN (INR2D0BWP30P140)
   0.0255    7.7481 ^ reducedSum_reduced_nextLevel_adder_30/_0608_/ZN (XNR2UD0BWP30P140)
   0.0321    7.7802 v reducedSum_reduced_nextLevel_adder_30/_0613_/ZN (OAI211D0BWP30P140)
   0.0203    7.8006 ^ reducedSum_reduced_nextLevel_adder_30/_0616_/ZN (ND3D0BWP30P140)
   0.0452    7.8457 ^ reducedSum_reduced_nextLevel_adder_30/_0619_/ZN (INR2D0BWP30P140)
   0.0161    7.8618 v reducedSum_reduced_nextLevel_adder_30/_0634_/ZN (NR3D0BWP30P140)
   0.0297    7.8915 v reducedSum_reduced_nextLevel_adder_30/_0699_/Z (OA211D0BWP30P140)
   0.2778    8.1693 ^ reducedSum_reduced_nextLevel_adder_30/_0701_/ZN (NR2D0BWP30P140)
   0.0356    8.2049 v reducedSum_reduced_nextLevel_adder_30/_0702_/ZN (MUX2ND0BWP30P140)
   0.0300    8.2349 ^ reducedSum_reduced_nextLevel_adder_30/_0712_/ZN (ND3D0BWP30P140)
   0.0292    8.2641 v reducedSum_reduced_nextLevel_adder_30/_0713_/ZN (OAI21D0BWP30P140)
   0.0291    8.2932 ^ reducedSum_reduced_nextLevel_adder_30/_0754_/ZN (MUX2ND0BWP30P140)
   0.0380    8.3312 v reducedSum_reduced_nextLevel_adder_30/_0885_/ZN (OAI221D0BWP30P140)
   0.0294    8.3606 ^ reducedSum_reduced_nextLevel_adder_30/_0889_/ZN (NR3D0BWP30P140)
   0.0250    8.3856 v reducedSum_reduced_nextLevel_adder_30/_0893_/ZN (MAOI222D0BWP30P140)
   0.0325    8.4181 ^ reducedSum_reduced_nextLevel_adder_30/_0894_/ZN (MAOI222D0BWP30P140)
   0.0277    8.4458 v reducedSum_reduced_nextLevel_adder_30/_0898_/ZN (MAOI222D0BWP30P140)
   0.0314    8.4772 ^ reducedSum_reduced_nextLevel_adder_30/_0902_/ZN (MAOI222D0BWP30P140)
   0.0182    8.4954 v reducedSum_reduced_nextLevel_adder_30/_0906_/ZN (AOI21D0BWP30P140)
   0.0194    8.5148 ^ reducedSum_reduced_nextLevel_adder_30/_0908_/ZN (OAI21D0BWP30P140)
   0.0158    8.5306 v reducedSum_reduced_nextLevel_adder_30/_0912_/ZN (AOI21D0BWP30P140)
   0.0233    8.5539 v reducedSum_reduced_nextLevel_adder_30/_0914_/ZN (IAO21D0BWP30P140)
   0.0254    8.5793 ^ reducedSum_reduced_nextLevel_adder_30/_0918_/ZN (MAOI222D0BWP30P140)
   0.0200    8.5993 v reducedSum_reduced_nextLevel_adder_30/_0922_/ZN (AOI21D0BWP30P140)
   0.0291    8.6284 ^ reducedSum_reduced_nextLevel_adder_30/_0926_/ZN (MAOI222D0BWP30P140)
   0.0201    8.6485 v reducedSum_reduced_nextLevel_adder_30/_0930_/ZN (AOI21D0BWP30P140)
   0.0303    8.6788 ^ reducedSum_reduced_nextLevel_adder_30/_0931_/ZN (MAOI222D0BWP30P140)
   0.0281    8.7069 v reducedSum_reduced_nextLevel_adder_30/_0935_/ZN (MAOI222D0BWP30P140)
   0.0319    8.7388 ^ reducedSum_reduced_nextLevel_adder_30/_0939_/ZN (MAOI222D0BWP30P140)
   0.0201    8.7589 v reducedSum_reduced_nextLevel_adder_30/_0941_/ZN (AOI21D0BWP30P140)
   0.0293    8.7881 ^ reducedSum_reduced_nextLevel_adder_30/_0943_/ZN (MAOI222D0BWP30P140)
   0.0217    8.8099 v reducedSum_reduced_nextLevel_adder_30/_0945_/ZN (AOI21D0BWP30P140)
   0.0329    8.8428 v reducedSum_reduced_nextLevel_adder_30/_0956_/Z (OA211D0BWP30P140)
   0.1160    8.9587 v reducedSum_reduced_nextLevel_adder_30/_0978_/ZN (IND2D0BWP30P140)
   0.0551    9.0138 v reducedSum_reduced_nextLevel_adder_30/_1002_/ZN (MUX2ND0BWP30P140)
   0.0436    9.0573 ^ reducedSum_reduced_nextLevel_adder_30/_1007_/ZN (NR4D0BWP30P140)
   0.0491    9.1064 ^ reducedSum_reduced_nextLevel_adder_30/_1022_/Z (AN4D0BWP30P140)
   0.0430    9.1494 ^ reducedSum_reduced_nextLevel_adder_30/_1036_/ZN (INR4D0BWP30P140)
   0.0493    9.1988 ^ reducedSum_reduced_nextLevel_adder_30/_1051_/Z (AN4D0BWP30P140)
   0.0455    9.2442 ^ reducedSum_reduced_nextLevel_adder_30/_1064_/Z (AN4D0BWP30P140)
   0.0274    9.2716 ^ reducedSum_reduced_nextLevel_adder_30/_1069_/ZN (INR2D0BWP30P140)
   0.0210    9.2926 v reducedSum_reduced_nextLevel_adder_30/_1075_/ZN (XNR2UD0BWP30P140)
   0.1010    9.3936 ^ reducedSum_conv/_168_/ZN (NR3D0BWP30P140)
   0.0327    9.4263 v reducedSum_conv/_182_/ZN (XNR2UD0BWP30P140)
   0.0283    9.4546 ^ reducedSum_conv/_183_/ZN (OAI21D0BWP30P140)
   0.0246    9.4792 ^ reducedSum_conv/_186_/ZN (IOA21D0BWP30P140)
   0.0262    9.5053 v reducedSum_conv/_188_/ZN (AOI31D0BWP30P140)
   0.0356    9.5409 ^ reducedSum_conv/_194_/ZN (AOI211D0BWP30P140)
   0.0257    9.5666 ^ reducedSum_conv/_198_/Z (AO21D0BWP30P140)
   0.1076    9.6742 v reducedSum_conv/_202_/ZN (ND3D0BWP30P140)
   0.0722    9.7464 ^ reducedSum_conv/_215_/ZN (AOI21D0BWP30P140)
   0.0280    9.7744 v accAdder/_0897_/ZN (XNR2UD0BWP30P140)
   0.0324    9.8068 ^ accAdder/_0899_/ZN (AOI21D0BWP30P140)
   0.0302    9.8370 v accAdder/_0901_/ZN (MAOI222D0BWP30P140)
   0.0384    9.8754 ^ accAdder/_0902_/ZN (MAOI222D0BWP30P140)
   0.0303    9.9058 v accAdder/_0903_/ZN (MAOI222D0BWP30P140)
   0.0385    9.9443 ^ accAdder/_0966_/ZN (MAOI222D0BWP30P140)
   0.0303    9.9746 v accAdder/_0968_/ZN (MAOI222D0BWP30P140)
   0.0271   10.0018 v accAdder/_0970_/ZN (XNR2UD0BWP30P140)
   0.0213   10.0231 ^ accAdder/_0971_/ZN (NR2D0BWP30P140)
   0.0257   10.0488 ^ accAdder/_0972_/Z (AN2D0BWP30P140)
   0.4170   10.4658 v accAdder/_0975_/ZN (AOI31D0BWP30P140)
   0.4192   10.8850 ^ accAdder/_0991_/ZN (AOI22D0BWP30P140)
   0.0318   10.9169 v accAdder/_1063_/ZN (CKND2D0BWP30P140)
   0.0370   10.9538 ^ accAdder/_1188_/ZN (OAI32D0BWP30P140)
   0.0151   10.9689 v accAdder/_1189_/ZN (AOI21D0BWP30P140)
   0.0396   11.0085 ^ accAdder/_1191_/ZN (OAI221D0BWP30P140)
   0.0211   11.0296 v accAdder/_1196_/ZN (OAI31D0BWP30P140)
   0.0222   11.0519 ^ accAdder/_1198_/ZN (AOI21D0BWP30P140)
   0.0256   11.0774 v accAdder/_1200_/ZN (MAOI222D0BWP30P140)
   0.0396   11.1171 ^ accAdder/_1202_/ZN (MAOI222D0BWP30P140)
   0.0257   11.1428 v accAdder/_1204_/ZN (MAOI222D0BWP30P140)
   0.0277   11.1705 ^ accAdder/_1206_/ZN (AOI21D0BWP30P140)
   0.0253   11.1958 ^ accAdder/_1209_/ZN (IAO21D0BWP30P140)
   0.0247   11.2204 v accAdder/_1211_/ZN (MAOI222D0BWP30P140)
   0.0395   11.2599 ^ accAdder/_1213_/ZN (MAOI222D0BWP30P140)
   0.0265   11.2864 v accAdder/_1221_/ZN (MAOI222D0BWP30P140)
   0.0354   11.3218 v accAdder/_1232_/Z (AO21D0BWP30P140)
   0.0261   11.3479 ^ accAdder/_1242_/ZN (MAOI222D0BWP30P140)
   0.0265   11.3744 v accAdder/_1255_/ZN (MAOI222D0BWP30P140)
   0.0315   11.4059 v accAdder/_1259_/Z (AO21D0BWP30P140)
   0.0182   11.4241 ^ accAdder/_1276_/ZN (AOI21D0BWP30P140)
   0.0258   11.4499 v accAdder/_1280_/ZN (MAOI222D0BWP30P140)
   0.0391   11.4890 ^ accAdder/_1296_/ZN (MAOI222D0BWP30P140)
   0.0262   11.5152 v accAdder/_1300_/ZN (MAOI222D0BWP30P140)
   0.0304   11.5456 ^ accAdder/_1318_/ZN (AOI21D0BWP30P140)
   0.0249   11.5705 v accAdder/_1322_/ZN (MAOI222D0BWP30P140)
   0.0364   11.6070 v accAdder/_1345_/Z (AO21D0BWP30P140)
   0.0156   11.6226 ^ accAdder/_1353_/ZN (MUX2ND0BWP30P140)
   0.0348   11.6574 ^ accAdder/_1354_/ZN (XNR2UD0BWP30P140)
   0.0288   11.6862 ^ accAdder/_1453_/ZN (MAOI22D0BWP30P140)
   0.1281   11.8143 v accAdder/_1456_/ZN (OAI211D0BWP30P140)
   0.0886   11.9029 ^ accAdder/_1531_/Z (MUX4D0BWP30P140)
   0.0194   11.9223 v accAdder/_1534_/ZN (MUX3ND0BWP30P140)
   0.0405   11.9628 ^ accAdder/_1568_/ZN (NR2D0BWP30P140)
   0.0507   12.0135 ^ accAdder/_1577_/ZN (INR4D0BWP30P140)
   0.0510   12.0646 ^ accAdder/_1582_/Z (AN4D0BWP30P140)
   0.0395   12.1040 ^ accAdder/_1590_/Z (AN4D0BWP30P140)
   0.0406   12.1446 ^ accAdder/_1601_/Z (AN4D0BWP30P140)
   0.0349   12.1795 ^ accAdder/_1603_/Z (AN3D0BWP30P140)
   0.0271   12.2066 v accAdder/_1605_/ZN (IND3D0BWP30P140)
   0.0379   12.2445 v accAdder/_1606_/Z (OR3D0BWP30P140)
   0.0368   12.2814 ^ accAdder/_1608_/ZN (INR3D0BWP30P140)
   0.0364   12.3178 v accAdder/_1611_/ZN (MAOI222D0BWP30P140)
   0.0357   12.3535 ^ accAdder/_1616_/ZN (NR4D0BWP30P140)
   0.0219   12.3754 v accAdder/_1619_/ZN (OAI31D0BWP30P140)
   0.0327   12.4080 v accAdder/_1621_/Z (AO21D0BWP30P140)
   0.0312   12.4393 ^ accAdder/_1623_/ZN (AOI21D0BWP30P140)
   0.0237   12.4629 v accAdder/_1626_/ZN (OAI21D0BWP30P140)
   0.0215   12.4844 v accAdder/_1658_/Z (AN3D0BWP30P140)
   0.0613   12.5457 v accAdder/_1659_/Z (OR3D0BWP30P140)
   0.0420   12.5877 ^ accAdder/_1703_/ZN (AOI211D0BWP30P140)
   0.0261   12.6137 ^ _060_/Z (AO22D0BWP30P140)
   0.0000   12.6137 ^ _070_/D (DFCNQD1BWP30P140)
            12.6137   data arrival time

  20.0000   20.0000   clock CORE_CLK (rise edge)
   0.0000   20.0000   clock network delay (ideal)
  -0.0500   19.9500   clock uncertainty
   0.0000   19.9500   clock reconvergence pessimism
            19.9500 ^ _070_/CP (DFCNQD1BWP30P140)
  -0.0174   19.9326   library setup time
            19.9326   data required time
-------------------------------------------------------------
            19.9326   data required time
           -12.6137   data arrival time
-------------------------------------------------------------
             7.3189   slack (MET)


