Startpoint: reset (input port clocked by CORE_CLK)
Endpoint: _068_ (recovery check against rising-edge clock CORE_CLK)
Path Group: asynchronous
Path Type: max

    Delay      Time   Description
-------------------------------------------------------------
   0.0000    0.0000   clock CORE_CLK (rise edge)
   0.0000    0.0000   clock network delay (ideal)
   0.0000    0.0000 ^ input external delay
   0.0000    0.0000 ^ reset (in)
   0.0000    0.0000 ^ _068_/CDN (DFCNQD1BWP30P140)
             0.0000   data arrival time

  20.0000   20.0000   clock CORE_CLK (rise edge)
   0.0000   20.0000   clock network delay (ideal)
  -0.0500   19.9500   clock uncertainty
   0.0000   19.9500   clock reconvergence pessimism
            19.9500 ^ _068_/CP (DFCNQD1BWP30P140)
   0.0258   19.9758   library recovery time
            19.9758   data required time
-------------------------------------------------------------
            19.9758   data required time
            -0.0000   data arrival time
-------------------------------------------------------------
            19.9758   slack (MET)


Startpoint: io_op_a_i[6] (input port clocked by CORE_CLK)
Endpoint: _070_ (rising edge-triggered flip-flop clocked by CORE_CLK)
Path Group: CORE_CLK
Path Type: max

    Delay      Time   Description
-------------------------------------------------------------
   0.0000    0.0000   clock CORE_CLK (rise edge)
   0.0000    0.0000   clock network delay (ideal)
   0.0000    0.0000 ^ input external delay
   0.0000    0.0000 ^ io_op_a_i[6] (in)
   0.0139    0.0139 v reducedSum_op/_35_/ZN (NR4D0BWP30P140)
   0.0208    0.0347 ^ reducedSum_op/_38_/ZN (OAI21D0BWP30P140)
   0.0325    0.0672 v reducedSum_op/_40_/ZN (OAI211D0BWP30P140)
   0.0350    0.1023 v reducedSum_op/_54_/ZN (XNR2UD0BWP30P140)
   0.0661    0.1684 v reducedSum_sa/_123_/Z (XOR3UD0BWP30P140)
   0.0611    0.2294 v reducedSum_sa/_137_/Z (XOR3UD0BWP30P140)
   0.0210    0.2505 ^ reducedSum_sa/_138_/ZN (NR2D0BWP30P140)
   0.0197    0.2701 v reducedSum_sa/_140_/ZN (OAI21D0BWP30P140)
   0.0253    0.2954 ^ reducedSum_sa/_142_/ZN (AOI21D0BWP30P140)
   0.0216    0.3170 v reducedSum_sa/_144_/ZN (OAI21D0BWP30P140)
   0.0207    0.3377 v reducedSum_sa/_165_/Z (AN3D0BWP30P140)
   0.0181    0.3558 ^ reducedSum_sa/_166_/ZN (NR2D0BWP30P140)
   0.0321    0.3879 ^ reducedSum_reduced_nextLevel_adder/_381_/ZN (XNR2UD0BWP30P140)
   0.0285    0.4165 v reducedSum_reduced_nextLevel_adder/_399_/ZN (OAI211D0BWP30P140)
   0.0344    0.4509 ^ reducedSum_reduced_nextLevel_adder/_401_/ZN (AOI31D0BWP30P140)
   0.0250    0.4759 v reducedSum_reduced_nextLevel_adder/_403_/ZN (AOI211D0BWP30P140)
   0.0303    0.5062 v reducedSum_reduced_nextLevel_adder/_405_/Z (OA21D0BWP30P140)
   0.0274    0.5336 ^ reducedSum_reduced_nextLevel_adder/_441_/ZN (OAI32D0BWP30P140)
   0.1647    0.6983 v reducedSum_reduced_nextLevel_adder/_453_/ZN (OAI21D0BWP30P140)
   0.0630    0.7613 ^ reducedSum_reduced_nextLevel_adder/_493_/ZN (MUX2ND0BWP30P140)
   0.0310    0.7923 v reducedSum_reduced_nextLevel_adder/_521_/ZN (ND4D0BWP30P140)
   0.0361    0.8284 ^ reducedSum_reduced_nextLevel_adder/_548_/ZN (AOI33D0BWP30P140)
   0.0270    0.8553 v reducedSum_reduced_nextLevel_adder/_549_/ZN (OAI32D0BWP30P140)
   0.0383    0.8936 ^ reducedSum_reduced_nextLevel_adder/_551_/ZN (INR4D0BWP30P140)
   0.0260    0.9196 v reducedSum_reduced_nextLevel_adder/_583_/ZN (AOI31D0BWP30P140)
   0.0315    0.9511 ^ reducedSum_reduced_nextLevel_adder/_584_/ZN (MAOI222D0BWP30P140)
   0.0269    0.9780 ^ reducedSum_reduced_nextLevel_adder/_587_/Z (AO21D0BWP30P140)
   0.0251    1.0031 ^ reducedSum_reduced_nextLevel_adder/_598_/Z (AO211D0BWP30P140)
   0.0277    1.0307 v reducedSum_reduced_nextLevel_adder/_599_/ZN (AOI31D0BWP30P140)
   0.0327    1.0634 ^ reducedSum_reduced_nextLevel_adder/_610_/ZN (OAI211D0BWP30P140)
   0.0649    1.1284 v reducedSum_reduced_nextLevel_adder/_631_/ZN (OAI211D0BWP30P140)
   0.0349    1.1633 v reducedSum_reduced_nextLevel_adder/_677_/Z (AN2D0BWP30P140)
   0.0355    1.1988 ^ reducedSum_reduced_nextLevel_adder/_679_/ZN (NR4D0BWP30P140)
   0.0407    1.2395 v reducedSum_reduced_nextLevel_adder/_721_/ZN (IND4D0BWP30P140)
   0.0293    1.2688 v reducedSum_reduced_nextLevel_adder/_742_/Z (OA21D0BWP30P140)
   0.0280    1.2968 v reducedSum_reduced_nextLevel_adder/_743_/Z (XOR2UD0BWP30P140)
   0.0369    1.3337 v reducedSum_reduced_nextLevel_adder_16/_391_/ZN (XNR2UD0BWP30P140)
   0.0383    1.3720 v reducedSum_reduced_nextLevel_adder_16/_392_/Z (AO21D0BWP30P140)
   0.0255    1.3975 ^ reducedSum_reduced_nextLevel_adder_16/_395_/ZN (AOI211D0BWP30P140)
   0.0247    1.4222 v reducedSum_reduced_nextLevel_adder_16/_397_/ZN (OAI31D0BWP30P140)
   0.0244    1.4466 ^ reducedSum_reduced_nextLevel_adder_16/_399_/ZN (OAI211D0BWP30P140)
   0.0312    1.4778 v reducedSum_reduced_nextLevel_adder_16/_401_/ZN (AOI31D0BWP30P140)
   0.0416    1.5194 ^ reducedSum_reduced_nextLevel_adder_16/_403_/ZN (AOI211D0BWP30P140)
   0.0194    1.5389 v reducedSum_reduced_nextLevel_adder_16/_407_/ZN (NR3D0BWP30P140)
   0.0317    1.5705 ^ reducedSum_reduced_nextLevel_adder_16/_441_/ZN (OAI32D0BWP30P140)
   0.1647    1.7352 v reducedSum_reduced_nextLevel_adder_16/_453_/ZN (OAI21D0BWP30P140)
   0.0630    1.7982 ^ reducedSum_reduced_nextLevel_adder_16/_493_/ZN (MUX2ND0BWP30P140)
   0.0310    1.8292 v reducedSum_reduced_nextLevel_adder_16/_521_/ZN (ND4D0BWP30P140)
   0.0361    1.8654 ^ reducedSum_reduced_nextLevel_adder_16/_548_/ZN (AOI33D0BWP30P140)
   0.0270    1.8923 v reducedSum_reduced_nextLevel_adder_16/_549_/ZN (OAI32D0BWP30P140)
   0.0383    1.9306 ^ reducedSum_reduced_nextLevel_adder_16/_551_/ZN (INR4D0BWP30P140)
   0.0260    1.9566 v reducedSum_reduced_nextLevel_adder_16/_583_/ZN (AOI31D0BWP30P140)
   0.0315    1.9881 ^ reducedSum_reduced_nextLevel_adder_16/_584_/ZN (MAOI222D0BWP30P140)
   0.0269    2.0149 ^ reducedSum_reduced_nextLevel_adder_16/_587_/Z (AO21D0BWP30P140)
   0.0251    2.0400 ^ reducedSum_reduced_nextLevel_adder_16/_598_/Z (AO211D0BWP30P140)
   0.0277    2.0677 v reducedSum_reduced_nextLevel_adder_16/_599_/ZN (AOI31D0BWP30P140)
   0.0327    2.1004 ^ reducedSum_reduced_nextLevel_adder_16/_610_/ZN (OAI211D0BWP30P140)
   0.0649    2.1654 v reducedSum_reduced_nextLevel_adder_16/_631_/ZN (OAI211D0BWP30P140)
   0.0349    2.2003 v reducedSum_reduced_nextLevel_adder_16/_677_/Z (AN2D0BWP30P140)
   0.0355    2.2358 ^ reducedSum_reduced_nextLevel_adder_16/_679_/ZN (NR4D0BWP30P140)
   0.0407    2.2765 v reducedSum_reduced_nextLevel_adder_16/_721_/ZN (IND4D0BWP30P140)
   0.0293    2.3058 v reducedSum_reduced_nextLevel_adder_16/_742_/Z (OA21D0BWP30P140)
   0.0280    2.3338 v reducedSum_reduced_nextLevel_adder_16/_743_/Z (XOR2UD0BWP30P140)
   0.0369    2.3707 v reducedSum_reduced_nextLevel_adder_24/_391_/ZN (XNR2UD0BWP30P140)
   0.0383    2.4090 v reducedSum_reduced_nextLevel_adder_24/_392_/Z (AO21D0BWP30P140)
   0.0255    2.4345 ^ reducedSum_reduced_nextLevel_adder_24/_395_/ZN (AOI211D0BWP30P140)
   0.0247    2.4592 v reducedSum_reduced_nextLevel_adder_24/_397_/ZN (OAI31D0BWP30P140)
   0.0244    2.4835 ^ reducedSum_reduced_nextLevel_adder_24/_399_/ZN (OAI211D0BWP30P140)
   0.0312    2.5148 v reducedSum_reduced_nextLevel_adder_24/_401_/ZN (AOI31D0BWP30P140)
   0.0416    2.5564 ^ reducedSum_reduced_nextLevel_adder_24/_403_/ZN (AOI211D0BWP30P140)
   0.0194    2.5758 v reducedSum_reduced_nextLevel_adder_24/_407_/ZN (NR3D0BWP30P140)
   0.0317    2.6075 ^ reducedSum_reduced_nextLevel_adder_24/_441_/ZN (OAI32D0BWP30P140)
   0.1647    2.7722 v reducedSum_reduced_nextLevel_adder_24/_453_/ZN (OAI21D0BWP30P140)
   0.0630    2.8352 ^ reducedSum_reduced_nextLevel_adder_24/_493_/ZN (MUX2ND0BWP30P140)
   0.0310    2.8662 v reducedSum_reduced_nextLevel_adder_24/_521_/ZN (ND4D0BWP30P140)
   0.0361    2.9023 ^ reducedSum_reduced_nextLevel_adder_24/_548_/ZN (AOI33D0BWP30P140)
   0.0270    2.9293 v reducedSum_reduced_nextLevel_adder_24/_549_/ZN (OAI32D0BWP30P140)
   0.0383    2.9676 ^ reducedSum_reduced_nextLevel_adder_24/_551_/ZN (INR4D0BWP30P140)
   0.0260    2.9936 v reducedSum_reduced_nextLevel_adder_24/_583_/ZN (AOI31D0BWP30P140)
   0.0315    3.0251 ^ reducedSum_reduced_nextLevel_adder_24/_584_/ZN (MAOI222D0BWP30P140)
   0.0269    3.0519 ^ reducedSum_reduced_nextLevel_adder_24/_587_/Z (AO21D0BWP30P140)
   0.0251    3.0770 ^ reducedSum_reduced_nextLevel_adder_24/_598_/Z (AO211D0BWP30P140)
   0.0277    3.1047 v reducedSum_reduced_nextLevel_adder_24/_599_/ZN (AOI31D0BWP30P140)
   0.0327    3.1374 ^ reducedSum_reduced_nextLevel_adder_24/_610_/ZN (OAI211D0BWP30P140)
   0.0649    3.2024 v reducedSum_reduced_nextLevel_adder_24/_631_/ZN (OAI211D0BWP30P140)
   0.0349    3.2373 v reducedSum_reduced_nextLevel_adder_24/_677_/Z (AN2D0BWP30P140)
   0.0355    3.2727 ^ reducedSum_reduced_nextLevel_adder_24/_679_/ZN (NR4D0BWP30P140)
   0.0407    3.3135 v reducedSum_reduced_nextLevel_adder_24/_721_/ZN (IND4D0BWP30P140)
   0.0293    3.3428 v reducedSum_reduced_nextLevel_adder_24/_742_/Z (OA21D0BWP30P140)
   0.0280    3.3708 v reducedSum_reduced_nextLevel_adder_24/_743_/Z (XOR2UD0BWP30P140)
   0.0369    3.4077 v reducedSum_reduced_nextLevel_adder_28/_391_/ZN (XNR2UD0BWP30P140)
   0.0383    3.4460 v reducedSum_reduced_nextLevel_adder_28/_392_/Z (AO21D0BWP30P140)
   0.0255    3.4715 ^ reducedSum_reduced_nextLevel_adder_28/_395_/ZN (AOI211D0BWP30P140)
   0.0247    3.4962 v reducedSum_reduced_nextLevel_adder_28/_397_/ZN (OAI31D0BWP30P140)
   0.0244    3.5205 ^ reducedSum_reduced_nextLevel_adder_28/_399_/ZN (OAI211D0BWP30P140)
   0.0312    3.5518 v reducedSum_reduced_nextLevel_adder_28/_401_/ZN (AOI31D0BWP30P140)
   0.0416    3.5934 ^ reducedSum_reduced_nextLevel_adder_28/_403_/ZN (AOI211D0BWP30P140)
   0.0194    3.6128 v reducedSum_reduced_nextLevel_adder_28/_407_/ZN (NR3D0BWP30P140)
   0.0317    3.6445 ^ reducedSum_reduced_nextLevel_adder_28/_441_/ZN (OAI32D0BWP30P140)
   0.1647    3.8092 v reducedSum_reduced_nextLevel_adder_28/_453_/ZN (OAI21D0BWP30P140)
   0.0630    3.8722 ^ reducedSum_reduced_nextLevel_adder_28/_493_/ZN (MUX2ND0BWP30P140)
   0.0310    3.9032 v reducedSum_reduced_nextLevel_adder_28/_521_/ZN (ND4D0BWP30P140)
   0.0361    3.9393 ^ reducedSum_reduced_nextLevel_adder_28/_548_/ZN (AOI33D0BWP30P140)
   0.0270    3.9663 v reducedSum_reduced_nextLevel_adder_28/_549_/ZN (OAI32D0BWP30P140)
   0.0383    4.0046 ^ reducedSum_reduced_nextLevel_adder_28/_551_/ZN (INR4D0BWP30P140)
   0.0260    4.0306 v reducedSum_reduced_nextLevel_adder_28/_583_/ZN (AOI31D0BWP30P140)
   0.0315    4.0621 ^ reducedSum_reduced_nextLevel_adder_28/_584_/ZN (MAOI222D0BWP30P140)
   0.0269    4.0889 ^ reducedSum_reduced_nextLevel_adder_28/_587_/Z (AO21D0BWP30P140)
   0.0251    4.1140 ^ reducedSum_reduced_nextLevel_adder_28/_598_/Z (AO211D0BWP30P140)
   0.0277    4.1417 v reducedSum_reduced_nextLevel_adder_28/_599_/ZN (AOI31D0BWP30P140)
   0.0327    4.1744 ^ reducedSum_reduced_nextLevel_adder_28/_610_/ZN (OAI211D0BWP30P140)
   0.0649    4.2393 v reducedSum_reduced_nextLevel_adder_28/_631_/ZN (OAI211D0BWP30P140)
   0.0349    4.2743 v reducedSum_reduced_nextLevel_adder_28/_677_/Z (AN2D0BWP30P140)
   0.0355    4.3097 ^ reducedSum_reduced_nextLevel_adder_28/_679_/ZN (NR4D0BWP30P140)
   0.0407    4.3505 v reducedSum_reduced_nextLevel_adder_28/_721_/ZN (IND4D0BWP30P140)
   0.0293    4.3797 v reducedSum_reduced_nextLevel_adder_28/_742_/Z (OA21D0BWP30P140)
   0.0280    4.4078 v reducedSum_reduced_nextLevel_adder_28/_743_/Z (XOR2UD0BWP30P140)
   0.0369    4.4447 v reducedSum_reduced_nextLevel_adder_30/_391_/ZN (XNR2UD0BWP30P140)
   0.0383    4.4830 v reducedSum_reduced_nextLevel_adder_30/_392_/Z (AO21D0BWP30P140)
   0.0255    4.5085 ^ reducedSum_reduced_nextLevel_adder_30/_395_/ZN (AOI211D0BWP30P140)
   0.0247    4.5332 v reducedSum_reduced_nextLevel_adder_30/_397_/ZN (OAI31D0BWP30P140)
   0.0244    4.5575 ^ reducedSum_reduced_nextLevel_adder_30/_399_/ZN (OAI211D0BWP30P140)
   0.0312    4.5888 v reducedSum_reduced_nextLevel_adder_30/_401_/ZN (AOI31D0BWP30P140)
   0.0416    4.6304 ^ reducedSum_reduced_nextLevel_adder_30/_403_/ZN (AOI211D0BWP30P140)
   0.0194    4.6498 v reducedSum_reduced_nextLevel_adder_30/_407_/ZN (NR3D0BWP30P140)
   0.0317    4.6815 ^ reducedSum_reduced_nextLevel_adder_30/_441_/ZN (OAI32D0BWP30P140)
   0.1647    4.8462 v reducedSum_reduced_nextLevel_adder_30/_453_/ZN (OAI21D0BWP30P140)
   0.0630    4.9092 ^ reducedSum_reduced_nextLevel_adder_30/_493_/ZN (MUX2ND0BWP30P140)
   0.0310    4.9402 v reducedSum_reduced_nextLevel_adder_30/_521_/ZN (ND4D0BWP30P140)
   0.0361    4.9763 ^ reducedSum_reduced_nextLevel_adder_30/_548_/ZN (AOI33D0BWP30P140)
   0.0270    5.0033 v reducedSum_reduced_nextLevel_adder_30/_549_/ZN (OAI32D0BWP30P140)
   0.0383    5.0416 ^ reducedSum_reduced_nextLevel_adder_30/_551_/ZN (INR4D0BWP30P140)
   0.0260    5.0676 v reducedSum_reduced_nextLevel_adder_30/_583_/ZN (AOI31D0BWP30P140)
   0.0315    5.0990 ^ reducedSum_reduced_nextLevel_adder_30/_584_/ZN (MAOI222D0BWP30P140)
   0.0269    5.1259 ^ reducedSum_reduced_nextLevel_adder_30/_587_/Z (AO21D0BWP30P140)
   0.0251    5.1510 ^ reducedSum_reduced_nextLevel_adder_30/_598_/Z (AO211D0BWP30P140)
   0.0277    5.1787 v reducedSum_reduced_nextLevel_adder_30/_599_/ZN (AOI31D0BWP30P140)
   0.0327    5.2114 ^ reducedSum_reduced_nextLevel_adder_30/_610_/ZN (OAI211D0BWP30P140)
   0.0649    5.2763 v reducedSum_reduced_nextLevel_adder_30/_631_/ZN (OAI211D0BWP30P140)
   0.0349    5.3113 v reducedSum_reduced_nextLevel_adder_30/_677_/Z (AN2D0BWP30P140)
   0.0355    5.3467 ^ reducedSum_reduced_nextLevel_adder_30/_679_/ZN (NR4D0BWP30P140)
   0.0407    5.3875 v reducedSum_reduced_nextLevel_adder_30/_721_/ZN (IND4D0BWP30P140)
   0.0293    5.4167 v reducedSum_reduced_nextLevel_adder_30/_742_/Z (OA21D0BWP30P140)
   0.0253    5.4421 v reducedSum_reduced_nextLevel_adder_30/_743_/Z (XOR2UD0BWP30P140)
   0.0516    5.4937 ^ reducedSum_conv/_105_/ZN (AOI211D0BWP30P140)
   0.0254    5.5191 ^ reducedSum_conv/_117_/ZN (XNR2UD0BWP30P140)
   0.0403    5.5594 v reducedSum_conv/_118_/ZN (OAI221D0BWP30P140)
   0.0406    5.6000 ^ reducedSum_conv/_119_/ZN (AOI21D0BWP30P140)
   0.0290    5.6290 v reducedSum_conv/_125_/ZN (OAI211D0BWP30P140)
   0.0360    5.6650 ^ reducedSum_conv/_128_/ZN (OAI31D0BWP30P140)
   0.0256    5.6906 ^ reducedSum_conv/_141_/ZN (MUX2ND0BWP30P140)
   0.0196    5.7102 ^ reducedSum_conv/_152_/ZN (IND4D0BWP30P140)
   0.0579    5.7681 v reducedSum_conv/_154_/ZN (OAI211D0BWP30P140)
   0.0563    5.8244 ^ reducedSum_conv/_170_/ZN (AOI21D0BWP30P140)
   0.0256    5.8500 v accAdder/_0897_/ZN (XNR2UD0BWP30P140)
   0.0314    5.8814 ^ accAdder/_0899_/ZN (AOI21D0BWP30P140)
   0.0301    5.9115 v accAdder/_0901_/ZN (MAOI222D0BWP30P140)
   0.0366    5.9481 ^ accAdder/_0902_/ZN (MAOI222D0BWP30P140)
   0.0303    5.9784 v accAdder/_0903_/ZN (MAOI222D0BWP30P140)
   0.0367    6.0150 ^ accAdder/_0966_/ZN (MAOI222D0BWP30P140)
   0.0303    6.0453 v accAdder/_0968_/ZN (MAOI222D0BWP30P140)
   0.0265    6.0718 v accAdder/_0970_/ZN (XNR2UD0BWP30P140)
   0.0212    6.0930 ^ accAdder/_0971_/ZN (NR2D0BWP30P140)
   0.0257    6.1188 ^ accAdder/_0972_/Z (AN2D0BWP30P140)
   0.4170    6.5357 v accAdder/_0975_/ZN (AOI31D0BWP30P140)
   0.4192    6.9550 ^ accAdder/_0991_/ZN (AOI22D0BWP30P140)
   0.0318    6.9868 v accAdder/_1063_/ZN (CKND2D0BWP30P140)
   0.0370    7.0238 ^ accAdder/_1188_/ZN (OAI32D0BWP30P140)
   0.0151    7.0389 v accAdder/_1189_/ZN (AOI21D0BWP30P140)
   0.0396    7.0785 ^ accAdder/_1191_/ZN (OAI221D0BWP30P140)
   0.0211    7.0996 v accAdder/_1196_/ZN (OAI31D0BWP30P140)
   0.0222    7.1218 ^ accAdder/_1198_/ZN (AOI21D0BWP30P140)
   0.0256    7.1474 v accAdder/_1200_/ZN (MAOI222D0BWP30P140)
   0.0396    7.1870 ^ accAdder/_1202_/ZN (MAOI222D0BWP30P140)
   0.0257    7.2127 v accAdder/_1204_/ZN (MAOI222D0BWP30P140)
   0.0277    7.2405 ^ accAdder/_1206_/ZN (AOI21D0BWP30P140)
   0.0253    7.2657 ^ accAdder/_1209_/ZN (IAO21D0BWP30P140)
   0.0247    7.2904 v accAdder/_1211_/ZN (MAOI222D0BWP30P140)
   0.0395    7.3299 ^ accAdder/_1213_/ZN (MAOI222D0BWP30P140)
   0.0265    7.3564 v accAdder/_1221_/ZN (MAOI222D0BWP30P140)
   0.0354    7.3918 v accAdder/_1232_/Z (AO21D0BWP30P140)
   0.0261    7.4178 ^ accAdder/_1242_/ZN (MAOI222D0BWP30P140)
   0.0265    7.4444 v accAdder/_1255_/ZN (MAOI222D0BWP30P140)
   0.0315    7.4759 v accAdder/_1259_/Z (AO21D0BWP30P140)
   0.0182    7.4941 ^ accAdder/_1276_/ZN (AOI21D0BWP30P140)
   0.0258    7.5199 v accAdder/_1280_/ZN (MAOI222D0BWP30P140)
   0.0391    7.5590 ^ accAdder/_1296_/ZN (MAOI222D0BWP30P140)
   0.0262    7.5852 v accAdder/_1300_/ZN (MAOI222D0BWP30P140)
   0.0304    7.6156 ^ accAdder/_1318_/ZN (AOI21D0BWP30P140)
   0.0249    7.6405 v accAdder/_1322_/ZN (MAOI222D0BWP30P140)
   0.0364    7.6769 v accAdder/_1345_/Z (AO21D0BWP30P140)
   0.0156    7.6926 ^ accAdder/_1353_/ZN (MUX2ND0BWP30P140)
   0.0347    7.7273 ^ accAdder/_1354_/ZN (XNR2UD0BWP30P140)
   0.0288    7.7561 ^ accAdder/_1453_/ZN (MAOI22D0BWP30P140)
   0.1281    7.8841 v accAdder/_1456_/ZN (OAI211D0BWP30P140)
   0.0886    7.9727 ^ accAdder/_1531_/Z (MUX4D0BWP30P140)
   0.0194    7.9922 v accAdder/_1534_/ZN (MUX3ND0BWP30P140)
   0.0405    8.0327 ^ accAdder/_1568_/ZN (NR2D0BWP30P140)
   0.0507    8.0834 ^ accAdder/_1577_/ZN (INR4D0BWP30P140)
   0.0510    8.1344 ^ accAdder/_1582_/Z (AN4D0BWP30P140)
   0.0395    8.1739 ^ accAdder/_1590_/Z (AN4D0BWP30P140)
   0.0406    8.2145 ^ accAdder/_1601_/Z (AN4D0BWP30P140)
   0.0349    8.2493 ^ accAdder/_1603_/Z (AN3D0BWP30P140)
   0.0271    8.2765 v accAdder/_1605_/ZN (IND3D0BWP30P140)
   0.0379    8.3144 v accAdder/_1606_/Z (OR3D0BWP30P140)
   0.0368    8.3512 ^ accAdder/_1608_/ZN (INR3D0BWP30P140)
   0.0364    8.3877 v accAdder/_1611_/ZN (MAOI222D0BWP30P140)
   0.0357    8.4233 ^ accAdder/_1616_/ZN (NR4D0BWP30P140)
   0.0219    8.4452 v accAdder/_1619_/ZN (OAI31D0BWP30P140)
   0.0327    8.4779 v accAdder/_1621_/Z (AO21D0BWP30P140)
   0.0312    8.5091 ^ accAdder/_1623_/ZN (AOI21D0BWP30P140)
   0.0237    8.5328 v accAdder/_1626_/ZN (OAI21D0BWP30P140)
   0.0215    8.5543 v accAdder/_1658_/Z (AN3D0BWP30P140)
   0.0613    8.6155 v accAdder/_1659_/Z (OR3D0BWP30P140)
   0.0420    8.6575 ^ accAdder/_1703_/ZN (AOI211D0BWP30P140)
   0.0261    8.6836 ^ _060_/Z (AO22D0BWP30P140)
   0.0000    8.6836 ^ _070_/D (DFCNQD1BWP30P140)
             8.6836   data arrival time

  20.0000   20.0000   clock CORE_CLK (rise edge)
   0.0000   20.0000   clock network delay (ideal)
  -0.0500   19.9500   clock uncertainty
   0.0000   19.9500   clock reconvergence pessimism
            19.9500 ^ _070_/CP (DFCNQD1BWP30P140)
  -0.0174   19.9326   library setup time
            19.9326   data required time
-------------------------------------------------------------
            19.9326   data required time
            -8.6836   data arrival time
-------------------------------------------------------------
            11.2490   slack (MET)


