
6. Printing statistics.

=== BFP_PE ===

        +----------Local Count, excluding submodules.
        |        +-Local Area, excluding submodules.
        |        | 
      333        - wires
     2404        - wire bits
      299        - public wires
     2370        - public wire bits
       10        - ports
      565        - port bits
       67   99.918 cells
       32   24.192   AO22D0BWP30P140
       33   74.844   DFCNQD1BWP30P140
        1    0.504   INR2D0BWP30P140
        1    0.378   NR2D0BWP30P140
       97        - submodules
       31        -   CustomFPAdder_exp11_mant8
       32        -   CustomOperator_E5M2_to_E5M2
        1        -   FP32Adder
       32        -   ScaleAddition_E5M2_to_E5M2_scale_UE8M0
        1        -   ScaleToFP32_E5M2_x_E5M2_UE8M0

   Chip area for module '\BFP_PE': 99.918000
     of which used for sequential elements: 74.844000 (74.91%)

=== FP32Adder ===

        +----------Local Count, excluding submodules.
        |        +-Local Area, excluding submodules.
        |        | 
      872        - wires
     1037        - wire bits
        6        - public wires
      171        - public wire bits
        3        - ports
       96        - port bits
      898  554.904 cells
       18    9.072   AN2D0BWP30P140
        5     3.15   AN3D0BWP30P140
        4    3.024   AN4D0BWP30P140
        2    1.512   AO211D0BWP30P140
       13     8.19   AO21D0BWP30P140
        4    3.024   AO22D0BWP30P140
       10      6.3   AOI211D0BWP30P140
       52   26.208   AOI21D0BWP30P140
       10     7.56   AOI221D0BWP30P140
        2    2.016   AOI222D0BWP30P140
       32    20.16   AOI22D0BWP30P140
        2     1.26   AOI31D0BWP30P140
       19   16.758   CKMUX2D0BWP30P140
       65    16.38   CKND0BWP30P140
       72   27.216   CKND2D0BWP30P140
        6     3.78   IAO21D0BWP30P140
       20    10.08   IND2D0BWP30P140
        1     0.63   IND3D0BWP30P140
        2    1.512   IND4D0BWP30P140
       21   10.584   INR2D0BWP30P140
        8     5.04   INR3D0BWP30P140
        3    2.268   INR4D0BWP30P140
        7     4.41   IOA21D0BWP30P140
       30    22.68   MAOI222D0BWP30P140
       15    11.34   MAOI22D0BWP30P140
        4    3.024   MOAI22D0BWP30P140
      114   86.184   MUX2ND0BWP30P140
        1    1.764   MUX3D0BWP30P140
        1    1.638   MUX3ND0BWP30P140
        2    4.788   MUX4D0BWP30P140
       16   36.288   MUX4ND0BWP30P140
       14    7.056   ND3D0BWP30P140
        5     3.15   ND4D0BWP30P140
       99   37.422   NR2D0BWP30P140
       35    17.64   NR3D0BWP30P140
        8     5.04   NR4D0BWP30P140
        2    1.512   OA211D0BWP30P140
        6     3.78   OA21D0BWP30P140
        1    0.882   OA22D0BWP30P140
       13     8.19   OAI211D0BWP30P140
       41   20.664   OAI21D0BWP30P140
        1    0.882   OAI221D0BWP30P140
        1    1.008   OAI222D0BWP30P140
       10      6.3   OAI22D0BWP30P140
        6     3.78   OAI31D0BWP30P140
        3    2.268   OAI32D0BWP30P140
        1    0.882   OAI33D0BWP30P140
        6    3.024   OR2D0BWP30P140
        8     5.04   OR3D0BWP30P140
        2    1.512   OR4D0BWP30P140
       51   44.982   XNR2UD0BWP30P140
        1    1.764   XNR3UD0BWP30P140
       23   20.286   XOR2UD0BWP30P140

   Chip area for module '\FP32Adder': 554.904000
     of which used for sequential elements: 0.000000 (0.00%)

=== ScaleToFP32_E5M2_x_E5M2_UE8M0 ===

        +----------Local Count, excluding submodules.
        |        +-Local Area, excluding submodules.
        |        | 
       93        - wires
      141        - wire bits
        4        - public wires
       52        - public wire bits
        4        - ports
       52        - port bits
      105   59.724 cells
        4    2.016   AN2D0BWP30P140
        1     0.63   AN3D0BWP30P140
        1     0.63   AO21D0BWP30P140
        5     3.15   AOI211D0BWP30P140
       11    5.544   AOI21D0BWP30P140
        1    0.756   AOI221D0BWP30P140
        1     0.63   AOI22D0BWP30P140
        1     0.63   AOI31D0BWP30P140
        1    0.882   CKMUX2D0BWP30P140
        5     1.26   CKND0BWP30P140
        6    2.268   CKND2D0BWP30P140
        1     0.63   IAO21D0BWP30P140
        3    1.512   IND2D0BWP30P140
        1    0.756   IND4D0BWP30P140
        4    2.016   INR2D0BWP30P140
        1    0.756   INR4D0BWP30P140
        1    0.756   MOAI22D0BWP30P140
        5     3.78   MUX2ND0BWP30P140
        1    0.504   ND3D0BWP30P140
       15     5.67   NR2D0BWP30P140
        4    2.016   NR3D0BWP30P140
        1     0.63   NR4D0BWP30P140
        1    0.756   OA211D0BWP30P140
        4     2.52   OAI211D0BWP30P140
        5     2.52   OAI21D0BWP30P140
        2    1.764   OAI221D0BWP30P140
        2     1.26   OAI31D0BWP30P140
        3    1.512   OR2D0BWP30P140
        1     0.63   OR3D0BWP30P140
        1    0.756   OR4D0BWP30P140
        8    7.056   XNR2UD0BWP30P140
        4    3.528   XOR2UD0BWP30P140

   Chip area for module '\ScaleToFP32_E5M2_x_E5M2_UE8M0': 59.724000
     of which used for sequential elements: 0.000000 (0.00%)

=== CustomFPAdder_exp11_mant8 ===

        +----------Local Count, excluding submodules.
        |        +-Local Area, excluding submodules.
        |        | 
      376        - wires
      437        - wire bits
       10        - public wires
       71        - public wire bits
        9        - ports
       60        - port bits
      386   229.95 cells
        8    4.032   AN2D0BWP30P140
        2     1.26   AN3D0BWP30P140
        3    2.268   AN4D0BWP30P140
        3    2.268   AO211D0BWP30P140
        7     4.41   AO21D0BWP30P140
        1    0.756   AO22D0BWP30P140
        3     1.89   AOI211D0BWP30P140
       21   10.584   AOI21D0BWP30P140
        5     3.15   AOI22D0BWP30P140
        9     5.67   AOI31D0BWP30P140
        2    1.512   AOI32D0BWP30P140
        1    0.882   AOI33D0BWP30P140
        6    5.292   CKMUX2D0BWP30P140
       17    4.284   CKND0BWP30P140
       26    9.828   CKND2D0BWP30P140
        5     3.15   IAO21D0BWP30P140
       10     5.04   IND2D0BWP30P140
        2     1.26   IND3D0BWP30P140
        2    1.512   IND4D0BWP30P140
       17    8.568   INR2D0BWP30P140
        1     0.63   INR3D0BWP30P140
        1    0.756   INR4D0BWP30P140
        3    2.268   MAOI222D0BWP30P140
        2    1.512   MAOI22D0BWP30P140
        2    1.512   MOAI22D0BWP30P140
       30    22.68   MUX2ND0BWP30P140
       11    5.544   ND3D0BWP30P140
        8     5.04   ND4D0BWP30P140
       41   15.498   NR2D0BWP30P140
       16    8.064   NR3D0BWP30P140
        5     3.15   NR4D0BWP30P140
        4    3.024   OA211D0BWP30P140
        4     2.52   OA21D0BWP30P140
        1    0.882   OA22D0BWP30P140
        6     3.78   OAI211D0BWP30P140
       13    6.552   OAI21D0BWP30P140
        1    0.882   OAI221D0BWP30P140
        3     1.89   OAI22D0BWP30P140
       10      6.3   OAI31D0BWP30P140
        4    3.024   OAI32D0BWP30P140
        1    0.882   OAI33D0BWP30P140
        9    4.536   OR2D0BWP30P140
        5     3.15   OR3D0BWP30P140
        2    1.512   OR4D0BWP30P140
       33   29.106   XNR2UD0BWP30P140
       20    17.64   XOR2UD0BWP30P140

   Chip area for module '\CustomFPAdder_exp11_mant8': 229.950000
     of which used for sequential elements: 0.000000 (0.00%)

=== ScaleAddition_E5M2_to_E5M2_scale_UE8M0 ===

        +----------Local Count, excluding submodules.
        |        +-Local Area, excluding submodules.
        |        | 
       94        - wires
      136        - wire bits
        8        - public wires
       50        - public wire bits
        8        - ports
       50        - port bits
       96   65.898 cells
        2    1.008   AN2D0BWP30P140
        3     1.89   AN3D0BWP30P140
        4     2.52   AO21D0BWP30P140
        4    2.016   AOI21D0BWP30P140
        6    1.512   CKND0BWP30P140
        9    3.402   CKND2D0BWP30P140
        2    1.008   IND2D0BWP30P140
        5     2.52   INR2D0BWP30P140
        5     3.78   MAOI222D0BWP30P140
        6    3.024   ND3D0BWP30P140
        2     1.26   ND4D0BWP30P140
        6    2.268   NR2D0BWP30P140
        3    1.512   NR3D0BWP30P140
        5     2.52   OAI21D0BWP30P140
        2     1.26   OAI22D0BWP30P140
       11    9.702   XNR2UD0BWP30P140
        3    5.292   XNR3UD0BWP30P140
       14   12.348   XOR2UD0BWP30P140
        4    7.056   XOR3UD0BWP30P140

   Chip area for module '\ScaleAddition_E5M2_to_E5M2_scale_UE8M0': 65.898000
     of which used for sequential elements: 0.000000 (0.00%)

=== CustomOperator_E5M2_to_E5M2 ===

        +----------Local Count, excluding submodules.
        |        +-Local Area, excluding submodules.
        |        | 
       66        - wires
       91        - wire bits
        5        - public wires
       30        - public wire bits
        5        - ports
       30        - port bits
       75   45.234 cells
        5     2.52   AN2D0BWP30P140
        1     0.63   AN3D0BWP30P140
        1     0.63   AO21D0BWP30P140
        3    1.512   AOI21D0BWP30P140
        1     0.63   AOI22D0BWP30P140
        2    0.504   CKND0BWP30P140
        8    3.024   CKND2D0BWP30P140
        6    3.024   IND2D0BWP30P140
        2    1.008   INR2D0BWP30P140
        2     1.26   INR3D0BWP30P140
        1    0.756   MAOI222D0BWP30P140
        1    0.756   MOAI22D0BWP30P140
        3    1.512   ND3D0BWP30P140
        8    3.024   NR2D0BWP30P140
        2    1.008   NR3D0BWP30P140
        1     0.63   NR4D0BWP30P140
        1    0.882   OA22D0BWP30P140
        3    1.512   OAI21D0BWP30P140
        1     0.63   OAI22D0BWP30P140
        1     0.63   OAI31D0BWP30P140
        3    1.512   OR2D0BWP30P140
       12   10.584   XNR2UD0BWP30P140
        1    1.764   XNR3UD0BWP30P140
        6    5.292   XOR2UD0BWP30P140

   Chip area for module '\CustomOperator_E5M2_to_E5M2': 45.234000
     of which used for sequential elements: 0.000000 (0.00%)

=== design hierarchy ===

        +----------Count including submodules.
        |        +-Area including submodules.
        |        | 
    18508 1.14E+04 BFP_PE
      386   229.95 CustomFPAdder_exp11_mant8
       75   45.234 CustomOperator_E5M2_to_E5M2
      898  554.904 FP32Adder
       96   65.898 ScaleAddition_E5M2_to_E5M2_scale_UE8M0
      105   59.724 ScaleToFP32_E5M2_x_E5M2_UE8M0

        +----------Count including submodules.
        |        +-Area including submodules.
        |        | 
    18074        - wires
    24393        - wire bits
     1035        - public wires
     7354        - public wire bits
      712        - ports
     5133        - port bits
        -        - memories
        -        - memory bits
        -        - processes
    18508 1.14E+04 cells
      494  248.976   AN2D0BWP30P140
      196   123.48   AN3D0BWP30P140
       97   73.332   AN4D0BWP30P140
       95    71.82   AO211D0BWP30P140
      391   246.33   AO21D0BWP30P140
       67   50.652   AO22D0BWP30P140
      108    68.04   AOI211D0BWP30P140
      938  472.752   AOI21D0BWP30P140
       11    8.316   AOI221D0BWP30P140
        2    2.016   AOI222D0BWP30P140
      220    138.6   AOI22D0BWP30P140
      282   177.66   AOI31D0BWP30P140
       62   46.872   AOI32D0BWP30P140
       31   27.342   AOI33D0BWP30P140
      206  181.692   CKMUX2D0BWP30P140
      853  214.956   CKND0BWP30P140
     1428  539.784   CKND2D0BWP30P140
       33   74.844   DFCNQD1BWP30P140
      162   102.06   IAO21D0BWP30P140
      589  296.856   IND2D0BWP30P140
       63    39.69   IND3D0BWP30P140
       65    49.14   IND4D0BWP30P140
      777  391.608   INR2D0BWP30P140
      103    64.89   INR3D0BWP30P140
       35    26.46   INR4D0BWP30P140
        7     4.41   IOA21D0BWP30P140
      315   238.14   MAOI222D0BWP30P140
       77   58.212   MAOI22D0BWP30P140
       99   74.844   MOAI22D0BWP30P140
     1049  793.044   MUX2ND0BWP30P140
        1    1.764   MUX3D0BWP30P140
        1    1.638   MUX3ND0BWP30P140
        2    4.788   MUX4D0BWP30P140
       16   36.288   MUX4ND0BWP30P140
      644  324.576   ND3D0BWP30P140
      317   199.71   ND4D0BWP30P140
     1834  693.252   NR2D0BWP30P140
      695   350.28   NR3D0BWP30P140
      196   123.48   NR4D0BWP30P140
      127   96.012   OA211D0BWP30P140
      130     81.9   OA21D0BWP30P140
       64   56.448   OA22D0BWP30P140
      203   127.89   OAI211D0BWP30P140
      705   355.32   OAI21D0BWP30P140
       34   29.988   OAI221D0BWP30P140
        1    1.008   OAI222D0BWP30P140
      199   125.37   OAI22D0BWP30P140
      350    220.5   OAI31D0BWP30P140
      127   96.012   OAI32D0BWP30P140
       32   28.224   OAI33D0BWP30P140
      384  193.536   OR2D0BWP30P140
      164   103.32   OR3D0BWP30P140
       65    49.14   OR4D0BWP30P140
     1818  1.6E+03   XNR2UD0BWP30P140
      129  227.556   XNR3UD0BWP30P140
     1287 1.14E+03   XOR2UD0BWP30P140
      128  225.792   XOR3UD0BWP30P140
       97 1.13E+04 submodules
       31  7128.45   CustomFPAdder_exp11_mant8
       32 1.45E+03   CustomOperator_E5M2_to_E5M2
        1  554.904   FP32Adder
       32 2.11E+03   ScaleAddition_E5M2_to_E5M2_scale_UE8M0
        1   59.724   ScaleToFP32_E5M2_x_E5M2_UE8M0

   Chip area for top module '\BFP_PE': 11399.220000
     of which used for sequential elements: 74.844000 (0.66%)

