Startpoint: reset (input port clocked by CORE_CLK)
Endpoint: _40_ (recovery check against rising-edge clock CORE_CLK)
Path Group: asynchronous
Path Type: max

    Delay      Time   Description
-------------------------------------------------------------
   0.0000    0.0000   clock CORE_CLK (rise edge)
   0.0000    0.0000   clock network delay (ideal)
   0.0000    0.0000 ^ input external delay
   0.0000    0.0000 ^ reset (in)
   0.0000    0.0000 ^ _40_/CDN (DFCNQD1BWP30P140)
             0.0000   data arrival time

   2.0000    2.0000   clock CORE_CLK (rise edge)
   0.0000    2.0000   clock network delay (ideal)
  -0.0500    1.9500   clock uncertainty
   0.0000    1.9500   clock reconvergence pessimism
             1.9500 ^ _40_/CP (DFCNQD1BWP30P140)
   0.0258    1.9758   library recovery time
             1.9758   data required time
-------------------------------------------------------------
             1.9758   data required time
            -0.0000   data arrival time
-------------------------------------------------------------
             1.9758   slack (MET)


Startpoint: io_op_a_i[6] (input port clocked by CORE_CLK)
Endpoint: _42_ (rising edge-triggered flip-flop clocked by CORE_CLK)
Path Group: CORE_CLK
Path Type: max

    Delay      Time   Description
-------------------------------------------------------------
   0.0000    0.0000   clock CORE_CLK (rise edge)
   0.0000    0.0000   clock network delay (ideal)
   0.0000    0.0000 v input external delay
   0.0000    0.0000 v io_op_a_i[6] (in)
   0.0251    0.0251 ^ op/_30_/ZN (NR4D0BWP30P140)
   0.0257    0.0508 ^ op/_43_/ZN (IAO21D0BWP30P140)
   0.0199    0.0707 ^ op/_46_/Z (OR3D0BWP30P140)
   0.0219    0.0926 v op/_47_/ZN (MAOI222D0BWP30P140)
   0.0428    0.1355 ^ op/_48_/ZN (NR2D0BWP30P140)
   0.0142    0.1496 v tree/_4326_/ZN (CKND0BWP30P140)
   0.0217    0.1714 ^ tree/_4411_/ZN (AOI22D0BWP30P140)
   0.0240    0.1953 v tree/_4412_/ZN (OAI21D0BWP30P140)
   0.0396    0.2349 v tree/_4414_/Z (AO21D0BWP30P140)
   0.0295    0.2644 v tree/_4425_/ZN (MUX2ND0BWP30P140)
   0.0264    0.2908 v tree/_4426_/ZN (MOAI22D0BWP30P140)
   0.0163    0.3071 ^ tree/_4429_/ZN (OAI21D0BWP30P140)
   0.0390    0.3461 v tree/_4431_/ZN (AOI22D0BWP30P140)
   0.0443    0.3904 ^ tree/_4437_/Z (CKMUX2D0BWP30P140)
   0.0156    0.4060 v tree/_4438_/ZN (OAI22D0BWP30P140)
   0.0228    0.4288 v tree/_4441_/Z (OA21D0BWP30P140)
   0.0268    0.4556 v tree/_4446_/Z (OA21D0BWP30P140)
   0.0219    0.4775 ^ tree/_4448_/ZN (NR2D0BWP30P140)
   0.0322    0.5098 v tree/_4463_/Z (CKMUX2D0BWP30P140)
   0.0272    0.5369 ^ tree/_4465_/ZN (AOI221D0BWP30P140)
   0.0352    0.5721 v tree/_4471_/ZN (OAI21D0BWP30P140)
   0.0303    0.6024 v tree/_4478_/Z (OA211D0BWP30P140)
   0.0263    0.6288 ^ tree/_4479_/ZN (OAI33D0BWP30P140)
   0.0223    0.6511 v tree/_4488_/ZN (AOI31D0BWP30P140)
   0.0386    0.6897 ^ tree/_4494_/ZN (OAI21D0BWP30P140)
   0.0426    0.7323 ^ tree/_4504_/Z (OA211D0BWP30P140)
   0.0168    0.7491 v tree/_4510_/ZN (OAI33D0BWP30P140)
   0.0278    0.7770 ^ tree/_4511_/ZN (AOI31D0BWP30P140)
   0.0342    0.8111 v tree/_4517_/ZN (OAI21D0BWP30P140)
   0.0302    0.8413 v tree/_4524_/Z (OA211D0BWP30P140)
   0.0263    0.8676 ^ tree/_4525_/ZN (OAI33D0BWP30P140)
   0.0223    0.8900 v tree/_4534_/ZN (AOI31D0BWP30P140)
   0.0305    0.9205 ^ tree/_4540_/ZN (OAI21D0BWP30P140)
   0.0384    0.9589 ^ tree/_4549_/Z (OA211D0BWP30P140)
   0.0206    0.9795 v tree/_4551_/ZN (OAI33D0BWP30P140)
   0.0251    1.0046 ^ tree/_4552_/ZN (AOI31D0BWP30P140)
   0.0245    1.0292 v tree/_4560_/ZN (OAI21D0BWP30P140)
   0.0342    1.0633 v tree/_4563_/Z (AO21D0BWP30P140)
   0.0275    1.0908 v tree/_4576_/ZN (MUX2ND0BWP30P140)
   0.0289    1.1197 v tree/_4579_/Z (AO22D0BWP30P140)
   0.0167    1.1365 ^ tree/_4580_/ZN (AOI21D0BWP30P140)
   0.0430    1.1794 ^ tree/_4582_/Z (OA22D0BWP30P140)
   0.0276    1.2071 ^ tree/_4592_/ZN (MUX2ND0BWP30P140)
   0.0247    1.2318 ^ tree/_4594_/ZN (MOAI22D0BWP30P140)
   0.0224    1.2542 ^ tree/_4597_/ZN (IAO21D0BWP30P140)
   0.0270    1.2812 v tree/_4601_/ZN (OAI21D0BWP30P140)
   0.0251    1.3063 ^ tree/_4612_/ZN (AOI21D0BWP30P140)
   0.0247    1.3310 v tree/_4614_/ZN (OAI33D0BWP30P140)
   0.0234    1.3544 ^ tree/_4623_/ZN (AOI221D0BWP30P140)
   0.0355    1.3899 v tree/_4627_/ZN (OAI21D0BWP30P140)
   0.0305    1.4203 v tree/_4638_/Z (OA211D0BWP30P140)
   0.0264    1.4467 ^ tree/_4639_/ZN (OAI33D0BWP30P140)
   0.0223    1.4690 v tree/_4648_/ZN (AOI31D0BWP30P140)
   0.0304    1.4995 ^ tree/_4652_/ZN (OAI21D0BWP30P140)
   0.0383    1.5377 ^ tree/_4668_/Z (OA211D0BWP30P140)
   0.0206    1.5583 v tree/_4670_/ZN (OAI33D0BWP30P140)
   0.0258    1.5841 ^ tree/_4671_/ZN (AOI31D0BWP30P140)
   0.0155    1.5995 v tree/_4673_/ZN (MOAI22D0BWP30P140)
   0.0351    1.6347 ^ tree/_4675_/ZN (AOI21D0BWP30P140)
   0.0170    1.6517 v tree/_4678_/ZN (NR3D0BWP30P140)
   0.0282    1.6799 ^ tree/_4679_/ZN (AOI21D0BWP30P140)
   0.0264    1.7062 ^ tree/_4703_/ZN (MAOI22D0BWP30P140)
   0.0190    1.7253 v tree/_4704_/ZN (OAI21D0BWP30P140)
   0.0388    1.7641 v tree/_4705_/Z (OA21D0BWP30P140)
   0.0335    1.7976 v tree/_4722_/ZN (MUX2ND0BWP30P140)
   0.0353    1.8328 v tree/_4723_/ZN (XNR2UD0BWP30P140)
   0.0274    1.8602 v tree/_4727_/Z (OA21D0BWP30P140)
   0.0382    1.8984 ^ tree/_4729_/ZN (OAI33D0BWP30P140)
   0.0662    1.9646 ^ tree/_4738_/Z (OA21D0BWP30P140)
   0.1359    2.1005 v tree/_4749_/ZN (MUX2ND0BWP30P140)
   0.0798    2.1802 ^ tree/_4756_/ZN (MAOI222D0BWP30P140)
   0.0265    2.2068 v tree/_4759_/ZN (AOI211D0BWP30P140)
   0.0377    2.2445 v tree/_4760_/Z (OR3D0BWP30P140)
   0.0412    2.2856 v tree/_4766_/Z (AO22D0BWP30P140)
   0.0655    2.3511 ^ tree/_4771_/ZN (NR2D0BWP30P140)
   0.0547    2.4058 ^ tree/_4811_/Z (MUX4D0BWP30P140)
   0.0295    2.4353 v tree/_4836_/ZN (OAI211D0BWP30P140)
   0.0467    2.4820 ^ tree/_4838_/ZN (AOI31D0BWP30P140)
   0.0099    2.4919 v tree/_4841_/ZN (NR2D0BWP30P140)
   0.0316    2.5236 v tree/_7869_/Z (XOR2UD0BWP30P140)
   0.0654    2.5890 v tree/_7939_/Z (XOR3UD0BWP30P140)
   0.0665    2.6554 v tree/_8003_/Z (XOR3UD0BWP30P140)
   0.0570    2.7124 v tree/_8071_/ZN (XNR3UD0BWP30P140)
   0.0652    2.7776 v tree/_8149_/Z (XOR3UD0BWP30P140)
   0.0662    2.8438 v tree/_8193_/Z (XOR3UD0BWP30P140)
   0.0524    2.8962 v tree/_8222_/ZN (XNR3UD0BWP30P140)
   0.0261    2.9223 ^ tree/_8245_/ZN (XNR2UD0BWP30P140)
   0.0236    2.9459 v tree/_8246_/ZN (OAI21D0BWP30P140)
   0.0325    2.9784 ^ tree/_8248_/ZN (MAOI222D0BWP30P140)
   0.0290    3.0074 v tree/_8249_/ZN (MAOI222D0BWP30P140)
   0.0308    3.0382 v tree/_8251_/ZN (IOA21D0BWP30P140)
   0.0269    3.0651 v tree/_8253_/ZN (IOA21D0BWP30P140)
   0.0252    3.0903 ^ tree/_8255_/ZN (AOI21D0BWP30P140)
   0.0225    3.1128 v tree/_8258_/ZN (OAI21D0BWP30P140)
   0.0295    3.1423 v tree/_8260_/ZN (IOA21D0BWP30P140)
   0.0334    3.1756 ^ tree/_8262_/ZN (MAOI222D0BWP30P140)
   0.0244    3.2000 v tree/_8264_/ZN (OAI21D0BWP30P140)
   0.0300    3.2301 v tree/_8266_/ZN (IOA21D0BWP30P140)
   0.0333    3.2633 ^ tree/_8268_/ZN (MAOI222D0BWP30P140)
   0.0252    3.2886 v tree/_8270_/ZN (OAI21D0BWP30P140)
   0.0359    3.3245 ^ tree/_8272_/ZN (MAOI222D0BWP30P140)
   0.0280    3.3525 ^ tree/_8274_/Z (OA21D0BWP30P140)
   0.0245    3.3770 ^ tree/_8276_/Z (OA21D0BWP30P140)
   0.0246    3.4016 ^ tree/_8278_/Z (OA21D0BWP30P140)
   0.0240    3.4256 ^ tree/_8281_/Z (OA21D0BWP30P140)
   0.0231    3.4487 v tree/_8301_/ZN (OAI31D0BWP30P140)
   0.0320    3.4808 ^ tree/_8303_/ZN (MAOI222D0BWP30P140)
   0.0303    3.5110 v tree/_8304_/ZN (MAOI222D0BWP30P140)
   0.0366    3.5476 ^ tree/_8306_/ZN (MAOI222D0BWP30P140)
   0.0680    3.6156 ^ tree/_8316_/Z (XOR2UD0BWP30P140)
   0.0294    3.6450 ^ tree/_8360_/Z (AO21D0BWP30P140)
   0.0285    3.6735 ^ tree/_8361_/Z (OA21D0BWP30P140)
   0.0271    3.7006 v tree/_8363_/ZN (OAI211D0BWP30P140)
   0.0277    3.7282 ^ tree/_8366_/ZN (OAI21D0BWP30P140)
   0.0230    3.7512 ^ tree/_8367_/Z (AN2D0BWP30P140)
   0.0204    3.7717 ^ tree/_8369_/Z (AN2D0BWP30P140)
   0.0142    3.7858 v tree/_8370_/ZN (AOI21D0BWP30P140)
   0.0239    3.8097 ^ tree/_8371_/ZN (INR2D0BWP30P140)
   0.0269    3.8366 v tree/_8388_/ZN (AOI31D0BWP30P140)
   0.0284    3.8650 ^ tree/_8390_/ZN (AOI21D0BWP30P140)
   0.0233    3.8883 v tree/_8391_/Z (XOR2UD0BWP30P140)
   0.0274    3.9157 v tree/_8393_/Z (OR2D0BWP30P140)
   0.1845    4.1002 ^ tree/_8473_/ZN (AOI21D0BWP30P140)
   0.0960    4.1962 v tree/_8474_/ZN (CKND0BWP30P140)
   0.0472    4.2434 v tree/_8533_/ZN (MUX4ND0BWP30P140)
   0.0409    4.2843 v tree/_8535_/Z (MUX3D0BWP30P140)
   0.0162    4.3005 ^ tree/_8584_/ZN (ND4D0BWP30P140)
   0.0209    4.3215 v tree/_8585_/ZN (OAI33D0BWP30P140)
   0.0254    4.3469 ^ tree/_8595_/ZN (AOI31D0BWP30P140)
   0.0360    4.3829 v tree/_8598_/ZN (ND4D0BWP30P140)
   0.0305    4.4134 ^ tree/_8613_/ZN (NR4D0BWP30P140)
   0.0300    4.4434 ^ tree/_8614_/Z (AN2D0BWP30P140)
   0.0327    4.4761 v tree/_8633_/ZN (ND4D0BWP30P140)
   0.0441    4.5202 v tree/_8645_/ZN (XNR2UD0BWP30P140)
   0.0680    4.5882 v d2fpn/_077_/ZN (XNR3UD0BWP30P140)
   0.0298    4.6180 v d2fpn/_087_/Z (XOR2UD0BWP30P140)
   0.0296    4.6476 v d2fpn/_109_/ZN (XNR2UD0BWP30P140)
   0.0125    4.6602 ^ d2fpn/_110_/ZN (CKND0BWP30P140)
   0.0173    4.6775 v d2fpn/_111_/ZN (OAI21D0BWP30P140)
   0.0243    4.7017 ^ d2fpn/_113_/ZN (AOI21D0BWP30P140)
   0.0189    4.7207 v d2fpn/_124_/ZN (OAI21D0BWP30P140)
   0.0241    4.7448 ^ d2fpn/_129_/ZN (AOI211D0BWP30P140)
   0.0728    4.8176 v d2fpn/_146_/ZN (OAI221D0BWP30P140)
   0.0570    4.8746 ^ d2fpn/_153_/ZN (NR2D0BWP30P140)
   0.0257    4.9003 ^ accAdder/_461_/ZN (XNR2UD0BWP30P140)
   0.0293    4.9296 ^ accAdder/_462_/Z (AO21D0BWP30P140)
   0.0165    4.9461 v accAdder/_465_/ZN (AOI211D0BWP30P140)
   0.0332    4.9793 ^ accAdder/_467_/ZN (OAI31D0BWP30P140)
   0.0299    5.0092 v accAdder/_470_/ZN (OAI211D0BWP30P140)
   0.0294    5.0385 ^ accAdder/_492_/ZN (AOI21D0BWP30P140)
   0.0467    5.0853 v accAdder/_494_/ZN (OAI211D0BWP30P140)
   0.0876    5.1728 v accAdder/_518_/ZN (MUX2ND0BWP30P140)
   0.0860    5.2588 ^ accAdder/_543_/ZN (AOI31D0BWP30P140)
   0.0611    5.3199 v accAdder/_549_/ZN (ND3D0BWP30P140)
   0.0399    5.3598 v accAdder/_566_/Z (OA21D0BWP30P140)
   0.0311    5.3909 ^ accAdder/_589_/ZN (MUX3ND0BWP30P140)
   0.0331    5.4240 v accAdder/_677_/ZN (AOI221D0BWP30P140)
   0.0251    5.4491 ^ accAdder/_678_/ZN (ND3D0BWP30P140)
   0.0175    5.4666 v accAdder/_680_/ZN (OAI21D0BWP30P140)
   0.0236    5.4902 ^ accAdder/_681_/ZN (AOI21D0BWP30P140)
   0.0255    5.5157 v accAdder/_682_/ZN (MAOI222D0BWP30P140)
   0.0329    5.5486 ^ accAdder/_684_/ZN (MAOI222D0BWP30P140)
   0.0301    5.5787 v accAdder/_686_/ZN (MAOI222D0BWP30P140)
   0.0324    5.6110 ^ accAdder/_687_/ZN (AOI211D0BWP30P140)
   0.0238    5.6349 v accAdder/_688_/ZN (OAI32D0BWP30P140)
   0.0302    5.6651 ^ accAdder/_698_/ZN (AOI211D0BWP30P140)
   0.0230    5.6881 ^ accAdder/_700_/Z (OR2D0BWP30P140)
   0.1489    5.8370 v accAdder/_751_/ZN (AOI31D0BWP30P140)
   0.0882    5.9252 v accAdder/_791_/ZN (MUX4ND0BWP30P140)
   0.0430    5.9682 ^ accAdder/_792_/ZN (NR4D0BWP30P140)
   0.0345    6.0027 v accAdder/_798_/ZN (IND4D0BWP30P140)
   0.0296    6.0323 ^ accAdder/_801_/ZN (NR3D0BWP30P140)
   0.0291    6.0614 v accAdder/_803_/ZN (IND3D0BWP30P140)
   0.0406    6.1020 ^ accAdder/_805_/ZN (MAOI222D0BWP30P140)
   0.0426    6.1447 v accAdder/_810_/ZN (IND4D0BWP30P140)
   0.0444    6.1891 ^ accAdder/_820_/ZN (AOI211D0BWP30P140)
   0.0333    6.2224 ^ accAdder/_821_/Z (AN3D0BWP30P140)
   0.0241    6.2465 ^ accAdder/_828_/ZN (MAOI22D0BWP30P140)
   0.0569    6.3034 v accAdder/_855_/ZN (OAI31D0BWP30P140)
   0.0427    6.3461 ^ accAdder/_877_/ZN (INR4D0BWP30P140)
   0.0262    6.3723 ^ _32_/Z (AO22D0BWP30P140)
   0.0000    6.3723 ^ _42_/D (DFCNQD1BWP30P140)
             6.3723   data arrival time

   2.0000    2.0000   clock CORE_CLK (rise edge)
   0.0000    2.0000   clock network delay (ideal)
  -0.0500    1.9500   clock uncertainty
   0.0000    1.9500   clock reconvergence pessimism
             1.9500 ^ _42_/CP (DFCNQD1BWP30P140)
  -0.0170    1.9330   library setup time
             1.9330   data required time
-------------------------------------------------------------
             1.9330   data required time
            -6.3723   data arrival time
-------------------------------------------------------------
            -4.4394   slack (VIOLATED)


