
6. Printing statistics.

=== BFP_PE ===

        +----------Local Count, excluding submodules.
        |        +-Local Area, excluding submodules.
        |        | 
      189        - wires
     1531        - wire bits
      155        - public wires
     1497        - public wire bits
       10        - ports
      277        - port bits
       67   99.918 cells
       32   24.192   AO22D0BWP30P140
       33   74.844   DFCNQD1BWP30P140
        1    0.504   INR2D0BWP30P140
        1    0.378   NR2D0BWP30P140
       49        - submodules
       15        -   CustomFPAdder_exp7_mant21
       16        -   CustomOperator_E4M3_to_E3M2
        1        -   FP32Adder
       16        -   ScaleAddition_E4M3_to_E3M2_scale_UE2M6
        1        -   ScaleToFP32_E4M3_x_E3M2_UE2M6

   Chip area for module '\BFP_PE': 99.918000
     of which used for sequential elements: 74.844000 (74.91%)

=== FP32Adder ===

        +----------Local Count, excluding submodules.
        |        +-Local Area, excluding submodules.
        |        | 
      872        - wires
     1037        - wire bits
        6        - public wires
      171        - public wire bits
        3        - ports
       96        - port bits
      898  554.904 cells
       18    9.072   AN2D0BWP30P140
        5     3.15   AN3D0BWP30P140
        4    3.024   AN4D0BWP30P140
        2    1.512   AO211D0BWP30P140
       13     8.19   AO21D0BWP30P140
        4    3.024   AO22D0BWP30P140
       10      6.3   AOI211D0BWP30P140
       52   26.208   AOI21D0BWP30P140
       10     7.56   AOI221D0BWP30P140
        2    2.016   AOI222D0BWP30P140
       32    20.16   AOI22D0BWP30P140
        2     1.26   AOI31D0BWP30P140
       19   16.758   CKMUX2D0BWP30P140
       65    16.38   CKND0BWP30P140
       72   27.216   CKND2D0BWP30P140
        6     3.78   IAO21D0BWP30P140
       20    10.08   IND2D0BWP30P140
        1     0.63   IND3D0BWP30P140
        2    1.512   IND4D0BWP30P140
       21   10.584   INR2D0BWP30P140
        8     5.04   INR3D0BWP30P140
        3    2.268   INR4D0BWP30P140
        7     4.41   IOA21D0BWP30P140
       30    22.68   MAOI222D0BWP30P140
       15    11.34   MAOI22D0BWP30P140
        4    3.024   MOAI22D0BWP30P140
      114   86.184   MUX2ND0BWP30P140
        1    1.764   MUX3D0BWP30P140
        1    1.638   MUX3ND0BWP30P140
        2    4.788   MUX4D0BWP30P140
       16   36.288   MUX4ND0BWP30P140
       14    7.056   ND3D0BWP30P140
        5     3.15   ND4D0BWP30P140
       99   37.422   NR2D0BWP30P140
       35    17.64   NR3D0BWP30P140
        8     5.04   NR4D0BWP30P140
        2    1.512   OA211D0BWP30P140
        6     3.78   OA21D0BWP30P140
        1    0.882   OA22D0BWP30P140
       13     8.19   OAI211D0BWP30P140
       41   20.664   OAI21D0BWP30P140
        1    0.882   OAI221D0BWP30P140
        1    1.008   OAI222D0BWP30P140
       10      6.3   OAI22D0BWP30P140
        6     3.78   OAI31D0BWP30P140
        3    2.268   OAI32D0BWP30P140
        1    0.882   OAI33D0BWP30P140
        6    3.024   OR2D0BWP30P140
        8     5.04   OR3D0BWP30P140
        2    1.512   OR4D0BWP30P140
       51   44.982   XNR2UD0BWP30P140
        1    1.764   XNR3UD0BWP30P140
       23   20.286   XOR2UD0BWP30P140

   Chip area for module '\FP32Adder': 554.904000
     of which used for sequential elements: 0.000000 (0.00%)

=== ScaleToFP32_E4M3_x_E3M2_UE2M6 ===

        +----------Local Count, excluding submodules.
        |        +-Local Area, excluding submodules.
        |        | 
      152        - wires
      209        - wire bits
        4        - public wires
       61        - public wire bits
        4        - ports
       61        - port bits
      177  102.816 cells
        7    3.528   AN2D0BWP30P140
        1     0.63   AN3D0BWP30P140
        1    0.756   AO211D0BWP30P140
        2     1.26   AO21D0BWP30P140
        4     2.52   AOI211D0BWP30P140
       12    6.048   AOI21D0BWP30P140
        2    1.512   AOI221D0BWP30P140
        1     0.63   AOI31D0BWP30P140
       14   12.348   CKMUX2D0BWP30P140
       12    3.024   CKND0BWP30P140
        9    3.402   CKND2D0BWP30P140
        2     1.26   IAO21D0BWP30P140
        4    2.016   IND2D0BWP30P140
        1     0.63   IND3D0BWP30P140
        4    2.016   INR2D0BWP30P140
        1     0.63   IOA21D0BWP30P140
        1    0.756   MAOI222D0BWP30P140
       30    22.68   MUX2ND0BWP30P140
        1    0.504   ND3D0BWP30P140
        1     0.63   ND4D0BWP30P140
       23    8.694   NR2D0BWP30P140
       11    5.544   NR3D0BWP30P140
        4     2.52   NR4D0BWP30P140
        1     0.63   OA21D0BWP30P140
        1     0.63   OAI211D0BWP30P140
        8    4.032   OAI21D0BWP30P140
        1    1.008   OAI222D0BWP30P140
        2     1.26   OAI22D0BWP30P140
        3     1.89   OAI31D0BWP30P140
        3    1.512   OR2D0BWP30P140
        1     0.63   OR3D0BWP30P140
        2    1.512   OR4D0BWP30P140
        4    3.528   XNR2UD0BWP30P140
        3    2.646   XOR2UD0BWP30P140

   Chip area for module '\ScaleToFP32_E4M3_x_E3M2_UE2M6': 102.816000
     of which used for sequential elements: 0.000000 (0.00%)

=== CustomFPAdder_exp7_mant21 ===

        +----------Local Count, excluding submodules.
        |        +-Local Area, excluding submodules.
        |        | 
      606        - wires
      707        - wire bits
       10        - public wires
      111        - public wire bits
        9        - ports
       87        - port bits
      625  403.956 cells
       16    8.064   AN2D0BWP30P140
        3     1.89   AN3D0BWP30P140
        1    0.756   AO211D0BWP30P140
        4     2.52   AO21D0BWP30P140
        1    0.756   AO22D0BWP30P140
        7     4.41   AOI211D0BWP30P140
       27   13.608   AOI21D0BWP30P140
        9    6.804   AOI221D0BWP30P140
        8     5.04   AOI22D0BWP30P140
       13     8.19   AOI31D0BWP30P140
        1    0.756   AOI32D0BWP30P140
       23   20.286   CKMUX2D0BWP30P140
       50     12.6   CKND0BWP30P140
       34   12.852   CKND2D0BWP30P140
        7     4.41   IAO21D0BWP30P140
       24   12.096   IND2D0BWP30P140
        2     1.26   IND3D0BWP30P140
        1    0.756   IND4D0BWP30P140
       24   12.096   INR2D0BWP30P140
        3     1.89   INR3D0BWP30P140
        2    1.512   INR4D0BWP30P140
        7    5.292   MAOI222D0BWP30P140
        8    6.048   MAOI22D0BWP30P140
        1    0.756   MOAI22D0BWP30P140
       73   55.188   MUX2ND0BWP30P140
        1    1.638   MUX3ND0BWP30P140
        1    2.394   MUX4D0BWP30P140
       19   43.092   MUX4ND0BWP30P140
        9    4.536   ND3D0BWP30P140
        5     3.15   ND4D0BWP30P140
       53   20.034   NR2D0BWP30P140
       18    9.072   NR3D0BWP30P140
        6     3.78   NR4D0BWP30P140
        3    2.268   OA211D0BWP30P140
        4     2.52   OA21D0BWP30P140
        2    1.764   OA22D0BWP30P140
       14     8.82   OAI211D0BWP30P140
       32   16.128   OAI21D0BWP30P140
        2    1.764   OAI221D0BWP30P140
       12     7.56   OAI22D0BWP30P140
        9     5.67   OAI31D0BWP30P140
        4    3.024   OAI32D0BWP30P140
       13    6.552   OR2D0BWP30P140
        1     0.63   OR3D0BWP30P140
        2    1.512   OR4D0BWP30P140
       45    39.69   XNR2UD0BWP30P140
       21   18.522   XOR2UD0BWP30P140

   Chip area for module '\CustomFPAdder_exp7_mant21': 403.956000
     of which used for sequential elements: 0.000000 (0.00%)

=== ScaleAddition_E4M3_to_E3M2_scale_UE2M6 ===

        +----------Local Count, excluding submodules.
        |        +-Local Area, excluding submodules.
        |        | 
      592        - wires
      643        - wire bits
        8        - public wires
       59        - public wire bits
        8        - ports
       59        - port bits
      612  453.852 cells
       26   13.104   AN2D0BWP30P140
        3     1.89   AN3D0BWP30P140
        5     3.78   AN4D0BWP30P140
        6     3.78   AO21D0BWP30P140
        6    4.536   AO22D0BWP30P140
       12    6.048   AOI21D0BWP30P140
        8     5.04   AOI22D0BWP30P140
        7     4.41   AOI31D0BWP30P140
        2    1.512   AOI32D0BWP30P140
       18    4.536   CKND0BWP30P140
      121   45.738   CKND2D0BWP30P140
        4     2.52   IAO21D0BWP30P140
       16    8.064   IND2D0BWP30P140
        1     0.63   IND3D0BWP30P140
        2    1.512   IND4D0BWP30P140
       17    8.568   INR2D0BWP30P140
        1     0.63   INR3D0BWP30P140
        2     1.26   IOA21D0BWP30P140
       66   49.896   MAOI222D0BWP30P140
        3    2.268   MAOI22D0BWP30P140
        1    0.756   MOAI22D0BWP30P140
        9    4.536   ND3D0BWP30P140
        4     2.52   ND4D0BWP30P140
       33   12.474   NR2D0BWP30P140
        4    2.016   NR3D0BWP30P140
        3     1.89   NR4D0BWP30P140
        5     3.15   OA21D0BWP30P140
        3     1.89   OAI211D0BWP30P140
       15     7.56   OAI21D0BWP30P140
        4     2.52   OAI22D0BWP30P140
        3     1.89   OAI31D0BWP30P140
       13    6.552   OR2D0BWP30P140
       80    70.56   XNR2UD0BWP30P140
       34   59.976   XNR3UD0BWP30P140
       11   29.106   XNR4D0BWP30P140
       45    39.69   XOR2UD0BWP30P140
       15    26.46   XOR3UD0BWP30P140
        4   10.584   XOR4D0BWP30P140

   Chip area for module '\ScaleAddition_E4M3_to_E3M2_scale_UE2M6': 453.852000
     of which used for sequential elements: 0.000000 (0.00%)

=== CustomOperator_E4M3_to_E3M2 ===

        +----------Local Count, excluding submodules.
        |        +-Local Area, excluding submodules.
        |        | 
       51        - wires
       74        - wire bits
        5        - public wires
       28        - public wire bits
        5        - ports
       28        - port bits
       59    40.95 cells
        2    1.008   AN2D0BWP30P140
        1     0.63   AN3D0BWP30P140
        1    0.756   AN4D0BWP30P140
        2    1.008   AOI21D0BWP30P140
        1     0.63   AOI22D0BWP30P140
        1     0.63   AOI31D0BWP30P140
        2    0.504   CKND0BWP30P140
        8    3.024   CKND2D0BWP30P140
        1    0.504   INR2D0BWP30P140
        6    4.536   MAOI222D0BWP30P140
        1    0.756   MOAI22D0BWP30P140
        1    0.504   ND3D0BWP30P140
        4    1.512   NR2D0BWP30P140
        1    0.504   NR3D0BWP30P140
        1     0.63   NR4D0BWP30P140
        1    0.504   OAI21D0BWP30P140
        2     1.26   OAI22D0BWP30P140
        2     1.26   OAI31D0BWP30P140
        2    1.008   OR2D0BWP30P140
        1     0.63   OR3D0BWP30P140
        2    1.512   OR4D0BWP30P140
        3    2.646   XNR2UD0BWP30P140
        1    1.764   XNR3UD0BWP30P140
        9    7.938   XOR2UD0BWP30P140
        3    5.292   XOR3UD0BWP30P140

   Chip area for module '\CustomOperator_E4M3_to_E3M2': 40.950000
     of which used for sequential elements: 0.000000 (0.00%)

=== design hierarchy ===

        +----------Count including submodules.
        |        +-Area including submodules.
        |        | 
    21253 1.47E+04 BFP_PE
      625  403.956 CustomFPAdder_exp7_mant21
       59    40.95 CustomOperator_E4M3_to_E3M2
      898  554.904 FP32Adder
      612  453.852 ScaleAddition_E4M3_to_E3M2_scale_UE2M6
      177  102.816 ScaleToFP32_E4M3_x_E3M2_UE2M6

        +----------Count including submodules.
        |        +-Area including submodules.
        |        | 
    20591        - wires
    24854        - wire bits
      523        - public wires
     4786        - public wire bits
      360        - ports
     3131        - port bits
        -        - memories
        -        - memory bits
        -        - processes
    21253 1.47E+04 cells
      713  359.352   AN2D0BWP30P140
      115    72.45   AN3D0BWP30P140
      100     75.6   AN4D0BWP30P140
       18   13.608   AO211D0BWP30P140
      171   107.73   AO21D0BWP30P140
      147  111.132   AO22D0BWP30P140
      119    74.97   AOI211D0BWP30P140
      693  349.272   AOI21D0BWP30P140
      147  111.132   AOI221D0BWP30P140
        2    2.016   AOI222D0BWP30P140
      296   186.48   AOI22D0BWP30P140
      326   205.38   AOI31D0BWP30P140
       47   35.532   AOI32D0BWP30P140
      378  333.396   CKMUX2D0BWP30P140
     1147  289.044   CKND0BWP30P140
     2655  1003.59   CKND2D0BWP30P140
       33   74.844   DFCNQD1BWP30P140
      177   111.51   IAO21D0BWP30P140
      640   322.56   IND2D0BWP30P140
       48    30.24   IND3D0BWP30P140
       49   37.044   IND4D0BWP30P140
      674  339.696   INR2D0BWP30P140
       69    43.47   INR3D0BWP30P140
       33   24.948   INR4D0BWP30P140
       40     25.2   IOA21D0BWP30P140
     1288  973.728   MAOI222D0BWP30P140
      183  138.348   MAOI22D0BWP30P140
       51   38.556   MOAI22D0BWP30P140
     1239  936.684   MUX2ND0BWP30P140
        1    1.764   MUX3D0BWP30P140
       16   26.208   MUX3ND0BWP30P140
       17   40.698   MUX4D0BWP30P140
      301  682.668   MUX4ND0BWP30P140
      310   156.24   ND3D0BWP30P140
      145    91.35   ND4D0BWP30P140
     1510   570.78   NR2D0BWP30P140
      396  199.584   NR3D0BWP30P140
      166   104.58   NR4D0BWP30P140
       47   35.532   OA211D0BWP30P140
      147    92.61   OA21D0BWP30P140
       31   27.342   OA22D0BWP30P140
      272   171.36   OAI211D0BWP30P140
      785   395.64   OAI21D0BWP30P140
       31   27.342   OAI221D0BWP30P140
        2    2.016   OAI222D0BWP30P140
      288   181.44   OAI22D0BWP30P140
      224   141.12   OAI31D0BWP30P140
       63   47.628   OAI32D0BWP30P140
        1    0.882   OAI33D0BWP30P140
      444  223.776   OR2D0BWP30P140
       40     25.2   OR3D0BWP30P140
       66   49.896   OR4D0BWP30P140
     2058 1.82E+03   XNR2UD0BWP30P140
      561  989.604   XNR3UD0BWP30P140
      176  465.696   XNR4D0BWP30P140
     1205  1062.81   XOR2UD0BWP30P140
      288  508.032   XOR3UD0BWP30P140
       64  169.344   XOR4D0BWP30P140
       49 1.46E+04 submodules
       15  6059.34   CustomFPAdder_exp7_mant21
       16    655.2   CustomOperator_E4M3_to_E3M2
        1  554.904   FP32Adder
       16 7.26E+03   ScaleAddition_E4M3_to_E3M2_scale_UE2M6
        1  102.816   ScaleToFP32_E4M3_x_E3M2_UE2M6

   Chip area for top module '\BFP_PE': 14733.810000
     of which used for sequential elements: 74.844000 (0.51%)

