
6. Printing statistics.

=== BFP_PE ===

        +----------Local Count, excluding submodules.
        |        +-Local Area, excluding submodules.
        |        | 
      302        - wires
     4184        - wire bits
      268        - public wires
     4150        - public wire bits
       10        - ports
      501        - port bits
       67   99.918 cells
       32   24.192   AO22D0BWP30P140
       33   74.844   DFCNQD1BWP30P140
        1    0.504   INR2D0BWP30P140
        1    0.378   NR2D0BWP30P140
      128        - submodules
       32        -   CustomOperator_INT8_to_E3M2
       32        -   FP32Adder
       32        -   ScaleAddition_INT8_to_E3M2_scale_UE2M6
       32        -   ScaleToFP32_INT8_x_E3M2_UE2M6

   Chip area for module '\BFP_PE': 99.918000
     of which used for sequential elements: 74.844000 (74.91%)

=== FP32Adder ===

        +----------Local Count, excluding submodules.
        |        +-Local Area, excluding submodules.
        |        | 
      872        - wires
     1037        - wire bits
        6        - public wires
      171        - public wire bits
        3        - ports
       96        - port bits
      898  554.904 cells
       18    9.072   AN2D0BWP30P140
        5     3.15   AN3D0BWP30P140
        4    3.024   AN4D0BWP30P140
        2    1.512   AO211D0BWP30P140
       13     8.19   AO21D0BWP30P140
        4    3.024   AO22D0BWP30P140
       10      6.3   AOI211D0BWP30P140
       52   26.208   AOI21D0BWP30P140
       10     7.56   AOI221D0BWP30P140
        2    2.016   AOI222D0BWP30P140
       32    20.16   AOI22D0BWP30P140
        2     1.26   AOI31D0BWP30P140
       19   16.758   CKMUX2D0BWP30P140
       65    16.38   CKND0BWP30P140
       72   27.216   CKND2D0BWP30P140
        6     3.78   IAO21D0BWP30P140
       20    10.08   IND2D0BWP30P140
        1     0.63   IND3D0BWP30P140
        2    1.512   IND4D0BWP30P140
       21   10.584   INR2D0BWP30P140
        8     5.04   INR3D0BWP30P140
        3    2.268   INR4D0BWP30P140
        7     4.41   IOA21D0BWP30P140
       30    22.68   MAOI222D0BWP30P140
       15    11.34   MAOI22D0BWP30P140
        4    3.024   MOAI22D0BWP30P140
      114   86.184   MUX2ND0BWP30P140
        1    1.764   MUX3D0BWP30P140
        1    1.638   MUX3ND0BWP30P140
        2    4.788   MUX4D0BWP30P140
       16   36.288   MUX4ND0BWP30P140
       14    7.056   ND3D0BWP30P140
        5     3.15   ND4D0BWP30P140
       99   37.422   NR2D0BWP30P140
       35    17.64   NR3D0BWP30P140
        8     5.04   NR4D0BWP30P140
        2    1.512   OA211D0BWP30P140
        6     3.78   OA21D0BWP30P140
        1    0.882   OA22D0BWP30P140
       13     8.19   OAI211D0BWP30P140
       41   20.664   OAI21D0BWP30P140
        1    0.882   OAI221D0BWP30P140
        1    1.008   OAI222D0BWP30P140
       10      6.3   OAI22D0BWP30P140
        6     3.78   OAI31D0BWP30P140
        3    2.268   OAI32D0BWP30P140
        1    0.882   OAI33D0BWP30P140
        6    3.024   OR2D0BWP30P140
        8     5.04   OR3D0BWP30P140
        2    1.512   OR4D0BWP30P140
       51   44.982   XNR2UD0BWP30P140
        1    1.764   XNR3UD0BWP30P140
       23   20.286   XOR2UD0BWP30P140

   Chip area for module '\FP32Adder': 554.904000
     of which used for sequential elements: 0.000000 (0.00%)

=== ScaleToFP32_INT8_x_E3M2_UE2M6 ===

        +----------Local Count, excluding submodules.
        |        +-Local Area, excluding submodules.
        |        | 
      154        - wires
      214        - wire bits
        4        - public wires
       64        - public wire bits
        4        - ports
       64        - port bits
      182  111.384 cells
       10     5.04   AN2D0BWP30P140
        2     1.26   AO21D0BWP30P140
        3     1.89   AOI211D0BWP30P140
        6    3.024   AOI21D0BWP30P140
        3    2.268   AOI221D0BWP30P140
        1     0.63   AOI22D0BWP30P140
        2     1.26   AOI31D0BWP30P140
       20    17.64   CKMUX2D0BWP30P140
        5     1.26   CKND0BWP30P140
       13    4.914   CKND2D0BWP30P140
        9     5.67   IAO21D0BWP30P140
        3    1.512   IND2D0BWP30P140
        4    2.016   INR2D0BWP30P140
        2     1.26   INR3D0BWP30P140
        3     1.89   IOA21D0BWP30P140
        2    1.512   MAOI22D0BWP30P140
        1    0.756   MOAI22D0BWP30P140
       35    26.46   MUX2ND0BWP30P140
        3    1.512   ND3D0BWP30P140
       20     7.56   NR2D0BWP30P140
        8    4.032   NR3D0BWP30P140
        3     1.89   NR4D0BWP30P140
        2     1.26   OA21D0BWP30P140
        2     1.26   OAI211D0BWP30P140
        6    3.024   OAI21D0BWP30P140
        1    0.882   OAI221D0BWP30P140
        1     0.63   OAI22D0BWP30P140
        1     0.63   OAI31D0BWP30P140
        3    1.512   OR2D0BWP30P140
        1    0.756   OR4D0BWP30P140
        4    3.528   XNR2UD0BWP30P140
        3    2.646   XOR2UD0BWP30P140

   Chip area for module '\ScaleToFP32_INT8_x_E3M2_UE2M6': 111.384000
     of which used for sequential elements: 0.000000 (0.00%)

=== ScaleAddition_INT8_to_E3M2_scale_UE2M6 ===

        +----------Local Count, excluding submodules.
        |        +-Local Area, excluding submodules.
        |        | 
      773        - wires
      830        - wire bits
        8        - public wires
       65        - public wire bits
        8        - ports
       65        - port bits
      796  561.456 cells
       24   12.096   AN2D0BWP30P140
        9     5.67   AN3D0BWP30P140
        1    0.756   AO211D0BWP30P140
        2     1.26   AO21D0BWP30P140
        1    0.756   AO22D0BWP30P140
        1     0.63   AOI211D0BWP30P140
       20    10.08   AOI21D0BWP30P140
        1    0.756   AOI221D0BWP30P140
        9     5.67   AOI22D0BWP30P140
       10      6.3   AOI31D0BWP30P140
        2    1.512   AOI32D0BWP30P140
       32    8.064   CKND0BWP30P140
      174   65.772   CKND2D0BWP30P140
        4     2.52   IAO21D0BWP30P140
       23   11.592   IND2D0BWP30P140
        2     1.26   IND3D0BWP30P140
        2    1.512   IND4D0BWP30P140
       21   10.584   INR2D0BWP30P140
        2     1.26   INR3D0BWP30P140
        1     0.63   IOA21D0BWP30P140
       98   74.088   MAOI222D0BWP30P140
        1    0.756   MOAI22D0BWP30P140
        6    3.024   ND3D0BWP30P140
        1     0.63   ND4D0BWP30P140
       51   19.278   NR2D0BWP30P140
        2    1.008   NR3D0BWP30P140
        1    0.756   OA211D0BWP30P140
        1     0.63   OA21D0BWP30P140
       13    6.552   OAI21D0BWP30P140
        4     2.52   OAI22D0BWP30P140
        4     2.52   OAI31D0BWP30P140
        8    4.032   OR2D0BWP30P140
        1     0.63   OR3D0BWP30P140
      122  107.604   XNR2UD0BWP30P140
       48   84.672   XNR3UD0BWP30P140
        4   10.584   XNR4D0BWP30P140
       74   65.268   XOR2UD0BWP30P140
       16   28.224   XOR3UD0BWP30P140

   Chip area for module '\ScaleAddition_INT8_to_E3M2_scale_UE2M6': 561.456000
     of which used for sequential elements: 0.000000 (0.00%)

=== CustomOperator_INT8_to_E3M2 ===

        +----------Local Count, excluding submodules.
        |        +-Local Area, excluding submodules.
        |        | 
       62        - wires
       95        - wire bits
        7        - public wires
       40        - public wire bits
        5        - ports
       31        - port bits
       68   44.604 cells
        7    3.528   AN2D0BWP30P140
        1     0.63   AN3D0BWP30P140
        3    1.512   AOI21D0BWP30P140
        1     0.63   AOI22D0BWP30P140
        3    0.756   CKND0BWP30P140
       12    4.536   CKND2D0BWP30P140
        1     0.63   IAO21D0BWP30P140
        1    0.504   IND2D0BWP30P140
        1    0.504   INR2D0BWP30P140
        2     1.26   IOA21D0BWP30P140
        8    6.048   MAOI222D0BWP30P140
        1    0.504   ND3D0BWP30P140
        2    0.756   NR2D0BWP30P140
        1    0.756   OA211D0BWP30P140
        1    0.504   OAI21D0BWP30P140
        1     0.63   OAI22D0BWP30P140
        1     0.63   OAI31D0BWP30P140
       16   14.112   XNR2UD0BWP30P140
        1    1.764   XNR3UD0BWP30P140
        3    2.646   XOR2UD0BWP30P140
        1    1.764   XOR3UD0BWP30P140

   Chip area for module '\CustomOperator_INT8_to_E3M2': 44.604000
     of which used for sequential elements: 0.000000 (0.00%)

=== design hierarchy ===

        +----------Count including submodules.
        |        +-Area including submodules.
        |        | 
    62275 4.08E+04 BFP_PE
       68   44.604 CustomOperator_INT8_to_E3M2
      898  554.904 FP32Adder
      796  561.456 ScaleAddition_INT8_to_E3M2_scale_UE2M6
      182  111.384 ScaleToFP32_INT8_x_E3M2_UE2M6

        +----------Count including submodules.
        |        +-Area including submodules.
        |        | 
    59854        - wires
    73816        - wire bits
     1068        - public wires
    15030        - public wire bits
      650        - ports
     8693        - port bits
        -        - memories
        -        - memory bits
        -        - processes
    62275 4.08E+04 cells
     1888  951.552   AN2D0BWP30P140
      480    302.4   AN3D0BWP30P140
      128   96.768   AN4D0BWP30P140
       96   72.576   AO211D0BWP30P140
      544   342.72   AO21D0BWP30P140
      192  145.152   AO22D0BWP30P140
      448   282.24   AOI211D0BWP30P140
     2592 1.31E+03   AOI21D0BWP30P140
      448  338.688   AOI221D0BWP30P140
       64   64.512   AOI222D0BWP30P140
     1376   866.88   AOI22D0BWP30P140
      448   282.24   AOI31D0BWP30P140
       64   48.384   AOI32D0BWP30P140
     1248  1.1E+03   CKMUX2D0BWP30P140
     3360   846.72   CKND0BWP30P140
     8672 3.28E+03   CKND2D0BWP30P140
       33   74.844   DFCNQD1BWP30P140
      640    403.2   IAO21D0BWP30P140
     1504  758.016   IND2D0BWP30P140
       96    60.48   IND3D0BWP30P140
      128   96.768   IND4D0BWP30P140
     1505   758.52   INR2D0BWP30P140
      384   241.92   INR3D0BWP30P140
       96   72.576   INR4D0BWP30P140
      416   262.08   IOA21D0BWP30P140
     4352 3.29E+03   MAOI222D0BWP30P140
      544  411.264   MAOI22D0BWP30P140
      192  145.152   MOAI22D0BWP30P140
     4768  3.6E+03   MUX2ND0BWP30P140
       32   56.448   MUX3D0BWP30P140
       32   52.416   MUX3ND0BWP30P140
       64  153.216   MUX4D0BWP30P140
      512 1.16E+03   MUX4ND0BWP30P140
      768  387.072   ND3D0BWP30P140
      192   120.96   ND4D0BWP30P140
     5505  2080.89   NR2D0BWP30P140
     1440   725.76   NR3D0BWP30P140
      352   221.76   NR4D0BWP30P140
      128   96.768   OA211D0BWP30P140
      288   181.44   OA21D0BWP30P140
       32   28.224   OA22D0BWP30P140
      480    302.4   OAI211D0BWP30P140
     1952  983.808   OAI21D0BWP30P140
       64   56.448   OAI221D0BWP30P140
       32   32.256   OAI222D0BWP30P140
      512   322.56   OAI22D0BWP30P140
      384   241.92   OAI31D0BWP30P140
       96   72.576   OAI32D0BWP30P140
       32   28.224   OAI33D0BWP30P140
      544  274.176   OR2D0BWP30P140
      288   181.44   OR3D0BWP30P140
       96   72.576   OR4D0BWP30P140
     6176 5.45E+03   XNR2UD0BWP30P140
     1600   2822.4   XNR3UD0BWP30P140
      128  338.688   XNR4D0BWP30P140
     3296 2.91E+03   XOR2UD0BWP30P140
      544  959.616   XOR3UD0BWP30P140
      128 4.07E+04 submodules
       32 1.43E+03   CustomOperator_INT8_to_E3M2
       32 1.78E+04   FP32Adder
       32  1.8E+04   ScaleAddition_INT8_to_E3M2_scale_UE2M6
       32 3.56E+03   ScaleToFP32_INT8_x_E3M2_UE2M6

   Chip area for top module '\BFP_PE': 40815.054000
     of which used for sequential elements: 74.844000 (0.18%)

