
===========================================================================
report_checks -unconstrained
===========================================================================
======================= Typical Corner ===================================

Startpoint: io_inScaleA[7] (input port clocked by clock)
Endpoint: accumulator._2375_ (rising edge-triggered flip-flop clocked by clock)
Path Group: clock
Path Type: max

Fanout     Cap    Slew   Delay    Time   Description
-----------------------------------------------------------------------------
                          0.00    0.00   clock clock (rise edge)
                          0.00    0.00   clock network delay (propagated)
                          5.00    5.00 v input external delay
     1    0.01    0.01    0.01    5.01 v io_inScaleA[7] (in)
                                         io_inScaleA[7] (net)
                  0.01    0.00    5.01 v input16/A (sky130_fd_sc_hd__clkbuf_2)
     5    0.02    0.07    0.13    5.14 v input16/X (sky130_fd_sc_hd__clkbuf_2)
                                         net16 (net)
                  0.07    0.00    5.14 v scaleAdd._280_/A1 (sky130_fd_sc_hd__o31a_1)
     3    0.01    0.07    0.34    5.48 v scaleAdd._280_/X (sky130_fd_sc_hd__o31a_1)
                                         scaleAdd._222_ (net)
                  0.07    0.00    5.48 v scaleAdd._282_/A2 (sky130_fd_sc_hd__a21o_1)
     3    0.01    0.08    0.24    5.72 v scaleAdd._282_/X (sky130_fd_sc_hd__a21o_1)
                                         scaleAdd._224_ (net)
                  0.08    0.00    5.72 v scaleAdd._284_/A1 (sky130_fd_sc_hd__a21oi_4)
     3    0.02    0.16    0.19    5.91 ^ scaleAdd._284_/Y (sky130_fd_sc_hd__a21oi_4)
                                         scaleAdd._226_ (net)
                  0.16    0.00    5.91 ^ scaleAdd._287_/A (sky130_fd_sc_hd__xnor2_2)
     1    0.01    0.19    0.16    6.08 ^ scaleAdd._287_/Y (sky130_fd_sc_hd__xnor2_2)
                                         scaleAdd._229_ (net)
                  0.19    0.00    6.08 ^ scaleAdd._288_/A (sky130_fd_sc_hd__xnor2_2)
     3    0.02    0.10    0.14    6.22 v scaleAdd._288_/Y (sky130_fd_sc_hd__xnor2_2)
                                         scaleAdd._230_ (net)
                  0.10    0.00    6.22 v scaleAdd._346_/A2 (sky130_fd_sc_hd__a21o_1)
     1    0.01    0.05    0.22    6.44 v scaleAdd._346_/X (sky130_fd_sc_hd__a21o_1)
                                         scaleAdd._052_ (net)
                  0.05    0.00    6.44 v scaleAdd._348_/A2 (sky130_fd_sc_hd__a21o_4)
     2    0.03    0.06    0.26    6.70 v scaleAdd._348_/X (sky130_fd_sc_hd__a21o_4)
                                         scaleAdd._054_ (net)
                  0.06    0.00    6.70 v scaleAdd._349_/A (sky130_fd_sc_hd__xor2_4)
     5    0.01    0.08    0.20    6.90 v scaleAdd._349_/X (sky130_fd_sc_hd__xor2_4)
                                         scaleAdd._055_ (net)
                  0.08    0.00    6.90 v scaleAdd._351_/A1 (sky130_fd_sc_hd__a21o_1)
     2    0.01    0.05    0.19    7.09 v scaleAdd._351_/X (sky130_fd_sc_hd__a21o_1)
                                         scaleAdd._057_ (net)
                  0.05    0.00    7.09 v scaleAdd._353_/A (sky130_fd_sc_hd__and3_1)
     3    0.01    0.06    0.17    7.26 v scaleAdd._353_/X (sky130_fd_sc_hd__and3_1)
                                         scaleAdd._059_ (net)
                  0.06    0.00    7.26 v scaleAdd._355_/B (sky130_fd_sc_hd__or3_4)
     3    0.01    0.07    0.39    7.66 v scaleAdd._355_/X (sky130_fd_sc_hd__or3_4)
                                         scaleAdd._061_ (net)
                  0.07    0.00    7.66 v scaleAdd._359_/A1 (sky130_fd_sc_hd__a21o_1)
     2    0.01    0.05    0.18    7.84 v scaleAdd._359_/X (sky130_fd_sc_hd__a21o_1)
                                         scaleAdd._065_ (net)
                  0.05    0.00    7.84 v scaleAdd._383_/A2 (sky130_fd_sc_hd__a21o_1)
     2    0.01    0.04    0.19    8.03 v scaleAdd._383_/X (sky130_fd_sc_hd__a21o_1)
                                         scaleAdd._088_ (net)
                  0.04    0.00    8.03 v scaleAdd._399_/A1 (sky130_fd_sc_hd__a21o_1)
     2    0.01    0.07    0.19    8.22 v scaleAdd._399_/X (sky130_fd_sc_hd__a21o_1)
                                         scaleAdd._103_ (net)
                  0.07    0.00    8.22 v scaleAdd._417_/A1 (sky130_fd_sc_hd__a21bo_1)
     2    0.01    0.05    0.19    8.42 v scaleAdd._417_/X (sky130_fd_sc_hd__a21bo_1)
                                         scaleAdd._120_ (net)
                  0.05    0.00    8.42 v scaleAdd._432_/A1 (sky130_fd_sc_hd__a21o_1)
     2    0.01    0.05    0.18    8.60 v scaleAdd._432_/X (sky130_fd_sc_hd__a21o_1)
                                         scaleAdd._134_ (net)
                  0.05    0.00    8.60 v scaleAdd._444_/A1 (sky130_fd_sc_hd__a21o_1)
     2    0.01    0.05    0.18    8.78 v scaleAdd._444_/X (sky130_fd_sc_hd__a21o_1)
                                         scaleAdd._145_ (net)
                  0.05    0.00    8.78 v scaleAdd._447_/A1 (sky130_fd_sc_hd__a21o_1)
     2    0.00    0.04    0.17    8.95 v scaleAdd._447_/X (sky130_fd_sc_hd__a21o_1)
                                         scaleAdd._147_ (net)
                  0.04    0.00    8.95 v rebuffer19/A (sky130_fd_sc_hd__clkbuf_2)
     1    0.01    0.05    0.12    9.07 v rebuffer19/X (sky130_fd_sc_hd__clkbuf_2)
                                         net77 (net)
                  0.05    0.00    9.07 v scaleAdd._448_/A (sky130_fd_sc_hd__xor2_2)
     4    0.01    0.08    0.20    9.27 v scaleAdd._448_/X (sky130_fd_sc_hd__xor2_2)
                                         accumulator.io_inMant[14] (net)
                  0.08    0.00    9.27 v accumulator._1181_/A (sky130_fd_sc_hd__or4_4)
     1    0.01    0.09    0.58    9.85 v accumulator._1181_/X (sky130_fd_sc_hd__or4_4)
                                         accumulator._0045_ (net)
                  0.09    0.00    9.85 v accumulator._1182_/A (sky130_fd_sc_hd__buf_8)
     8    0.02    0.03    0.15   10.00 v accumulator._1182_/X (sky130_fd_sc_hd__buf_8)
                                         accumulator._0055_ (net)
                  0.03    0.00   10.00 v accumulator._1200_/A_N (sky130_fd_sc_hd__and2b_1)
     3    0.01    0.08    0.22   10.22 ^ accumulator._1200_/X (sky130_fd_sc_hd__and2b_1)
                                         accumulator._0232_ (net)
                  0.08    0.00   10.22 ^ accumulator._1201_/B1_N (sky130_fd_sc_hd__o21ba_4)
     3    0.01    0.04    0.17   10.39 v accumulator._1201_/X (sky130_fd_sc_hd__o21ba_4)
                                         accumulator._0241_ (net)
                  0.04    0.00   10.39 v accumulator._1202_/A (sky130_fd_sc_hd__and2_4)
     3    0.01    0.03    0.14   10.53 v accumulator._1202_/X (sky130_fd_sc_hd__and2_4)
                                         accumulator._0251_ (net)
                  0.03    0.00   10.53 v accumulator._1204_/B (sky130_fd_sc_hd__or2_4)
     3    0.01    0.05    0.24   10.78 v accumulator._1204_/X (sky130_fd_sc_hd__or2_4)
                                         accumulator._0271_ (net)
                  0.05    0.00   10.78 v accumulator._1205_/A (sky130_fd_sc_hd__inv_2)
     3    0.01    0.05    0.07   10.85 ^ accumulator._1205_/Y (sky130_fd_sc_hd__inv_2)
                                         accumulator._0281_ (net)
                  0.05    0.00   10.85 ^ accumulator._1218_/A1 (sky130_fd_sc_hd__a311o_1)
     3    0.01    0.12    0.21   11.06 ^ accumulator._1218_/X (sky130_fd_sc_hd__a311o_1)
                                         accumulator._0315_ (net)
                  0.12    0.00   11.06 ^ rebuffer25/A (sky130_fd_sc_hd__clkbuf_1)
     1    0.00    0.06    0.12   11.18 ^ rebuffer25/X (sky130_fd_sc_hd__clkbuf_1)
                                         net83 (net)
                  0.06    0.00   11.18 ^ rebuffer10/A (sky130_fd_sc_hd__clkbuf_2)
     1    0.00    0.03    0.10   11.28 ^ rebuffer10/X (sky130_fd_sc_hd__clkbuf_2)
                                         net68 (net)
                  0.03    0.00   11.28 ^ rebuffer8/A (sky130_fd_sc_hd__clkbuf_1)
     1    0.01    0.07    0.10   11.37 ^ rebuffer8/X (sky130_fd_sc_hd__clkbuf_1)
                                         net66 (net)
                  0.07    0.00   11.37 ^ accumulator._1219_/A (sky130_fd_sc_hd__nand3_2)
     2    0.01    0.08    0.07   11.45 v accumulator._1219_/Y (sky130_fd_sc_hd__nand3_2)
                                         accumulator._0316_ (net)
                  0.08    0.00   11.45 v accumulator._1228_/A2 (sky130_fd_sc_hd__a211o_1)
     2    0.01    0.07    0.34   11.79 v accumulator._1228_/X (sky130_fd_sc_hd__a211o_1)
                                         accumulator._0325_ (net)
                  0.07    0.00   11.79 v accumulator._1242_/A2 (sky130_fd_sc_hd__o22a_1)
     3    0.01    0.07    0.24   12.03 v accumulator._1242_/X (sky130_fd_sc_hd__o22a_1)
                                         accumulator._0339_ (net)
                  0.07    0.00   12.03 v accumulator._1243_/A (sky130_fd_sc_hd__buf_4)
    10    0.03    0.06    0.19   12.22 v accumulator._1243_/X (sky130_fd_sc_hd__buf_4)
                                         accumulator._0340_ (net)
                  0.06    0.00   12.22 v accumulator._1249_/B1 (sky130_fd_sc_hd__a21o_4)
     3    0.02    0.06    0.22   12.44 v accumulator._1249_/X (sky130_fd_sc_hd__a21o_4)
                                         accumulator._0346_ (net)
                  0.06    0.00   12.44 v accumulator._1250_/B (sky130_fd_sc_hd__xor2_4)
     3    0.03    0.10    0.19   12.64 v accumulator._1250_/X (sky130_fd_sc_hd__xor2_4)
                                         accumulator._0347_ (net)
                  0.10    0.00   12.64 v accumulator._1259_/A2 (sky130_fd_sc_hd__a21o_4)
     2    0.02    0.05    0.27   12.91 v accumulator._1259_/X (sky130_fd_sc_hd__a21o_4)
                                         accumulator._0356_ (net)
                  0.05    0.00   12.91 v accumulator._1264_/A2 (sky130_fd_sc_hd__a21o_1)
     2    0.01    0.04    0.20   13.10 v accumulator._1264_/X (sky130_fd_sc_hd__a21o_1)
                                         accumulator._0361_ (net)
                  0.04    0.00   13.10 v accumulator._1266_/A1 (sky130_fd_sc_hd__a21o_1)
     2    0.01    0.04    0.17   13.28 v accumulator._1266_/X (sky130_fd_sc_hd__a21o_1)
                                         accumulator._0363_ (net)
                  0.04    0.00   13.28 v accumulator._1272_/A1 (sky130_fd_sc_hd__a21o_1)
     2    0.02    0.10    0.23   13.50 v accumulator._1272_/X (sky130_fd_sc_hd__a21o_1)
                                         accumulator._0369_ (net)
                  0.10    0.00   13.50 v accumulator._1278_/A1 (sky130_fd_sc_hd__a21oi_4)
     3    0.02    0.17    0.21   13.71 ^ accumulator._1278_/Y (sky130_fd_sc_hd__a21oi_4)
                                         accumulator._0375_ (net)
                  0.17    0.00   13.71 ^ rebuffer21/A (sky130_fd_sc_hd__buf_6)
     2    0.02    0.05    0.15   13.86 ^ rebuffer21/X (sky130_fd_sc_hd__buf_6)
                                         net79 (net)
                  0.05    0.00   13.86 ^ accumulator._1289_/B (sky130_fd_sc_hd__xnor2_4)
     9    0.03    0.26    0.16   14.02 ^ accumulator._1289_/Y (sky130_fd_sc_hd__xnor2_4)
                                         accumulator._0386_ (net)
                  0.26    0.00   14.02 ^ accumulator._1330_/S (sky130_fd_sc_hd__mux2_4)
     6    0.02    0.07    0.38   14.40 v accumulator._1330_/X (sky130_fd_sc_hd__mux2_4)
                                         accumulator._0425_ (net)
                  0.07    0.00   14.40 v clone38/A (sky130_fd_sc_hd__buf_4)
     5    0.02    0.04    0.17   14.57 v clone38/X (sky130_fd_sc_hd__buf_4)
                                         net96 (net)
                  0.04    0.00   14.57 v accumulator._1526_/A1 (sky130_fd_sc_hd__a21o_1)
     2    0.01    0.05    0.18   14.75 v accumulator._1526_/X (sky130_fd_sc_hd__a21o_1)
                                         accumulator._0621_ (net)
                  0.05    0.00   14.75 v accumulator._1527_/A2 (sky130_fd_sc_hd__a21o_1)
     2    0.00    0.04    0.19   14.94 v accumulator._1527_/X (sky130_fd_sc_hd__a21o_1)
                                         accumulator._0622_ (net)
                  0.04    0.00   14.94 v accumulator._1528_/C (sky130_fd_sc_hd__and3_1)
     2    0.01    0.07    0.22   15.16 v accumulator._1528_/X (sky130_fd_sc_hd__and3_1)
                                         accumulator._0623_ (net)
                  0.07    0.00   15.16 v accumulator._1644_/A2 (sky130_fd_sc_hd__o311ai_4)
     3    0.01    0.29    0.34   15.50 ^ accumulator._1644_/Y (sky130_fd_sc_hd__o311ai_4)
                                         accumulator._0739_ (net)
                  0.29    0.00   15.50 ^ accumulator._1716_/A (sky130_fd_sc_hd__nand3_2)
     2    0.01    0.10    0.12   15.62 v accumulator._1716_/Y (sky130_fd_sc_hd__nand3_2)
                                         accumulator._0811_ (net)
                  0.10    0.00   15.62 v accumulator._1736_/A1 (sky130_fd_sc_hd__a2111o_4)
     5    0.02    0.09    0.52   16.14 v accumulator._1736_/X (sky130_fd_sc_hd__a2111o_4)
                                         accumulator._0831_ (net)
                  0.09    0.00   16.15 v accumulator._1738_/A1 (sky130_fd_sc_hd__a21o_1)
     3    0.01    0.06    0.21   16.35 v accumulator._1738_/X (sky130_fd_sc_hd__a21o_1)
                                         accumulator._0833_ (net)
                  0.06    0.00   16.35 v accumulator._1744_/A1 (sky130_fd_sc_hd__a2111o_1)
     3    0.01    0.10    0.43   16.78 v accumulator._1744_/X (sky130_fd_sc_hd__a2111o_1)
                                         accumulator._0839_ (net)
                  0.10    0.00   16.78 v accumulator._1748_/A1 (sky130_fd_sc_hd__a2111o_1)
     2    0.01    0.07    0.41   17.20 v accumulator._1748_/X (sky130_fd_sc_hd__a2111o_1)
                                         accumulator._0843_ (net)
                  0.07    0.00   17.20 v accumulator._1751_/A1 (sky130_fd_sc_hd__a21o_1)
     2    0.01    0.06    0.20   17.39 v accumulator._1751_/X (sky130_fd_sc_hd__a21o_1)
                                         accumulator._0846_ (net)
                  0.06    0.00   17.39 v accumulator._1773_/A1 (sky130_fd_sc_hd__a21o_1)
     2    0.01    0.05    0.18   17.57 v accumulator._1773_/X (sky130_fd_sc_hd__a21o_1)
                                         accumulator._0868_ (net)
                  0.05    0.00   17.57 v accumulator._1798_/A1 (sky130_fd_sc_hd__a311o_1)
     2    0.01    0.08    0.30   17.87 v accumulator._1798_/X (sky130_fd_sc_hd__a311o_1)
                                         accumulator._0893_ (net)
                  0.08    0.00   17.87 v accumulator._1814_/A2 (sky130_fd_sc_hd__a21o_1)
     2    0.01    0.07    0.24   18.11 v accumulator._1814_/X (sky130_fd_sc_hd__a21o_1)
                                         accumulator._0909_ (net)
                  0.07    0.00   18.11 v accumulator._1821_/A2 (sky130_fd_sc_hd__a21o_1)
     3    0.01    0.06    0.23   18.33 v accumulator._1821_/X (sky130_fd_sc_hd__a21o_1)
                                         accumulator._0916_ (net)
                  0.06    0.00   18.33 v accumulator._1926_/A2 (sky130_fd_sc_hd__a21o_1)
     3    0.01    0.08    0.24   18.57 v accumulator._1926_/X (sky130_fd_sc_hd__a21o_1)
                                         accumulator._1021_ (net)
                  0.08    0.00   18.57 v accumulator._2045_/S (sky130_fd_sc_hd__mux2_4)
     4    0.01    0.07    0.35   18.92 v accumulator._2045_/X (sky130_fd_sc_hd__mux2_4)
                                         accumulator._1140_ (net)
                  0.07    0.00   18.92 v accumulator._2059_/B2 (sky130_fd_sc_hd__a221oi_2)
     1    0.00    0.18    0.24   19.17 ^ accumulator._2059_/Y (sky130_fd_sc_hd__a221oi_2)
                                         accumulator._1155_ (net)
                  0.18    0.00   19.17 ^ accumulator._2060_/A1 (sky130_fd_sc_hd__o21ai_1)
     1    0.00    0.09    0.11   19.28 v accumulator._2060_/Y (sky130_fd_sc_hd__o21ai_1)
                                         accumulator._1156_ (net)
                  0.09    0.00   19.28 v accumulator._2061_/A1 (sky130_fd_sc_hd__a21o_1)
     1    0.00    0.03    0.18   19.46 v accumulator._2061_/X (sky130_fd_sc_hd__a21o_1)
                                         accumulator._1157_ (net)
                  0.03    0.00   19.46 v accumulator._2062_/A1 (sky130_fd_sc_hd__a21o_1)
     1    0.00    0.04    0.16   19.61 v accumulator._2062_/X (sky130_fd_sc_hd__a21o_1)
                                         accumulator._1158_ (net)
                  0.04    0.00   19.61 v accumulator._2063_/A1 (sky130_fd_sc_hd__a21o_1)
     1    0.00    0.03    0.15   19.77 v accumulator._2063_/X (sky130_fd_sc_hd__a21o_1)
                                         accumulator._1159_ (net)
                  0.03    0.00   19.77 v accumulator._2064_/A1 (sky130_fd_sc_hd__a21o_1)
     1    0.00    0.04    0.16   19.92 v accumulator._2064_/X (sky130_fd_sc_hd__a21o_1)
                                         accumulator._1160_ (net)
                  0.04    0.00   19.92 v accumulator._2065_/A1 (sky130_fd_sc_hd__a21oi_1)
     1    0.00    0.13    0.14   20.07 ^ accumulator._2065_/Y (sky130_fd_sc_hd__a21oi_1)
                                         accumulator._1161_ (net)
                  0.13    0.00   20.07 ^ accumulator._2067_/A1 (sky130_fd_sc_hd__o21ai_1)
     1    0.00    0.06    0.09   20.16 v accumulator._2067_/Y (sky130_fd_sc_hd__o21ai_1)
                                         accumulator._1163_ (net)
                  0.06    0.00   20.16 v accumulator._2068_/A1 (sky130_fd_sc_hd__a21o_1)
     1    0.00    0.03    0.16   20.33 v accumulator._2068_/X (sky130_fd_sc_hd__a21o_1)
                                         accumulator._1164_ (net)
                  0.03    0.00   20.33 v accumulator._2069_/A1 (sky130_fd_sc_hd__a21o_1)
     1    0.01    0.04    0.16   20.49 v accumulator._2069_/X (sky130_fd_sc_hd__a21o_1)
                                         accumulator._1165_ (net)
                  0.04    0.00   20.49 v accumulator._2070_/A1 (sky130_fd_sc_hd__a211o_1)
     1    0.01    0.06    0.28   20.77 v accumulator._2070_/X (sky130_fd_sc_hd__a211o_1)
                                         accumulator._1167_ (net)
                  0.06    0.00   20.77 v accumulator._2073_/B2 (sky130_fd_sc_hd__a2bb2o_4)
     4    0.03    0.07    0.26   21.03 v accumulator._2073_/X (sky130_fd_sc_hd__a2bb2o_4)
                                         accumulator._1170_ (net)
                  0.07    0.00   21.03 v accumulator._2074_/A (sky130_fd_sc_hd__buf_8)
     6    0.04    0.04    0.15   21.18 v accumulator._2074_/X (sky130_fd_sc_hd__buf_8)
                                         accumulator._1171_ (net)
                  0.04    0.00   21.19 v accumulator._2101_/A (sky130_fd_sc_hd__buf_8)
     5    0.03    0.03    0.13   21.32 v accumulator._2101_/X (sky130_fd_sc_hd__buf_8)
                                         accumulator._0057_ (net)
                  0.03    0.00   21.32 v accumulator._2244_/S (sky130_fd_sc_hd__mux2_4)
     1    0.01    0.05    0.31   21.63 v accumulator._2244_/X (sky130_fd_sc_hd__mux2_4)
                                         accumulator._0197_ (net)
                  0.05    0.00   21.63 v accumulator._2246_/A0 (sky130_fd_sc_hd__mux2_4)
     2    0.01    0.05    0.29   21.91 v accumulator._2246_/X (sky130_fd_sc_hd__mux2_4)
                                         accumulator._0199_ (net)
                  0.05    0.00   21.91 v accumulator._2247_/A1 (sky130_fd_sc_hd__mux2_4)
     1    0.00    0.05    0.26   22.18 v accumulator._2247_/X (sky130_fd_sc_hd__mux2_4)
                                         accumulator._0200_ (net)
                  0.05    0.00   22.18 v accumulator._2249_/D (sky130_fd_sc_hd__or4_4)
     1    0.00    0.08    0.42   22.60 v accumulator._2249_/X (sky130_fd_sc_hd__or4_4)
                                         accumulator._0202_ (net)
                  0.08    0.00   22.60 v accumulator._2250_/C1 (sky130_fd_sc_hd__o211a_1)
     1    0.00    0.04    0.13   22.72 v accumulator._2250_/X (sky130_fd_sc_hd__o211a_1)
                                         accumulator._0020_ (net)
                  0.04    0.00   22.72 v accumulator._2375_/D (sky130_fd_sc_hd__dfxtp_1)
                                 22.72   data arrival time

                         25.00   25.00   clock clock (rise edge)
                          0.00   25.00   clock source latency
     1    0.01    0.07    0.05   25.05 ^ clock (in)
                                         clock (net)
                  0.07    0.00   25.05 ^ clkbuf_0_clock/A (sky130_fd_sc_hd__clkbuf_16)
     4    0.03    0.05    0.14   25.19 ^ clkbuf_0_clock/X (sky130_fd_sc_hd__clkbuf_16)
                                         clknet_0_clock (net)
                  0.05    0.00   25.19 ^ clkbuf_2_0__f_clock/A (sky130_fd_sc_hd__clkbuf_16)
    11    0.03    0.05    0.13   25.32 ^ clkbuf_2_0__f_clock/X (sky130_fd_sc_hd__clkbuf_16)
                                         clknet_2_0__leaf_clock (net)
                  0.05    0.00   25.32 ^ accumulator._2375_/CLK (sky130_fd_sc_hd__dfxtp_1)
                         -0.25   25.07   clock uncertainty
                          0.00   25.07   clock reconvergence pessimism
                         -0.11   24.96   library setup time
                                 24.96   data required time
-----------------------------------------------------------------------------
                                 24.96   data required time
                                -22.72   data arrival time
-----------------------------------------------------------------------------
                                  2.24   slack (MET)




===========================================================================
report_checks --slack_max -0.01
============================================================================
======================= Typical Corner ===================================

No paths found.


===========================================================================
 report_check_types -max_slew -max_cap -max_fanout -violators
============================================================================
======================= Typical Corner ===================================

max fanout

Pin                                   Limit Fanout  Slack
---------------------------------------------------------
clkbuf_2_0__f_clock/X                    10     11        (VIOLATED)


max slew violations count Typical: 0
max fanout violations count Typical: 1
max cap violations count Typical: 0

===========================================================================
report_parasitic_annotation -report_unannotated
============================================================================
Found 11 unannotated drivers.
 io_inScaleB[0]
 io_inScaleB[1]
 io_inScaleB[2]
 io_inScaleB[3]
 io_inScaleB[4]
 clkload0/Y
 clkload1/Y
 clkload2/Y
 clone2/X
 scaleAdd._481__57/HI
 scaleAdd._482__58/HI
Found 188 partially unannotated drivers.
 _03_/X
 _05_/X
 _06_/X
 _07_/X
 _12_/X
 _13_/X
 _14_/X
 _17_/X
 _20_/X
 _31_/X
 accumulator._1180_/X
 accumulator._1184_/X
 accumulator._1197_/X
 accumulator._1201_/X
 accumulator._1238_/Y
 accumulator._1243_/X
 accumulator._1251_/Y
 accumulator._1257_/X
 accumulator._1261_/Y
 accumulator._1273_/X
 accumulator._1279_/Y
 accumulator._1281_/X
 accumulator._1283_/Y
 accumulator._1284_/X
 accumulator._1286_/X
 accumulator._1287_/X
 accumulator._1289_/Y
 accumulator._1290_/X
 accumulator._1291_/X
 accumulator._1297_/X
 accumulator._1310_/Y
 accumulator._1315_/Y
 accumulator._1316_/Y
 accumulator._1320_/X
 accumulator._1330_/X
 accumulator._1331_/X
 accumulator._1348_/X
 accumulator._1362_/X
 accumulator._1395_/X
 accumulator._1398_/X
 accumulator._1405_/X
 accumulator._1408_/X
 accumulator._1410_/X
 accumulator._1416_/X
 accumulator._1422_/Y
 accumulator._1423_/X
 accumulator._1432_/X
 accumulator._1438_/X
 accumulator._1441_/X
 accumulator._1444_/X
 accumulator._1447_/X
 accumulator._1449_/X
 accumulator._1451_/X
 accumulator._1454_/X
 accumulator._1465_/X
 accumulator._1467_/X
 accumulator._1474_/X
 accumulator._1479_/X
 accumulator._1481_/X
 accumulator._1494_/X
 accumulator._1497_/X
 accumulator._1501_/X
 accumulator._1504_/X
 accumulator._1511_/Y
 accumulator._1517_/X
 accumulator._1519_/X
 accumulator._1525_/X
 accumulator._1537_/X
 accumulator._1541_/X
 accumulator._1550_/Y
 accumulator._1566_/Y
 accumulator._1567_/X
 accumulator._1574_/X
 accumulator._1578_/X
 accumulator._1580_/X
 accumulator._1582_/X
 accumulator._1603_/X
 accumulator._1605_/X
 accumulator._1612_/Y
 accumulator._1631_/X
 accumulator._1673_/Y
 accumulator._1690_/X
 accumulator._1694_/X
 accumulator._1706_/X
 accumulator._1714_/X
 accumulator._1721_/X
 accumulator._1734_/Y
 accumulator._1735_/Y
 accumulator._1757_/Y
 accumulator._1759_/Y
 accumulator._1771_/Y
 accumulator._1788_/X
 accumulator._1807_/Y
 accumulator._1808_/X
 accumulator._1811_/X
 accumulator._1816_/X
 accumulator._1819_/X
 accumulator._1823_/X
 accumulator._1866_/X
 accumulator._1872_/Y
 accumulator._1873_/X
 accumulator._1877_/X
 accumulator._1883_/Y
 accumulator._1888_/X
 accumulator._1894_/Y
 accumulator._1921_/X
 accumulator._1957_/X
 accumulator._1973_/Y
 accumulator._1981_/X
 accumulator._1988_/X
 accumulator._1995_/X
 accumulator._1998_/Y
 accumulator._2022_/Y
 accumulator._2080_/X
 accumulator._2089_/X
 accumulator._2091_/X
 accumulator._2094_/Y
 accumulator._2105_/X
 accumulator._2106_/Y
 accumulator._2119_/X
 accumulator._2127_/Y
 accumulator._2134_/X
 accumulator._2140_/X
 accumulator._2141_/X
 accumulator._2142_/X
 accumulator._2157_/X
 accumulator._2159_/X
 accumulator._2167_/X
 accumulator._2177_/X
 accumulator._2189_/X
 accumulator._2193_/X
 accumulator._2201_/X
 accumulator._2203_/Y
 accumulator._2205_/X
 accumulator._2210_/X
 accumulator._2212_/X
 accumulator._2218_/X
 accumulator._2224_/X
 accumulator._2228_/Y
 accumulator._2233_/X
 accumulator._2241_/Y
 accumulator._2247_/X
 accumulator._2249_/X
 accumulator._2254_/X
 accumulator._2262_/X
 accumulator._2263_/X
 accumulator._2271_/Y
 accumulator._2277_/X
 accumulator._2283_/X
 accumulator._2293_/Y
 accumulator._2299_/Y
 accumulator._2311_/X
 accumulator._2314_/X
 accumulator._2357_/Q
 accumulator._2358_/Q
 accumulator._2359_/Q
 accumulator._2360_/Q
 accumulator._2361_/Q
 accumulator._2362_/Q
 accumulator._2364_/Q
 accumulator._2366_/Q
 accumulator._2367_/Q
 accumulator._2368_/Q
 accumulator._2370_/Q
 accumulator._2371_/Q
 accumulator._2372_/Q
 accumulator._2373_/Q
 accumulator._2377_/Q
 accumulator._2378_/Q
 accumulator._2381_/Q
 accumulator._2382_/Q
 accumulator._2383_/Q
 accumulator._2385_/Q
 clkbuf_0_clock/X
 clone43/X
 clone45/X
 input1/X
 input12/X
 input4/X
 output54/X
 scaleAdd._280_/X
 scaleAdd._291_/Y
 scaleAdd._315_/X
 scaleAdd._322_/X
 scaleAdd._349_/X
 scaleAdd._399_/X
 scaleAdd._403_/Y
 scaleAdd._445_/Y

===========================================================================
max slew violation count 0
max fanout violation count 1
max cap violation count 0
============================================================================

===========================================================================
check_setup -verbose -unconstrained_endpoints -multiple_clock -no_clock -no_input_delay -loops -generated_clocks
===========================================================================
