
===========================================================================
report_checks -unconstrained
===========================================================================
======================= Typical Corner ===================================

Startpoint: io_inScaleA[1] (input port clocked by clock)
Endpoint: accumulator._2375_ (rising edge-triggered flip-flop clocked by clock)
Path Group: clock
Path Type: max

Fanout     Cap    Slew   Delay    Time   Description
-----------------------------------------------------------------------------
                          0.00    0.00   clock clock (rise edge)
                          0.00    0.00   clock network delay (propagated)
                          5.00    5.00 v input external delay
     1    0.01    0.02    0.01    5.01 v io_inScaleA[1] (in)
                                         io_inScaleA[1] (net)
                  0.02    0.00    5.01 v input10/A (sky130_fd_sc_hd__buf_8)
     8    0.02    0.03    0.12    5.13 v input10/X (sky130_fd_sc_hd__buf_8)
                                         net10 (net)
                  0.03    0.00    5.13 v scaleAdd._281_/D (sky130_fd_sc_hd__and4_1)
     2    0.00    0.05    0.20    5.33 v scaleAdd._281_/X (sky130_fd_sc_hd__and4_1)
                                         scaleAdd._223_ (net)
                  0.05    0.00    5.33 v scaleAdd._285_/A (sky130_fd_sc_hd__or2b_4)
     1    0.02    0.06    0.29    5.62 v scaleAdd._285_/X (sky130_fd_sc_hd__or2b_4)
                                         scaleAdd._227_ (net)
                  0.06    0.00    5.62 v scaleAdd._286_/B (sky130_fd_sc_hd__xnor2_4)
     3    0.01    0.06    0.15    5.76 v scaleAdd._286_/Y (sky130_fd_sc_hd__xnor2_4)
                                         scaleAdd._228_ (net)
                  0.06    0.00    5.76 v scaleAdd._311_/A (sky130_fd_sc_hd__or2_4)
     1    0.01    0.05    0.27    6.03 v scaleAdd._311_/X (sky130_fd_sc_hd__or2_4)
                                         scaleAdd._018_ (net)
                  0.05    0.00    6.03 v scaleAdd._313_/A1 (sky130_fd_sc_hd__a21oi_4)
     2    0.01    0.13    0.15    6.18 ^ scaleAdd._313_/Y (sky130_fd_sc_hd__a21oi_4)
                                         scaleAdd._020_ (net)
                  0.13    0.00    6.18 ^ scaleAdd._347_/A_N (sky130_fd_sc_hd__and2b_1)
     1    0.00    0.04    0.21    6.39 v scaleAdd._347_/X (sky130_fd_sc_hd__and2b_1)
                                         scaleAdd._053_ (net)
                  0.04    0.00    6.39 v scaleAdd._348_/B1 (sky130_fd_sc_hd__a21o_4)
     2    0.02    0.06    0.22    6.61 v scaleAdd._348_/X (sky130_fd_sc_hd__a21o_4)
                                         scaleAdd._054_ (net)
                  0.06    0.00    6.61 v scaleAdd._349_/A (sky130_fd_sc_hd__xor2_4)
     5    0.01    0.08    0.20    6.82 v scaleAdd._349_/X (sky130_fd_sc_hd__xor2_4)
                                         scaleAdd._055_ (net)
                  0.08    0.00    6.82 v scaleAdd._351_/A1 (sky130_fd_sc_hd__a21o_1)
     2    0.00    0.04    0.18    6.99 v scaleAdd._351_/X (sky130_fd_sc_hd__a21o_1)
                                         scaleAdd._057_ (net)
                  0.04    0.00    6.99 v scaleAdd._353_/A (sky130_fd_sc_hd__and3_1)
     3    0.01    0.05    0.16    7.15 v scaleAdd._353_/X (sky130_fd_sc_hd__and3_1)
                                         scaleAdd._059_ (net)
                  0.05    0.00    7.15 v scaleAdd._355_/B (sky130_fd_sc_hd__or3_4)
     3    0.01    0.07    0.38    7.53 v scaleAdd._355_/X (sky130_fd_sc_hd__or3_4)
                                         scaleAdd._061_ (net)
                  0.07    0.00    7.53 v scaleAdd._359_/A1 (sky130_fd_sc_hd__a21o_1)
     2    0.00    0.04    0.17    7.71 v scaleAdd._359_/X (sky130_fd_sc_hd__a21o_1)
                                         scaleAdd._065_ (net)
                  0.04    0.00    7.71 v scaleAdd._383_/A2 (sky130_fd_sc_hd__a21o_1)
     2    0.00    0.04    0.18    7.89 v scaleAdd._383_/X (sky130_fd_sc_hd__a21o_1)
                                         scaleAdd._088_ (net)
                  0.04    0.00    7.89 v scaleAdd._399_/A1 (sky130_fd_sc_hd__a21o_1)
     2    0.01    0.07    0.19    8.08 v scaleAdd._399_/X (sky130_fd_sc_hd__a21o_1)
                                         scaleAdd._103_ (net)
                  0.07    0.00    8.08 v scaleAdd._417_/A1 (sky130_fd_sc_hd__a21bo_1)
     2    0.00    0.04    0.18    8.26 v scaleAdd._417_/X (sky130_fd_sc_hd__a21bo_1)
                                         scaleAdd._120_ (net)
                  0.04    0.00    8.26 v scaleAdd._432_/A1 (sky130_fd_sc_hd__a21o_1)
     2    0.00    0.04    0.16    8.43 v scaleAdd._432_/X (sky130_fd_sc_hd__a21o_1)
                                         scaleAdd._134_ (net)
                  0.04    0.00    8.43 v scaleAdd._444_/A1 (sky130_fd_sc_hd__a21o_1)
     2    0.00    0.04    0.16    8.59 v scaleAdd._444_/X (sky130_fd_sc_hd__a21o_1)
                                         scaleAdd._145_ (net)
                  0.04    0.00    8.59 v scaleAdd._447_/A1 (sky130_fd_sc_hd__a21o_1)
     2    0.00    0.04    0.16    8.75 v scaleAdd._447_/X (sky130_fd_sc_hd__a21o_1)
                                         scaleAdd._147_ (net)
                  0.04    0.00    8.75 v rebuffer19/A (sky130_fd_sc_hd__clkbuf_2)
     1    0.01    0.04    0.12    8.87 v rebuffer19/X (sky130_fd_sc_hd__clkbuf_2)
                                         net77 (net)
                  0.04    0.00    8.87 v scaleAdd._448_/A (sky130_fd_sc_hd__xor2_2)
     4    0.01    0.08    0.19    9.06 v scaleAdd._448_/X (sky130_fd_sc_hd__xor2_2)
                                         accumulator.io_inMant[14] (net)
                  0.08    0.00    9.06 v accumulator._1181_/A (sky130_fd_sc_hd__or4_4)
     1    0.01    0.09    0.57    9.63 v accumulator._1181_/X (sky130_fd_sc_hd__or4_4)
                                         accumulator._0045_ (net)
                  0.09    0.00    9.63 v accumulator._1182_/A (sky130_fd_sc_hd__buf_8)
     8    0.01    0.03    0.15    9.78 v accumulator._1182_/X (sky130_fd_sc_hd__buf_8)
                                         accumulator._0055_ (net)
                  0.03    0.00    9.78 v accumulator._1200_/A_N (sky130_fd_sc_hd__and2b_1)
     3    0.01    0.07    0.21    9.98 ^ accumulator._1200_/X (sky130_fd_sc_hd__and2b_1)
                                         accumulator._0232_ (net)
                  0.07    0.00    9.98 ^ accumulator._1201_/B1_N (sky130_fd_sc_hd__o21ba_4)
     3    0.01    0.04    0.16   10.14 v accumulator._1201_/X (sky130_fd_sc_hd__o21ba_4)
                                         accumulator._0241_ (net)
                  0.04    0.00   10.14 v accumulator._1202_/A (sky130_fd_sc_hd__and2_4)
     3    0.01    0.03    0.14   10.28 v accumulator._1202_/X (sky130_fd_sc_hd__and2_4)
                                         accumulator._0251_ (net)
                  0.03    0.00   10.28 v accumulator._1204_/B (sky130_fd_sc_hd__or2_4)
     3    0.01    0.05    0.24   10.52 v accumulator._1204_/X (sky130_fd_sc_hd__or2_4)
                                         accumulator._0271_ (net)
                  0.05    0.00   10.52 v accumulator._1205_/A (sky130_fd_sc_hd__inv_2)
     3    0.01    0.04    0.06   10.58 ^ accumulator._1205_/Y (sky130_fd_sc_hd__inv_2)
                                         accumulator._0281_ (net)
                  0.04    0.00   10.58 ^ accumulator._1218_/A1 (sky130_fd_sc_hd__a311o_1)
     3    0.01    0.09    0.18   10.77 ^ accumulator._1218_/X (sky130_fd_sc_hd__a311o_1)
                                         accumulator._0315_ (net)
                  0.09    0.00   10.77 ^ rebuffer25/A (sky130_fd_sc_hd__clkbuf_1)
     1    0.00    0.04    0.09   10.86 ^ rebuffer25/X (sky130_fd_sc_hd__clkbuf_1)
                                         net83 (net)
                  0.04    0.00   10.86 ^ rebuffer10/A (sky130_fd_sc_hd__clkbuf_2)
     1    0.00    0.03    0.09   10.95 ^ rebuffer10/X (sky130_fd_sc_hd__clkbuf_2)
                                         net68 (net)
                  0.03    0.00   10.95 ^ rebuffer8/A (sky130_fd_sc_hd__clkbuf_1)
     1    0.00    0.06    0.09   11.04 ^ rebuffer8/X (sky130_fd_sc_hd__clkbuf_1)
                                         net66 (net)
                  0.06    0.00   11.04 ^ accumulator._1219_/A (sky130_fd_sc_hd__nand3_2)
     2    0.00    0.07    0.06   11.10 v accumulator._1219_/Y (sky130_fd_sc_hd__nand3_2)
                                         accumulator._0316_ (net)
                  0.07    0.00   11.10 v accumulator._1228_/A2 (sky130_fd_sc_hd__a211o_1)
     2    0.00    0.05    0.32   11.42 v accumulator._1228_/X (sky130_fd_sc_hd__a211o_1)
                                         accumulator._0325_ (net)
                  0.05    0.00   11.42 v accumulator._1242_/A2 (sky130_fd_sc_hd__o22a_1)
     3    0.01    0.06    0.22   11.65 v accumulator._1242_/X (sky130_fd_sc_hd__o22a_1)
                                         accumulator._0339_ (net)
                  0.06    0.00   11.65 v accumulator._1255_/B (sky130_fd_sc_hd__or3_4)
     2    0.01    0.07    0.39   12.03 v accumulator._1255_/X (sky130_fd_sc_hd__or3_4)
                                         accumulator._0352_ (net)
                  0.07    0.00   12.03 v accumulator._1257_/A1 (sky130_fd_sc_hd__a21o_4)
     2    0.01    0.04    0.22   12.25 v accumulator._1257_/X (sky130_fd_sc_hd__a21o_4)
                                         accumulator._0354_ (net)
                  0.04    0.00   12.25 v accumulator._1259_/A1 (sky130_fd_sc_hd__a21o_4)
     2    0.02    0.05    0.23   12.48 v accumulator._1259_/X (sky130_fd_sc_hd__a21o_4)
                                         accumulator._0356_ (net)
                  0.05    0.00   12.48 v accumulator._1264_/A2 (sky130_fd_sc_hd__a21o_1)
     2    0.00    0.04    0.19   12.66 v accumulator._1264_/X (sky130_fd_sc_hd__a21o_1)
                                         accumulator._0361_ (net)
                  0.04    0.00   12.66 v accumulator._1266_/A1 (sky130_fd_sc_hd__a21o_1)
     2    0.00    0.04    0.16   12.83 v accumulator._1266_/X (sky130_fd_sc_hd__a21o_1)
                                         accumulator._0363_ (net)
                  0.04    0.00   12.83 v accumulator._1272_/A1 (sky130_fd_sc_hd__a21o_1)
     2    0.02    0.09    0.22   13.04 v accumulator._1272_/X (sky130_fd_sc_hd__a21o_1)
                                         accumulator._0369_ (net)
                  0.09    0.00   13.04 v accumulator._1278_/A1 (sky130_fd_sc_hd__a21oi_4)
     3    0.01    0.16    0.19   13.23 ^ accumulator._1278_/Y (sky130_fd_sc_hd__a21oi_4)
                                         accumulator._0375_ (net)
                  0.16    0.00   13.23 ^ rebuffer21/A (sky130_fd_sc_hd__buf_6)
     2    0.02    0.05    0.14   13.37 ^ rebuffer21/X (sky130_fd_sc_hd__buf_6)
                                         net79 (net)
                  0.05    0.00   13.37 ^ accumulator._1289_/B (sky130_fd_sc_hd__xnor2_4)
     9    0.03    0.26    0.16   13.53 ^ accumulator._1289_/Y (sky130_fd_sc_hd__xnor2_4)
                                         accumulator._0386_ (net)
                  0.26    0.00   13.53 ^ accumulator._1330_/S (sky130_fd_sc_hd__mux2_4)
     6    0.02    0.07    0.38   13.91 v accumulator._1330_/X (sky130_fd_sc_hd__mux2_4)
                                         accumulator._0425_ (net)
                  0.07    0.00   13.91 v clone38/A (sky130_fd_sc_hd__buf_4)
     5    0.01    0.04    0.16   14.07 v clone38/X (sky130_fd_sc_hd__buf_4)
                                         net96 (net)
                  0.04    0.00   14.07 v accumulator._1526_/A1 (sky130_fd_sc_hd__a21o_1)
     2    0.00    0.04    0.16   14.23 v accumulator._1526_/X (sky130_fd_sc_hd__a21o_1)
                                         accumulator._0621_ (net)
                  0.04    0.00   14.23 v accumulator._1527_/A2 (sky130_fd_sc_hd__a21o_1)
     2    0.00    0.04    0.18   14.41 v accumulator._1527_/X (sky130_fd_sc_hd__a21o_1)
                                         accumulator._0622_ (net)
                  0.04    0.00   14.41 v accumulator._1528_/C (sky130_fd_sc_hd__and3_1)
     2    0.01    0.07    0.21   14.63 v accumulator._1528_/X (sky130_fd_sc_hd__and3_1)
                                         accumulator._0623_ (net)
                  0.07    0.00   14.63 v accumulator._1644_/A2 (sky130_fd_sc_hd__o311ai_4)
     3    0.01    0.25    0.30   14.93 ^ accumulator._1644_/Y (sky130_fd_sc_hd__o311ai_4)
                                         accumulator._0739_ (net)
                  0.25    0.00   14.93 ^ accumulator._1716_/A (sky130_fd_sc_hd__nand3_2)
     2    0.01    0.09    0.11   15.04 v accumulator._1716_/Y (sky130_fd_sc_hd__nand3_2)
                                         accumulator._0811_ (net)
                  0.09    0.00   15.04 v accumulator._1736_/A1 (sky130_fd_sc_hd__a2111o_4)
     5    0.01    0.08    0.50   15.53 v accumulator._1736_/X (sky130_fd_sc_hd__a2111o_4)
                                         accumulator._0831_ (net)
                  0.08    0.00   15.53 v accumulator._1738_/A1 (sky130_fd_sc_hd__a21o_1)
     3    0.01    0.05    0.19   15.73 v accumulator._1738_/X (sky130_fd_sc_hd__a21o_1)
                                         accumulator._0833_ (net)
                  0.05    0.00   15.73 v accumulator._1744_/A1 (sky130_fd_sc_hd__a2111o_1)
     3    0.01    0.08    0.40   16.13 v accumulator._1744_/X (sky130_fd_sc_hd__a2111o_1)
                                         accumulator._0839_ (net)
                  0.08    0.00   16.13 v accumulator._1748_/A1 (sky130_fd_sc_hd__a2111o_1)
     2    0.00    0.07    0.39   16.52 v accumulator._1748_/X (sky130_fd_sc_hd__a2111o_1)
                                         accumulator._0843_ (net)
                  0.07    0.00   16.52 v accumulator._1751_/A1 (sky130_fd_sc_hd__a21o_1)
     2    0.00    0.04    0.18   16.70 v accumulator._1751_/X (sky130_fd_sc_hd__a21o_1)
                                         accumulator._0846_ (net)
                  0.04    0.00   16.70 v accumulator._1773_/A1 (sky130_fd_sc_hd__a21o_1)
     2    0.00    0.04    0.16   16.86 v accumulator._1773_/X (sky130_fd_sc_hd__a21o_1)
                                         accumulator._0868_ (net)
                  0.04    0.00   16.86 v accumulator._1798_/A1 (sky130_fd_sc_hd__a311o_1)
     2    0.00    0.06    0.27   17.13 v accumulator._1798_/X (sky130_fd_sc_hd__a311o_1)
                                         accumulator._0893_ (net)
                  0.06    0.00   17.13 v accumulator._1814_/A2 (sky130_fd_sc_hd__a21o_1)
     2    0.01    0.07    0.22   17.36 v accumulator._1814_/X (sky130_fd_sc_hd__a21o_1)
                                         accumulator._0909_ (net)
                  0.07    0.00   17.36 v accumulator._1821_/A2 (sky130_fd_sc_hd__a21o_1)
     3    0.01    0.06    0.21   17.57 v accumulator._1821_/X (sky130_fd_sc_hd__a21o_1)
                                         accumulator._0916_ (net)
                  0.06    0.00   17.57 v accumulator._1926_/A2 (sky130_fd_sc_hd__a21o_1)
     3    0.01    0.07    0.23   17.80 v accumulator._1926_/X (sky130_fd_sc_hd__a21o_1)
                                         accumulator._1021_ (net)
                  0.07    0.00   17.80 v accumulator._2045_/S (sky130_fd_sc_hd__mux2_4)
     4    0.01    0.06    0.34   18.13 v accumulator._2045_/X (sky130_fd_sc_hd__mux2_4)
                                         accumulator._1140_ (net)
                  0.06    0.00   18.13 v accumulator._2059_/B2 (sky130_fd_sc_hd__a221oi_2)
     1    0.00    0.17    0.23   18.36 ^ accumulator._2059_/Y (sky130_fd_sc_hd__a221oi_2)
                                         accumulator._1155_ (net)
                  0.17    0.00   18.36 ^ accumulator._2060_/A1 (sky130_fd_sc_hd__o21ai_1)
     1    0.00    0.06    0.09   18.46 v accumulator._2060_/Y (sky130_fd_sc_hd__o21ai_1)
                                         accumulator._1156_ (net)
                  0.06    0.00   18.46 v accumulator._2061_/A1 (sky130_fd_sc_hd__a21o_1)
     1    0.00    0.03    0.16   18.62 v accumulator._2061_/X (sky130_fd_sc_hd__a21o_1)
                                         accumulator._1157_ (net)
                  0.03    0.00   18.62 v accumulator._2062_/A1 (sky130_fd_sc_hd__a21o_1)
     1    0.00    0.03    0.15   18.77 v accumulator._2062_/X (sky130_fd_sc_hd__a21o_1)
                                         accumulator._1158_ (net)
                  0.03    0.00   18.77 v accumulator._2063_/A1 (sky130_fd_sc_hd__a21o_1)
     1    0.00    0.03    0.15   18.92 v accumulator._2063_/X (sky130_fd_sc_hd__a21o_1)
                                         accumulator._1159_ (net)
                  0.03    0.00   18.92 v accumulator._2064_/A1 (sky130_fd_sc_hd__a21o_1)
     1    0.00    0.03    0.15   19.06 v accumulator._2064_/X (sky130_fd_sc_hd__a21o_1)
                                         accumulator._1160_ (net)
                  0.03    0.00   19.06 v accumulator._2065_/A1 (sky130_fd_sc_hd__a21oi_1)
     1    0.00    0.10    0.11   19.18 ^ accumulator._2065_/Y (sky130_fd_sc_hd__a21oi_1)
                                         accumulator._1161_ (net)
                  0.10    0.00   19.18 ^ accumulator._2067_/A1 (sky130_fd_sc_hd__o21ai_1)
     1    0.00    0.05    0.08   19.25 v accumulator._2067_/Y (sky130_fd_sc_hd__o21ai_1)
                                         accumulator._1163_ (net)
                  0.05    0.00   19.25 v accumulator._2068_/A1 (sky130_fd_sc_hd__a21o_1)
     1    0.00    0.03    0.16   19.41 v accumulator._2068_/X (sky130_fd_sc_hd__a21o_1)
                                         accumulator._1164_ (net)
                  0.03    0.00   19.41 v accumulator._2069_/A1 (sky130_fd_sc_hd__a21o_1)
     1    0.00    0.03    0.15   19.56 v accumulator._2069_/X (sky130_fd_sc_hd__a21o_1)
                                         accumulator._1165_ (net)
                  0.03    0.00   19.56 v accumulator._2070_/A1 (sky130_fd_sc_hd__a211o_1)
     1    0.00    0.06    0.27   19.82 v accumulator._2070_/X (sky130_fd_sc_hd__a211o_1)
                                         accumulator._1167_ (net)
                  0.06    0.00   19.82 v accumulator._2073_/B2 (sky130_fd_sc_hd__a2bb2o_4)
     4    0.03    0.06    0.25   20.08 v accumulator._2073_/X (sky130_fd_sc_hd__a2bb2o_4)
                                         accumulator._1170_ (net)
                  0.06    0.00   20.08 v accumulator._2074_/A (sky130_fd_sc_hd__buf_8)
     6    0.03    0.04    0.14   20.22 v accumulator._2074_/X (sky130_fd_sc_hd__buf_8)
                                         accumulator._1171_ (net)
                  0.04    0.00   20.22 v accumulator._2101_/A (sky130_fd_sc_hd__buf_8)
     5    0.02    0.03    0.12   20.35 v accumulator._2101_/X (sky130_fd_sc_hd__buf_8)
                                         accumulator._0057_ (net)
                  0.03    0.00   20.35 v accumulator._2244_/S (sky130_fd_sc_hd__mux2_4)
     1    0.00    0.05    0.29   20.64 v accumulator._2244_/X (sky130_fd_sc_hd__mux2_4)
                                         accumulator._0197_ (net)
                  0.05    0.00   20.64 v accumulator._2246_/A0 (sky130_fd_sc_hd__mux2_4)
     2    0.00    0.05    0.28   20.92 v accumulator._2246_/X (sky130_fd_sc_hd__mux2_4)
                                         accumulator._0199_ (net)
                  0.05    0.00   20.92 v accumulator._2247_/A1 (sky130_fd_sc_hd__mux2_4)
     1    0.00    0.05    0.26   21.18 v accumulator._2247_/X (sky130_fd_sc_hd__mux2_4)
                                         accumulator._0200_ (net)
                  0.05    0.00   21.18 v accumulator._2249_/D (sky130_fd_sc_hd__or4_4)
     1    0.00    0.08    0.42   21.60 v accumulator._2249_/X (sky130_fd_sc_hd__or4_4)
                                         accumulator._0202_ (net)
                  0.08    0.00   21.60 v accumulator._2250_/C1 (sky130_fd_sc_hd__o211a_1)
     1    0.00    0.03    0.12   21.72 v accumulator._2250_/X (sky130_fd_sc_hd__o211a_1)
                                         accumulator._0020_ (net)
                  0.03    0.00   21.72 v accumulator._2375_/D (sky130_fd_sc_hd__dfxtp_1)
                                 21.72   data arrival time

                         25.00   25.00   clock clock (rise edge)
                          0.00   25.00   clock source latency
     1    0.01    0.04    0.03   25.03 ^ clock (in)
                                         clock (net)
                  0.04    0.00   25.03 ^ clkbuf_0_clock/A (sky130_fd_sc_hd__clkbuf_16)
     4    0.03    0.05    0.13   25.15 ^ clkbuf_0_clock/X (sky130_fd_sc_hd__clkbuf_16)
                                         clknet_0_clock (net)
                  0.05    0.00   25.15 ^ clkbuf_2_0__f_clock/A (sky130_fd_sc_hd__clkbuf_16)
    11    0.02    0.04    0.12   25.28 ^ clkbuf_2_0__f_clock/X (sky130_fd_sc_hd__clkbuf_16)
                                         clknet_2_0__leaf_clock (net)
                  0.04    0.00   25.28 ^ accumulator._2375_/CLK (sky130_fd_sc_hd__dfxtp_1)
                         -0.25   25.03   clock uncertainty
                          0.00   25.03   clock reconvergence pessimism
                         -0.11   24.92   library setup time
                                 24.92   data required time
-----------------------------------------------------------------------------
                                 24.92   data required time
                                -21.72   data arrival time
-----------------------------------------------------------------------------
                                  3.20   slack (MET)




===========================================================================
report_checks --slack_max -0.01
============================================================================
======================= Typical Corner ===================================

No paths found.


===========================================================================
 report_check_types -max_slew -max_cap -max_fanout -violators
============================================================================
======================= Typical Corner ===================================

max fanout

Pin                                   Limit Fanout  Slack
---------------------------------------------------------
clkbuf_2_0__f_clock/X                    10     11        (VIOLATED)


max slew violations count Typical: 0
max fanout violations count Typical: 1
max cap violations count Typical: 0

===========================================================================
report_parasitic_annotation -report_unannotated
============================================================================
Found 1672 unannotated drivers.
 clock
 io_inA[0]
 io_inA[1]
 io_inA[2]
 io_inA[3]
 io_inB[0]
 io_inB[1]
 io_inB[2]
 io_inB[3]
 io_inScaleA[0]
 io_inScaleA[1]
 io_inScaleA[2]
 io_inScaleA[3]
 io_inScaleA[4]
 io_inScaleA[5]
 io_inScaleA[6]
 io_inScaleA[7]
 io_inScaleB[0]
 io_inScaleB[1]
 io_inScaleB[2]
 io_inScaleB[3]
 io_inScaleB[4]
 io_inScaleB[5]
 io_inScaleB[6]
 io_inScaleB[7]
 io_resetAcc
 io_start
 reset
 _00_/X
 _01_/X
 _02_/X
 _03_/X
 _04_/X
 _05_/X
 _06_/X
 _07_/X
 _08_/X
 _09_/X
 _10_/X
 _11_/X
 _12_/X
 _13_/X
 _14_/X
 _15_/X
 _16_/X
 _17_/X
 _18_/X
 _19_/X
 _20_/X
 _21_/X
 _22_/X
 _23_/X
 _24_/X
 _25_/X
 _26_/X
 _27_/X
 _28_/X
 _29_/X
 _30_/X
 _31_/X
 accumulator._1177_/X
 accumulator._1178_/X
 accumulator._1179_/Y
 accumulator._1180_/X
 accumulator._1181_/X
 accumulator._1182_/X
 accumulator._1183_/X
 accumulator._1184_/X
 accumulator._1185_/X
 accumulator._1186_/X
 accumulator._1187_/X
 accumulator._1188_/Y
 accumulator._1189_/Y
 accumulator._1190_/Y
 accumulator._1191_/X
 accumulator._1192_/Y
 accumulator._1193_/X
 accumulator._1194_/Y
 accumulator._1195_/X
 accumulator._1196_/X
 accumulator._1197_/X
 accumulator._1198_/X
 accumulator._1199_/X
 accumulator._1200_/X
 accumulator._1201_/X
 accumulator._1202_/X
 accumulator._1203_/Y
 accumulator._1204_/X
 accumulator._1205_/Y
 accumulator._1206_/Y
 accumulator._1207_/X
 accumulator._1208_/X
 accumulator._1209_/X
 accumulator._1210_/X
 accumulator._1211_/X
 accumulator._1212_/X
 accumulator._1213_/X
 accumulator._1214_/X
 accumulator._1215_/Y
 accumulator._1216_/X
 accumulator._1217_/X
 accumulator._1218_/X
 accumulator._1219_/Y
 accumulator._1220_/X
 accumulator._1221_/X
 accumulator._1222_/X
 accumulator._1223_/Y
 accumulator._1224_/X
 accumulator._1225_/X
 accumulator._1226_/X
 accumulator._1227_/X
 accumulator._1228_/X
 accumulator._1229_/Y
 accumulator._1230_/Y
 accumulator._1231_/X
 accumulator._1232_/X
 accumulator._1233_/Y
 accumulator._1234_/X
 accumulator._1235_/Y
 accumulator._1236_/X
 accumulator._1237_/X
 accumulator._1238_/Y
 accumulator._1239_/Y
 accumulator._1240_/X
 accumulator._1241_/Y
 accumulator._1242_/X
 accumulator._1243_/X
 accumulator._1244_/X
 accumulator._1245_/X
 accumulator._1246_/X
 accumulator._1247_/X
 accumulator._1248_/Y
 accumulator._1249_/X
 accumulator._1250_/X
 accumulator._1251_/Y
 accumulator._1252_/X
 accumulator._1253_/Y
 accumulator._1254_/X
 accumulator._1255_/X
 accumulator._1256_/X
 accumulator._1257_/X
 accumulator._1258_/X
 accumulator._1259_/X
 accumulator._1260_/X
 accumulator._1261_/Y
 accumulator._1262_/X
 accumulator._1263_/X
 accumulator._1264_/X
 accumulator._1265_/X
 accumulator._1266_/X
 accumulator._1267_/Y
 accumulator._1268_/X
 accumulator._1269_/X
 accumulator._1270_/X
 accumulator._1271_/X
 accumulator._1272_/X
 accumulator._1273_/X
 accumulator._1274_/X
 accumulator._1275_/X
 accumulator._1276_/X
 accumulator._1277_/Y
 accumulator._1278_/Y
 accumulator._1279_/Y
 accumulator._1280_/X
 accumulator._1281_/X
 accumulator._1282_/X
 accumulator._1283_/Y
 accumulator._1284_/X
 accumulator._1285_/X
 accumulator._1286_/X
 accumulator._1287_/X
 accumulator._1288_/Y
 accumulator._1289_/Y
 accumulator._1290_/X
 accumulator._1291_/X
 accumulator._1292_/X
 accumulator._1293_/X
 accumulator._1294_/X
 accumulator._1295_/X
 accumulator._1296_/X
 accumulator._1297_/X
 accumulator._1298_/X
 accumulator._1299_/X
 accumulator._1300_/X
 accumulator._1301_/Y
 accumulator._1302_/X
 accumulator._1303_/Y
 accumulator._1304_/X
 accumulator._1305_/Y
 accumulator._1306_/X
 accumulator._1307_/Y
 accumulator._1308_/Y
 accumulator._1309_/Y
 accumulator._1310_/Y
 accumulator._1311_/X
 accumulator._1312_/Y
 accumulator._1313_/X
 accumulator._1314_/Y
 accumulator._1315_/Y
 accumulator._1316_/Y
 accumulator._1317_/X
 accumulator._1318_/X
 accumulator._1319_/X
 accumulator._1320_/X
 accumulator._1321_/X
 accumulator._1322_/Y
 accumulator._1323_/X
 accumulator._1324_/X
 accumulator._1325_/Y
 accumulator._1326_/X
 accumulator._1327_/X
 accumulator._1328_/Y
 accumulator._1329_/Y
 accumulator._1330_/X
 accumulator._1331_/X
 accumulator._1332_/X
 accumulator._1333_/X
 accumulator._1334_/X
 accumulator._1335_/X
 accumulator._1336_/X
 accumulator._1337_/X
 accumulator._1338_/X
 accumulator._1339_/X
 accumulator._1340_/X
 accumulator._1341_/X
 accumulator._1342_/X
 accumulator._1343_/X
 accumulator._1344_/X
 accumulator._1345_/X
 accumulator._1346_/X
 accumulator._1347_/X
 accumulator._1348_/X
 accumulator._1349_/X
 accumulator._1350_/Y
 accumulator._1351_/X
 accumulator._1352_/X
 accumulator._1353_/X
 accumulator._1354_/X
 accumulator._1355_/X
 accumulator._1356_/X
 accumulator._1357_/X
 accumulator._1358_/X
 accumulator._1359_/X
 accumulator._1360_/X
 accumulator._1361_/X
 accumulator._1362_/X
 accumulator._1363_/X
 accumulator._1364_/X
 accumulator._1365_/Y
 accumulator._1366_/Y
 accumulator._1367_/X
 accumulator._1368_/Y
 accumulator._1369_/X
 accumulator._1370_/X
 accumulator._1371_/X
 accumulator._1372_/Y
 accumulator._1373_/Y
 accumulator._1374_/X
 accumulator._1375_/X
 accumulator._1376_/X
 accumulator._1377_/X
 accumulator._1378_/X
 accumulator._1379_/X
 accumulator._1380_/X
 accumulator._1381_/X
 accumulator._1382_/X
 accumulator._1383_/X
 accumulator._1384_/X
 accumulator._1385_/X
 accumulator._1386_/X
 accumulator._1387_/X
 accumulator._1388_/X
 accumulator._1389_/X
 accumulator._1390_/X
 accumulator._1391_/X
 accumulator._1392_/Y
 accumulator._1393_/Y
 accumulator._1394_/X
 accumulator._1395_/X
 accumulator._1396_/X
 accumulator._1397_/X
 accumulator._1398_/X
 accumulator._1399_/X
 accumulator._1400_/X
 accumulator._1401_/X
 accumulator._1402_/X
 accumulator._1403_/X
 accumulator._1404_/X
 accumulator._1405_/X
 accumulator._1406_/X
 accumulator._1407_/X
 accumulator._1408_/X
 accumulator._1409_/X
 accumulator._1410_/X
 accumulator._1411_/X
 accumulator._1412_/X
 accumulator._1413_/X
 accumulator._1414_/X
 accumulator._1415_/X
 accumulator._1416_/X
 accumulator._1417_/X
 accumulator._1418_/Y
 accumulator._1419_/X
 accumulator._1420_/X
 accumulator._1421_/X
 accumulator._1422_/Y
 accumulator._1423_/X
 accumulator._1424_/Y
 accumulator._1425_/X
 accumulator._1426_/X
 accumulator._1427_/X
 accumulator._1428_/X
 accumulator._1429_/X
 accumulator._1430_/X
 accumulator._1431_/X
 accumulator._1432_/X
 accumulator._1433_/Y
 accumulator._1434_/X
 accumulator._1435_/X
 accumulator._1436_/X
 accumulator._1437_/X
 accumulator._1438_/X
 accumulator._1439_/X
 accumulator._1440_/X
 accumulator._1441_/X
 accumulator._1442_/Y
 accumulator._1443_/X
 accumulator._1444_/X
 accumulator._1445_/X
 accumulator._1446_/Y
 accumulator._1447_/X
 accumulator._1448_/X
 accumulator._1449_/X
 accumulator._1450_/X
 accumulator._1451_/X
 accumulator._1452_/X
 accumulator._1453_/X
 accumulator._1454_/X
 accumulator._1455_/X
 accumulator._1456_/X
 accumulator._1457_/X
 accumulator._1458_/X
 accumulator._1459_/X
 accumulator._1460_/X
 accumulator._1461_/X
 accumulator._1462_/X
 accumulator._1463_/X
 accumulator._1464_/X
 accumulator._1465_/X
 accumulator._1466_/X
 accumulator._1467_/X
 accumulator._1468_/X
 accumulator._1469_/X
 accumulator._1470_/X
 accumulator._1471_/Y
 accumulator._1472_/Y
 accumulator._1473_/Y
 accumulator._1474_/X
 accumulator._1475_/Y
 accumulator._1476_/X
 accumulator._1477_/Y
 accumulator._1478_/Y
 accumulator._1479_/X
 accumulator._1480_/Y
 accumulator._1481_/X
 accumulator._1482_/X
 accumulator._1483_/X
 accumulator._1484_/X
 accumulator._1485_/Y
 accumulator._1486_/X
 accumulator._1487_/X
 accumulator._1488_/Y
 accumulator._1489_/X
 accumulator._1490_/Y
 accumulator._1491_/X
 accumulator._1492_/X
 accumulator._1493_/X
 accumulator._1494_/X
 accumulator._1495_/X
 accumulator._1496_/X
 accumulator._1497_/X
 accumulator._1498_/X
 accumulator._1499_/X
 accumulator._1500_/Y
 accumulator._1501_/X
 accumulator._1502_/X
 accumulator._1503_/Y
 accumulator._1504_/X
 accumulator._1505_/Y
 accumulator._1506_/Y
 accumulator._1507_/X
 accumulator._1508_/X
 accumulator._1509_/X
 accumulator._1510_/X
 accumulator._1511_/Y
 accumulator._1512_/X
 accumulator._1513_/X
 accumulator._1514_/X
 accumulator._1515_/Y
 accumulator._1516_/X
 accumulator._1517_/X
 accumulator._1518_/Y
 accumulator._1519_/X
 accumulator._1520_/X
 accumulator._1521_/X
 accumulator._1522_/X
 accumulator._1523_/X
 accumulator._1524_/X
 accumulator._1525_/X
 accumulator._1526_/X
 accumulator._1527_/X
 accumulator._1528_/X
 accumulator._1529_/X
 accumulator._1530_/X
 accumulator._1531_/X
 accumulator._1532_/X
 accumulator._1533_/X
 accumulator._1534_/X
 accumulator._1535_/X
 accumulator._1536_/X
 accumulator._1537_/X
 accumulator._1538_/X
 accumulator._1539_/Y
 accumulator._1540_/X
 accumulator._1541_/X
 accumulator._1542_/X
 accumulator._1543_/X
 accumulator._1544_/X
 accumulator._1545_/X
 accumulator._1546_/X
 accumulator._1547_/X
 accumulator._1548_/X
 accumulator._1549_/X
 accumulator._1550_/Y
 accumulator._1551_/X
 accumulator._1552_/X
 accumulator._1553_/Y
 accumulator._1554_/X
 accumulator._1555_/Y
 accumulator._1556_/X
 accumulator._1557_/X
 accumulator._1558_/X
 accumulator._1559_/X
 accumulator._1560_/X
 accumulator._1561_/X
 accumulator._1562_/X
 accumulator._1563_/X
 accumulator._1564_/X
 accumulator._1565_/Y
 accumulator._1566_/Y
 accumulator._1567_/X
 accumulator._1568_/Y
 accumulator._1569_/X
 accumulator._1570_/X
 accumulator._1571_/Y
 accumulator._1572_/X
 accumulator._1573_/Y
 accumulator._1574_/X
 accumulator._1575_/Y
 accumulator._1576_/X
 accumulator._1577_/X
 accumulator._1578_/X
 accumulator._1579_/X
 accumulator._1580_/X
 accumulator._1581_/Y
 accumulator._1582_/X
 accumulator._1583_/Y
 accumulator._1584_/Y
 accumulator._1585_/Y
 accumulator._1586_/X
 accumulator._1587_/Y
 accumulator._1588_/Y
 accumulator._1589_/X
 accumulator._1590_/X
 accumulator._1591_/Y
 accumulator._1592_/X
 accumulator._1593_/X
 accumulator._1594_/X
 accumulator._1595_/X
 accumulator._1596_/X
 accumulator._1597_/Y
 accumulator._1598_/X
 accumulator._1599_/X
 accumulator._1600_/Y
 accumulator._1601_/X
 accumulator._1602_/X
 accumulator._1603_/X
 accumulator._1604_/X
 accumulator._1605_/X
 accumulator._1606_/X
 accumulator._1607_/X
 accumulator._1608_/X
 accumulator._1609_/Y
 accumulator._1610_/Y
 accumulator._1611_/Y
 accumulator._1612_/Y
 accumulator._1613_/Y
 accumulator._1614_/X
 accumulator._1615_/X
 accumulator._1616_/X
 accumulator._1617_/X
 accumulator._1618_/X
 accumulator._1619_/X
 accumulator._1620_/Y
 accumulator._1621_/X
 accumulator._1622_/X
 accumulator._1623_/Y
 accumulator._1624_/Y
 accumulator._1625_/Y
 accumulator._1626_/Y
 accumulator._1627_/X
 accumulator._1628_/Y
 accumulator._1629_/X
 accumulator._1630_/X
 accumulator._1631_/X
 accumulator._1632_/Y
 accumulator._1633_/X
 accumulator._1634_/X
 accumulator._1635_/Y
 accumulator._1636_/X
 accumulator._1637_/X
 accumulator._1638_/X
 accumulator._1639_/X
 accumulator._1640_/X
 accumulator._1641_/X
 accumulator._1642_/X
 accumulator._1643_/X
 accumulator._1644_/Y
 accumulator._1645_/Y
 accumulator._1646_/X
 accumulator._1647_/Y
 accumulator._1648_/Y
 accumulator._1649_/X
 accumulator._1650_/Y
 accumulator._1651_/X
 accumulator._1652_/Y
 accumulator._1653_/Y
 accumulator._1654_/X
 accumulator._1655_/Y
 accumulator._1656_/Y
 accumulator._1657_/X
 accumulator._1658_/Y
 accumulator._1659_/Y
 accumulator._1660_/X
 accumulator._1661_/X
 accumulator._1662_/Y
 accumulator._1663_/X
 accumulator._1664_/X
 accumulator._1665_/X
 accumulator._1666_/Y
 accumulator._1667_/X
 accumulator._1668_/Y
 accumulator._1669_/X
 accumulator._1670_/X
 accumulator._1671_/Y
 accumulator._1672_/X
 accumulator._1673_/Y
 accumulator._1674_/X
 accumulator._1675_/X
 accumulator._1676_/X
 accumulator._1677_/Y
 accumulator._1678_/Y
 accumulator._1679_/Y
 accumulator._1680_/Y
 accumulator._1681_/X
 accumulator._1682_/Y
 accumulator._1683_/X
 accumulator._1684_/X
 accumulator._1685_/X
 accumulator._1686_/X
 accumulator._1687_/Y
 accumulator._1688_/Y
 accumulator._1689_/Y
 accumulator._1690_/X
 accumulator._1691_/X
 accumulator._1692_/X
 accumulator._1693_/X
 accumulator._1694_/X
 accumulator._1695_/X
 accumulator._1696_/Y
 accumulator._1697_/Y
 accumulator._1698_/X
 accumulator._1699_/X
 accumulator._1700_/X
 accumulator._1701_/X
 accumulator._1702_/Y
 accumulator._1703_/X
 accumulator._1704_/X
 accumulator._1705_/X
 accumulator._1706_/X
 accumulator._1707_/Y
 accumulator._1708_/X
 accumulator._1709_/Y
 accumulator._1710_/Y
 accumulator._1711_/X
 accumulator._1712_/Y
 accumulator._1713_/X
 accumulator._1714_/X
 accumulator._1715_/Y
 accumulator._1716_/Y
 accumulator._1717_/X
 accumulator._1718_/X
 accumulator._1719_/X
 accumulator._1720_/Y
 accumulator._1721_/X
 accumulator._1722_/X
 accumulator._1723_/Y
 accumulator._1724_/X
 accumulator._1725_/X
 accumulator._1726_/Y
 accumulator._1727_/Y
 accumulator._1728_/Y
 accumulator._1729_/X
 accumulator._1730_/X
 accumulator._1731_/X
 accumulator._1732_/X
 accumulator._1733_/Y
 accumulator._1734_/Y
 accumulator._1735_/Y
 accumulator._1736_/X
 accumulator._1737_/Y
 accumulator._1738_/X
 accumulator._1739_/Y
 accumulator._1740_/X
 accumulator._1741_/Y
 accumulator._1742_/Y
 accumulator._1743_/X
 accumulator._1744_/X
 accumulator._1745_/X
 accumulator._1746_/Y
 accumulator._1747_/X
 accumulator._1748_/X
 accumulator._1749_/X
 accumulator._1750_/X
 accumulator._1751_/X
 accumulator._1752_/X
 accumulator._1753_/X
 accumulator._1754_/Y
 accumulator._1755_/X
 accumulator._1756_/X
 accumulator._1757_/Y
 accumulator._1758_/Y
 accumulator._1759_/Y
 accumulator._1760_/Y
 accumulator._1761_/X
 accumulator._1762_/X
 accumulator._1763_/X
 accumulator._1764_/Y
 accumulator._1765_/Y
 accumulator._1766_/X
 accumulator._1767_/Y
 accumulator._1768_/X
 accumulator._1769_/Y
 accumulator._1770_/Y
 accumulator._1771_/Y
 accumulator._1772_/X
 accumulator._1773_/X
 accumulator._1774_/X
 accumulator._1775_/Y
 accumulator._1776_/Y
 accumulator._1777_/Y
 accumulator._1778_/Y
 accumulator._1779_/X
 accumulator._1780_/X
 accumulator._1781_/X
 accumulator._1782_/X
 accumulator._1783_/X
 accumulator._1784_/X
 accumulator._1785_/Y
 accumulator._1786_/Y
 accumulator._1787_/X
 accumulator._1788_/X
 accumulator._1789_/X
 accumulator._1790_/X
 accumulator._1791_/Y
 accumulator._1792_/Y
 accumulator._1793_/X
 accumulator._1794_/Y
 accumulator._1795_/Y
 accumulator._1796_/Y
 accumulator._1797_/X
 accumulator._1798_/X
 accumulator._1799_/X
 accumulator._1800_/Y
 accumulator._1801_/X
 accumulator._1802_/X
 accumulator._1803_/X
 accumulator._1804_/X
 accumulator._1805_/X
 accumulator._1806_/X
 accumulator._1807_/Y
 accumulator._1808_/X
 accumulator._1809_/X
 accumulator._1810_/Y
 accumulator._1811_/X
 accumulator._1812_/Y
 accumulator._1813_/X
 accumulator._1814_/X
 accumulator._1815_/X
 accumulator._1816_/X
 accumulator._1817_/Y
 accumulator._1818_/Y
 accumulator._1819_/X
 accumulator._1820_/Y
 accumulator._1821_/X
 accumulator._1822_/Y
 accumulator._1823_/X
 accumulator._1824_/X
 accumulator._1825_/Y
 accumulator._1826_/Y
 accumulator._1827_/Y
 accumulator._1828_/Y
 accumulator._1829_/Y
 accumulator._1830_/Y
 accumulator._1831_/Y
 accumulator._1832_/X
 accumulator._1833_/X
 accumulator._1834_/Y
 accumulator._1835_/X
 accumulator._1836_/X
 accumulator._1837_/X
 accumulator._1838_/X
 accumulator._1839_/X
 accumulator._1840_/Y
 accumulator._1841_/Y
 accumulator._1842_/Y
 accumulator._1843_/X
 accumulator._1844_/X
 accumulator._1845_/X
 accumulator._1846_/X
 accumulator._1847_/X
 accumulator._1848_/X
 accumulator._1849_/X
 accumulator._1850_/X
 accumulator._1851_/Y
 accumulator._1852_/X
 accumulator._1853_/Y
 accumulator._1854_/X
 accumulator._1855_/Y
 accumulator._1856_/X
 accumulator._1857_/X
 accumulator._1858_/X
 accumulator._1859_/X
 accumulator._1860_/X
 accumulator._1861_/X
 accumulator._1862_/X
 accumulator._1863_/Y
 accumulator._1864_/Y
 accumulator._1865_/X
 accumulator._1866_/X
 accumulator._1867_/Y
 accumulator._1868_/Y
 accumulator._1869_/Y
 accumulator._1870_/X
 accumulator._1871_/X
 accumulator._1872_/Y
 accumulator._1873_/X
 accumulator._1874_/Y
 accumulator._1875_/X
 accumulator._1876_/X
 accumulator._1877_/X
 accumulator._1878_/Y
 accumulator._1879_/Y
 accumulator._1880_/X
 accumulator._1881_/Y
 accumulator._1882_/Y
 accumulator._1883_/Y
 accumulator._1884_/X
 accumulator._1885_/Y
 accumulator._1886_/Y
 accumulator._1887_/X
 accumulator._1888_/X
 accumulator._1889_/X
 accumulator._1890_/X
 accumulator._1891_/X
 accumulator._1892_/Y
 accumulator._1893_/X
 accumulator._1894_/Y
 accumulator._1895_/X
 accumulator._1896_/Y
 accumulator._1897_/X
 accumulator._1898_/X
 accumulator._1899_/Y
 accumulator._1900_/X
 accumulator._1901_/X
 accumulator._1902_/X
 accumulator._1903_/X
 accumulator._1904_/X
 accumulator._1905_/Y
 accumulator._1906_/Y
 accumulator._1907_/X
 accumulator._1908_/Y
 accumulator._1909_/X
 accumulator._1910_/X
 accumulator._1911_/Y
 accumulator._1912_/Y
 accumulator._1913_/Y
 accumulator._1914_/X
 accumulator._1915_/X
 accumulator._1916_/Y
 accumulator._1917_/X
 accumulator._1918_/Y
 accumulator._1919_/Y
 accumulator._1920_/X
 accumulator._1921_/X
 accumulator._1922_/X
 accumulator._1923_/X
 accumulator._1924_/X
 accumulator._1925_/X
 accumulator._1926_/X
 accumulator._1927_/X
 accumulator._1928_/X
 accumulator._1929_/X
 accumulator._1930_/X
 accumulator._1931_/X
 accumulator._1932_/Y
 accumulator._1933_/Y
 accumulator._1934_/X
 accumulator._1935_/X
 accumulator._1936_/Y
 accumulator._1937_/Y
 accumulator._1938_/Y
 accumulator._1939_/X
 accumulator._1940_/X
 accumulator._1941_/Y
 accumulator._1942_/Y
 accumulator._1943_/X
 accumulator._1944_/Y
 accumulator._1945_/X
 accumulator._1946_/Y
 accumulator._1947_/X
 accumulator._1948_/X
 accumulator._1949_/X
 accumulator._1950_/X
 accumulator._1951_/X
 accumulator._1952_/Y
 accumulator._1953_/X
 accumulator._1954_/Y
 accumulator._1955_/Y
 accumulator._1956_/Y
 accumulator._1957_/X
 accumulator._1958_/Y
 accumulator._1959_/X
 accumulator._1960_/X
 accumulator._1961_/X
 accumulator._1962_/Y
 accumulator._1963_/Y
 accumulator._1964_/Y
 accumulator._1965_/X
 accumulator._1966_/Y
 accumulator._1967_/Y
 accumulator._1968_/Y
 accumulator._1969_/Y
 accumulator._1970_/Y
 accumulator._1971_/Y
 accumulator._1972_/X
 accumulator._1973_/Y
 accumulator._1974_/X
 accumulator._1975_/X
 accumulator._1976_/X
 accumulator._1977_/Y
 accumulator._1978_/X
 accumulator._1979_/Y
 accumulator._1980_/X
 accumulator._1981_/X
 accumulator._1982_/X
 accumulator._1983_/X
 accumulator._1984_/X
 accumulator._1985_/Y
 accumulator._1986_/Y
 accumulator._1987_/X
 accumulator._1988_/X
 accumulator._1989_/Y
 accumulator._1990_/Y
 accumulator._1991_/Y
 accumulator._1992_/Y
 accumulator._1993_/Y
 accumulator._1994_/X
 accumulator._1995_/X
 accumulator._1996_/X
 accumulator._1997_/X
 accumulator._1998_/Y
 accumulator._1999_/X
 accumulator._2000_/Y
 accumulator._2001_/Y
 accumulator._2002_/X
 accumulator._2003_/Y
 accumulator._2004_/X
 accumulator._2005_/Y
 accumulator._2006_/X
 accumulator._2007_/Y
 accumulator._2008_/Y
 accumulator._2009_/Y
 accumulator._2010_/Y
 accumulator._2011_/Y
 accumulator._2012_/Y
 accumulator._2013_/Y
 accumulator._2014_/Y
 accumulator._2015_/X
 accumulator._2016_/X
 accumulator._2017_/Y
 accumulator._2018_/X
 accumulator._2019_/X
 accumulator._2020_/X
 accumulator._2021_/Y
 accumulator._2022_/Y
 accumulator._2023_/Y
 accumulator._2024_/X
 accumulator._2025_/Y
 accumulator._2026_/X
 accumulator._2027_/Y
 accumulator._2028_/Y
 accumulator._2029_/Y
 accumulator._2030_/X
 accumulator._2031_/X
 accumulator._2032_/X
 accumulator._2033_/X
 accumulator._2034_/Y
 accumulator._2035_/X
 accumulator._2036_/Y
 accumulator._2037_/Y
 accumulator._2038_/Y
 accumulator._2039_/X
 accumulator._2040_/Y
 accumulator._2041_/Y
 accumulator._2042_/Y
 accumulator._2043_/X
 accumulator._2044_/Y
 accumulator._2045_/X
 accumulator._2046_/Y
 accumulator._2047_/Y
 accumulator._2048_/Y
 accumulator._2049_/Y
 accumulator._2050_/Y
 accumulator._2051_/Y
 accumulator._2052_/Y
 accumulator._2053_/Y
 accumulator._2054_/X
 accumulator._2055_/Y
 accumulator._2056_/Y
 accumulator._2057_/Y
 accumulator._2058_/X
 accumulator._2059_/Y
 accumulator._2060_/Y
 accumulator._2061_/X
 accumulator._2062_/X
 accumulator._2063_/X
 accumulator._2064_/X
 accumulator._2065_/Y
 accumulator._2066_/Y
 accumulator._2067_/Y
 accumulator._2068_/X
 accumulator._2069_/X
 accumulator._2070_/X
 accumulator._2071_/Y
 accumulator._2072_/X
 accumulator._2073_/X
 accumulator._2074_/X
 accumulator._2075_/X
 accumulator._2076_/Y
 accumulator._2077_/X
 accumulator._2078_/Y
 accumulator._2079_/Y
 accumulator._2080_/X
 accumulator._2081_/X
 accumulator._2082_/X
 accumulator._2083_/X
 accumulator._2084_/Y
 accumulator._2085_/X
 accumulator._2086_/X
 accumulator._2087_/X
 accumulator._2088_/X
 accumulator._2089_/X
 accumulator._2090_/X
 accumulator._2091_/X
 accumulator._2092_/X
 accumulator._2093_/Y
 accumulator._2094_/Y
 accumulator._2095_/X
 accumulator._2096_/X
 accumulator._2097_/X
 accumulator._2098_/X
 accumulator._2099_/X
 accumulator._2100_/X
 accumulator._2101_/X
 accumulator._2102_/X
 accumulator._2103_/Y
 accumulator._2104_/Y
 accumulator._2105_/X
 accumulator._2106_/Y
 accumulator._2107_/X
 accumulator._2108_/X
 accumulator._2109_/X
 accumulator._2110_/X
 accumulator._2111_/X
 accumulator._2112_/Y
 accumulator._2113_/X
 accumulator._2114_/X
 accumulator._2115_/X
 accumulator._2116_/X
 accumulator._2117_/X
 accumulator._2118_/X
 accumulator._2119_/X
 accumulator._2120_/Y
 accumulator._2121_/X
 accumulator._2122_/Y
 accumulator._2123_/X
 accumulator._2124_/X
 accumulator._2125_/X
 accumulator._2126_/Y
 accumulator._2127_/Y
 accumulator._2128_/X
 accumulator._2129_/Y
 accumulator._2130_/X
 accumulator._2131_/X
 accumulator._2132_/X
 accumulator._2133_/Y
 accumulator._2134_/X
 accumulator._2135_/X
 accumulator._2136_/Y
 accumulator._2137_/X
 accumulator._2138_/X
 accumulator._2139_/X
 accumulator._2140_/X
 accumulator._2141_/X
 accumulator._2142_/X
 accumulator._2143_/X
 accumulator._2144_/Y
 accumulator._2145_/X
 accumulator._2146_/X
 accumulator._2147_/X
 accumulator._2148_/X
 accumulator._2149_/X
 accumulator._2150_/X
 accumulator._2151_/Y
 accumulator._2152_/X
 accumulator._2153_/X
 accumulator._2154_/X
 accumulator._2155_/X
 accumulator._2156_/Y
 accumulator._2157_/X
 accumulator._2158_/Y
 accumulator._2159_/X
 accumulator._2160_/Y
 accumulator._2161_/X
 accumulator._2162_/X
 accumulator._2163_/X
 accumulator._2164_/Y
 accumulator._2165_/X
 accumulator._2166_/X
 accumulator._2167_/X
 accumulator._2168_/Y
 accumulator._2169_/X
 accumulator._2170_/X
 accumulator._2171_/X
 accumulator._2172_/Y
 accumulator._2173_/X
 accumulator._2174_/X
 accumulator._2175_/X
 accumulator._2176_/X
 accumulator._2177_/X
 accumulator._2178_/X
 accumulator._2179_/X
 accumulator._2180_/Y
 accumulator._2181_/X
 accumulator._2182_/X
 accumulator._2183_/X
 accumulator._2184_/Y
 accumulator._2185_/X
 accumulator._2186_/Y
 accumulator._2187_/X
 accumulator._2188_/X
 accumulator._2189_/X
 accumulator._2190_/X
 accumulator._2191_/X
 accumulator._2192_/X
 accumulator._2193_/X
 accumulator._2194_/X
 accumulator._2195_/X
 accumulator._2196_/X
 accumulator._2197_/X
 accumulator._2198_/X
 accumulator._2199_/X
 accumulator._2200_/X
 accumulator._2201_/X
 accumulator._2202_/Y
 accumulator._2203_/Y
 accumulator._2204_/X
 accumulator._2205_/X
 accumulator._2206_/X
 accumulator._2207_/Y
 accumulator._2208_/X
 accumulator._2209_/X
 accumulator._2210_/X
 accumulator._2211_/Y
 accumulator._2212_/X
 accumulator._2213_/X
 accumulator._2214_/X
 accumulator._2215_/X
 accumulator._2216_/X
 accumulator._2217_/Y
 accumulator._2218_/X
 accumulator._2219_/X
 accumulator._2220_/Y
 accumulator._2221_/Y
 accumulator._2222_/X
 accumulator._2223_/X
 accumulator._2224_/X
 accumulator._2225_/Y
 accumulator._2226_/X
 accumulator._2227_/X
 accumulator._2228_/Y
 accumulator._2229_/X
 accumulator._2230_/X
 accumulator._2231_/X
 accumulator._2232_/Y
 accumulator._2233_/X
 accumulator._2234_/X
 accumulator._2235_/X
 accumulator._2236_/Y
 accumulator._2237_/X
 accumulator._2238_/X
 accumulator._2239_/X
 accumulator._2240_/Y
 accumulator._2241_/Y
 accumulator._2242_/X
 accumulator._2243_/X
 accumulator._2244_/X
 accumulator._2245_/X
 accumulator._2246_/X
 accumulator._2247_/X
 accumulator._2248_/Y
 accumulator._2249_/X
 accumulator._2250_/X
 accumulator._2251_/X
 accumulator._2252_/X
 accumulator._2253_/X
 accumulator._2254_/X
 accumulator._2255_/Y
 accumulator._2256_/X
 accumulator._2257_/X
 accumulator._2258_/Y
 accumulator._2259_/Y
 accumulator._2260_/X
 accumulator._2261_/Y
 accumulator._2262_/X
 accumulator._2263_/X
 accumulator._2264_/X
 accumulator._2265_/X
 accumulator._2266_/Y
 accumulator._2267_/Y
 accumulator._2268_/Y
 accumulator._2269_/X
 accumulator._2270_/Y
 accumulator._2271_/Y
 accumulator._2272_/X
 accumulator._2273_/X
 accumulator._2274_/X
 accumulator._2275_/Y
 accumulator._2276_/Y
 accumulator._2277_/X
 accumulator._2278_/Y
 accumulator._2279_/X
 accumulator._2280_/Y
 accumulator._2281_/Y
 accumulator._2282_/X
 accumulator._2283_/X
 accumulator._2284_/X
 accumulator._2285_/X
 accumulator._2286_/Y
 accumulator._2287_/X
 accumulator._2288_/X
 accumulator._2289_/Y
 accumulator._2290_/Y
 accumulator._2291_/Y
 accumulator._2292_/X
 accumulator._2293_/Y
 accumulator._2294_/X
 accumulator._2295_/Y
 accumulator._2296_/X
 accumulator._2297_/X
 accumulator._2298_/X
 accumulator._2299_/Y
 accumulator._2300_/Y
 accumulator._2301_/Y
 accumulator._2302_/Y
 accumulator._2303_/Y
 accumulator._2304_/X
 accumulator._2305_/X
 accumulator._2306_/X
 accumulator._2307_/X
 accumulator._2308_/X
 accumulator._2309_/X
 accumulator._2310_/Y
 accumulator._2311_/X
 accumulator._2312_/X
 accumulator._2313_/X
 accumulator._2314_/X
 accumulator._2315_/X
 accumulator._2316_/Y
 accumulator._2317_/X
 accumulator._2318_/X
 accumulator._2319_/Y
 accumulator._2320_/X
 accumulator._2321_/Y
 accumulator._2322_/X
 accumulator._2323_/Y
 accumulator._2324_/Y
 accumulator._2325_/Y
 accumulator._2326_/Y
 accumulator._2327_/X
 accumulator._2328_/Y
 accumulator._2329_/X
 accumulator._2330_/Y
 accumulator._2331_/Y
 accumulator._2332_/X
 accumulator._2333_/X
 accumulator._2334_/X
 accumulator._2335_/Y
 accumulator._2336_/Y
 accumulator._2337_/Y
 accumulator._2338_/X
 accumulator._2339_/X
 accumulator._2340_/Y
 accumulator._2341_/X
 accumulator._2342_/X
 accumulator._2343_/X
 accumulator._2344_/X
 accumulator._2345_/X
 accumulator._2346_/X
 accumulator._2347_/Y
 accumulator._2348_/X
 accumulator._2349_/X
 accumulator._2350_/Y
 accumulator._2351_/Y
 accumulator._2352_/X
 accumulator._2353_/Y
 accumulator._2354_/X
 accumulator._2355_/Q
 accumulator._2356_/Q
 accumulator._2357_/Q
 accumulator._2358_/Q
 accumulator._2359_/Q
 accumulator._2360_/Q
 accumulator._2361_/Q
 accumulator._2362_/Q
 accumulator._2363_/Q
 accumulator._2364_/Q
 accumulator._2365_/Q
 accumulator._2366_/Q
 accumulator._2367_/Q
 accumulator._2368_/Q
 accumulator._2369_/Q
 accumulator._2370_/Q
 accumulator._2371_/Q
 accumulator._2372_/Q
 accumulator._2373_/Q
 accumulator._2374_/Q
 accumulator._2375_/Q
 accumulator._2376_/Q
 accumulator._2377_/Q
 accumulator._2378_/Q
 accumulator._2379_/Q
 accumulator._2380_/Q
 accumulator._2381_/Q
 accumulator._2382_/Q
 accumulator._2383_/Q
 accumulator._2384_/Q
 accumulator._2385_/Q
 accumulator._2386_/Q
 accumulator._2387_/Q
 accumulator._2388_/Q
 clkbuf_0_clock/X
 clkbuf_2_0__f_clock/X
 clkbuf_2_1__f_clock/X
 clkbuf_2_2__f_clock/X
 clkbuf_2_3__f_clock/X
 clkload0/Y
 clkload1/Y
 clkload2/Y
 clone1/X
 clone11/Y
 clone2/X
 clone38/X
 clone42/X
 clone43/X
 clone45/X
 clone46/X
 hold47/X
 hold48/X
 hold50/X
 hold51/X
 hold52/X
 hold53/X
 hold54/X
 hold55/X
 input1/X
 input10/X
 input11/X
 input12/X
 input13/X
 input14/X
 input15/X
 input16/X
 input17/X
 input18/X
 input19/X
 input2/X
 input20/X
 input21/X
 input22/X
 input3/X
 input4/X
 input5/X
 input6/X
 input7/X
 input8/X
 input9/X
 max_cap56/X
 operator._11_/X
 operator._12_/X
 operator._13_/X
 operator._14_/X
 operator._15_/X
 operator._16_/Y
 operator._17_/X
 operator._18_/X
 operator._19_/X
 operator._20_/X
 operator._21_/Y
 operator._22_/X
 operator._23_/Y
 operator._24_/X
 operator._25_/X
 operator._26_/X
 operator._27_/X
 operator._28_/X
 operator._29_/X
 output23/X
 output24/X
 output25/X
 output26/X
 output27/X
 output28/X
 output29/X
 output30/X
 output31/X
 output32/X
 output33/X
 output34/X
 output35/X
 output36/X
 output37/X
 output38/X
 output39/X
 output40/X
 output41/X
 output42/X
 output43/X
 output44/X
 output45/X
 output46/X
 output47/X
 output48/X
 output49/X
 output50/X
 output51/X
 output52/X
 output53/X
 output54/X
 output55/X
 rebuffer10/X
 rebuffer12/X
 rebuffer13/X
 rebuffer14/X
 rebuffer15/X
 rebuffer16/X
 rebuffer17/X
 rebuffer18/X
 rebuffer19/X
 rebuffer2/X
 rebuffer20/X
 rebuffer21/X
 rebuffer22/X
 rebuffer23/X
 rebuffer24/X
 rebuffer25/X
 rebuffer26/X
 rebuffer27/X
 rebuffer28/X
 rebuffer29/X
 rebuffer3/X
 rebuffer30/X
 rebuffer31/X
 rebuffer32/X
 rebuffer33/X
 rebuffer34/X
 rebuffer35/X
 rebuffer36/X
 rebuffer37/X
 rebuffer39/X
 rebuffer4/X
 rebuffer40/X
 rebuffer41/X
 rebuffer44/X
 rebuffer5/X
 rebuffer6/X
 rebuffer7/X
 rebuffer8/X
 rebuffer9/X
 scaleAdd._234_/X
 scaleAdd._235_/X
 scaleAdd._236_/Y
 scaleAdd._237_/Y
 scaleAdd._238_/X
 scaleAdd._239_/X
 scaleAdd._240_/X
 scaleAdd._241_/X
 scaleAdd._242_/Y
 scaleAdd._243_/Y
 scaleAdd._244_/X
 scaleAdd._245_/X
 scaleAdd._246_/X
 scaleAdd._247_/X
 scaleAdd._248_/X
 scaleAdd._249_/Y
 scaleAdd._250_/Y
 scaleAdd._251_/X
 scaleAdd._252_/Y
 scaleAdd._253_/X
 scaleAdd._254_/Y
 scaleAdd._255_/X
 scaleAdd._256_/X
 scaleAdd._257_/X
 scaleAdd._258_/Y
 scaleAdd._259_/X
 scaleAdd._260_/Y
 scaleAdd._261_/X
 scaleAdd._262_/Y
 scaleAdd._263_/X
 scaleAdd._264_/Y
 scaleAdd._265_/X
 scaleAdd._266_/X
 scaleAdd._267_/Y
 scaleAdd._268_/Y
 scaleAdd._269_/X
 scaleAdd._270_/Y
 scaleAdd._271_/Y
 scaleAdd._272_/X
 scaleAdd._273_/X
 scaleAdd._274_/X
 scaleAdd._275_/X
 scaleAdd._276_/Y
 scaleAdd._277_/X
 scaleAdd._278_/Y
 scaleAdd._279_/X
 scaleAdd._280_/X
 scaleAdd._281_/X
 scaleAdd._282_/X
 scaleAdd._283_/Y
 scaleAdd._284_/Y
 scaleAdd._285_/X
 scaleAdd._286_/Y
 scaleAdd._287_/Y
 scaleAdd._288_/Y
 scaleAdd._289_/X
 scaleAdd._290_/X
 scaleAdd._291_/Y
 scaleAdd._292_/Y
 scaleAdd._293_/X
 scaleAdd._294_/X
 scaleAdd._295_/X
 scaleAdd._296_/X
 scaleAdd._297_/Y
 scaleAdd._298_/Y
 scaleAdd._299_/Y
 scaleAdd._300_/Y
 scaleAdd._301_/X
 scaleAdd._302_/Y
 scaleAdd._303_/X
 scaleAdd._304_/X
 scaleAdd._305_/Y
 scaleAdd._306_/Y
 scaleAdd._307_/Y
 scaleAdd._308_/X
 scaleAdd._309_/Y
 scaleAdd._310_/Y
 scaleAdd._311_/X
 scaleAdd._312_/X
 scaleAdd._313_/Y
 scaleAdd._314_/Y
 scaleAdd._315_/X
 scaleAdd._316_/Y
 scaleAdd._317_/Y
 scaleAdd._318_/Y
 scaleAdd._319_/Y
 scaleAdd._320_/X
 scaleAdd._321_/X
 scaleAdd._322_/X
 scaleAdd._323_/Y
 scaleAdd._324_/X
 scaleAdd._325_/X
 scaleAdd._326_/Y
 scaleAdd._327_/Y
 scaleAdd._328_/X
 scaleAdd._329_/Y
 scaleAdd._330_/X
 scaleAdd._331_/X
 scaleAdd._332_/X
 scaleAdd._333_/X
 scaleAdd._334_/Y
 scaleAdd._335_/Y
 scaleAdd._336_/Y
 scaleAdd._337_/X
 scaleAdd._338_/X
 scaleAdd._339_/Y
 scaleAdd._340_/X
 scaleAdd._341_/Y
 scaleAdd._342_/X
 scaleAdd._343_/X
 scaleAdd._344_/Y
 scaleAdd._345_/Y
 scaleAdd._346_/X
 scaleAdd._347_/X
 scaleAdd._348_/X
 scaleAdd._349_/X
 scaleAdd._350_/Y
 scaleAdd._351_/X
 scaleAdd._352_/Y
 scaleAdd._353_/X
 scaleAdd._354_/Y
 scaleAdd._355_/X
 scaleAdd._356_/Y
 scaleAdd._357_/X
 scaleAdd._358_/X
 scaleAdd._359_/X
 scaleAdd._360_/X
 scaleAdd._361_/X
 scaleAdd._362_/X
 scaleAdd._363_/X
 scaleAdd._364_/Y
 scaleAdd._365_/Y
 scaleAdd._366_/X
 scaleAdd._367_/X
 scaleAdd._368_/Y
 scaleAdd._369_/Y
 scaleAdd._370_/Y
 scaleAdd._371_/Y
 scaleAdd._372_/X
 scaleAdd._373_/Y
 scaleAdd._374_/X
 scaleAdd._375_/Y
 scaleAdd._376_/X
 scaleAdd._377_/Y
 scaleAdd._378_/X
 scaleAdd._379_/Y
 scaleAdd._380_/X
 scaleAdd._381_/X
 scaleAdd._382_/X
 scaleAdd._383_/X
 scaleAdd._384_/Y
 scaleAdd._385_/Y
 scaleAdd._386_/Y
 scaleAdd._387_/X
 scaleAdd._388_/X
 scaleAdd._389_/Y
 scaleAdd._390_/Y
 scaleAdd._391_/Y
 scaleAdd._392_/X
 scaleAdd._393_/Y
 scaleAdd._394_/X
 scaleAdd._395_/Y
 scaleAdd._396_/Y
 scaleAdd._397_/X
 scaleAdd._398_/X
 scaleAdd._399_/X
 scaleAdd._400_/X
 scaleAdd._401_/Y
 scaleAdd._402_/Y
 scaleAdd._403_/Y
 scaleAdd._404_/Y
 scaleAdd._405_/Y
 scaleAdd._406_/Y
 scaleAdd._407_/X
 scaleAdd._408_/Y
 scaleAdd._409_/X
 scaleAdd._410_/X
 scaleAdd._411_/Y
 scaleAdd._412_/Y
 scaleAdd._413_/X
 scaleAdd._414_/Y
 scaleAdd._415_/Y
 scaleAdd._416_/Y
 scaleAdd._417_/X
 scaleAdd._418_/X
 scaleAdd._419_/Y
 scaleAdd._420_/Y
 scaleAdd._421_/X
 scaleAdd._422_/Y
 scaleAdd._423_/X
 scaleAdd._424_/X
 scaleAdd._425_/Y
 scaleAdd._426_/Y
 scaleAdd._427_/Y
 scaleAdd._428_/X
 scaleAdd._429_/Y
 scaleAdd._430_/Y
 scaleAdd._431_/X
 scaleAdd._432_/X
 scaleAdd._433_/X
 scaleAdd._434_/X
 scaleAdd._435_/Y
 scaleAdd._436_/Y
 scaleAdd._437_/X
 scaleAdd._438_/X
 scaleAdd._439_/Y
 scaleAdd._440_/X
 scaleAdd._441_/X
 scaleAdd._442_/X
 scaleAdd._443_/X
 scaleAdd._444_/X
 scaleAdd._445_/Y
 scaleAdd._446_/X
 scaleAdd._447_/X
 scaleAdd._448_/X
 scaleAdd._449_/X
 scaleAdd._450_/X
 scaleAdd._451_/Y
 scaleAdd._452_/X
 scaleAdd._453_/Y
 scaleAdd._454_/X
 scaleAdd._455_/X
 scaleAdd._456_/X
 scaleAdd._457_/X
 scaleAdd._458_/Y
 scaleAdd._459_/Y
 scaleAdd._460_/X
 scaleAdd._461_/Y
 scaleAdd._462_/Y
 scaleAdd._463_/X
 scaleAdd._464_/Y
 scaleAdd._465_/X
 scaleAdd._466_/Y
 scaleAdd._467_/X
 scaleAdd._468_/X
 scaleAdd._469_/Y
 scaleAdd._470_/X
 scaleAdd._471_/Y
 scaleAdd._472_/X
 scaleAdd._473_/Y
 scaleAdd._474_/Y
 scaleAdd._475_/Y
 scaleAdd._476_/X
 scaleAdd._477_/Y
 scaleAdd._478_/Y
 scaleAdd._479_/X
 scaleAdd._480_/X
 scaleAdd._481_/X
 scaleAdd._481__57/HI
 scaleAdd._481__57/LO
 scaleAdd._482_/Y
 scaleAdd._482__58/HI
 scaleAdd._482__58/LO
 scaleAdd._483_/Y
 scaleAdd._484_/X
 scaleAdd._485_/Y
 scaleAdd._486_/Y
 scaleAdd._487_/X
 scaleAdd._488_/Y
 scaleAdd._489_/Y
 scaleAdd._490_/X
 scaleAdd._491_/X
Found 0 partially unannotated drivers.

===========================================================================
max slew violation count 0
max fanout violation count 1
max cap violation count 0
============================================================================

===========================================================================
check_setup -verbose -unconstrained_endpoints -multiple_clock -no_clock -no_input_delay -loops -generated_clocks
===========================================================================
