
6. Printing statistics.

=== BFP_PE ===

        +----------Local Count, excluding submodules.
        |        +-Local Area, excluding submodules.
        |        | 
       91        - wires
      659        - wire bits
       68        - public wires
      636        - public wire bits
       10        - ports
      309        - port bits
       45   66.654 cells
       21   15.876   AO22D0BWP30P140
       22   49.896   DFCNQD1BWP30P140
        1    0.504   INR2D0BWP30P140
        1    0.378   NR2D0BWP30P140
       20        - submodules
       16        -   CustomOperator_E5M2_to_E5M2
        1        -   FPNAdder
        1        -   FixedFPTree_exp7_mant6_out6_vec16_range58
        1        -   ScaleAddition_E5M2_to_E5M2_scale_UE4M4
        1        -   ScaleToFP12b_E5M2_x_E5M2_UE4M4

   Chip area for module '\BFP_PE': 66.654000
     of which used for sequential elements: 49.896000 (74.86%)

=== FPNAdder ===

        +----------Local Count, excluding submodules.
        |        +-Local Area, excluding submodules.
        |        | 
      545        - wires
      644        - wire bits
        6        - public wires
      105        - public wire bits
        3        - ports
       63        - port bits
      560  342.972 cells
        8    4.032   AN2D0BWP30P140
        3     1.89   AN3D0BWP30P140
        4    3.024   AO211D0BWP30P140
        7     4.41   AO21D0BWP30P140
        1    0.756   AO22D0BWP30P140
       11     6.93   AOI211D0BWP30P140
       26   13.104   AOI21D0BWP30P140
        3    2.268   AOI221D0BWP30P140
       12     7.56   AOI22D0BWP30P140
        4     2.52   AOI31D0BWP30P140
        2    1.512   AOI32D0BWP30P140
        4    3.528   AOI33D0BWP30P140
       10     8.82   CKMUX2D0BWP30P140
       35     8.82   CKND0BWP30P140
       52   19.656   CKND2D0BWP30P140
        5     3.15   IAO21D0BWP30P140
       20    10.08   IND2D0BWP30P140
        2     1.26   IND3D0BWP30P140
        2    1.512   IND4D0BWP30P140
       28   14.112   INR2D0BWP30P140
        2     1.26   INR3D0BWP30P140
        5     3.78   INR4D0BWP30P140
        5     3.15   IOA21D0BWP30P140
        8    6.048   MAOI222D0BWP30P140
        2    1.512   MAOI22D0BWP30P140
       47   35.532   MUX2ND0BWP30P140
        1    1.764   MUX3D0BWP30P140
        1    1.638   MUX3ND0BWP30P140
        1    2.394   MUX4D0BWP30P140
        8   18.144   MUX4ND0BWP30P140
       19    9.576   ND3D0BWP30P140
        3     1.89   ND4D0BWP30P140
       45    17.01   NR2D0BWP30P140
       20    10.08   NR3D0BWP30P140
       24    15.12   NR4D0BWP30P140
        2    1.512   OA211D0BWP30P140
        3     1.89   OA21D0BWP30P140
        9     5.67   OAI211D0BWP30P140
       28   14.112   OAI21D0BWP30P140
        2    1.764   OAI221D0BWP30P140
        9     5.67   OAI22D0BWP30P140
        2     1.26   OAI31D0BWP30P140
        6    4.536   OAI32D0BWP30P140
        1    0.882   OAI33D0BWP30P140
        8    4.032   OR2D0BWP30P140
       37   32.634   XNR2UD0BWP30P140
       22   19.404   XOR2UD0BWP30P140
        1    1.764   XOR3UD0BWP30P140

   Chip area for module '\FPNAdder': 342.972000
     of which used for sequential elements: 0.000000 (0.00%)

=== ScaleToFP12b_E5M2_x_E5M2_UE4M4 ===

        +----------Local Count, excluding submodules.
        |        +-Local Area, excluding submodules.
        |        | 
      150        - wires
      192        - wire bits
        4        - public wires
       46        - public wire bits
        4        - ports
       46        - port bits
      167  109.116 cells
        7    3.528   AN2D0BWP30P140
        3     1.89   AN3D0BWP30P140
        2    1.512   AN4D0BWP30P140
        1    0.756   AO211D0BWP30P140
        2     1.26   AO21D0BWP30P140
        5     3.15   AOI211D0BWP30P140
        4    2.016   AOI21D0BWP30P140
        4    3.528   CKMUX2D0BWP30P140
        8    2.016   CKND0BWP30P140
       10     3.78   CKND2D0BWP30P140
        7     4.41   IAO21D0BWP30P140
        4    2.016   IND2D0BWP30P140
        1     0.63   IND3D0BWP30P140
        1    0.756   IND4D0BWP30P140
        6    3.024   INR2D0BWP30P140
        7     4.41   INR3D0BWP30P140
        3    2.268   INR4D0BWP30P140
        3    2.268   MAOI222D0BWP30P140
        1    0.756   MOAI22D0BWP30P140
       11    8.316   MUX2ND0BWP30P140
        1    1.638   MUX3ND0BWP30P140
        6   13.608   MUX4ND0BWP30P140
        1     0.63   ND4D0BWP30P140
       22    8.316   NR2D0BWP30P140
        8    4.032   NR3D0BWP30P140
        3     1.89   NR4D0BWP30P140
        1    0.756   OA211D0BWP30P140
        3     1.89   OA21D0BWP30P140
        1    0.882   OA22D0BWP30P140
        6    3.024   OAI21D0BWP30P140
        1    0.882   OAI221D0BWP30P140
        1    1.008   OAI222D0BWP30P140
        2     1.26   OAI22D0BWP30P140
        1     0.63   OAI31D0BWP30P140
        3    1.512   OR2D0BWP30P140
        1    0.756   OR4D0BWP30P140
       14   12.348   XNR2UD0BWP30P140
        2    1.764   XOR2UD0BWP30P140

   Chip area for module '\ScaleToFP12b_E5M2_x_E5M2_UE4M4': 109.116000
     of which used for sequential elements: 0.000000 (0.00%)

=== ScaleAddition_E5M2_to_E5M2_scale_UE4M4 ===

        +----------Local Count, excluding submodules.
        |        +-Local Area, excluding submodules.
        |        | 
      365        - wires
      412        - wire bits
        8        - public wires
       55        - public wire bits
        8        - ports
       55        - port bits
      381  271.908 cells
       15     7.56   AN2D0BWP30P140
        4     2.52   AN3D0BWP30P140
        5     3.78   AN4D0BWP30P140
        6     3.78   AO21D0BWP30P140
        2    1.512   AO22D0BWP30P140
        1     0.63   AOI211D0BWP30P140
       11    5.544   AOI21D0BWP30P140
        4     2.52   AOI22D0BWP30P140
        7     4.41   AOI31D0BWP30P140
        2    1.512   AOI32D0BWP30P140
       11    2.772   CKND0BWP30P140
       74   27.972   CKND2D0BWP30P140
        3     1.89   IAO21D0BWP30P140
       12    6.048   IND2D0BWP30P140
        2    1.512   IND4D0BWP30P140
       10     5.04   INR2D0BWP30P140
        2     1.26   IOA21D0BWP30P140
       38   28.728   MAOI222D0BWP30P140
        3    2.268   MOAI22D0BWP30P140
       11    5.544   ND3D0BWP30P140
        3     1.89   ND4D0BWP30P140
       19    7.182   NR2D0BWP30P140
        2    1.008   NR3D0BWP30P140
        1     0.63   NR4D0BWP30P140
        3     1.89   OA21D0BWP30P140
        1    0.882   OA22D0BWP30P140
        5     2.52   OAI21D0BWP30P140
        2     1.26   OAI22D0BWP30P140
        1     0.63   OAI31D0BWP30P140
        5     2.52   OR2D0BWP30P140
        2    1.512   OR4D0BWP30P140
       46   40.572   XNR2UD0BWP30P140
       18   31.752   XNR3UD0BWP30P140
        5    13.23   XNR4D0BWP30P140
       36   31.752   XOR2UD0BWP30P140
        9   15.876   XOR3UD0BWP30P140

   Chip area for module '\ScaleAddition_E5M2_to_E5M2_scale_UE4M4': 271.908000
     of which used for sequential elements: 0.000000 (0.00%)

=== FixedFPTree_exp7_mant6_out6_vec16_range58 ===

        +----------Local Count, excluding submodules.
        |        +-Local Area, excluding submodules.
        |        | 
    10354        - wires
    11885        - wire bits
       79        - public wires
     1610        - public wire bits
       51        - ports
      238        - port bits
    10289 7.02E+03 cells
      246  123.984   AN2D0BWP30P140
       68    42.84   AN3D0BWP30P140
       38   28.728   AN4D0BWP30P140
       18   13.608   AO211D0BWP30P140
      336   211.68   AO21D0BWP30P140
        6    4.536   AO22D0BWP30P140
      105    66.15   AOI211D0BWP30P140
      410   206.64   AOI21D0BWP30P140
       12    9.072   AOI221D0BWP30P140
        2    2.016   AOI222D0BWP30P140
       32    20.16   AOI22D0BWP30P140
       66    41.58   AOI31D0BWP30P140
       17   12.852   AOI32D0BWP30P140
        5     4.41   AOI33D0BWP30P140
       76   67.032   CKMUX2D0BWP30P140
      479  120.708   CKND0BWP30P140
      917  346.626   CKND2D0BWP30P140
      122    76.86   IAO21D0BWP30P140
        2    1.764   IAO22D0BWP30P140
      215   108.36   IND2D0BWP30P140
       42    26.46   IND3D0BWP30P140
       29   21.924   IND4D0BWP30P140
      198   99.792   INR2D0BWP30P140
       14     8.82   INR3D0BWP30P140
       20    15.12   INR4D0BWP30P140
      244   153.72   IOA21D0BWP30P140
      540   408.24   MAOI222D0BWP30P140
       12    9.072   MAOI22D0BWP30P140
       18   13.608   MOAI22D0BWP30P140
      244  184.464   MUX2ND0BWP30P140
        3    5.292   MUX3D0BWP30P140
       15    24.57   MUX3ND0BWP30P140
       19   45.486   MUX4D0BWP30P140
       88  199.584   MUX4ND0BWP30P140
      358  180.432   ND3D0BWP30P140
       80     50.4   ND4D0BWP30P140
     1105   417.69   NR2D0BWP30P140
      226  113.904   NR3D0BWP30P140
      141    88.83   NR4D0BWP30P140
       23   17.388   OA211D0BWP30P140
       42    26.46   OA21D0BWP30P140
        5     4.41   OA22D0BWP30P140
       49    30.87   OAI211D0BWP30P140
      345   173.88   OAI21D0BWP30P140
        3    2.646   OAI221D0BWP30P140
        4    4.032   OAI222D0BWP30P140
       30     18.9   OAI22D0BWP30P140
       76    47.88   OAI31D0BWP30P140
       23   17.388   OAI32D0BWP30P140
       14   12.348   OAI33D0BWP30P140
      140    70.56   OR2D0BWP30P140
       53    33.39   OR3D0BWP30P140
       29   21.924   OR4D0BWP30P140
     1196 1.05E+03   XNR2UD0BWP30P140
      233  411.012   XNR3UD0BWP30P140
        9   23.814   XNR4D0BWP30P140
     1233 1.09E+03   XOR2UD0BWP30P140
      211  372.204   XOR3UD0BWP30P140
        3    7.938   XOR4D0BWP30P140

   Chip area for module '\FixedFPTree_exp7_mant6_out6_vec16_range58': 7016.436000
     of which used for sequential elements: 0.000000 (0.00%)

=== CustomOperator_E5M2_to_E5M2 ===

        +----------Local Count, excluding submodules.
        |        +-Local Area, excluding submodules.
        |        | 
       58        - wires
       83        - wire bits
        5        - public wires
       30        - public wire bits
        5        - ports
       30        - port bits
       67   43.848 cells
        5     2.52   AN2D0BWP30P140
        1     0.63   AOI211D0BWP30P140
        2    1.008   AOI21D0BWP30P140
        1     0.63   AOI22D0BWP30P140
        2     1.26   AOI31D0BWP30P140
        3    0.756   CKND0BWP30P140
        5     1.89   CKND2D0BWP30P140
        6    3.024   IND2D0BWP30P140
        1    0.504   INR2D0BWP30P140
        2     1.26   INR3D0BWP30P140
        1     0.63   IOA21D0BWP30P140
        5     3.78   MAOI222D0BWP30P140
        2     1.26   ND4D0BWP30P140
        1    0.378   NR2D0BWP30P140
        3    1.512   NR3D0BWP30P140
        2    1.008   OAI21D0BWP30P140
        1     0.63   OAI22D0BWP30P140
        2    1.008   OR2D0BWP30P140
        1    0.756   OR4D0BWP30P140
       13   11.466   XNR2UD0BWP30P140
        1    1.764   XNR3UD0BWP30P140
        7    6.174   XOR2UD0BWP30P140

   Chip area for module '\CustomOperator_E5M2_to_E5M2': 43.848000
     of which used for sequential elements: 0.000000 (0.00%)

=== design hierarchy ===

        +----------Count including submodules.
        |        +-Area including submodules.
        |        | 
    12514 8.51E+03 BFP_PE
       67   43.848 CustomOperator_E5M2_to_E5M2
      560  342.972 FPNAdder
    10289 7.02E+03 FixedFPTree_exp7_mant6_out6_vec16_range58
      381  271.908 ScaleAddition_E5M2_to_E5M2_scale_UE4M4
      167  109.116 ScaleToFP12b_E5M2_x_E5M2_UE4M4

        +----------Count including submodules.
        |        +-Area including submodules.
        |        | 
    12433        - wires
    15120        - wire bits
      245        - public wires
     2932        - public wire bits
      156        - ports
     1191        - port bits
        -        - memories
        -        - memory bits
        -        - processes
    12514 8.51E+03 cells
      356  179.424   AN2D0BWP30P140
       78    49.14   AN3D0BWP30P140
       45    34.02   AN4D0BWP30P140
       23   17.388   AO211D0BWP30P140
      351   221.13   AO21D0BWP30P140
       30    22.68   AO22D0BWP30P140
      138    86.94   AOI211D0BWP30P140
      483  243.432   AOI21D0BWP30P140
       15    11.34   AOI221D0BWP30P140
        2    2.016   AOI222D0BWP30P140
       64    40.32   AOI22D0BWP30P140
      109    68.67   AOI31D0BWP30P140
       21   15.876   AOI32D0BWP30P140
        9    7.938   AOI33D0BWP30P140
       90    79.38   CKMUX2D0BWP30P140
      581  146.412   CKND0BWP30P140
     1133  428.274   CKND2D0BWP30P140
       22   49.896   DFCNQD1BWP30P140
      137    86.31   IAO21D0BWP30P140
        2    1.764   IAO22D0BWP30P140
      347  174.888   IND2D0BWP30P140
       45    28.35   IND3D0BWP30P140
       34   25.704   IND4D0BWP30P140
      259  130.536   INR2D0BWP30P140
       55    34.65   INR3D0BWP30P140
       28   21.168   INR4D0BWP30P140
      267   168.21   IOA21D0BWP30P140
      669  505.764   MAOI222D0BWP30P140
       14   10.584   MAOI22D0BWP30P140
       22   16.632   MOAI22D0BWP30P140
      302  228.312   MUX2ND0BWP30P140
        4    7.056   MUX3D0BWP30P140
       17   27.846   MUX3ND0BWP30P140
       20    47.88   MUX4D0BWP30P140
      102  231.336   MUX4ND0BWP30P140
      388  195.552   ND3D0BWP30P140
      119    74.97   ND4D0BWP30P140
     1208  456.624   NR2D0BWP30P140
      304  153.216   NR3D0BWP30P140
      169   106.47   NR4D0BWP30P140
       26   19.656   OA211D0BWP30P140
       51    32.13   OA21D0BWP30P140
        7    6.174   OA22D0BWP30P140
       58    36.54   OAI211D0BWP30P140
      416  209.664   OAI21D0BWP30P140
        6    5.292   OAI221D0BWP30P140
        5     5.04   OAI222D0BWP30P140
       59    37.17   OAI22D0BWP30P140
       80     50.4   OAI31D0BWP30P140
       29   21.924   OAI32D0BWP30P140
       15    13.23   OAI33D0BWP30P140
      188   94.752   OR2D0BWP30P140
       53    33.39   OR3D0BWP30P140
       48   36.288   OR4D0BWP30P140
     1501 1.32E+03   XNR2UD0BWP30P140
      267  470.988   XNR3UD0BWP30P140
       14   37.044   XNR4D0BWP30P140
     1405  1239.21   XOR2UD0BWP30P140
      221  389.844   XOR3UD0BWP30P140
        3    7.938   XOR4D0BWP30P140
       20     8442 submodules
       16  701.568   CustomOperator_E5M2_to_E5M2
        1  342.972   FPNAdder
        1 7.02E+03   FixedFPTree_exp7_mant6_out6_vec16_range58
        1  271.908   ScaleAddition_E5M2_to_E5M2_scale_UE4M4
        1  109.116   ScaleToFP12b_E5M2_x_E5M2_UE4M4

   Chip area for top module '\BFP_PE': 8508.654000
     of which used for sequential elements: 49.896000 (0.59%)

