Startpoint: reset (input port clocked by CORE_CLK)
Endpoint: _40_ (recovery check against rising-edge clock CORE_CLK)
Path Group: asynchronous
Path Type: max

    Delay      Time   Description
-------------------------------------------------------------
   0.0000    0.0000   clock CORE_CLK (rise edge)
   0.0000    0.0000   clock network delay (ideal)
   0.0000    0.0000 ^ input external delay
   0.0000    0.0000 ^ reset (in)
   0.0000    0.0000 ^ _40_/CDN (DFCNQD1BWP30P140)
             0.0000   data arrival time

   2.0000    2.0000   clock CORE_CLK (rise edge)
   0.0000    2.0000   clock network delay (ideal)
  -0.0500    1.9500   clock uncertainty
   0.0000    1.9500   clock reconvergence pessimism
             1.9500 ^ _40_/CP (DFCNQD1BWP30P140)
   0.0258    1.9758   library recovery time
             1.9758   data required time
-------------------------------------------------------------
             1.9758   data required time
            -0.0000   data arrival time
-------------------------------------------------------------
             1.9758   slack (MET)


Startpoint: io_op_b_i[13] (input port clocked by CORE_CLK)
Endpoint: _42_ (rising edge-triggered flip-flop clocked by CORE_CLK)
Path Group: CORE_CLK
Path Type: max

    Delay      Time   Description
-------------------------------------------------------------
   0.0000    0.0000   clock CORE_CLK (rise edge)
   0.0000    0.0000   clock network delay (ideal)
   0.0000    0.0000 ^ input external delay
   0.0000    0.0000 ^ io_op_b_i[13] (in)
   0.0109    0.0109 v op_1/_118_/ZN (NR3D0BWP30P140)
   0.0175    0.0284 v op_1/_119_/ZN (INR2D0BWP30P140)
   0.0321    0.0605 ^ op_1/_205_/ZN (NR2D0BWP30P140)
   0.0185    0.0791 ^ tree/_1360_/ZN (IND2D0BWP30P140)
   0.0201    0.0991 v tree/_1363_/ZN (AOI221D0BWP30P140)
   0.0175    0.1166 ^ tree/_1366_/ZN (OAI21D0BWP30P140)
   0.0343    0.1509 v tree/_1368_/ZN (MAOI22D0BWP30P140)
   0.0342    0.1851 v tree/_1375_/ZN (MUX2ND0BWP30P140)
   0.0248    0.2100 ^ tree/_1376_/ZN (AOI22D0BWP30P140)
   0.0214    0.2314 ^ tree/_1378_/Z (AO21D0BWP30P140)
   0.0315    0.2629 v tree/_1382_/ZN (AOI221D0BWP30P140)
   0.0422    0.3051 v tree/_1383_/Z (OR2D0BWP30P140)
   0.0276    0.3327 v tree/_1396_/Z (AO21D0BWP30P140)
   0.0286    0.3613 v tree/_1398_/ZN (XNR2UD0BWP30P140)
   0.0281    0.3894 ^ tree/_1407_/ZN (NR4D0BWP30P140)
   0.0257    0.4151 v tree/_1410_/ZN (OAI31D0BWP30P140)
   0.0797    0.4948 ^ tree/_1416_/ZN (AOI211D0BWP30P140)
   0.0499    0.5447 v tree/_1570_/ZN (MUX2ND0BWP30P140)
   0.0320    0.5767 v tree/_1571_/Z (AN2D0BWP30P140)
   0.0313    0.6080 ^ tree/_1572_/ZN (MAOI222D0BWP30P140)
   0.0331    0.6411 ^ tree/_1576_/Z (AO211D0BWP30P140)
   0.0324    0.6735 ^ tree/_1577_/Z (AN3D0BWP30P140)
   0.0477    0.7212 v tree/_1583_/ZN (OAI22D0BWP30P140)
   0.1366    0.8578 ^ tree/_1594_/ZN (AOI21D0BWP30P140)
   0.0472    0.9050 ^ tree/_1625_/ZN (MUX4ND0BWP30P140)
   0.0152    0.9202 v tree/_1629_/ZN (NR2D0BWP30P140)
   0.0317    0.9519 ^ tree/_1630_/ZN (NR2D0BWP30P140)
   0.0221    0.9740 ^ tree/_1631_/Z (OR2D0BWP30P140)
   0.0254    0.9994 v tree/_2283_/ZN (AOI31D0BWP30P140)
   0.0703    1.0697 v tree/_2296_/Z (XOR3UD0BWP30P140)
   0.0552    1.1250 v tree/_2303_/ZN (XNR3UD0BWP30P140)
   0.0188    1.1437 ^ tree/_2304_/ZN (CKND2D0BWP30P140)
   0.0236    1.1674 v tree/_2305_/ZN (MAOI222D0BWP30P140)
   0.0331    1.2004 ^ tree/_2306_/ZN (MAOI222D0BWP30P140)
   0.0302    1.2306 v tree/_2307_/ZN (MAOI222D0BWP30P140)
   0.0358    1.2664 ^ tree/_2309_/ZN (MAOI222D0BWP30P140)
   0.0305    1.2968 v tree/_2310_/ZN (MAOI222D0BWP30P140)
   0.0384    1.3353 ^ tree/_2312_/ZN (MAOI222D0BWP30P140)
   0.0256    1.3609 v tree/_2315_/ZN (OAI21D0BWP30P140)
   0.0370    1.3979 ^ tree/_2317_/ZN (MAOI222D0BWP30P140)
   0.0318    1.4298 v tree/_2319_/ZN (MAOI222D0BWP30P140)
   0.0397    1.4694 ^ tree/_2321_/ZN (MAOI222D0BWP30P140)
   0.0257    1.4951 v tree/_2324_/ZN (OAI21D0BWP30P140)
   0.0370    1.5321 ^ tree/_2326_/ZN (MAOI222D0BWP30P140)
   0.0278    1.5599 v tree/_2328_/ZN (MAOI222D0BWP30P140)
   0.0380    1.5979 ^ tree/_2329_/ZN (MAOI222D0BWP30P140)
   0.0245    1.6224 v tree/_2331_/ZN (OAI21D0BWP30P140)
   0.0288    1.6512 ^ tree/_2333_/ZN (AOI21D0BWP30P140)
   0.0291    1.6803 v tree/_2335_/ZN (MAOI222D0BWP30P140)
   0.0312    1.7116 ^ tree/_2337_/ZN (AOI21D0BWP30P140)
   0.0241    1.7356 v tree/_2339_/ZN (OAI21D0BWP30P140)
   0.0388    1.7745 ^ tree/_2341_/ZN (MAOI222D0BWP30P140)
   0.0284    1.8029 v tree/_2344_/ZN (OAI211D0BWP30P140)
   0.0326    1.8355 ^ tree/_2346_/ZN (AOI31D0BWP30P140)
   0.0262    1.8617 v tree/_2348_/ZN (OAI21D0BWP30P140)
   0.0283    1.8900 ^ tree/_2352_/ZN (AOI211D0BWP30P140)
   0.0150    1.9050 v tree/_2354_/ZN (OAI31D0BWP30P140)
   0.0581    1.9631 v tree/_2355_/Z (XOR2UD0BWP30P140)
   0.0583    2.0214 ^ tree/_2356_/ZN (CKND0BWP30P140)
   0.0204    2.0418 v tree/_2494_/ZN (AOI21D0BWP30P140)
   0.0223    2.0641 ^ tree/_2514_/ZN (OAI22D0BWP30P140)
   0.0124    2.0765 v tree/_2515_/ZN (AOI21D0BWP30P140)
   0.0171    2.0937 ^ tree/_2516_/ZN (OAI21D0BWP30P140)
   0.0123    2.1060 v tree/_2517_/ZN (AOI21D0BWP30P140)
   0.0174    2.1234 ^ tree/_2518_/ZN (OAI21D0BWP30P140)
   0.0214    2.1448 ^ tree/_2519_/ZN (IOA21D0BWP30P140)
   0.0208    2.1656 ^ tree/_2520_/ZN (IOA21D0BWP30P140)
   0.0209    2.1865 ^ tree/_2521_/ZN (IOA21D0BWP30P140)
   0.0205    2.2070 ^ tree/_2522_/ZN (IOA21D0BWP30P140)
   0.0117    2.2187 v tree/_2523_/ZN (AOI21D0BWP30P140)
   0.0165    2.2352 ^ tree/_2524_/ZN (OAI21D0BWP30P140)
   0.0120    2.2472 v tree/_2525_/ZN (AOI21D0BWP30P140)
   0.0257    2.2728 ^ tree/_2527_/ZN (OAI211D0BWP30P140)
   0.1604    2.4332 v tree/_2528_/ZN (CKND2D0BWP30P140)
   0.0855    2.5188 ^ tree/_2571_/ZN (MUX4ND0BWP30P140)
   0.0276    2.5463 v tree/_2573_/ZN (MUX2ND0BWP30P140)
   0.0392    2.5856 ^ tree/_2628_/ZN (AOI22D0BWP30P140)
   0.0449    2.6305 v tree/_2649_/ZN (OAI221D0BWP30P140)
   0.0360    2.6665 ^ tree/_2651_/ZN (NR4D0BWP30P140)
   0.0298    2.6963 v tree/_2652_/ZN (ND3D0BWP30P140)
   0.0290    2.7253 ^ tree/_2653_/ZN (NR3D0BWP30P140)
   0.0385    2.7638 v tree/_2695_/ZN (IND4D0BWP30P140)
   0.0259    2.7897 ^ tree/_2696_/ZN (OAI21D0BWP30P140)
   0.0260    2.8157 ^ tree/_2698_/ZN (INR2D0BWP30P140)
   0.0508    2.8665 v d2fpn/_098_/ZN (XNR3UD0BWP30P140)
   0.0298    2.8963 v d2fpn/_104_/Z (XOR2UD0BWP30P140)
   0.0315    2.9278 v d2fpn/_116_/ZN (XNR2UD0BWP30P140)
   0.0343    2.9621 ^ d2fpn/_117_/ZN (OAI31D0BWP30P140)
   0.0313    2.9934 v d2fpn/_119_/ZN (MAOI222D0BWP30P140)
   0.0420    3.0354 ^ d2fpn/_121_/ZN (MAOI222D0BWP30P140)
   0.0370    3.0724 v d2fpn/_132_/ZN (MAOI222D0BWP30P140)
   0.0253    3.0977 ^ d2fpn/_137_/Z (XOR2UD0BWP30P140)
   0.0765    3.1743 v d2fpn/_155_/ZN (OAI211D0BWP30P140)
   0.0586    3.2329 ^ d2fpn/_158_/ZN (AOI21D0BWP30P140)
   0.0271    3.2600 ^ accAdder/_461_/ZN (XNR2UD0BWP30P140)
   0.0293    3.2893 ^ accAdder/_462_/Z (AO21D0BWP30P140)
   0.0165    3.3058 v accAdder/_465_/ZN (AOI211D0BWP30P140)
   0.0332    3.3390 ^ accAdder/_467_/ZN (OAI31D0BWP30P140)
   0.0299    3.3689 v accAdder/_470_/ZN (OAI211D0BWP30P140)
   0.0294    3.3983 ^ accAdder/_492_/ZN (AOI21D0BWP30P140)
   0.0467    3.4450 v accAdder/_494_/ZN (OAI211D0BWP30P140)
   0.0876    3.5325 v accAdder/_518_/ZN (MUX2ND0BWP30P140)
   0.0860    3.6185 ^ accAdder/_543_/ZN (AOI31D0BWP30P140)
   0.0611    3.6796 v accAdder/_549_/ZN (ND3D0BWP30P140)
   0.0399    3.7195 v accAdder/_566_/Z (OA21D0BWP30P140)
   0.0311    3.7506 ^ accAdder/_589_/ZN (MUX3ND0BWP30P140)
   0.0331    3.7837 v accAdder/_677_/ZN (AOI221D0BWP30P140)
   0.0251    3.8088 ^ accAdder/_678_/ZN (ND3D0BWP30P140)
   0.0175    3.8263 v accAdder/_680_/ZN (OAI21D0BWP30P140)
   0.0236    3.8499 ^ accAdder/_681_/ZN (AOI21D0BWP30P140)
   0.0255    3.8754 v accAdder/_682_/ZN (MAOI222D0BWP30P140)
   0.0329    3.9083 ^ accAdder/_684_/ZN (MAOI222D0BWP30P140)
   0.0301    3.9384 v accAdder/_686_/ZN (MAOI222D0BWP30P140)
   0.0324    3.9708 ^ accAdder/_687_/ZN (AOI211D0BWP30P140)
   0.0238    3.9946 v accAdder/_688_/ZN (OAI32D0BWP30P140)
   0.0302    4.0248 ^ accAdder/_698_/ZN (AOI211D0BWP30P140)
   0.0230    4.0478 ^ accAdder/_700_/Z (OR2D0BWP30P140)
   0.1489    4.1967 v accAdder/_751_/ZN (AOI31D0BWP30P140)
   0.0882    4.2849 v accAdder/_791_/ZN (MUX4ND0BWP30P140)
   0.0430    4.3279 ^ accAdder/_792_/ZN (NR4D0BWP30P140)
   0.0345    4.3625 v accAdder/_798_/ZN (IND4D0BWP30P140)
   0.0296    4.3920 ^ accAdder/_801_/ZN (NR3D0BWP30P140)
   0.0291    4.4211 v accAdder/_803_/ZN (IND3D0BWP30P140)
   0.0406    4.4618 ^ accAdder/_805_/ZN (MAOI222D0BWP30P140)
   0.0426    4.5044 v accAdder/_810_/ZN (IND4D0BWP30P140)
   0.0444    4.5488 ^ accAdder/_820_/ZN (AOI211D0BWP30P140)
   0.0333    4.5821 ^ accAdder/_821_/Z (AN3D0BWP30P140)
   0.0241    4.6063 ^ accAdder/_828_/ZN (MAOI22D0BWP30P140)
   0.0569    4.6632 v accAdder/_855_/ZN (OAI31D0BWP30P140)
   0.0427    4.7059 ^ accAdder/_877_/ZN (INR4D0BWP30P140)
   0.0262    4.7321 ^ _32_/Z (AO22D0BWP30P140)
   0.0000    4.7321 ^ _42_/D (DFCNQD1BWP30P140)
             4.7321   data arrival time

   2.0000    2.0000   clock CORE_CLK (rise edge)
   0.0000    2.0000   clock network delay (ideal)
  -0.0500    1.9500   clock uncertainty
   0.0000    1.9500   clock reconvergence pessimism
             1.9500 ^ _42_/CP (DFCNQD1BWP30P140)
  -0.0170    1.9330   library setup time
             1.9330   data required time
-------------------------------------------------------------
             1.9330   data required time
            -4.7321   data arrival time
-------------------------------------------------------------
            -2.7991   slack (VIOLATED)


