
===========================================================================
 report_power
============================================================================
======================= Fastest Corner ===================================

Group                  Internal  Switching    Leakage      Total
                          Power      Power      Power      Power (Watts)
----------------------------------------------------------------
Sequential             1.19e-04   7.70e-05   5.15e-10   1.96e-04   1.6%
Combinational          5.08e-03   6.82e-03   1.33e-08   1.19e-02  97.7%
Clock                  5.33e-05   3.27e-05   4.03e-09   8.60e-05   0.7%
Macro                  0.00e+00   0.00e+00   0.00e+00   0.00e+00   0.0%
Pad                    0.00e+00   0.00e+00   0.00e+00   0.00e+00   0.0%
----------------------------------------------------------------
Total                  5.25e-03   6.93e-03   1.79e-08   1.22e-02 100.0%
                          43.1%      56.9%       0.0%

======================= Slowest Corner ===================================

Group                  Internal  Switching    Leakage      Total
                          Power      Power      Power      Power (Watts)
----------------------------------------------------------------
Sequential             8.16e-05   5.08e-05   4.74e-07   1.33e-04   1.6%
Combinational          3.72e-03   4.53e-03   8.69e-06   8.26e-03  97.7%
Clock                  3.81e-05   2.10e-05   1.10e-07   5.92e-05   0.7%
Macro                  0.00e+00   0.00e+00   0.00e+00   0.00e+00   0.0%
Pad                    0.00e+00   0.00e+00   0.00e+00   0.00e+00   0.0%
----------------------------------------------------------------
Total                  3.84e-03   4.60e-03   9.27e-06   8.45e-03 100.0%
                          45.4%      54.5%       0.1%

======================= Typical Corner ===================================

Group                  Internal  Switching    Leakage      Total
                          Power      Power      Power      Power (Watts)
----------------------------------------------------------------
Sequential             1.03e-04   6.49e-05   2.78e-10   1.68e-04   1.6%
Combinational          4.58e-03   5.77e-03   6.95e-09   1.03e-02  97.7%
Clock                  4.66e-05   2.75e-05   3.76e-09   7.41e-05   0.7%
Macro                  0.00e+00   0.00e+00   0.00e+00   0.00e+00   0.0%
Pad                    0.00e+00   0.00e+00   0.00e+00   0.00e+00   0.0%
----------------------------------------------------------------
Total                  4.73e-03   5.86e-03   1.10e-08   1.06e-02 100.0%
                          44.7%      55.3%       0.0%

