Startpoint: reset (input port clocked by CORE_CLK)
Endpoint: _42_ (recovery check against rising-edge clock CORE_CLK)
Path Group: asynchronous
Path Type: max

    Delay      Time   Description
-------------------------------------------------------------
   0.0000    0.0000   clock CORE_CLK (rise edge)
   0.0000    0.0000   clock network delay (ideal)
   0.0000    0.0000 ^ input external delay
   0.0000    0.0000 ^ reset (in)
   0.0000    0.0000 ^ _42_/CDN (DFCNQD1BWP30P140)
             0.0000   data arrival time

   2.0000    2.0000   clock CORE_CLK (rise edge)
   0.0000    2.0000   clock network delay (ideal)
  -0.0500    1.9500   clock uncertainty
   0.0000    1.9500   clock reconvergence pessimism
             1.9500 ^ _42_/CP (DFCNQD1BWP30P140)
   0.0258    1.9758   library recovery time
             1.9758   data required time
-------------------------------------------------------------
             1.9758   data required time
            -0.0000   data arrival time
-------------------------------------------------------------
             1.9758   slack (MET)


Startpoint: io_op_a_i[13] (input port clocked by CORE_CLK)
Endpoint: _57_ (rising edge-triggered flip-flop clocked by CORE_CLK)
Path Group: CORE_CLK
Path Type: max

    Delay      Time   Description
-------------------------------------------------------------
   0.0000    0.0000   clock CORE_CLK (rise edge)
   0.0000    0.0000   clock network delay (ideal)
   0.0000    0.0000 v input external delay
   0.0000    0.0000 v io_op_a_i[13] (in)
   0.0262    0.0262 v op_1/_49_/Z (OR3D0BWP30P140)
   0.0249    0.0511 ^ op_1/_64_/ZN (OAI211D0BWP30P140)
   0.0272    0.0783 v op_1/_74_/ZN (MAOI222D0BWP30P140)
   0.0457    0.1240 ^ op_1/_75_/ZN (MAOI222D0BWP30P140)
   0.0170    0.1410 v op_1/_79_/ZN (MAOI22D0BWP30P140)
   0.0789    0.2199 ^ op_1/_83_/ZN (AOI211D0BWP30P140)
   0.0144    0.2343 v tree/_1918_/ZN (CKND0BWP30P140)
   0.0179    0.2523 ^ tree/_1946_/ZN (OAI22D0BWP30P140)
   0.0523    0.3046 v tree/_1947_/ZN (OAI22D0BWP30P140)
   0.0401    0.3447 v tree/_1956_/ZN (MUX2ND0BWP30P140)
   0.0269    0.3716 ^ tree/_1958_/ZN (AOI22D0BWP30P140)
   0.0248    0.3964 ^ tree/_1959_/Z (OA21D0BWP30P140)
   0.0205    0.4169 ^ tree/_1966_/Z (OA21D0BWP30P140)
   0.0377    0.4546 ^ tree/_1969_/Z (OA21D0BWP30P140)
   0.0341    0.4887 ^ tree/_1981_/ZN (MUX2ND0BWP30P140)
   0.0271    0.5158 v tree/_1996_/ZN (XNR2UD0BWP30P140)
   0.0235    0.5393 ^ tree/_1998_/ZN (INR3D0BWP30P140)
   0.0271    0.5665 v tree/_1999_/ZN (AOI31D0BWP30P140)
   0.0682    0.6347 v tree/_2001_/ZN (IOA21D0BWP30P140)
   0.0753    0.7100 ^ tree/_2017_/ZN (MUX2ND0BWP30P140)
   0.0418    0.7519 v tree/_2023_/ZN (MAOI222D0BWP30P140)
   0.0331    0.7850 ^ tree/_2027_/ZN (AOI211D0BWP30P140)
   0.0133    0.7983 v tree/_2028_/ZN (NR2D0BWP30P140)
   0.0428    0.8411 ^ tree/_2044_/Z (XOR2UD0BWP30P140)
   0.0460    0.8871 v tree/_2048_/ZN (AOI31D0BWP30P140)
   0.0795    0.9665 ^ tree/_2052_/ZN (NR2D0BWP30P140)
   0.0450    1.0115 v tree/_2067_/ZN (MUX4ND0BWP30P140)
   0.0484    1.0599 ^ tree/_2109_/ZN (OAI32D0BWP30P140)
   0.0347    1.0946 ^ tree/_2137_/Z (AO22D0BWP30P140)
   0.0142    1.1088 v tree/_2140_/ZN (OAI21D0BWP30P140)
   0.0361    1.1450 v tree/_3204_/Z (XOR2UD0BWP30P140)
   0.0674    1.2124 v tree/_3219_/ZN (XNR3UD0BWP30P140)
   0.0525    1.2649 v tree/_3234_/ZN (XNR3UD0BWP30P140)
   0.0296    1.2945 v tree/_3250_/ZN (XNR2UD0BWP30P140)
   0.0281    1.3226 ^ tree/_3251_/ZN (AOI21D0BWP30P140)
   0.0300    1.3526 v tree/_3253_/ZN (MAOI222D0BWP30P140)
   0.0360    1.3886 ^ tree/_3255_/ZN (MAOI222D0BWP30P140)
   0.0304    1.4190 v tree/_3256_/ZN (MAOI222D0BWP30P140)
   0.0394    1.4584 ^ tree/_3258_/ZN (MAOI222D0BWP30P140)
   0.0245    1.4829 v tree/_3260_/ZN (OAI21D0BWP30P140)
   0.0279    1.5108 ^ tree/_3262_/ZN (AOI21D0BWP30P140)
   0.0192    1.5300 v tree/_3264_/ZN (OAI21D0BWP30P140)
   0.0346    1.5646 ^ tree/_3265_/ZN (MAOI222D0BWP30P140)
   0.0314    1.5960 v tree/_3267_/ZN (MAOI222D0BWP30P140)
   0.0399    1.6359 ^ tree/_3269_/ZN (MAOI222D0BWP30P140)
   0.0243    1.6602 v tree/_3271_/ZN (OAI21D0BWP30P140)
   0.0278    1.6880 ^ tree/_3273_/ZN (AOI21D0BWP30P140)
   0.0226    1.7105 v tree/_3275_/ZN (OAI21D0BWP30P140)
   0.0273    1.7378 ^ tree/_3277_/ZN (AOI21D0BWP30P140)
   0.0192    1.7570 v tree/_3279_/ZN (OAI21D0BWP30P140)
   0.0337    1.7907 ^ tree/_3280_/ZN (MAOI222D0BWP30P140)
   0.0241    1.8148 v tree/_3282_/ZN (OAI21D0BWP30P140)
   0.0277    1.8425 ^ tree/_3284_/ZN (AOI21D0BWP30P140)
   0.0238    1.8663 v tree/_3286_/ZN (OAI21D0BWP30P140)
   0.0364    1.9027 ^ tree/_3288_/ZN (MAOI222D0BWP30P140)
   0.0305    1.9332 v tree/_3290_/ZN (MAOI222D0BWP30P140)
   0.0351    1.9683 ^ tree/_3292_/ZN (AOI21D0BWP30P140)
   0.0274    1.9957 v tree/_3295_/ZN (OAI211D0BWP30P140)
   0.0333    2.0291 ^ tree/_3297_/ZN (AOI31D0BWP30P140)
   0.0322    2.0613 v tree/_3299_/ZN (MAOI222D0BWP30P140)
   0.0318    2.0931 ^ tree/_3302_/ZN (AOI211D0BWP30P140)
   0.0223    2.1155 v tree/_3304_/ZN (OAI31D0BWP30P140)
   0.0283    2.1438 ^ tree/_3306_/ZN (AOI21D0BWP30P140)
   0.0226    2.1664 v tree/_3308_/ZN (OAI21D0BWP30P140)
   0.0283    2.1947 ^ tree/_3310_/ZN (AOI21D0BWP30P140)
   0.0290    2.2237 v tree/_3312_/ZN (MAOI222D0BWP30P140)
   0.0269    2.2506 ^ tree/_3314_/ZN (AOI21D0BWP30P140)
   0.0282    2.2788 v tree/_3315_/ZN (MAOI222D0BWP30P140)
   0.0321    2.3109 ^ tree/_3317_/ZN (AOI21D0BWP30P140)
   0.0293    2.3401 v tree/_3319_/ZN (MAOI222D0BWP30P140)
   0.0349    2.3751 ^ tree/_3321_/ZN (AOI21D0BWP30P140)
   0.0274    2.4025 v tree/_3324_/ZN (OAI211D0BWP30P140)
   0.0292    2.4317 ^ tree/_3326_/ZN (AOI31D0BWP30P140)
   0.0688    2.5005 v tree/_3328_/Z (XOR2UD0BWP30P140)
   0.0855    2.5860 ^ tree/_3329_/ZN (CKND0BWP30P140)
   0.0109    2.5970 v tree/_3389_/ZN (CKND2D0BWP30P140)
   0.0414    2.6383 v tree/_3565_/Z (XOR2UD0BWP30P140)
   0.0212    2.6595 ^ tree/_3590_/ZN (OAI21D0BWP30P140)
   0.0125    2.6720 v tree/_3591_/ZN (AOI21D0BWP30P140)
   0.0172    2.6892 ^ tree/_3592_/ZN (OAI21D0BWP30P140)
   0.0123    2.7015 v tree/_3593_/ZN (AOI21D0BWP30P140)
   0.0172    2.7187 ^ tree/_3594_/ZN (OAI21D0BWP30P140)
   0.0123    2.7310 v tree/_3595_/ZN (AOI21D0BWP30P140)
   0.0172    2.7482 ^ tree/_3596_/ZN (OAI21D0BWP30P140)
   0.0123    2.7605 v tree/_3597_/ZN (AOI21D0BWP30P140)
   0.0172    2.7777 ^ tree/_3598_/ZN (OAI21D0BWP30P140)
   0.0123    2.7901 v tree/_3599_/ZN (AOI21D0BWP30P140)
   0.0172    2.8073 ^ tree/_3600_/ZN (OAI21D0BWP30P140)
   0.0123    2.8196 v tree/_3601_/ZN (AOI21D0BWP30P140)
   0.0175    2.8371 ^ tree/_3602_/ZN (OAI21D0BWP30P140)
   0.0214    2.8585 ^ tree/_3603_/ZN (IOA21D0BWP30P140)
   0.0205    2.8790 ^ tree/_3604_/ZN (IOA21D0BWP30P140)
   0.0118    2.8908 v tree/_3605_/ZN (AOI21D0BWP30P140)
   0.0230    2.9138 v tree/_3606_/ZN (IAO21D0BWP30P140)
   0.0207    2.9345 v tree/_3607_/ZN (IAO21D0BWP30P140)
   0.0144    2.9489 ^ tree/_3608_/ZN (OAI21D0BWP30P140)
   0.0225    2.9714 ^ tree/_3611_/Z (AO21D0BWP30P140)
   0.2437    3.2151 v tree/_3612_/ZN (CKND2D0BWP30P140)
   0.1037    3.3188 v tree/_3632_/ZN (MUX4ND0BWP30P140)
   0.0413    3.3600 ^ tree/_3726_/ZN (MUX2ND0BWP30P140)
   0.0272    3.3873 ^ tree/_3728_/ZN (MAOI22D0BWP30P140)
   0.0335    3.4207 v tree/_3729_/ZN (OAI211D0BWP30P140)
   0.0349    3.4556 ^ tree/_3767_/ZN (AOI211D0BWP30P140)
   0.0322    3.4878 v tree/_3781_/ZN (ND4D0BWP30P140)
   0.0247    3.5126 ^ tree/_3787_/ZN (ND4D0BWP30P140)
   0.0188    3.5314 ^ tree/_3788_/ZN (IND2D0BWP30P140)
   0.0088    3.5402 v tree/_3789_/ZN (NR2D0BWP30P140)
   0.0320    3.5722 ^ tree/_3791_/ZN (XNR2UD0BWP30P140)
   0.0227    3.5948 v sa/_332_/ZN (CKND2D0BWP30P140)
   0.0198    3.6146 v sa/_345_/Z (XOR2UD0BWP30P140)
   0.0305    3.6451 v sa/_363_/ZN (XNR2UD0BWP30P140)
   0.0355    3.6806 v sa/_367_/Z (XOR2UD0BWP30P140)
   0.0518    3.7325 v sa/_408_/ZN (XNR3UD0BWP30P140)
   0.0310    3.7635 v sa/_410_/ZN (XNR2UD0BWP30P140)
   0.0342    3.7977 v sa/_416_/Z (AO21D0BWP30P140)
   0.0160    3.8137 ^ sa/_417_/ZN (OAI221D0BWP30P140)
   0.0283    3.8420 v sa/_420_/ZN (AOI31D0BWP30P140)
   0.0384    3.8804 ^ sa/_422_/ZN (MAOI222D0BWP30P140)
   0.0187    3.8991 v sa/_425_/ZN (MAOI22D0BWP30P140)
   0.0318    3.9309 ^ sa/_449_/Z (XOR2UD0BWP30P140)
   0.0261    3.9570 v conv/_155_/ZN (IND2D0BWP30P140)
   0.0656    4.0226 v conv/_161_/Z (OA21D0BWP30P140)
   0.0534    4.0760 v conv/_195_/ZN (MUX4ND0BWP30P140)
   0.0653    4.1414 ^ conv/_198_/ZN (INR4D0BWP30P140)
   0.0473    4.1886 v conv/_205_/ZN (ND4D0BWP30P140)
   0.0507    4.2393 v conv/_210_/ZN (IND4D0BWP30P140)
   0.0519    4.2912 ^ conv/_214_/ZN (INR4D0BWP30P140)
   0.0317    4.3229 v conv/_220_/ZN (OAI211D0BWP30P140)
   0.0362    4.3590 ^ conv/_226_/ZN (AOI211D0BWP30P140)
   0.0222    4.3813 v conv/_229_/ZN (AOI32D0BWP30P140)
   0.0351    4.4164 ^ conv/_230_/Z (XOR2UD0BWP30P140)
   0.1108    4.5272 v conv/_239_/ZN (ND4D0BWP30P140)
   0.0743    4.6015 ^ conv/_265_/ZN (AOI211D0BWP30P140)
   0.0230    4.6245 v accAdder/_0516_/ZN (IND2D0BWP30P140)
   0.0295    4.6540 v accAdder/_0519_/ZN (IOA21D0BWP30P140)
   0.0413    4.6954 v accAdder/_0533_/Z (XOR2UD0BWP30P140)
   0.0304    4.7258 ^ accAdder/_0534_/ZN (NR2D0BWP30P140)
   0.0166    4.7423 v accAdder/_0540_/ZN (CKND2D0BWP30P140)
   0.0205    4.7628 ^ accAdder/_0549_/ZN (NR3D0BWP30P140)
   0.0533    4.8161 ^ accAdder/_0561_/ZN (INR4D0BWP30P140)
   0.0946    4.9107 v accAdder/_0588_/Z (CKMUX2D0BWP30P140)
   0.1083    5.0189 ^ accAdder/_0616_/ZN (OAI31D0BWP30P140)
   0.0321    5.0510 v accAdder/_0618_/ZN (NR3D0BWP30P140)
   0.0487    5.0997 ^ accAdder/_0697_/ZN (AOI222D0BWP30P140)
   0.0161    5.1157 v accAdder/_0768_/ZN (AOI211D0BWP30P140)
   0.0485    5.1643 ^ accAdder/_0772_/ZN (AOI211D0BWP30P140)
   0.0239    5.1881 v accAdder/_0774_/ZN (ND3D0BWP30P140)
   0.0228    5.2110 ^ accAdder/_0776_/ZN (OAI21D0BWP30P140)
   0.0237    5.2347 v accAdder/_0778_/ZN (MAOI222D0BWP30P140)
   0.0231    5.2579 ^ accAdder/_0779_/ZN (OAI21D0BWP30P140)
   0.0235    5.2814 ^ accAdder/_0780_/Z (AO21D0BWP30P140)
   0.0230    5.3044 v accAdder/_0781_/ZN (MAOI222D0BWP30P140)
   0.0336    5.3379 ^ accAdder/_0783_/ZN (MAOI222D0BWP30P140)
   0.0263    5.3643 ^ accAdder/_0785_/Z (AO21D0BWP30P140)
   0.0132    5.3775 v accAdder/_0795_/ZN (AOI211D0BWP30P140)
   0.0343    5.4118 ^ accAdder/_0796_/ZN (AOI21D0BWP30P140)
   0.0212    5.4329 ^ accAdder/_0799_/Z (XOR2UD0BWP30P140)
   0.0189    5.4518 v accAdder/_0869_/ZN (AOI211D0BWP30P140)
   0.1133    5.5651 ^ accAdder/_0870_/ZN (NR2D0BWP30P140)
   0.0524    5.6175 v accAdder/_0893_/ZN (MUX3ND0BWP30P140)
   0.0383    5.6558 ^ accAdder/_0903_/ZN (NR3D0BWP30P140)
   0.0411    5.6969 v accAdder/_0907_/ZN (ND4D0BWP30P140)
   0.0482    5.7451 ^ accAdder/_0917_/ZN (INR4D0BWP30P140)
   0.0337    5.7788 ^ accAdder/_0919_/ZN (INR3D0BWP30P140)
   0.0242    5.8030 ^ accAdder/_0920_/ZN (INR2D0BWP30P140)
   0.0341    5.8372 v accAdder/_0921_/ZN (MAOI222D0BWP30P140)
   0.0498    5.8869 v accAdder/_0927_/Z (OR4D0BWP30P140)
   0.0333    5.9202 v accAdder/_0937_/Z (AO211D0BWP30P140)
   0.0247    5.9450 ^ accAdder/_0941_/ZN (OAI31D0BWP30P140)
   0.1007    6.0457 v accAdder/_0944_/ZN (OAI211D0BWP30P140)
   0.0461    6.0918 ^ accAdder/_0957_/ZN (INR3D0BWP30P140)
   0.0279    6.1197 ^ _39_/Z (AO22D0BWP30P140)
   0.0000    6.1197 ^ _57_/D (DFCNQD1BWP30P140)
             6.1197   data arrival time

   2.0000    2.0000   clock CORE_CLK (rise edge)
   0.0000    2.0000   clock network delay (ideal)
  -0.0500    1.9500   clock uncertainty
   0.0000    1.9500   clock reconvergence pessimism
             1.9500 ^ _57_/CP (DFCNQD1BWP30P140)
  -0.0171    1.9329   library setup time
             1.9329   data required time
-------------------------------------------------------------
             1.9329   data required time
            -6.1197   data arrival time
-------------------------------------------------------------
            -4.1868   slack (VIOLATED)


