Startpoint: reset (input port clocked by CORE_CLK)
Endpoint: _068_ (recovery check against rising-edge clock CORE_CLK)
Path Group: asynchronous
Path Type: max

    Delay      Time   Description
-------------------------------------------------------------
   0.0000    0.0000   clock CORE_CLK (rise edge)
   0.0000    0.0000   clock network delay (ideal)
   0.0000    0.0000 ^ input external delay
   0.0000    0.0000 ^ reset (in)
   0.0000    0.0000 ^ _068_/CDN (DFCNQD1BWP30P140)
             0.0000   data arrival time

  20.0000   20.0000   clock CORE_CLK (rise edge)
   0.0000   20.0000   clock network delay (ideal)
  -0.0500   19.9500   clock uncertainty
   0.0000   19.9500   clock reconvergence pessimism
            19.9500 ^ _068_/CP (DFCNQD1BWP30P140)
   0.0258   19.9758   library recovery time
            19.9758   data required time
-------------------------------------------------------------
            19.9758   data required time
            -0.0000   data arrival time
-------------------------------------------------------------
            19.9758   slack (MET)


Startpoint: io_share_exp_B_i[5] (input port clocked by CORE_CLK)
Endpoint: _070_ (rising edge-triggered flip-flop clocked by CORE_CLK)
Path Group: CORE_CLK
Path Type: max

    Delay      Time   Description
-------------------------------------------------------------
   0.0000    0.0000   clock CORE_CLK (rise edge)
   0.0000    0.0000   clock network delay (ideal)
   0.0000    0.0000 v input external delay
   0.0000    0.0000 v io_share_exp_B_i[5] (in)
   0.0388    0.0388 v reducedSum_sa/_0550_/Z (OR4D0BWP30P140)
   0.0188    0.0576 ^ reducedSum_sa/_0554_/ZN (CKND2D0BWP30P140)
   0.0462    0.1038 v reducedSum_sa/_0584_/Z (XOR3UD0BWP30P140)
   0.0658    0.1696 v reducedSum_sa/_0594_/Z (XOR3UD0BWP30P140)
   0.0565    0.2262 v reducedSum_sa/_0604_/ZN (XNR3UD0BWP30P140)
   0.0353    0.2614 ^ reducedSum_sa/_0614_/ZN (MAOI222D0BWP30P140)
   0.0315    0.2929 v reducedSum_sa/_0616_/ZN (MAOI222D0BWP30P140)
   0.0383    0.3313 ^ reducedSum_sa/_0618_/ZN (MAOI222D0BWP30P140)
   0.0245    0.3558 v reducedSum_sa/_0620_/ZN (OAI21D0BWP30P140)
   0.0447    0.4005 v reducedSum_sa/_0629_/ZN (XNR2UD0BWP30P140)
   0.0371    0.4375 ^ reducedSum_sa/_0743_/ZN (CKND2D0BWP30P140)
   0.0576    0.4951 v reducedSum_sa/_0806_/ZN (XNR3UD0BWP30P140)
   0.0635    0.5586 v reducedSum_sa/_0839_/Z (XOR3UD0BWP30P140)
   0.0568    0.6154 v reducedSum_sa/_0875_/ZN (XNR3UD0BWP30P140)
   0.0582    0.6735 v reducedSum_sa/_0900_/ZN (XNR3UD0BWP30P140)
   0.0584    0.7319 v reducedSum_sa/_0926_/ZN (XNR3UD0BWP30P140)
   0.0314    0.7633 ^ reducedSum_sa/_0990_/ZN (MAOI222D0BWP30P140)
   0.0293    0.7926 v reducedSum_sa/_0991_/ZN (MAOI222D0BWP30P140)
   0.0348    0.8275 ^ reducedSum_sa/_0993_/ZN (AOI21D0BWP30P140)
   0.0351    0.8626 v reducedSum_sa/_0998_/ZN (OAI221D0BWP30P140)
   0.0335    0.8960 ^ reducedSum_sa/_1000_/ZN (AOI31D0BWP30P140)
   0.0246    0.9207 v reducedSum_sa/_1002_/ZN (OAI21D0BWP30P140)
   0.0358    0.9565 ^ reducedSum_sa/_1004_/ZN (MAOI222D0BWP30P140)
   0.0287    0.9852 v reducedSum_sa/_1008_/ZN (OAI22D0BWP30P140)
   0.0366    1.0218 ^ reducedSum_sa/_1023_/ZN (MAOI222D0BWP30P140)
   0.0241    1.0459 v reducedSum_sa/_1034_/Z (XOR2UD0BWP30P140)
   0.0175    1.0634 ^ reducedSum_reduced_nextLevel_adder/_0613_/ZN (CKND0BWP30P140)
   0.0202    1.0837 v reducedSum_reduced_nextLevel_adder/_0674_/ZN (OAI22D0BWP30P140)
   0.0219    1.1056 ^ reducedSum_reduced_nextLevel_adder/_0676_/ZN (AOI21D0BWP30P140)
   0.0267    1.1323 v reducedSum_reduced_nextLevel_adder/_0677_/ZN (OAI211D0BWP30P140)
   0.0188    1.1511 ^ reducedSum_reduced_nextLevel_adder/_0680_/ZN (NR2D0BWP30P140)
   0.0132    1.1643 v reducedSum_reduced_nextLevel_adder/_0681_/ZN (AOI221D0BWP30P140)
   0.0168    1.1811 ^ reducedSum_reduced_nextLevel_adder/_0682_/ZN (OAI31D0BWP30P140)
   0.4250    1.6061 v reducedSum_reduced_nextLevel_adder/_0684_/ZN (AOI21D0BWP30P140)
   0.1584    1.7645 ^ reducedSum_reduced_nextLevel_adder/_0865_/ZN (MUX4ND0BWP30P140)
   0.0249    1.7895 v reducedSum_reduced_nextLevel_adder/_0885_/ZN (MUX2ND0BWP30P140)
   0.0317    1.8211 v reducedSum_reduced_nextLevel_adder/_0954_/ZN (MOAI22D0BWP30P140)
   0.0451    1.8662 ^ reducedSum_reduced_nextLevel_adder/_0956_/ZN (AOI211D0BWP30P140)
   0.0370    1.9033 ^ reducedSum_reduced_nextLevel_adder/_0961_/Z (AN3D0BWP30P140)
   0.0245    1.9278 v reducedSum_reduced_nextLevel_adder/_0966_/ZN (AOI31D0BWP30P140)
   0.0284    1.9562 ^ reducedSum_reduced_nextLevel_adder/_0967_/ZN (OAI221D0BWP30P140)
   0.0263    1.9825 v reducedSum_reduced_nextLevel_adder/_0968_/ZN (AOI31D0BWP30P140)
   0.0331    2.0156 ^ reducedSum_reduced_nextLevel_adder/_0970_/ZN (MAOI222D0BWP30P140)
   0.0298    2.0454 v reducedSum_reduced_nextLevel_adder/_0972_/ZN (MAOI222D0BWP30P140)
   0.0350    2.0804 ^ reducedSum_reduced_nextLevel_adder/_0974_/ZN (MAOI222D0BWP30P140)
   0.0245    2.1050 v reducedSum_reduced_nextLevel_adder/_0979_/ZN (AOI21D0BWP30P140)
   0.0280    2.1329 ^ reducedSum_reduced_nextLevel_adder/_0984_/ZN (OAI31D0BWP30P140)
   0.0221    2.1550 v reducedSum_reduced_nextLevel_adder/_0986_/ZN (AOI31D0BWP30P140)
   0.0292    2.1841 v reducedSum_reduced_nextLevel_adder/_0987_/ZN (IAO21D0BWP30P140)
   0.0179    2.2020 ^ reducedSum_reduced_nextLevel_adder/_0993_/ZN (OAI21D0BWP30P140)
   0.0228    2.2248 v reducedSum_reduced_nextLevel_adder/_0994_/ZN (AOI31D0BWP30P140)
   0.0351    2.2599 ^ reducedSum_reduced_nextLevel_adder/_0995_/ZN (MAOI222D0BWP30P140)
   0.0218    2.2817 v reducedSum_reduced_nextLevel_adder/_0999_/ZN (AOI211D0BWP30P140)
   0.0333    2.3150 ^ reducedSum_reduced_nextLevel_adder/_1001_/ZN (OAI31D0BWP30P140)
   0.1071    2.4221 v reducedSum_reduced_nextLevel_adder/_1005_/ZN (OAI21D0BWP30P140)
   0.0568    2.4789 v reducedSum_reduced_nextLevel_adder/_1020_/ZN (MUX2ND0BWP30P140)
   0.0362    2.5151 ^ reducedSum_reduced_nextLevel_adder/_1032_/ZN (NR4D0BWP30P140)
   0.0511    2.5662 v reducedSum_reduced_nextLevel_adder/_1046_/ZN (ND4D0BWP30P140)
   0.0374    2.6036 ^ reducedSum_reduced_nextLevel_adder/_1063_/ZN (NR4D0BWP30P140)
   0.0459    2.6496 v reducedSum_reduced_nextLevel_adder/_1078_/ZN (ND4D0BWP30P140)
   0.0443    2.6939 ^ reducedSum_reduced_nextLevel_adder/_1094_/ZN (INR4D0BWP30P140)
   0.0526    2.7465 v reducedSum_reduced_nextLevel_adder/_1111_/ZN (ND4D0BWP30P140)
   0.0520    2.7984 v reducedSum_reduced_nextLevel_adder/_1189_/ZN (IND4D0BWP30P140)
   0.0346    2.8331 ^ reducedSum_reduced_nextLevel_adder/_1190_/ZN (NR2D0BWP30P140)
   0.0213    2.8544 v reducedSum_reduced_nextLevel_adder/_1206_/ZN (NR3D0BWP30P140)
   0.0312    2.8856 v reducedSum_reduced_nextLevel_adder_16/_0624_/ZN (XNR2UD0BWP30P140)
   0.0325    2.9181 v reducedSum_reduced_nextLevel_adder_16/_0625_/Z (AO21D0BWP30P140)
   0.0237    2.9418 ^ reducedSum_reduced_nextLevel_adder_16/_0628_/ZN (AOI211D0BWP30P140)
   0.0234    2.9652 v reducedSum_reduced_nextLevel_adder_16/_0630_/ZN (OAI31D0BWP30P140)
   0.0337    2.9989 ^ reducedSum_reduced_nextLevel_adder_16/_0631_/ZN (MAOI222D0BWP30P140)
   0.0277    3.0266 v reducedSum_reduced_nextLevel_adder_16/_0633_/ZN (XNR2UD0BWP30P140)
   0.0271    3.0537 v reducedSum_reduced_nextLevel_adder_16/_0645_/Z (AN2D0BWP30P140)
   0.5368    3.5905 ^ reducedSum_reduced_nextLevel_adder_16/_0684_/ZN (AOI21D0BWP30P140)
   0.0547    3.6453 v reducedSum_reduced_nextLevel_adder_16/_0704_/ZN (MUX4ND0BWP30P140)
   0.0639    3.7091 ^ reducedSum_reduced_nextLevel_adder_16/_0739_/ZN (MUX2ND0BWP30P140)
   0.0306    3.7398 v reducedSum_reduced_nextLevel_adder_16/_0778_/ZN (MUX2ND0BWP30P140)
   0.0310    3.7708 v reducedSum_reduced_nextLevel_adder_16/_0957_/Z (OR2D0BWP30P140)
   0.0214    3.7922 v reducedSum_reduced_nextLevel_adder_16/_0961_/Z (AN3D0BWP30P140)
   0.0222    3.8143 ^ reducedSum_reduced_nextLevel_adder_16/_0966_/ZN (AOI31D0BWP30P140)
   0.0321    3.8465 v reducedSum_reduced_nextLevel_adder_16/_0967_/ZN (OAI221D0BWP30P140)
   0.0355    3.8820 ^ reducedSum_reduced_nextLevel_adder_16/_0968_/ZN (AOI31D0BWP30P140)
   0.0267    3.9087 v reducedSum_reduced_nextLevel_adder_16/_0970_/ZN (MAOI222D0BWP30P140)
   0.0396    3.9482 ^ reducedSum_reduced_nextLevel_adder_16/_0972_/ZN (MAOI222D0BWP30P140)
   0.0284    3.9766 v reducedSum_reduced_nextLevel_adder_16/_0974_/ZN (MAOI222D0BWP30P140)
   0.0336    4.0102 ^ reducedSum_reduced_nextLevel_adder_16/_0979_/ZN (AOI21D0BWP30P140)
   0.0197    4.0299 v reducedSum_reduced_nextLevel_adder_16/_0984_/ZN (OAI31D0BWP30P140)
   0.0222    4.0521 ^ reducedSum_reduced_nextLevel_adder_16/_0986_/ZN (AOI31D0BWP30P140)
   0.0276    4.0797 ^ reducedSum_reduced_nextLevel_adder_16/_0987_/ZN (IAO21D0BWP30P140)
   0.0170    4.0967 v reducedSum_reduced_nextLevel_adder_16/_0993_/ZN (OAI21D0BWP30P140)
   0.0244    4.1212 ^ reducedSum_reduced_nextLevel_adder_16/_0994_/ZN (AOI31D0BWP30P140)
   0.0279    4.1491 v reducedSum_reduced_nextLevel_adder_16/_0995_/ZN (MAOI222D0BWP30P140)
   0.0345    4.1836 ^ reducedSum_reduced_nextLevel_adder_16/_0999_/ZN (AOI211D0BWP30P140)
   0.0234    4.2070 v reducedSum_reduced_nextLevel_adder_16/_1001_/ZN (OAI31D0BWP30P140)
   0.1204    4.3274 ^ reducedSum_reduced_nextLevel_adder_16/_1005_/ZN (OAI21D0BWP30P140)
   0.0309    4.3583 v reducedSum_reduced_nextLevel_adder_16/_1020_/ZN (MUX2ND0BWP30P140)
   0.0362    4.3945 ^ reducedSum_reduced_nextLevel_adder_16/_1032_/ZN (NR4D0BWP30P140)
   0.0511    4.4456 v reducedSum_reduced_nextLevel_adder_16/_1046_/ZN (ND4D0BWP30P140)
   0.0374    4.4830 ^ reducedSum_reduced_nextLevel_adder_16/_1063_/ZN (NR4D0BWP30P140)
   0.0459    4.5289 v reducedSum_reduced_nextLevel_adder_16/_1078_/ZN (ND4D0BWP30P140)
   0.0443    4.5733 ^ reducedSum_reduced_nextLevel_adder_16/_1094_/ZN (INR4D0BWP30P140)
   0.0526    4.6258 v reducedSum_reduced_nextLevel_adder_16/_1111_/ZN (ND4D0BWP30P140)
   0.0520    4.6778 v reducedSum_reduced_nextLevel_adder_16/_1189_/ZN (IND4D0BWP30P140)
   0.0346    4.7124 ^ reducedSum_reduced_nextLevel_adder_16/_1190_/ZN (NR2D0BWP30P140)
   0.0213    4.7337 v reducedSum_reduced_nextLevel_adder_16/_1206_/ZN (NR3D0BWP30P140)
   0.0312    4.7649 v reducedSum_reduced_nextLevel_adder_24/_0624_/ZN (XNR2UD0BWP30P140)
   0.0325    4.7974 v reducedSum_reduced_nextLevel_adder_24/_0625_/Z (AO21D0BWP30P140)
   0.0237    4.8212 ^ reducedSum_reduced_nextLevel_adder_24/_0628_/ZN (AOI211D0BWP30P140)
   0.0234    4.8446 v reducedSum_reduced_nextLevel_adder_24/_0630_/ZN (OAI31D0BWP30P140)
   0.0337    4.8783 ^ reducedSum_reduced_nextLevel_adder_24/_0631_/ZN (MAOI222D0BWP30P140)
   0.0277    4.9060 v reducedSum_reduced_nextLevel_adder_24/_0633_/ZN (XNR2UD0BWP30P140)
   0.0271    4.9331 v reducedSum_reduced_nextLevel_adder_24/_0645_/Z (AN2D0BWP30P140)
   0.5368    5.4699 ^ reducedSum_reduced_nextLevel_adder_24/_0684_/ZN (AOI21D0BWP30P140)
   0.0547    5.5246 v reducedSum_reduced_nextLevel_adder_24/_0704_/ZN (MUX4ND0BWP30P140)
   0.0639    5.5885 ^ reducedSum_reduced_nextLevel_adder_24/_0739_/ZN (MUX2ND0BWP30P140)
   0.0306    5.6191 v reducedSum_reduced_nextLevel_adder_24/_0778_/ZN (MUX2ND0BWP30P140)
   0.0310    5.6501 v reducedSum_reduced_nextLevel_adder_24/_0957_/Z (OR2D0BWP30P140)
   0.0214    5.6715 v reducedSum_reduced_nextLevel_adder_24/_0961_/Z (AN3D0BWP30P140)
   0.0222    5.6937 ^ reducedSum_reduced_nextLevel_adder_24/_0966_/ZN (AOI31D0BWP30P140)
   0.0321    5.7258 v reducedSum_reduced_nextLevel_adder_24/_0967_/ZN (OAI221D0BWP30P140)
   0.0355    5.7614 ^ reducedSum_reduced_nextLevel_adder_24/_0968_/ZN (AOI31D0BWP30P140)
   0.0267    5.7880 v reducedSum_reduced_nextLevel_adder_24/_0970_/ZN (MAOI222D0BWP30P140)
   0.0396    5.8276 ^ reducedSum_reduced_nextLevel_adder_24/_0972_/ZN (MAOI222D0BWP30P140)
   0.0284    5.8560 v reducedSum_reduced_nextLevel_adder_24/_0974_/ZN (MAOI222D0BWP30P140)
   0.0336    5.8896 ^ reducedSum_reduced_nextLevel_adder_24/_0979_/ZN (AOI21D0BWP30P140)
   0.0197    5.9093 v reducedSum_reduced_nextLevel_adder_24/_0984_/ZN (OAI31D0BWP30P140)
   0.0222    5.9315 ^ reducedSum_reduced_nextLevel_adder_24/_0986_/ZN (AOI31D0BWP30P140)
   0.0276    5.9591 ^ reducedSum_reduced_nextLevel_adder_24/_0987_/ZN (IAO21D0BWP30P140)
   0.0170    5.9761 v reducedSum_reduced_nextLevel_adder_24/_0993_/ZN (OAI21D0BWP30P140)
   0.0244    6.0005 ^ reducedSum_reduced_nextLevel_adder_24/_0994_/ZN (AOI31D0BWP30P140)
   0.0279    6.0285 v reducedSum_reduced_nextLevel_adder_24/_0995_/ZN (MAOI222D0BWP30P140)
   0.0345    6.0630 ^ reducedSum_reduced_nextLevel_adder_24/_0999_/ZN (AOI211D0BWP30P140)
   0.0234    6.0864 v reducedSum_reduced_nextLevel_adder_24/_1001_/ZN (OAI31D0BWP30P140)
   0.1204    6.2067 ^ reducedSum_reduced_nextLevel_adder_24/_1005_/ZN (OAI21D0BWP30P140)
   0.0309    6.2376 v reducedSum_reduced_nextLevel_adder_24/_1020_/ZN (MUX2ND0BWP30P140)
   0.0362    6.2739 ^ reducedSum_reduced_nextLevel_adder_24/_1032_/ZN (NR4D0BWP30P140)
   0.0511    6.3250 v reducedSum_reduced_nextLevel_adder_24/_1046_/ZN (ND4D0BWP30P140)
   0.0374    6.3624 ^ reducedSum_reduced_nextLevel_adder_24/_1063_/ZN (NR4D0BWP30P140)
   0.0459    6.4083 v reducedSum_reduced_nextLevel_adder_24/_1078_/ZN (ND4D0BWP30P140)
   0.0443    6.4526 ^ reducedSum_reduced_nextLevel_adder_24/_1094_/ZN (INR4D0BWP30P140)
   0.0526    6.5052 v reducedSum_reduced_nextLevel_adder_24/_1111_/ZN (ND4D0BWP30P140)
   0.0520    6.5572 v reducedSum_reduced_nextLevel_adder_24/_1189_/ZN (IND4D0BWP30P140)
   0.0346    6.5918 ^ reducedSum_reduced_nextLevel_adder_24/_1190_/ZN (NR2D0BWP30P140)
   0.0213    6.6131 v reducedSum_reduced_nextLevel_adder_24/_1206_/ZN (NR3D0BWP30P140)
   0.0312    6.6443 v reducedSum_reduced_nextLevel_adder_28/_0624_/ZN (XNR2UD0BWP30P140)
   0.0325    6.6768 v reducedSum_reduced_nextLevel_adder_28/_0625_/Z (AO21D0BWP30P140)
   0.0237    6.7005 ^ reducedSum_reduced_nextLevel_adder_28/_0628_/ZN (AOI211D0BWP30P140)
   0.0234    6.7239 v reducedSum_reduced_nextLevel_adder_28/_0630_/ZN (OAI31D0BWP30P140)
   0.0337    6.7577 ^ reducedSum_reduced_nextLevel_adder_28/_0631_/ZN (MAOI222D0BWP30P140)
   0.0277    6.7854 v reducedSum_reduced_nextLevel_adder_28/_0633_/ZN (XNR2UD0BWP30P140)
   0.0271    6.8125 v reducedSum_reduced_nextLevel_adder_28/_0645_/Z (AN2D0BWP30P140)
   0.5368    7.3492 ^ reducedSum_reduced_nextLevel_adder_28/_0684_/ZN (AOI21D0BWP30P140)
   0.0547    7.4040 v reducedSum_reduced_nextLevel_adder_28/_0704_/ZN (MUX4ND0BWP30P140)
   0.0639    7.4679 ^ reducedSum_reduced_nextLevel_adder_28/_0739_/ZN (MUX2ND0BWP30P140)
   0.0306    7.4985 v reducedSum_reduced_nextLevel_adder_28/_0778_/ZN (MUX2ND0BWP30P140)
   0.0310    7.5295 v reducedSum_reduced_nextLevel_adder_28/_0957_/Z (OR2D0BWP30P140)
   0.0214    7.5509 v reducedSum_reduced_nextLevel_adder_28/_0961_/Z (AN3D0BWP30P140)
   0.0222    7.5731 ^ reducedSum_reduced_nextLevel_adder_28/_0966_/ZN (AOI31D0BWP30P140)
   0.0321    7.6052 v reducedSum_reduced_nextLevel_adder_28/_0967_/ZN (OAI221D0BWP30P140)
   0.0355    7.6407 ^ reducedSum_reduced_nextLevel_adder_28/_0968_/ZN (AOI31D0BWP30P140)
   0.0267    7.6674 v reducedSum_reduced_nextLevel_adder_28/_0970_/ZN (MAOI222D0BWP30P140)
   0.0396    7.7070 ^ reducedSum_reduced_nextLevel_adder_28/_0972_/ZN (MAOI222D0BWP30P140)
   0.0284    7.7353 v reducedSum_reduced_nextLevel_adder_28/_0974_/ZN (MAOI222D0BWP30P140)
   0.0336    7.7689 ^ reducedSum_reduced_nextLevel_adder_28/_0979_/ZN (AOI21D0BWP30P140)
   0.0197    7.7887 v reducedSum_reduced_nextLevel_adder_28/_0984_/ZN (OAI31D0BWP30P140)
   0.0222    7.8109 ^ reducedSum_reduced_nextLevel_adder_28/_0986_/ZN (AOI31D0BWP30P140)
   0.0276    7.8384 ^ reducedSum_reduced_nextLevel_adder_28/_0987_/ZN (IAO21D0BWP30P140)
   0.0170    7.8554 v reducedSum_reduced_nextLevel_adder_28/_0993_/ZN (OAI21D0BWP30P140)
   0.0244    7.8799 ^ reducedSum_reduced_nextLevel_adder_28/_0994_/ZN (AOI31D0BWP30P140)
   0.0279    7.9078 v reducedSum_reduced_nextLevel_adder_28/_0995_/ZN (MAOI222D0BWP30P140)
   0.0345    7.9423 ^ reducedSum_reduced_nextLevel_adder_28/_0999_/ZN (AOI211D0BWP30P140)
   0.0234    7.9657 v reducedSum_reduced_nextLevel_adder_28/_1001_/ZN (OAI31D0BWP30P140)
   0.1204    8.0861 ^ reducedSum_reduced_nextLevel_adder_28/_1005_/ZN (OAI21D0BWP30P140)
   0.0309    8.1170 v reducedSum_reduced_nextLevel_adder_28/_1020_/ZN (MUX2ND0BWP30P140)
   0.0362    8.1532 ^ reducedSum_reduced_nextLevel_adder_28/_1032_/ZN (NR4D0BWP30P140)
   0.0511    8.2043 v reducedSum_reduced_nextLevel_adder_28/_1046_/ZN (ND4D0BWP30P140)
   0.0374    8.2417 ^ reducedSum_reduced_nextLevel_adder_28/_1063_/ZN (NR4D0BWP30P140)
   0.0459    8.2877 v reducedSum_reduced_nextLevel_adder_28/_1078_/ZN (ND4D0BWP30P140)
   0.0443    8.3320 ^ reducedSum_reduced_nextLevel_adder_28/_1094_/ZN (INR4D0BWP30P140)
   0.0526    8.3846 v reducedSum_reduced_nextLevel_adder_28/_1111_/ZN (ND4D0BWP30P140)
   0.0520    8.4365 v reducedSum_reduced_nextLevel_adder_28/_1189_/ZN (IND4D0BWP30P140)
   0.0346    8.4712 ^ reducedSum_reduced_nextLevel_adder_28/_1190_/ZN (NR2D0BWP30P140)
   0.0213    8.4925 v reducedSum_reduced_nextLevel_adder_28/_1206_/ZN (NR3D0BWP30P140)
   0.0312    8.5237 v reducedSum_reduced_nextLevel_adder_30/_0624_/ZN (XNR2UD0BWP30P140)
   0.0325    8.5562 v reducedSum_reduced_nextLevel_adder_30/_0625_/Z (AO21D0BWP30P140)
   0.0237    8.5799 ^ reducedSum_reduced_nextLevel_adder_30/_0628_/ZN (AOI211D0BWP30P140)
   0.0234    8.6033 v reducedSum_reduced_nextLevel_adder_30/_0630_/ZN (OAI31D0BWP30P140)
   0.0337    8.6370 ^ reducedSum_reduced_nextLevel_adder_30/_0631_/ZN (MAOI222D0BWP30P140)
   0.0277    8.6647 v reducedSum_reduced_nextLevel_adder_30/_0633_/ZN (XNR2UD0BWP30P140)
   0.0271    8.6918 v reducedSum_reduced_nextLevel_adder_30/_0645_/Z (AN2D0BWP30P140)
   0.5368    9.2286 ^ reducedSum_reduced_nextLevel_adder_30/_0684_/ZN (AOI21D0BWP30P140)
   0.0547    9.2834 v reducedSum_reduced_nextLevel_adder_30/_0704_/ZN (MUX4ND0BWP30P140)
   0.0639    9.3472 ^ reducedSum_reduced_nextLevel_adder_30/_0739_/ZN (MUX2ND0BWP30P140)
   0.0306    9.3779 v reducedSum_reduced_nextLevel_adder_30/_0778_/ZN (MUX2ND0BWP30P140)
   0.0310    9.4089 v reducedSum_reduced_nextLevel_adder_30/_0957_/Z (OR2D0BWP30P140)
   0.0214    9.4303 v reducedSum_reduced_nextLevel_adder_30/_0961_/Z (AN3D0BWP30P140)
   0.0222    9.4524 ^ reducedSum_reduced_nextLevel_adder_30/_0966_/ZN (AOI31D0BWP30P140)
   0.0321    9.4846 v reducedSum_reduced_nextLevel_adder_30/_0967_/ZN (OAI221D0BWP30P140)
   0.0355    9.5201 ^ reducedSum_reduced_nextLevel_adder_30/_0968_/ZN (AOI31D0BWP30P140)
   0.0267    9.5468 v reducedSum_reduced_nextLevel_adder_30/_0970_/ZN (MAOI222D0BWP30P140)
   0.0396    9.5863 ^ reducedSum_reduced_nextLevel_adder_30/_0972_/ZN (MAOI222D0BWP30P140)
   0.0284    9.6147 v reducedSum_reduced_nextLevel_adder_30/_0974_/ZN (MAOI222D0BWP30P140)
   0.0336    9.6483 ^ reducedSum_reduced_nextLevel_adder_30/_0979_/ZN (AOI21D0BWP30P140)
   0.0197    9.6680 v reducedSum_reduced_nextLevel_adder_30/_0984_/ZN (OAI31D0BWP30P140)
   0.0222    9.6902 ^ reducedSum_reduced_nextLevel_adder_30/_0986_/ZN (AOI31D0BWP30P140)
   0.0276    9.7178 ^ reducedSum_reduced_nextLevel_adder_30/_0987_/ZN (IAO21D0BWP30P140)
   0.0170    9.7348 v reducedSum_reduced_nextLevel_adder_30/_0993_/ZN (OAI21D0BWP30P140)
   0.0244    9.7593 ^ reducedSum_reduced_nextLevel_adder_30/_0994_/ZN (AOI31D0BWP30P140)
   0.0279    9.7872 v reducedSum_reduced_nextLevel_adder_30/_0995_/ZN (MAOI222D0BWP30P140)
   0.0345    9.8217 ^ reducedSum_reduced_nextLevel_adder_30/_0999_/ZN (AOI211D0BWP30P140)
   0.0234    9.8451 v reducedSum_reduced_nextLevel_adder_30/_1001_/ZN (OAI31D0BWP30P140)
   0.1204    9.9655 ^ reducedSum_reduced_nextLevel_adder_30/_1005_/ZN (OAI21D0BWP30P140)
   0.0309    9.9964 v reducedSum_reduced_nextLevel_adder_30/_1020_/ZN (MUX2ND0BWP30P140)
   0.0362   10.0326 ^ reducedSum_reduced_nextLevel_adder_30/_1032_/ZN (NR4D0BWP30P140)
   0.0511   10.0837 v reducedSum_reduced_nextLevel_adder_30/_1046_/ZN (ND4D0BWP30P140)
   0.0374   10.1211 ^ reducedSum_reduced_nextLevel_adder_30/_1063_/ZN (NR4D0BWP30P140)
   0.0459   10.1670 v reducedSum_reduced_nextLevel_adder_30/_1078_/ZN (ND4D0BWP30P140)
   0.0443   10.2114 ^ reducedSum_reduced_nextLevel_adder_30/_1094_/ZN (INR4D0BWP30P140)
   0.0526   10.2639 v reducedSum_reduced_nextLevel_adder_30/_1111_/ZN (ND4D0BWP30P140)
   0.0352   10.2991 v reducedSum_reduced_nextLevel_adder_30/_1118_/ZN (INR2D0BWP30P140)
   0.0290   10.3281 ^ reducedSum_conv/_171_/ZN (AOI211D0BWP30P140)
   0.0718   10.3999 v reducedSum_conv/_172_/ZN (NR3D0BWP30P140)
   0.0446   10.4445 v reducedSum_conv/_185_/ZN (XNR2UD0BWP30P140)
   0.0336   10.4780 v reducedSum_conv/_213_/ZN (XNR2UD0BWP30P140)
   0.0323   10.5104 ^ reducedSum_conv/_214_/ZN (NR2D0BWP30P140)
   0.0242   10.5346 v accAdder/_0897_/ZN (XNR2UD0BWP30P140)
   0.0314   10.5659 ^ accAdder/_0899_/ZN (AOI21D0BWP30P140)
   0.0301   10.5961 v accAdder/_0901_/ZN (MAOI222D0BWP30P140)
   0.0349   10.6309 ^ accAdder/_0902_/ZN (MAOI222D0BWP30P140)
   0.0302   10.6611 v accAdder/_0903_/ZN (MAOI222D0BWP30P140)
   0.0355   10.6966 ^ accAdder/_0966_/ZN (MAOI222D0BWP30P140)
   0.0302   10.7268 v accAdder/_0968_/ZN (MAOI222D0BWP30P140)
   0.0262   10.7531 v accAdder/_0970_/ZN (XNR2UD0BWP30P140)
   0.0212   10.7743 ^ accAdder/_0971_/ZN (NR2D0BWP30P140)
   0.0257   10.8000 ^ accAdder/_0972_/Z (AN2D0BWP30P140)
   0.4170   11.2169 v accAdder/_0975_/ZN (AOI31D0BWP30P140)
   0.4192   11.6362 ^ accAdder/_0991_/ZN (AOI22D0BWP30P140)
   0.0318   11.6680 v accAdder/_1063_/ZN (CKND2D0BWP30P140)
   0.0370   11.7050 ^ accAdder/_1188_/ZN (OAI32D0BWP30P140)
   0.0151   11.7201 v accAdder/_1189_/ZN (AOI21D0BWP30P140)
   0.0396   11.7597 ^ accAdder/_1191_/ZN (OAI221D0BWP30P140)
   0.0211   11.7808 v accAdder/_1196_/ZN (OAI31D0BWP30P140)
   0.0222   11.8031 ^ accAdder/_1198_/ZN (AOI21D0BWP30P140)
   0.0256   11.8286 v accAdder/_1200_/ZN (MAOI222D0BWP30P140)
   0.0396   11.8682 ^ accAdder/_1202_/ZN (MAOI222D0BWP30P140)
   0.0257   11.8939 v accAdder/_1204_/ZN (MAOI222D0BWP30P140)
   0.0277   11.9217 ^ accAdder/_1206_/ZN (AOI21D0BWP30P140)
   0.0253   11.9470 ^ accAdder/_1209_/ZN (IAO21D0BWP30P140)
   0.0247   11.9716 v accAdder/_1211_/ZN (MAOI222D0BWP30P140)
   0.0395   12.0111 ^ accAdder/_1213_/ZN (MAOI222D0BWP30P140)
   0.0265   12.0376 v accAdder/_1221_/ZN (MAOI222D0BWP30P140)
   0.0354   12.0730 v accAdder/_1232_/Z (AO21D0BWP30P140)
   0.0261   12.0991 ^ accAdder/_1242_/ZN (MAOI222D0BWP30P140)
   0.0265   12.1256 v accAdder/_1255_/ZN (MAOI222D0BWP30P140)
   0.0315   12.1571 v accAdder/_1259_/Z (AO21D0BWP30P140)
   0.0182   12.1753 ^ accAdder/_1276_/ZN (AOI21D0BWP30P140)
   0.0258   12.2011 v accAdder/_1280_/ZN (MAOI222D0BWP30P140)
   0.0391   12.2402 ^ accAdder/_1296_/ZN (MAOI222D0BWP30P140)
   0.0262   12.2664 v accAdder/_1300_/ZN (MAOI222D0BWP30P140)
   0.0304   12.2968 ^ accAdder/_1318_/ZN (AOI21D0BWP30P140)
   0.0249   12.3217 v accAdder/_1322_/ZN (MAOI222D0BWP30P140)
   0.0364   12.3582 v accAdder/_1345_/Z (AO21D0BWP30P140)
   0.0156   12.3738 ^ accAdder/_1353_/ZN (MUX2ND0BWP30P140)
   0.0347   12.4085 ^ accAdder/_1354_/ZN (XNR2UD0BWP30P140)
   0.0288   12.4373 ^ accAdder/_1453_/ZN (MAOI22D0BWP30P140)
   0.1281   12.5653 v accAdder/_1456_/ZN (OAI211D0BWP30P140)
   0.0886   12.6540 ^ accAdder/_1531_/Z (MUX4D0BWP30P140)
   0.0194   12.6734 v accAdder/_1534_/ZN (MUX3ND0BWP30P140)
   0.0405   12.7139 ^ accAdder/_1568_/ZN (NR2D0BWP30P140)
   0.0507   12.7646 ^ accAdder/_1577_/ZN (INR4D0BWP30P140)
   0.0510   12.8156 ^ accAdder/_1582_/Z (AN4D0BWP30P140)
   0.0395   12.8551 ^ accAdder/_1590_/Z (AN4D0BWP30P140)
   0.0406   12.8957 ^ accAdder/_1601_/Z (AN4D0BWP30P140)
   0.0349   12.9306 ^ accAdder/_1603_/Z (AN3D0BWP30P140)
   0.0271   12.9577 v accAdder/_1605_/ZN (IND3D0BWP30P140)
   0.0379   12.9956 v accAdder/_1606_/Z (OR3D0BWP30P140)
   0.0368   13.0325 ^ accAdder/_1608_/ZN (INR3D0BWP30P140)
   0.0364   13.0689 v accAdder/_1611_/ZN (MAOI222D0BWP30P140)
   0.0357   13.1045 ^ accAdder/_1616_/ZN (NR4D0BWP30P140)
   0.0219   13.1264 v accAdder/_1619_/ZN (OAI31D0BWP30P140)
   0.0327   13.1591 v accAdder/_1621_/Z (AO21D0BWP30P140)
   0.0312   13.1904 ^ accAdder/_1623_/ZN (AOI21D0BWP30P140)
   0.0237   13.2140 v accAdder/_1626_/ZN (OAI21D0BWP30P140)
   0.0215   13.2355 v accAdder/_1658_/Z (AN3D0BWP30P140)
   0.0613   13.2967 v accAdder/_1659_/Z (OR3D0BWP30P140)
   0.0420   13.3388 ^ accAdder/_1703_/ZN (AOI211D0BWP30P140)
   0.0261   13.3648 ^ _060_/Z (AO22D0BWP30P140)
   0.0000   13.3648 ^ _070_/D (DFCNQD1BWP30P140)
            13.3648   data arrival time

  20.0000   20.0000   clock CORE_CLK (rise edge)
   0.0000   20.0000   clock network delay (ideal)
  -0.0500   19.9500   clock uncertainty
   0.0000   19.9500   clock reconvergence pessimism
            19.9500 ^ _070_/CP (DFCNQD1BWP30P140)
  -0.0174   19.9326   library setup time
            19.9326   data required time
-------------------------------------------------------------
            19.9326   data required time
           -13.3648   data arrival time
-------------------------------------------------------------
             6.5678   slack (MET)


