Startpoint: reset (input port clocked by CORE_CLK)
Endpoint: _068_ (recovery check against rising-edge clock CORE_CLK)
Path Group: asynchronous
Path Type: max

    Delay      Time   Description
-------------------------------------------------------------
   0.0000    0.0000   clock CORE_CLK (rise edge)
   0.0000    0.0000   clock network delay (ideal)
   0.0000    0.0000 ^ input external delay
   0.0000    0.0000 ^ reset (in)
   0.0000    0.0000 ^ _068_/CDN (DFCNQD1BWP30P140)
             0.0000   data arrival time

  20.0000   20.0000   clock CORE_CLK (rise edge)
   0.0000   20.0000   clock network delay (ideal)
  -0.0500   19.9500   clock uncertainty
   0.0000   19.9500   clock reconvergence pessimism
            19.9500 ^ _068_/CP (DFCNQD1BWP30P140)
   0.0258   19.9758   library recovery time
            19.9758   data required time
-------------------------------------------------------------
            19.9758   data required time
            -0.0000   data arrival time
-------------------------------------------------------------
            19.9758   slack (MET)


Startpoint: io_op_b_i[11] (input port clocked by CORE_CLK)
Endpoint: _070_ (rising edge-triggered flip-flop clocked by CORE_CLK)
Path Group: CORE_CLK
Path Type: max

    Delay      Time   Description
-------------------------------------------------------------
   0.0000    0.0000   clock CORE_CLK (rise edge)
   0.0000    0.0000   clock network delay (ideal)
   0.0000    0.0000 v input external delay
   0.0000    0.0000 v io_op_b_i[11] (in)
   0.0399    0.0399 v reducedSum_op_1/_076_/Z (OR4D0BWP30P140)
   0.0201    0.0600 ^ reducedSum_op_1/_093_/ZN (CKND2D0BWP30P140)
   0.0506    0.1106 v reducedSum_op_1/_104_/ZN (XNR3UD0BWP30P140)
   0.0565    0.1671 v reducedSum_op_1/_111_/ZN (XNR3UD0BWP30P140)
   0.0647    0.2318 ^ reducedSum_op_1/_148_/Z (XOR3UD0BWP30P140)
   0.0193    0.2511 v reducedSum_sa_1/_266_/ZN (CKND2D0BWP30P140)
   0.0585    0.3096 v reducedSum_sa_1/_269_/Z (XOR3UD0BWP30P140)
   0.0252    0.3348 ^ reducedSum_sa_1/_270_/ZN (NR2D0BWP30P140)
   0.0501    0.3848 ^ reducedSum_sa_1/_293_/Z (XOR4D0BWP30P140)
   0.0269    0.4117 ^ reducedSum_sa_1/_309_/Z (XOR2UD0BWP30P140)
   0.0259    0.4377 v reducedSum_sa_1/_310_/ZN (MAOI222D0BWP30P140)
   0.0360    0.4737 ^ reducedSum_sa_1/_311_/ZN (MAOI222D0BWP30P140)
   0.0282    0.5019 v reducedSum_sa_1/_458_/ZN (MAOI222D0BWP30P140)
   0.0375    0.5395 ^ reducedSum_sa_1/_459_/ZN (MAOI222D0BWP30P140)
   0.0252    0.5647 v reducedSum_sa_1/_461_/ZN (OAI21D0BWP30P140)
   0.0359    0.6006 ^ reducedSum_sa_1/_463_/ZN (MAOI222D0BWP30P140)
   0.0210    0.6216 v reducedSum_sa_1/_466_/ZN (OAI21D0BWP30P140)
   0.0349    0.6565 ^ reducedSum_sa_1/_467_/ZN (MAOI222D0BWP30P140)
   0.0436    0.7001 v reducedSum_sa_1/_481_/ZN (OAI211D0BWP30P140)
   0.0300    0.7301 ^ reducedSum_reduced_nextLevel_adder/_566_/ZN (OAI22D0BWP30P140)
   0.0127    0.7428 v reducedSum_reduced_nextLevel_adder/_570_/ZN (NR3D0BWP30P140)
   0.3099    1.0527 ^ reducedSum_reduced_nextLevel_adder/_572_/ZN (OAI31D0BWP30P140)
   0.0427    1.0954 v reducedSum_reduced_nextLevel_adder/_615_/ZN (MUX2ND0BWP30P140)
   0.0617    1.1571 ^ reducedSum_reduced_nextLevel_adder/_627_/ZN (MUX4ND0BWP30P140)
   0.0280    1.1851 v reducedSum_reduced_nextLevel_adder/_628_/ZN (MUX2ND0BWP30P140)
   0.0363    1.2215 v reducedSum_reduced_nextLevel_adder/_689_/Z (OA22D0BWP30P140)
   0.0214    1.2429 ^ reducedSum_reduced_nextLevel_adder/_702_/ZN (XNR2UD0BWP30P140)
   0.0193    1.2621 v reducedSum_reduced_nextLevel_adder/_703_/ZN (AOI21D0BWP30P140)
   0.0294    1.2916 ^ reducedSum_reduced_nextLevel_adder/_704_/ZN (MAOI222D0BWP30P140)
   0.0243    1.3158 ^ reducedSum_reduced_nextLevel_adder/_709_/Z (AO21D0BWP30P140)
   0.0147    1.3306 v reducedSum_reduced_nextLevel_adder/_713_/ZN (AOI21D0BWP30P140)
   0.0292    1.3598 ^ reducedSum_reduced_nextLevel_adder/_718_/ZN (MAOI222D0BWP30P140)
   0.0260    1.3857 ^ reducedSum_reduced_nextLevel_adder/_725_/Z (AO21D0BWP30P140)
   0.0233    1.4090 ^ reducedSum_reduced_nextLevel_adder/_730_/Z (AO21D0BWP30P140)
   0.0253    1.4343 ^ reducedSum_reduced_nextLevel_adder/_741_/Z (AO211D0BWP30P140)
   0.0208    1.4551 v reducedSum_reduced_nextLevel_adder/_746_/ZN (AOI31D0BWP30P140)
   0.0325    1.4875 ^ reducedSum_reduced_nextLevel_adder/_757_/ZN (OAI31D0BWP30P140)
   0.0191    1.5066 v reducedSum_reduced_nextLevel_adder/_759_/ZN (AOI211D0BWP30P140)
   0.0964    1.6029 ^ reducedSum_reduced_nextLevel_adder/_781_/ZN (NR2D0BWP30P140)
   0.0346    1.6375 ^ reducedSum_reduced_nextLevel_adder/_802_/ZN (MUX2ND0BWP30P140)
   0.0478    1.6853 v reducedSum_reduced_nextLevel_adder/_812_/ZN (ND4D0BWP30P140)
   0.0436    1.7289 ^ reducedSum_reduced_nextLevel_adder/_831_/ZN (NR4D0BWP30P140)
   0.0434    1.7723 v reducedSum_reduced_nextLevel_adder/_845_/ZN (ND4D0BWP30P140)
   0.0364    1.8087 ^ reducedSum_reduced_nextLevel_adder/_908_/ZN (NR4D0BWP30P140)
   0.0389    1.8476 v reducedSum_reduced_nextLevel_adder/_912_/ZN (IND4D0BWP30P140)
   0.0350    1.8826 v reducedSum_reduced_nextLevel_adder/_924_/Z (AO21D0BWP30P140)
   0.0184    1.9010 v reducedSum_reduced_nextLevel_adder/_927_/Z (AN2D0BWP30P140)
   0.0165    1.9175 v reducedSum_reduced_nextLevel_adder_16/_483_/ZN (INR2D0BWP30P140)
   0.0291    1.9466 ^ reducedSum_reduced_nextLevel_adder_16/_495_/ZN (AOI211D0BWP30P140)
   0.0224    1.9690 v reducedSum_reduced_nextLevel_adder_16/_497_/ZN (OAI31D0BWP30P140)
   0.0310    2.0000 ^ reducedSum_reduced_nextLevel_adder_16/_499_/ZN (AOI21D0BWP30P140)
   0.0280    2.0280 v reducedSum_reduced_nextLevel_adder_16/_502_/ZN (OAI21D0BWP30P140)
   0.0198    2.0478 ^ reducedSum_reduced_nextLevel_adder_16/_520_/ZN (XNR2UD0BWP30P140)
   0.0245    2.0723 v reducedSum_reduced_nextLevel_adder_16/_527_/ZN (IND3D0BWP30P140)
   0.3177    2.3900 ^ reducedSum_reduced_nextLevel_adder_16/_572_/ZN (OAI31D0BWP30P140)
   0.0427    2.4327 v reducedSum_reduced_nextLevel_adder_16/_615_/ZN (MUX2ND0BWP30P140)
   0.0617    2.4944 ^ reducedSum_reduced_nextLevel_adder_16/_627_/ZN (MUX4ND0BWP30P140)
   0.0280    2.5225 v reducedSum_reduced_nextLevel_adder_16/_628_/ZN (MUX2ND0BWP30P140)
   0.0363    2.5588 v reducedSum_reduced_nextLevel_adder_16/_689_/Z (OA22D0BWP30P140)
   0.0214    2.5802 ^ reducedSum_reduced_nextLevel_adder_16/_702_/ZN (XNR2UD0BWP30P140)
   0.0193    2.5995 v reducedSum_reduced_nextLevel_adder_16/_703_/ZN (AOI21D0BWP30P140)
   0.0294    2.6289 ^ reducedSum_reduced_nextLevel_adder_16/_704_/ZN (MAOI222D0BWP30P140)
   0.0243    2.6532 ^ reducedSum_reduced_nextLevel_adder_16/_709_/Z (AO21D0BWP30P140)
   0.0147    2.6679 v reducedSum_reduced_nextLevel_adder_16/_713_/ZN (AOI21D0BWP30P140)
   0.0292    2.6971 ^ reducedSum_reduced_nextLevel_adder_16/_718_/ZN (MAOI222D0BWP30P140)
   0.0260    2.7231 ^ reducedSum_reduced_nextLevel_adder_16/_725_/Z (AO21D0BWP30P140)
   0.0233    2.7463 ^ reducedSum_reduced_nextLevel_adder_16/_730_/Z (AO21D0BWP30P140)
   0.0253    2.7716 ^ reducedSum_reduced_nextLevel_adder_16/_741_/Z (AO211D0BWP30P140)
   0.0208    2.7924 v reducedSum_reduced_nextLevel_adder_16/_746_/ZN (AOI31D0BWP30P140)
   0.0325    2.8248 ^ reducedSum_reduced_nextLevel_adder_16/_757_/ZN (OAI31D0BWP30P140)
   0.0191    2.8439 v reducedSum_reduced_nextLevel_adder_16/_759_/ZN (AOI211D0BWP30P140)
   0.0964    2.9403 ^ reducedSum_reduced_nextLevel_adder_16/_781_/ZN (NR2D0BWP30P140)
   0.0346    2.9749 ^ reducedSum_reduced_nextLevel_adder_16/_802_/ZN (MUX2ND0BWP30P140)
   0.0478    3.0226 v reducedSum_reduced_nextLevel_adder_16/_812_/ZN (ND4D0BWP30P140)
   0.0436    3.0662 ^ reducedSum_reduced_nextLevel_adder_16/_831_/ZN (NR4D0BWP30P140)
   0.0434    3.1096 v reducedSum_reduced_nextLevel_adder_16/_845_/ZN (ND4D0BWP30P140)
   0.0364    3.1461 ^ reducedSum_reduced_nextLevel_adder_16/_908_/ZN (NR4D0BWP30P140)
   0.0389    3.1850 v reducedSum_reduced_nextLevel_adder_16/_912_/ZN (IND4D0BWP30P140)
   0.0350    3.2199 v reducedSum_reduced_nextLevel_adder_16/_924_/Z (AO21D0BWP30P140)
   0.0184    3.2383 v reducedSum_reduced_nextLevel_adder_16/_927_/Z (AN2D0BWP30P140)
   0.0165    3.2549 v reducedSum_reduced_nextLevel_adder_24/_483_/ZN (INR2D0BWP30P140)
   0.0291    3.2839 ^ reducedSum_reduced_nextLevel_adder_24/_495_/ZN (AOI211D0BWP30P140)
   0.0224    3.3064 v reducedSum_reduced_nextLevel_adder_24/_497_/ZN (OAI31D0BWP30P140)
   0.0310    3.3374 ^ reducedSum_reduced_nextLevel_adder_24/_499_/ZN (AOI21D0BWP30P140)
   0.0280    3.3654 v reducedSum_reduced_nextLevel_adder_24/_502_/ZN (OAI21D0BWP30P140)
   0.0198    3.3852 ^ reducedSum_reduced_nextLevel_adder_24/_520_/ZN (XNR2UD0BWP30P140)
   0.0245    3.4097 v reducedSum_reduced_nextLevel_adder_24/_527_/ZN (IND3D0BWP30P140)
   0.3177    3.7274 ^ reducedSum_reduced_nextLevel_adder_24/_572_/ZN (OAI31D0BWP30P140)
   0.0427    3.7701 v reducedSum_reduced_nextLevel_adder_24/_615_/ZN (MUX2ND0BWP30P140)
   0.0617    3.8318 ^ reducedSum_reduced_nextLevel_adder_24/_627_/ZN (MUX4ND0BWP30P140)
   0.0280    3.8598 v reducedSum_reduced_nextLevel_adder_24/_628_/ZN (MUX2ND0BWP30P140)
   0.0363    3.8961 v reducedSum_reduced_nextLevel_adder_24/_689_/Z (OA22D0BWP30P140)
   0.0214    3.9175 ^ reducedSum_reduced_nextLevel_adder_24/_702_/ZN (XNR2UD0BWP30P140)
   0.0193    3.9368 v reducedSum_reduced_nextLevel_adder_24/_703_/ZN (AOI21D0BWP30P140)
   0.0294    3.9662 ^ reducedSum_reduced_nextLevel_adder_24/_704_/ZN (MAOI222D0BWP30P140)
   0.0243    3.9905 ^ reducedSum_reduced_nextLevel_adder_24/_709_/Z (AO21D0BWP30P140)
   0.0147    4.0052 v reducedSum_reduced_nextLevel_adder_24/_713_/ZN (AOI21D0BWP30P140)
   0.0292    4.0344 ^ reducedSum_reduced_nextLevel_adder_24/_718_/ZN (MAOI222D0BWP30P140)
   0.0260    4.0604 ^ reducedSum_reduced_nextLevel_adder_24/_725_/Z (AO21D0BWP30P140)
   0.0233    4.0837 ^ reducedSum_reduced_nextLevel_adder_24/_730_/Z (AO21D0BWP30P140)
   0.0253    4.1090 ^ reducedSum_reduced_nextLevel_adder_24/_741_/Z (AO211D0BWP30P140)
   0.0208    4.1297 v reducedSum_reduced_nextLevel_adder_24/_746_/ZN (AOI31D0BWP30P140)
   0.0325    4.1622 ^ reducedSum_reduced_nextLevel_adder_24/_757_/ZN (OAI31D0BWP30P140)
   0.0191    4.1812 v reducedSum_reduced_nextLevel_adder_24/_759_/ZN (AOI211D0BWP30P140)
   0.0964    4.2776 ^ reducedSum_reduced_nextLevel_adder_24/_781_/ZN (NR2D0BWP30P140)
   0.0346    4.3122 ^ reducedSum_reduced_nextLevel_adder_24/_802_/ZN (MUX2ND0BWP30P140)
   0.0478    4.3600 v reducedSum_reduced_nextLevel_adder_24/_812_/ZN (ND4D0BWP30P140)
   0.0436    4.4036 ^ reducedSum_reduced_nextLevel_adder_24/_831_/ZN (NR4D0BWP30P140)
   0.0434    4.4470 v reducedSum_reduced_nextLevel_adder_24/_845_/ZN (ND4D0BWP30P140)
   0.0364    4.4834 ^ reducedSum_reduced_nextLevel_adder_24/_908_/ZN (NR4D0BWP30P140)
   0.0389    4.5223 v reducedSum_reduced_nextLevel_adder_24/_912_/ZN (IND4D0BWP30P140)
   0.0350    4.5573 v reducedSum_reduced_nextLevel_adder_24/_924_/Z (AO21D0BWP30P140)
   0.0184    4.5757 v reducedSum_reduced_nextLevel_adder_24/_927_/Z (AN2D0BWP30P140)
   0.0165    4.5922 v reducedSum_reduced_nextLevel_adder_28/_483_/ZN (INR2D0BWP30P140)
   0.0291    4.6213 ^ reducedSum_reduced_nextLevel_adder_28/_495_/ZN (AOI211D0BWP30P140)
   0.0224    4.6437 v reducedSum_reduced_nextLevel_adder_28/_497_/ZN (OAI31D0BWP30P140)
   0.0310    4.6747 ^ reducedSum_reduced_nextLevel_adder_28/_499_/ZN (AOI21D0BWP30P140)
   0.0280    4.7027 v reducedSum_reduced_nextLevel_adder_28/_502_/ZN (OAI21D0BWP30P140)
   0.0198    4.7225 ^ reducedSum_reduced_nextLevel_adder_28/_520_/ZN (XNR2UD0BWP30P140)
   0.0245    4.7470 v reducedSum_reduced_nextLevel_adder_28/_527_/ZN (IND3D0BWP30P140)
   0.3177    5.0647 ^ reducedSum_reduced_nextLevel_adder_28/_572_/ZN (OAI31D0BWP30P140)
   0.0427    5.1074 v reducedSum_reduced_nextLevel_adder_28/_615_/ZN (MUX2ND0BWP30P140)
   0.0617    5.1691 ^ reducedSum_reduced_nextLevel_adder_28/_627_/ZN (MUX4ND0BWP30P140)
   0.0280    5.1971 v reducedSum_reduced_nextLevel_adder_28/_628_/ZN (MUX2ND0BWP30P140)
   0.0363    5.2335 v reducedSum_reduced_nextLevel_adder_28/_689_/Z (OA22D0BWP30P140)
   0.0214    5.2549 ^ reducedSum_reduced_nextLevel_adder_28/_702_/ZN (XNR2UD0BWP30P140)
   0.0193    5.2742 v reducedSum_reduced_nextLevel_adder_28/_703_/ZN (AOI21D0BWP30P140)
   0.0294    5.3036 ^ reducedSum_reduced_nextLevel_adder_28/_704_/ZN (MAOI222D0BWP30P140)
   0.0243    5.3278 ^ reducedSum_reduced_nextLevel_adder_28/_709_/Z (AO21D0BWP30P140)
   0.0147    5.3426 v reducedSum_reduced_nextLevel_adder_28/_713_/ZN (AOI21D0BWP30P140)
   0.0292    5.3718 ^ reducedSum_reduced_nextLevel_adder_28/_718_/ZN (MAOI222D0BWP30P140)
   0.0260    5.3977 ^ reducedSum_reduced_nextLevel_adder_28/_725_/Z (AO21D0BWP30P140)
   0.0233    5.4210 ^ reducedSum_reduced_nextLevel_adder_28/_730_/Z (AO21D0BWP30P140)
   0.0253    5.4463 ^ reducedSum_reduced_nextLevel_adder_28/_741_/Z (AO211D0BWP30P140)
   0.0208    5.4671 v reducedSum_reduced_nextLevel_adder_28/_746_/ZN (AOI31D0BWP30P140)
   0.0325    5.4995 ^ reducedSum_reduced_nextLevel_adder_28/_757_/ZN (OAI31D0BWP30P140)
   0.0191    5.5186 v reducedSum_reduced_nextLevel_adder_28/_759_/ZN (AOI211D0BWP30P140)
   0.0964    5.6150 ^ reducedSum_reduced_nextLevel_adder_28/_781_/ZN (NR2D0BWP30P140)
   0.0346    5.6495 ^ reducedSum_reduced_nextLevel_adder_28/_802_/ZN (MUX2ND0BWP30P140)
   0.0478    5.6973 v reducedSum_reduced_nextLevel_adder_28/_812_/ZN (ND4D0BWP30P140)
   0.0436    5.7409 ^ reducedSum_reduced_nextLevel_adder_28/_831_/ZN (NR4D0BWP30P140)
   0.0434    5.7843 v reducedSum_reduced_nextLevel_adder_28/_845_/ZN (ND4D0BWP30P140)
   0.0364    5.8208 ^ reducedSum_reduced_nextLevel_adder_28/_908_/ZN (NR4D0BWP30P140)
   0.0389    5.8597 v reducedSum_reduced_nextLevel_adder_28/_912_/ZN (IND4D0BWP30P140)
   0.0350    5.8946 v reducedSum_reduced_nextLevel_adder_28/_924_/Z (AO21D0BWP30P140)
   0.0184    5.9130 v reducedSum_reduced_nextLevel_adder_28/_927_/Z (AN2D0BWP30P140)
   0.0165    5.9295 v reducedSum_reduced_nextLevel_adder_30/_483_/ZN (INR2D0BWP30P140)
   0.0291    5.9586 ^ reducedSum_reduced_nextLevel_adder_30/_495_/ZN (AOI211D0BWP30P140)
   0.0224    5.9810 v reducedSum_reduced_nextLevel_adder_30/_497_/ZN (OAI31D0BWP30P140)
   0.0310    6.0121 ^ reducedSum_reduced_nextLevel_adder_30/_499_/ZN (AOI21D0BWP30P140)
   0.0280    6.0401 v reducedSum_reduced_nextLevel_adder_30/_502_/ZN (OAI21D0BWP30P140)
   0.0198    6.0599 ^ reducedSum_reduced_nextLevel_adder_30/_520_/ZN (XNR2UD0BWP30P140)
   0.0245    6.0844 v reducedSum_reduced_nextLevel_adder_30/_527_/ZN (IND3D0BWP30P140)
   0.3177    6.4021 ^ reducedSum_reduced_nextLevel_adder_30/_572_/ZN (OAI31D0BWP30P140)
   0.0427    6.4447 v reducedSum_reduced_nextLevel_adder_30/_615_/ZN (MUX2ND0BWP30P140)
   0.0617    6.5065 ^ reducedSum_reduced_nextLevel_adder_30/_627_/ZN (MUX4ND0BWP30P140)
   0.0280    6.5345 v reducedSum_reduced_nextLevel_adder_30/_628_/ZN (MUX2ND0BWP30P140)
   0.0363    6.5708 v reducedSum_reduced_nextLevel_adder_30/_689_/Z (OA22D0BWP30P140)
   0.0214    6.5922 ^ reducedSum_reduced_nextLevel_adder_30/_702_/ZN (XNR2UD0BWP30P140)
   0.0193    6.6115 v reducedSum_reduced_nextLevel_adder_30/_703_/ZN (AOI21D0BWP30P140)
   0.0294    6.6409 ^ reducedSum_reduced_nextLevel_adder_30/_704_/ZN (MAOI222D0BWP30P140)
   0.0243    6.6652 ^ reducedSum_reduced_nextLevel_adder_30/_709_/Z (AO21D0BWP30P140)
   0.0147    6.6799 v reducedSum_reduced_nextLevel_adder_30/_713_/ZN (AOI21D0BWP30P140)
   0.0292    6.7091 ^ reducedSum_reduced_nextLevel_adder_30/_718_/ZN (MAOI222D0BWP30P140)
   0.0260    6.7351 ^ reducedSum_reduced_nextLevel_adder_30/_725_/Z (AO21D0BWP30P140)
   0.0233    6.7584 ^ reducedSum_reduced_nextLevel_adder_30/_730_/Z (AO21D0BWP30P140)
   0.0253    6.7837 ^ reducedSum_reduced_nextLevel_adder_30/_741_/Z (AO211D0BWP30P140)
   0.0208    6.8044 v reducedSum_reduced_nextLevel_adder_30/_746_/ZN (AOI31D0BWP30P140)
   0.0325    6.8369 ^ reducedSum_reduced_nextLevel_adder_30/_757_/ZN (OAI31D0BWP30P140)
   0.0191    6.8559 v reducedSum_reduced_nextLevel_adder_30/_759_/ZN (AOI211D0BWP30P140)
   0.0964    6.9523 ^ reducedSum_reduced_nextLevel_adder_30/_781_/ZN (NR2D0BWP30P140)
   0.0346    6.9869 ^ reducedSum_reduced_nextLevel_adder_30/_802_/ZN (MUX2ND0BWP30P140)
   0.0478    7.0346 v reducedSum_reduced_nextLevel_adder_30/_812_/ZN (ND4D0BWP30P140)
   0.0436    7.0783 ^ reducedSum_reduced_nextLevel_adder_30/_831_/ZN (NR4D0BWP30P140)
   0.0434    7.1217 v reducedSum_reduced_nextLevel_adder_30/_845_/ZN (ND4D0BWP30P140)
   0.0350    7.1567 v reducedSum_reduced_nextLevel_adder_30/_851_/Z (OR2D0BWP30P140)
   0.0214    7.1781 v reducedSum_reduced_nextLevel_adder_30/_856_/ZN (XNR2UD0BWP30P140)
   0.0461    7.2242 v reducedSum_conv/_119_/Z (OR4D0BWP30P140)
   0.0270    7.2512 ^ reducedSum_conv/_128_/ZN (INR2D0BWP30P140)
   0.0299    7.2811 ^ reducedSum_conv/_137_/ZN (XNR2UD0BWP30P140)
   0.0290    7.3101 ^ reducedSum_conv/_151_/ZN (XNR2UD0BWP30P140)
   0.0358    7.3459 v reducedSum_conv/_152_/ZN (OAI211D0BWP30P140)
   0.0398    7.3858 ^ reducedSum_conv/_155_/ZN (AOI21D0BWP30P140)
   0.0376    7.4234 ^ reducedSum_conv/_161_/Z (OA211D0BWP30P140)
   0.0280    7.4514 ^ reducedSum_conv/_170_/Z (OA21D0BWP30P140)
   0.0218    7.4732 v reducedSum_conv/_183_/ZN (OAI221D0BWP30P140)
   0.1150    7.5882 ^ reducedSum_conv/_184_/ZN (AOI211D0BWP30P140)
   0.0332    7.6214 v reducedSum_conv/_191_/ZN (NR3D0BWP30P140)
   0.0344    7.6558 v accAdder/_0897_/ZN (XNR2UD0BWP30P140)
   0.0314    7.6871 ^ accAdder/_0899_/ZN (AOI21D0BWP30P140)
   0.0301    7.7173 v accAdder/_0901_/ZN (MAOI222D0BWP30P140)
   0.0389    7.7561 ^ accAdder/_0902_/ZN (MAOI222D0BWP30P140)
   0.0304    7.7865 v accAdder/_0903_/ZN (MAOI222D0BWP30P140)
   0.0393    7.8257 ^ accAdder/_0966_/ZN (MAOI222D0BWP30P140)
   0.0304    7.8561 v accAdder/_0968_/ZN (MAOI222D0BWP30P140)
   0.0260    7.8821 v accAdder/_0970_/ZN (XNR2UD0BWP30P140)
   0.0212    7.9033 ^ accAdder/_0971_/ZN (NR2D0BWP30P140)
   0.0257    7.9290 ^ accAdder/_0972_/Z (AN2D0BWP30P140)
   0.4170    8.3460 v accAdder/_0975_/ZN (AOI31D0BWP30P140)
   0.4192    8.7652 ^ accAdder/_0991_/ZN (AOI22D0BWP30P140)
   0.0318    8.7971 v accAdder/_1063_/ZN (CKND2D0BWP30P140)
   0.0370    8.8341 ^ accAdder/_1188_/ZN (OAI32D0BWP30P140)
   0.0151    8.8491 v accAdder/_1189_/ZN (AOI21D0BWP30P140)
   0.0396    8.8888 ^ accAdder/_1191_/ZN (OAI221D0BWP30P140)
   0.0211    8.9099 v accAdder/_1196_/ZN (OAI31D0BWP30P140)
   0.0222    8.9321 ^ accAdder/_1198_/ZN (AOI21D0BWP30P140)
   0.0256    8.9577 v accAdder/_1200_/ZN (MAOI222D0BWP30P140)
   0.0396    8.9973 ^ accAdder/_1202_/ZN (MAOI222D0BWP30P140)
   0.0257    9.0230 v accAdder/_1204_/ZN (MAOI222D0BWP30P140)
   0.0277    9.0507 ^ accAdder/_1206_/ZN (AOI21D0BWP30P140)
   0.0253    9.0760 ^ accAdder/_1209_/ZN (IAO21D0BWP30P140)
   0.0247    9.1007 v accAdder/_1211_/ZN (MAOI222D0BWP30P140)
   0.0395    9.1402 ^ accAdder/_1213_/ZN (MAOI222D0BWP30P140)
   0.0265    9.1667 v accAdder/_1221_/ZN (MAOI222D0BWP30P140)
   0.0354    9.2021 v accAdder/_1232_/Z (AO21D0BWP30P140)
   0.0261    9.2281 ^ accAdder/_1242_/ZN (MAOI222D0BWP30P140)
   0.0265    9.2547 v accAdder/_1255_/ZN (MAOI222D0BWP30P140)
   0.0315    9.2862 v accAdder/_1259_/Z (AO21D0BWP30P140)
   0.0182    9.3043 ^ accAdder/_1276_/ZN (AOI21D0BWP30P140)
   0.0258    9.3302 v accAdder/_1280_/ZN (MAOI222D0BWP30P140)
   0.0391    9.3693 ^ accAdder/_1296_/ZN (MAOI222D0BWP30P140)
   0.0262    9.3954 v accAdder/_1300_/ZN (MAOI222D0BWP30P140)
   0.0304    9.4258 ^ accAdder/_1318_/ZN (AOI21D0BWP30P140)
   0.0249    9.4508 v accAdder/_1322_/ZN (MAOI222D0BWP30P140)
   0.0364    9.4872 v accAdder/_1345_/Z (AO21D0BWP30P140)
   0.0156    9.5028 ^ accAdder/_1353_/ZN (MUX2ND0BWP30P140)
   0.0348    9.5376 ^ accAdder/_1354_/ZN (XNR2UD0BWP30P140)
   0.0288    9.5664 ^ accAdder/_1453_/ZN (MAOI22D0BWP30P140)
   0.1281    9.6945 v accAdder/_1456_/ZN (OAI211D0BWP30P140)
   0.0886    9.7831 ^ accAdder/_1531_/Z (MUX4D0BWP30P140)
   0.0194    9.8025 v accAdder/_1534_/ZN (MUX3ND0BWP30P140)
   0.0405    9.8430 ^ accAdder/_1568_/ZN (NR2D0BWP30P140)
   0.0507    9.8937 ^ accAdder/_1577_/ZN (INR4D0BWP30P140)
   0.0510    9.9448 ^ accAdder/_1582_/Z (AN4D0BWP30P140)
   0.0395    9.9842 ^ accAdder/_1590_/Z (AN4D0BWP30P140)
   0.0406   10.0248 ^ accAdder/_1601_/Z (AN4D0BWP30P140)
   0.0349   10.0597 ^ accAdder/_1603_/Z (AN3D0BWP30P140)
   0.0271   10.0868 v accAdder/_1605_/ZN (IND3D0BWP30P140)
   0.0379   10.1247 v accAdder/_1606_/Z (OR3D0BWP30P140)
   0.0368   10.1616 ^ accAdder/_1608_/ZN (INR3D0BWP30P140)
   0.0364   10.1980 v accAdder/_1611_/ZN (MAOI222D0BWP30P140)
   0.0357   10.2337 ^ accAdder/_1616_/ZN (NR4D0BWP30P140)
   0.0219   10.2556 v accAdder/_1619_/ZN (OAI31D0BWP30P140)
   0.0327   10.2882 v accAdder/_1621_/Z (AO21D0BWP30P140)
   0.0312   10.3195 ^ accAdder/_1623_/ZN (AOI21D0BWP30P140)
   0.0237   10.3431 v accAdder/_1626_/ZN (OAI21D0BWP30P140)
   0.0215   10.3646 v accAdder/_1658_/Z (AN3D0BWP30P140)
   0.0613   10.4259 v accAdder/_1659_/Z (OR3D0BWP30P140)
   0.0420   10.4679 ^ accAdder/_1703_/ZN (AOI211D0BWP30P140)
   0.0261   10.4939 ^ _060_/Z (AO22D0BWP30P140)
   0.0000   10.4939 ^ _070_/D (DFCNQD1BWP30P140)
            10.4939   data arrival time

  20.0000   20.0000   clock CORE_CLK (rise edge)
   0.0000   20.0000   clock network delay (ideal)
  -0.0500   19.9500   clock uncertainty
   0.0000   19.9500   clock reconvergence pessimism
            19.9500 ^ _070_/CP (DFCNQD1BWP30P140)
  -0.0174   19.9326   library setup time
            19.9326   data required time
-------------------------------------------------------------
            19.9326   data required time
           -10.4939   data arrival time
-------------------------------------------------------------
             9.4387   slack (MET)


