Startpoint: reset (input port clocked by CORE_CLK)
Endpoint: _068_ (recovery check against rising-edge clock CORE_CLK)
Path Group: asynchronous
Path Type: max

    Delay      Time   Description
-------------------------------------------------------------
   0.0000    0.0000   clock CORE_CLK (rise edge)
   0.0000    0.0000   clock network delay (ideal)
   0.0000    0.0000 ^ input external delay
   0.0000    0.0000 ^ reset (in)
   0.0000    0.0000 ^ _068_/CDN (DFCNQD1BWP30P140)
             0.0000   data arrival time

  20.0000   20.0000   clock CORE_CLK (rise edge)
   0.0000   20.0000   clock network delay (ideal)
  -0.0500   19.9500   clock uncertainty
   0.0000   19.9500   clock reconvergence pessimism
            19.9500 ^ _068_/CP (DFCNQD1BWP30P140)
   0.0258   19.9758   library recovery time
            19.9758   data required time
-------------------------------------------------------------
            19.9758   data required time
            -0.0000   data arrival time
-------------------------------------------------------------
            19.9758   slack (MET)


Startpoint: io_share_exp_A_i[3] (input port clocked by CORE_CLK)
Endpoint: _070_ (rising edge-triggered flip-flop clocked by CORE_CLK)
Path Group: CORE_CLK
Path Type: max

    Delay      Time   Description
-------------------------------------------------------------
   0.0000    0.0000   clock CORE_CLK (rise edge)
   0.0000    0.0000   clock network delay (ideal)
   0.0000    0.0000 v input external delay
   0.0000    0.0000 v io_share_exp_A_i[3] (in)
   0.0131    0.0131 ^ reducedSum_sa/_0566_/ZN (CKND2D0BWP30P140)
   0.0604    0.0735 v reducedSum_sa/_0571_/Z (XOR4D0BWP30P140)
   0.0319    0.1055 v reducedSum_sa/_0573_/ZN (XNR2UD0BWP30P140)
   0.0603    0.1657 ^ reducedSum_sa/_0592_/ZN (XNR3UD0BWP30P140)
   0.0303    0.1961 v reducedSum_sa/_0595_/ZN (MAOI222D0BWP30P140)
   0.0405    0.2365 ^ reducedSum_sa/_0596_/ZN (MAOI222D0BWP30P140)
   0.0438    0.2803 v reducedSum_sa/_0633_/ZN (MAOI222D0BWP30P140)
   0.0460    0.3263 ^ reducedSum_sa/_0682_/ZN (MAOI222D0BWP30P140)
   0.0336    0.3599 v reducedSum_sa/_0799_/ZN (MAOI222D0BWP30P140)
   0.0433    0.4032 ^ reducedSum_sa/_0843_/ZN (OAI21D0BWP30P140)
   0.0237    0.4269 v reducedSum_sa/_0905_/ZN (AOI221D0BWP30P140)
   0.0400    0.4669 ^ reducedSum_sa/_0906_/ZN (AOI21D0BWP30P140)
   0.0192    0.4861 v reducedSum_sa/_0988_/ZN (CKND2D0BWP30P140)
   0.0610    0.5471 v reducedSum_sa/_1001_/ZN (XNR3UD0BWP30P140)
   0.0618    0.6089 v reducedSum_sa/_1014_/Z (XOR3UD0BWP30P140)
   0.0328    0.6417 ^ reducedSum_sa/_1020_/ZN (XNR2UD0BWP30P140)
   0.0283    0.6701 v reducedSum_sa/_1022_/ZN (MAOI222D0BWP30P140)
   0.0331    0.7032 ^ reducedSum_sa/_1023_/ZN (MAOI222D0BWP30P140)
   0.0262    0.7294 v reducedSum_sa/_1024_/ZN (MAOI222D0BWP30P140)
   0.0379    0.7673 ^ reducedSum_sa/_1025_/ZN (MAOI222D0BWP30P140)
   0.0315    0.7988 v reducedSum_sa/_1027_/ZN (MAOI222D0BWP30P140)
   0.0382    0.8370 ^ reducedSum_sa/_1029_/ZN (MAOI222D0BWP30P140)
   0.0318    0.8688 ^ reducedSum_sa/_1034_/Z (AO21D0BWP30P140)
   0.0113    0.8801 v reducedSum_reduced_nextLevel_adder/_0572_/ZN (CKND0BWP30P140)
   0.0217    0.9017 ^ reducedSum_reduced_nextLevel_adder/_0664_/ZN (OAI22D0BWP30P140)
   0.0152    0.9169 v reducedSum_reduced_nextLevel_adder/_0666_/ZN (AOI221D0BWP30P140)
   0.0225    0.9394 v reducedSum_reduced_nextLevel_adder/_0667_/Z (AN2D0BWP30P140)
   0.0121    0.9515 ^ reducedSum_reduced_nextLevel_adder/_0670_/ZN (OAI211D0BWP30P140)
   0.0195    0.9709 ^ reducedSum_reduced_nextLevel_adder/_0671_/Z (AO21D0BWP30P140)
   0.5325    1.5035 v reducedSum_reduced_nextLevel_adder/_0673_/ZN (AOI31D0BWP30P140)
   0.1689    1.6724 v reducedSum_reduced_nextLevel_adder/_0764_/ZN (MUX4ND0BWP30P140)
   0.0536    1.7260 ^ reducedSum_reduced_nextLevel_adder/_0780_/ZN (MUX2ND0BWP30P140)
   0.0203    1.7463 v reducedSum_reduced_nextLevel_adder/_0781_/ZN (MUX2ND0BWP30P140)
   0.0445    1.7908 ^ reducedSum_reduced_nextLevel_adder/_0840_/ZN (AOI221D0BWP30P140)
   0.0214    1.8122 v reducedSum_reduced_nextLevel_adder/_0847_/ZN (AOI211D0BWP30P140)
   0.0309    1.8430 ^ reducedSum_reduced_nextLevel_adder/_0849_/ZN (MAOI222D0BWP30P140)
   0.0252    1.8682 v reducedSum_reduced_nextLevel_adder/_0852_/ZN (MAOI222D0BWP30P140)
   0.0308    1.8990 ^ reducedSum_reduced_nextLevel_adder/_0856_/ZN (AOI21D0BWP30P140)
   0.0259    1.9250 v reducedSum_reduced_nextLevel_adder/_0860_/ZN (MAOI222D0BWP30P140)
   0.0403    1.9653 ^ reducedSum_reduced_nextLevel_adder/_0864_/ZN (MAOI222D0BWP30P140)
   0.0253    1.9906 v reducedSum_reduced_nextLevel_adder/_0868_/ZN (MAOI222D0BWP30P140)
   0.0297    2.0203 ^ reducedSum_reduced_nextLevel_adder/_0872_/ZN (AOI21D0BWP30P140)
   0.0245    2.0448 v reducedSum_reduced_nextLevel_adder/_0876_/ZN (MAOI222D0BWP30P140)
   0.0308    2.0756 ^ reducedSum_reduced_nextLevel_adder/_0880_/ZN (AOI21D0BWP30P140)
   0.0248    2.1004 v reducedSum_reduced_nextLevel_adder/_0885_/ZN (MAOI222D0BWP30P140)
   0.0350    2.1354 ^ reducedSum_reduced_nextLevel_adder/_0887_/ZN (AOI21D0BWP30P140)
   0.0264    2.1617 v reducedSum_reduced_nextLevel_adder/_0892_/ZN (OAI211D0BWP30P140)
   0.0273    2.1890 ^ reducedSum_reduced_nextLevel_adder/_0893_/ZN (AOI31D0BWP30P140)
   0.0282    2.2172 v reducedSum_reduced_nextLevel_adder/_0894_/ZN (MAOI222D0BWP30P140)
   0.0453    2.2625 v reducedSum_reduced_nextLevel_adder/_0896_/Z (AO211D0BWP30P140)
   0.0243    2.2868 ^ reducedSum_reduced_nextLevel_adder/_0897_/ZN (AOI31D0BWP30P140)
   0.0305    2.3173 v reducedSum_reduced_nextLevel_adder/_0907_/ZN (OAI211D0BWP30P140)
   0.0841    2.4014 ^ reducedSum_reduced_nextLevel_adder/_0932_/ZN (CKND2D0BWP30P140)
   0.0318    2.4332 ^ reducedSum_reduced_nextLevel_adder/_0960_/ZN (MUX2ND0BWP30P140)
   0.0527    2.4859 v reducedSum_reduced_nextLevel_adder/_0965_/ZN (ND4D0BWP30P140)
   0.0419    2.5278 ^ reducedSum_reduced_nextLevel_adder/_0983_/ZN (NR4D0BWP30P140)
   0.0485    2.5762 ^ reducedSum_reduced_nextLevel_adder/_0996_/Z (AN4D0BWP30P140)
   0.0606    2.6368 ^ reducedSum_reduced_nextLevel_adder/_1012_/ZN (INR4D0BWP30P140)
   0.0473    2.6841 v reducedSum_reduced_nextLevel_adder/_1026_/ZN (ND4D0BWP30P140)
   0.0397    2.7238 ^ reducedSum_reduced_nextLevel_adder/_1106_/ZN (NR4D0BWP30P140)
   0.0412    2.7650 v reducedSum_reduced_nextLevel_adder/_1109_/ZN (ND4D0BWP30P140)
   0.0217    2.7866 ^ reducedSum_reduced_nextLevel_adder/_1118_/ZN (CKND2D0BWP30P140)
   0.0235    2.8101 v reducedSum_reduced_nextLevel_adder/_1119_/ZN (XNR2UD0BWP30P140)
   0.0278    2.8379 v reducedSum_reduced_nextLevel_adder_16/_0577_/ZN (INR2D0BWP30P140)
   0.0318    2.8696 ^ reducedSum_reduced_nextLevel_adder_16/_0585_/ZN (AOI211D0BWP30P140)
   0.0235    2.8931 v reducedSum_reduced_nextLevel_adder_16/_0587_/ZN (OAI31D0BWP30P140)
   0.0244    2.9175 ^ reducedSum_reduced_nextLevel_adder_16/_0593_/ZN (XNR2UD0BWP30P140)
   0.0356    2.9531 ^ reducedSum_reduced_nextLevel_adder_16/_0616_/Z (AN3D0BWP30P140)
   0.5337    3.4868 v reducedSum_reduced_nextLevel_adder_16/_0673_/ZN (AOI31D0BWP30P140)
   0.1689    3.6557 v reducedSum_reduced_nextLevel_adder_16/_0764_/ZN (MUX4ND0BWP30P140)
   0.0536    3.7093 ^ reducedSum_reduced_nextLevel_adder_16/_0780_/ZN (MUX2ND0BWP30P140)
   0.0203    3.7296 v reducedSum_reduced_nextLevel_adder_16/_0781_/ZN (MUX2ND0BWP30P140)
   0.0445    3.7741 ^ reducedSum_reduced_nextLevel_adder_16/_0840_/ZN (AOI221D0BWP30P140)
   0.0214    3.7955 v reducedSum_reduced_nextLevel_adder_16/_0847_/ZN (AOI211D0BWP30P140)
   0.0309    3.8263 ^ reducedSum_reduced_nextLevel_adder_16/_0849_/ZN (MAOI222D0BWP30P140)
   0.0252    3.8515 v reducedSum_reduced_nextLevel_adder_16/_0852_/ZN (MAOI222D0BWP30P140)
   0.0308    3.8824 ^ reducedSum_reduced_nextLevel_adder_16/_0856_/ZN (AOI21D0BWP30P140)
   0.0259    3.9083 v reducedSum_reduced_nextLevel_adder_16/_0860_/ZN (MAOI222D0BWP30P140)
   0.0403    3.9486 ^ reducedSum_reduced_nextLevel_adder_16/_0864_/ZN (MAOI222D0BWP30P140)
   0.0253    3.9739 v reducedSum_reduced_nextLevel_adder_16/_0868_/ZN (MAOI222D0BWP30P140)
   0.0297    4.0036 ^ reducedSum_reduced_nextLevel_adder_16/_0872_/ZN (AOI21D0BWP30P140)
   0.0245    4.0281 v reducedSum_reduced_nextLevel_adder_16/_0876_/ZN (MAOI222D0BWP30P140)
   0.0308    4.0589 ^ reducedSum_reduced_nextLevel_adder_16/_0880_/ZN (AOI21D0BWP30P140)
   0.0248    4.0837 v reducedSum_reduced_nextLevel_adder_16/_0885_/ZN (MAOI222D0BWP30P140)
   0.0350    4.1187 ^ reducedSum_reduced_nextLevel_adder_16/_0887_/ZN (AOI21D0BWP30P140)
   0.0264    4.1451 v reducedSum_reduced_nextLevel_adder_16/_0892_/ZN (OAI211D0BWP30P140)
   0.0273    4.1724 ^ reducedSum_reduced_nextLevel_adder_16/_0893_/ZN (AOI31D0BWP30P140)
   0.0282    4.2005 v reducedSum_reduced_nextLevel_adder_16/_0894_/ZN (MAOI222D0BWP30P140)
   0.0453    4.2458 v reducedSum_reduced_nextLevel_adder_16/_0896_/Z (AO211D0BWP30P140)
   0.0243    4.2701 ^ reducedSum_reduced_nextLevel_adder_16/_0897_/ZN (AOI31D0BWP30P140)
   0.0305    4.3006 v reducedSum_reduced_nextLevel_adder_16/_0907_/ZN (OAI211D0BWP30P140)
   0.0841    4.3847 ^ reducedSum_reduced_nextLevel_adder_16/_0932_/ZN (CKND2D0BWP30P140)
   0.0318    4.4165 ^ reducedSum_reduced_nextLevel_adder_16/_0960_/ZN (MUX2ND0BWP30P140)
   0.0527    4.4692 v reducedSum_reduced_nextLevel_adder_16/_0965_/ZN (ND4D0BWP30P140)
   0.0419    4.5111 ^ reducedSum_reduced_nextLevel_adder_16/_0983_/ZN (NR4D0BWP30P140)
   0.0485    4.5595 ^ reducedSum_reduced_nextLevel_adder_16/_0996_/Z (AN4D0BWP30P140)
   0.0606    4.6201 ^ reducedSum_reduced_nextLevel_adder_16/_1012_/ZN (INR4D0BWP30P140)
   0.0473    4.6674 v reducedSum_reduced_nextLevel_adder_16/_1026_/ZN (ND4D0BWP30P140)
   0.0397    4.7071 ^ reducedSum_reduced_nextLevel_adder_16/_1106_/ZN (NR4D0BWP30P140)
   0.0412    4.7483 v reducedSum_reduced_nextLevel_adder_16/_1109_/ZN (ND4D0BWP30P140)
   0.0217    4.7700 ^ reducedSum_reduced_nextLevel_adder_16/_1118_/ZN (CKND2D0BWP30P140)
   0.0235    4.7934 v reducedSum_reduced_nextLevel_adder_16/_1119_/ZN (XNR2UD0BWP30P140)
   0.0278    4.8212 v reducedSum_reduced_nextLevel_adder_24/_0577_/ZN (INR2D0BWP30P140)
   0.0318    4.8529 ^ reducedSum_reduced_nextLevel_adder_24/_0585_/ZN (AOI211D0BWP30P140)
   0.0235    4.8764 v reducedSum_reduced_nextLevel_adder_24/_0587_/ZN (OAI31D0BWP30P140)
   0.0244    4.9008 ^ reducedSum_reduced_nextLevel_adder_24/_0593_/ZN (XNR2UD0BWP30P140)
   0.0356    4.9364 ^ reducedSum_reduced_nextLevel_adder_24/_0616_/Z (AN3D0BWP30P140)
   0.5337    5.4701 v reducedSum_reduced_nextLevel_adder_24/_0673_/ZN (AOI31D0BWP30P140)
   0.1689    5.6390 v reducedSum_reduced_nextLevel_adder_24/_0764_/ZN (MUX4ND0BWP30P140)
   0.0536    5.6927 ^ reducedSum_reduced_nextLevel_adder_24/_0780_/ZN (MUX2ND0BWP30P140)
   0.0203    5.7129 v reducedSum_reduced_nextLevel_adder_24/_0781_/ZN (MUX2ND0BWP30P140)
   0.0445    5.7574 ^ reducedSum_reduced_nextLevel_adder_24/_0840_/ZN (AOI221D0BWP30P140)
   0.0214    5.7788 v reducedSum_reduced_nextLevel_adder_24/_0847_/ZN (AOI211D0BWP30P140)
   0.0309    5.8097 ^ reducedSum_reduced_nextLevel_adder_24/_0849_/ZN (MAOI222D0BWP30P140)
   0.0252    5.8349 v reducedSum_reduced_nextLevel_adder_24/_0852_/ZN (MAOI222D0BWP30P140)
   0.0308    5.8657 ^ reducedSum_reduced_nextLevel_adder_24/_0856_/ZN (AOI21D0BWP30P140)
   0.0259    5.8916 v reducedSum_reduced_nextLevel_adder_24/_0860_/ZN (MAOI222D0BWP30P140)
   0.0403    5.9319 ^ reducedSum_reduced_nextLevel_adder_24/_0864_/ZN (MAOI222D0BWP30P140)
   0.0253    5.9572 v reducedSum_reduced_nextLevel_adder_24/_0868_/ZN (MAOI222D0BWP30P140)
   0.0297    5.9869 ^ reducedSum_reduced_nextLevel_adder_24/_0872_/ZN (AOI21D0BWP30P140)
   0.0245    6.0114 v reducedSum_reduced_nextLevel_adder_24/_0876_/ZN (MAOI222D0BWP30P140)
   0.0308    6.0422 ^ reducedSum_reduced_nextLevel_adder_24/_0880_/ZN (AOI21D0BWP30P140)
   0.0248    6.0670 v reducedSum_reduced_nextLevel_adder_24/_0885_/ZN (MAOI222D0BWP30P140)
   0.0350    6.1020 ^ reducedSum_reduced_nextLevel_adder_24/_0887_/ZN (AOI21D0BWP30P140)
   0.0264    6.1284 v reducedSum_reduced_nextLevel_adder_24/_0892_/ZN (OAI211D0BWP30P140)
   0.0273    6.1557 ^ reducedSum_reduced_nextLevel_adder_24/_0893_/ZN (AOI31D0BWP30P140)
   0.0282    6.1838 v reducedSum_reduced_nextLevel_adder_24/_0894_/ZN (MAOI222D0BWP30P140)
   0.0453    6.2291 v reducedSum_reduced_nextLevel_adder_24/_0896_/Z (AO211D0BWP30P140)
   0.0243    6.2534 ^ reducedSum_reduced_nextLevel_adder_24/_0897_/ZN (AOI31D0BWP30P140)
   0.0305    6.2839 v reducedSum_reduced_nextLevel_adder_24/_0907_/ZN (OAI211D0BWP30P140)
   0.0841    6.3680 ^ reducedSum_reduced_nextLevel_adder_24/_0932_/ZN (CKND2D0BWP30P140)
   0.0318    6.3998 ^ reducedSum_reduced_nextLevel_adder_24/_0960_/ZN (MUX2ND0BWP30P140)
   0.0527    6.4525 v reducedSum_reduced_nextLevel_adder_24/_0965_/ZN (ND4D0BWP30P140)
   0.0419    6.4944 ^ reducedSum_reduced_nextLevel_adder_24/_0983_/ZN (NR4D0BWP30P140)
   0.0485    6.5429 ^ reducedSum_reduced_nextLevel_adder_24/_0996_/Z (AN4D0BWP30P140)
   0.0606    6.6034 ^ reducedSum_reduced_nextLevel_adder_24/_1012_/ZN (INR4D0BWP30P140)
   0.0473    6.6507 v reducedSum_reduced_nextLevel_adder_24/_1026_/ZN (ND4D0BWP30P140)
   0.0397    6.6904 ^ reducedSum_reduced_nextLevel_adder_24/_1106_/ZN (NR4D0BWP30P140)
   0.0412    6.7316 v reducedSum_reduced_nextLevel_adder_24/_1109_/ZN (ND4D0BWP30P140)
   0.0217    6.7533 ^ reducedSum_reduced_nextLevel_adder_24/_1118_/ZN (CKND2D0BWP30P140)
   0.0235    6.7767 v reducedSum_reduced_nextLevel_adder_24/_1119_/ZN (XNR2UD0BWP30P140)
   0.0278    6.8045 v reducedSum_reduced_nextLevel_adder_28/_0577_/ZN (INR2D0BWP30P140)
   0.0318    6.8363 ^ reducedSum_reduced_nextLevel_adder_28/_0585_/ZN (AOI211D0BWP30P140)
   0.0235    6.8597 v reducedSum_reduced_nextLevel_adder_28/_0587_/ZN (OAI31D0BWP30P140)
   0.0244    6.8841 ^ reducedSum_reduced_nextLevel_adder_28/_0593_/ZN (XNR2UD0BWP30P140)
   0.0356    6.9197 ^ reducedSum_reduced_nextLevel_adder_28/_0616_/Z (AN3D0BWP30P140)
   0.5337    7.4534 v reducedSum_reduced_nextLevel_adder_28/_0673_/ZN (AOI31D0BWP30P140)
   0.1689    7.6224 v reducedSum_reduced_nextLevel_adder_28/_0764_/ZN (MUX4ND0BWP30P140)
   0.0536    7.6760 ^ reducedSum_reduced_nextLevel_adder_28/_0780_/ZN (MUX2ND0BWP30P140)
   0.0203    7.6962 v reducedSum_reduced_nextLevel_adder_28/_0781_/ZN (MUX2ND0BWP30P140)
   0.0445    7.7407 ^ reducedSum_reduced_nextLevel_adder_28/_0840_/ZN (AOI221D0BWP30P140)
   0.0214    7.7621 v reducedSum_reduced_nextLevel_adder_28/_0847_/ZN (AOI211D0BWP30P140)
   0.0309    7.7930 ^ reducedSum_reduced_nextLevel_adder_28/_0849_/ZN (MAOI222D0BWP30P140)
   0.0252    7.8182 v reducedSum_reduced_nextLevel_adder_28/_0852_/ZN (MAOI222D0BWP30P140)
   0.0308    7.8490 ^ reducedSum_reduced_nextLevel_adder_28/_0856_/ZN (AOI21D0BWP30P140)
   0.0259    7.8749 v reducedSum_reduced_nextLevel_adder_28/_0860_/ZN (MAOI222D0BWP30P140)
   0.0403    7.9152 ^ reducedSum_reduced_nextLevel_adder_28/_0864_/ZN (MAOI222D0BWP30P140)
   0.0253    7.9405 v reducedSum_reduced_nextLevel_adder_28/_0868_/ZN (MAOI222D0BWP30P140)
   0.0297    7.9702 ^ reducedSum_reduced_nextLevel_adder_28/_0872_/ZN (AOI21D0BWP30P140)
   0.0245    7.9947 v reducedSum_reduced_nextLevel_adder_28/_0876_/ZN (MAOI222D0BWP30P140)
   0.0308    8.0255 ^ reducedSum_reduced_nextLevel_adder_28/_0880_/ZN (AOI21D0BWP30P140)
   0.0248    8.0503 v reducedSum_reduced_nextLevel_adder_28/_0885_/ZN (MAOI222D0BWP30P140)
   0.0350    8.0853 ^ reducedSum_reduced_nextLevel_adder_28/_0887_/ZN (AOI21D0BWP30P140)
   0.0264    8.1117 v reducedSum_reduced_nextLevel_adder_28/_0892_/ZN (OAI211D0BWP30P140)
   0.0273    8.1390 ^ reducedSum_reduced_nextLevel_adder_28/_0893_/ZN (AOI31D0BWP30P140)
   0.0282    8.1671 v reducedSum_reduced_nextLevel_adder_28/_0894_/ZN (MAOI222D0BWP30P140)
   0.0453    8.2124 v reducedSum_reduced_nextLevel_adder_28/_0896_/Z (AO211D0BWP30P140)
   0.0243    8.2367 ^ reducedSum_reduced_nextLevel_adder_28/_0897_/ZN (AOI31D0BWP30P140)
   0.0305    8.2672 v reducedSum_reduced_nextLevel_adder_28/_0907_/ZN (OAI211D0BWP30P140)
   0.0841    8.3513 ^ reducedSum_reduced_nextLevel_adder_28/_0932_/ZN (CKND2D0BWP30P140)
   0.0318    8.3831 ^ reducedSum_reduced_nextLevel_adder_28/_0960_/ZN (MUX2ND0BWP30P140)
   0.0527    8.4358 v reducedSum_reduced_nextLevel_adder_28/_0965_/ZN (ND4D0BWP30P140)
   0.0419    8.4777 ^ reducedSum_reduced_nextLevel_adder_28/_0983_/ZN (NR4D0BWP30P140)
   0.0485    8.5262 ^ reducedSum_reduced_nextLevel_adder_28/_0996_/Z (AN4D0BWP30P140)
   0.0606    8.5868 ^ reducedSum_reduced_nextLevel_adder_28/_1012_/ZN (INR4D0BWP30P140)
   0.0473    8.6340 v reducedSum_reduced_nextLevel_adder_28/_1026_/ZN (ND4D0BWP30P140)
   0.0397    8.6738 ^ reducedSum_reduced_nextLevel_adder_28/_1106_/ZN (NR4D0BWP30P140)
   0.0412    8.7149 v reducedSum_reduced_nextLevel_adder_28/_1109_/ZN (ND4D0BWP30P140)
   0.0217    8.7366 ^ reducedSum_reduced_nextLevel_adder_28/_1118_/ZN (CKND2D0BWP30P140)
   0.0235    8.7600 v reducedSum_reduced_nextLevel_adder_28/_1119_/ZN (XNR2UD0BWP30P140)
   0.0278    8.7878 v reducedSum_reduced_nextLevel_adder_30/_0577_/ZN (INR2D0BWP30P140)
   0.0318    8.8196 ^ reducedSum_reduced_nextLevel_adder_30/_0585_/ZN (AOI211D0BWP30P140)
   0.0235    8.8431 v reducedSum_reduced_nextLevel_adder_30/_0587_/ZN (OAI31D0BWP30P140)
   0.0244    8.8674 ^ reducedSum_reduced_nextLevel_adder_30/_0593_/ZN (XNR2UD0BWP30P140)
   0.0356    8.9030 ^ reducedSum_reduced_nextLevel_adder_30/_0616_/Z (AN3D0BWP30P140)
   0.5337    9.4367 v reducedSum_reduced_nextLevel_adder_30/_0673_/ZN (AOI31D0BWP30P140)
   0.1689    9.6057 v reducedSum_reduced_nextLevel_adder_30/_0764_/ZN (MUX4ND0BWP30P140)
   0.0536    9.6593 ^ reducedSum_reduced_nextLevel_adder_30/_0780_/ZN (MUX2ND0BWP30P140)
   0.0203    9.6796 v reducedSum_reduced_nextLevel_adder_30/_0781_/ZN (MUX2ND0BWP30P140)
   0.0445    9.7240 ^ reducedSum_reduced_nextLevel_adder_30/_0840_/ZN (AOI221D0BWP30P140)
   0.0214    9.7454 v reducedSum_reduced_nextLevel_adder_30/_0847_/ZN (AOI211D0BWP30P140)
   0.0309    9.7763 ^ reducedSum_reduced_nextLevel_adder_30/_0849_/ZN (MAOI222D0BWP30P140)
   0.0252    9.8015 v reducedSum_reduced_nextLevel_adder_30/_0852_/ZN (MAOI222D0BWP30P140)
   0.0308    9.8323 ^ reducedSum_reduced_nextLevel_adder_30/_0856_/ZN (AOI21D0BWP30P140)
   0.0259    9.8582 v reducedSum_reduced_nextLevel_adder_30/_0860_/ZN (MAOI222D0BWP30P140)
   0.0403    9.8986 ^ reducedSum_reduced_nextLevel_adder_30/_0864_/ZN (MAOI222D0BWP30P140)
   0.0253    9.9238 v reducedSum_reduced_nextLevel_adder_30/_0868_/ZN (MAOI222D0BWP30P140)
   0.0297    9.9536 ^ reducedSum_reduced_nextLevel_adder_30/_0872_/ZN (AOI21D0BWP30P140)
   0.0245    9.9780 v reducedSum_reduced_nextLevel_adder_30/_0876_/ZN (MAOI222D0BWP30P140)
   0.0308   10.0088 ^ reducedSum_reduced_nextLevel_adder_30/_0880_/ZN (AOI21D0BWP30P140)
   0.0248   10.0336 v reducedSum_reduced_nextLevel_adder_30/_0885_/ZN (MAOI222D0BWP30P140)
   0.0350   10.0686 ^ reducedSum_reduced_nextLevel_adder_30/_0887_/ZN (AOI21D0BWP30P140)
   0.0264   10.0950 v reducedSum_reduced_nextLevel_adder_30/_0892_/ZN (OAI211D0BWP30P140)
   0.0273   10.1223 ^ reducedSum_reduced_nextLevel_adder_30/_0893_/ZN (AOI31D0BWP30P140)
   0.0282   10.1505 v reducedSum_reduced_nextLevel_adder_30/_0894_/ZN (MAOI222D0BWP30P140)
   0.0453   10.1957 v reducedSum_reduced_nextLevel_adder_30/_0896_/Z (AO211D0BWP30P140)
   0.0243   10.2201 ^ reducedSum_reduced_nextLevel_adder_30/_0897_/ZN (AOI31D0BWP30P140)
   0.0305   10.2505 v reducedSum_reduced_nextLevel_adder_30/_0907_/ZN (OAI211D0BWP30P140)
   0.0841   10.3346 ^ reducedSum_reduced_nextLevel_adder_30/_0932_/ZN (CKND2D0BWP30P140)
   0.0318   10.3664 ^ reducedSum_reduced_nextLevel_adder_30/_0960_/ZN (MUX2ND0BWP30P140)
   0.0527   10.4191 v reducedSum_reduced_nextLevel_adder_30/_0965_/ZN (ND4D0BWP30P140)
   0.0419   10.4610 ^ reducedSum_reduced_nextLevel_adder_30/_0983_/ZN (NR4D0BWP30P140)
   0.0485   10.5095 ^ reducedSum_reduced_nextLevel_adder_30/_0996_/Z (AN4D0BWP30P140)
   0.0606   10.5701 ^ reducedSum_reduced_nextLevel_adder_30/_1012_/ZN (INR4D0BWP30P140)
   0.0473   10.6173 v reducedSum_reduced_nextLevel_adder_30/_1026_/ZN (ND4D0BWP30P140)
   0.0351   10.6524 v reducedSum_reduced_nextLevel_adder_30/_1031_/ZN (IND2D0BWP30P140)
   0.0297   10.6821 ^ reducedSum_reduced_nextLevel_adder_30/_1125_/ZN (OAI211D0BWP30P140)
   0.0192   10.7012 ^ reducedSum_conv/_139_/ZN (IND2D0BWP30P140)
   0.0846   10.7858 ^ reducedSum_conv/_149_/Z (OA21D0BWP30P140)
   0.0295   10.8153 v reducedSum_conv/_152_/ZN (OAI21D0BWP30P140)
   0.0258   10.8411 v reducedSum_conv/_165_/ZN (INR2D0BWP30P140)
   0.0267   10.8678 ^ reducedSum_conv/_202_/ZN (NR2D0BWP30P140)
   0.0241   10.8919 v accAdder/_0897_/ZN (XNR2UD0BWP30P140)
   0.0314   10.9232 ^ accAdder/_0899_/ZN (AOI21D0BWP30P140)
   0.0301   10.9533 v accAdder/_0901_/ZN (MAOI222D0BWP30P140)
   0.0370   10.9904 ^ accAdder/_0902_/ZN (MAOI222D0BWP30P140)
   0.0303   11.0207 v accAdder/_0903_/ZN (MAOI222D0BWP30P140)
   0.0355   11.0562 ^ accAdder/_0966_/ZN (MAOI222D0BWP30P140)
   0.0302   11.0864 v accAdder/_0968_/ZN (MAOI222D0BWP30P140)
   0.0262   11.1126 v accAdder/_0970_/ZN (XNR2UD0BWP30P140)
   0.0212   11.1338 ^ accAdder/_0971_/ZN (NR2D0BWP30P140)
   0.0257   11.1596 ^ accAdder/_0972_/Z (AN2D0BWP30P140)
   0.4170   11.5765 v accAdder/_0975_/ZN (AOI31D0BWP30P140)
   0.4192   11.9958 ^ accAdder/_0991_/ZN (AOI22D0BWP30P140)
   0.0318   12.0276 v accAdder/_1063_/ZN (CKND2D0BWP30P140)
   0.0370   12.0646 ^ accAdder/_1188_/ZN (OAI32D0BWP30P140)
   0.0151   12.0796 v accAdder/_1189_/ZN (AOI21D0BWP30P140)
   0.0396   12.1193 ^ accAdder/_1191_/ZN (OAI221D0BWP30P140)
   0.0211   12.1404 v accAdder/_1196_/ZN (OAI31D0BWP30P140)
   0.0222   12.1626 ^ accAdder/_1198_/ZN (AOI21D0BWP30P140)
   0.0256   12.1882 v accAdder/_1200_/ZN (MAOI222D0BWP30P140)
   0.0396   12.2278 ^ accAdder/_1202_/ZN (MAOI222D0BWP30P140)
   0.0257   12.2535 v accAdder/_1204_/ZN (MAOI222D0BWP30P140)
   0.0277   12.2812 ^ accAdder/_1206_/ZN (AOI21D0BWP30P140)
   0.0253   12.3065 ^ accAdder/_1209_/ZN (IAO21D0BWP30P140)
   0.0247   12.3312 v accAdder/_1211_/ZN (MAOI222D0BWP30P140)
   0.0395   12.3707 ^ accAdder/_1213_/ZN (MAOI222D0BWP30P140)
   0.0265   12.3972 v accAdder/_1221_/ZN (MAOI222D0BWP30P140)
   0.0354   12.4326 v accAdder/_1232_/Z (AO21D0BWP30P140)
   0.0261   12.4586 ^ accAdder/_1242_/ZN (MAOI222D0BWP30P140)
   0.0265   12.4852 v accAdder/_1255_/ZN (MAOI222D0BWP30P140)
   0.0315   12.5167 v accAdder/_1259_/Z (AO21D0BWP30P140)
   0.0182   12.5348 ^ accAdder/_1276_/ZN (AOI21D0BWP30P140)
   0.0258   12.5607 v accAdder/_1280_/ZN (MAOI222D0BWP30P140)
   0.0391   12.5998 ^ accAdder/_1296_/ZN (MAOI222D0BWP30P140)
   0.0262   12.6260 v accAdder/_1300_/ZN (MAOI222D0BWP30P140)
   0.0304   12.6564 ^ accAdder/_1318_/ZN (AOI21D0BWP30P140)
   0.0249   12.6813 v accAdder/_1322_/ZN (MAOI222D0BWP30P140)
   0.0364   12.7177 v accAdder/_1345_/Z (AO21D0BWP30P140)
   0.0156   12.7333 ^ accAdder/_1353_/ZN (MUX2ND0BWP30P140)
   0.0347   12.7681 ^ accAdder/_1354_/ZN (XNR2UD0BWP30P140)
   0.0288   12.7968 ^ accAdder/_1453_/ZN (MAOI22D0BWP30P140)
   0.1281   12.9249 v accAdder/_1456_/ZN (OAI211D0BWP30P140)
   0.0886   13.0135 ^ accAdder/_1531_/Z (MUX4D0BWP30P140)
   0.0194   13.0330 v accAdder/_1534_/ZN (MUX3ND0BWP30P140)
   0.0405   13.0735 ^ accAdder/_1568_/ZN (NR2D0BWP30P140)
   0.0507   13.1242 ^ accAdder/_1577_/ZN (INR4D0BWP30P140)
   0.0510   13.1752 ^ accAdder/_1582_/Z (AN4D0BWP30P140)
   0.0395   13.2147 ^ accAdder/_1590_/Z (AN4D0BWP30P140)
   0.0406   13.2553 ^ accAdder/_1601_/Z (AN4D0BWP30P140)
   0.0349   13.2901 ^ accAdder/_1603_/Z (AN3D0BWP30P140)
   0.0271   13.3173 v accAdder/_1605_/ZN (IND3D0BWP30P140)
   0.0379   13.3552 v accAdder/_1606_/Z (OR3D0BWP30P140)
   0.0368   13.3920 ^ accAdder/_1608_/ZN (INR3D0BWP30P140)
   0.0364   13.4285 v accAdder/_1611_/ZN (MAOI222D0BWP30P140)
   0.0357   13.4641 ^ accAdder/_1616_/ZN (NR4D0BWP30P140)
   0.0219   13.4860 v accAdder/_1619_/ZN (OAI31D0BWP30P140)
   0.0327   13.5187 v accAdder/_1621_/Z (AO21D0BWP30P140)
   0.0312   13.5499 ^ accAdder/_1623_/ZN (AOI21D0BWP30P140)
   0.0237   13.5736 v accAdder/_1626_/ZN (OAI21D0BWP30P140)
   0.0215   13.5951 v accAdder/_1658_/Z (AN3D0BWP30P140)
   0.0613   13.6563 v accAdder/_1659_/Z (OR3D0BWP30P140)
   0.0420   13.6983 ^ accAdder/_1703_/ZN (AOI211D0BWP30P140)
   0.0261   13.7244 ^ _060_/Z (AO22D0BWP30P140)
   0.0000   13.7244 ^ _070_/D (DFCNQD1BWP30P140)
            13.7244   data arrival time

  20.0000   20.0000   clock CORE_CLK (rise edge)
   0.0000   20.0000   clock network delay (ideal)
  -0.0500   19.9500   clock uncertainty
   0.0000   19.9500   clock reconvergence pessimism
            19.9500 ^ _070_/CP (DFCNQD1BWP30P140)
  -0.0174   19.9326   library setup time
            19.9326   data required time
-------------------------------------------------------------
            19.9326   data required time
           -13.7244   data arrival time
-------------------------------------------------------------
             6.2083   slack (MET)


