Startpoint: reset (input port clocked by CORE_CLK)
Endpoint: _42_ (recovery check against rising-edge clock CORE_CLK)
Path Group: asynchronous
Path Type: max

    Delay      Time   Description
-------------------------------------------------------------
   0.0000    0.0000   clock CORE_CLK (rise edge)
   0.0000    0.0000   clock network delay (ideal)
   0.0000    0.0000 ^ input external delay
   0.0000    0.0000 ^ reset (in)
   0.0000    0.0000 ^ _42_/CDN (DFCNQD1BWP30P140)
             0.0000   data arrival time

   2.0000    2.0000   clock CORE_CLK (rise edge)
   0.0000    2.0000   clock network delay (ideal)
  -0.0500    1.9500   clock uncertainty
   0.0000    1.9500   clock reconvergence pessimism
             1.9500 ^ _42_/CP (DFCNQD1BWP30P140)
   0.0258    1.9758   library recovery time
             1.9758   data required time
-------------------------------------------------------------
             1.9758   data required time
            -0.0000   data arrival time
-------------------------------------------------------------
             1.9758   slack (MET)


Startpoint: io_op_a_i[14] (input port clocked by CORE_CLK)
Endpoint: _57_ (rising edge-triggered flip-flop clocked by CORE_CLK)
Path Group: CORE_CLK
Path Type: max

    Delay      Time   Description
-------------------------------------------------------------
   0.0000    0.0000   clock CORE_CLK (rise edge)
   0.0000    0.0000   clock network delay (ideal)
   0.0000    0.0000 ^ input external delay
   0.0000    0.0000 ^ io_op_a_i[14] (in)
   0.0122    0.0122 v op_1/_40_/ZN (NR3D0BWP30P140)
   0.0240    0.0362 ^ op_1/_43_/ZN (AOI21D0BWP30P140)
   0.0189    0.0551 v op_1/_44_/ZN (OAI21D0BWP30P140)
   0.0265    0.0815 ^ op_1/_45_/ZN (OAI21D0BWP30P140)
   0.0228    0.1043 v op_1/_46_/ZN (ND3D0BWP30P140)
   0.0333    0.1376 v op_1/_84_/Z (XOR2UD0BWP30P140)
   0.0208    0.1584 ^ tree/_1811_/ZN (CKND0BWP30P140)
   0.0181    0.1765 v tree/_1830_/ZN (AOI22D0BWP30P140)
   0.0291    0.2056 ^ tree/_1832_/ZN (AOI221D0BWP30P140)
   0.0482    0.2538 v tree/_1834_/ZN (MOAI22D0BWP30P140)
   0.0378    0.2916 v tree/_1842_/ZN (MUX2ND0BWP30P140)
   0.0264    0.3180 ^ tree/_1844_/ZN (AOI22D0BWP30P140)
   0.0247    0.3427 ^ tree/_1845_/Z (OA21D0BWP30P140)
   0.0208    0.3635 ^ tree/_1852_/Z (OA21D0BWP30P140)
   0.0450    0.4086 ^ tree/_1854_/Z (OA22D0BWP30P140)
   0.0338    0.4424 ^ tree/_1866_/ZN (MUX2ND0BWP30P140)
   0.0298    0.4722 v tree/_1881_/ZN (XNR2UD0BWP30P140)
   0.0264    0.4986 ^ tree/_1883_/ZN (NR4D0BWP30P140)
   0.0269    0.5255 ^ tree/_1884_/ZN (MOAI22D0BWP30P140)
   0.0559    0.5814 v tree/_1886_/ZN (OAI21D0BWP30P140)
   0.0560    0.6373 v tree/_2078_/ZN (MUX2ND0BWP30P140)
   0.0406    0.6780 v tree/_2280_/ZN (XNR2UD0BWP30P140)
   0.0405    0.7185 v tree/_2298_/Z (XOR2UD0BWP30P140)
   0.0196    0.7380 ^ tree/_2304_/ZN (NR2D0BWP30P140)
   0.0319    0.7699 v tree/_2305_/ZN (OAI211D0BWP30P140)
   0.1268    0.8967 ^ tree/_2310_/ZN (AOI211D0BWP30P140)
   0.0503    0.9469 v tree/_2331_/ZN (MUX4ND0BWP30P140)
   0.0500    0.9969 ^ tree/_2332_/ZN (MUX3ND0BWP30P140)
   0.0400    1.0369 v tree/_2343_/ZN (OAI211D0BWP30P140)
   0.0423    1.0792 v tree/_3028_/Z (XOR2UD0BWP30P140)
   0.0676    1.1468 v tree/_3045_/ZN (XNR3UD0BWP30P140)
   0.0584    1.2052 v tree/_3055_/ZN (XNR3UD0BWP30P140)
   0.0355    1.2407 ^ tree/_3060_/ZN (MAOI222D0BWP30P140)
   0.0235    1.2642 v tree/_3062_/ZN (AOI21D0BWP30P140)
   0.0274    1.2916 ^ tree/_3064_/ZN (OAI21D0BWP30P140)
   0.0259    1.3175 v tree/_3066_/ZN (MAOI222D0BWP30P140)
   0.0345    1.3520 ^ tree/_3067_/ZN (MAOI222D0BWP30P140)
   0.0293    1.3813 v tree/_3068_/ZN (MAOI222D0BWP30P140)
   0.0296    1.4110 ^ tree/_3070_/ZN (OAI21D0BWP30P140)
   0.0218    1.4328 v tree/_3072_/ZN (AOI21D0BWP30P140)
   0.0266    1.4593 ^ tree/_3075_/ZN (OAI21D0BWP30P140)
   0.0296    1.4889 v tree/_3077_/ZN (MAOI222D0BWP30P140)
   0.0407    1.5296 ^ tree/_3079_/ZN (MAOI222D0BWP30P140)
   0.0317    1.5613 v tree/_3081_/ZN (MAOI222D0BWP30P140)
   0.0407    1.6020 ^ tree/_3083_/ZN (MAOI222D0BWP30P140)
   0.0305    1.6325 v tree/_3085_/ZN (MAOI222D0BWP30P140)
   0.0313    1.6638 ^ tree/_3087_/ZN (OAI21D0BWP30P140)
   0.0262    1.6900 v tree/_3089_/ZN (MAOI222D0BWP30P140)
   0.0379    1.7279 ^ tree/_3090_/ZN (MAOI222D0BWP30P140)
   0.0241    1.7520 v tree/_3092_/ZN (AOI21D0BWP30P140)
   0.0363    1.7883 ^ tree/_3094_/ZN (MAOI222D0BWP30P140)
   0.0309    1.8192 v tree/_3096_/ZN (MAOI222D0BWP30P140)
   0.0312    1.8504 ^ tree/_3098_/ZN (OAI21D0BWP30P140)
   0.0292    1.8796 v tree/_3100_/ZN (MAOI222D0BWP30P140)
   0.0300    1.9096 ^ tree/_3102_/ZN (OAI21D0BWP30P140)
   0.0228    1.9324 v tree/_3104_/ZN (AOI21D0BWP30P140)
   0.0358    1.9682 ^ tree/_3106_/ZN (MAOI222D0BWP30P140)
   0.0332    2.0014 v tree/_3108_/ZN (MAOI222D0BWP30P140)
   0.0292    2.0306 ^ tree/_3111_/ZN (OAI211D0BWP30P140)
   0.0277    2.0583 v tree/_3113_/ZN (AOI31D0BWP30P140)
   0.0278    2.0861 ^ tree/_3115_/ZN (OAI21D0BWP30P140)
   0.0217    2.1078 v tree/_3117_/ZN (AOI21D0BWP30P140)
   0.0265    2.1343 ^ tree/_3119_/ZN (OAI21D0BWP30P140)
   0.0287    2.1630 v tree/_3121_/ZN (MAOI222D0BWP30P140)
   0.0325    2.1955 ^ tree/_3123_/ZN (OAI21D0BWP30P140)
   0.0192    2.2147 v tree/_3127_/ZN (AOI211D0BWP30P140)
   0.0302    2.2449 ^ tree/_3129_/ZN (OAI31D0BWP30P140)
   0.0258    2.2707 v tree/_3131_/ZN (AOI21D0BWP30P140)
   0.0256    2.2964 ^ tree/_3135_/ZN (OAI211D0BWP30P140)
   0.0197    2.3161 v tree/_3138_/ZN (AOI211D0BWP30P140)
   0.0673    2.3833 ^ tree/_3140_/ZN (NR2D0BWP30P140)
   0.0638    2.4472 v tree/_3141_/ZN (CKND0BWP30P140)
   0.0230    2.4702 ^ tree/_3186_/ZN (CKND2D0BWP30P140)
   0.0368    2.5070 ^ tree/_3341_/Z (XOR2UD0BWP30P140)
   0.0194    2.5265 v tree/_3375_/ZN (OAI21D0BWP30P140)
   0.0215    2.5479 v tree/_3376_/ZN (IOA21D0BWP30P140)
   0.0214    2.5694 v tree/_3377_/ZN (IOA21D0BWP30P140)
   0.0214    2.5908 v tree/_3378_/ZN (IOA21D0BWP30P140)
   0.0214    2.6122 v tree/_3379_/ZN (IOA21D0BWP30P140)
   0.0214    2.6336 v tree/_3380_/ZN (IOA21D0BWP30P140)
   0.0216    2.6551 v tree/_3381_/ZN (IOA21D0BWP30P140)
   0.0169    2.6720 ^ tree/_3382_/ZN (AOI21D0BWP30P140)
   0.0146    2.6866 v tree/_3383_/ZN (OAI21D0BWP30P140)
   0.0168    2.7035 ^ tree/_3384_/ZN (AOI21D0BWP30P140)
   0.0209    2.7243 ^ tree/_3385_/ZN (IAO21D0BWP30P140)
   0.0131    2.7374 v tree/_3386_/ZN (OAI21D0BWP30P140)
   0.0210    2.7584 v tree/_3387_/ZN (IOA21D0BWP30P140)
   0.0159    2.7743 ^ tree/_3388_/ZN (AOI21D0BWP30P140)
   0.0141    2.7884 v tree/_3389_/ZN (OAI21D0BWP30P140)
   0.0168    2.8052 ^ tree/_3390_/ZN (AOI21D0BWP30P140)
   0.0208    2.8260 ^ tree/_3391_/ZN (IAO21D0BWP30P140)
   0.3414    3.1674 v tree/_3393_/ZN (MOAI22D0BWP30P140)
   0.1298    3.2972 v tree/_3445_/ZN (MUX4ND0BWP30P140)
   0.0356    3.3328 ^ tree/_3510_/ZN (CKND2D0BWP30P140)
   0.0210    3.3537 v tree/_3511_/ZN (OAI21D0BWP30P140)
   0.0224    3.3761 ^ tree/_3514_/ZN (OAI22D0BWP30P140)
   0.0302    3.4063 ^ tree/_3515_/Z (AO211D0BWP30P140)
   0.0198    3.4261 ^ tree/_3544_/ZN (IND4D0BWP30P140)
   0.0275    3.4536 v tree/_3563_/ZN (OAI211D0BWP30P140)
   0.0284    3.4820 ^ tree/_3564_/ZN (NR3D0BWP30P140)
   0.0345    3.5165 v tree/_3565_/ZN (ND3D0BWP30P140)
   0.0572    3.5737 ^ tree/_3567_/Z (XOR2UD0BWP30P140)
   0.0249    3.5986 v sa/_598_/ZN (CKND2D0BWP30P140)
   0.0267    3.6253 v sa/_601_/ZN (IAO21D0BWP30P140)
   0.0253    3.6506 v sa/_627_/ZN (XNR2UD0BWP30P140)
   0.0333    3.6839 v sa/_636_/Z (XOR2UD0BWP30P140)
   0.0694    3.7533 ^ sa/_658_/ZN (XNR4D0BWP30P140)
   0.0651    3.8184 ^ sa/_691_/ZN (XNR4D0BWP30P140)
   0.0259    3.8442 v sa/_717_/ZN (MAOI222D0BWP30P140)
   0.0338    3.8780 ^ sa/_718_/ZN (MAOI222D0BWP30P140)
   0.0266    3.9046 v sa/_719_/ZN (MAOI222D0BWP30P140)
   0.0341    3.9387 ^ sa/_720_/ZN (MAOI222D0BWP30P140)
   0.0267    3.9654 v sa/_721_/ZN (MAOI222D0BWP30P140)
   0.0396    4.0050 ^ sa/_722_/ZN (MAOI222D0BWP30P140)
   0.0186    4.0236 v sa/_725_/ZN (AOI21D0BWP30P140)
   0.0157    4.0393 ^ sa/_740_/ZN (OAI21D0BWP30P140)
   0.0315    4.0708 ^ sa/_741_/Z (OA21D0BWP30P140)
   0.0128    4.0835 v conv/_187_/ZN (NR2D0BWP30P140)
   0.0174    4.1009 v conv/_188_/ZN (INR3D0BWP30P140)
   0.1329    4.2338 ^ conv/_189_/ZN (OAI31D0BWP30P140)
   0.0487    4.2825 v conv/_190_/ZN (CKND0BWP30P140)
   0.0411    4.3237 ^ conv/_212_/ZN (OAI32D0BWP30P140)
   0.0198    4.3434 ^ conv/_255_/ZN (IND4D0BWP30P140)
   0.0258    4.3692 ^ conv/_259_/Z (AO21D0BWP30P140)
   0.0320    4.4012 v conv/_263_/ZN (ND4D0BWP30P140)
   0.0394    4.4406 ^ conv/_270_/ZN (INR4D0BWP30P140)
   0.0360    4.4766 v conv/_275_/ZN (IND3D0BWP30P140)
   0.0498    4.5265 ^ conv/_277_/ZN (INR4D0BWP30P140)
   0.0236    4.5501 v conv/_284_/ZN (AOI21D0BWP30P140)
   0.0930    4.6432 ^ conv/_307_/ZN (OAI31D0BWP30P140)
   0.0369    4.6801 v conv/_323_/ZN (NR3D0BWP30P140)
   0.0335    4.7136 v accAdder/_0528_/Z (OR2D0BWP30P140)
   0.0287    4.7423 ^ accAdder/_0531_/ZN (CKND2D0BWP30P140)
   0.0235    4.7658 v accAdder/_0532_/ZN (CKND2D0BWP30P140)
   0.0235    4.7893 ^ accAdder/_0534_/ZN (NR2D0BWP30P140)
   0.0166    4.8059 v accAdder/_0540_/ZN (CKND2D0BWP30P140)
   0.0205    4.8263 ^ accAdder/_0549_/ZN (NR3D0BWP30P140)
   0.0533    4.8796 ^ accAdder/_0561_/ZN (INR4D0BWP30P140)
   0.0946    4.9742 v accAdder/_0588_/Z (CKMUX2D0BWP30P140)
   0.1083    5.0825 ^ accAdder/_0616_/ZN (OAI31D0BWP30P140)
   0.0321    5.1145 v accAdder/_0618_/ZN (NR3D0BWP30P140)
   0.0487    5.1632 ^ accAdder/_0697_/ZN (AOI222D0BWP30P140)
   0.0161    5.1793 v accAdder/_0768_/ZN (AOI211D0BWP30P140)
   0.0485    5.2278 ^ accAdder/_0772_/ZN (AOI211D0BWP30P140)
   0.0239    5.2517 v accAdder/_0774_/ZN (ND3D0BWP30P140)
   0.0228    5.2745 ^ accAdder/_0776_/ZN (OAI21D0BWP30P140)
   0.0237    5.2983 v accAdder/_0778_/ZN (MAOI222D0BWP30P140)
   0.0231    5.3214 ^ accAdder/_0779_/ZN (OAI21D0BWP30P140)
   0.0235    5.3449 ^ accAdder/_0780_/Z (AO21D0BWP30P140)
   0.0230    5.3679 v accAdder/_0781_/ZN (MAOI222D0BWP30P140)
   0.0336    5.4015 ^ accAdder/_0783_/ZN (MAOI222D0BWP30P140)
   0.0263    5.4278 ^ accAdder/_0785_/Z (AO21D0BWP30P140)
   0.0132    5.4410 v accAdder/_0795_/ZN (AOI211D0BWP30P140)
   0.0343    5.4753 ^ accAdder/_0796_/ZN (AOI21D0BWP30P140)
   0.0211    5.4964 ^ accAdder/_0799_/Z (XOR2UD0BWP30P140)
   0.0189    5.5153 v accAdder/_0869_/ZN (AOI211D0BWP30P140)
   0.1133    5.6286 ^ accAdder/_0870_/ZN (NR2D0BWP30P140)
   0.0524    5.6810 v accAdder/_0893_/ZN (MUX3ND0BWP30P140)
   0.0383    5.7192 ^ accAdder/_0903_/ZN (NR3D0BWP30P140)
   0.0411    5.7604 v accAdder/_0907_/ZN (ND4D0BWP30P140)
   0.0482    5.8086 ^ accAdder/_0917_/ZN (INR4D0BWP30P140)
   0.0337    5.8423 ^ accAdder/_0919_/ZN (INR3D0BWP30P140)
   0.0242    5.8665 ^ accAdder/_0920_/ZN (INR2D0BWP30P140)
   0.0341    5.9006 v accAdder/_0921_/ZN (MAOI222D0BWP30P140)
   0.0498    5.9504 v accAdder/_0927_/Z (OR4D0BWP30P140)
   0.0333    5.9837 v accAdder/_0937_/Z (AO211D0BWP30P140)
   0.0247    6.0084 ^ accAdder/_0941_/ZN (OAI31D0BWP30P140)
   0.1007    6.1091 v accAdder/_0944_/ZN (OAI211D0BWP30P140)
   0.0461    6.1553 ^ accAdder/_0957_/ZN (INR3D0BWP30P140)
   0.0279    6.1832 ^ _39_/Z (AO22D0BWP30P140)
   0.0000    6.1832 ^ _57_/D (DFCNQD1BWP30P140)
             6.1832   data arrival time

   2.0000    2.0000   clock CORE_CLK (rise edge)
   0.0000    2.0000   clock network delay (ideal)
  -0.0500    1.9500   clock uncertainty
   0.0000    1.9500   clock reconvergence pessimism
             1.9500 ^ _57_/CP (DFCNQD1BWP30P140)
  -0.0171    1.9329   library setup time
             1.9329   data required time
-------------------------------------------------------------
             1.9329   data required time
            -6.1832   data arrival time
-------------------------------------------------------------
            -4.2502   slack (VIOLATED)


