
6. Printing statistics.

=== BFP_PE ===

        +----------Local Count, excluding submodules.
        |        +-Local Area, excluding submodules.
        |        | 
       88        - wires
      602        - wire bits
       68        - public wires
      582        - public wire bits
       10        - ports
      245        - port bits
       39   57.582 cells
       18   13.608   AO22D0BWP30P140
       19   43.092   DFCNQD1BWP30P140
        1    0.504   INR2D0BWP30P140
        1    0.378   NR2D0BWP30P140
       20        - submodules
       16        -   CustomOperator_INT8_to_E2M1
        1        -   FPNAdder
        1        -   FixedFPTree_exp5_mant9_out9_vec16_range1
        1        -   ScaleAddition_INT8_to_E2M1_scale_UE4M4
        1        -   ScaleToFP9b_INT8_x_E2M1_UE4M4

   Chip area for module '\BFP_PE': 57.582000
     of which used for sequential elements: 43.092000 (74.84%)

=== FPNAdder ===

        +----------Local Count, excluding submodules.
        |        +-Local Area, excluding submodules.
        |        | 
      448        - wires
      529        - wire bits
        6        - public wires
       87        - public wire bits
        3        - ports
       54        - port bits
      460  285.516 cells
       21   10.584   AN2D0BWP30P140
        6     3.78   AN3D0BWP30P140
        8     5.04   AO21D0BWP30P140
        3    2.268   AO22D0BWP30P140
       12     7.56   AOI211D0BWP30P140
       19    9.576   AOI21D0BWP30P140
        5     3.78   AOI221D0BWP30P140
        1    1.008   AOI222D0BWP30P140
        6     3.78   AOI22D0BWP30P140
        5     3.15   AOI31D0BWP30P140
        1    0.756   AOI32D0BWP30P140
        1    0.882   AOI33D0BWP30P140
        8    7.056   CKMUX2D0BWP30P140
       27    6.804   CKND0BWP30P140
       28   10.584   CKND2D0BWP30P140
        5     3.15   IAO21D0BWP30P140
       16    8.064   IND2D0BWP30P140
        1     0.63   IND3D0BWP30P140
        2    1.512   IND4D0BWP30P140
       16    8.064   INR2D0BWP30P140
        2     1.26   INR3D0BWP30P140
        4    3.024   INR4D0BWP30P140
        1     0.63   IOA21D0BWP30P140
        6    4.536   MAOI222D0BWP30P140
        3    2.268   MAOI22D0BWP30P140
        3    2.268   MOAI22D0BWP30P140
       35    26.46   MUX2ND0BWP30P140
        3    5.292   MUX3D0BWP30P140
        1    1.638   MUX3ND0BWP30P140
        1    2.394   MUX4D0BWP30P140
        5    11.34   MUX4ND0BWP30P140
       11    5.544   ND3D0BWP30P140
        9     5.67   ND4D0BWP30P140
       43   16.254   NR2D0BWP30P140
       19    9.576   NR3D0BWP30P140
        7     4.41   NR4D0BWP30P140
        3    2.268   OA211D0BWP30P140
       11     6.93   OA21D0BWP30P140
        1    0.882   OA22D0BWP30P140
       12     7.56   OAI211D0BWP30P140
       12    6.048   OAI21D0BWP30P140
        3    2.646   OAI221D0BWP30P140
        7     4.41   OAI22D0BWP30P140
        6     3.78   OAI31D0BWP30P140
        1    0.756   OAI32D0BWP30P140
        1    0.882   OAI33D0BWP30P140
        9    4.536   OR2D0BWP30P140
        2     1.26   OR3D0BWP30P140
        2    1.512   OR4D0BWP30P140
       30    26.46   XNR2UD0BWP30P140
       15    13.23   XOR2UD0BWP30P140
        1    1.764   XOR3UD0BWP30P140

   Chip area for module '\FPNAdder': 285.516000
     of which used for sequential elements: 0.000000 (0.00%)

=== ScaleToFP9b_INT8_x_E2M1_UE4M4 ===

        +----------Local Count, excluding submodules.
        |        +-Local Area, excluding submodules.
        |        | 
      153        - wires
      194        - wire bits
        4        - public wires
       45        - public wire bits
        4        - ports
       45        - port bits
      167  115.794 cells
        2    1.008   AN2D0BWP30P140
        1     0.63   AN3D0BWP30P140
        4     2.52   AO21D0BWP30P140
        2     1.26   AOI211D0BWP30P140
       12    6.048   AOI21D0BWP30P140
        1    0.756   AOI221D0BWP30P140
        2    1.764   CKMUX2D0BWP30P140
        8    2.016   CKND0BWP30P140
       11    4.158   CKND2D0BWP30P140
        6     3.78   IAO21D0BWP30P140
        5     2.52   IND2D0BWP30P140
        1     0.63   IND3D0BWP30P140
        7    3.528   INR2D0BWP30P140
        2     1.26   INR3D0BWP30P140
        1    0.756   INR4D0BWP30P140
        2     1.26   IOA21D0BWP30P140
        2    1.512   MAOI222D0BWP30P140
       14   10.584   MUX2ND0BWP30P140
        2    3.276   MUX3ND0BWP30P140
       10    22.68   MUX4ND0BWP30P140
        3    1.512   ND3D0BWP30P140
        2     1.26   ND4D0BWP30P140
       15     5.67   NR2D0BWP30P140
       10     5.04   NR3D0BWP30P140
        6     3.78   NR4D0BWP30P140
        4     2.52   OA21D0BWP30P140
        1    0.882   OA22D0BWP30P140
        1     0.63   OAI211D0BWP30P140
        7    3.528   OAI21D0BWP30P140
        1    0.882   OAI221D0BWP30P140
        1     0.63   OAI22D0BWP30P140
        2     1.26   OAI31D0BWP30P140
        1    0.504   OR2D0BWP30P140
        1    0.756   OR4D0BWP30P140
       14   12.348   XNR2UD0BWP30P140
        3    2.646   XOR2UD0BWP30P140

   Chip area for module '\ScaleToFP9b_INT8_x_E2M1_UE4M4': 115.794000
     of which used for sequential elements: 0.000000 (0.00%)

=== ScaleAddition_INT8_to_E2M1_scale_UE4M4 ===

        +----------Local Count, excluding submodules.
        |        +-Local Area, excluding submodules.
        |        | 
      509        - wires
      559        - wire bits
        8        - public wires
       58        - public wire bits
        8        - ports
       58        - port bits
      526  357.966 cells
       17    8.568   AN2D0BWP30P140
        4     2.52   AN3D0BWP30P140
        4    3.024   AN4D0BWP30P140
        1    0.756   AO211D0BWP30P140
        8     5.04   AO21D0BWP30P140
        3    2.268   AO22D0BWP30P140
       15     7.56   AOI21D0BWP30P140
        8     5.04   AOI22D0BWP30P140
        9     5.67   AOI31D0BWP30P140
        1    0.756   AOI32D0BWP30P140
       18    4.536   CKND0BWP30P140
      106   40.068   CKND2D0BWP30P140
        3     1.89   IAO21D0BWP30P140
        1    0.882   IAO22D0BWP30P140
       11    5.544   IND2D0BWP30P140
       21   10.584   INR2D0BWP30P140
        3     1.89   INR3D0BWP30P140
        3     1.89   IOA21D0BWP30P140
       45    34.02   MAOI222D0BWP30P140
        1    0.756   MOAI22D0BWP30P140
       11    5.544   ND3D0BWP30P140
        3     1.89   ND4D0BWP30P140
       39   14.742   NR2D0BWP30P140
        5     2.52   NR3D0BWP30P140
        2     1.26   OA21D0BWP30P140
        9    4.536   OAI21D0BWP30P140
        2     1.26   OAI22D0BWP30P140
        2     1.26   OAI31D0BWP30P140
        1    0.756   OAI32D0BWP30P140
        5     2.52   OR2D0BWP30P140
        2     1.26   OR3D0BWP30P140
        1    0.756   OR4D0BWP30P140
       78   68.796   XNR2UD0BWP30P140
       25     44.1   XNR3UD0BWP30P140
        2    5.292   XNR4D0BWP30P140
       49   43.218   XOR2UD0BWP30P140
        7   12.348   XOR3UD0BWP30P140
        1    2.646   XOR4D0BWP30P140

   Chip area for module '\ScaleAddition_INT8_to_E2M1_scale_UE4M4': 357.966000
     of which used for sequential elements: 0.000000 (0.00%)

=== FixedFPTree_exp5_mant9_out9_vec16_range1 ===

        +----------Local Count, excluding submodules.
        |        +-Local Area, excluding submodules.
        |        | 
     2769        - wires
     3229        - wire bits
       67        - public wires
      527        - public wire bits
       51        - ports
      255        - port bits
     2717 1.83E+03 cells
       55    27.72   AN2D0BWP30P140
       26    16.38   AN3D0BWP30P140
        5     3.78   AN4D0BWP30P140
        9    6.804   AO211D0BWP30P140
       45    28.35   AO21D0BWP30P140
        8    6.048   AO22D0BWP30P140
       37    23.31   AOI211D0BWP30P140
      161   81.144   AOI21D0BWP30P140
       13    9.828   AOI221D0BWP30P140
        6    6.048   AOI222D0BWP30P140
       19    11.97   AOI22D0BWP30P140
       34    21.42   AOI31D0BWP30P140
        8    6.048   AOI32D0BWP30P140
        6    5.292   AOI33D0BWP30P140
       61   53.802   CKMUX2D0BWP30P140
      182   45.864   CKND0BWP30P140
      188   71.064   CKND2D0BWP30P140
       36    22.68   IAO21D0BWP30P140
       56   28.224   IND2D0BWP30P140
        8     5.04   IND3D0BWP30P140
        3    2.268   IND4D0BWP30P140
       48   24.192   INR2D0BWP30P140
        3     1.89   INR3D0BWP30P140
        3    2.268   INR4D0BWP30P140
       29    18.27   IOA21D0BWP30P140
        1    0.882   IOA22D0BWP30P140
      159  120.204   MAOI222D0BWP30P140
       24   18.144   MAOI22D0BWP30P140
       11    8.316   MOAI22D0BWP30P140
      130    98.28   MUX2ND0BWP30P140
        1    1.764   MUX3D0BWP30P140
        3    4.914   MUX3ND0BWP30P140
        5    11.97   MUX4D0BWP30P140
        3    6.804   MUX4ND0BWP30P140
       55    27.72   ND3D0BWP30P140
       16    10.08   ND4D0BWP30P140
      214   80.892   NR2D0BWP30P140
       60    30.24   NR3D0BWP30P140
       12     7.56   NR4D0BWP30P140
       28   21.168   OA211D0BWP30P140
       25    15.75   OA21D0BWP30P140
        5     4.41   OA22D0BWP30P140
       62    39.06   OAI211D0BWP30P140
      100     50.4   OAI21D0BWP30P140
       15    13.23   OAI221D0BWP30P140
        3    3.024   OAI222D0BWP30P140
       34    21.42   OAI22D0BWP30P140
       23    14.49   OAI31D0BWP30P140
        7    5.292   OAI32D0BWP30P140
       11    9.702   OAI33D0BWP30P140
       51   25.704   OR2D0BWP30P140
        6     3.78   OR3D0BWP30P140
      272  239.904   XNR2UD0BWP30P140
       72  127.008   XNR3UD0BWP30P140
        3    7.938   XNR4D0BWP30P140
      208  183.456   XOR2UD0BWP30P140
       49   86.436   XOR3UD0BWP30P140

   Chip area for module '\FixedFPTree_exp5_mant9_out9_vec16_range1': 1829.646000
     of which used for sequential elements: 0.000000 (0.00%)

=== CustomOperator_INT8_to_E2M1 ===

        +----------Local Count, excluding submodules.
        |        +-Local Area, excluding submodules.
        |        | 
       47        - wires
       71        - wire bits
        6        - public wires
       30        - public wire bits
        5        - ports
       27        - port bits
       54   32.634 cells
        4    2.016   AN2D0BWP30P140
        1     0.63   AOI22D0BWP30P140
        4    1.008   CKND0BWP30P140
        4    1.512   CKND2D0BWP30P140
        1    0.504   IND2D0BWP30P140
        3    1.512   INR2D0BWP30P140
        2     1.26   IOA21D0BWP30P140
        2    1.512   MAOI222D0BWP30P140
        1    0.756   MOAI22D0BWP30P140
        1     0.63   ND4D0BWP30P140
        6    2.268   NR2D0BWP30P140
        3    1.512   OAI21D0BWP30P140
        2     1.26   OAI22D0BWP30P140
        3     1.89   OAI31D0BWP30P140
        1    0.504   OR2D0BWP30P140
        1     0.63   OR3D0BWP30P140
        8    7.056   XNR2UD0BWP30P140
        7    6.174   XOR2UD0BWP30P140

   Chip area for module '\CustomOperator_INT8_to_E2M1': 32.634000
     of which used for sequential elements: 0.000000 (0.00%)

=== design hierarchy ===

        +----------Count including submodules.
        |        +-Area including submodules.
        |        | 
     4773 3.17E+03 BFP_PE
       54   32.634 CustomOperator_INT8_to_E2M1
      460  285.516 FPNAdder
     2717 1.83E+03 FixedFPTree_exp5_mant9_out9_vec16_range1
      526  357.966 ScaleAddition_INT8_to_E2M1_scale_UE4M4
      167  115.794 ScaleToFP9b_INT8_x_E2M1_UE4M4

        +----------Count including submodules.
        |        +-Area including submodules.
        |        | 
     4719        - wires
     6249        - wire bits
      249        - public wires
     1779        - public wire bits
      156        - ports
     1089        - port bits
        -        - memories
        -        - memory bits
        -        - processes
     4773 3.17E+03 cells
      159   80.136   AN2D0BWP30P140
       37    23.31   AN3D0BWP30P140
        9    6.804   AN4D0BWP30P140
       10     7.56   AO211D0BWP30P140
       65    40.95   AO21D0BWP30P140
       32   24.192   AO22D0BWP30P140
       51    32.13   AOI211D0BWP30P140
      207  104.328   AOI21D0BWP30P140
       19   14.364   AOI221D0BWP30P140
        7    7.056   AOI222D0BWP30P140
       49    30.87   AOI22D0BWP30P140
       48    30.24   AOI31D0BWP30P140
       10     7.56   AOI32D0BWP30P140
        7    6.174   AOI33D0BWP30P140
       71   62.622   CKMUX2D0BWP30P140
      299   75.348   CKND0BWP30P140
      397  150.066   CKND2D0BWP30P140
       19   43.092   DFCNQD1BWP30P140
       50     31.5   IAO21D0BWP30P140
        1    0.882   IAO22D0BWP30P140
      104   52.416   IND2D0BWP30P140
       10      6.3   IND3D0BWP30P140
        5     3.78   IND4D0BWP30P140
      141   71.064   INR2D0BWP30P140
       10      6.3   INR3D0BWP30P140
        8    6.048   INR4D0BWP30P140
       67    42.21   IOA21D0BWP30P140
        1    0.882   IOA22D0BWP30P140
      244  184.464   MAOI222D0BWP30P140
       27   20.412   MAOI22D0BWP30P140
       31   23.436   MOAI22D0BWP30P140
      179  135.324   MUX2ND0BWP30P140
        4    7.056   MUX3D0BWP30P140
        6    9.828   MUX3ND0BWP30P140
        6   14.364   MUX4D0BWP30P140
       18   40.824   MUX4ND0BWP30P140
       80    40.32   ND3D0BWP30P140
       46    28.98   ND4D0BWP30P140
      408  154.224   NR2D0BWP30P140
       94   47.376   NR3D0BWP30P140
       25    15.75   NR4D0BWP30P140
       31   23.436   OA211D0BWP30P140
       42    26.46   OA21D0BWP30P140
        7    6.174   OA22D0BWP30P140
       75    47.25   OAI211D0BWP30P140
      176   88.704   OAI21D0BWP30P140
       19   16.758   OAI221D0BWP30P140
        3    3.024   OAI222D0BWP30P140
       76    47.88   OAI22D0BWP30P140
       81    51.03   OAI31D0BWP30P140
        9    6.804   OAI32D0BWP30P140
       12   10.584   OAI33D0BWP30P140
       82   41.328   OR2D0BWP30P140
       26    16.38   OR3D0BWP30P140
        4    3.024   OR4D0BWP30P140
      522  460.404   XNR2UD0BWP30P140
       97  171.108   XNR3UD0BWP30P140
        5    13.23   XNR4D0BWP30P140
      387  341.334   XOR2UD0BWP30P140
       57  100.548   XOR3UD0BWP30P140
        1    2.646   XOR4D0BWP30P140
       20 3.11E+03 submodules
       16  522.144   CustomOperator_INT8_to_E2M1
        1  285.516   FPNAdder
        1 1.83E+03   FixedFPTree_exp5_mant9_out9_vec16_range1
        1  357.966   ScaleAddition_INT8_to_E2M1_scale_UE4M4
        1  115.794   ScaleToFP9b_INT8_x_E2M1_UE4M4

   Chip area for top module '\BFP_PE': 3168.648000
     of which used for sequential elements: 43.092000 (1.36%)

